<M5_REPO>/.venv/lib/python3.12/site-packages/mlx_lm/server.py:1723: UserWarning: mlx_lm.server is not recommended for production as it only implements basic security checks.
  warnings.warn(
2026-10-03 03:59:19,379 - INFO - Starting httpd at 127.0.0.1 on port 18185...
127.0.0.1 - - [03/Oct/2026 03:59:19] "GET /v1/models HTTP/1.1" 200 -
127.0.0.1 - - [03/Oct/2026 03:59:26] "POST /v1/chat/completions HTTP/1.1" 200 -
2026-10-03 03:59:26,449 - INFO - Prompt Cache: 0 sequences, 0.00 GB
2026-10-03 03:59:26,449 - INFO - - assistant: 0 sequences, 0.00 GB
2026-10-03 03:59:26,449 - INFO - - user: 0 sequences, 0.00 GB
2026-10-03 03:59:26,449 - INFO - - system: 0 sequences, 0.00 GB
2026-10-03 03:59:26,534 - INFO - Prompt processing progress: 0/200021
2026-10-03 03:59:27,852 - INFO - Prompt processing progress: 2048/200021
2026-10-03 03:59:29,021 - INFO - Prompt processing progress: 4096/200021
2026-10-03 03:59:30,209 - INFO - Prompt processing progress: 6144/200021
2026-10-03 03:59:31,419 - INFO - Prompt processing progress: 8192/200021
2026-10-03 03:59:32,649 - INFO - Prompt processing progress: 10240/200021
2026-10-03 03:59:33,900 - INFO - Prompt processing progress: 12288/200021
2026-10-03 03:59:35,173 - INFO - Prompt processing progress: 14336/200021
2026-10-03 03:59:36,462 - INFO - Prompt processing progress: 16384/200021
2026-10-03 03:59:37,774 - INFO - Prompt processing progress: 18432/200021
2026-10-03 03:59:39,103 - INFO - Prompt processing progress: 20480/200021
2026-10-03 03:59:40,453 - INFO - Prompt processing progress: 22528/200021
2026-10-03 03:59:41,826 - INFO - Prompt processing progress: 24576/200021
2026-10-03 03:59:43,223 - INFO - Prompt processing progress: 26624/200021
2026-10-03 03:59:44,649 - INFO - Prompt processing progress: 28672/200021
2026-10-03 03:59:46,090 - INFO - Prompt processing progress: 30720/200021
2026-10-03 03:59:47,556 - INFO - Prompt processing progress: 32768/200021
2026-10-03 03:59:49,038 - INFO - Prompt processing progress: 34816/200021
2026-10-03 03:59:50,541 - INFO - Prompt processing progress: 36864/200021
2026-10-03 03:59:52,068 - INFO - Prompt processing progress: 38912/200021
2026-10-03 03:59:53,607 - INFO - Prompt processing progress: 40960/200021
2026-10-03 03:59:55,175 - INFO - Prompt processing progress: 43008/200021
2026-10-03 03:59:56,757 - INFO - Prompt processing progress: 45056/200021
2026-10-03 03:59:58,365 - INFO - Prompt processing progress: 47104/200021
2026-10-03 03:59:59,983 - INFO - Prompt processing progress: 49152/200021
2026-10-03 04:00:01,638 - INFO - Prompt processing progress: 51200/200021
2026-10-03 04:00:03,313 - INFO - Prompt processing progress: 53248/200021
2026-10-03 04:00:04,994 - INFO - Prompt processing progress: 55296/200021
2026-10-03 04:00:06,701 - INFO - Prompt processing progress: 57344/200021
2026-10-03 04:00:08,424 - INFO - Prompt processing progress: 59392/200021
2026-10-03 04:00:10,166 - INFO - Prompt processing progress: 61440/200021
2026-10-03 04:00:11,942 - INFO - Prompt processing progress: 63488/200021
2026-10-03 04:00:13,721 - INFO - Prompt processing progress: 65536/200021
2026-10-03 04:00:15,525 - INFO - Prompt processing progress: 67584/200021
2026-10-03 04:00:17,344 - INFO - Prompt processing progress: 69632/200021
2026-10-03 04:00:19,199 - INFO - Prompt processing progress: 71680/200021
2026-10-03 04:00:21,064 - INFO - Prompt processing progress: 73728/200021
2026-10-03 04:00:22,947 - INFO - Prompt processing progress: 75776/200021
2026-10-03 04:00:24,855 - INFO - Prompt processing progress: 77824/200021
2026-10-03 04:00:26,791 - INFO - Prompt processing progress: 79872/200021
2026-10-03 04:00:28,764 - INFO - Prompt processing progress: 81920/200021
2026-10-03 04:00:30,747 - INFO - Prompt processing progress: 83968/200021
2026-10-03 04:00:32,742 - INFO - Prompt processing progress: 86016/200021
2026-10-03 04:00:34,786 - INFO - Prompt processing progress: 88064/200021
2026-10-03 04:00:36,820 - INFO - Prompt processing progress: 90112/200021
2026-10-03 04:00:38,899 - INFO - Prompt processing progress: 92160/200021
2026-10-03 04:00:40,998 - INFO - Prompt processing progress: 94208/200021
2026-10-03 04:00:43,132 - INFO - Prompt processing progress: 96256/200021
2026-10-03 04:00:45,282 - INFO - Prompt processing progress: 98304/200021
2026-10-03 04:00:47,455 - INFO - Prompt processing progress: 100352/200021
2026-10-03 04:00:49,624 - INFO - Prompt processing progress: 102400/200021
2026-10-03 04:00:51,835 - INFO - Prompt processing progress: 104448/200021
2026-10-03 04:00:54,060 - INFO - Prompt processing progress: 106496/200021
2026-10-03 04:00:56,320 - INFO - Prompt processing progress: 108544/200021
2026-10-03 04:00:58,600 - INFO - Prompt processing progress: 110592/200021
2026-10-03 04:01:00,864 - INFO - Prompt processing progress: 112640/200021
2026-10-03 04:01:03,189 - INFO - Prompt processing progress: 114688/200021
2026-10-03 04:01:05,511 - INFO - Prompt processing progress: 116736/200021
2026-10-03 04:01:07,849 - INFO - Prompt processing progress: 118784/200021
2026-10-03 04:01:10,233 - INFO - Prompt processing progress: 120832/200021
2026-10-03 04:01:12,611 - INFO - Prompt processing progress: 122880/200021
2026-10-03 04:01:15,005 - INFO - Prompt processing progress: 124928/200021
2026-10-03 04:01:17,430 - INFO - Prompt processing progress: 126976/200021
2026-10-03 04:01:19,886 - INFO - Prompt processing progress: 129024/200021
2026-10-03 04:01:22,342 - INFO - Prompt processing progress: 131072/200021
2026-10-03 04:01:24,809 - INFO - Prompt processing progress: 133120/200021
2026-10-03 04:01:27,293 - INFO - Prompt processing progress: 135168/200021
2026-10-03 04:01:29,823 - INFO - Prompt processing progress: 137216/200021
2026-10-03 04:01:32,392 - INFO - Prompt processing progress: 139264/200021
2026-10-03 04:01:34,953 - INFO - Prompt processing progress: 141312/200021
2026-10-03 04:01:37,545 - INFO - Prompt processing progress: 143360/200021
2026-10-03 04:01:40,151 - INFO - Prompt processing progress: 145408/200021
2026-10-03 04:01:42,762 - INFO - Prompt processing progress: 147456/200021
2026-10-03 04:01:45,427 - INFO - Prompt processing progress: 149504/200021
2026-10-03 04:01:48,122 - INFO - Prompt processing progress: 151552/200021
2026-10-03 04:01:50,842 - INFO - Prompt processing progress: 153600/200021
2026-10-03 04:01:53,549 - INFO - Prompt processing progress: 155648/200021
2026-10-03 04:01:56,279 - INFO - Prompt processing progress: 157696/200021
2026-10-03 04:01:59,049 - INFO - Prompt processing progress: 159744/200021
2026-10-03 04:02:01,843 - INFO - Prompt processing progress: 161792/200021
2026-10-03 04:02:04,691 - INFO - Prompt processing progress: 163840/200021
2026-10-03 04:02:07,496 - INFO - Prompt processing progress: 165888/200021
2026-10-03 04:02:10,328 - INFO - Prompt processing progress: 167936/200021
2026-10-03 04:02:13,212 - INFO - Prompt processing progress: 169984/200021
2026-10-03 04:02:16,108 - INFO - Prompt processing progress: 172032/200021
2026-10-03 04:02:19,010 - INFO - Prompt processing progress: 174080/200021
2026-10-03 04:02:21,916 - INFO - Prompt processing progress: 176128/200021
2026-10-03 04:02:24,878 - INFO - Prompt processing progress: 178176/200021
2026-10-03 04:02:27,842 - INFO - Prompt processing progress: 180224/200021
2026-10-03 04:02:30,829 - INFO - Prompt processing progress: 182272/200021
2026-10-03 04:02:33,836 - INFO - Prompt processing progress: 184320/200021
2026-10-03 04:02:36,872 - INFO - Prompt processing progress: 186368/200021
2026-10-03 04:02:39,950 - INFO - Prompt processing progress: 188416/200021
2026-10-03 04:02:43,027 - INFO - Prompt processing progress: 190464/200021
2026-10-03 04:02:46,111 - INFO - Prompt processing progress: 192512/200021
2026-10-03 04:02:49,244 - INFO - Prompt processing progress: 194560/200021
2026-10-03 04:02:52,379 - INFO - Prompt processing progress: 196608/200021
2026-10-03 04:02:55,561 - INFO - Prompt processing progress: 198656/200021
2026-10-03 04:02:57,977 - INFO - Prompt processing progress: 200020/200021
2026-10-03 04:02:58,079 - INFO - Prompt processing progress: 200021/200021
127.0.0.1 - - [03/Oct/2026 04:02:58] "POST /v1/chat/completions HTTP/1.1" 200 -
2026-10-03 04:02:58,929 - INFO - Prompt Cache: 1 sequences, 13.27 GB
2026-10-03 04:02:58,929 - INFO - - assistant: 1 sequences, 13.27 GB
2026-10-03 04:02:58,929 - INFO - - user: 0 sequences, 0.00 GB
2026-10-03 04:02:58,929 - INFO - - system: 0 sequences, 0.00 GB
2026-10-03 04:02:59,027 - INFO - Prompt processing progress: 0/3645
2026-10-03 04:03:02,356 - INFO - Prompt processing progress: 2048/3645
2026-10-03 04:03:05,085 - INFO - Prompt processing progress: 3644/3645
2026-10-03 04:03:05,196 - INFO - Prompt processing progress: 3645/3645
127.0.0.1 - - [03/Oct/2026 04:03:05] "POST /v1/chat/completions HTTP/1.1" 200 -
2026-10-03 04:03:05,995 - INFO - Prompt Cache: 1 sequences, 13.52 GB
2026-10-03 04:03:05,995 - INFO - - assistant: 1 sequences, 13.52 GB
2026-10-03 04:03:05,995 - INFO - - user: 0 sequences, 0.00 GB
2026-10-03 04:03:05,995 - INFO - - system: 0 sequences, 0.00 GB
2026-10-03 04:03:06,094 - INFO - Prompt processing progress: 0/3515
2026-10-03 04:03:09,478 - INFO - Prompt processing progress: 2048/3515
2026-10-03 04:03:11,990 - INFO - Prompt processing progress: 3514/3515
2026-10-03 04:03:12,084 - INFO - Prompt processing progress: 3515/3515
127.0.0.1 - - [03/Oct/2026 04:03:19] "POST /v1/chat/completions HTTP/1.1" 200 -
2026-10-03 04:03:19,985 - INFO - Prompt Cache: 1 sequences, 13.76 GB
2026-10-03 04:03:19,985 - INFO - - assistant: 1 sequences, 13.76 GB
2026-10-03 04:03:19,985 - INFO - - user: 0 sequences, 0.00 GB
2026-10-03 04:03:19,985 - INFO - - system: 0 sequences, 0.00 GB
2026-10-03 04:03:20,098 - INFO - Prompt processing progress: 0/25
2026-10-03 04:03:20,379 - INFO - Prompt processing progress: 24/25
2026-10-03 04:03:20,482 - INFO - Prompt processing progress: 25/25
