<M5_REPO>/.venv/lib/python3.12/site-packages/mlx_lm/server.py:1723: UserWarning: mlx_lm.server is not recommended for production as it only implements basic security checks.
  warnings.warn(
2026-10-02 15:50:07,482 - INFO - Starting httpd at 127.0.0.1 on port 18185...
127.0.0.1 - - [02/Oct/2026 15:50:07] "GET /v1/models HTTP/1.1" 200 -
127.0.0.1 - - [02/Oct/2026 15:50:14] "POST /v1/chat/completions HTTP/1.1" 200 -
2026-10-02 15:50:14,543 - INFO - Prompt Cache: 0 sequences, 0.00 GB
2026-10-02 15:50:14,543 - INFO - - assistant: 0 sequences, 0.00 GB
2026-10-02 15:50:14,543 - INFO - - user: 0 sequences, 0.00 GB
2026-10-02 15:50:14,543 - INFO - - system: 0 sequences, 0.00 GB
2026-10-02 15:50:14,634 - INFO - Prompt processing progress: 0/200020
2026-10-02 15:50:15,980 - INFO - Prompt processing progress: 2048/200020
2026-10-02 15:50:17,150 - INFO - Prompt processing progress: 4096/200020
2026-10-02 15:50:18,340 - INFO - Prompt processing progress: 6144/200020
2026-10-02 15:50:19,550 - INFO - Prompt processing progress: 8192/200020
2026-10-02 15:50:20,778 - INFO - Prompt processing progress: 10240/200020
2026-10-02 15:50:22,029 - INFO - Prompt processing progress: 12288/200020
2026-10-02 15:50:23,302 - INFO - Prompt processing progress: 14336/200020
2026-10-02 15:50:24,594 - INFO - Prompt processing progress: 16384/200020
2026-10-02 15:50:25,908 - INFO - Prompt processing progress: 18432/200020
2026-10-02 15:50:27,239 - INFO - Prompt processing progress: 20480/200020
2026-10-02 15:50:28,592 - INFO - Prompt processing progress: 22528/200020
2026-10-02 15:50:29,963 - INFO - Prompt processing progress: 24576/200020
2026-10-02 15:50:31,363 - INFO - Prompt processing progress: 26624/200020
2026-10-02 15:50:32,786 - INFO - Prompt processing progress: 28672/200020
2026-10-02 15:50:34,222 - INFO - Prompt processing progress: 30720/200020
2026-10-02 15:50:35,685 - INFO - Prompt processing progress: 32768/200020
2026-10-02 15:50:37,160 - INFO - Prompt processing progress: 34816/200020
2026-10-02 15:50:38,669 - INFO - Prompt processing progress: 36864/200020
2026-10-02 15:50:40,196 - INFO - Prompt processing progress: 38912/200020
2026-10-02 15:50:41,736 - INFO - Prompt processing progress: 40960/200020
2026-10-02 15:50:43,291 - INFO - Prompt processing progress: 43008/200020
2026-10-02 15:50:44,871 - INFO - Prompt processing progress: 45056/200020
2026-10-02 15:50:46,468 - INFO - Prompt processing progress: 47104/200020
2026-10-02 15:50:48,091 - INFO - Prompt processing progress: 49152/200020
2026-10-02 15:50:49,733 - INFO - Prompt processing progress: 51200/200020
2026-10-02 15:50:51,392 - INFO - Prompt processing progress: 53248/200020
2026-10-02 15:50:53,075 - INFO - Prompt processing progress: 55296/200020
2026-10-02 15:50:54,775 - INFO - Prompt processing progress: 57344/200020
2026-10-02 15:50:56,497 - INFO - Prompt processing progress: 59392/200020
2026-10-02 15:50:58,238 - INFO - Prompt processing progress: 61440/200020
2026-10-02 15:50:59,999 - INFO - Prompt processing progress: 63488/200020
2026-10-02 15:51:01,784 - INFO - Prompt processing progress: 65536/200020
2026-10-02 15:51:03,604 - INFO - Prompt processing progress: 67584/200020
2026-10-02 15:51:05,430 - INFO - Prompt processing progress: 69632/200020
2026-10-02 15:51:07,283 - INFO - Prompt processing progress: 71680/200020
2026-10-02 15:51:09,149 - INFO - Prompt processing progress: 73728/200020
2026-10-02 15:51:11,046 - INFO - Prompt processing progress: 75776/200020
2026-10-02 15:51:12,952 - INFO - Prompt processing progress: 77824/200020
2026-10-02 15:51:14,886 - INFO - Prompt processing progress: 79872/200020
2026-10-02 15:51:16,838 - INFO - Prompt processing progress: 81920/200020
2026-10-02 15:51:18,798 - INFO - Prompt processing progress: 83968/200020
2026-10-02 15:51:20,786 - INFO - Prompt processing progress: 86016/200020
2026-10-02 15:51:22,799 - INFO - Prompt processing progress: 88064/200020
2026-10-02 15:51:24,832 - INFO - Prompt processing progress: 90112/200020
2026-10-02 15:51:26,880 - INFO - Prompt processing progress: 92160/200020
2026-10-02 15:51:28,961 - INFO - Prompt processing progress: 94208/200020
2026-10-02 15:51:31,064 - INFO - Prompt processing progress: 96256/200020
2026-10-02 15:51:33,180 - INFO - Prompt processing progress: 98304/200020
2026-10-02 15:51:35,311 - INFO - Prompt processing progress: 100352/200020
2026-10-02 15:51:37,480 - INFO - Prompt processing progress: 102400/200020
2026-10-02 15:51:39,698 - INFO - Prompt processing progress: 104448/200020
2026-10-02 15:51:41,896 - INFO - Prompt processing progress: 106496/200020
2026-10-02 15:51:44,121 - INFO - Prompt processing progress: 108544/200020
2026-10-02 15:51:46,368 - INFO - Prompt processing progress: 110592/200020
2026-10-02 15:51:48,630 - INFO - Prompt processing progress: 112640/200020
2026-10-02 15:51:50,897 - INFO - Prompt processing progress: 114688/200020
2026-10-02 15:51:53,215 - INFO - Prompt processing progress: 116736/200020
2026-10-02 15:51:55,519 - INFO - Prompt processing progress: 118784/200020
2026-10-02 15:51:57,855 - INFO - Prompt processing progress: 120832/200020
2026-10-02 15:52:00,232 - INFO - Prompt processing progress: 122880/200020
2026-10-02 15:52:02,621 - INFO - Prompt processing progress: 124928/200020
2026-10-02 15:52:05,036 - INFO - Prompt processing progress: 126976/200020
2026-10-02 15:52:07,449 - INFO - Prompt processing progress: 129024/200020
2026-10-02 15:52:09,892 - INFO - Prompt processing progress: 131072/200020
2026-10-02 15:52:12,350 - INFO - Prompt processing progress: 133120/200020
2026-10-02 15:52:14,847 - INFO - Prompt processing progress: 135168/200020
2026-10-02 15:52:17,353 - INFO - Prompt processing progress: 137216/200020
2026-10-02 15:52:19,883 - INFO - Prompt processing progress: 139264/200020
2026-10-02 15:52:22,449 - INFO - Prompt processing progress: 141312/200020
2026-10-02 15:52:25,005 - INFO - Prompt processing progress: 143360/200020
2026-10-02 15:52:27,590 - INFO - Prompt processing progress: 145408/200020
2026-10-02 15:52:30,196 - INFO - Prompt processing progress: 147456/200020
2026-10-02 15:52:32,833 - INFO - Prompt processing progress: 149504/200020
2026-10-02 15:52:35,466 - INFO - Prompt processing progress: 151552/200020
2026-10-02 15:52:38,135 - INFO - Prompt processing progress: 153600/200020
2026-10-02 15:52:40,880 - INFO - Prompt processing progress: 155648/200020
2026-10-02 15:52:43,584 - INFO - Prompt processing progress: 157696/200020
2026-10-02 15:52:46,316 - INFO - Prompt processing progress: 159744/200020
2026-10-02 15:52:49,065 - INFO - Prompt processing progress: 161792/200020
2026-10-02 15:52:51,835 - INFO - Prompt processing progress: 163840/200020
2026-10-02 15:52:54,651 - INFO - Prompt processing progress: 165888/200020
2026-10-02 15:52:57,467 - INFO - Prompt processing progress: 167936/200020
2026-10-02 15:53:00,306 - INFO - Prompt processing progress: 169984/200020
2026-10-02 15:53:03,156 - INFO - Prompt processing progress: 172032/200020
2026-10-02 15:53:06,029 - INFO - Prompt processing progress: 174080/200020
2026-10-02 15:53:08,923 - INFO - Prompt processing progress: 176128/200020
2026-10-02 15:53:11,856 - INFO - Prompt processing progress: 178176/200020
2026-10-02 15:53:14,809 - INFO - Prompt processing progress: 180224/200020
2026-10-02 15:53:17,752 - INFO - Prompt processing progress: 182272/200020
2026-10-02 15:53:20,742 - INFO - Prompt processing progress: 184320/200020
2026-10-02 15:53:23,724 - INFO - Prompt processing progress: 186368/200020
2026-10-02 15:53:26,743 - INFO - Prompt processing progress: 188416/200020
2026-10-02 15:53:29,785 - INFO - Prompt processing progress: 190464/200020
2026-10-02 15:53:32,854 - INFO - Prompt processing progress: 192512/200020
2026-10-02 15:53:35,930 - INFO - Prompt processing progress: 194560/200020
2026-10-02 15:53:39,055 - INFO - Prompt processing progress: 196608/200020
2026-10-02 15:53:42,260 - INFO - Prompt processing progress: 198656/200020
2026-10-02 15:53:44,679 - INFO - Prompt processing progress: 200019/200020
2026-10-02 15:53:44,786 - INFO - Prompt processing progress: 200020/200020
127.0.0.1 - - [02/Oct/2026 15:53:45] "POST /v1/chat/completions HTTP/1.1" 200 -
2026-10-02 15:53:45,645 - INFO - Prompt Cache: 1 sequences, 13.27 GB
2026-10-02 15:53:45,645 - INFO - - assistant: 1 sequences, 13.27 GB
2026-10-02 15:53:45,645 - INFO - - user: 0 sequences, 0.00 GB
2026-10-02 15:53:45,645 - INFO - - system: 0 sequences, 0.00 GB
2026-10-02 15:53:45,749 - INFO - Prompt processing progress: 0/3645
2026-10-02 15:53:49,052 - INFO - Prompt processing progress: 2048/3645
2026-10-02 15:53:51,796 - INFO - Prompt processing progress: 3644/3645
2026-10-02 15:53:51,889 - INFO - Prompt processing progress: 3645/3645
127.0.0.1 - - [02/Oct/2026 15:53:52] "POST /v1/chat/completions HTTP/1.1" 200 -
2026-10-02 15:53:52,694 - INFO - Prompt Cache: 1 sequences, 13.52 GB
2026-10-02 15:53:52,694 - INFO - - assistant: 1 sequences, 13.52 GB
2026-10-02 15:53:52,694 - INFO - - user: 0 sequences, 0.00 GB
2026-10-02 15:53:52,694 - INFO - - system: 0 sequences, 0.00 GB
2026-10-02 15:53:52,796 - INFO - Prompt processing progress: 0/3515
2026-10-02 15:53:56,155 - INFO - Prompt processing progress: 2048/3515
2026-10-02 15:53:58,658 - INFO - Prompt processing progress: 3514/3515
2026-10-02 15:53:58,763 - INFO - Prompt processing progress: 3515/3515
127.0.0.1 - - [02/Oct/2026 15:54:06] "POST /v1/chat/completions HTTP/1.1" 200 -
2026-10-02 15:54:06,702 - INFO - Prompt Cache: 1 sequences, 13.76 GB
2026-10-02 15:54:06,702 - INFO - - assistant: 1 sequences, 13.76 GB
2026-10-02 15:54:06,702 - INFO - - user: 0 sequences, 0.00 GB
2026-10-02 15:54:06,702 - INFO - - system: 0 sequences, 0.00 GB
2026-10-02 15:54:06,818 - INFO - Prompt processing progress: 0/25
2026-10-02 15:54:07,106 - INFO - Prompt processing progress: 24/25
2026-10-02 15:54:07,217 - INFO - Prompt processing progress: 25/25
