<M5_REPO>/.venv/lib/python3.12/site-packages/mlx_lm/server.py:1723: UserWarning: mlx_lm.server is not recommended for production as it only implements basic security checks.
  warnings.warn(
2026-10-03 04:04:37,612 - INFO - Starting httpd at 127.0.0.1 on port 18185...
127.0.0.1 - - [03/Oct/2026 04:04:38] "GET /v1/models HTTP/1.1" 200 -
2026-10-03 04:10:36,936 - INFO - Prompt Cache: 0 sequences, 0.00 GB
2026-10-03 04:10:36,936 - INFO - - assistant: 0 sequences, 0.00 GB
2026-10-03 04:10:36,936 - INFO - - user: 0 sequences, 0.00 GB
2026-10-03 04:10:36,936 - INFO - - system: 0 sequences, 0.00 GB
127.0.0.1 - - [03/Oct/2026 04:10:36] "POST /v1/chat/completions HTTP/1.1" 200 -
2026-10-03 04:10:37,235 - INFO - Prompt processing progress: 20/8203
2026-10-03 04:10:38,413 - INFO - Prompt processing progress: 2068/8203
2026-10-03 04:10:39,608 - INFO - Prompt processing progress: 4116/8203
2026-10-03 04:10:40,830 - INFO - Prompt processing progress: 6164/8203
2026-10-03 04:10:42,094 - INFO - Prompt processing progress: 8199/8203
2026-10-03 04:10:42,147 - INFO - Prompt processing progress: 8202/8203
2026-10-03 04:10:42,194 - INFO - Prompt processing progress: 8203/8203
2026-10-03 04:10:50,879 - INFO - Prompt Cache: 0 sequences, 0.00 GB
2026-10-03 04:10:50,879 - INFO - - assistant: 0 sequences, 0.00 GB
2026-10-03 04:10:50,879 - INFO - - user: 0 sequences, 0.00 GB
2026-10-03 04:10:50,879 - INFO - - system: 0 sequences, 0.00 GB
127.0.0.1 - - [03/Oct/2026 04:10:50] "POST /v1/chat/completions HTTP/1.1" 200 -
2026-10-03 04:10:51,060 - INFO - Prompt processing progress: 20/8203
2026-10-03 04:10:52,239 - INFO - Prompt processing progress: 2068/8203
2026-10-03 04:10:53,437 - INFO - Prompt processing progress: 4116/8203
2026-10-03 04:10:54,658 - INFO - Prompt processing progress: 6164/8203
2026-10-03 04:10:55,924 - INFO - Prompt processing progress: 8199/8203
2026-10-03 04:10:55,973 - INFO - Prompt processing progress: 8202/8203
2026-10-03 04:10:56,016 - INFO - Prompt processing progress: 8203/8203
2026-10-03 04:11:04,707 - INFO - Prompt Cache: 0 sequences, 0.00 GB
2026-10-03 04:11:04,707 - INFO - - assistant: 0 sequences, 0.00 GB
2026-10-03 04:11:04,707 - INFO - - user: 0 sequences, 0.00 GB
2026-10-03 04:11:04,707 - INFO - - system: 0 sequences, 0.00 GB
127.0.0.1 - - [03/Oct/2026 04:11:04] "POST /v1/chat/completions HTTP/1.1" 200 -
2026-10-03 04:11:04,871 - INFO - Prompt processing progress: 20/8203
2026-10-03 04:11:06,054 - INFO - Prompt processing progress: 2068/8203
2026-10-03 04:11:07,250 - INFO - Prompt processing progress: 4116/8203
2026-10-03 04:11:08,473 - INFO - Prompt processing progress: 6164/8203
2026-10-03 04:11:09,739 - INFO - Prompt processing progress: 8199/8203
2026-10-03 04:11:09,789 - INFO - Prompt processing progress: 8202/8203
2026-10-03 04:11:09,831 - INFO - Prompt processing progress: 8203/8203
2026-10-03 04:11:18,520 - INFO - Prompt Cache: 0 sequences, 0.00 GB
2026-10-03 04:11:18,520 - INFO - - assistant: 0 sequences, 0.00 GB
2026-10-03 04:11:18,520 - INFO - - user: 0 sequences, 0.00 GB
2026-10-03 04:11:18,520 - INFO - - system: 0 sequences, 0.00 GB
127.0.0.1 - - [03/Oct/2026 04:11:18] "POST /v1/chat/completions HTTP/1.1" 200 -
2026-10-03 04:11:18,703 - INFO - Prompt processing progress: 20/8203
2026-10-03 04:11:19,883 - INFO - Prompt processing progress: 2068/8203
2026-10-03 04:11:21,084 - INFO - Prompt processing progress: 4116/8203
2026-10-03 04:11:22,305 - INFO - Prompt processing progress: 6164/8203
2026-10-03 04:11:23,573 - INFO - Prompt processing progress: 8199/8203
2026-10-03 04:11:23,623 - INFO - Prompt processing progress: 8202/8203
2026-10-03 04:11:23,665 - INFO - Prompt processing progress: 8203/8203
2026-10-03 04:11:32,375 - INFO - Prompt Cache: 0 sequences, 0.00 GB
2026-10-03 04:11:32,375 - INFO - - assistant: 0 sequences, 0.00 GB
2026-10-03 04:11:32,375 - INFO - - user: 0 sequences, 0.00 GB
2026-10-03 04:11:32,375 - INFO - - system: 0 sequences, 0.00 GB
127.0.0.1 - - [03/Oct/2026 04:11:32] "POST /v1/chat/completions HTTP/1.1" 200 -
2026-10-03 04:11:32,544 - INFO - Prompt processing progress: 20/8203
2026-10-03 04:11:33,724 - INFO - Prompt processing progress: 2068/8203
2026-10-03 04:11:34,924 - INFO - Prompt processing progress: 4116/8203
2026-10-03 04:11:36,147 - INFO - Prompt processing progress: 6164/8203
2026-10-03 04:11:37,413 - INFO - Prompt processing progress: 8199/8203
2026-10-03 04:11:37,466 - INFO - Prompt processing progress: 8202/8203
2026-10-03 04:11:37,509 - INFO - Prompt processing progress: 8203/8203
2026-10-03 04:11:46,212 - INFO - Prompt Cache: 0 sequences, 0.00 GB
2026-10-03 04:11:46,212 - INFO - - assistant: 0 sequences, 0.00 GB
2026-10-03 04:11:46,212 - INFO - - user: 0 sequences, 0.00 GB
2026-10-03 04:11:46,212 - INFO - - system: 0 sequences, 0.00 GB
127.0.0.1 - - [03/Oct/2026 04:11:46] "POST /v1/chat/completions HTTP/1.1" 200 -
2026-10-03 04:11:46,390 - INFO - Prompt processing progress: 20/8203
2026-10-03 04:11:47,573 - INFO - Prompt processing progress: 2068/8203
2026-10-03 04:11:48,775 - INFO - Prompt processing progress: 4116/8203
2026-10-03 04:11:49,996 - INFO - Prompt processing progress: 6164/8203
2026-10-03 04:11:51,264 - INFO - Prompt processing progress: 8199/8203
2026-10-03 04:11:51,313 - INFO - Prompt processing progress: 8202/8203
2026-10-03 04:11:51,356 - INFO - Prompt processing progress: 8203/8203
2026-10-03 04:12:00,083 - INFO - Prompt Cache: 0 sequences, 0.00 GB
2026-10-03 04:12:00,083 - INFO - - assistant: 0 sequences, 0.00 GB
2026-10-03 04:12:00,083 - INFO - - user: 0 sequences, 0.00 GB
2026-10-03 04:12:00,083 - INFO - - system: 0 sequences, 0.00 GB
127.0.0.1 - - [03/Oct/2026 04:12:00] "POST /v1/chat/completions HTTP/1.1" 200 -
2026-10-03 04:12:00,250 - INFO - Prompt processing progress: 20/8203
2026-10-03 04:12:01,430 - INFO - Prompt processing progress: 2068/8203
2026-10-03 04:12:02,632 - INFO - Prompt processing progress: 4116/8203
2026-10-03 04:12:03,857 - INFO - Prompt processing progress: 6164/8203
2026-10-03 04:12:05,121 - INFO - Prompt processing progress: 8199/8203
2026-10-03 04:12:05,171 - INFO - Prompt processing progress: 8202/8203
2026-10-03 04:12:05,213 - INFO - Prompt processing progress: 8203/8203
2026-10-03 04:12:13,936 - INFO - Prompt Cache: 0 sequences, 0.00 GB
2026-10-03 04:12:13,936 - INFO - - assistant: 0 sequences, 0.00 GB
2026-10-03 04:12:13,936 - INFO - - user: 0 sequences, 0.00 GB
2026-10-03 04:12:13,936 - INFO - - system: 0 sequences, 0.00 GB
127.0.0.1 - - [03/Oct/2026 04:12:13] "POST /v1/chat/completions HTTP/1.1" 200 -
2026-10-03 04:12:14,119 - INFO - Prompt processing progress: 20/8203
2026-10-03 04:12:15,301 - INFO - Prompt processing progress: 2068/8203
2026-10-03 04:12:16,501 - INFO - Prompt processing progress: 4116/8203
2026-10-03 04:12:17,725 - INFO - Prompt processing progress: 6164/8203
2026-10-03 04:12:18,991 - INFO - Prompt processing progress: 8199/8203
2026-10-03 04:12:19,043 - INFO - Prompt processing progress: 8202/8203
2026-10-03 04:12:19,086 - INFO - Prompt processing progress: 8203/8203
2026-10-03 04:12:27,815 - INFO - Prompt Cache: 0 sequences, 0.00 GB
2026-10-03 04:12:27,815 - INFO - - assistant: 0 sequences, 0.00 GB
2026-10-03 04:12:27,815 - INFO - - user: 0 sequences, 0.00 GB
2026-10-03 04:12:27,815 - INFO - - system: 0 sequences, 0.00 GB
127.0.0.1 - - [03/Oct/2026 04:12:27] "POST /v1/chat/completions HTTP/1.1" 200 -
2026-10-03 04:12:27,981 - INFO - Prompt processing progress: 20/8203
2026-10-03 04:12:29,163 - INFO - Prompt processing progress: 2068/8203
2026-10-03 04:12:30,364 - INFO - Prompt processing progress: 4116/8203
2026-10-03 04:12:31,589 - INFO - Prompt processing progress: 6164/8203
2026-10-03 04:12:32,856 - INFO - Prompt processing progress: 8199/8203
2026-10-03 04:12:32,908 - INFO - Prompt processing progress: 8202/8203
2026-10-03 04:12:32,950 - INFO - Prompt processing progress: 8203/8203
2026-10-03 04:12:41,644 - INFO - Prompt Cache: 0 sequences, 0.00 GB
2026-10-03 04:12:41,644 - INFO - - assistant: 0 sequences, 0.00 GB
2026-10-03 04:12:41,644 - INFO - - user: 0 sequences, 0.00 GB
2026-10-03 04:12:41,644 - INFO - - system: 0 sequences, 0.00 GB
127.0.0.1 - - [03/Oct/2026 04:12:41] "POST /v1/chat/completions HTTP/1.1" 200 -
2026-10-03 04:12:41,826 - INFO - Prompt processing progress: 20/8203
2026-10-03 04:12:43,007 - INFO - Prompt processing progress: 2068/8203
2026-10-03 04:12:44,206 - INFO - Prompt processing progress: 4116/8203
2026-10-03 04:12:45,429 - INFO - Prompt processing progress: 6164/8203
2026-10-03 04:12:46,700 - INFO - Prompt processing progress: 8199/8203
2026-10-03 04:12:46,750 - INFO - Prompt processing progress: 8202/8203
2026-10-03 04:12:46,792 - INFO - Prompt processing progress: 8203/8203
2026-10-03 04:12:55,501 - INFO - Prompt Cache: 0 sequences, 0.00 GB
2026-10-03 04:12:55,501 - INFO - - assistant: 0 sequences, 0.00 GB
2026-10-03 04:12:55,501 - INFO - - user: 0 sequences, 0.00 GB
2026-10-03 04:12:55,501 - INFO - - system: 0 sequences, 0.00 GB
127.0.0.1 - - [03/Oct/2026 04:12:55] "POST /v1/chat/completions HTTP/1.1" 200 -
2026-10-03 04:12:55,671 - INFO - Prompt processing progress: 20/8204
2026-10-03 04:12:56,852 - INFO - Prompt processing progress: 2068/8204
2026-10-03 04:12:58,053 - INFO - Prompt processing progress: 4116/8204
2026-10-03 04:12:59,276 - INFO - Prompt processing progress: 6164/8204
2026-10-03 04:13:00,543 - INFO - Prompt processing progress: 8200/8204
2026-10-03 04:13:00,591 - INFO - Prompt processing progress: 8203/8204
2026-10-03 04:13:00,634 - INFO - Prompt processing progress: 8204/8204
2026-10-03 04:13:09,336 - INFO - Prompt Cache: 0 sequences, 0.00 GB
2026-10-03 04:13:09,336 - INFO - - assistant: 0 sequences, 0.00 GB
2026-10-03 04:13:09,336 - INFO - - user: 0 sequences, 0.00 GB
2026-10-03 04:13:09,336 - INFO - - system: 0 sequences, 0.00 GB
127.0.0.1 - - [03/Oct/2026 04:13:09] "POST /v1/chat/completions HTTP/1.1" 200 -
2026-10-03 04:13:09,518 - INFO - Prompt processing progress: 20/8204
2026-10-03 04:13:10,699 - INFO - Prompt processing progress: 2068/8204
2026-10-03 04:13:11,901 - INFO - Prompt processing progress: 4116/8204
2026-10-03 04:13:13,124 - INFO - Prompt processing progress: 6164/8204
2026-10-03 04:13:14,391 - INFO - Prompt processing progress: 8200/8204
2026-10-03 04:13:14,447 - INFO - Prompt processing progress: 8203/8204
2026-10-03 04:13:14,492 - INFO - Prompt processing progress: 8204/8204
2026-10-03 04:13:23,210 - INFO - Prompt Cache: 0 sequences, 0.00 GB
2026-10-03 04:13:23,210 - INFO - - assistant: 0 sequences, 0.00 GB
2026-10-03 04:13:23,210 - INFO - - user: 0 sequences, 0.00 GB
2026-10-03 04:13:23,210 - INFO - - system: 0 sequences, 0.00 GB
127.0.0.1 - - [03/Oct/2026 04:13:23] "POST /v1/chat/completions HTTP/1.1" 200 -
2026-10-03 04:13:23,377 - INFO - Prompt processing progress: 20/8204
2026-10-03 04:13:24,558 - INFO - Prompt processing progress: 2068/8204
2026-10-03 04:13:25,759 - INFO - Prompt processing progress: 4116/8204
2026-10-03 04:13:26,982 - INFO - Prompt processing progress: 6164/8204
2026-10-03 04:13:28,251 - INFO - Prompt processing progress: 8200/8204
2026-10-03 04:13:28,302 - INFO - Prompt processing progress: 8203/8204
2026-10-03 04:13:28,344 - INFO - Prompt processing progress: 8204/8204
2026-10-03 04:13:37,047 - INFO - Prompt Cache: 0 sequences, 0.00 GB
2026-10-03 04:13:37,047 - INFO - - assistant: 0 sequences, 0.00 GB
2026-10-03 04:13:37,047 - INFO - - user: 0 sequences, 0.00 GB
2026-10-03 04:13:37,047 - INFO - - system: 0 sequences, 0.00 GB
127.0.0.1 - - [03/Oct/2026 04:13:37] "POST /v1/chat/completions HTTP/1.1" 200 -
2026-10-03 04:13:37,230 - INFO - Prompt processing progress: 20/8204
2026-10-03 04:13:38,412 - INFO - Prompt processing progress: 2068/8204
2026-10-03 04:13:39,612 - INFO - Prompt processing progress: 4116/8204
2026-10-03 04:13:40,834 - INFO - Prompt processing progress: 6164/8204
2026-10-03 04:13:42,102 - INFO - Prompt processing progress: 8200/8204
2026-10-03 04:13:42,152 - INFO - Prompt processing progress: 8203/8204
2026-10-03 04:13:42,195 - INFO - Prompt processing progress: 8204/8204
2026-10-03 04:13:50,912 - INFO - Prompt Cache: 0 sequences, 0.00 GB
2026-10-03 04:13:50,912 - INFO - - assistant: 0 sequences, 0.00 GB
2026-10-03 04:13:50,912 - INFO - - user: 0 sequences, 0.00 GB
2026-10-03 04:13:50,912 - INFO - - system: 0 sequences, 0.00 GB
127.0.0.1 - - [03/Oct/2026 04:13:50] "POST /v1/chat/completions HTTP/1.1" 200 -
2026-10-03 04:13:51,079 - INFO - Prompt processing progress: 20/8204
2026-10-03 04:13:52,260 - INFO - Prompt processing progress: 2068/8204
2026-10-03 04:13:53,460 - INFO - Prompt processing progress: 4116/8204
2026-10-03 04:13:54,682 - INFO - Prompt processing progress: 6164/8204
2026-10-03 04:13:55,948 - INFO - Prompt processing progress: 8200/8204
2026-10-03 04:13:55,999 - INFO - Prompt processing progress: 8203/8204
2026-10-03 04:13:56,041 - INFO - Prompt processing progress: 8204/8204
2026-10-03 04:14:04,748 - INFO - Prompt Cache: 0 sequences, 0.00 GB
2026-10-03 04:14:04,748 - INFO - - assistant: 0 sequences, 0.00 GB
2026-10-03 04:14:04,748 - INFO - - user: 0 sequences, 0.00 GB
2026-10-03 04:14:04,748 - INFO - - system: 0 sequences, 0.00 GB
127.0.0.1 - - [03/Oct/2026 04:14:04] "POST /v1/chat/completions HTTP/1.1" 200 -
2026-10-03 04:14:04,931 - INFO - Prompt processing progress: 20/8204
2026-10-03 04:14:06,114 - INFO - Prompt processing progress: 2068/8204
2026-10-03 04:14:07,311 - INFO - Prompt processing progress: 4116/8204
2026-10-03 04:14:08,533 - INFO - Prompt processing progress: 6164/8204
2026-10-03 04:14:09,800 - INFO - Prompt processing progress: 8200/8204
2026-10-03 04:14:09,850 - INFO - Prompt processing progress: 8203/8204
2026-10-03 04:14:09,893 - INFO - Prompt processing progress: 8204/8204
2026-10-03 04:14:18,612 - INFO - Prompt Cache: 0 sequences, 0.00 GB
2026-10-03 04:14:18,612 - INFO - - assistant: 0 sequences, 0.00 GB
2026-10-03 04:14:18,612 - INFO - - user: 0 sequences, 0.00 GB
2026-10-03 04:14:18,612 - INFO - - system: 0 sequences, 0.00 GB
127.0.0.1 - - [03/Oct/2026 04:14:18] "POST /v1/chat/completions HTTP/1.1" 200 -
2026-10-03 04:14:18,784 - INFO - Prompt processing progress: 20/8204
2026-10-03 04:14:19,966 - INFO - Prompt processing progress: 2068/8204
2026-10-03 04:14:21,164 - INFO - Prompt processing progress: 4116/8204
2026-10-03 04:14:22,387 - INFO - Prompt processing progress: 6164/8204
2026-10-03 04:14:23,653 - INFO - Prompt processing progress: 8200/8204
2026-10-03 04:14:23,714 - INFO - Prompt processing progress: 8203/8204
2026-10-03 04:14:23,757 - INFO - Prompt processing progress: 8204/8204
2026-10-03 04:14:32,454 - INFO - Prompt Cache: 0 sequences, 0.00 GB
2026-10-03 04:14:32,454 - INFO - - assistant: 0 sequences, 0.00 GB
2026-10-03 04:14:32,454 - INFO - - user: 0 sequences, 0.00 GB
2026-10-03 04:14:32,454 - INFO - - system: 0 sequences, 0.00 GB
127.0.0.1 - - [03/Oct/2026 04:14:32] "POST /v1/chat/completions HTTP/1.1" 200 -
2026-10-03 04:14:32,638 - INFO - Prompt processing progress: 20/8204
2026-10-03 04:14:33,818 - INFO - Prompt processing progress: 2068/8204
2026-10-03 04:14:35,019 - INFO - Prompt processing progress: 4116/8204
2026-10-03 04:14:36,242 - INFO - Prompt processing progress: 6164/8204
2026-10-03 04:14:37,509 - INFO - Prompt processing progress: 8200/8204
2026-10-03 04:14:37,559 - INFO - Prompt processing progress: 8203/8204
2026-10-03 04:14:37,602 - INFO - Prompt processing progress: 8204/8204
2026-10-03 04:14:46,310 - INFO - Prompt Cache: 0 sequences, 0.00 GB
2026-10-03 04:14:46,310 - INFO - - assistant: 0 sequences, 0.00 GB
2026-10-03 04:14:46,310 - INFO - - user: 0 sequences, 0.00 GB
2026-10-03 04:14:46,310 - INFO - - system: 0 sequences, 0.00 GB
127.0.0.1 - - [03/Oct/2026 04:14:46] "POST /v1/chat/completions HTTP/1.1" 200 -
2026-10-03 04:14:46,477 - INFO - Prompt processing progress: 20/8204
2026-10-03 04:14:47,658 - INFO - Prompt processing progress: 2068/8204
2026-10-03 04:14:48,858 - INFO - Prompt processing progress: 4116/8204
2026-10-03 04:14:50,082 - INFO - Prompt processing progress: 6164/8204
2026-10-03 04:14:51,352 - INFO - Prompt processing progress: 8200/8204
2026-10-03 04:14:51,402 - INFO - Prompt processing progress: 8203/8204
2026-10-03 04:14:51,444 - INFO - Prompt processing progress: 8204/8204
2026-10-03 04:15:00,141 - INFO - Prompt Cache: 0 sequences, 0.00 GB
2026-10-03 04:15:00,141 - INFO - - assistant: 0 sequences, 0.00 GB
2026-10-03 04:15:00,141 - INFO - - user: 0 sequences, 0.00 GB
2026-10-03 04:15:00,141 - INFO - - system: 0 sequences, 0.00 GB
127.0.0.1 - - [03/Oct/2026 04:15:00] "POST /v1/chat/completions HTTP/1.1" 200 -
2026-10-03 04:15:00,323 - INFO - Prompt processing progress: 20/8204
2026-10-03 04:15:01,505 - INFO - Prompt processing progress: 2068/8204
2026-10-03 04:15:02,705 - INFO - Prompt processing progress: 4116/8204
2026-10-03 04:15:03,928 - INFO - Prompt processing progress: 6164/8204
2026-10-03 04:15:05,193 - INFO - Prompt processing progress: 8200/8204
2026-10-03 04:15:05,244 - INFO - Prompt processing progress: 8203/8204
2026-10-03 04:15:05,287 - INFO - Prompt processing progress: 8204/8204
2026-10-03 04:15:14,000 - INFO - Prompt Cache: 0 sequences, 0.00 GB
2026-10-03 04:15:14,000 - INFO - - assistant: 0 sequences, 0.00 GB
2026-10-03 04:15:14,000 - INFO - - user: 0 sequences, 0.00 GB
2026-10-03 04:15:14,000 - INFO - - system: 0 sequences, 0.00 GB
127.0.0.1 - - [03/Oct/2026 04:15:14] "POST /v1/chat/completions HTTP/1.1" 200 -
2026-10-03 04:15:14,166 - INFO - Prompt processing progress: 20/8204
2026-10-03 04:15:15,347 - INFO - Prompt processing progress: 2068/8204
2026-10-03 04:15:16,548 - INFO - Prompt processing progress: 4116/8204
2026-10-03 04:15:17,771 - INFO - Prompt processing progress: 6164/8204
2026-10-03 04:15:19,037 - INFO - Prompt processing progress: 8200/8204
2026-10-03 04:15:19,101 - INFO - Prompt processing progress: 8203/8204
2026-10-03 04:15:19,143 - INFO - Prompt processing progress: 8204/8204
2026-10-03 04:15:27,841 - INFO - Prompt Cache: 0 sequences, 0.00 GB
2026-10-03 04:15:27,841 - INFO - - assistant: 0 sequences, 0.00 GB
2026-10-03 04:15:27,841 - INFO - - user: 0 sequences, 0.00 GB
2026-10-03 04:15:27,841 - INFO - - system: 0 sequences, 0.00 GB
127.0.0.1 - - [03/Oct/2026 04:15:27] "POST /v1/chat/completions HTTP/1.1" 200 -
2026-10-03 04:15:28,023 - INFO - Prompt processing progress: 20/8204
2026-10-03 04:15:29,205 - INFO - Prompt processing progress: 2068/8204
2026-10-03 04:15:30,403 - INFO - Prompt processing progress: 4116/8204
2026-10-03 04:15:31,624 - INFO - Prompt processing progress: 6164/8204
2026-10-03 04:15:32,890 - INFO - Prompt processing progress: 8200/8204
2026-10-03 04:15:32,942 - INFO - Prompt processing progress: 8203/8204
2026-10-03 04:15:32,985 - INFO - Prompt processing progress: 8204/8204
2026-10-03 04:15:41,697 - INFO - Prompt Cache: 0 sequences, 0.00 GB
2026-10-03 04:15:41,697 - INFO - - assistant: 0 sequences, 0.00 GB
2026-10-03 04:15:41,697 - INFO - - user: 0 sequences, 0.00 GB
2026-10-03 04:15:41,697 - INFO - - system: 0 sequences, 0.00 GB
127.0.0.1 - - [03/Oct/2026 04:15:41] "POST /v1/chat/completions HTTP/1.1" 200 -
2026-10-03 04:15:41,863 - INFO - Prompt processing progress: 20/8204
2026-10-03 04:15:43,046 - INFO - Prompt processing progress: 2068/8204
2026-10-03 04:15:44,243 - INFO - Prompt processing progress: 4116/8204
2026-10-03 04:15:45,467 - INFO - Prompt processing progress: 6164/8204
2026-10-03 04:15:46,733 - INFO - Prompt processing progress: 8200/8204
2026-10-03 04:15:46,783 - INFO - Prompt processing progress: 8203/8204
2026-10-03 04:15:46,824 - INFO - Prompt processing progress: 8204/8204
2026-10-03 04:15:55,522 - INFO - Prompt Cache: 0 sequences, 0.00 GB
2026-10-03 04:15:55,522 - INFO - - assistant: 0 sequences, 0.00 GB
2026-10-03 04:15:55,522 - INFO - - user: 0 sequences, 0.00 GB
2026-10-03 04:15:55,522 - INFO - - system: 0 sequences, 0.00 GB
127.0.0.1 - - [03/Oct/2026 04:15:55] "POST /v1/chat/completions HTTP/1.1" 200 -
2026-10-03 04:15:55,704 - INFO - Prompt processing progress: 20/8204
2026-10-03 04:15:56,886 - INFO - Prompt processing progress: 2068/8204
2026-10-03 04:15:58,087 - INFO - Prompt processing progress: 4116/8204
2026-10-03 04:15:59,310 - INFO - Prompt processing progress: 6164/8204
2026-10-03 04:16:00,579 - INFO - Prompt processing progress: 8200/8204
2026-10-03 04:16:00,629 - INFO - Prompt processing progress: 8203/8204
2026-10-03 04:16:00,670 - INFO - Prompt processing progress: 8204/8204
2026-10-03 04:16:09,387 - INFO - Prompt Cache: 0 sequences, 0.00 GB
2026-10-03 04:16:09,387 - INFO - - assistant: 0 sequences, 0.00 GB
2026-10-03 04:16:09,387 - INFO - - user: 0 sequences, 0.00 GB
2026-10-03 04:16:09,387 - INFO - - system: 0 sequences, 0.00 GB
127.0.0.1 - - [03/Oct/2026 04:16:09] "POST /v1/chat/completions HTTP/1.1" 200 -
2026-10-03 04:16:09,554 - INFO - Prompt processing progress: 20/8204
2026-10-03 04:16:10,735 - INFO - Prompt processing progress: 2068/8204
2026-10-03 04:16:11,934 - INFO - Prompt processing progress: 4116/8204
2026-10-03 04:16:13,157 - INFO - Prompt processing progress: 6164/8204
2026-10-03 04:16:14,425 - INFO - Prompt processing progress: 8200/8204
2026-10-03 04:16:14,491 - INFO - Prompt processing progress: 8203/8204
2026-10-03 04:16:14,534 - INFO - Prompt processing progress: 8204/8204
2026-10-03 04:16:23,237 - INFO - Prompt Cache: 0 sequences, 0.00 GB
2026-10-03 04:16:23,237 - INFO - - assistant: 0 sequences, 0.00 GB
2026-10-03 04:16:23,237 - INFO - - user: 0 sequences, 0.00 GB
2026-10-03 04:16:23,237 - INFO - - system: 0 sequences, 0.00 GB
127.0.0.1 - - [03/Oct/2026 04:16:23] "POST /v1/chat/completions HTTP/1.1" 200 -
2026-10-03 04:16:23,419 - INFO - Prompt processing progress: 20/8204
2026-10-03 04:16:24,601 - INFO - Prompt processing progress: 2068/8204
2026-10-03 04:16:25,800 - INFO - Prompt processing progress: 4116/8204
2026-10-03 04:16:27,023 - INFO - Prompt processing progress: 6164/8204
2026-10-03 04:16:28,287 - INFO - Prompt processing progress: 8200/8204
2026-10-03 04:16:28,342 - INFO - Prompt processing progress: 8203/8204
2026-10-03 04:16:28,384 - INFO - Prompt processing progress: 8204/8204
2026-10-03 04:16:37,099 - INFO - Prompt Cache: 0 sequences, 0.00 GB
2026-10-03 04:16:37,100 - INFO - - assistant: 0 sequences, 0.00 GB
2026-10-03 04:16:37,100 - INFO - - user: 0 sequences, 0.00 GB
2026-10-03 04:16:37,100 - INFO - - system: 0 sequences, 0.00 GB
127.0.0.1 - - [03/Oct/2026 04:16:37] "POST /v1/chat/completions HTTP/1.1" 200 -
2026-10-03 04:16:37,267 - INFO - Prompt processing progress: 20/8204
2026-10-03 04:16:38,447 - INFO - Prompt processing progress: 2068/8204
2026-10-03 04:16:39,646 - INFO - Prompt processing progress: 4116/8204
2026-10-03 04:16:40,869 - INFO - Prompt processing progress: 6164/8204
2026-10-03 04:16:42,134 - INFO - Prompt processing progress: 8200/8204
2026-10-03 04:16:42,186 - INFO - Prompt processing progress: 8203/8204
2026-10-03 04:16:42,229 - INFO - Prompt processing progress: 8204/8204
2026-10-03 04:16:50,929 - INFO - Prompt Cache: 0 sequences, 0.00 GB
2026-10-03 04:16:50,929 - INFO - - assistant: 0 sequences, 0.00 GB
2026-10-03 04:16:50,929 - INFO - - user: 0 sequences, 0.00 GB
2026-10-03 04:16:50,929 - INFO - - system: 0 sequences, 0.00 GB
127.0.0.1 - - [03/Oct/2026 04:16:50] "POST /v1/chat/completions HTTP/1.1" 200 -
2026-10-03 04:16:51,109 - INFO - Prompt processing progress: 20/8204
2026-10-03 04:16:52,294 - INFO - Prompt processing progress: 2068/8204
2026-10-03 04:16:53,493 - INFO - Prompt processing progress: 4116/8204
2026-10-03 04:16:54,716 - INFO - Prompt processing progress: 6164/8204
2026-10-03 04:16:55,980 - INFO - Prompt processing progress: 8200/8204
2026-10-03 04:16:56,032 - INFO - Prompt processing progress: 8203/8204
2026-10-03 04:16:56,075 - INFO - Prompt processing progress: 8204/8204
2026-10-03 04:17:04,800 - INFO - Prompt Cache: 0 sequences, 0.00 GB
2026-10-03 04:17:04,800 - INFO - - assistant: 0 sequences, 0.00 GB
2026-10-03 04:17:04,800 - INFO - - user: 0 sequences, 0.00 GB
2026-10-03 04:17:04,800 - INFO - - system: 0 sequences, 0.00 GB
127.0.0.1 - - [03/Oct/2026 04:17:04] "POST /v1/chat/completions HTTP/1.1" 200 -
2026-10-03 04:17:04,965 - INFO - Prompt processing progress: 20/8204
2026-10-03 04:17:06,147 - INFO - Prompt processing progress: 2068/8204
2026-10-03 04:17:07,346 - INFO - Prompt processing progress: 4116/8204
2026-10-03 04:17:08,570 - INFO - Prompt processing progress: 6164/8204
2026-10-03 04:17:09,839 - INFO - Prompt processing progress: 8200/8204
2026-10-03 04:17:09,902 - INFO - Prompt processing progress: 8203/8204
2026-10-03 04:17:09,943 - INFO - Prompt processing progress: 8204/8204
2026-10-03 04:17:18,654 - INFO - Prompt Cache: 0 sequences, 0.00 GB
2026-10-03 04:17:18,654 - INFO - - assistant: 0 sequences, 0.00 GB
2026-10-03 04:17:18,654 - INFO - - user: 0 sequences, 0.00 GB
2026-10-03 04:17:18,654 - INFO - - system: 0 sequences, 0.00 GB
127.0.0.1 - - [03/Oct/2026 04:17:18] "POST /v1/chat/completions HTTP/1.1" 200 -
2026-10-03 04:17:18,841 - INFO - Prompt processing progress: 20/8204
2026-10-03 04:17:20,021 - INFO - Prompt processing progress: 2068/8204
2026-10-03 04:17:21,223 - INFO - Prompt processing progress: 4116/8204
2026-10-03 04:17:22,445 - INFO - Prompt processing progress: 6164/8204
2026-10-03 04:17:23,711 - INFO - Prompt processing progress: 8200/8204
2026-10-03 04:17:23,765 - INFO - Prompt processing progress: 8203/8204
2026-10-03 04:17:23,806 - INFO - Prompt processing progress: 8204/8204
2026-10-03 04:17:32,623 - INFO - Prompt Cache: 0 sequences, 0.00 GB
2026-10-03 04:17:32,623 - INFO - - assistant: 0 sequences, 0.00 GB
2026-10-03 04:17:32,623 - INFO - - user: 0 sequences, 0.00 GB
2026-10-03 04:17:32,623 - INFO - - system: 0 sequences, 0.00 GB
127.0.0.1 - - [03/Oct/2026 04:17:32] "POST /v1/chat/completions HTTP/1.1" 200 -
2026-10-03 04:17:32,797 - INFO - Prompt processing progress: 20/8204
2026-10-03 04:17:33,976 - INFO - Prompt processing progress: 2068/8204
2026-10-03 04:17:35,174 - INFO - Prompt processing progress: 4116/8204
2026-10-03 04:17:36,397 - INFO - Prompt processing progress: 6164/8204
2026-10-03 04:17:37,660 - INFO - Prompt processing progress: 8200/8204
2026-10-03 04:17:37,712 - INFO - Prompt processing progress: 8203/8204
2026-10-03 04:17:37,756 - INFO - Prompt processing progress: 8204/8204
2026-10-03 04:17:46,461 - INFO - Prompt Cache: 0 sequences, 0.00 GB
2026-10-03 04:17:46,461 - INFO - - assistant: 0 sequences, 0.00 GB
2026-10-03 04:17:46,461 - INFO - - user: 0 sequences, 0.00 GB
2026-10-03 04:17:46,461 - INFO - - system: 0 sequences, 0.00 GB
127.0.0.1 - - [03/Oct/2026 04:17:46] "POST /v1/chat/completions HTTP/1.1" 200 -
2026-10-03 04:17:46,642 - INFO - Prompt processing progress: 20/8204
2026-10-03 04:17:47,824 - INFO - Prompt processing progress: 2068/8204
2026-10-03 04:17:49,023 - INFO - Prompt processing progress: 4116/8204
2026-10-03 04:17:50,246 - INFO - Prompt processing progress: 6164/8204
2026-10-03 04:17:51,515 - INFO - Prompt processing progress: 8200/8204
2026-10-03 04:17:51,566 - INFO - Prompt processing progress: 8203/8204
2026-10-03 04:17:51,608 - INFO - Prompt processing progress: 8204/8204
2026-10-03 04:18:00,333 - INFO - Prompt Cache: 0 sequences, 0.00 GB
2026-10-03 04:18:00,333 - INFO - - assistant: 0 sequences, 0.00 GB
2026-10-03 04:18:00,333 - INFO - - user: 0 sequences, 0.00 GB
2026-10-03 04:18:00,333 - INFO - - system: 0 sequences, 0.00 GB
127.0.0.1 - - [03/Oct/2026 04:18:00] "POST /v1/chat/completions HTTP/1.1" 200 -
2026-10-03 04:18:00,500 - INFO - Prompt processing progress: 20/8204
2026-10-03 04:18:01,681 - INFO - Prompt processing progress: 2068/8204
2026-10-03 04:18:02,882 - INFO - Prompt processing progress: 4116/8204
2026-10-03 04:18:04,104 - INFO - Prompt processing progress: 6164/8204
2026-10-03 04:18:05,369 - INFO - Prompt processing progress: 8200/8204
2026-10-03 04:18:05,431 - INFO - Prompt processing progress: 8203/8204
2026-10-03 04:18:05,474 - INFO - Prompt processing progress: 8204/8204
2026-10-03 04:18:14,181 - INFO - Prompt Cache: 0 sequences, 0.00 GB
2026-10-03 04:18:14,181 - INFO - - assistant: 0 sequences, 0.00 GB
2026-10-03 04:18:14,181 - INFO - - user: 0 sequences, 0.00 GB
2026-10-03 04:18:14,181 - INFO - - system: 0 sequences, 0.00 GB
127.0.0.1 - - [03/Oct/2026 04:18:14] "POST /v1/chat/completions HTTP/1.1" 200 -
2026-10-03 04:18:14,362 - INFO - Prompt processing progress: 20/8204
2026-10-03 04:18:15,548 - INFO - Prompt processing progress: 2068/8204
2026-10-03 04:18:16,748 - INFO - Prompt processing progress: 4116/8204
2026-10-03 04:18:17,971 - INFO - Prompt processing progress: 6164/8204
2026-10-03 04:18:19,236 - INFO - Prompt processing progress: 8200/8204
2026-10-03 04:18:19,289 - INFO - Prompt processing progress: 8203/8204
2026-10-03 04:18:19,331 - INFO - Prompt processing progress: 8204/8204
2026-10-03 04:18:28,060 - INFO - Prompt Cache: 0 sequences, 0.00 GB
2026-10-03 04:18:28,060 - INFO - - assistant: 0 sequences, 0.00 GB
2026-10-03 04:18:28,060 - INFO - - user: 0 sequences, 0.00 GB
2026-10-03 04:18:28,060 - INFO - - system: 0 sequences, 0.00 GB
127.0.0.1 - - [03/Oct/2026 04:18:28] "POST /v1/chat/completions HTTP/1.1" 200 -
2026-10-03 04:18:28,227 - INFO - Prompt processing progress: 20/8204
2026-10-03 04:18:29,407 - INFO - Prompt processing progress: 2068/8204
2026-10-03 04:18:30,606 - INFO - Prompt processing progress: 4116/8204
2026-10-03 04:18:31,830 - INFO - Prompt processing progress: 6164/8204
2026-10-03 04:18:33,095 - INFO - Prompt processing progress: 8200/8204
2026-10-03 04:18:33,147 - INFO - Prompt processing progress: 8203/8204
2026-10-03 04:18:33,190 - INFO - Prompt processing progress: 8204/8204
2026-10-03 04:18:41,901 - INFO - Prompt Cache: 0 sequences, 0.00 GB
2026-10-03 04:18:41,901 - INFO - - assistant: 0 sequences, 0.00 GB
2026-10-03 04:18:41,901 - INFO - - user: 0 sequences, 0.00 GB
2026-10-03 04:18:41,901 - INFO - - system: 0 sequences, 0.00 GB
127.0.0.1 - - [03/Oct/2026 04:18:41] "POST /v1/chat/completions HTTP/1.1" 200 -
2026-10-03 04:18:42,080 - INFO - Prompt processing progress: 20/8204
2026-10-03 04:18:43,260 - INFO - Prompt processing progress: 2068/8204
2026-10-03 04:18:44,459 - INFO - Prompt processing progress: 4116/8204
2026-10-03 04:18:45,682 - INFO - Prompt processing progress: 6164/8204
2026-10-03 04:18:46,947 - INFO - Prompt processing progress: 8200/8204
2026-10-03 04:18:46,999 - INFO - Prompt processing progress: 8203/8204
2026-10-03 04:18:47,042 - INFO - Prompt processing progress: 8204/8204
2026-10-03 04:18:55,769 - INFO - Prompt Cache: 0 sequences, 0.00 GB
2026-10-03 04:18:55,769 - INFO - - assistant: 0 sequences, 0.00 GB
2026-10-03 04:18:55,769 - INFO - - user: 0 sequences, 0.00 GB
2026-10-03 04:18:55,769 - INFO - - system: 0 sequences, 0.00 GB
127.0.0.1 - - [03/Oct/2026 04:18:55] "POST /v1/chat/completions HTTP/1.1" 200 -
2026-10-03 04:18:55,936 - INFO - Prompt processing progress: 20/8204
2026-10-03 04:18:57,117 - INFO - Prompt processing progress: 2068/8204
2026-10-03 04:18:58,317 - INFO - Prompt processing progress: 4116/8204
2026-10-03 04:18:59,539 - INFO - Prompt processing progress: 6164/8204
2026-10-03 04:19:00,806 - INFO - Prompt processing progress: 8200/8204
2026-10-03 04:19:00,865 - INFO - Prompt processing progress: 8203/8204
2026-10-03 04:19:00,906 - INFO - Prompt processing progress: 8204/8204
2026-10-03 04:19:09,615 - INFO - Prompt Cache: 0 sequences, 0.00 GB
2026-10-03 04:19:09,615 - INFO - - assistant: 0 sequences, 0.00 GB
2026-10-03 04:19:09,615 - INFO - - user: 0 sequences, 0.00 GB
2026-10-03 04:19:09,615 - INFO - - system: 0 sequences, 0.00 GB
127.0.0.1 - - [03/Oct/2026 04:19:09] "POST /v1/chat/completions HTTP/1.1" 200 -
2026-10-03 04:19:09,796 - INFO - Prompt processing progress: 20/8204
2026-10-03 04:19:10,977 - INFO - Prompt processing progress: 2068/8204
2026-10-03 04:19:12,176 - INFO - Prompt processing progress: 4116/8204
2026-10-03 04:19:13,399 - INFO - Prompt processing progress: 6164/8204
2026-10-03 04:19:14,666 - INFO - Prompt processing progress: 8200/8204
2026-10-03 04:19:14,715 - INFO - Prompt processing progress: 8203/8204
2026-10-03 04:19:14,758 - INFO - Prompt processing progress: 8204/8204
2026-10-03 04:19:23,492 - INFO - Prompt Cache: 0 sequences, 0.00 GB
2026-10-03 04:19:23,492 - INFO - - assistant: 0 sequences, 0.00 GB
2026-10-03 04:19:23,492 - INFO - - user: 0 sequences, 0.00 GB
2026-10-03 04:19:23,492 - INFO - - system: 0 sequences, 0.00 GB
127.0.0.1 - - [03/Oct/2026 04:19:23] "POST /v1/chat/completions HTTP/1.1" 200 -
2026-10-03 04:19:23,659 - INFO - Prompt processing progress: 20/8204
2026-10-03 04:19:24,839 - INFO - Prompt processing progress: 2068/8204
2026-10-03 04:19:26,039 - INFO - Prompt processing progress: 4116/8204
2026-10-03 04:19:27,261 - INFO - Prompt processing progress: 6164/8204
2026-10-03 04:19:28,528 - INFO - Prompt processing progress: 8200/8204
2026-10-03 04:19:28,579 - INFO - Prompt processing progress: 8203/8204
2026-10-03 04:19:28,623 - INFO - Prompt processing progress: 8204/8204
2026-10-03 04:19:37,333 - INFO - Prompt Cache: 0 sequences, 0.00 GB
2026-10-03 04:19:37,333 - INFO - - assistant: 0 sequences, 0.00 GB
2026-10-03 04:19:37,333 - INFO - - user: 0 sequences, 0.00 GB
2026-10-03 04:19:37,333 - INFO - - system: 0 sequences, 0.00 GB
127.0.0.1 - - [03/Oct/2026 04:19:37] "POST /v1/chat/completions HTTP/1.1" 200 -
2026-10-03 04:19:37,513 - INFO - Prompt processing progress: 20/8204
2026-10-03 04:19:38,695 - INFO - Prompt processing progress: 2068/8204
2026-10-03 04:19:39,895 - INFO - Prompt processing progress: 4116/8204
2026-10-03 04:19:41,119 - INFO - Prompt processing progress: 6164/8204
2026-10-03 04:19:42,388 - INFO - Prompt processing progress: 8200/8204
2026-10-03 04:19:42,438 - INFO - Prompt processing progress: 8203/8204
2026-10-03 04:19:42,480 - INFO - Prompt processing progress: 8204/8204
2026-10-03 04:19:51,224 - INFO - Prompt Cache: 0 sequences, 0.00 GB
2026-10-03 04:19:51,224 - INFO - - assistant: 0 sequences, 0.00 GB
2026-10-03 04:19:51,224 - INFO - - user: 0 sequences, 0.00 GB
2026-10-03 04:19:51,224 - INFO - - system: 0 sequences, 0.00 GB
127.0.0.1 - - [03/Oct/2026 04:19:51] "POST /v1/chat/completions HTTP/1.1" 200 -
2026-10-03 04:19:51,391 - INFO - Prompt processing progress: 20/8204
2026-10-03 04:19:52,570 - INFO - Prompt processing progress: 2068/8204
2026-10-03 04:19:53,772 - INFO - Prompt processing progress: 4116/8204
2026-10-03 04:19:54,994 - INFO - Prompt processing progress: 6164/8204
2026-10-03 04:19:56,260 - INFO - Prompt processing progress: 8200/8204
2026-10-03 04:19:56,312 - INFO - Prompt processing progress: 8203/8204
2026-10-03 04:19:56,355 - INFO - Prompt processing progress: 8204/8204
2026-10-03 04:20:05,069 - INFO - Prompt Cache: 0 sequences, 0.00 GB
2026-10-03 04:20:05,069 - INFO - - assistant: 0 sequences, 0.00 GB
2026-10-03 04:20:05,069 - INFO - - user: 0 sequences, 0.00 GB
2026-10-03 04:20:05,069 - INFO - - system: 0 sequences, 0.00 GB
127.0.0.1 - - [03/Oct/2026 04:20:05] "POST /v1/chat/completions HTTP/1.1" 200 -
2026-10-03 04:20:05,250 - INFO - Prompt processing progress: 20/8204
2026-10-03 04:20:06,431 - INFO - Prompt processing progress: 2068/8204
2026-10-03 04:20:07,629 - INFO - Prompt processing progress: 4116/8204
2026-10-03 04:20:08,853 - INFO - Prompt processing progress: 6164/8204
2026-10-03 04:20:10,119 - INFO - Prompt processing progress: 8200/8204
2026-10-03 04:20:10,170 - INFO - Prompt processing progress: 8203/8204
2026-10-03 04:20:10,213 - INFO - Prompt processing progress: 8204/8204
2026-10-03 04:20:18,944 - INFO - Prompt Cache: 0 sequences, 0.00 GB
2026-10-03 04:20:18,944 - INFO - - assistant: 0 sequences, 0.00 GB
2026-10-03 04:20:18,944 - INFO - - user: 0 sequences, 0.00 GB
2026-10-03 04:20:18,944 - INFO - - system: 0 sequences, 0.00 GB
127.0.0.1 - - [03/Oct/2026 04:20:18] "POST /v1/chat/completions HTTP/1.1" 200 -
2026-10-03 04:20:19,112 - INFO - Prompt processing progress: 20/8204
2026-10-03 04:20:20,296 - INFO - Prompt processing progress: 2068/8204
2026-10-03 04:20:21,495 - INFO - Prompt processing progress: 4116/8204
2026-10-03 04:20:22,717 - INFO - Prompt processing progress: 6164/8204
2026-10-03 04:20:23,983 - INFO - Prompt processing progress: 8200/8204
2026-10-03 04:20:24,034 - INFO - Prompt processing progress: 8203/8204
2026-10-03 04:20:24,076 - INFO - Prompt processing progress: 8204/8204
2026-10-03 04:20:32,789 - INFO - Prompt Cache: 0 sequences, 0.00 GB
2026-10-03 04:20:32,790 - INFO - - assistant: 0 sequences, 0.00 GB
2026-10-03 04:20:32,790 - INFO - - user: 0 sequences, 0.00 GB
2026-10-03 04:20:32,790 - INFO - - system: 0 sequences, 0.00 GB
127.0.0.1 - - [03/Oct/2026 04:20:32] "POST /v1/chat/completions HTTP/1.1" 200 -
2026-10-03 04:20:32,973 - INFO - Prompt processing progress: 20/8204
2026-10-03 04:20:34,152 - INFO - Prompt processing progress: 2068/8204
2026-10-03 04:20:35,351 - INFO - Prompt processing progress: 4116/8204
2026-10-03 04:20:36,573 - INFO - Prompt processing progress: 6164/8204
2026-10-03 04:20:37,839 - INFO - Prompt processing progress: 8200/8204
2026-10-03 04:20:37,891 - INFO - Prompt processing progress: 8203/8204
2026-10-03 04:20:37,935 - INFO - Prompt processing progress: 8204/8204
2026-10-03 04:20:46,702 - INFO - Prompt Cache: 0 sequences, 0.00 GB
2026-10-03 04:20:46,702 - INFO - - assistant: 0 sequences, 0.00 GB
2026-10-03 04:20:46,702 - INFO - - user: 0 sequences, 0.00 GB
2026-10-03 04:20:46,702 - INFO - - system: 0 sequences, 0.00 GB
127.0.0.1 - - [03/Oct/2026 04:20:46] "POST /v1/chat/completions HTTP/1.1" 200 -
2026-10-03 04:20:46,868 - INFO - Prompt processing progress: 20/8204
2026-10-03 04:20:48,051 - INFO - Prompt processing progress: 2068/8204
2026-10-03 04:20:49,249 - INFO - Prompt processing progress: 4116/8204
2026-10-03 04:20:50,472 - INFO - Prompt processing progress: 6164/8204
2026-10-03 04:20:51,738 - INFO - Prompt processing progress: 8200/8204
2026-10-03 04:20:51,790 - INFO - Prompt processing progress: 8203/8204
2026-10-03 04:20:51,833 - INFO - Prompt processing progress: 8204/8204
2026-10-03 04:21:00,548 - INFO - Prompt Cache: 0 sequences, 0.00 GB
2026-10-03 04:21:00,548 - INFO - - assistant: 0 sequences, 0.00 GB
2026-10-03 04:21:00,548 - INFO - - user: 0 sequences, 0.00 GB
2026-10-03 04:21:00,548 - INFO - - system: 0 sequences, 0.00 GB
127.0.0.1 - - [03/Oct/2026 04:21:00] "POST /v1/chat/completions HTTP/1.1" 200 -
2026-10-03 04:21:00,733 - INFO - Prompt processing progress: 20/8204
2026-10-03 04:21:01,914 - INFO - Prompt processing progress: 2068/8204
2026-10-03 04:21:03,115 - INFO - Prompt processing progress: 4116/8204
2026-10-03 04:21:04,339 - INFO - Prompt processing progress: 6164/8204
2026-10-03 04:21:05,608 - INFO - Prompt processing progress: 8200/8204
2026-10-03 04:21:05,659 - INFO - Prompt processing progress: 8203/8204
2026-10-03 04:21:05,701 - INFO - Prompt processing progress: 8204/8204
2026-10-03 04:21:14,430 - INFO - Prompt Cache: 0 sequences, 0.00 GB
2026-10-03 04:21:14,430 - INFO - - assistant: 0 sequences, 0.00 GB
2026-10-03 04:21:14,430 - INFO - - user: 0 sequences, 0.00 GB
2026-10-03 04:21:14,430 - INFO - - system: 0 sequences, 0.00 GB
127.0.0.1 - - [03/Oct/2026 04:21:14] "POST /v1/chat/completions HTTP/1.1" 200 -
2026-10-03 04:21:14,596 - INFO - Prompt processing progress: 20/8204
2026-10-03 04:21:15,776 - INFO - Prompt processing progress: 2068/8204
2026-10-03 04:21:16,976 - INFO - Prompt processing progress: 4116/8204
2026-10-03 04:21:18,199 - INFO - Prompt processing progress: 6164/8204
2026-10-03 04:21:19,466 - INFO - Prompt processing progress: 8200/8204
2026-10-03 04:21:19,516 - INFO - Prompt processing progress: 8203/8204
2026-10-03 04:21:19,558 - INFO - Prompt processing progress: 8204/8204
2026-10-03 04:21:28,273 - INFO - Prompt Cache: 0 sequences, 0.00 GB
2026-10-03 04:21:28,273 - INFO - - assistant: 0 sequences, 0.00 GB
2026-10-03 04:21:28,273 - INFO - - user: 0 sequences, 0.00 GB
2026-10-03 04:21:28,273 - INFO - - system: 0 sequences, 0.00 GB
127.0.0.1 - - [03/Oct/2026 04:21:28] "POST /v1/chat/completions HTTP/1.1" 200 -
2026-10-03 04:21:28,454 - INFO - Prompt processing progress: 20/8204
2026-10-03 04:21:29,636 - INFO - Prompt processing progress: 2068/8204
2026-10-03 04:21:30,837 - INFO - Prompt processing progress: 4116/8204
2026-10-03 04:21:32,061 - INFO - Prompt processing progress: 6164/8204
2026-10-03 04:21:33,328 - INFO - Prompt processing progress: 8200/8204
2026-10-03 04:21:33,377 - INFO - Prompt processing progress: 8203/8204
2026-10-03 04:21:33,420 - INFO - Prompt processing progress: 8204/8204
2026-10-03 04:21:42,161 - INFO - Prompt Cache: 0 sequences, 0.00 GB
2026-10-03 04:21:42,161 - INFO - - assistant: 0 sequences, 0.00 GB
2026-10-03 04:21:42,161 - INFO - - user: 0 sequences, 0.00 GB
2026-10-03 04:21:42,161 - INFO - - system: 0 sequences, 0.00 GB
127.0.0.1 - - [03/Oct/2026 04:21:42] "POST /v1/chat/completions HTTP/1.1" 200 -
2026-10-03 04:21:42,330 - INFO - Prompt processing progress: 20/8204
2026-10-03 04:21:43,511 - INFO - Prompt processing progress: 2068/8204
2026-10-03 04:21:44,711 - INFO - Prompt processing progress: 4116/8204
2026-10-03 04:21:45,934 - INFO - Prompt processing progress: 6164/8204
2026-10-03 04:21:47,201 - INFO - Prompt processing progress: 8200/8204
2026-10-03 04:21:47,252 - INFO - Prompt processing progress: 8203/8204
2026-10-03 04:21:47,294 - INFO - Prompt processing progress: 8204/8204
2026-10-03 04:21:56,008 - INFO - Prompt Cache: 0 sequences, 0.00 GB
2026-10-03 04:21:56,008 - INFO - - assistant: 0 sequences, 0.00 GB
2026-10-03 04:21:56,008 - INFO - - user: 0 sequences, 0.00 GB
2026-10-03 04:21:56,008 - INFO - - system: 0 sequences, 0.00 GB
127.0.0.1 - - [03/Oct/2026 04:21:56] "POST /v1/chat/completions HTTP/1.1" 200 -
2026-10-03 04:21:56,188 - INFO - Prompt processing progress: 20/8204
2026-10-03 04:21:57,368 - INFO - Prompt processing progress: 2068/8204
2026-10-03 04:21:58,568 - INFO - Prompt processing progress: 4116/8204
2026-10-03 04:21:59,791 - INFO - Prompt processing progress: 6164/8204
2026-10-03 04:22:01,056 - INFO - Prompt processing progress: 8200/8204
2026-10-03 04:22:01,108 - INFO - Prompt processing progress: 8203/8204
2026-10-03 04:22:01,151 - INFO - Prompt processing progress: 8204/8204
2026-10-03 04:22:09,872 - INFO - Prompt Cache: 0 sequences, 0.00 GB
2026-10-03 04:22:09,872 - INFO - - assistant: 0 sequences, 0.00 GB
2026-10-03 04:22:09,872 - INFO - - user: 0 sequences, 0.00 GB
2026-10-03 04:22:09,872 - INFO - - system: 0 sequences, 0.00 GB
127.0.0.1 - - [03/Oct/2026 04:22:09] "POST /v1/chat/completions HTTP/1.1" 200 -
2026-10-03 04:22:10,040 - INFO - Prompt processing progress: 20/8204
2026-10-03 04:22:11,221 - INFO - Prompt processing progress: 2068/8204
2026-10-03 04:22:12,421 - INFO - Prompt processing progress: 4116/8204
2026-10-03 04:22:13,644 - INFO - Prompt processing progress: 6164/8204
2026-10-03 04:22:14,913 - INFO - Prompt processing progress: 8200/8204
2026-10-03 04:22:14,962 - INFO - Prompt processing progress: 8203/8204
2026-10-03 04:22:15,005 - INFO - Prompt processing progress: 8204/8204
2026-10-03 04:22:23,725 - INFO - Prompt Cache: 0 sequences, 0.00 GB
2026-10-03 04:22:23,725 - INFO - - assistant: 0 sequences, 0.00 GB
2026-10-03 04:22:23,725 - INFO - - user: 0 sequences, 0.00 GB
2026-10-03 04:22:23,725 - INFO - - system: 0 sequences, 0.00 GB
127.0.0.1 - - [03/Oct/2026 04:22:23] "POST /v1/chat/completions HTTP/1.1" 200 -
2026-10-03 04:22:23,905 - INFO - Prompt processing progress: 20/8204
2026-10-03 04:22:25,089 - INFO - Prompt processing progress: 2068/8204
2026-10-03 04:22:26,287 - INFO - Prompt processing progress: 4116/8204
2026-10-03 04:22:27,510 - INFO - Prompt processing progress: 6164/8204
2026-10-03 04:22:28,776 - INFO - Prompt processing progress: 8200/8204
2026-10-03 04:22:28,829 - INFO - Prompt processing progress: 8203/8204
2026-10-03 04:22:28,871 - INFO - Prompt processing progress: 8204/8204
2026-10-03 04:22:37,603 - INFO - Prompt Cache: 0 sequences, 0.00 GB
2026-10-03 04:22:37,603 - INFO - - assistant: 0 sequences, 0.00 GB
2026-10-03 04:22:37,603 - INFO - - user: 0 sequences, 0.00 GB
2026-10-03 04:22:37,603 - INFO - - system: 0 sequences, 0.00 GB
127.0.0.1 - - [03/Oct/2026 04:22:37] "POST /v1/chat/completions HTTP/1.1" 200 -
2026-10-03 04:22:37,770 - INFO - Prompt processing progress: 20/8204
2026-10-03 04:22:38,950 - INFO - Prompt processing progress: 2068/8204
2026-10-03 04:22:40,151 - INFO - Prompt processing progress: 4116/8204
2026-10-03 04:22:41,375 - INFO - Prompt processing progress: 6164/8204
2026-10-03 04:22:42,643 - INFO - Prompt processing progress: 8200/8204
2026-10-03 04:22:42,693 - INFO - Prompt processing progress: 8203/8204
2026-10-03 04:22:42,735 - INFO - Prompt processing progress: 8204/8204
2026-10-03 04:22:51,453 - INFO - Prompt Cache: 0 sequences, 0.00 GB
2026-10-03 04:22:51,453 - INFO - - assistant: 0 sequences, 0.00 GB
2026-10-03 04:22:51,453 - INFO - - user: 0 sequences, 0.00 GB
2026-10-03 04:22:51,453 - INFO - - system: 0 sequences, 0.00 GB
127.0.0.1 - - [03/Oct/2026 04:22:51] "POST /v1/chat/completions HTTP/1.1" 200 -
2026-10-03 04:22:51,634 - INFO - Prompt processing progress: 20/8204
2026-10-03 04:22:52,815 - INFO - Prompt processing progress: 2068/8204
2026-10-03 04:22:54,015 - INFO - Prompt processing progress: 4116/8204
2026-10-03 04:22:55,237 - INFO - Prompt processing progress: 6164/8204
2026-10-03 04:22:56,503 - INFO - Prompt processing progress: 8200/8204
2026-10-03 04:22:56,555 - INFO - Prompt processing progress: 8203/8204
2026-10-03 04:22:56,597 - INFO - Prompt processing progress: 8204/8204
2026-10-03 04:23:05,326 - INFO - Prompt Cache: 0 sequences, 0.00 GB
2026-10-03 04:23:05,326 - INFO - - assistant: 0 sequences, 0.00 GB
2026-10-03 04:23:05,326 - INFO - - user: 0 sequences, 0.00 GB
2026-10-03 04:23:05,326 - INFO - - system: 0 sequences, 0.00 GB
127.0.0.1 - - [03/Oct/2026 04:23:05] "POST /v1/chat/completions HTTP/1.1" 200 -
2026-10-03 04:23:05,491 - INFO - Prompt processing progress: 20/8204
2026-10-03 04:23:06,671 - INFO - Prompt processing progress: 2068/8204
2026-10-03 04:23:07,871 - INFO - Prompt processing progress: 4116/8204
2026-10-03 04:23:09,095 - INFO - Prompt processing progress: 6164/8204
2026-10-03 04:23:10,362 - INFO - Prompt processing progress: 8200/8204
2026-10-03 04:23:10,414 - INFO - Prompt processing progress: 8203/8204
2026-10-03 04:23:10,455 - INFO - Prompt processing progress: 8204/8204
2026-10-03 04:23:19,172 - INFO - Prompt Cache: 0 sequences, 0.00 GB
2026-10-03 04:23:19,172 - INFO - - assistant: 0 sequences, 0.00 GB
2026-10-03 04:23:19,172 - INFO - - user: 0 sequences, 0.00 GB
2026-10-03 04:23:19,172 - INFO - - system: 0 sequences, 0.00 GB
127.0.0.1 - - [03/Oct/2026 04:23:19] "POST /v1/chat/completions HTTP/1.1" 200 -
2026-10-03 04:23:19,354 - INFO - Prompt processing progress: 20/8204
2026-10-03 04:23:20,535 - INFO - Prompt processing progress: 2068/8204
2026-10-03 04:23:21,734 - INFO - Prompt processing progress: 4116/8204
2026-10-03 04:23:22,957 - INFO - Prompt processing progress: 6164/8204
2026-10-03 04:23:24,224 - INFO - Prompt processing progress: 8200/8204
2026-10-03 04:23:24,275 - INFO - Prompt processing progress: 8203/8204
2026-10-03 04:23:24,317 - INFO - Prompt processing progress: 8204/8204
2026-10-03 04:23:33,059 - INFO - Prompt Cache: 0 sequences, 0.00 GB
2026-10-03 04:23:33,059 - INFO - - assistant: 0 sequences, 0.00 GB
2026-10-03 04:23:33,059 - INFO - - user: 0 sequences, 0.00 GB
2026-10-03 04:23:33,059 - INFO - - system: 0 sequences, 0.00 GB
127.0.0.1 - - [03/Oct/2026 04:23:33] "POST /v1/chat/completions HTTP/1.1" 200 -
2026-10-03 04:23:33,225 - INFO - Prompt processing progress: 20/8204
2026-10-03 04:23:34,406 - INFO - Prompt processing progress: 2068/8204
2026-10-03 04:23:35,606 - INFO - Prompt processing progress: 4116/8204
2026-10-03 04:23:36,830 - INFO - Prompt processing progress: 6164/8204
2026-10-03 04:23:38,095 - INFO - Prompt processing progress: 8200/8204
2026-10-03 04:23:38,147 - INFO - Prompt processing progress: 8203/8204
2026-10-03 04:23:38,190 - INFO - Prompt processing progress: 8204/8204
2026-10-03 04:23:46,906 - INFO - Prompt Cache: 0 sequences, 0.00 GB
2026-10-03 04:23:46,906 - INFO - - assistant: 0 sequences, 0.00 GB
2026-10-03 04:23:46,906 - INFO - - user: 0 sequences, 0.00 GB
2026-10-03 04:23:46,906 - INFO - - system: 0 sequences, 0.00 GB
127.0.0.1 - - [03/Oct/2026 04:23:46] "POST /v1/chat/completions HTTP/1.1" 200 -
2026-10-03 04:23:47,087 - INFO - Prompt processing progress: 20/8204
2026-10-03 04:23:48,270 - INFO - Prompt processing progress: 2068/8204
2026-10-03 04:23:49,470 - INFO - Prompt processing progress: 4116/8204
2026-10-03 04:23:50,692 - INFO - Prompt processing progress: 6164/8204
2026-10-03 04:23:51,960 - INFO - Prompt processing progress: 8200/8204
2026-10-03 04:23:52,010 - INFO - Prompt processing progress: 8203/8204
2026-10-03 04:23:52,052 - INFO - Prompt processing progress: 8204/8204
2026-10-03 04:24:00,784 - INFO - Prompt Cache: 0 sequences, 0.00 GB
2026-10-03 04:24:00,784 - INFO - - assistant: 0 sequences, 0.00 GB
2026-10-03 04:24:00,784 - INFO - - user: 0 sequences, 0.00 GB
2026-10-03 04:24:00,784 - INFO - - system: 0 sequences, 0.00 GB
127.0.0.1 - - [03/Oct/2026 04:24:00] "POST /v1/chat/completions HTTP/1.1" 200 -
2026-10-03 04:24:00,949 - INFO - Prompt processing progress: 20/8204
2026-10-03 04:24:02,132 - INFO - Prompt processing progress: 2068/8204
2026-10-03 04:24:03,332 - INFO - Prompt processing progress: 4116/8204
2026-10-03 04:24:04,554 - INFO - Prompt processing progress: 6164/8204
2026-10-03 04:24:05,822 - INFO - Prompt processing progress: 8200/8204
2026-10-03 04:24:05,872 - INFO - Prompt processing progress: 8203/8204
2026-10-03 04:24:05,914 - INFO - Prompt processing progress: 8204/8204
2026-10-03 04:24:14,628 - INFO - Prompt Cache: 0 sequences, 0.00 GB
2026-10-03 04:24:14,628 - INFO - - assistant: 0 sequences, 0.00 GB
2026-10-03 04:24:14,628 - INFO - - user: 0 sequences, 0.00 GB
2026-10-03 04:24:14,628 - INFO - - system: 0 sequences, 0.00 GB
127.0.0.1 - - [03/Oct/2026 04:24:14] "POST /v1/chat/completions HTTP/1.1" 200 -
2026-10-03 04:24:14,813 - INFO - Prompt processing progress: 20/8204
2026-10-03 04:24:15,997 - INFO - Prompt processing progress: 2068/8204
2026-10-03 04:24:17,195 - INFO - Prompt processing progress: 4116/8204
2026-10-03 04:24:18,420 - INFO - Prompt processing progress: 6164/8204
2026-10-03 04:24:19,688 - INFO - Prompt processing progress: 8200/8204
2026-10-03 04:24:19,738 - INFO - Prompt processing progress: 8203/8204
2026-10-03 04:24:19,780 - INFO - Prompt processing progress: 8204/8204
2026-10-03 04:24:28,527 - INFO - Prompt Cache: 0 sequences, 0.00 GB
2026-10-03 04:24:28,527 - INFO - - assistant: 0 sequences, 0.00 GB
2026-10-03 04:24:28,527 - INFO - - user: 0 sequences, 0.00 GB
2026-10-03 04:24:28,527 - INFO - - system: 0 sequences, 0.00 GB
127.0.0.1 - - [03/Oct/2026 04:24:28] "POST /v1/chat/completions HTTP/1.1" 200 -
2026-10-03 04:24:28,696 - INFO - Prompt processing progress: 20/8204
2026-10-03 04:24:29,877 - INFO - Prompt processing progress: 2068/8204
2026-10-03 04:24:31,077 - INFO - Prompt processing progress: 4116/8204
2026-10-03 04:24:32,300 - INFO - Prompt processing progress: 6164/8204
2026-10-03 04:24:33,565 - INFO - Prompt processing progress: 8200/8204
2026-10-03 04:24:33,618 - INFO - Prompt processing progress: 8203/8204
2026-10-03 04:24:33,661 - INFO - Prompt processing progress: 8204/8204
2026-10-03 04:24:42,371 - INFO - Prompt Cache: 0 sequences, 0.00 GB
2026-10-03 04:24:42,371 - INFO - - assistant: 0 sequences, 0.00 GB
2026-10-03 04:24:42,371 - INFO - - user: 0 sequences, 0.00 GB
2026-10-03 04:24:42,371 - INFO - - system: 0 sequences, 0.00 GB
127.0.0.1 - - [03/Oct/2026 04:24:42] "POST /v1/chat/completions HTTP/1.1" 200 -
2026-10-03 04:24:42,554 - INFO - Prompt processing progress: 20/8204
2026-10-03 04:24:43,736 - INFO - Prompt processing progress: 2068/8204
2026-10-03 04:24:44,935 - INFO - Prompt processing progress: 4116/8204
2026-10-03 04:24:46,158 - INFO - Prompt processing progress: 6164/8204
2026-10-03 04:24:47,426 - INFO - Prompt processing progress: 8200/8204
2026-10-03 04:24:47,476 - INFO - Prompt processing progress: 8203/8204
2026-10-03 04:24:47,519 - INFO - Prompt processing progress: 8204/8204
