<M5_REPO>/vendor/vlm-runtime/.venv/lib/python3.12/site-packages/mlx_lm/server.py:1723: UserWarning: mlx_lm.server is not recommended for production as it only implements basic security checks.
  warnings.warn(
2026-10-02 18:23:30,129 - INFO - Starting httpd at 127.0.0.1 on port 18185...
127.0.0.1 - - [02/Oct/2026 18:23:30] "GET /v1/models HTTP/1.1" 200 -
[transformers] You are using a model of type `mimo_v2` to instantiate a model of type ``. This may be expected if you are loading a checkpoint that shares a subset of the architecture (e.g., loading a `sam2_video` checkpoint into `Sam2Model`), but is otherwise not supported and can yield errors. Please verify that the checkpoint is compatible with the model you are instantiating.
127.0.0.1 - - [02/Oct/2026 18:23:43] "POST /v1/chat/completions HTTP/1.1" 200 -
2026-10-02 18:23:43,050 - INFO - Prompt Cache: 0 sequences, 0.00 GB
2026-10-02 18:23:43,050 - INFO - - assistant: 0 sequences, 0.00 GB
2026-10-02 18:23:43,050 - INFO - - user: 0 sequences, 0.00 GB
2026-10-02 18:23:43,050 - INFO - - system: 0 sequences, 0.00 GB
2026-10-02 18:23:43,101 - INFO - Prompt processing progress: 0/200008
2026-10-02 18:23:49,075 - INFO - Prompt processing progress: 2048/200008
2026-10-02 18:23:50,248 - INFO - Prompt processing progress: 4096/200008
2026-10-02 18:23:51,466 - INFO - Prompt processing progress: 6144/200008
2026-10-02 18:23:52,727 - INFO - Prompt processing progress: 8192/200008
2026-10-02 18:23:54,032 - INFO - Prompt processing progress: 10240/200008
2026-10-02 18:23:55,407 - INFO - Prompt processing progress: 12288/200008
2026-10-02 18:23:56,828 - INFO - Prompt processing progress: 14336/200008
2026-10-02 18:23:58,292 - INFO - Prompt processing progress: 16384/200008
2026-10-02 18:23:59,813 - INFO - Prompt processing progress: 18432/200008
2026-10-02 18:24:01,375 - INFO - Prompt processing progress: 20480/200008
2026-10-02 18:24:02,997 - INFO - Prompt processing progress: 22528/200008
2026-10-02 18:24:04,662 - INFO - Prompt processing progress: 24576/200008
2026-10-02 18:24:06,375 - INFO - Prompt processing progress: 26624/200008
2026-10-02 18:24:08,154 - INFO - Prompt processing progress: 28672/200008
2026-10-02 18:24:09,969 - INFO - Prompt processing progress: 30720/200008
2026-10-02 18:24:11,834 - INFO - Prompt processing progress: 32768/200008
2026-10-02 18:24:13,752 - INFO - Prompt processing progress: 34816/200008
2026-10-02 18:24:15,742 - INFO - Prompt processing progress: 36864/200008
2026-10-02 18:24:17,786 - INFO - Prompt processing progress: 38912/200008
2026-10-02 18:24:19,885 - INFO - Prompt processing progress: 40960/200008
2026-10-02 18:24:22,042 - INFO - Prompt processing progress: 43008/200008
2026-10-02 18:24:24,252 - INFO - Prompt processing progress: 45056/200008
2026-10-02 18:24:26,510 - INFO - Prompt processing progress: 47104/200008
2026-10-02 18:24:28,818 - INFO - Prompt processing progress: 49152/200008
2026-10-02 18:24:31,191 - INFO - Prompt processing progress: 51200/200008
2026-10-02 18:24:33,619 - INFO - Prompt processing progress: 53248/200008
2026-10-02 18:24:36,100 - INFO - Prompt processing progress: 55296/200008
2026-10-02 18:24:38,635 - INFO - Prompt processing progress: 57344/200008
2026-10-02 18:24:41,238 - INFO - Prompt processing progress: 59392/200008
2026-10-02 18:24:43,930 - INFO - Prompt processing progress: 61440/200008
2026-10-02 18:24:46,664 - INFO - Prompt processing progress: 63488/200008
2026-10-02 18:24:49,472 - INFO - Prompt processing progress: 65536/200008
2026-10-02 18:24:52,314 - INFO - Prompt processing progress: 67584/200008
2026-10-02 18:24:55,231 - INFO - Prompt processing progress: 69632/200008
2026-10-02 18:24:58,197 - INFO - Prompt processing progress: 71680/200008
2026-10-02 18:25:01,211 - INFO - Prompt processing progress: 73728/200008
2026-10-02 18:25:04,282 - INFO - Prompt processing progress: 75776/200008
2026-10-02 18:25:07,430 - INFO - Prompt processing progress: 77824/200008
2026-10-02 18:25:10,593 - INFO - Prompt processing progress: 79872/200008
2026-10-02 18:25:13,796 - INFO - Prompt processing progress: 81920/200008
2026-10-02 18:25:17,088 - INFO - Prompt processing progress: 83968/200008
2026-10-02 18:25:20,433 - INFO - Prompt processing progress: 86016/200008
2026-10-02 18:25:23,814 - INFO - Prompt processing progress: 88064/200008
2026-10-02 18:25:27,241 - INFO - Prompt processing progress: 90112/200008
2026-10-02 18:25:30,746 - INFO - Prompt processing progress: 92160/200008
2026-10-02 18:25:34,287 - INFO - Prompt processing progress: 94208/200008
2026-10-02 18:25:37,889 - INFO - Prompt processing progress: 96256/200008
2026-10-02 18:25:41,535 - INFO - Prompt processing progress: 98304/200008
2026-10-02 18:25:45,237 - INFO - Prompt processing progress: 100352/200008
2026-10-02 18:25:48,981 - INFO - Prompt processing progress: 102400/200008
2026-10-02 18:25:52,787 - INFO - Prompt processing progress: 104448/200008
2026-10-02 18:25:56,666 - INFO - Prompt processing progress: 106496/200008
2026-10-02 18:26:00,598 - INFO - Prompt processing progress: 108544/200008
2026-10-02 18:26:04,569 - INFO - Prompt processing progress: 110592/200008
2026-10-02 18:26:08,593 - INFO - Prompt processing progress: 112640/200008
2026-10-02 18:26:12,676 - INFO - Prompt processing progress: 114688/200008
2026-10-02 18:26:16,813 - INFO - Prompt processing progress: 116736/200008
2026-10-02 18:26:20,991 - INFO - Prompt processing progress: 118784/200008
2026-10-02 18:26:25,229 - INFO - Prompt processing progress: 120832/200008
2026-10-02 18:26:29,541 - INFO - Prompt processing progress: 122880/200008
2026-10-02 18:26:33,895 - INFO - Prompt processing progress: 124928/200008
2026-10-02 18:26:38,289 - INFO - Prompt processing progress: 126976/200008
2026-10-02 18:26:42,770 - INFO - Prompt processing progress: 129024/200008
2026-10-02 18:26:47,256 - INFO - Prompt processing progress: 131072/200008
2026-10-02 18:26:51,815 - INFO - Prompt processing progress: 133120/200008
2026-10-02 18:26:56,396 - INFO - Prompt processing progress: 135168/200008
2026-10-02 18:27:01,067 - INFO - Prompt processing progress: 137216/200008
2026-10-02 18:27:05,794 - INFO - Prompt processing progress: 139264/200008
2026-10-02 18:27:10,544 - INFO - Prompt processing progress: 141312/200008
2026-10-02 18:27:15,398 - INFO - Prompt processing progress: 143360/200008
2026-10-02 18:27:20,304 - INFO - Prompt processing progress: 145408/200008
2026-10-02 18:27:25,218 - INFO - Prompt processing progress: 147456/200008
2026-10-02 18:27:30,201 - INFO - Prompt processing progress: 149504/200008
2026-10-02 18:27:35,252 - INFO - Prompt processing progress: 151552/200008
2026-10-02 18:27:40,331 - INFO - Prompt processing progress: 153600/200008
2026-10-02 18:27:45,519 - INFO - Prompt processing progress: 155648/200008
2026-10-02 18:27:50,736 - INFO - Prompt processing progress: 157696/200008
2026-10-02 18:27:55,986 - INFO - Prompt processing progress: 159744/200008
2026-10-02 18:28:01,309 - INFO - Prompt processing progress: 161792/200008
2026-10-02 18:28:06,661 - INFO - Prompt processing progress: 163840/200008
2026-10-02 18:28:12,075 - INFO - Prompt processing progress: 165888/200008
2026-10-02 18:28:17,571 - INFO - Prompt processing progress: 167936/200008
2026-10-02 18:28:23,146 - INFO - Prompt processing progress: 169984/200008
2026-10-02 18:28:28,746 - INFO - Prompt processing progress: 172032/200008
2026-10-02 18:28:34,355 - INFO - Prompt processing progress: 174080/200008
2026-10-02 18:28:40,048 - INFO - Prompt processing progress: 176128/200008
2026-10-02 18:28:45,833 - INFO - Prompt processing progress: 178176/200008
2026-10-02 18:28:51,662 - INFO - Prompt processing progress: 180224/200008
2026-10-02 18:28:57,546 - INFO - Prompt processing progress: 182272/200008
2026-10-02 18:29:03,465 - INFO - Prompt processing progress: 184320/200008
2026-10-02 18:29:09,415 - INFO - Prompt processing progress: 186368/200008
2026-10-02 18:29:15,412 - INFO - Prompt processing progress: 188416/200008
2026-10-02 18:29:21,473 - INFO - Prompt processing progress: 190464/200008
2026-10-02 18:29:36,131 - INFO - Prompt processing progress: 192512/200008
2026-10-02 18:29:50,916 - INFO - Prompt processing progress: 194560/200008
2026-10-02 18:30:08,018 - INFO - Prompt processing progress: 196608/200008
2026-10-02 18:30:22,786 - INFO - Prompt processing progress: 198656/200008
2026-10-02 18:30:27,344 - INFO - Prompt processing progress: 200007/200008
2026-10-02 18:30:27,491 - INFO - Prompt processing progress: 200008/200008
127.0.0.1 - - [02/Oct/2026 18:30:28] "POST /v1/chat/completions HTTP/1.1" 200 -
2026-10-02 18:30:28,145 - INFO - Prompt Cache: 1 sequences, 4.64 GB
2026-10-02 18:30:28,145 - INFO - - assistant: 1 sequences, 4.64 GB
2026-10-02 18:30:28,145 - INFO - - user: 0 sequences, 0.00 GB
2026-10-02 18:30:28,145 - INFO - - system: 0 sequences, 0.00 GB
2026-10-02 18:30:28,205 - INFO - Prompt processing progress: 0/3646
2026-10-02 18:30:44,627 - INFO - Prompt processing progress: 2048/3646
2026-10-02 18:30:49,676 - INFO - Prompt processing progress: 3645/3646
2026-10-02 18:30:49,841 - INFO - Prompt processing progress: 3646/3646
127.0.0.1 - - [02/Oct/2026 18:30:50] "POST /v1/chat/completions HTTP/1.1" 200 -
2026-10-02 18:30:50,446 - INFO - Prompt Cache: 1 sequences, 4.72 GB
2026-10-02 18:30:50,446 - INFO - - assistant: 1 sequences, 4.72 GB
2026-10-02 18:30:50,446 - INFO - - user: 0 sequences, 0.00 GB
2026-10-02 18:30:50,446 - INFO - - system: 0 sequences, 0.00 GB
2026-10-02 18:30:50,503 - INFO - Prompt processing progress: 0/3513
2026-10-02 18:31:07,138 - INFO - Prompt processing progress: 2048/3513
2026-10-02 18:31:12,189 - INFO - Prompt processing progress: 3512/3513
2026-10-02 18:31:12,351 - INFO - Prompt processing progress: 3513/3513
127.0.0.1 - - [02/Oct/2026 18:31:12] "POST /v1/chat/completions HTTP/1.1" 200 -
2026-10-02 18:31:12,964 - INFO - Prompt Cache: 1 sequences, 4.80 GB
2026-10-02 18:31:12,964 - INFO - - assistant: 1 sequences, 4.80 GB
2026-10-02 18:31:12,964 - INFO - - user: 0 sequences, 0.00 GB
2026-10-02 18:31:12,964 - INFO - - system: 0 sequences, 0.00 GB
2026-10-02 18:31:13,024 - INFO - Prompt processing progress: 0/2972
2026-10-02 18:31:28,791 - INFO - Prompt processing progress: 2048/2972
2026-10-02 18:31:32,113 - INFO - Prompt processing progress: 2971/2972
2026-10-02 18:31:32,233 - INFO - Prompt processing progress: 2972/2972
127.0.0.1 - - [02/Oct/2026 18:31:32] "POST /v1/chat/completions HTTP/1.1" 200 -
2026-10-02 18:31:32,876 - INFO - Prompt Cache: 1 sequences, 4.87 GB
2026-10-02 18:31:32,876 - INFO - - assistant: 1 sequences, 4.87 GB
2026-10-02 18:31:32,876 - INFO - - user: 0 sequences, 0.00 GB
2026-10-02 18:31:32,876 - INFO - - system: 0 sequences, 0.00 GB
2026-10-02 18:31:32,934 - INFO - Prompt processing progress: 0/819
2026-10-02 18:31:35,849 - INFO - Prompt processing progress: 818/819
2026-10-02 18:31:35,973 - INFO - Prompt processing progress: 819/819
127.0.0.1 - - [02/Oct/2026 18:31:36] "POST /v1/chat/completions HTTP/1.1" 200 -
2026-10-02 18:31:36,634 - INFO - Prompt Cache: 1 sequences, 4.89 GB
2026-10-02 18:31:36,634 - INFO - - assistant: 1 sequences, 4.89 GB
2026-10-02 18:31:36,634 - INFO - - user: 0 sequences, 0.00 GB
2026-10-02 18:31:36,634 - INFO - - system: 0 sequences, 0.00 GB
2026-10-02 18:31:36,692 - INFO - Prompt processing progress: 0/2071
2026-10-02 18:31:55,819 - INFO - Prompt processing progress: 2048/2071
2026-10-02 18:31:56,119 - INFO - Prompt processing progress: 2070/2071
2026-10-02 18:31:56,184 - INFO - Prompt processing progress: 2071/2071
127.0.0.1 - - [02/Oct/2026 18:32:30] "POST /v1/chat/completions HTTP/1.1" 200 -
2026-10-02 18:32:30,689 - INFO - Prompt Cache: 1 sequences, 4.96 GB
2026-10-02 18:32:30,689 - INFO - - assistant: 1 sequences, 4.96 GB
2026-10-02 18:32:30,689 - INFO - - user: 0 sequences, 0.00 GB
2026-10-02 18:32:30,689 - INFO - - system: 0 sequences, 0.00 GB
2026-10-02 18:32:30,748 - INFO - Prompt processing progress: 0/3646
2026-10-02 18:32:50,121 - INFO - Prompt processing progress: 2048/3646
2026-10-02 18:32:55,467 - INFO - Prompt processing progress: 3645/3646
2026-10-02 18:32:55,612 - INFO - Prompt processing progress: 3646/3646
127.0.0.1 - - [02/Oct/2026 18:33:08] "POST /v1/chat/completions HTTP/1.1" 200 -
2026-10-02 18:33:08,508 - INFO - Prompt Cache: 1 sequences, 5.06 GB
2026-10-02 18:33:08,508 - INFO - - assistant: 1 sequences, 5.06 GB
2026-10-02 18:33:08,508 - INFO - - user: 0 sequences, 0.00 GB
2026-10-02 18:33:08,508 - INFO - - system: 0 sequences, 0.00 GB
2026-10-02 18:33:08,567 - INFO - Prompt processing progress: 0/21
2026-10-02 18:33:08,846 - INFO - Prompt processing progress: 20/21
2026-10-02 18:33:08,902 - INFO - Prompt processing progress: 21/21
