ds4: Metal device Apple M5 Ultra, 256.00 GiB RAM
ds4: Metal 4 tensor API enabled for Tensor kernels
ds4: drift-patch flags hc_stable=on norm_unify=on kv_raw_f32=off rope_exp2_log2=off math_safe=off tensor_matmul=on
ds4: Metal model views created in 4.246 ms, residency requested in 779.879 ms, warmup 4.480 ms (mapped 157001.67 MiB from offset 5.09 MiB)
ds4: Metal mapped mmaped model as 1 overlapping shared buffers
ds4: metal backend initialized for graph diagnostics
ds4: memory: KV 2.20 GiB (raw 0.19 + compressed 2.01) + buffers 1.00 GiB + resident model 153.32 GiB = 156.52 GiB planned
ds4: memory detail: ctx=262144 prefill_cap=2048 raw_kv_rows=2304 compressed_kv_rows=65538 backend=metal
1002 01:11:14 ds4-server: context buffers 3274.64 MiB (ctx=262144, backend=metal, prefill_chunk=2048, raw_kv_rows=2304, compressed_kv_rows=65538)
1002 01:11:14 ds4-server: listening on http://127.0.0.1:18185
1002 01:11:14 ds4-server: chat ctx=0..22:22 prompt start
1002 01:11:15 ds4-server: chat ctx=0..22:22 prompt done 0.318s
1002 01:11:15 ds4-server: chat ctx=22..28:6 gen=6 decoding chunk=58.30 t/s avg=58.30 t/s 0.103s
1002 01:11:15 ds4-server: chat ctx=0..22:22 gen=6 finish=stop 0.422s
1002 01:11:15 ds4-server: live kv cache miss live=28 prompt=34 common=2 vision=match reason=token-mismatch
1002 01:11:15 ds4-server: chat ctx=0..34:34 prompt start
1002 01:11:15 ds4-server: chat ctx=0..34:34 prompt done 0.294s
1002 01:11:15 ds4-server: chat ctx=34..48:14 gen=14 decoding chunk=59.80 t/s avg=59.80 t/s 0.234s
1002 01:11:15 ds4-server: chat ctx=0..34:34 gen=14 finish=stop 0.528s
1002 01:11:15 ds4-server: live kv cache miss live=48 prompt=34 common=2 vision=match reason=token-mismatch
1002 01:11:15 ds4-server: chat ctx=0..34:34 prompt start
1002 01:11:16 ds4-server: chat ctx=0..34:34 prompt done 0.297s
1002 01:11:16 ds4-server: chat ctx=34..39:5 gen=5 decoding chunk=59.54 t/s avg=59.54 t/s 0.084s
1002 01:11:16 ds4-server: chat ctx=0..34:34 gen=5 finish=stop 0.381s
1002 01:11:16 ds4-server: live kv cache miss live=39 prompt=35 common=2 vision=match reason=token-mismatch
1002 01:11:16 ds4-server: chat ctx=0..35:35 prompt start
1002 01:11:16 ds4-server: chat ctx=0..35:35 prompt done 0.301s
1002 01:11:16 ds4-server: chat ctx=35..40:5 gen=5 decoding chunk=59.44 t/s avg=59.44 t/s 0.084s
1002 01:11:16 ds4-server: chat ctx=0..35:35 gen=5 finish=stop 0.385s
1002 01:11:16 ds4-server: live kv cache miss live=40 prompt=39 common=2 vision=match reason=token-mismatch
1002 01:11:16 ds4-server: chat ctx=0..39:39 prompt start
1002 01:11:16 ds4-server: chat ctx=0..39:39 prompt done 0.312s
1002 01:11:17 ds4-server: chat ctx=39..51:12 gen=12 decoding chunk=59.75 t/s avg=59.75 t/s 0.201s
1002 01:11:17 ds4-server: chat ctx=0..39:39 gen=12 finish=stop 0.513s
1002 01:11:17 ds4-server: live kv cache miss live=51 prompt=41 common=2 vision=match reason=token-mismatch
1002 01:11:17 ds4-server: chat ctx=0..41:41 prompt start
1002 01:11:17 ds4-server: chat ctx=0..41:41 prompt done 0.313s
1002 01:11:17 ds4-server: chat ctx=41..46:5 gen=5 decoding chunk=59.81 t/s avg=59.81 t/s 0.084s
1002 01:11:17 ds4-server: chat ctx=0..41:41 gen=5 finish=stop 0.397s
1002 01:11:17 ds4-server: live kv cache miss live=46 prompt=28 common=2 vision=match reason=token-mismatch
1002 01:11:17 ds4-server: chat ctx=0..28:28 prompt start
1002 01:11:17 ds4-server: chat ctx=0..28:28 prompt done 0.202s
1002 01:11:17 ds4-server: chat ctx=28..40:12 gen=12 decoding chunk=59.95 t/s avg=59.95 t/s 0.200s
1002 01:11:17 ds4-server: chat ctx=0..28:28 gen=12 finish=stop 0.402s
1002 01:11:17 ds4-server: live kv cache miss live=40 prompt=38 common=2 vision=match reason=token-mismatch
1002 01:11:17 ds4-server: chat ctx=0..38:38 prompt start
1002 01:11:18 ds4-server: chat ctx=0..38:38 prompt done 0.309s
1002 01:11:18 ds4-server: chat ctx=38..44:6 gen=6 decoding chunk=59.65 t/s avg=59.65 t/s 0.101s
1002 01:11:18 ds4-server: chat ctx=0..38:38 gen=6 finish=stop 0.410s
1002 01:11:18 ds4-server: live kv cache miss live=44 prompt=22 common=2 vision=match reason=token-mismatch
1002 01:11:18 ds4-server: chat ctx=0..22:22 prompt start
1002 01:11:18 ds4-server: chat ctx=0..22:22 prompt done 0.183s
1002 01:11:18 ds4-server: chat ctx=22..28:6 gen=6 decoding chunk=59.48 t/s avg=59.48 t/s 0.101s
1002 01:11:18 ds4-server: chat ctx=0..22:22 gen=6 finish=stop 0.284s
1002 01:11:18 ds4-server: live kv cache miss live=28 prompt=34 common=2 vision=match reason=token-mismatch
1002 01:11:18 ds4-server: chat ctx=0..34:34 prompt start
1002 01:11:18 ds4-server: chat ctx=0..34:34 prompt done 0.290s
1002 01:11:19 ds4-server: chat ctx=34..48:14 gen=14 decoding chunk=60.00 t/s avg=60.00 t/s 0.233s
1002 01:11:19 ds4-server: chat ctx=0..34:34 gen=14 finish=stop 0.524s
1002 01:11:19 ds4-server: live kv cache miss live=48 prompt=34 common=2 vision=match reason=token-mismatch
1002 01:11:19 ds4-server: chat ctx=0..34:34 prompt start
1002 01:11:19 ds4-server: chat ctx=0..34:34 prompt done 0.296s
1002 01:11:19 ds4-server: chat ctx=34..39:5 gen=5 decoding chunk=59.91 t/s avg=59.91 t/s 0.083s
1002 01:11:19 ds4-server: chat ctx=0..34:34 gen=5 finish=stop 0.380s
1002 01:11:19 ds4-server: live kv cache miss live=39 prompt=35 common=2 vision=match reason=token-mismatch
1002 01:11:19 ds4-server: chat ctx=0..35:35 prompt start
1002 01:11:19 ds4-server: chat ctx=0..35:35 prompt done 0.301s
1002 01:11:19 ds4-server: chat ctx=35..40:5 gen=5 decoding chunk=59.65 t/s avg=59.65 t/s 0.084s
1002 01:11:19 ds4-server: chat ctx=0..35:35 gen=5 finish=stop 0.385s
1002 01:11:19 ds4-server: live kv cache miss live=40 prompt=39 common=2 vision=match reason=token-mismatch
1002 01:11:19 ds4-server: chat ctx=0..39:39 prompt start
1002 01:11:20 ds4-server: chat ctx=0..39:39 prompt done 0.312s
1002 01:11:20 ds4-server: chat ctx=39..51:12 gen=12 decoding chunk=59.77 t/s avg=59.77 t/s 0.201s
1002 01:11:20 ds4-server: chat ctx=0..39:39 gen=12 finish=stop 0.513s
1002 01:11:20 ds4-server: live kv cache miss live=51 prompt=41 common=2 vision=match reason=token-mismatch
1002 01:11:20 ds4-server: chat ctx=0..41:41 prompt start
1002 01:11:20 ds4-server: chat ctx=0..41:41 prompt done 0.312s
1002 01:11:20 ds4-server: chat ctx=41..46:5 gen=5 decoding chunk=59.96 t/s avg=59.96 t/s 0.083s
1002 01:11:20 ds4-server: chat ctx=0..41:41 gen=5 finish=stop 0.396s
1002 01:11:20 ds4-server: live kv cache miss live=46 prompt=28 common=2 vision=match reason=token-mismatch
1002 01:11:20 ds4-server: chat ctx=0..28:28 prompt start
1002 01:11:21 ds4-server: chat ctx=0..28:28 prompt done 0.202s
1002 01:11:21 ds4-server: chat ctx=28..40:12 gen=12 decoding chunk=60.04 t/s avg=60.04 t/s 0.200s
1002 01:11:21 ds4-server: chat ctx=0..28:28 gen=12 finish=stop 0.402s
1002 01:11:21 ds4-server: live kv cache miss live=40 prompt=38 common=2 vision=match reason=token-mismatch
1002 01:11:21 ds4-server: chat ctx=0..38:38 prompt start
1002 01:11:21 ds4-server: chat ctx=0..38:38 prompt done 0.308s
1002 01:11:21 ds4-server: chat ctx=38..44:6 gen=6 decoding chunk=59.73 t/s avg=59.73 t/s 0.100s
1002 01:11:21 ds4-server: chat ctx=0..38:38 gen=6 finish=stop 0.409s
1002 01:11:21 ds4-server: live kv cache miss live=44 prompt=22 common=2 vision=match reason=token-mismatch
1002 01:11:21 ds4-server: chat ctx=0..22:22 prompt start
1002 01:11:21 ds4-server: chat ctx=0..22:22 prompt done 0.183s
1002 01:11:21 ds4-server: chat ctx=22..28:6 gen=6 decoding chunk=59.53 t/s avg=59.53 t/s 0.101s
1002 01:11:21 ds4-server: chat ctx=0..22:22 gen=6 finish=stop 0.284s
1002 01:11:21 ds4-server: live kv cache miss live=28 prompt=34 common=2 vision=match reason=token-mismatch
1002 01:11:21 ds4-server: chat ctx=0..34:34 prompt start
1002 01:11:22 ds4-server: chat ctx=0..34:34 prompt done 0.291s
1002 01:11:22 ds4-server: chat ctx=34..48:14 gen=14 decoding chunk=59.95 t/s avg=59.95 t/s 0.234s
1002 01:11:22 ds4-server: chat ctx=0..34:34 gen=14 finish=stop 0.524s
1002 01:11:22 ds4-server: live kv cache miss live=48 prompt=34 common=2 vision=match reason=token-mismatch
1002 01:11:22 ds4-server: chat ctx=0..34:34 prompt start
1002 01:11:22 ds4-server: chat ctx=0..34:34 prompt done 0.297s
1002 01:11:22 ds4-server: chat ctx=34..39:5 gen=5 decoding chunk=59.85 t/s avg=59.85 t/s 0.084s
1002 01:11:22 ds4-server: chat ctx=0..34:34 gen=5 finish=stop 0.381s
1002 01:11:22 ds4-server: live kv cache miss live=39 prompt=35 common=2 vision=match reason=token-mismatch
1002 01:11:22 ds4-server: chat ctx=0..35:35 prompt start
1002 01:11:23 ds4-server: chat ctx=0..35:35 prompt done 0.301s
1002 01:11:23 ds4-server: chat ctx=35..40:5 gen=5 decoding chunk=58.60 t/s avg=58.60 t/s 0.085s
1002 01:11:23 ds4-server: chat ctx=0..35:35 gen=5 finish=stop 0.386s
1002 01:11:23 ds4-server: live kv cache miss live=40 prompt=39 common=2 vision=match reason=token-mismatch
1002 01:11:23 ds4-server: chat ctx=0..39:39 prompt start
1002 01:11:23 ds4-server: chat ctx=0..39:39 prompt done 0.311s
1002 01:11:23 ds4-server: chat ctx=39..51:12 gen=12 decoding chunk=59.89 t/s avg=59.89 t/s 0.200s
1002 01:11:23 ds4-server: chat ctx=0..39:39 gen=12 finish=stop 0.512s
1002 01:11:23 ds4-server: live kv cache miss live=51 prompt=41 common=2 vision=match reason=token-mismatch
1002 01:11:23 ds4-server: chat ctx=0..41:41 prompt start
1002 01:11:24 ds4-server: chat ctx=0..41:41 prompt done 0.313s
1002 01:11:24 ds4-server: chat ctx=41..46:5 gen=5 decoding chunk=60.02 t/s avg=60.02 t/s 0.083s
1002 01:11:24 ds4-server: chat ctx=0..41:41 gen=5 finish=stop 0.396s
1002 01:11:24 ds4-server: live kv cache miss live=46 prompt=28 common=2 vision=match reason=token-mismatch
1002 01:11:24 ds4-server: chat ctx=0..28:28 prompt start
1002 01:11:24 ds4-server: chat ctx=0..28:28 prompt done 0.202s
1002 01:11:24 ds4-server: chat ctx=28..40:12 gen=12 decoding chunk=60.04 t/s avg=60.04 t/s 0.200s
1002 01:11:24 ds4-server: chat ctx=0..28:28 gen=12 finish=stop 0.402s
1002 01:11:24 ds4-server: live kv cache miss live=40 prompt=38 common=2 vision=match reason=token-mismatch
1002 01:11:24 ds4-server: chat ctx=0..38:38 prompt start
1002 01:11:24 ds4-server: chat ctx=0..38:38 prompt done 0.309s
1002 01:11:24 ds4-server: chat ctx=38..44:6 gen=6 decoding chunk=59.84 t/s avg=59.84 t/s 0.100s
1002 01:11:24 ds4-server: chat ctx=0..38:38 gen=6 finish=stop 0.410s
1002 01:11:24 ds4-server: shutdown requested, draining requests
