<M5_REPO>/.venv/lib/python3.12/site-packages/mlx_lm/server.py:1723: UserWarning: mlx_lm.server is not recommended for production as it only implements basic security checks.
  warnings.warn(
2026-10-02 08:14:20,289 - INFO - Starting httpd at 127.0.0.1 on port 18185...
127.0.0.1 - - [02/Oct/2026 08:14:20] "GET /v1/models HTTP/1.1" 200 -
127.0.0.1 - - [02/Oct/2026 08:14:30] "POST /v1/chat/completions HTTP/1.1" 200 -
2026-10-02 08:14:30,230 - INFO - Prompt Cache: 0 sequences, 0.00 GB
2026-10-02 08:14:30,230 - INFO - - assistant: 0 sequences, 0.00 GB
2026-10-02 08:14:30,230 - INFO - - user: 0 sequences, 0.00 GB
2026-10-02 08:14:30,230 - INFO - - system: 0 sequences, 0.00 GB
2026-10-02 08:14:30,327 - INFO - Prompt processing progress: 0/200009
2026-10-02 08:14:31,975 - INFO - Prompt processing progress: 2048/200009
2026-10-02 08:14:33,534 - INFO - Prompt processing progress: 4096/200009
2026-10-02 08:14:35,123 - INFO - Prompt processing progress: 6144/200009
2026-10-02 08:14:36,738 - INFO - Prompt processing progress: 8192/200009
2026-10-02 08:14:38,387 - INFO - Prompt processing progress: 10240/200009
2026-10-02 08:14:40,076 - INFO - Prompt processing progress: 12288/200009
2026-10-02 08:14:41,790 - INFO - Prompt processing progress: 14336/200009
2026-10-02 08:14:43,537 - INFO - Prompt processing progress: 16384/200009
2026-10-02 08:14:45,331 - INFO - Prompt processing progress: 18432/200009
2026-10-02 08:14:47,143 - INFO - Prompt processing progress: 20480/200009
2026-10-02 08:14:48,986 - INFO - Prompt processing progress: 22528/200009
2026-10-02 08:14:50,868 - INFO - Prompt processing progress: 24576/200009
2026-10-02 08:14:52,836 - INFO - Prompt processing progress: 26624/200009
2026-10-02 08:14:54,802 - INFO - Prompt processing progress: 28672/200009
2026-10-02 08:14:56,799 - INFO - Prompt processing progress: 30720/200009
2026-10-02 08:14:58,845 - INFO - Prompt processing progress: 32768/200009
2026-10-02 08:15:00,962 - INFO - Prompt processing progress: 34816/200009
2026-10-02 08:15:03,063 - INFO - Prompt processing progress: 36864/200009
2026-10-02 08:15:05,221 - INFO - Prompt processing progress: 38912/200009
2026-10-02 08:15:07,402 - INFO - Prompt processing progress: 40960/200009
2026-10-02 08:15:09,644 - INFO - Prompt processing progress: 43008/200009
2026-10-02 08:15:11,913 - INFO - Prompt processing progress: 45056/200009
2026-10-02 08:15:14,199 - INFO - Prompt processing progress: 47104/200009
2026-10-02 08:15:16,534 - INFO - Prompt processing progress: 49152/200009
2026-10-02 08:15:18,969 - INFO - Prompt processing progress: 51200/200009
2026-10-02 08:15:21,431 - INFO - Prompt processing progress: 53248/200009
2026-10-02 08:15:23,901 - INFO - Prompt processing progress: 55296/200009
2026-10-02 08:15:26,381 - INFO - Prompt processing progress: 57344/200009
2026-10-02 08:15:28,878 - INFO - Prompt processing progress: 59392/200009
2026-10-02 08:15:31,423 - INFO - Prompt processing progress: 61440/200009
2026-10-02 08:15:33,990 - INFO - Prompt processing progress: 63488/200009
2026-10-02 08:15:36,616 - INFO - Prompt processing progress: 65536/200009
2026-10-02 08:15:39,340 - INFO - Prompt processing progress: 67584/200009
2026-10-02 08:15:42,144 - INFO - Prompt processing progress: 69632/200009
2026-10-02 08:15:44,921 - INFO - Prompt processing progress: 71680/200009
2026-10-02 08:15:47,721 - INFO - Prompt processing progress: 73728/200009
2026-10-02 08:15:50,540 - INFO - Prompt processing progress: 75776/200009
2026-10-02 08:15:53,403 - INFO - Prompt processing progress: 77824/200009
2026-10-02 08:15:56,291 - INFO - Prompt processing progress: 79872/200009
2026-10-02 08:15:59,172 - INFO - Prompt processing progress: 81920/200009
2026-10-02 08:16:02,236 - INFO - Prompt processing progress: 83968/200009
2026-10-02 08:16:05,262 - INFO - Prompt processing progress: 86016/200009
2026-10-02 08:16:08,324 - INFO - Prompt processing progress: 88064/200009
2026-10-02 08:16:11,395 - INFO - Prompt processing progress: 90112/200009
2026-10-02 08:16:14,507 - INFO - Prompt processing progress: 92160/200009
2026-10-02 08:16:17,672 - INFO - Prompt processing progress: 94208/200009
2026-10-02 08:16:20,845 - INFO - Prompt processing progress: 96256/200009
2026-10-02 08:16:24,218 - INFO - Prompt processing progress: 98304/200009
2026-10-02 08:16:27,640 - INFO - Prompt processing progress: 100352/200009
2026-10-02 08:16:30,971 - INFO - Prompt processing progress: 102400/200009
2026-10-02 08:16:34,354 - INFO - Prompt processing progress: 104448/200009
2026-10-02 08:16:37,765 - INFO - Prompt processing progress: 106496/200009
2026-10-02 08:16:41,269 - INFO - Prompt processing progress: 108544/200009
2026-10-02 08:16:44,832 - INFO - Prompt processing progress: 110592/200009
2026-10-02 08:16:48,275 - INFO - Prompt processing progress: 112640/200009
2026-10-02 08:16:51,886 - INFO - Prompt processing progress: 114688/200009
2026-10-02 08:16:55,600 - INFO - Prompt processing progress: 116736/200009
2026-10-02 08:16:59,247 - INFO - Prompt processing progress: 118784/200009
2026-10-02 08:17:02,923 - INFO - Prompt processing progress: 120832/200009
2026-10-02 08:17:06,661 - INFO - Prompt processing progress: 122880/200009
2026-10-02 08:17:10,433 - INFO - Prompt processing progress: 124928/200009
2026-10-02 08:17:14,286 - INFO - Prompt processing progress: 126976/200009
2026-10-02 08:17:18,149 - INFO - Prompt processing progress: 129024/200009
2026-10-02 08:17:22,009 - INFO - Prompt processing progress: 131072/200009
2026-10-02 08:17:25,977 - INFO - Prompt processing progress: 133120/200009
2026-10-02 08:17:30,005 - INFO - Prompt processing progress: 135168/200009
2026-10-02 08:17:34,024 - INFO - Prompt processing progress: 137216/200009
2026-10-02 08:17:38,155 - INFO - Prompt processing progress: 139264/200009
2026-10-02 08:17:42,218 - INFO - Prompt processing progress: 141312/200009
2026-10-02 08:17:46,285 - INFO - Prompt processing progress: 143360/200009
2026-10-02 08:17:50,433 - INFO - Prompt processing progress: 145408/200009
2026-10-02 08:17:54,703 - INFO - Prompt processing progress: 147456/200009
2026-10-02 08:17:58,890 - INFO - Prompt processing progress: 149504/200009
2026-10-02 08:18:03,264 - INFO - Prompt processing progress: 151552/200009
2026-10-02 08:18:07,534 - INFO - Prompt processing progress: 153600/200009
2026-10-02 08:18:11,855 - INFO - Prompt processing progress: 155648/200009
2026-10-02 08:18:16,229 - INFO - Prompt processing progress: 157696/200009
2026-10-02 08:18:20,759 - INFO - Prompt processing progress: 159744/200009
2026-10-02 08:18:25,293 - INFO - Prompt processing progress: 161792/200009
2026-10-02 08:18:29,785 - INFO - Prompt processing progress: 163840/200009
2026-10-02 08:18:34,320 - INFO - Prompt processing progress: 165888/200009
2026-10-02 08:18:38,886 - INFO - Prompt processing progress: 167936/200009
2026-10-02 08:18:43,576 - INFO - Prompt processing progress: 169984/200009
2026-10-02 08:18:48,319 - INFO - Prompt processing progress: 172032/200009
2026-10-02 08:18:53,137 - INFO - Prompt processing progress: 174080/200009
2026-10-02 08:18:57,900 - INFO - Prompt processing progress: 176128/200009
2026-10-02 08:19:02,574 - INFO - Prompt processing progress: 178176/200009
2026-10-02 08:19:07,340 - INFO - Prompt processing progress: 180224/200009
2026-10-02 08:19:12,383 - INFO - Prompt processing progress: 182272/200009
2026-10-02 08:19:17,230 - INFO - Prompt processing progress: 184320/200009
2026-10-02 08:19:22,208 - INFO - Prompt processing progress: 186368/200009
2026-10-02 08:19:27,301 - INFO - Prompt processing progress: 188416/200009
2026-10-02 08:19:32,307 - INFO - Prompt processing progress: 190464/200009
2026-10-02 08:19:37,438 - INFO - Prompt processing progress: 192512/200009
2026-10-02 08:19:42,681 - INFO - Prompt processing progress: 194560/200009
2026-10-02 08:19:47,817 - INFO - Prompt processing progress: 196608/200009
2026-10-02 08:19:52,987 - INFO - Prompt processing progress: 198656/200009
2026-10-02 08:19:56,726 - INFO - Prompt processing progress: 200008/200009
2026-10-02 08:19:56,884 - INFO - Prompt processing progress: 200009/200009
127.0.0.1 - - [02/Oct/2026 08:19:58] "POST /v1/chat/completions HTTP/1.1" 200 -
2026-10-02 08:19:58,518 - INFO - Prompt Cache: 1 sequences, 17.24 GB
2026-10-02 08:19:58,518 - INFO - - assistant: 1 sequences, 17.24 GB
2026-10-02 08:19:58,518 - INFO - - user: 0 sequences, 0.00 GB
2026-10-02 08:19:58,518 - INFO - - system: 0 sequences, 0.00 GB
2026-10-02 08:19:58,639 - INFO - Prompt processing progress: 0/204305
2026-10-02 08:20:00,118 - INFO - Prompt processing progress: 2048/204305
2026-10-02 08:20:01,687 - INFO - Prompt processing progress: 4096/204305
2026-10-02 08:20:03,276 - INFO - Prompt processing progress: 6144/204305
2026-10-02 08:20:04,894 - INFO - Prompt processing progress: 8192/204305
2026-10-02 08:20:06,536 - INFO - Prompt processing progress: 10240/204305
2026-10-02 08:20:08,216 - INFO - Prompt processing progress: 12288/204305
2026-10-02 08:20:09,946 - INFO - Prompt processing progress: 14336/204305
2026-10-02 08:20:11,686 - INFO - Prompt processing progress: 16384/204305
2026-10-02 08:20:13,471 - INFO - Prompt processing progress: 18432/204305
2026-10-02 08:20:15,282 - INFO - Prompt processing progress: 20480/204305
2026-10-02 08:20:17,134 - INFO - Prompt processing progress: 22528/204305
2026-10-02 08:20:19,022 - INFO - Prompt processing progress: 24576/204305
2026-10-02 08:20:20,968 - INFO - Prompt processing progress: 26624/204305
2026-10-02 08:20:22,979 - INFO - Prompt processing progress: 28672/204305
2026-10-02 08:20:24,994 - INFO - Prompt processing progress: 30720/204305
2026-10-02 08:20:27,048 - INFO - Prompt processing progress: 32768/204305
2026-10-02 08:20:29,119 - INFO - Prompt processing progress: 34816/204305
2026-10-02 08:20:31,233 - INFO - Prompt processing progress: 36864/204305
2026-10-02 08:20:33,368 - INFO - Prompt processing progress: 38912/204305
2026-10-02 08:20:35,569 - INFO - Prompt processing progress: 40960/204305
2026-10-02 08:20:37,783 - INFO - Prompt processing progress: 43008/204305
2026-10-02 08:20:40,031 - INFO - Prompt processing progress: 45056/204305
2026-10-02 08:20:42,349 - INFO - Prompt processing progress: 47104/204305
2026-10-02 08:20:44,742 - INFO - Prompt processing progress: 49152/204305
2026-10-02 08:20:47,186 - INFO - Prompt processing progress: 51200/204305
2026-10-02 08:20:49,611 - INFO - Prompt processing progress: 53248/204305
2026-10-02 08:20:52,087 - INFO - Prompt processing progress: 55296/204305
2026-10-02 08:20:54,601 - INFO - Prompt processing progress: 57344/204305
2026-10-02 08:20:57,122 - INFO - Prompt processing progress: 59392/204305
2026-10-02 08:20:59,664 - INFO - Prompt processing progress: 61440/204305
2026-10-02 08:21:02,292 - INFO - Prompt processing progress: 63488/204305
2026-10-02 08:21:04,903 - INFO - Prompt processing progress: 65536/204305
2026-10-02 08:21:07,614 - INFO - Prompt processing progress: 67584/204305
2026-10-02 08:21:10,321 - INFO - Prompt processing progress: 69632/204305
2026-10-02 08:21:13,088 - INFO - Prompt processing progress: 71680/204305
2026-10-02 08:21:15,932 - INFO - Prompt processing progress: 73728/204305
2026-10-02 08:21:18,723 - INFO - Prompt processing progress: 75776/204305
2026-10-02 08:21:21,575 - INFO - Prompt processing progress: 77824/204305
2026-10-02 08:21:24,483 - INFO - Prompt processing progress: 79872/204305
2026-10-02 08:21:27,557 - INFO - Prompt processing progress: 81920/204305
2026-10-02 08:21:30,561 - INFO - Prompt processing progress: 83968/204305
2026-10-02 08:21:33,606 - INFO - Prompt processing progress: 86016/204305
2026-10-02 08:21:36,697 - INFO - Prompt processing progress: 88064/204305
2026-10-02 08:21:39,801 - INFO - Prompt processing progress: 90112/204305
2026-10-02 08:21:42,972 - INFO - Prompt processing progress: 92160/204305
2026-10-02 08:21:46,232 - INFO - Prompt processing progress: 94208/204305
2026-10-02 08:21:49,406 - INFO - Prompt processing progress: 96256/204305
2026-10-02 08:21:52,668 - INFO - Prompt processing progress: 98304/204305
2026-10-02 08:21:55,969 - INFO - Prompt processing progress: 100352/204305
2026-10-02 08:21:59,317 - INFO - Prompt processing progress: 102400/204305
2026-10-02 08:22:02,675 - INFO - Prompt processing progress: 104448/204305
2026-10-02 08:22:06,228 - INFO - Prompt processing progress: 106496/204305
2026-10-02 08:22:09,692 - INFO - Prompt processing progress: 108544/204305
2026-10-02 08:22:13,170 - INFO - Prompt processing progress: 110592/204305
2026-10-02 08:22:16,772 - INFO - Prompt processing progress: 112640/204305
2026-10-02 08:22:20,369 - INFO - Prompt processing progress: 114688/204305
2026-10-02 08:22:24,006 - INFO - Prompt processing progress: 116736/204305
2026-10-02 08:22:27,700 - INFO - Prompt processing progress: 118784/204305
2026-10-02 08:22:31,445 - INFO - Prompt processing progress: 120832/204305
2026-10-02 08:22:35,165 - INFO - Prompt processing progress: 122880/204305
2026-10-02 08:22:38,982 - INFO - Prompt processing progress: 124928/204305
2026-10-02 08:22:42,828 - INFO - Prompt processing progress: 126976/204305
2026-10-02 08:22:46,712 - INFO - Prompt processing progress: 129024/204305
2026-10-02 08:22:50,648 - INFO - Prompt processing progress: 131072/204305
2026-10-02 08:22:54,695 - INFO - Prompt processing progress: 133120/204305
2026-10-02 08:22:58,564 - INFO - Prompt processing progress: 135168/204305
2026-10-02 08:23:02,563 - INFO - Prompt processing progress: 137216/204305
2026-10-02 08:23:06,605 - INFO - Prompt processing progress: 139264/204305
2026-10-02 08:23:10,722 - INFO - Prompt processing progress: 141312/204305
2026-10-02 08:23:14,813 - INFO - Prompt processing progress: 143360/204305
2026-10-02 08:23:19,104 - INFO - Prompt processing progress: 145408/204305
2026-10-02 08:23:23,312 - INFO - Prompt processing progress: 147456/204305
2026-10-02 08:23:27,537 - INFO - Prompt processing progress: 149504/204305
2026-10-02 08:23:31,916 - INFO - Prompt processing progress: 151552/204305
2026-10-02 08:23:36,200 - INFO - Prompt processing progress: 153600/204305
2026-10-02 08:23:40,601 - INFO - Prompt processing progress: 155648/204305
2026-10-02 08:23:44,924 - INFO - Prompt processing progress: 157696/204305
2026-10-02 08:23:49,405 - INFO - Prompt processing progress: 159744/204305
2026-10-02 08:23:53,885 - INFO - Prompt processing progress: 161792/204305
2026-10-02 08:23:58,514 - INFO - Prompt processing progress: 163840/204305
2026-10-02 08:24:03,064 - INFO - Prompt processing progress: 165888/204305
2026-10-02 08:24:07,628 - INFO - Prompt processing progress: 167936/204305
2026-10-02 08:24:12,198 - INFO - Prompt processing progress: 169984/204305
2026-10-02 08:24:16,874 - INFO - Prompt processing progress: 172032/204305
2026-10-02 08:24:21,771 - INFO - Prompt processing progress: 174080/204305
2026-10-02 08:24:26,597 - INFO - Prompt processing progress: 176128/204305
2026-10-02 08:24:31,339 - INFO - Prompt processing progress: 178176/204305
2026-10-02 08:24:36,222 - INFO - Prompt processing progress: 180224/204305
2026-10-02 08:24:41,026 - INFO - Prompt processing progress: 182272/204305
2026-10-02 08:24:46,091 - INFO - Prompt processing progress: 184320/204305
2026-10-02 08:24:50,997 - INFO - Prompt processing progress: 186368/204305
2026-10-02 08:24:55,878 - INFO - Prompt processing progress: 188416/204305
2026-10-02 08:25:00,966 - INFO - Prompt processing progress: 190464/204305
2026-10-02 08:25:06,031 - INFO - Prompt processing progress: 192512/204305
2026-10-02 08:25:11,158 - INFO - Prompt processing progress: 194560/204305
2026-10-02 08:25:16,390 - INFO - Prompt processing progress: 196608/204305
2026-10-02 08:25:21,669 - INFO - Prompt processing progress: 198656/204305
2026-10-02 08:25:26,863 - INFO - Prompt processing progress: 200704/204305
2026-10-02 08:25:32,158 - INFO - Prompt processing progress: 202752/204305
2026-10-02 08:25:36,564 - INFO - Prompt processing progress: 204304/204305
2026-10-02 08:25:36,730 - INFO - Prompt processing progress: 204305/204305
127.0.0.1 - - [02/Oct/2026 08:26:13] "POST /v1/chat/completions HTTP/1.1" 200 -
2026-10-02 08:26:13,491 - INFO - Prompt Cache: 1 sequences, 17.64 GB
2026-10-02 08:26:13,491 - INFO - - assistant: 1 sequences, 17.64 GB
2026-10-02 08:26:13,491 - INFO - - user: 0 sequences, 0.00 GB
2026-10-02 08:26:13,491 - INFO - - system: 0 sequences, 0.00 GB
2026-10-02 08:26:13,606 - INFO - Prompt processing progress: 0/204872
2026-10-02 08:26:15,053 - INFO - Prompt processing progress: 2048/204872
2026-10-02 08:26:16,640 - INFO - Prompt processing progress: 4096/204872
2026-10-02 08:26:18,217 - INFO - Prompt processing progress: 6144/204872
2026-10-02 08:26:19,843 - INFO - Prompt processing progress: 8192/204872
2026-10-02 08:26:21,492 - INFO - Prompt processing progress: 10240/204872
2026-10-02 08:26:23,179 - INFO - Prompt processing progress: 12288/204872
2026-10-02 08:26:24,894 - INFO - Prompt processing progress: 14336/204872
2026-10-02 08:26:26,656 - INFO - Prompt processing progress: 16384/204872
2026-10-02 08:26:28,449 - INFO - Prompt processing progress: 18432/204872
2026-10-02 08:26:30,273 - INFO - Prompt processing progress: 20480/204872
2026-10-02 08:26:32,127 - INFO - Prompt processing progress: 22528/204872
2026-10-02 08:26:34,032 - INFO - Prompt processing progress: 24576/204872
2026-10-02 08:26:35,976 - INFO - Prompt processing progress: 26624/204872
2026-10-02 08:26:37,965 - INFO - Prompt processing progress: 28672/204872
2026-10-02 08:26:39,971 - INFO - Prompt processing progress: 30720/204872
2026-10-02 08:26:42,016 - INFO - Prompt processing progress: 32768/204872
2026-10-02 08:26:44,096 - INFO - Prompt processing progress: 34816/204872
2026-10-02 08:26:46,205 - INFO - Prompt processing progress: 36864/204872
2026-10-02 08:26:48,349 - INFO - Prompt processing progress: 38912/204872
2026-10-02 08:26:50,519 - INFO - Prompt processing progress: 40960/204872
2026-10-02 08:26:52,745 - INFO - Prompt processing progress: 43008/204872
2026-10-02 08:26:55,009 - INFO - Prompt processing progress: 45056/204872
2026-10-02 08:26:57,359 - INFO - Prompt processing progress: 47104/204872
2026-10-02 08:26:59,730 - INFO - Prompt processing progress: 49152/204872
2026-10-02 08:27:02,131 - INFO - Prompt processing progress: 51200/204872
2026-10-02 08:27:04,578 - INFO - Prompt processing progress: 53248/204872
2026-10-02 08:27:07,024 - INFO - Prompt processing progress: 55296/204872
2026-10-02 08:27:09,539 - INFO - Prompt processing progress: 57344/204872
2026-10-02 08:27:12,086 - INFO - Prompt processing progress: 59392/204872
2026-10-02 08:27:14,671 - INFO - Prompt processing progress: 61440/204872
2026-10-02 08:27:17,376 - INFO - Prompt processing progress: 63488/204872
2026-10-02 08:27:20,029 - INFO - Prompt processing progress: 65536/204872
2026-10-02 08:27:22,728 - INFO - Prompt processing progress: 67584/204872
2026-10-02 08:27:25,450 - INFO - Prompt processing progress: 69632/204872
2026-10-02 08:27:28,190 - INFO - Prompt processing progress: 71680/204872
2026-10-02 08:27:30,979 - INFO - Prompt processing progress: 73728/204872
2026-10-02 08:27:33,832 - INFO - Prompt processing progress: 75776/204872
2026-10-02 08:27:36,697 - INFO - Prompt processing progress: 77824/204872
2026-10-02 08:27:39,675 - INFO - Prompt processing progress: 79872/204872
2026-10-02 08:27:42,631 - INFO - Prompt processing progress: 81920/204872
2026-10-02 08:27:45,591 - INFO - Prompt processing progress: 83968/204872
2026-10-02 08:27:48,612 - INFO - Prompt processing progress: 86016/204872
2026-10-02 08:27:51,636 - INFO - Prompt processing progress: 88064/204872
2026-10-02 08:27:54,741 - INFO - Prompt processing progress: 90112/204872
2026-10-02 08:27:57,891 - INFO - Prompt processing progress: 92160/204872
2026-10-02 08:28:01,101 - INFO - Prompt processing progress: 94208/204872
2026-10-02 08:28:04,349 - INFO - Prompt processing progress: 96256/204872
2026-10-02 08:28:07,577 - INFO - Prompt processing progress: 98304/204872
2026-10-02 08:28:10,952 - INFO - Prompt processing progress: 100352/204872
2026-10-02 08:28:14,331 - INFO - Prompt processing progress: 102400/204872
2026-10-02 08:28:17,668 - INFO - Prompt processing progress: 104448/204872
2026-10-02 08:28:21,185 - INFO - Prompt processing progress: 106496/204872
2026-10-02 08:28:24,641 - INFO - Prompt processing progress: 108544/204872
2026-10-02 08:28:28,194 - INFO - Prompt processing progress: 110592/204872
2026-10-02 08:28:31,755 - INFO - Prompt processing progress: 112640/204872
2026-10-02 08:28:35,296 - INFO - Prompt processing progress: 114688/204872
2026-10-02 08:28:39,019 - INFO - Prompt processing progress: 116736/204872
2026-10-02 08:28:42,658 - INFO - Prompt processing progress: 118784/204872
2026-10-02 08:28:46,332 - INFO - Prompt processing progress: 120832/204872
2026-10-02 08:28:50,042 - INFO - Prompt processing progress: 122880/204872
2026-10-02 08:28:53,794 - INFO - Prompt processing progress: 124928/204872
2026-10-02 08:28:57,605 - INFO - Prompt processing progress: 126976/204872
2026-10-02 08:29:01,496 - INFO - Prompt processing progress: 129024/204872
2026-10-02 08:29:05,378 - INFO - Prompt processing progress: 131072/204872
2026-10-02 08:29:09,384 - INFO - Prompt processing progress: 133120/204872
2026-10-02 08:29:13,420 - INFO - Prompt processing progress: 135168/204872
2026-10-02 08:29:17,323 - INFO - Prompt processing progress: 137216/204872
2026-10-02 08:29:21,333 - INFO - Prompt processing progress: 139264/204872
2026-10-02 08:29:25,328 - INFO - Prompt processing progress: 141312/204872
2026-10-02 08:29:29,518 - INFO - Prompt processing progress: 143360/204872
2026-10-02 08:29:33,768 - INFO - Prompt processing progress: 145408/204872
2026-10-02 08:29:37,831 - INFO - Prompt processing progress: 147456/204872
2026-10-02 08:29:42,079 - INFO - Prompt processing progress: 149504/204872
2026-10-02 08:29:46,330 - INFO - Prompt processing progress: 151552/204872
2026-10-02 08:29:50,648 - INFO - Prompt processing progress: 153600/204872
2026-10-02 08:29:55,098 - INFO - Prompt processing progress: 155648/204872
2026-10-02 08:29:59,488 - INFO - Prompt processing progress: 157696/204872
2026-10-02 08:30:03,998 - INFO - Prompt processing progress: 159744/204872
2026-10-02 08:30:08,421 - INFO - Prompt processing progress: 161792/204872
2026-10-02 08:30:12,948 - INFO - Prompt processing progress: 163840/204872
2026-10-02 08:30:17,471 - INFO - Prompt processing progress: 165888/204872
2026-10-02 08:30:21,851 - INFO - Prompt processing progress: 167936/204872
2026-10-02 08:30:26,228 - INFO - Prompt processing progress: 169984/204872
2026-10-02 08:30:30,652 - INFO - Prompt processing progress: 172032/204872
2026-10-02 08:30:35,114 - INFO - Prompt processing progress: 174080/204872
2026-10-02 08:30:39,621 - INFO - Prompt processing progress: 176128/204872
2026-10-02 08:30:44,213 - INFO - Prompt processing progress: 178176/204872
2026-10-02 08:30:48,784 - INFO - Prompt processing progress: 180224/204872
2026-10-02 08:30:53,376 - INFO - Prompt processing progress: 182272/204872
2026-10-02 08:30:58,055 - INFO - Prompt processing progress: 184320/204872
2026-10-02 08:31:02,736 - INFO - Prompt processing progress: 186368/204872
2026-10-02 08:31:07,462 - INFO - Prompt processing progress: 188416/204872
2026-10-02 08:31:12,184 - INFO - Prompt processing progress: 190464/204872
2026-10-02 08:31:16,947 - INFO - Prompt processing progress: 192512/204872
2026-10-02 08:31:21,731 - INFO - Prompt processing progress: 194560/204872
2026-10-02 08:31:26,600 - INFO - Prompt processing progress: 196608/204872
2026-10-02 08:31:31,481 - INFO - Prompt processing progress: 198656/204872
2026-10-02 08:31:36,409 - INFO - Prompt processing progress: 200704/204872
2026-10-02 08:31:41,367 - INFO - Prompt processing progress: 202752/204872
2026-10-02 08:31:46,363 - INFO - Prompt processing progress: 204800/204872
2026-10-02 08:31:47,077 - INFO - Prompt processing progress: 204871/204872
2026-10-02 08:31:47,214 - INFO - Prompt processing progress: 204872/204872
