<M5_REPO>/vendor/vlm-runtime/.venv/lib/python3.12/site-packages/mlx_lm/server.py:1723: UserWarning: mlx_lm.server is not recommended for production as it only implements basic security checks.
  warnings.warn(
2026-10-02 02:16:48,296 - INFO - Starting httpd at 127.0.0.1 on port 18184...
127.0.0.1 - - [02/Oct/2026 02:16:48] "GET /v1/models HTTP/1.1" 200 -
127.0.0.1 - - [02/Oct/2026 02:16:49] "GET /v1/models HTTP/1.1" 200 -
2026-10-02 02:16:49,463 - INFO - Prompt Cache: 0 sequences, 0.00 GB
2026-10-02 02:16:49,463 - INFO - - assistant: 0 sequences, 0.00 GB
2026-10-02 02:16:49,463 - INFO - - user: 0 sequences, 0.00 GB
2026-10-02 02:16:49,463 - INFO - - system: 0 sequences, 0.00 GB
127.0.0.1 - - [02/Oct/2026 02:16:49] "POST /v1/chat/completions HTTP/1.1" 200 -
2026-10-02 02:16:49,664 - INFO - Prompt processing progress: 756/778
2026-10-02 02:16:49,693 - INFO - Prompt processing progress: 776/778
2026-10-02 02:16:49,712 - INFO - Prompt processing progress: 777/778
2026-10-02 02:16:49,737 - INFO - Prompt processing progress: 778/778
2026-10-02 02:16:50,635 - INFO - Prompt Cache: 1 sequences, 0.08 GB
2026-10-02 02:16:50,635 - INFO - - assistant: 0 sequences, 0.00 GB
2026-10-02 02:16:50,635 - INFO - - user: 0 sequences, 0.00 GB
2026-10-02 02:16:50,635 - INFO - - system: 1 sequences, 0.08 GB
127.0.0.1 - - [02/Oct/2026 02:16:50] "POST /v1/chat/completions HTTP/1.1" 200 -
2026-10-02 02:16:50,780 - INFO - Prompt processing progress: 143/145
2026-10-02 02:16:50,794 - INFO - Prompt processing progress: 144/145
2026-10-02 02:16:50,808 - INFO - Prompt processing progress: 145/145
2026-10-02 02:16:51,805 - INFO - Prompt Cache: 1 sequences, 0.08 GB
2026-10-02 02:16:51,805 - INFO - - assistant: 0 sequences, 0.00 GB
2026-10-02 02:16:51,805 - INFO - - user: 0 sequences, 0.00 GB
2026-10-02 02:16:51,805 - INFO - - system: 1 sequences, 0.08 GB
127.0.0.1 - - [02/Oct/2026 02:16:51] "POST /v1/chat/completions HTTP/1.1" 200 -
2026-10-02 02:16:51,962 - INFO - Prompt processing progress: 251/253
2026-10-02 02:16:51,976 - INFO - Prompt processing progress: 252/253
2026-10-02 02:16:51,990 - INFO - Prompt processing progress: 253/253
2026-10-02 02:16:52,996 - INFO - Prompt Cache: 1 sequences, 0.08 GB
2026-10-02 02:16:52,996 - INFO - - assistant: 0 sequences, 0.00 GB
2026-10-02 02:16:52,996 - INFO - - user: 0 sequences, 0.00 GB
2026-10-02 02:16:52,996 - INFO - - system: 1 sequences, 0.08 GB
127.0.0.1 - - [02/Oct/2026 02:16:52] "POST /v1/chat/completions HTTP/1.1" 200 -
2026-10-02 02:16:53,160 - INFO - Prompt processing progress: 362/364
2026-10-02 02:16:53,174 - INFO - Prompt processing progress: 363/364
2026-10-02 02:16:53,188 - INFO - Prompt processing progress: 364/364
2026-10-02 02:16:55,160 - INFO - Prompt Cache: 1 sequences, 0.08 GB
2026-10-02 02:16:55,160 - INFO - - assistant: 0 sequences, 0.00 GB
2026-10-02 02:16:55,160 - INFO - - user: 0 sequences, 0.00 GB
2026-10-02 02:16:55,160 - INFO - - system: 1 sequences, 0.08 GB
127.0.0.1 - - [02/Oct/2026 02:16:55] "POST /v1/chat/completions HTTP/1.1" 200 -
2026-10-02 02:16:55,340 - INFO - Prompt processing progress: 540/542
2026-10-02 02:16:55,354 - INFO - Prompt processing progress: 541/542
2026-10-02 02:16:55,371 - INFO - Prompt processing progress: 542/542
2026-10-02 02:16:56,738 - INFO - Prompt Cache: 1 sequences, 0.08 GB
2026-10-02 02:16:56,738 - INFO - - assistant: 0 sequences, 0.00 GB
2026-10-02 02:16:56,738 - INFO - - user: 0 sequences, 0.00 GB
2026-10-02 02:16:56,738 - INFO - - system: 1 sequences, 0.08 GB
127.0.0.1 - - [02/Oct/2026 02:16:56] "POST /v1/chat/completions HTTP/1.1" 200 -
2026-10-02 02:16:56,875 - INFO - Prompt processing progress: 131/832
2026-10-02 02:16:56,978 - INFO - Prompt processing progress: 830/832
2026-10-02 02:16:56,991 - INFO - Prompt processing progress: 831/832
2026-10-02 02:16:57,008 - INFO - Prompt processing progress: 832/832
