{
  "success": true,
  "run_id": "ab8e0524-793a-4174-995e-45725c42aca4",
  "context": {
    "requested_tokens": 65536,
    "observed_tokens": 65536,
    "observed_reason": "reported",
    "full_benchmark_tokens": 65536,
    "reduced": false
  },
  "deployment": "<repo>/results/m5-aa-mini-20261001/raw/deployment.json",
  "deployment_log": "<repo>/results/m5-aa-mini-20261001/raw/deployment.log",
  "measurement": "<repo>/results/m5-aa-mini-20261001/raw/measurement.json",
  "qualification": "<repo>/results/m5-aa-mini-20261001/raw/qualification.json",
  "qualification_passed": true,
  "power": null,
  "artifacts": {
    "turns": "<repo>/results/m5-aa-mini-20261001/raw/turns.jsonl",
    "tasks": "<repo>/results/m5-aa-mini-20261001/raw/tasks.json",
    "tools": "<repo>/results/m5-aa-mini-20261001/raw/tools.json",
    "failures": "<repo>/results/m5-aa-mini-20261001/raw/failures.json",
    "summary": "<repo>/results/m5-aa-mini-20261001/raw/summary.json"
  }
}
