<M5_REPO>/.venv/lib/python3.12/site-packages/mlx_lm/server.py:1723: UserWarning: mlx_lm.server is not recommended for production as it only implements basic security checks.
  warnings.warn(
2026-10-02 02:04:26,476 - INFO - Starting httpd at 127.0.0.1 on port 18184...
127.0.0.1 - - [02/Oct/2026 02:04:27] "GET /v1/models HTTP/1.1" 200 -
127.0.0.1 - - [02/Oct/2026 02:04:27] "GET /v1/models HTTP/1.1" 200 -
2026-10-02 02:04:27,731 - INFO - Prompt Cache: 0 sequences, 0.00 GB
2026-10-02 02:04:27,731 - INFO - - assistant: 0 sequences, 0.00 GB
2026-10-02 02:04:27,731 - INFO - - user: 0 sequences, 0.00 GB
2026-10-02 02:04:27,731 - INFO - - system: 0 sequences, 0.00 GB
127.0.0.1 - - [02/Oct/2026 02:04:27] "POST /v1/chat/completions HTTP/1.1" 200 -
2026-10-02 02:04:28,356 - INFO - Prompt processing progress: 794/816
2026-10-02 02:04:28,433 - INFO - Prompt processing progress: 814/816
2026-10-02 02:04:28,470 - INFO - Prompt processing progress: 815/816
2026-10-02 02:04:28,520 - INFO - Prompt processing progress: 816/816
2026-10-02 02:04:30,793 - INFO - Prompt Cache: 1 sequences, 0.21 GB
2026-10-02 02:04:30,793 - INFO - - assistant: 0 sequences, 0.00 GB
2026-10-02 02:04:30,793 - INFO - - user: 0 sequences, 0.00 GB
2026-10-02 02:04:30,793 - INFO - - system: 1 sequences, 0.21 GB
127.0.0.1 - - [02/Oct/2026 02:04:30] "POST /v1/chat/completions HTTP/1.1" 200 -
2026-10-02 02:04:31,053 - INFO - Prompt processing progress: 147/149
2026-10-02 02:04:31,089 - INFO - Prompt processing progress: 148/149
2026-10-02 02:04:31,128 - INFO - Prompt processing progress: 149/149
2026-10-02 02:04:33,484 - INFO - Prompt Cache: 1 sequences, 0.21 GB
2026-10-02 02:04:33,484 - INFO - - assistant: 0 sequences, 0.00 GB
2026-10-02 02:04:33,484 - INFO - - user: 0 sequences, 0.00 GB
2026-10-02 02:04:33,484 - INFO - - system: 1 sequences, 0.21 GB
127.0.0.1 - - [02/Oct/2026 02:04:33] "POST /v1/chat/completions HTTP/1.1" 200 -
2026-10-02 02:04:33,810 - INFO - Prompt processing progress: 259/261
2026-10-02 02:04:33,848 - INFO - Prompt processing progress: 260/261
2026-10-02 02:04:33,885 - INFO - Prompt processing progress: 261/261
2026-10-02 02:04:36,363 - INFO - Prompt Cache: 1 sequences, 0.21 GB
2026-10-02 02:04:36,363 - INFO - - assistant: 0 sequences, 0.00 GB
2026-10-02 02:04:36,363 - INFO - - user: 0 sequences, 0.00 GB
2026-10-02 02:04:36,363 - INFO - - system: 1 sequences, 0.21 GB
127.0.0.1 - - [02/Oct/2026 02:04:36] "POST /v1/chat/completions HTTP/1.1" 200 -
2026-10-02 02:04:36,736 - INFO - Prompt processing progress: 374/376
2026-10-02 02:04:36,772 - INFO - Prompt processing progress: 375/376
2026-10-02 02:04:36,813 - INFO - Prompt processing progress: 376/376
2026-10-02 02:04:41,562 - INFO - Prompt Cache: 1 sequences, 0.21 GB
2026-10-02 02:04:41,562 - INFO - - assistant: 0 sequences, 0.00 GB
2026-10-02 02:04:41,563 - INFO - - user: 0 sequences, 0.00 GB
2026-10-02 02:04:41,563 - INFO - - system: 1 sequences, 0.21 GB
127.0.0.1 - - [02/Oct/2026 02:04:41] "POST /v1/chat/completions HTTP/1.1" 200 -
2026-10-02 02:04:42,050 - INFO - Prompt processing progress: 556/558
2026-10-02 02:04:42,087 - INFO - Prompt processing progress: 557/558
2026-10-02 02:04:42,127 - INFO - Prompt processing progress: 558/558
2026-10-02 02:04:44,967 - INFO - Prompt Cache: 1 sequences, 0.21 GB
2026-10-02 02:04:44,967 - INFO - - assistant: 0 sequences, 0.00 GB
2026-10-02 02:04:44,967 - INFO - - user: 0 sequences, 0.00 GB
2026-10-02 02:04:44,967 - INFO - - system: 1 sequences, 0.21 GB
127.0.0.1 - - [02/Oct/2026 02:04:44] "POST /v1/chat/completions HTTP/1.1" 200 -
2026-10-02 02:04:45,223 - INFO - Prompt processing progress: 169/890
2026-10-02 02:04:45,726 - INFO - Prompt processing progress: 888/890
2026-10-02 02:04:45,765 - INFO - Prompt processing progress: 889/890
2026-10-02 02:04:45,807 - INFO - Prompt processing progress: 890/890
