<M5_REPO>/.venv/lib/python3.12/site-packages/mlx_lm/server.py:1723: UserWarning: mlx_lm.server is not recommended for production as it only implements basic security checks.
  warnings.warn(
2026-10-02 10:18:31,604 - INFO - Starting httpd at 127.0.0.1 on port 18185...
127.0.0.1 - - [02/Oct/2026 10:18:32] "GET /v1/models HTTP/1.1" 200 -
127.0.0.1 - - [02/Oct/2026 10:18:56] "POST /v1/chat/completions HTTP/1.1" 200 -
2026-10-02 10:18:56,000 - INFO - Prompt Cache: 0 sequences, 0.00 GB
2026-10-02 10:18:56,000 - INFO - - assistant: 0 sequences, 0.00 GB
2026-10-02 10:18:56,000 - INFO - - user: 0 sequences, 0.00 GB
2026-10-02 10:18:56,000 - INFO - - system: 0 sequences, 0.00 GB
2026-10-02 10:18:56,095 - INFO - Prompt processing progress: 0/200025
2026-10-02 10:18:57,700 - INFO - Prompt processing progress: 2048/200025
2026-10-02 10:18:59,220 - INFO - Prompt processing progress: 4096/200025
2026-10-02 10:19:00,766 - INFO - Prompt processing progress: 6144/200025
2026-10-02 10:19:02,343 - INFO - Prompt processing progress: 8192/200025
2026-10-02 10:19:03,959 - INFO - Prompt processing progress: 10240/200025
2026-10-02 10:19:05,606 - INFO - Prompt processing progress: 12288/200025
2026-10-02 10:19:07,287 - INFO - Prompt processing progress: 14336/200025
2026-10-02 10:19:09,000 - INFO - Prompt processing progress: 16384/200025
2026-10-02 10:19:10,752 - INFO - Prompt processing progress: 18432/200025
2026-10-02 10:19:12,538 - INFO - Prompt processing progress: 20480/200025
2026-10-02 10:19:14,355 - INFO - Prompt processing progress: 22528/200025
2026-10-02 10:19:16,203 - INFO - Prompt processing progress: 24576/200025
2026-10-02 10:19:18,087 - INFO - Prompt processing progress: 26624/200025
2026-10-02 10:19:20,008 - INFO - Prompt processing progress: 28672/200025
2026-10-02 10:19:21,957 - INFO - Prompt processing progress: 30720/200025
2026-10-02 10:19:23,947 - INFO - Prompt processing progress: 32768/200025
2026-10-02 10:19:25,967 - INFO - Prompt processing progress: 34816/200025
2026-10-02 10:19:28,024 - INFO - Prompt processing progress: 36864/200025
2026-10-02 10:19:30,117 - INFO - Prompt processing progress: 38912/200025
2026-10-02 10:19:32,248 - INFO - Prompt processing progress: 40960/200025
2026-10-02 10:19:34,415 - INFO - Prompt processing progress: 43008/200025
2026-10-02 10:19:36,620 - INFO - Prompt processing progress: 45056/200025
2026-10-02 10:19:38,858 - INFO - Prompt processing progress: 47104/200025
2026-10-02 10:19:41,133 - INFO - Prompt processing progress: 49152/200025
2026-10-02 10:19:43,435 - INFO - Prompt processing progress: 51200/200025
2026-10-02 10:19:45,784 - INFO - Prompt processing progress: 53248/200025
2026-10-02 10:19:48,158 - INFO - Prompt processing progress: 55296/200025
2026-10-02 10:19:50,582 - INFO - Prompt processing progress: 57344/200025
2026-10-02 10:19:53,034 - INFO - Prompt processing progress: 59392/200025
2026-10-02 10:19:55,528 - INFO - Prompt processing progress: 61440/200025
2026-10-02 10:19:58,060 - INFO - Prompt processing progress: 63488/200025
2026-10-02 10:20:00,626 - INFO - Prompt processing progress: 65536/200025
2026-10-02 10:20:03,219 - INFO - Prompt processing progress: 67584/200025
2026-10-02 10:20:05,851 - INFO - Prompt processing progress: 69632/200025
2026-10-02 10:20:08,509 - INFO - Prompt processing progress: 71680/200025
2026-10-02 10:20:11,215 - INFO - Prompt processing progress: 73728/200025
2026-10-02 10:20:13,959 - INFO - Prompt processing progress: 75776/200025
2026-10-02 10:20:16,737 - INFO - Prompt processing progress: 77824/200025
2026-10-02 10:20:19,551 - INFO - Prompt processing progress: 79872/200025
2026-10-02 10:20:22,406 - INFO - Prompt processing progress: 81920/200025
2026-10-02 10:20:25,290 - INFO - Prompt processing progress: 83968/200025
2026-10-02 10:20:28,203 - INFO - Prompt processing progress: 86016/200025
2026-10-02 10:20:31,155 - INFO - Prompt processing progress: 88064/200025
2026-10-02 10:20:34,118 - INFO - Prompt processing progress: 90112/200025
2026-10-02 10:20:37,138 - INFO - Prompt processing progress: 92160/200025
2026-10-02 10:20:40,209 - INFO - Prompt processing progress: 94208/200025
2026-10-02 10:20:43,310 - INFO - Prompt processing progress: 96256/200025
2026-10-02 10:20:46,426 - INFO - Prompt processing progress: 98304/200025
2026-10-02 10:20:49,601 - INFO - Prompt processing progress: 100352/200025
2026-10-02 10:20:52,813 - INFO - Prompt processing progress: 102400/200025
2026-10-02 10:20:56,058 - INFO - Prompt processing progress: 104448/200025
2026-10-02 10:20:59,351 - INFO - Prompt processing progress: 106496/200025
2026-10-02 10:21:02,662 - INFO - Prompt processing progress: 108544/200025
2026-10-02 10:21:06,016 - INFO - Prompt processing progress: 110592/200025
2026-10-02 10:21:09,408 - INFO - Prompt processing progress: 112640/200025
2026-10-02 10:21:12,823 - INFO - Prompt processing progress: 114688/200025
2026-10-02 10:21:16,277 - INFO - Prompt processing progress: 116736/200025
2026-10-02 10:21:19,768 - INFO - Prompt processing progress: 118784/200025
2026-10-02 10:21:23,283 - INFO - Prompt processing progress: 120832/200025
2026-10-02 10:21:26,841 - INFO - Prompt processing progress: 122880/200025
2026-10-02 10:21:30,421 - INFO - Prompt processing progress: 124928/200025
2026-10-02 10:21:34,062 - INFO - Prompt processing progress: 126976/200025
2026-10-02 10:21:37,723 - INFO - Prompt processing progress: 129024/200025
2026-10-02 10:21:41,432 - INFO - Prompt processing progress: 131072/200025
2026-10-02 10:21:45,149 - INFO - Prompt processing progress: 133120/200025
2026-10-02 10:21:48,933 - INFO - Prompt processing progress: 135168/200025
2026-10-02 10:21:52,752 - INFO - Prompt processing progress: 137216/200025
2026-10-02 10:21:56,597 - INFO - Prompt processing progress: 139264/200025
2026-10-02 10:22:00,471 - INFO - Prompt processing progress: 141312/200025
2026-10-02 10:22:04,407 - INFO - Prompt processing progress: 143360/200025
2026-10-02 10:22:08,349 - INFO - Prompt processing progress: 145408/200025
2026-10-02 10:22:12,317 - INFO - Prompt processing progress: 147456/200025
2026-10-02 10:22:16,316 - INFO - Prompt processing progress: 149504/200025
2026-10-02 10:22:20,389 - INFO - Prompt processing progress: 151552/200025
2026-10-02 10:22:24,486 - INFO - Prompt processing progress: 153600/200025
2026-10-02 10:22:28,604 - INFO - Prompt processing progress: 155648/200025
2026-10-02 10:22:32,798 - INFO - Prompt processing progress: 157696/200025
2026-10-02 10:22:37,046 - INFO - Prompt processing progress: 159744/200025
2026-10-02 10:22:41,275 - INFO - Prompt processing progress: 161792/200025
2026-10-02 10:22:45,564 - INFO - Prompt processing progress: 163840/200025
2026-10-02 10:22:49,868 - INFO - Prompt processing progress: 165888/200025
2026-10-02 10:22:54,214 - INFO - Prompt processing progress: 167936/200025
2026-10-02 10:22:58,597 - INFO - Prompt processing progress: 169984/200025
2026-10-02 10:23:03,017 - INFO - Prompt processing progress: 172032/200025
2026-10-02 10:23:07,479 - INFO - Prompt processing progress: 174080/200025
2026-10-02 10:23:11,971 - INFO - Prompt processing progress: 176128/200025
2026-10-02 10:23:16,498 - INFO - Prompt processing progress: 178176/200025
2026-10-02 10:23:21,054 - INFO - Prompt processing progress: 180224/200025
2026-10-02 10:23:25,667 - INFO - Prompt processing progress: 182272/200025
2026-10-02 10:23:30,283 - INFO - Prompt processing progress: 184320/200025
2026-10-02 10:23:34,928 - INFO - Prompt processing progress: 186368/200025
2026-10-02 10:23:39,628 - INFO - Prompt processing progress: 188416/200025
2026-10-02 10:23:44,366 - INFO - Prompt processing progress: 190464/200025
2026-10-02 10:23:49,165 - INFO - Prompt processing progress: 192512/200025
2026-10-02 10:23:53,974 - INFO - Prompt processing progress: 194560/200025
2026-10-02 10:23:58,834 - INFO - Prompt processing progress: 196608/200025
2026-10-02 10:24:03,717 - INFO - Prompt processing progress: 198656/200025
2026-10-02 10:24:07,395 - INFO - Prompt processing progress: 200024/200025
2026-10-02 10:24:07,558 - INFO - Prompt processing progress: 200025/200025
127.0.0.1 - - [02/Oct/2026 10:24:32] "POST /v1/chat/completions HTTP/1.1" 200 -
2026-10-02 10:24:32,597 - INFO - Prompt Cache: 0 sequences, 0.00 GB
2026-10-02 10:24:32,597 - INFO - - assistant: 0 sequences, 0.00 GB
2026-10-02 10:24:32,597 - INFO - - user: 0 sequences, 0.00 GB
2026-10-02 10:24:32,597 - INFO - - system: 0 sequences, 0.00 GB
2026-10-02 10:24:32,696 - INFO - Prompt processing progress: 0/200024
2026-10-02 10:24:34,406 - INFO - Prompt processing progress: 2048/200024
2026-10-02 10:24:35,951 - INFO - Prompt processing progress: 4096/200024
2026-10-02 10:24:37,498 - INFO - Prompt processing progress: 6144/200024
2026-10-02 10:24:39,075 - INFO - Prompt processing progress: 8192/200024
2026-10-02 10:24:40,687 - INFO - Prompt processing progress: 10240/200024
2026-10-02 10:24:42,340 - INFO - Prompt processing progress: 12288/200024
2026-10-02 10:24:44,022 - INFO - Prompt processing progress: 14336/200024
2026-10-02 10:24:45,739 - INFO - Prompt processing progress: 16384/200024
2026-10-02 10:24:47,490 - INFO - Prompt processing progress: 18432/200024
2026-10-02 10:24:49,277 - INFO - Prompt processing progress: 20480/200024
2026-10-02 10:24:51,092 - INFO - Prompt processing progress: 22528/200024
2026-10-02 10:24:52,949 - INFO - Prompt processing progress: 24576/200024
2026-10-02 10:24:54,836 - INFO - Prompt processing progress: 26624/200024
2026-10-02 10:24:56,759 - INFO - Prompt processing progress: 28672/200024
2026-10-02 10:24:58,713 - INFO - Prompt processing progress: 30720/200024
2026-10-02 10:25:00,699 - INFO - Prompt processing progress: 32768/200024
2026-10-02 10:25:02,718 - INFO - Prompt processing progress: 34816/200024
2026-10-02 10:25:04,780 - INFO - Prompt processing progress: 36864/200024
2026-10-02 10:25:06,878 - INFO - Prompt processing progress: 38912/200024
2026-10-02 10:25:09,005 - INFO - Prompt processing progress: 40960/200024
2026-10-02 10:25:11,169 - INFO - Prompt processing progress: 43008/200024
2026-10-02 10:25:13,375 - INFO - Prompt processing progress: 45056/200024
2026-10-02 10:25:15,651 - INFO - Prompt processing progress: 47104/200024
2026-10-02 10:25:17,925 - INFO - Prompt processing progress: 49152/200024
2026-10-02 10:25:20,222 - INFO - Prompt processing progress: 51200/200024
2026-10-02 10:25:22,568 - INFO - Prompt processing progress: 53248/200024
2026-10-02 10:25:24,947 - INFO - Prompt processing progress: 55296/200024
2026-10-02 10:25:27,356 - INFO - Prompt processing progress: 57344/200024
2026-10-02 10:25:29,818 - INFO - Prompt processing progress: 59392/200024
2026-10-02 10:25:32,342 - INFO - Prompt processing progress: 61440/200024
2026-10-02 10:25:34,977 - INFO - Prompt processing progress: 63488/200024
2026-10-02 10:25:37,620 - INFO - Prompt processing progress: 65536/200024
2026-10-02 10:25:40,311 - INFO - Prompt processing progress: 67584/200024
2026-10-02 10:25:43,067 - INFO - Prompt processing progress: 69632/200024
2026-10-02 10:25:45,766 - INFO - Prompt processing progress: 71680/200024
2026-10-02 10:25:48,536 - INFO - Prompt processing progress: 73728/200024
2026-10-02 10:25:51,369 - INFO - Prompt processing progress: 75776/200024
2026-10-02 10:25:54,247 - INFO - Prompt processing progress: 77824/200024
2026-10-02 10:25:57,126 - INFO - Prompt processing progress: 79872/200024
2026-10-02 10:26:00,089 - INFO - Prompt processing progress: 81920/200024
2026-10-02 10:26:03,172 - INFO - Prompt processing progress: 83968/200024
2026-10-02 10:26:06,244 - INFO - Prompt processing progress: 86016/200024
2026-10-02 10:26:09,308 - INFO - Prompt processing progress: 88064/200024
2026-10-02 10:26:12,390 - INFO - Prompt processing progress: 90112/200024
2026-10-02 10:26:15,492 - INFO - Prompt processing progress: 92160/200024
2026-10-02 10:26:18,649 - INFO - Prompt processing progress: 94208/200024
2026-10-02 10:26:21,844 - INFO - Prompt processing progress: 96256/200024
2026-10-02 10:26:25,138 - INFO - Prompt processing progress: 98304/200024
2026-10-02 10:26:28,529 - INFO - Prompt processing progress: 100352/200024
2026-10-02 10:26:31,867 - INFO - Prompt processing progress: 102400/200024
2026-10-02 10:26:35,182 - INFO - Prompt processing progress: 104448/200024
2026-10-02 10:26:38,634 - INFO - Prompt processing progress: 106496/200024
2026-10-02 10:26:42,130 - INFO - Prompt processing progress: 108544/200024
2026-10-02 10:26:45,710 - INFO - Prompt processing progress: 110592/200024
2026-10-02 10:26:49,245 - INFO - Prompt processing progress: 112640/200024
2026-10-02 10:26:52,824 - INFO - Prompt processing progress: 114688/200024
2026-10-02 10:26:56,405 - INFO - Prompt processing progress: 116736/200024
2026-10-02 10:27:00,165 - INFO - Prompt processing progress: 118784/200024
2026-10-02 10:27:03,901 - INFO - Prompt processing progress: 120832/200024
2026-10-02 10:27:07,576 - INFO - Prompt processing progress: 122880/200024
2026-10-02 10:27:11,393 - INFO - Prompt processing progress: 124928/200024
2026-10-02 10:27:15,256 - INFO - Prompt processing progress: 126976/200024
2026-10-02 10:27:19,194 - INFO - Prompt processing progress: 129024/200024
2026-10-02 10:27:23,136 - INFO - Prompt processing progress: 131072/200024
2026-10-02 10:27:27,094 - INFO - Prompt processing progress: 133120/200024
2026-10-02 10:27:30,998 - INFO - Prompt processing progress: 135168/200024
2026-10-02 10:27:35,024 - INFO - Prompt processing progress: 137216/200024
2026-10-02 10:27:39,189 - INFO - Prompt processing progress: 139264/200024
2026-10-02 10:27:43,241 - INFO - Prompt processing progress: 141312/200024
2026-10-02 10:27:47,381 - INFO - Prompt processing progress: 143360/200024
2026-10-02 10:27:51,552 - INFO - Prompt processing progress: 145408/200024
2026-10-02 10:27:55,691 - INFO - Prompt processing progress: 147456/200024
2026-10-02 10:27:59,937 - INFO - Prompt processing progress: 149504/200024
2026-10-02 10:28:04,213 - INFO - Prompt processing progress: 151552/200024
2026-10-02 10:28:08,678 - INFO - Prompt processing progress: 153600/200024
2026-10-02 10:28:12,942 - INFO - Prompt processing progress: 155648/200024
2026-10-02 10:28:17,085 - INFO - Prompt processing progress: 157696/200024
2026-10-02 10:28:21,304 - INFO - Prompt processing progress: 159744/200024
2026-10-02 10:28:25,545 - INFO - Prompt processing progress: 161792/200024
2026-10-02 10:28:29,827 - INFO - Prompt processing progress: 163840/200024
2026-10-02 10:28:34,152 - INFO - Prompt processing progress: 165888/200024
2026-10-02 10:28:38,527 - INFO - Prompt processing progress: 167936/200024
2026-10-02 10:28:42,915 - INFO - Prompt processing progress: 169984/200024
2026-10-02 10:28:47,319 - INFO - Prompt processing progress: 172032/200024
2026-10-02 10:28:51,768 - INFO - Prompt processing progress: 174080/200024
2026-10-02 10:28:56,266 - INFO - Prompt processing progress: 176128/200024
2026-10-02 10:29:00,800 - INFO - Prompt processing progress: 178176/200024
2026-10-02 10:29:05,352 - INFO - Prompt processing progress: 180224/200024
2026-10-02 10:29:09,940 - INFO - Prompt processing progress: 182272/200024
2026-10-02 10:29:14,567 - INFO - Prompt processing progress: 184320/200024
2026-10-02 10:29:19,231 - INFO - Prompt processing progress: 186368/200024
2026-10-02 10:29:23,928 - INFO - Prompt processing progress: 188416/200024
2026-10-02 10:29:28,650 - INFO - Prompt processing progress: 190464/200024
2026-10-02 10:29:33,417 - INFO - Prompt processing progress: 192512/200024
2026-10-02 10:29:38,217 - INFO - Prompt processing progress: 194560/200024
2026-10-02 10:29:43,081 - INFO - Prompt processing progress: 196608/200024
2026-10-02 10:29:47,978 - INFO - Prompt processing progress: 198656/200024
2026-10-02 10:29:51,607 - INFO - Prompt processing progress: 200023/200024
2026-10-02 10:29:51,763 - INFO - Prompt processing progress: 200024/200024
127.0.0.1 - - [02/Oct/2026 10:30:16] "POST /v1/chat/completions HTTP/1.1" 200 -
2026-10-02 10:30:16,841 - INFO - Prompt Cache: 0 sequences, 0.00 GB
2026-10-02 10:30:16,841 - INFO - - assistant: 0 sequences, 0.00 GB
2026-10-02 10:30:16,841 - INFO - - user: 0 sequences, 0.00 GB
2026-10-02 10:30:16,841 - INFO - - system: 0 sequences, 0.00 GB
2026-10-02 10:30:16,940 - INFO - Prompt processing progress: 0/200026
2026-10-02 10:30:18,632 - INFO - Prompt processing progress: 2048/200026
2026-10-02 10:30:20,176 - INFO - Prompt processing progress: 4096/200026
2026-10-02 10:30:21,727 - INFO - Prompt processing progress: 6144/200026
2026-10-02 10:30:23,308 - INFO - Prompt processing progress: 8192/200026
2026-10-02 10:30:24,918 - INFO - Prompt processing progress: 10240/200026
2026-10-02 10:30:26,567 - INFO - Prompt processing progress: 12288/200026
2026-10-02 10:30:28,249 - INFO - Prompt processing progress: 14336/200026
2026-10-02 10:30:29,961 - INFO - Prompt processing progress: 16384/200026
2026-10-02 10:30:31,710 - INFO - Prompt processing progress: 18432/200026
2026-10-02 10:30:33,495 - INFO - Prompt processing progress: 20480/200026
2026-10-02 10:30:35,311 - INFO - Prompt processing progress: 22528/200026
2026-10-02 10:30:37,152 - INFO - Prompt processing progress: 24576/200026
2026-10-02 10:30:39,037 - INFO - Prompt processing progress: 26624/200026
2026-10-02 10:30:40,953 - INFO - Prompt processing progress: 28672/200026
2026-10-02 10:30:42,899 - INFO - Prompt processing progress: 30720/200026
2026-10-02 10:30:44,882 - INFO - Prompt processing progress: 32768/200026
2026-10-02 10:30:46,904 - INFO - Prompt processing progress: 34816/200026
2026-10-02 10:30:48,966 - INFO - Prompt processing progress: 36864/200026
2026-10-02 10:30:51,055 - INFO - Prompt processing progress: 38912/200026
2026-10-02 10:30:53,179 - INFO - Prompt processing progress: 40960/200026
2026-10-02 10:30:55,343 - INFO - Prompt processing progress: 43008/200026
2026-10-02 10:30:57,543 - INFO - Prompt processing progress: 45056/200026
2026-10-02 10:30:59,784 - INFO - Prompt processing progress: 47104/200026
2026-10-02 10:31:02,051 - INFO - Prompt processing progress: 49152/200026
2026-10-02 10:31:04,355 - INFO - Prompt processing progress: 51200/200026
2026-10-02 10:31:06,697 - INFO - Prompt processing progress: 53248/200026
2026-10-02 10:31:09,079 - INFO - Prompt processing progress: 55296/200026
2026-10-02 10:31:11,505 - INFO - Prompt processing progress: 57344/200026
2026-10-02 10:31:13,943 - INFO - Prompt processing progress: 59392/200026
2026-10-02 10:31:16,428 - INFO - Prompt processing progress: 61440/200026
2026-10-02 10:31:18,954 - INFO - Prompt processing progress: 63488/200026
2026-10-02 10:31:21,516 - INFO - Prompt processing progress: 65536/200026
2026-10-02 10:31:24,107 - INFO - Prompt processing progress: 67584/200026
2026-10-02 10:31:26,735 - INFO - Prompt processing progress: 69632/200026
2026-10-02 10:31:29,409 - INFO - Prompt processing progress: 71680/200026
2026-10-02 10:31:32,095 - INFO - Prompt processing progress: 73728/200026
2026-10-02 10:31:34,837 - INFO - Prompt processing progress: 75776/200026
2026-10-02 10:31:37,614 - INFO - Prompt processing progress: 77824/200026
2026-10-02 10:31:40,410 - INFO - Prompt processing progress: 79872/200026
2026-10-02 10:31:43,250 - INFO - Prompt processing progress: 81920/200026
2026-10-02 10:31:46,135 - INFO - Prompt processing progress: 83968/200026
2026-10-02 10:31:49,053 - INFO - Prompt processing progress: 86016/200026
2026-10-02 10:31:52,001 - INFO - Prompt processing progress: 88064/200026
2026-10-02 10:31:54,991 - INFO - Prompt processing progress: 90112/200026
2026-10-02 10:31:58,019 - INFO - Prompt processing progress: 92160/200026
2026-10-02 10:32:01,078 - INFO - Prompt processing progress: 94208/200026
2026-10-02 10:32:04,159 - INFO - Prompt processing progress: 96256/200026
2026-10-02 10:32:07,300 - INFO - Prompt processing progress: 98304/200026
2026-10-02 10:32:10,469 - INFO - Prompt processing progress: 100352/200026
2026-10-02 10:32:13,681 - INFO - Prompt processing progress: 102400/200026
2026-10-02 10:32:16,926 - INFO - Prompt processing progress: 104448/200026
2026-10-02 10:32:20,191 - INFO - Prompt processing progress: 106496/200026
2026-10-02 10:32:23,504 - INFO - Prompt processing progress: 108544/200026
2026-10-02 10:32:26,865 - INFO - Prompt processing progress: 110592/200026
2026-10-02 10:32:30,242 - INFO - Prompt processing progress: 112640/200026
2026-10-02 10:32:33,658 - INFO - Prompt processing progress: 114688/200026
2026-10-02 10:32:37,128 - INFO - Prompt processing progress: 116736/200026
2026-10-02 10:32:40,605 - INFO - Prompt processing progress: 118784/200026
2026-10-02 10:32:44,126 - INFO - Prompt processing progress: 120832/200026
2026-10-02 10:32:47,686 - INFO - Prompt processing progress: 122880/200026
2026-10-02 10:32:51,293 - INFO - Prompt processing progress: 124928/200026
2026-10-02 10:32:54,930 - INFO - Prompt processing progress: 126976/200026
2026-10-02 10:32:58,587 - INFO - Prompt processing progress: 129024/200026
2026-10-02 10:33:02,323 - INFO - Prompt processing progress: 131072/200026
2026-10-02 10:33:06,036 - INFO - Prompt processing progress: 133120/200026
2026-10-02 10:33:09,799 - INFO - Prompt processing progress: 135168/200026
2026-10-02 10:33:13,592 - INFO - Prompt processing progress: 137216/200026
2026-10-02 10:33:17,428 - INFO - Prompt processing progress: 139264/200026
2026-10-02 10:33:21,324 - INFO - Prompt processing progress: 141312/200026
2026-10-02 10:33:25,239 - INFO - Prompt processing progress: 143360/200026
2026-10-02 10:33:29,170 - INFO - Prompt processing progress: 145408/200026
2026-10-02 10:33:33,151 - INFO - Prompt processing progress: 147456/200026
2026-10-02 10:33:37,189 - INFO - Prompt processing progress: 149504/200026
2026-10-02 10:33:41,254 - INFO - Prompt processing progress: 151552/200026
2026-10-02 10:33:45,366 - INFO - Prompt processing progress: 153600/200026
2026-10-02 10:33:49,515 - INFO - Prompt processing progress: 155648/200026
2026-10-02 10:33:53,660 - INFO - Prompt processing progress: 157696/200026
2026-10-02 10:33:57,874 - INFO - Prompt processing progress: 159744/200026
2026-10-02 10:34:02,079 - INFO - Prompt processing progress: 161792/200026
2026-10-02 10:34:06,329 - INFO - Prompt processing progress: 163840/200026
2026-10-02 10:34:10,637 - INFO - Prompt processing progress: 165888/200026
2026-10-02 10:34:14,977 - INFO - Prompt processing progress: 167936/200026
2026-10-02 10:34:19,372 - INFO - Prompt processing progress: 169984/200026
2026-10-02 10:34:23,784 - INFO - Prompt processing progress: 172032/200026
2026-10-02 10:34:28,241 - INFO - Prompt processing progress: 174080/200026
2026-10-02 10:34:32,710 - INFO - Prompt processing progress: 176128/200026
2026-10-02 10:34:37,238 - INFO - Prompt processing progress: 178176/200026
2026-10-02 10:34:41,809 - INFO - Prompt processing progress: 180224/200026
2026-10-02 10:34:46,403 - INFO - Prompt processing progress: 182272/200026
2026-10-02 10:34:51,057 - INFO - Prompt processing progress: 184320/200026
2026-10-02 10:34:55,731 - INFO - Prompt processing progress: 186368/200026
2026-10-02 10:35:00,490 - INFO - Prompt processing progress: 188416/200026
2026-10-02 10:35:05,216 - INFO - Prompt processing progress: 190464/200026
2026-10-02 10:35:09,999 - INFO - Prompt processing progress: 192512/200026
2026-10-02 10:35:14,800 - INFO - Prompt processing progress: 194560/200026
2026-10-02 10:35:19,633 - INFO - Prompt processing progress: 196608/200026
2026-10-02 10:35:24,572 - INFO - Prompt processing progress: 198656/200026
2026-10-02 10:35:28,310 - INFO - Prompt processing progress: 200025/200026
2026-10-02 10:35:28,467 - INFO - Prompt processing progress: 200026/200026
127.0.0.1 - - [02/Oct/2026 10:35:54] "POST /v1/chat/completions HTTP/1.1" 200 -
2026-10-02 10:35:54,803 - INFO - Prompt Cache: 0 sequences, 0.00 GB
2026-10-02 10:35:54,803 - INFO - - assistant: 0 sequences, 0.00 GB
2026-10-02 10:35:54,803 - INFO - - user: 0 sequences, 0.00 GB
2026-10-02 10:35:54,803 - INFO - - system: 0 sequences, 0.00 GB
2026-10-02 10:35:54,901 - INFO - Prompt processing progress: 0/200026
2026-10-02 10:35:56,631 - INFO - Prompt processing progress: 2048/200026
2026-10-02 10:35:58,217 - INFO - Prompt processing progress: 4096/200026
2026-10-02 10:35:59,807 - INFO - Prompt processing progress: 6144/200026
2026-10-02 10:36:01,419 - INFO - Prompt processing progress: 8192/200026
2026-10-02 10:36:03,075 - INFO - Prompt processing progress: 10240/200026
2026-10-02 10:36:04,777 - INFO - Prompt processing progress: 12288/200026
2026-10-02 10:36:06,507 - INFO - Prompt processing progress: 14336/200026
2026-10-02 10:36:08,277 - INFO - Prompt processing progress: 16384/200026
2026-10-02 10:36:10,076 - INFO - Prompt processing progress: 18432/200026
2026-10-02 10:36:11,894 - INFO - Prompt processing progress: 20480/200026
2026-10-02 10:36:13,765 - INFO - Prompt processing progress: 22528/200026
2026-10-02 10:36:15,647 - INFO - Prompt processing progress: 24576/200026
2026-10-02 10:36:17,575 - INFO - Prompt processing progress: 26624/200026
2026-10-02 10:36:19,535 - INFO - Prompt processing progress: 28672/200026
2026-10-02 10:36:21,559 - INFO - Prompt processing progress: 30720/200026
2026-10-02 10:36:23,587 - INFO - Prompt processing progress: 32768/200026
2026-10-02 10:36:25,627 - INFO - Prompt processing progress: 34816/200026
2026-10-02 10:36:27,732 - INFO - Prompt processing progress: 36864/200026
2026-10-02 10:36:29,889 - INFO - Prompt processing progress: 38912/200026
2026-10-02 10:36:32,064 - INFO - Prompt processing progress: 40960/200026
2026-10-02 10:36:34,267 - INFO - Prompt processing progress: 43008/200026
2026-10-02 10:36:36,547 - INFO - Prompt processing progress: 45056/200026
2026-10-02 10:36:38,877 - INFO - Prompt processing progress: 47104/200026
2026-10-02 10:36:41,250 - INFO - Prompt processing progress: 49152/200026
2026-10-02 10:36:43,650 - INFO - Prompt processing progress: 51200/200026
2026-10-02 10:36:46,060 - INFO - Prompt processing progress: 53248/200026
2026-10-02 10:36:48,500 - INFO - Prompt processing progress: 55296/200026
2026-10-02 10:36:51,016 - INFO - Prompt processing progress: 57344/200026
2026-10-02 10:36:53,556 - INFO - Prompt processing progress: 59392/200026
2026-10-02 10:36:56,193 - INFO - Prompt processing progress: 61440/200026
2026-10-02 10:36:58,880 - INFO - Prompt processing progress: 63488/200026
2026-10-02 10:37:01,556 - INFO - Prompt processing progress: 65536/200026
2026-10-02 10:37:04,253 - INFO - Prompt processing progress: 67584/200026
2026-10-02 10:37:06,990 - INFO - Prompt processing progress: 69632/200026
2026-10-02 10:37:09,746 - INFO - Prompt processing progress: 71680/200026
2026-10-02 10:37:12,559 - INFO - Prompt processing progress: 73728/200026
2026-10-02 10:37:15,421 - INFO - Prompt processing progress: 75776/200026
2026-10-02 10:37:18,400 - INFO - Prompt processing progress: 77824/200026
2026-10-02 10:37:21,336 - INFO - Prompt processing progress: 79872/200026
2026-10-02 10:37:24,274 - INFO - Prompt processing progress: 81920/200026
2026-10-02 10:37:27,275 - INFO - Prompt processing progress: 83968/200026
2026-10-02 10:37:30,279 - INFO - Prompt processing progress: 86016/200026
2026-10-02 10:37:33,305 - INFO - Prompt processing progress: 88064/200026
2026-10-02 10:37:36,382 - INFO - Prompt processing progress: 90112/200026
2026-10-02 10:37:39,551 - INFO - Prompt processing progress: 92160/200026
2026-10-02 10:37:42,828 - INFO - Prompt processing progress: 94208/200026
2026-10-02 10:37:45,983 - INFO - Prompt processing progress: 96256/200026
2026-10-02 10:37:49,162 - INFO - Prompt processing progress: 98304/200026
2026-10-02 10:37:52,412 - INFO - Prompt processing progress: 100352/200026
2026-10-02 10:37:55,661 - INFO - Prompt processing progress: 102400/200026
2026-10-02 10:37:59,179 - INFO - Prompt processing progress: 104448/200026
2026-10-02 10:38:02,687 - INFO - Prompt processing progress: 106496/200026
2026-10-02 10:38:06,151 - INFO - Prompt processing progress: 108544/200026
2026-10-02 10:38:09,703 - INFO - Prompt processing progress: 110592/200026
2026-10-02 10:38:13,181 - INFO - Prompt processing progress: 112640/200026
2026-10-02 10:38:16,802 - INFO - Prompt processing progress: 114688/200026
2026-10-02 10:38:20,437 - INFO - Prompt processing progress: 116736/200026
2026-10-02 10:38:23,991 - INFO - Prompt processing progress: 118784/200026
2026-10-02 10:38:27,517 - INFO - Prompt processing progress: 120832/200026
2026-10-02 10:38:31,097 - INFO - Prompt processing progress: 122880/200026
2026-10-02 10:38:34,689 - INFO - Prompt processing progress: 124928/200026
2026-10-02 10:38:38,324 - INFO - Prompt processing progress: 126976/200026
2026-10-02 10:38:41,988 - INFO - Prompt processing progress: 129024/200026
2026-10-02 10:38:45,700 - INFO - Prompt processing progress: 131072/200026
2026-10-02 10:38:49,445 - INFO - Prompt processing progress: 133120/200026
2026-10-02 10:38:53,219 - INFO - Prompt processing progress: 135168/200026
2026-10-02 10:38:57,021 - INFO - Prompt processing progress: 137216/200026
2026-10-02 10:39:00,858 - INFO - Prompt processing progress: 139264/200026
2026-10-02 10:39:04,740 - INFO - Prompt processing progress: 141312/200026
2026-10-02 10:39:08,660 - INFO - Prompt processing progress: 143360/200026
2026-10-02 10:39:12,602 - INFO - Prompt processing progress: 145408/200026
2026-10-02 10:39:16,633 - INFO - Prompt processing progress: 147456/200026
2026-10-02 10:39:20,663 - INFO - Prompt processing progress: 149504/200026
2026-10-02 10:39:24,738 - INFO - Prompt processing progress: 151552/200026
2026-10-02 10:39:28,835 - INFO - Prompt processing progress: 153600/200026
2026-10-02 10:39:32,958 - INFO - Prompt processing progress: 155648/200026
2026-10-02 10:39:37,116 - INFO - Prompt processing progress: 157696/200026
2026-10-02 10:39:41,349 - INFO - Prompt processing progress: 159744/200026
2026-10-02 10:39:45,593 - INFO - Prompt processing progress: 161792/200026
2026-10-02 10:39:49,868 - INFO - Prompt processing progress: 163840/200026
2026-10-02 10:39:54,166 - INFO - Prompt processing progress: 165888/200026
2026-10-02 10:39:58,492 - INFO - Prompt processing progress: 167936/200026
2026-10-02 10:40:02,913 - INFO - Prompt processing progress: 169984/200026
2026-10-02 10:40:07,312 - INFO - Prompt processing progress: 172032/200026
2026-10-02 10:40:11,791 - INFO - Prompt processing progress: 174080/200026
2026-10-02 10:40:16,225 - INFO - Prompt processing progress: 176128/200026
2026-10-02 10:40:20,763 - INFO - Prompt processing progress: 178176/200026
2026-10-02 10:40:25,320 - INFO - Prompt processing progress: 180224/200026
2026-10-02 10:40:29,935 - INFO - Prompt processing progress: 182272/200026
2026-10-02 10:40:34,577 - INFO - Prompt processing progress: 184320/200026
2026-10-02 10:40:39,229 - INFO - Prompt processing progress: 186368/200026
2026-10-02 10:40:43,910 - INFO - Prompt processing progress: 188416/200026
2026-10-02 10:40:48,618 - INFO - Prompt processing progress: 190464/200026
2026-10-02 10:40:53,424 - INFO - Prompt processing progress: 192512/200026
2026-10-02 10:40:58,267 - INFO - Prompt processing progress: 194560/200026
2026-10-02 10:41:03,136 - INFO - Prompt processing progress: 196608/200026
2026-10-02 10:41:08,054 - INFO - Prompt processing progress: 198656/200026
2026-10-02 10:41:11,683 - INFO - Prompt processing progress: 200025/200026
2026-10-02 10:41:11,839 - INFO - Prompt processing progress: 200026/200026
127.0.0.1 - - [02/Oct/2026 10:41:37] "POST /v1/chat/completions HTTP/1.1" 200 -
2026-10-02 10:41:37,205 - INFO - Prompt Cache: 0 sequences, 0.00 GB
2026-10-02 10:41:37,205 - INFO - - assistant: 0 sequences, 0.00 GB
2026-10-02 10:41:37,205 - INFO - - user: 0 sequences, 0.00 GB
2026-10-02 10:41:37,205 - INFO - - system: 0 sequences, 0.00 GB
2026-10-02 10:41:37,304 - INFO - Prompt processing progress: 0/200025
2026-10-02 10:41:39,007 - INFO - Prompt processing progress: 2048/200025
2026-10-02 10:41:40,551 - INFO - Prompt processing progress: 4096/200025
2026-10-02 10:41:42,093 - INFO - Prompt processing progress: 6144/200025
2026-10-02 10:41:43,671 - INFO - Prompt processing progress: 8192/200025
2026-10-02 10:41:45,278 - INFO - Prompt processing progress: 10240/200025
2026-10-02 10:41:46,924 - INFO - Prompt processing progress: 12288/200025
2026-10-02 10:41:48,605 - INFO - Prompt processing progress: 14336/200025
2026-10-02 10:41:50,323 - INFO - Prompt processing progress: 16384/200025
2026-10-02 10:41:52,074 - INFO - Prompt processing progress: 18432/200025
2026-10-02 10:41:53,865 - INFO - Prompt processing progress: 20480/200025
2026-10-02 10:41:55,680 - INFO - Prompt processing progress: 22528/200025
2026-10-02 10:41:57,526 - INFO - Prompt processing progress: 24576/200025
2026-10-02 10:41:59,416 - INFO - Prompt processing progress: 26624/200025
2026-10-02 10:42:01,344 - INFO - Prompt processing progress: 28672/200025
2026-10-02 10:42:03,298 - INFO - Prompt processing progress: 30720/200025
2026-10-02 10:42:05,283 - INFO - Prompt processing progress: 32768/200025
2026-10-02 10:42:07,304 - INFO - Prompt processing progress: 34816/200025
2026-10-02 10:42:09,360 - INFO - Prompt processing progress: 36864/200025
2026-10-02 10:42:11,461 - INFO - Prompt processing progress: 38912/200025
2026-10-02 10:42:13,599 - INFO - Prompt processing progress: 40960/200025
2026-10-02 10:42:15,780 - INFO - Prompt processing progress: 43008/200025
2026-10-02 10:42:17,987 - INFO - Prompt processing progress: 45056/200025
2026-10-02 10:42:20,233 - INFO - Prompt processing progress: 47104/200025
2026-10-02 10:42:22,503 - INFO - Prompt processing progress: 49152/200025
2026-10-02 10:42:24,814 - INFO - Prompt processing progress: 51200/200025
2026-10-02 10:42:27,159 - INFO - Prompt processing progress: 53248/200025
2026-10-02 10:42:29,540 - INFO - Prompt processing progress: 55296/200025
2026-10-02 10:42:31,958 - INFO - Prompt processing progress: 57344/200025
2026-10-02 10:42:34,414 - INFO - Prompt processing progress: 59392/200025
2026-10-02 10:42:36,907 - INFO - Prompt processing progress: 61440/200025
2026-10-02 10:42:39,433 - INFO - Prompt processing progress: 63488/200025
2026-10-02 10:42:41,984 - INFO - Prompt processing progress: 65536/200025
2026-10-02 10:42:44,580 - INFO - Prompt processing progress: 67584/200025
2026-10-02 10:42:47,222 - INFO - Prompt processing progress: 69632/200025
2026-10-02 10:42:49,884 - INFO - Prompt processing progress: 71680/200025
2026-10-02 10:42:52,584 - INFO - Prompt processing progress: 73728/200025
2026-10-02 10:42:55,333 - INFO - Prompt processing progress: 75776/200025
2026-10-02 10:42:58,111 - INFO - Prompt processing progress: 77824/200025
2026-10-02 10:43:00,917 - INFO - Prompt processing progress: 79872/200025
2026-10-02 10:43:03,754 - INFO - Prompt processing progress: 81920/200025
2026-10-02 10:43:06,633 - INFO - Prompt processing progress: 83968/200025
2026-10-02 10:43:09,547 - INFO - Prompt processing progress: 86016/200025
2026-10-02 10:43:12,487 - INFO - Prompt processing progress: 88064/200025
2026-10-02 10:43:15,453 - INFO - Prompt processing progress: 90112/200025
2026-10-02 10:43:18,483 - INFO - Prompt processing progress: 92160/200025
2026-10-02 10:43:21,542 - INFO - Prompt processing progress: 94208/200025
2026-10-02 10:43:24,652 - INFO - Prompt processing progress: 96256/200025
2026-10-02 10:43:27,787 - INFO - Prompt processing progress: 98304/200025
2026-10-02 10:43:30,958 - INFO - Prompt processing progress: 100352/200025
2026-10-02 10:43:34,161 - INFO - Prompt processing progress: 102400/200025
2026-10-02 10:43:37,465 - INFO - Prompt processing progress: 104448/200025
2026-10-02 10:43:40,734 - INFO - Prompt processing progress: 106496/200025
2026-10-02 10:43:44,031 - INFO - Prompt processing progress: 108544/200025
2026-10-02 10:43:47,385 - INFO - Prompt processing progress: 110592/200025
2026-10-02 10:43:50,772 - INFO - Prompt processing progress: 112640/200025
2026-10-02 10:43:54,174 - INFO - Prompt processing progress: 114688/200025
2026-10-02 10:43:57,638 - INFO - Prompt processing progress: 116736/200025
2026-10-02 10:44:01,137 - INFO - Prompt processing progress: 118784/200025
2026-10-02 10:44:04,683 - INFO - Prompt processing progress: 120832/200025
2026-10-02 10:44:08,229 - INFO - Prompt processing progress: 122880/200025
2026-10-02 10:44:11,838 - INFO - Prompt processing progress: 124928/200025
2026-10-02 10:44:15,478 - INFO - Prompt processing progress: 126976/200025
2026-10-02 10:44:19,126 - INFO - Prompt processing progress: 129024/200025
2026-10-02 10:44:22,833 - INFO - Prompt processing progress: 131072/200025
2026-10-02 10:44:26,588 - INFO - Prompt processing progress: 133120/200025
2026-10-02 10:44:30,356 - INFO - Prompt processing progress: 135168/200025
2026-10-02 10:44:34,157 - INFO - Prompt processing progress: 137216/200025
2026-10-02 10:44:38,010 - INFO - Prompt processing progress: 139264/200025
2026-10-02 10:44:41,906 - INFO - Prompt processing progress: 141312/200025
2026-10-02 10:44:45,813 - INFO - Prompt processing progress: 143360/200025
2026-10-02 10:44:49,764 - INFO - Prompt processing progress: 145408/200025
2026-10-02 10:44:53,763 - INFO - Prompt processing progress: 147456/200025
2026-10-02 10:44:57,760 - INFO - Prompt processing progress: 149504/200025
2026-10-02 10:45:01,823 - INFO - Prompt processing progress: 151552/200025
2026-10-02 10:45:05,926 - INFO - Prompt processing progress: 153600/200025
2026-10-02 10:45:10,078 - INFO - Prompt processing progress: 155648/200025
2026-10-02 10:45:14,237 - INFO - Prompt processing progress: 157696/200025
2026-10-02 10:45:18,448 - INFO - Prompt processing progress: 159744/200025
2026-10-02 10:45:22,683 - INFO - Prompt processing progress: 161792/200025
2026-10-02 10:45:26,993 - INFO - Prompt processing progress: 163840/200025
2026-10-02 10:45:31,271 - INFO - Prompt processing progress: 165888/200025
2026-10-02 10:45:35,600 - INFO - Prompt processing progress: 167936/200025
2026-10-02 10:45:39,966 - INFO - Prompt processing progress: 169984/200025
2026-10-02 10:45:44,456 - INFO - Prompt processing progress: 172032/200025
2026-10-02 10:45:49,180 - INFO - Prompt processing progress: 174080/200025
2026-10-02 10:45:53,982 - INFO - Prompt processing progress: 176128/200025
2026-10-02 10:45:58,768 - INFO - Prompt processing progress: 178176/200025
2026-10-02 10:46:03,776 - INFO - Prompt processing progress: 180224/200025
2026-10-02 10:46:08,552 - INFO - Prompt processing progress: 182272/200025
2026-10-02 10:46:13,416 - INFO - Prompt processing progress: 184320/200025
2026-10-02 10:46:18,401 - INFO - Prompt processing progress: 186368/200025
2026-10-02 10:46:23,439 - INFO - Prompt processing progress: 188416/200025
2026-10-02 10:46:28,601 - INFO - Prompt processing progress: 190464/200025
2026-10-02 10:46:33,576 - INFO - Prompt processing progress: 192512/200025
2026-10-02 10:46:38,599 - INFO - Prompt processing progress: 194560/200025
2026-10-02 10:46:43,746 - INFO - Prompt processing progress: 196608/200025
2026-10-02 10:46:48,900 - INFO - Prompt processing progress: 198656/200025
2026-10-02 10:46:52,709 - INFO - Prompt processing progress: 200024/200025
2026-10-02 10:46:52,867 - INFO - Prompt processing progress: 200025/200025
127.0.0.1 - - [02/Oct/2026 10:47:19] "POST /v1/chat/completions HTTP/1.1" 200 -
2026-10-02 10:47:19,667 - INFO - Prompt Cache: 0 sequences, 0.00 GB
2026-10-02 10:47:19,667 - INFO - - assistant: 0 sequences, 0.00 GB
2026-10-02 10:47:19,667 - INFO - - user: 0 sequences, 0.00 GB
2026-10-02 10:47:19,667 - INFO - - system: 0 sequences, 0.00 GB
2026-10-02 10:47:19,769 - INFO - Prompt processing progress: 0/200022
2026-10-02 10:47:21,490 - INFO - Prompt processing progress: 2048/200022
2026-10-02 10:47:23,053 - INFO - Prompt processing progress: 4096/200022
2026-10-02 10:47:24,626 - INFO - Prompt processing progress: 6144/200022
2026-10-02 10:47:26,225 - INFO - Prompt processing progress: 8192/200022
2026-10-02 10:47:27,873 - INFO - Prompt processing progress: 10240/200022
2026-10-02 10:47:29,551 - INFO - Prompt processing progress: 12288/200022
2026-10-02 10:47:31,243 - INFO - Prompt processing progress: 14336/200022
2026-10-02 10:47:32,979 - INFO - Prompt processing progress: 16384/200022
2026-10-02 10:47:34,756 - INFO - Prompt processing progress: 18432/200022
2026-10-02 10:47:36,572 - INFO - Prompt processing progress: 20480/200022
2026-10-02 10:47:38,426 - INFO - Prompt processing progress: 22528/200022
2026-10-02 10:47:40,326 - INFO - Prompt processing progress: 24576/200022
2026-10-02 10:47:42,250 - INFO - Prompt processing progress: 26624/200022
2026-10-02 10:47:44,234 - INFO - Prompt processing progress: 28672/200022
2026-10-02 10:47:46,221 - INFO - Prompt processing progress: 30720/200022
2026-10-02 10:47:48,253 - INFO - Prompt processing progress: 32768/200022
2026-10-02 10:47:50,325 - INFO - Prompt processing progress: 34816/200022
2026-10-02 10:47:52,415 - INFO - Prompt processing progress: 36864/200022
2026-10-02 10:47:54,538 - INFO - Prompt processing progress: 38912/200022
2026-10-02 10:47:56,743 - INFO - Prompt processing progress: 40960/200022
2026-10-02 10:47:58,951 - INFO - Prompt processing progress: 43008/200022
2026-10-02 10:48:01,202 - INFO - Prompt processing progress: 45056/200022
2026-10-02 10:48:03,481 - INFO - Prompt processing progress: 47104/200022
2026-10-02 10:48:05,830 - INFO - Prompt processing progress: 49152/200022
2026-10-02 10:48:08,216 - INFO - Prompt processing progress: 51200/200022
2026-10-02 10:48:10,630 - INFO - Prompt processing progress: 53248/200022
2026-10-02 10:48:13,071 - INFO - Prompt processing progress: 55296/200022
2026-10-02 10:48:15,558 - INFO - Prompt processing progress: 57344/200022
2026-10-02 10:48:18,083 - INFO - Prompt processing progress: 59392/200022
2026-10-02 10:48:20,664 - INFO - Prompt processing progress: 61440/200022
2026-10-02 10:48:23,292 - INFO - Prompt processing progress: 63488/200022
2026-10-02 10:48:25,914 - INFO - Prompt processing progress: 65536/200022
2026-10-02 10:48:28,559 - INFO - Prompt processing progress: 67584/200022
2026-10-02 10:48:31,296 - INFO - Prompt processing progress: 69632/200022
2026-10-02 10:48:33,990 - INFO - Prompt processing progress: 71680/200022
2026-10-02 10:48:36,699 - INFO - Prompt processing progress: 73728/200022
2026-10-02 10:48:39,464 - INFO - Prompt processing progress: 75776/200022
2026-10-02 10:48:42,229 - INFO - Prompt processing progress: 77824/200022
2026-10-02 10:48:45,041 - INFO - Prompt processing progress: 79872/200022
2026-10-02 10:48:47,892 - INFO - Prompt processing progress: 81920/200022
2026-10-02 10:48:50,791 - INFO - Prompt processing progress: 83968/200022
2026-10-02 10:48:53,720 - INFO - Prompt processing progress: 86016/200022
2026-10-02 10:48:56,665 - INFO - Prompt processing progress: 88064/200022
2026-10-02 10:48:59,662 - INFO - Prompt processing progress: 90112/200022
2026-10-02 10:49:02,674 - INFO - Prompt processing progress: 92160/200022
2026-10-02 10:49:05,740 - INFO - Prompt processing progress: 94208/200022
2026-10-02 10:49:08,828 - INFO - Prompt processing progress: 96256/200022
2026-10-02 10:49:11,949 - INFO - Prompt processing progress: 98304/200022
2026-10-02 10:49:15,120 - INFO - Prompt processing progress: 100352/200022
2026-10-02 10:49:18,318 - INFO - Prompt processing progress: 102400/200022
2026-10-02 10:49:21,559 - INFO - Prompt processing progress: 104448/200022
2026-10-02 10:49:24,818 - INFO - Prompt processing progress: 106496/200022
2026-10-02 10:49:28,116 - INFO - Prompt processing progress: 108544/200022
2026-10-02 10:49:31,464 - INFO - Prompt processing progress: 110592/200022
2026-10-02 10:49:34,845 - INFO - Prompt processing progress: 112640/200022
2026-10-02 10:49:38,265 - INFO - Prompt processing progress: 114688/200022
2026-10-02 10:49:41,735 - INFO - Prompt processing progress: 116736/200022
2026-10-02 10:49:45,207 - INFO - Prompt processing progress: 118784/200022
2026-10-02 10:49:48,735 - INFO - Prompt processing progress: 120832/200022
2026-10-02 10:49:52,282 - INFO - Prompt processing progress: 122880/200022
2026-10-02 10:49:55,896 - INFO - Prompt processing progress: 124928/200022
2026-10-02 10:49:59,548 - INFO - Prompt processing progress: 126976/200022
2026-10-02 10:50:03,192 - INFO - Prompt processing progress: 129024/200022
2026-10-02 10:50:06,904 - INFO - Prompt processing progress: 131072/200022
2026-10-02 10:50:10,651 - INFO - Prompt processing progress: 133120/200022
2026-10-02 10:50:14,449 - INFO - Prompt processing progress: 135168/200022
2026-10-02 10:50:18,257 - INFO - Prompt processing progress: 137216/200022
2026-10-02 10:50:22,120 - INFO - Prompt processing progress: 139264/200022
2026-10-02 10:50:26,002 - INFO - Prompt processing progress: 141312/200022
2026-10-02 10:50:29,919 - INFO - Prompt processing progress: 143360/200022
2026-10-02 10:50:33,856 - INFO - Prompt processing progress: 145408/200022
2026-10-02 10:50:37,830 - INFO - Prompt processing progress: 147456/200022
2026-10-02 10:50:41,859 - INFO - Prompt processing progress: 149504/200022
2026-10-02 10:50:45,910 - INFO - Prompt processing progress: 151552/200022
2026-10-02 10:50:50,033 - INFO - Prompt processing progress: 153600/200022
2026-10-02 10:50:54,445 - INFO - Prompt processing progress: 155648/200022
2026-10-02 10:50:58,810 - INFO - Prompt processing progress: 157696/200022
2026-10-02 10:51:03,289 - INFO - Prompt processing progress: 159744/200022
2026-10-02 10:51:07,777 - INFO - Prompt processing progress: 161792/200022
2026-10-02 10:51:12,321 - INFO - Prompt processing progress: 163840/200022
2026-10-02 10:51:16,911 - INFO - Prompt processing progress: 165888/200022
2026-10-02 10:51:21,508 - INFO - Prompt processing progress: 167936/200022
2026-10-02 10:51:26,114 - INFO - Prompt processing progress: 169984/200022
2026-10-02 10:51:30,759 - INFO - Prompt processing progress: 172032/200022
2026-10-02 10:51:35,469 - INFO - Prompt processing progress: 174080/200022
2026-10-02 10:51:40,232 - INFO - Prompt processing progress: 176128/200022
2026-10-02 10:51:45,019 - INFO - Prompt processing progress: 178176/200022
2026-10-02 10:51:49,890 - INFO - Prompt processing progress: 180224/200022
2026-10-02 10:51:54,662 - INFO - Prompt processing progress: 182272/200022
2026-10-02 10:51:59,450 - INFO - Prompt processing progress: 184320/200022
2026-10-02 10:52:04,310 - INFO - Prompt processing progress: 186368/200022
2026-10-02 10:52:09,431 - INFO - Prompt processing progress: 188416/200022
2026-10-02 10:52:14,463 - INFO - Prompt processing progress: 190464/200022
2026-10-02 10:52:19,534 - INFO - Prompt processing progress: 192512/200022
2026-10-02 10:52:24,578 - INFO - Prompt processing progress: 194560/200022
2026-10-02 10:52:29,629 - INFO - Prompt processing progress: 196608/200022
2026-10-02 10:52:34,817 - INFO - Prompt processing progress: 198656/200022
2026-10-02 10:52:38,720 - INFO - Prompt processing progress: 200021/200022
2026-10-02 10:52:38,879 - INFO - Prompt processing progress: 200022/200022
127.0.0.1 - - [02/Oct/2026 10:53:05] "POST /v1/chat/completions HTTP/1.1" 200 -
2026-10-02 10:53:05,576 - INFO - Prompt Cache: 0 sequences, 0.00 GB
2026-10-02 10:53:05,576 - INFO - - assistant: 0 sequences, 0.00 GB
2026-10-02 10:53:05,576 - INFO - - user: 0 sequences, 0.00 GB
2026-10-02 10:53:05,576 - INFO - - system: 0 sequences, 0.00 GB
2026-10-02 10:53:05,678 - INFO - Prompt processing progress: 0/200024
2026-10-02 10:53:07,398 - INFO - Prompt processing progress: 2048/200024
2026-10-02 10:53:08,970 - INFO - Prompt processing progress: 4096/200024
2026-10-02 10:53:10,529 - INFO - Prompt processing progress: 6144/200024
2026-10-02 10:53:12,133 - INFO - Prompt processing progress: 8192/200024
2026-10-02 10:53:13,769 - INFO - Prompt processing progress: 10240/200024
2026-10-02 10:53:15,436 - INFO - Prompt processing progress: 12288/200024
2026-10-02 10:53:17,150 - INFO - Prompt processing progress: 14336/200024
2026-10-02 10:53:18,895 - INFO - Prompt processing progress: 16384/200024
2026-10-02 10:53:20,650 - INFO - Prompt processing progress: 18432/200024
2026-10-02 10:53:22,449 - INFO - Prompt processing progress: 20480/200024
2026-10-02 10:53:24,294 - INFO - Prompt processing progress: 22528/200024
2026-10-02 10:53:26,177 - INFO - Prompt processing progress: 24576/200024
2026-10-02 10:53:28,097 - INFO - Prompt processing progress: 26624/200024
2026-10-02 10:53:30,041 - INFO - Prompt processing progress: 28672/200024
2026-10-02 10:53:32,030 - INFO - Prompt processing progress: 30720/200024
2026-10-02 10:53:34,035 - INFO - Prompt processing progress: 32768/200024
2026-10-02 10:53:36,066 - INFO - Prompt processing progress: 34816/200024
2026-10-02 10:53:38,127 - INFO - Prompt processing progress: 36864/200024
2026-10-02 10:53:40,251 - INFO - Prompt processing progress: 38912/200024
2026-10-02 10:53:42,379 - INFO - Prompt processing progress: 40960/200024
2026-10-02 10:53:44,544 - INFO - Prompt processing progress: 43008/200024
2026-10-02 10:53:46,752 - INFO - Prompt processing progress: 45056/200024
2026-10-02 10:53:48,986 - INFO - Prompt processing progress: 47104/200024
2026-10-02 10:53:51,264 - INFO - Prompt processing progress: 49152/200024
2026-10-02 10:53:53,572 - INFO - Prompt processing progress: 51200/200024
2026-10-02 10:53:55,913 - INFO - Prompt processing progress: 53248/200024
2026-10-02 10:53:58,294 - INFO - Prompt processing progress: 55296/200024
2026-10-02 10:54:00,704 - INFO - Prompt processing progress: 57344/200024
2026-10-02 10:54:03,156 - INFO - Prompt processing progress: 59392/200024
2026-10-02 10:54:05,649 - INFO - Prompt processing progress: 61440/200024
2026-10-02 10:54:08,180 - INFO - Prompt processing progress: 63488/200024
2026-10-02 10:54:10,744 - INFO - Prompt processing progress: 65536/200024
2026-10-02 10:54:13,336 - INFO - Prompt processing progress: 67584/200024
2026-10-02 10:54:15,969 - INFO - Prompt processing progress: 69632/200024
2026-10-02 10:54:18,649 - INFO - Prompt processing progress: 71680/200024
2026-10-02 10:54:21,350 - INFO - Prompt processing progress: 73728/200024
2026-10-02 10:54:24,104 - INFO - Prompt processing progress: 75776/200024
2026-10-02 10:54:26,875 - INFO - Prompt processing progress: 77824/200024
2026-10-02 10:54:29,683 - INFO - Prompt processing progress: 79872/200024
2026-10-02 10:54:32,533 - INFO - Prompt processing progress: 81920/200024
2026-10-02 10:54:35,406 - INFO - Prompt processing progress: 83968/200024
2026-10-02 10:54:38,331 - INFO - Prompt processing progress: 86016/200024
2026-10-02 10:54:41,292 - INFO - Prompt processing progress: 88064/200024
2026-10-02 10:54:44,292 - INFO - Prompt processing progress: 90112/200024
2026-10-02 10:54:47,297 - INFO - Prompt processing progress: 92160/200024
2026-10-02 10:54:50,359 - INFO - Prompt processing progress: 94208/200024
2026-10-02 10:54:53,456 - INFO - Prompt processing progress: 96256/200024
2026-10-02 10:54:56,569 - INFO - Prompt processing progress: 98304/200024
2026-10-02 10:54:59,723 - INFO - Prompt processing progress: 100352/200024
2026-10-02 10:55:02,947 - INFO - Prompt processing progress: 102400/200024
2026-10-02 10:55:06,198 - INFO - Prompt processing progress: 104448/200024
2026-10-02 10:55:09,483 - INFO - Prompt processing progress: 106496/200024
2026-10-02 10:55:12,798 - INFO - Prompt processing progress: 108544/200024
2026-10-02 10:55:16,139 - INFO - Prompt processing progress: 110592/200024
2026-10-02 10:55:19,517 - INFO - Prompt processing progress: 112640/200024
2026-10-02 10:55:22,942 - INFO - Prompt processing progress: 114688/200024
2026-10-02 10:55:26,389 - INFO - Prompt processing progress: 116736/200024
2026-10-02 10:55:29,873 - INFO - Prompt processing progress: 118784/200024
2026-10-02 10:55:33,403 - INFO - Prompt processing progress: 120832/200024
2026-10-02 10:55:36,940 - INFO - Prompt processing progress: 122880/200024
2026-10-02 10:55:40,531 - INFO - Prompt processing progress: 124928/200024
2026-10-02 10:55:44,165 - INFO - Prompt processing progress: 126976/200024
2026-10-02 10:55:47,830 - INFO - Prompt processing progress: 129024/200024
2026-10-02 10:55:51,561 - INFO - Prompt processing progress: 131072/200024
2026-10-02 10:55:55,441 - INFO - Prompt processing progress: 133120/200024
2026-10-02 10:55:59,421 - INFO - Prompt processing progress: 135168/200024
2026-10-02 10:56:03,385 - INFO - Prompt processing progress: 137216/200024
2026-10-02 10:56:07,462 - INFO - Prompt processing progress: 139264/200024
2026-10-02 10:56:11,492 - INFO - Prompt processing progress: 141312/200024
2026-10-02 10:56:15,615 - INFO - Prompt processing progress: 143360/200024
2026-10-02 10:56:19,809 - INFO - Prompt processing progress: 145408/200024
2026-10-02 10:56:23,919 - INFO - Prompt processing progress: 147456/200024
2026-10-02 10:56:28,102 - INFO - Prompt processing progress: 149504/200024
2026-10-02 10:56:32,458 - INFO - Prompt processing progress: 151552/200024
2026-10-02 10:56:36,758 - INFO - Prompt processing progress: 153600/200024
2026-10-02 10:56:41,010 - INFO - Prompt processing progress: 155648/200024
2026-10-02 10:56:45,515 - INFO - Prompt processing progress: 157696/200024
2026-10-02 10:56:49,969 - INFO - Prompt processing progress: 159744/200024
2026-10-02 10:56:54,434 - INFO - Prompt processing progress: 161792/200024
2026-10-02 10:56:58,859 - INFO - Prompt processing progress: 163840/200024
2026-10-02 10:57:03,415 - INFO - Prompt processing progress: 165888/200024
2026-10-02 10:57:08,070 - INFO - Prompt processing progress: 167936/200024
2026-10-02 10:57:12,739 - INFO - Prompt processing progress: 169984/200024
2026-10-02 10:57:17,392 - INFO - Prompt processing progress: 172032/200024
2026-10-02 10:57:22,081 - INFO - Prompt processing progress: 174080/200024
2026-10-02 10:57:26,921 - INFO - Prompt processing progress: 176128/200024
2026-10-02 10:57:31,834 - INFO - Prompt processing progress: 178176/200024
2026-10-02 10:57:36,592 - INFO - Prompt processing progress: 180224/200024
2026-10-02 10:57:41,399 - INFO - Prompt processing progress: 182272/200024
2026-10-02 10:57:46,224 - INFO - Prompt processing progress: 184320/200024
2026-10-02 10:57:51,210 - INFO - Prompt processing progress: 186368/200024
2026-10-02 10:57:56,361 - INFO - Prompt processing progress: 188416/200024
2026-10-02 10:58:01,384 - INFO - Prompt processing progress: 190464/200024
2026-10-02 10:58:06,470 - INFO - Prompt processing progress: 192512/200024
2026-10-02 10:58:11,471 - INFO - Prompt processing progress: 194560/200024
2026-10-02 10:58:16,608 - INFO - Prompt processing progress: 196608/200024
2026-10-02 10:58:21,871 - INFO - Prompt processing progress: 198656/200024
2026-10-02 10:58:25,687 - INFO - Prompt processing progress: 200023/200024
2026-10-02 10:58:25,854 - INFO - Prompt processing progress: 200024/200024
127.0.0.1 - - [02/Oct/2026 10:58:52] "POST /v1/chat/completions HTTP/1.1" 200 -
2026-10-02 10:58:52,234 - INFO - Prompt Cache: 0 sequences, 0.00 GB
2026-10-02 10:58:52,234 - INFO - - assistant: 0 sequences, 0.00 GB
2026-10-02 10:58:52,234 - INFO - - user: 0 sequences, 0.00 GB
2026-10-02 10:58:52,234 - INFO - - system: 0 sequences, 0.00 GB
2026-10-02 10:58:52,333 - INFO - Prompt processing progress: 0/200025
2026-10-02 10:58:54,040 - INFO - Prompt processing progress: 2048/200025
2026-10-02 10:58:55,584 - INFO - Prompt processing progress: 4096/200025
2026-10-02 10:58:57,134 - INFO - Prompt processing progress: 6144/200025
2026-10-02 10:58:58,716 - INFO - Prompt processing progress: 8192/200025
2026-10-02 10:59:00,328 - INFO - Prompt processing progress: 10240/200025
2026-10-02 10:59:01,980 - INFO - Prompt processing progress: 12288/200025
2026-10-02 10:59:03,664 - INFO - Prompt processing progress: 14336/200025
2026-10-02 10:59:05,383 - INFO - Prompt processing progress: 16384/200025
2026-10-02 10:59:07,138 - INFO - Prompt processing progress: 18432/200025
2026-10-02 10:59:08,924 - INFO - Prompt processing progress: 20480/200025
2026-10-02 10:59:10,747 - INFO - Prompt processing progress: 22528/200025
2026-10-02 10:59:12,599 - INFO - Prompt processing progress: 24576/200025
2026-10-02 10:59:14,482 - INFO - Prompt processing progress: 26624/200025
2026-10-02 10:59:16,400 - INFO - Prompt processing progress: 28672/200025
2026-10-02 10:59:18,354 - INFO - Prompt processing progress: 30720/200025
2026-10-02 10:59:20,345 - INFO - Prompt processing progress: 32768/200025
2026-10-02 10:59:22,370 - INFO - Prompt processing progress: 34816/200025
2026-10-02 10:59:24,428 - INFO - Prompt processing progress: 36864/200025
2026-10-02 10:59:26,522 - INFO - Prompt processing progress: 38912/200025
2026-10-02 10:59:28,658 - INFO - Prompt processing progress: 40960/200025
2026-10-02 10:59:30,820 - INFO - Prompt processing progress: 43008/200025
2026-10-02 10:59:33,025 - INFO - Prompt processing progress: 45056/200025
2026-10-02 10:59:35,261 - INFO - Prompt processing progress: 47104/200025
2026-10-02 10:59:37,535 - INFO - Prompt processing progress: 49152/200025
2026-10-02 10:59:39,842 - INFO - Prompt processing progress: 51200/200025
2026-10-02 10:59:42,188 - INFO - Prompt processing progress: 53248/200025
2026-10-02 10:59:44,573 - INFO - Prompt processing progress: 55296/200025
2026-10-02 10:59:46,999 - INFO - Prompt processing progress: 57344/200025
2026-10-02 10:59:49,455 - INFO - Prompt processing progress: 59392/200025
2026-10-02 10:59:51,947 - INFO - Prompt processing progress: 61440/200025
2026-10-02 10:59:54,460 - INFO - Prompt processing progress: 63488/200025
2026-10-02 10:59:57,022 - INFO - Prompt processing progress: 65536/200025
2026-10-02 10:59:59,614 - INFO - Prompt processing progress: 67584/200025
2026-10-02 11:00:02,230 - INFO - Prompt processing progress: 69632/200025
2026-10-02 11:00:04,898 - INFO - Prompt processing progress: 71680/200025
2026-10-02 11:00:07,605 - INFO - Prompt processing progress: 73728/200025
2026-10-02 11:00:10,337 - INFO - Prompt processing progress: 75776/200025
2026-10-02 11:00:13,119 - INFO - Prompt processing progress: 77824/200025
2026-10-02 11:00:15,915 - INFO - Prompt processing progress: 79872/200025
2026-10-02 11:00:18,757 - INFO - Prompt processing progress: 81920/200025
2026-10-02 11:00:21,644 - INFO - Prompt processing progress: 83968/200025
2026-10-02 11:00:24,569 - INFO - Prompt processing progress: 86016/200025
2026-10-02 11:00:27,513 - INFO - Prompt processing progress: 88064/200025
2026-10-02 11:00:30,497 - INFO - Prompt processing progress: 90112/200025
2026-10-02 11:00:33,517 - INFO - Prompt processing progress: 92160/200025
2026-10-02 11:00:36,579 - INFO - Prompt processing progress: 94208/200025
2026-10-02 11:00:39,641 - INFO - Prompt processing progress: 96256/200025
2026-10-02 11:00:42,775 - INFO - Prompt processing progress: 98304/200025
2026-10-02 11:00:45,938 - INFO - Prompt processing progress: 100352/200025
2026-10-02 11:00:49,128 - INFO - Prompt processing progress: 102400/200025
2026-10-02 11:00:52,426 - INFO - Prompt processing progress: 104448/200025
2026-10-02 11:00:55,844 - INFO - Prompt processing progress: 106496/200025
2026-10-02 11:00:59,285 - INFO - Prompt processing progress: 108544/200025
2026-10-02 11:01:02,833 - INFO - Prompt processing progress: 110592/200025
2026-10-02 11:01:06,372 - INFO - Prompt processing progress: 112640/200025
2026-10-02 11:01:09,908 - INFO - Prompt processing progress: 114688/200025
2026-10-02 11:01:13,521 - INFO - Prompt processing progress: 116736/200025
2026-10-02 11:01:17,153 - INFO - Prompt processing progress: 118784/200025
2026-10-02 11:01:20,955 - INFO - Prompt processing progress: 120832/200025
2026-10-02 11:01:24,710 - INFO - Prompt processing progress: 122880/200025
2026-10-02 11:01:28,606 - INFO - Prompt processing progress: 124928/200025
2026-10-02 11:01:32,442 - INFO - Prompt processing progress: 126976/200025
2026-10-02 11:01:36,250 - INFO - Prompt processing progress: 129024/200025
2026-10-02 11:01:40,167 - INFO - Prompt processing progress: 131072/200025
2026-10-02 11:01:44,125 - INFO - Prompt processing progress: 133120/200025
2026-10-02 11:01:48,078 - INFO - Prompt processing progress: 135168/200025
2026-10-02 11:01:52,048 - INFO - Prompt processing progress: 137216/200025
2026-10-02 11:01:56,043 - INFO - Prompt processing progress: 139264/200025
2026-10-02 11:01:59,995 - INFO - Prompt processing progress: 141312/200025
2026-10-02 11:02:03,920 - INFO - Prompt processing progress: 143360/200025
2026-10-02 11:02:07,872 - INFO - Prompt processing progress: 145408/200025
2026-10-02 11:02:11,873 - INFO - Prompt processing progress: 147456/200025
2026-10-02 11:02:15,882 - INFO - Prompt processing progress: 149504/200025
2026-10-02 11:02:19,953 - INFO - Prompt processing progress: 151552/200025
2026-10-02 11:02:24,054 - INFO - Prompt processing progress: 153600/200025
2026-10-02 11:02:28,135 - INFO - Prompt processing progress: 155648/200025
2026-10-02 11:02:32,310 - INFO - Prompt processing progress: 157696/200025
2026-10-02 11:02:36,487 - INFO - Prompt processing progress: 159744/200025
2026-10-02 11:02:40,743 - INFO - Prompt processing progress: 161792/200025
2026-10-02 11:02:44,978 - INFO - Prompt processing progress: 163840/200025
2026-10-02 11:02:49,282 - INFO - Prompt processing progress: 165888/200025
2026-10-02 11:02:53,626 - INFO - Prompt processing progress: 167936/200025
2026-10-02 11:02:58,003 - INFO - Prompt processing progress: 169984/200025
2026-10-02 11:03:02,428 - INFO - Prompt processing progress: 172032/200025
2026-10-02 11:03:06,881 - INFO - Prompt processing progress: 174080/200025
2026-10-02 11:03:11,374 - INFO - Prompt processing progress: 176128/200025
2026-10-02 11:03:15,918 - INFO - Prompt processing progress: 178176/200025
2026-10-02 11:03:20,469 - INFO - Prompt processing progress: 180224/200025
2026-10-02 11:03:25,061 - INFO - Prompt processing progress: 182272/200025
2026-10-02 11:03:29,714 - INFO - Prompt processing progress: 184320/200025
2026-10-02 11:03:34,374 - INFO - Prompt processing progress: 186368/200025
2026-10-02 11:03:39,074 - INFO - Prompt processing progress: 188416/200025
2026-10-02 11:03:43,806 - INFO - Prompt processing progress: 190464/200025
2026-10-02 11:03:48,606 - INFO - Prompt processing progress: 192512/200025
2026-10-02 11:03:53,406 - INFO - Prompt processing progress: 194560/200025
2026-10-02 11:03:58,244 - INFO - Prompt processing progress: 196608/200025
2026-10-02 11:04:03,126 - INFO - Prompt processing progress: 198656/200025
2026-10-02 11:04:06,783 - INFO - Prompt processing progress: 200024/200025
2026-10-02 11:04:06,940 - INFO - Prompt processing progress: 200025/200025
127.0.0.1 - - [02/Oct/2026 11:04:32] "POST /v1/chat/completions HTTP/1.1" 200 -
2026-10-02 11:04:32,734 - INFO - Prompt Cache: 0 sequences, 0.00 GB
2026-10-02 11:04:32,734 - INFO - - assistant: 0 sequences, 0.00 GB
2026-10-02 11:04:32,734 - INFO - - user: 0 sequences, 0.00 GB
2026-10-02 11:04:32,734 - INFO - - system: 0 sequences, 0.00 GB
2026-10-02 11:04:32,833 - INFO - Prompt processing progress: 0/200024
2026-10-02 11:04:34,531 - INFO - Prompt processing progress: 2048/200024
2026-10-02 11:04:36,077 - INFO - Prompt processing progress: 4096/200024
2026-10-02 11:04:37,623 - INFO - Prompt processing progress: 6144/200024
2026-10-02 11:04:39,206 - INFO - Prompt processing progress: 8192/200024
2026-10-02 11:04:40,825 - INFO - Prompt processing progress: 10240/200024
2026-10-02 11:04:42,476 - INFO - Prompt processing progress: 12288/200024
2026-10-02 11:04:44,155 - INFO - Prompt processing progress: 14336/200024
2026-10-02 11:04:45,871 - INFO - Prompt processing progress: 16384/200024
2026-10-02 11:04:47,628 - INFO - Prompt processing progress: 18432/200024
2026-10-02 11:04:49,415 - INFO - Prompt processing progress: 20480/200024
2026-10-02 11:04:51,234 - INFO - Prompt processing progress: 22528/200024
2026-10-02 11:04:53,083 - INFO - Prompt processing progress: 24576/200024
2026-10-02 11:04:54,967 - INFO - Prompt processing progress: 26624/200024
2026-10-02 11:04:56,886 - INFO - Prompt processing progress: 28672/200024
2026-10-02 11:04:58,841 - INFO - Prompt processing progress: 30720/200024
2026-10-02 11:05:00,841 - INFO - Prompt processing progress: 32768/200024
2026-10-02 11:05:02,861 - INFO - Prompt processing progress: 34816/200024
2026-10-02 11:05:04,912 - INFO - Prompt processing progress: 36864/200024
2026-10-02 11:05:06,999 - INFO - Prompt processing progress: 38912/200024
2026-10-02 11:05:09,133 - INFO - Prompt processing progress: 40960/200024
2026-10-02 11:05:11,298 - INFO - Prompt processing progress: 43008/200024
2026-10-02 11:05:13,499 - INFO - Prompt processing progress: 45056/200024
2026-10-02 11:05:15,737 - INFO - Prompt processing progress: 47104/200024
2026-10-02 11:05:18,005 - INFO - Prompt processing progress: 49152/200024
2026-10-02 11:05:20,317 - INFO - Prompt processing progress: 51200/200024
2026-10-02 11:05:22,664 - INFO - Prompt processing progress: 53248/200024
2026-10-02 11:05:25,047 - INFO - Prompt processing progress: 55296/200024
2026-10-02 11:05:27,463 - INFO - Prompt processing progress: 57344/200024
2026-10-02 11:05:29,927 - INFO - Prompt processing progress: 59392/200024
2026-10-02 11:05:32,411 - INFO - Prompt processing progress: 61440/200024
2026-10-02 11:05:34,932 - INFO - Prompt processing progress: 63488/200024
2026-10-02 11:05:37,497 - INFO - Prompt processing progress: 65536/200024
2026-10-02 11:05:40,087 - INFO - Prompt processing progress: 67584/200024
2026-10-02 11:05:42,719 - INFO - Prompt processing progress: 69632/200024
2026-10-02 11:05:45,382 - INFO - Prompt processing progress: 71680/200024
2026-10-02 11:05:48,077 - INFO - Prompt processing progress: 73728/200024
2026-10-02 11:05:50,811 - INFO - Prompt processing progress: 75776/200024
2026-10-02 11:05:53,591 - INFO - Prompt processing progress: 77824/200024
2026-10-02 11:05:56,402 - INFO - Prompt processing progress: 79872/200024
2026-10-02 11:05:59,245 - INFO - Prompt processing progress: 81920/200024
2026-10-02 11:06:02,135 - INFO - Prompt processing progress: 83968/200024
2026-10-02 11:06:05,052 - INFO - Prompt processing progress: 86016/200024
2026-10-02 11:06:08,011 - INFO - Prompt processing progress: 88064/200024
2026-10-02 11:06:10,993 - INFO - Prompt processing progress: 90112/200024
2026-10-02 11:06:14,035 - INFO - Prompt processing progress: 92160/200024
2026-10-02 11:06:17,105 - INFO - Prompt processing progress: 94208/200024
2026-10-02 11:06:20,187 - INFO - Prompt processing progress: 96256/200024
2026-10-02 11:06:23,314 - INFO - Prompt processing progress: 98304/200024
2026-10-02 11:06:26,466 - INFO - Prompt processing progress: 100352/200024
2026-10-02 11:06:29,677 - INFO - Prompt processing progress: 102400/200024
2026-10-02 11:06:32,933 - INFO - Prompt processing progress: 104448/200024
2026-10-02 11:06:36,215 - INFO - Prompt processing progress: 106496/200024
2026-10-02 11:06:39,518 - INFO - Prompt processing progress: 108544/200024
2026-10-02 11:06:42,864 - INFO - Prompt processing progress: 110592/200024
2026-10-02 11:06:46,254 - INFO - Prompt processing progress: 112640/200024
2026-10-02 11:06:49,682 - INFO - Prompt processing progress: 114688/200024
2026-10-02 11:06:53,146 - INFO - Prompt processing progress: 116736/200024
2026-10-02 11:06:56,636 - INFO - Prompt processing progress: 118784/200024
2026-10-02 11:07:00,150 - INFO - Prompt processing progress: 120832/200024
2026-10-02 11:07:03,682 - INFO - Prompt processing progress: 122880/200024
2026-10-02 11:07:07,279 - INFO - Prompt processing progress: 124928/200024
2026-10-02 11:07:10,899 - INFO - Prompt processing progress: 126976/200024
2026-10-02 11:07:14,572 - INFO - Prompt processing progress: 129024/200024
2026-10-02 11:07:18,267 - INFO - Prompt processing progress: 131072/200024
2026-10-02 11:07:21,983 - INFO - Prompt processing progress: 133120/200024
2026-10-02 11:07:25,740 - INFO - Prompt processing progress: 135168/200024
2026-10-02 11:07:29,548 - INFO - Prompt processing progress: 137216/200024
2026-10-02 11:07:33,409 - INFO - Prompt processing progress: 139264/200024
2026-10-02 11:07:37,281 - INFO - Prompt processing progress: 141312/200024
2026-10-02 11:07:41,205 - INFO - Prompt processing progress: 143360/200024
2026-10-02 11:07:45,138 - INFO - Prompt processing progress: 145408/200024
2026-10-02 11:07:49,116 - INFO - Prompt processing progress: 147456/200024
2026-10-02 11:07:53,153 - INFO - Prompt processing progress: 149504/200024
2026-10-02 11:07:57,188 - INFO - Prompt processing progress: 151552/200024
2026-10-02 11:08:01,274 - INFO - Prompt processing progress: 153600/200024
2026-10-02 11:08:05,419 - INFO - Prompt processing progress: 155648/200024
2026-10-02 11:08:09,587 - INFO - Prompt processing progress: 157696/200024
2026-10-02 11:08:13,751 - INFO - Prompt processing progress: 159744/200024
2026-10-02 11:08:17,991 - INFO - Prompt processing progress: 161792/200024
2026-10-02 11:08:22,273 - INFO - Prompt processing progress: 163840/200024
2026-10-02 11:08:26,594 - INFO - Prompt processing progress: 165888/200024
2026-10-02 11:08:30,942 - INFO - Prompt processing progress: 167936/200024
2026-10-02 11:08:35,346 - INFO - Prompt processing progress: 169984/200024
2026-10-02 11:08:39,766 - INFO - Prompt processing progress: 172032/200024
2026-10-02 11:08:44,235 - INFO - Prompt processing progress: 174080/200024
2026-10-02 11:08:48,721 - INFO - Prompt processing progress: 176128/200024
2026-10-02 11:08:53,257 - INFO - Prompt processing progress: 178176/200024
2026-10-02 11:08:57,794 - INFO - Prompt processing progress: 180224/200024
2026-10-02 11:09:02,408 - INFO - Prompt processing progress: 182272/200024
2026-10-02 11:09:07,071 - INFO - Prompt processing progress: 184320/200024
2026-10-02 11:09:11,735 - INFO - Prompt processing progress: 186368/200024
2026-10-02 11:09:16,466 - INFO - Prompt processing progress: 188416/200024
2026-10-02 11:09:21,202 - INFO - Prompt processing progress: 190464/200024
2026-10-02 11:09:25,968 - INFO - Prompt processing progress: 192512/200024
2026-10-02 11:09:30,750 - INFO - Prompt processing progress: 194560/200024
2026-10-02 11:09:35,632 - INFO - Prompt processing progress: 196608/200024
2026-10-02 11:09:40,530 - INFO - Prompt processing progress: 198656/200024
2026-10-02 11:09:44,180 - INFO - Prompt processing progress: 200023/200024
2026-10-02 11:09:44,337 - INFO - Prompt processing progress: 200024/200024
