<M5_REPO>/vendor/vlm-runtime/.venv/lib/python3.12/site-packages/mlx_lm/server.py:1723: UserWarning: mlx_lm.server is not recommended for production as it only implements basic security checks.
  warnings.warn(
2026-10-02 17:40:48,212 - INFO - Starting httpd at 127.0.0.1 on port 18185...
127.0.0.1 - - [02/Oct/2026 17:40:48] "GET /v1/models HTTP/1.1" 200 -
127.0.0.1 - - [02/Oct/2026 17:40:55] "POST /v1/chat/completions HTTP/1.1" 200 -
2026-10-02 17:40:55,302 - INFO - Prompt Cache: 0 sequences, 0.00 GB
2026-10-02 17:40:55,302 - INFO - - assistant: 0 sequences, 0.00 GB
2026-10-02 17:40:55,302 - INFO - - user: 0 sequences, 0.00 GB
2026-10-02 17:40:55,302 - INFO - - system: 0 sequences, 0.00 GB
2026-10-02 17:40:55,389 - INFO - Prompt processing progress: 0/200020
2026-10-02 17:40:55,719 - INFO - Prompt processing progress: 2048/200020
2026-10-02 17:40:55,937 - INFO - Prompt processing progress: 4096/200020
2026-10-02 17:40:56,162 - INFO - Prompt processing progress: 6144/200020
2026-10-02 17:40:56,394 - INFO - Prompt processing progress: 8192/200020
2026-10-02 17:40:56,636 - INFO - Prompt processing progress: 10240/200020
2026-10-02 17:40:56,888 - INFO - Prompt processing progress: 12288/200020
2026-10-02 17:40:57,150 - INFO - Prompt processing progress: 14336/200020
2026-10-02 17:40:57,422 - INFO - Prompt processing progress: 16384/200020
2026-10-02 17:40:57,701 - INFO - Prompt processing progress: 18432/200020
2026-10-02 17:40:57,991 - INFO - Prompt processing progress: 20480/200020
2026-10-02 17:40:58,289 - INFO - Prompt processing progress: 22528/200020
2026-10-02 17:40:58,598 - INFO - Prompt processing progress: 24576/200020
2026-10-02 17:40:58,917 - INFO - Prompt processing progress: 26624/200020
2026-10-02 17:40:59,246 - INFO - Prompt processing progress: 28672/200020
2026-10-02 17:40:59,583 - INFO - Prompt processing progress: 30720/200020
2026-10-02 17:40:59,932 - INFO - Prompt processing progress: 32768/200020
2026-10-02 17:41:00,288 - INFO - Prompt processing progress: 34816/200020
2026-10-02 17:41:00,655 - INFO - Prompt processing progress: 36864/200020
2026-10-02 17:41:01,031 - INFO - Prompt processing progress: 38912/200020
2026-10-02 17:41:01,416 - INFO - Prompt processing progress: 40960/200020
2026-10-02 17:41:01,812 - INFO - Prompt processing progress: 43008/200020
2026-10-02 17:41:02,216 - INFO - Prompt processing progress: 45056/200020
2026-10-02 17:41:02,628 - INFO - Prompt processing progress: 47104/200020
2026-10-02 17:41:03,052 - INFO - Prompt processing progress: 49152/200020
2026-10-02 17:41:03,487 - INFO - Prompt processing progress: 51200/200020
2026-10-02 17:41:03,932 - INFO - Prompt processing progress: 53248/200020
2026-10-02 17:41:04,384 - INFO - Prompt processing progress: 55296/200020
2026-10-02 17:41:04,847 - INFO - Prompt processing progress: 57344/200020
2026-10-02 17:41:05,321 - INFO - Prompt processing progress: 59392/200020
2026-10-02 17:41:05,803 - INFO - Prompt processing progress: 61440/200020
2026-10-02 17:41:06,296 - INFO - Prompt processing progress: 63488/200020
2026-10-02 17:41:06,800 - INFO - Prompt processing progress: 65536/200020
2026-10-02 17:41:07,312 - INFO - Prompt processing progress: 67584/200020
2026-10-02 17:41:07,836 - INFO - Prompt processing progress: 69632/200020
2026-10-02 17:41:08,371 - INFO - Prompt processing progress: 71680/200020
2026-10-02 17:41:08,915 - INFO - Prompt processing progress: 73728/200020
2026-10-02 17:41:09,469 - INFO - Prompt processing progress: 75776/200020
2026-10-02 17:41:10,035 - INFO - Prompt processing progress: 77824/200020
2026-10-02 17:41:10,607 - INFO - Prompt processing progress: 79872/200020
2026-10-02 17:41:11,193 - INFO - Prompt processing progress: 81920/200020
2026-10-02 17:41:11,786 - INFO - Prompt processing progress: 83968/200020
2026-10-02 17:41:12,392 - INFO - Prompt processing progress: 86016/200020
2026-10-02 17:41:13,007 - INFO - Prompt processing progress: 88064/200020
2026-10-02 17:41:13,630 - INFO - Prompt processing progress: 90112/200020
2026-10-02 17:41:14,265 - INFO - Prompt processing progress: 92160/200020
2026-10-02 17:41:14,907 - INFO - Prompt processing progress: 94208/200020
2026-10-02 17:41:15,562 - INFO - Prompt processing progress: 96256/200020
2026-10-02 17:41:16,227 - INFO - Prompt processing progress: 98304/200020
2026-10-02 17:41:16,898 - INFO - Prompt processing progress: 100352/200020
2026-10-02 17:41:17,581 - INFO - Prompt processing progress: 102400/200020
2026-10-02 17:41:18,276 - INFO - Prompt processing progress: 104448/200020
2026-10-02 17:41:18,981 - INFO - Prompt processing progress: 106496/200020
2026-10-02 17:41:19,693 - INFO - Prompt processing progress: 108544/200020
2026-10-02 17:41:20,418 - INFO - Prompt processing progress: 110592/200020
2026-10-02 17:41:21,152 - INFO - Prompt processing progress: 112640/200020
2026-10-02 17:41:21,895 - INFO - Prompt processing progress: 114688/200020
2026-10-02 17:41:22,644 - INFO - Prompt processing progress: 116736/200020
2026-10-02 17:41:23,409 - INFO - Prompt processing progress: 118784/200020
2026-10-02 17:41:24,185 - INFO - Prompt processing progress: 120832/200020
2026-10-02 17:41:24,967 - INFO - Prompt processing progress: 122880/200020
2026-10-02 17:41:25,757 - INFO - Prompt processing progress: 124928/200020
2026-10-02 17:41:26,561 - INFO - Prompt processing progress: 126976/200020
2026-10-02 17:41:27,374 - INFO - Prompt processing progress: 129024/200020
2026-10-02 17:41:28,197 - INFO - Prompt processing progress: 131072/200020
2026-10-02 17:41:29,031 - INFO - Prompt processing progress: 133120/200020
2026-10-02 17:41:29,860 - INFO - Prompt processing progress: 135168/200020
2026-10-02 17:41:30,715 - INFO - Prompt processing progress: 137216/200020
2026-10-02 17:41:31,579 - INFO - Prompt processing progress: 139264/200020
2026-10-02 17:41:32,443 - INFO - Prompt processing progress: 141312/200020
2026-10-02 17:41:33,329 - INFO - Prompt processing progress: 143360/200020
2026-10-02 17:41:34,218 - INFO - Prompt processing progress: 145408/200020
2026-10-02 17:41:35,119 - INFO - Prompt processing progress: 147456/200020
2026-10-02 17:41:36,032 - INFO - Prompt processing progress: 149504/200020
2026-10-02 17:41:36,954 - INFO - Prompt processing progress: 151552/200020
2026-10-02 17:41:37,888 - INFO - Prompt processing progress: 153600/200020
2026-10-02 17:41:38,829 - INFO - Prompt processing progress: 155648/200020
2026-10-02 17:41:39,776 - INFO - Prompt processing progress: 157696/200020
2026-10-02 17:41:40,737 - INFO - Prompt processing progress: 159744/200020
2026-10-02 17:41:41,707 - INFO - Prompt processing progress: 161792/200020
2026-10-02 17:41:42,690 - INFO - Prompt processing progress: 163840/200020
2026-10-02 17:41:43,685 - INFO - Prompt processing progress: 165888/200020
2026-10-02 17:41:44,687 - INFO - Prompt processing progress: 167936/200020
2026-10-02 17:41:45,699 - INFO - Prompt processing progress: 169984/200020
2026-10-02 17:41:46,726 - INFO - Prompt processing progress: 172032/200020
2026-10-02 17:41:47,752 - INFO - Prompt processing progress: 174080/200020
2026-10-02 17:41:48,795 - INFO - Prompt processing progress: 176128/200020
2026-10-02 17:41:49,847 - INFO - Prompt processing progress: 178176/200020
2026-10-02 17:41:50,911 - INFO - Prompt processing progress: 180224/200020
2026-10-02 17:41:51,984 - INFO - Prompt processing progress: 182272/200020
2026-10-02 17:41:53,064 - INFO - Prompt processing progress: 184320/200020
2026-10-02 17:41:54,159 - INFO - Prompt processing progress: 186368/200020
2026-10-02 17:41:55,261 - INFO - Prompt processing progress: 188416/200020
2026-10-02 17:41:56,368 - INFO - Prompt processing progress: 190464/200020
2026-10-02 17:41:57,489 - INFO - Prompt processing progress: 192512/200020
2026-10-02 17:41:58,624 - INFO - Prompt processing progress: 194560/200020
2026-10-02 17:41:59,767 - INFO - Prompt processing progress: 196608/200020
2026-10-02 17:42:00,916 - INFO - Prompt processing progress: 198656/200020
2026-10-02 17:42:01,799 - INFO - Prompt processing progress: 200019/200020
2026-10-02 17:42:01,841 - INFO - Prompt processing progress: 200020/200020
127.0.0.1 - - [02/Oct/2026 17:42:02] "POST /v1/chat/completions HTTP/1.1" 200 -
2026-10-02 17:42:02,180 - INFO - Prompt Cache: 1 sequences, 4.16 GB
2026-10-02 17:42:02,180 - INFO - - assistant: 1 sequences, 4.16 GB
2026-10-02 17:42:02,180 - INFO - - user: 0 sequences, 0.00 GB
2026-10-02 17:42:02,180 - INFO - - system: 0 sequences, 0.00 GB
2026-10-02 17:42:02,279 - INFO - Prompt processing progress: 0/203677
2026-10-02 17:42:02,492 - INFO - Prompt processing progress: 2048/203677
2026-10-02 17:42:02,709 - INFO - Prompt processing progress: 4096/203677
2026-10-02 17:42:02,935 - INFO - Prompt processing progress: 6144/203677
2026-10-02 17:42:03,170 - INFO - Prompt processing progress: 8192/203677
2026-10-02 17:42:03,414 - INFO - Prompt processing progress: 10240/203677
2026-10-02 17:42:03,667 - INFO - Prompt processing progress: 12288/203677
2026-10-02 17:42:03,929 - INFO - Prompt processing progress: 14336/203677
2026-10-02 17:42:04,201 - INFO - Prompt processing progress: 16384/203677
2026-10-02 17:42:04,479 - INFO - Prompt processing progress: 18432/203677
2026-10-02 17:42:04,770 - INFO - Prompt processing progress: 20480/203677
2026-10-02 17:42:05,069 - INFO - Prompt processing progress: 22528/203677
2026-10-02 17:42:05,379 - INFO - Prompt processing progress: 24576/203677
2026-10-02 17:42:05,699 - INFO - Prompt processing progress: 26624/203677
2026-10-02 17:42:06,028 - INFO - Prompt processing progress: 28672/203677
2026-10-02 17:42:06,366 - INFO - Prompt processing progress: 30720/203677
2026-10-02 17:42:06,714 - INFO - Prompt processing progress: 32768/203677
2026-10-02 17:42:07,071 - INFO - Prompt processing progress: 34816/203677
2026-10-02 17:42:07,438 - INFO - Prompt processing progress: 36864/203677
2026-10-02 17:42:07,814 - INFO - Prompt processing progress: 38912/203677
2026-10-02 17:42:08,200 - INFO - Prompt processing progress: 40960/203677
2026-10-02 17:42:08,595 - INFO - Prompt processing progress: 43008/203677
2026-10-02 17:42:09,001 - INFO - Prompt processing progress: 45056/203677
2026-10-02 17:42:09,417 - INFO - Prompt processing progress: 47104/203677
2026-10-02 17:42:09,843 - INFO - Prompt processing progress: 49152/203677
2026-10-02 17:42:10,279 - INFO - Prompt processing progress: 51200/203677
2026-10-02 17:42:10,726 - INFO - Prompt processing progress: 53248/203677
2026-10-02 17:42:11,183 - INFO - Prompt processing progress: 55296/203677
2026-10-02 17:42:11,648 - INFO - Prompt processing progress: 57344/203677
2026-10-02 17:42:12,123 - INFO - Prompt processing progress: 59392/203677
2026-10-02 17:42:12,605 - INFO - Prompt processing progress: 61440/203677
2026-10-02 17:42:13,101 - INFO - Prompt processing progress: 63488/203677
2026-10-02 17:42:13,607 - INFO - Prompt processing progress: 65536/203677
2026-10-02 17:42:14,122 - INFO - Prompt processing progress: 67584/203677
2026-10-02 17:42:14,647 - INFO - Prompt processing progress: 69632/203677
2026-10-02 17:42:15,183 - INFO - Prompt processing progress: 71680/203677
2026-10-02 17:42:15,730 - INFO - Prompt processing progress: 73728/203677
2026-10-02 17:42:16,283 - INFO - Prompt processing progress: 75776/203677
2026-10-02 17:42:16,848 - INFO - Prompt processing progress: 77824/203677
2026-10-02 17:42:17,423 - INFO - Prompt processing progress: 79872/203677
2026-10-02 17:42:18,008 - INFO - Prompt processing progress: 81920/203677
2026-10-02 17:42:18,605 - INFO - Prompt processing progress: 83968/203677
2026-10-02 17:42:19,209 - INFO - Prompt processing progress: 86016/203677
2026-10-02 17:42:19,825 - INFO - Prompt processing progress: 88064/203677
2026-10-02 17:42:20,449 - INFO - Prompt processing progress: 90112/203677
2026-10-02 17:42:21,084 - INFO - Prompt processing progress: 92160/203677
2026-10-02 17:42:21,729 - INFO - Prompt processing progress: 94208/203677
2026-10-02 17:42:22,384 - INFO - Prompt processing progress: 96256/203677
2026-10-02 17:42:23,052 - INFO - Prompt processing progress: 98304/203677
2026-10-02 17:42:23,727 - INFO - Prompt processing progress: 100352/203677
2026-10-02 17:42:24,412 - INFO - Prompt processing progress: 102400/203677
2026-10-02 17:42:25,106 - INFO - Prompt processing progress: 104448/203677
2026-10-02 17:42:25,813 - INFO - Prompt processing progress: 106496/203677
2026-10-02 17:42:26,524 - INFO - Prompt processing progress: 108544/203677
2026-10-02 17:42:27,249 - INFO - Prompt processing progress: 110592/203677
2026-10-02 17:42:27,983 - INFO - Prompt processing progress: 112640/203677
2026-10-02 17:42:28,724 - INFO - Prompt processing progress: 114688/203677
2026-10-02 17:42:29,480 - INFO - Prompt processing progress: 116736/203677
2026-10-02 17:42:30,244 - INFO - Prompt processing progress: 118784/203677
2026-10-02 17:42:31,020 - INFO - Prompt processing progress: 120832/203677
2026-10-02 17:42:31,803 - INFO - Prompt processing progress: 122880/203677
2026-10-02 17:42:32,594 - INFO - Prompt processing progress: 124928/203677
2026-10-02 17:42:33,399 - INFO - Prompt processing progress: 126976/203677
2026-10-02 17:42:34,211 - INFO - Prompt processing progress: 129024/203677
2026-10-02 17:42:35,036 - INFO - Prompt processing progress: 131072/203677
2026-10-02 17:42:35,868 - INFO - Prompt processing progress: 133120/203677
2026-10-02 17:42:36,712 - INFO - Prompt processing progress: 135168/203677
2026-10-02 17:42:37,562 - INFO - Prompt processing progress: 137216/203677
2026-10-02 17:42:38,421 - INFO - Prompt processing progress: 139264/203677
2026-10-02 17:42:39,296 - INFO - Prompt processing progress: 141312/203677
2026-10-02 17:42:40,185 - INFO - Prompt processing progress: 143360/203677
2026-10-02 17:42:41,071 - INFO - Prompt processing progress: 145408/203677
2026-10-02 17:42:41,977 - INFO - Prompt processing progress: 147456/203677
2026-10-02 17:42:42,888 - INFO - Prompt processing progress: 149504/203677
2026-10-02 17:42:43,811 - INFO - Prompt processing progress: 151552/203677
2026-10-02 17:42:44,742 - INFO - Prompt processing progress: 153600/203677
2026-10-02 17:42:45,684 - INFO - Prompt processing progress: 155648/203677
2026-10-02 17:42:46,638 - INFO - Prompt processing progress: 157696/203677
2026-10-02 17:42:47,601 - INFO - Prompt processing progress: 159744/203677
2026-10-02 17:42:48,575 - INFO - Prompt processing progress: 161792/203677
2026-10-02 17:42:49,558 - INFO - Prompt processing progress: 163840/203677
2026-10-02 17:42:50,554 - INFO - Prompt processing progress: 165888/203677
2026-10-02 17:42:51,551 - INFO - Prompt processing progress: 167936/203677
2026-10-02 17:42:52,563 - INFO - Prompt processing progress: 169984/203677
2026-10-02 17:42:53,590 - INFO - Prompt processing progress: 172032/203677
2026-10-02 17:42:54,615 - INFO - Prompt processing progress: 174080/203677
2026-10-02 17:42:55,651 - INFO - Prompt processing progress: 176128/203677
2026-10-02 17:42:56,707 - INFO - Prompt processing progress: 178176/203677
2026-10-02 17:42:57,784 - INFO - Prompt processing progress: 180224/203677
2026-10-02 17:42:58,852 - INFO - Prompt processing progress: 182272/203677
2026-10-02 17:42:59,933 - INFO - Prompt processing progress: 184320/203677
2026-10-02 17:43:01,028 - INFO - Prompt processing progress: 186368/203677
2026-10-02 17:43:02,131 - INFO - Prompt processing progress: 188416/203677
2026-10-02 17:43:03,242 - INFO - Prompt processing progress: 190464/203677
2026-10-02 17:43:04,365 - INFO - Prompt processing progress: 192512/203677
2026-10-02 17:43:05,500 - INFO - Prompt processing progress: 194560/203677
2026-10-02 17:43:06,641 - INFO - Prompt processing progress: 196608/203677
2026-10-02 17:43:07,794 - INFO - Prompt processing progress: 198656/203677
2026-10-02 17:43:08,960 - INFO - Prompt processing progress: 200704/203677
2026-10-02 17:43:10,136 - INFO - Prompt processing progress: 202752/203677
2026-10-02 17:43:11,060 - INFO - Prompt processing progress: 203676/203677
2026-10-02 17:43:11,103 - INFO - Prompt processing progress: 203677/203677
127.0.0.1 - - [02/Oct/2026 17:43:17] "POST /v1/chat/completions HTTP/1.1" 200 -
2026-10-02 17:43:17,064 - INFO - Prompt Cache: 1 sequences, 4.25 GB
2026-10-02 17:43:17,064 - INFO - - assistant: 1 sequences, 4.25 GB
2026-10-02 17:43:17,064 - INFO - - user: 0 sequences, 0.00 GB
2026-10-02 17:43:17,064 - INFO - - system: 0 sequences, 0.00 GB
2026-10-02 17:43:17,162 - INFO - Prompt processing progress: 0/204156
2026-10-02 17:43:17,379 - INFO - Prompt processing progress: 2048/204156
2026-10-02 17:43:17,606 - INFO - Prompt processing progress: 4096/204156
2026-10-02 17:43:17,833 - INFO - Prompt processing progress: 6144/204156
2026-10-02 17:43:18,068 - INFO - Prompt processing progress: 8192/204156
2026-10-02 17:43:18,314 - INFO - Prompt processing progress: 10240/204156
2026-10-02 17:43:18,567 - INFO - Prompt processing progress: 12288/204156
2026-10-02 17:43:18,833 - INFO - Prompt processing progress: 14336/204156
2026-10-02 17:43:19,105 - INFO - Prompt processing progress: 16384/204156
2026-10-02 17:43:19,388 - INFO - Prompt processing progress: 18432/204156
2026-10-02 17:43:19,679 - INFO - Prompt processing progress: 20480/204156
2026-10-02 17:43:19,980 - INFO - Prompt processing progress: 22528/204156
2026-10-02 17:43:20,290 - INFO - Prompt processing progress: 24576/204156
2026-10-02 17:43:20,611 - INFO - Prompt processing progress: 26624/204156
2026-10-02 17:43:20,941 - INFO - Prompt processing progress: 28672/204156
2026-10-02 17:43:21,281 - INFO - Prompt processing progress: 30720/204156
2026-10-02 17:43:21,630 - INFO - Prompt processing progress: 32768/204156
2026-10-02 17:43:21,987 - INFO - Prompt processing progress: 34816/204156
2026-10-02 17:43:22,354 - INFO - Prompt processing progress: 36864/204156
2026-10-02 17:43:22,732 - INFO - Prompt processing progress: 38912/204156
2026-10-02 17:43:23,119 - INFO - Prompt processing progress: 40960/204156
2026-10-02 17:43:23,516 - INFO - Prompt processing progress: 43008/204156
2026-10-02 17:43:23,922 - INFO - Prompt processing progress: 45056/204156
2026-10-02 17:43:24,339 - INFO - Prompt processing progress: 47104/204156
2026-10-02 17:43:24,765 - INFO - Prompt processing progress: 49152/204156
2026-10-02 17:43:25,202 - INFO - Prompt processing progress: 51200/204156
2026-10-02 17:43:25,647 - INFO - Prompt processing progress: 53248/204156
2026-10-02 17:43:26,102 - INFO - Prompt processing progress: 55296/204156
2026-10-02 17:43:26,568 - INFO - Prompt processing progress: 57344/204156
2026-10-02 17:43:27,043 - INFO - Prompt processing progress: 59392/204156
2026-10-02 17:43:27,529 - INFO - Prompt processing progress: 61440/204156
2026-10-02 17:43:28,023 - INFO - Prompt processing progress: 63488/204156
2026-10-02 17:43:28,528 - INFO - Prompt processing progress: 65536/204156
2026-10-02 17:43:29,044 - INFO - Prompt processing progress: 67584/204156
2026-10-02 17:43:29,570 - INFO - Prompt processing progress: 69632/204156
2026-10-02 17:43:30,106 - INFO - Prompt processing progress: 71680/204156
2026-10-02 17:43:30,648 - INFO - Prompt processing progress: 73728/204156
2026-10-02 17:43:31,205 - INFO - Prompt processing progress: 75776/204156
2026-10-02 17:43:31,771 - INFO - Prompt processing progress: 77824/204156
2026-10-02 17:43:32,348 - INFO - Prompt processing progress: 79872/204156
2026-10-02 17:43:32,934 - INFO - Prompt processing progress: 81920/204156
2026-10-02 17:43:33,534 - INFO - Prompt processing progress: 83968/204156
2026-10-02 17:43:34,137 - INFO - Prompt processing progress: 86016/204156
2026-10-02 17:43:34,750 - INFO - Prompt processing progress: 88064/204156
2026-10-02 17:43:35,375 - INFO - Prompt processing progress: 90112/204156
2026-10-02 17:43:36,008 - INFO - Prompt processing progress: 92160/204156
2026-10-02 17:43:36,655 - INFO - Prompt processing progress: 94208/204156
2026-10-02 17:43:37,312 - INFO - Prompt processing progress: 96256/204156
2026-10-02 17:43:37,975 - INFO - Prompt processing progress: 98304/204156
2026-10-02 17:43:38,652 - INFO - Prompt processing progress: 100352/204156
2026-10-02 17:43:39,337 - INFO - Prompt processing progress: 102400/204156
2026-10-02 17:43:40,035 - INFO - Prompt processing progress: 104448/204156
2026-10-02 17:43:40,738 - INFO - Prompt processing progress: 106496/204156
2026-10-02 17:43:41,456 - INFO - Prompt processing progress: 108544/204156
2026-10-02 17:43:42,177 - INFO - Prompt processing progress: 110592/204156
2026-10-02 17:43:42,907 - INFO - Prompt processing progress: 112640/204156
2026-10-02 17:43:43,653 - INFO - Prompt processing progress: 114688/204156
2026-10-02 17:43:44,409 - INFO - Prompt processing progress: 116736/204156
2026-10-02 17:43:45,174 - INFO - Prompt processing progress: 118784/204156
2026-10-02 17:43:45,945 - INFO - Prompt processing progress: 120832/204156
2026-10-02 17:43:46,731 - INFO - Prompt processing progress: 122880/204156
2026-10-02 17:43:47,524 - INFO - Prompt processing progress: 124928/204156
2026-10-02 17:43:48,329 - INFO - Prompt processing progress: 126976/204156
2026-10-02 17:43:49,142 - INFO - Prompt processing progress: 129024/204156
2026-10-02 17:43:49,967 - INFO - Prompt processing progress: 131072/204156
2026-10-02 17:43:50,801 - INFO - Prompt processing progress: 133120/204156
2026-10-02 17:43:51,648 - INFO - Prompt processing progress: 135168/204156
2026-10-02 17:43:52,505 - INFO - Prompt processing progress: 137216/204156
2026-10-02 17:43:53,364 - INFO - Prompt processing progress: 139264/204156
2026-10-02 17:43:54,237 - INFO - Prompt processing progress: 141312/204156
2026-10-02 17:43:55,119 - INFO - Prompt processing progress: 143360/204156
2026-10-02 17:43:56,013 - INFO - Prompt processing progress: 145408/204156
2026-10-02 17:43:56,913 - INFO - Prompt processing progress: 147456/204156
2026-10-02 17:43:57,819 - INFO - Prompt processing progress: 149504/204156
2026-10-02 17:43:58,741 - INFO - Prompt processing progress: 151552/204156
2026-10-02 17:43:59,676 - INFO - Prompt processing progress: 153600/204156
2026-10-02 17:44:00,620 - INFO - Prompt processing progress: 155648/204156
2026-10-02 17:44:01,575 - INFO - Prompt processing progress: 157696/204156
2026-10-02 17:44:02,532 - INFO - Prompt processing progress: 159744/204156
2026-10-02 17:44:03,507 - INFO - Prompt processing progress: 161792/204156
2026-10-02 17:44:04,493 - INFO - Prompt processing progress: 163840/204156
2026-10-02 17:44:05,489 - INFO - Prompt processing progress: 165888/204156
2026-10-02 17:44:06,491 - INFO - Prompt processing progress: 167936/204156
2026-10-02 17:44:07,510 - INFO - Prompt processing progress: 169984/204156
2026-10-02 17:44:08,532 - INFO - Prompt processing progress: 172032/204156
2026-10-02 17:44:09,568 - INFO - Prompt processing progress: 174080/204156
2026-10-02 17:44:10,612 - INFO - Prompt processing progress: 176128/204156
2026-10-02 17:44:11,667 - INFO - Prompt processing progress: 178176/204156
2026-10-02 17:44:12,744 - INFO - Prompt processing progress: 180224/204156
2026-10-02 17:44:13,817 - INFO - Prompt processing progress: 182272/204156
2026-10-02 17:44:14,902 - INFO - Prompt processing progress: 184320/204156
2026-10-02 17:44:15,992 - INFO - Prompt processing progress: 186368/204156
2026-10-02 17:44:17,096 - INFO - Prompt processing progress: 188416/204156
2026-10-02 17:44:18,197 - INFO - Prompt processing progress: 190464/204156
2026-10-02 17:44:19,323 - INFO - Prompt processing progress: 192512/204156
2026-10-02 17:44:20,450 - INFO - Prompt processing progress: 194560/204156
2026-10-02 17:44:21,594 - INFO - Prompt processing progress: 196608/204156
2026-10-02 17:44:22,742 - INFO - Prompt processing progress: 198656/204156
2026-10-02 17:44:23,900 - INFO - Prompt processing progress: 200704/204156
2026-10-02 17:44:25,071 - INFO - Prompt processing progress: 202752/204156
2026-10-02 17:44:25,992 - INFO - Prompt processing progress: 204155/204156
2026-10-02 17:44:26,021 - INFO - Prompt processing progress: 204156/204156
