<M5_REPO>/.venv/lib/python3.12/site-packages/mlx_lm/server.py:1723: UserWarning: mlx_lm.server is not recommended for production as it only implements basic security checks.
  warnings.warn(
2026-10-02 00:46:16,801 - INFO - Starting httpd at 127.0.0.1 on port 18185...
127.0.0.1 - - [02/Oct/2026 00:46:16] "GET /v1/models HTTP/1.1" 200 -
127.0.0.1 - - [02/Oct/2026 00:46:18] "POST /v1/chat/completions HTTP/1.1" 200 -
2026-10-02 00:46:18,274 - INFO - Prompt Cache: 0 sequences, 0.00 GB
2026-10-02 00:46:18,274 - INFO - - assistant: 0 sequences, 0.00 GB
2026-10-02 00:46:18,274 - INFO - - user: 0 sequences, 0.00 GB
2026-10-02 00:46:18,274 - INFO - - system: 0 sequences, 0.00 GB
2026-10-02 00:46:18,372 - INFO - Prompt processing progress: 0/33
2026-10-02 00:46:18,471 - INFO - Prompt processing progress: 32/33
2026-10-02 00:46:18,544 - INFO - Prompt processing progress: 33/33
127.0.0.1 - - [02/Oct/2026 00:46:19] "POST /v1/chat/completions HTTP/1.1" 200 -
2026-10-02 00:46:19,007 - INFO - Prompt Cache: 0 sequences, 0.00 GB
2026-10-02 00:46:19,007 - INFO - - assistant: 0 sequences, 0.00 GB
2026-10-02 00:46:19,007 - INFO - - user: 0 sequences, 0.00 GB
2026-10-02 00:46:19,007 - INFO - - system: 0 sequences, 0.00 GB
2026-10-02 00:46:19,104 - INFO - Prompt processing progress: 0/45
2026-10-02 00:46:19,231 - INFO - Prompt processing progress: 44/45
2026-10-02 00:46:19,299 - INFO - Prompt processing progress: 45/45
2026-10-02 00:46:20,357 - INFO - Prompt Cache: 0 sequences, 0.00 GB
127.0.0.1 - - [02/Oct/2026 00:46:20] "POST /v1/chat/completions HTTP/1.1" 200 -
2026-10-02 00:46:20,357 - INFO - - assistant: 0 sequences, 0.00 GB
2026-10-02 00:46:20,357 - INFO - - user: 0 sequences, 0.00 GB
2026-10-02 00:46:20,357 - INFO - - system: 0 sequences, 0.00 GB
2026-10-02 00:46:20,452 - INFO - Prompt processing progress: 0/42
2026-10-02 00:46:20,575 - INFO - Prompt processing progress: 41/42
2026-10-02 00:46:20,644 - INFO - Prompt processing progress: 42/42
127.0.0.1 - - [02/Oct/2026 00:46:21] "POST /v1/chat/completions HTTP/1.1" 200 -
2026-10-02 00:46:21,003 - INFO - Prompt Cache: 0 sequences, 0.00 GB
2026-10-02 00:46:21,003 - INFO - - assistant: 0 sequences, 0.00 GB
2026-10-02 00:46:21,003 - INFO - - user: 0 sequences, 0.00 GB
2026-10-02 00:46:21,003 - INFO - - system: 0 sequences, 0.00 GB
2026-10-02 00:46:21,097 - INFO - Prompt processing progress: 0/45
2026-10-02 00:46:21,222 - INFO - Prompt processing progress: 44/45
2026-10-02 00:46:21,290 - INFO - Prompt processing progress: 45/45
127.0.0.1 - - [02/Oct/2026 00:46:21] "POST /v1/chat/completions HTTP/1.1" 200 -
2026-10-02 00:46:21,719 - INFO - Prompt Cache: 0 sequences, 0.00 GB
2026-10-02 00:46:21,719 - INFO - - assistant: 0 sequences, 0.00 GB
2026-10-02 00:46:21,719 - INFO - - user: 0 sequences, 0.00 GB
2026-10-02 00:46:21,719 - INFO - - system: 0 sequences, 0.00 GB
2026-10-02 00:46:21,815 - INFO - Prompt processing progress: 0/48
2026-10-02 00:46:21,940 - INFO - Prompt processing progress: 47/48
2026-10-02 00:46:22,008 - INFO - Prompt processing progress: 48/48
2026-10-02 00:46:22,821 - INFO - Prompt Cache: 0 sequences, 0.00 GB
127.0.0.1 - - [02/Oct/2026 00:46:22] "POST /v1/chat/completions HTTP/1.1" 200 -
2026-10-02 00:46:22,821 - INFO - - assistant: 0 sequences, 0.00 GB
2026-10-02 00:46:22,821 - INFO - - user: 0 sequences, 0.00 GB
2026-10-02 00:46:22,821 - INFO - - system: 0 sequences, 0.00 GB
2026-10-02 00:46:22,916 - INFO - Prompt processing progress: 0/52
2026-10-02 00:46:23,045 - INFO - Prompt processing progress: 51/52
2026-10-02 00:46:23,113 - INFO - Prompt processing progress: 52/52
2026-10-02 00:46:23,543 - INFO - Prompt Cache: 0 sequences, 0.00 GB
127.0.0.1 - - [02/Oct/2026 00:46:23] "POST /v1/chat/completions HTTP/1.1" 200 -
2026-10-02 00:46:23,543 - INFO - - assistant: 0 sequences, 0.00 GB
2026-10-02 00:46:23,543 - INFO - - user: 0 sequences, 0.00 GB
2026-10-02 00:46:23,543 - INFO - - system: 0 sequences, 0.00 GB
2026-10-02 00:46:23,639 - INFO - Prompt processing progress: 0/37
2026-10-02 00:46:23,761 - INFO - Prompt processing progress: 36/37
2026-10-02 00:46:23,830 - INFO - Prompt processing progress: 37/37
2026-10-02 00:46:24,647 - INFO - Prompt Cache: 0 sequences, 0.00 GB
127.0.0.1 - - [02/Oct/2026 00:46:24] "POST /v1/chat/completions HTTP/1.1" 200 -
2026-10-02 00:46:24,647 - INFO - - assistant: 0 sequences, 0.00 GB
2026-10-02 00:46:24,647 - INFO - - user: 0 sequences, 0.00 GB
2026-10-02 00:46:24,647 - INFO - - system: 0 sequences, 0.00 GB
2026-10-02 00:46:24,742 - INFO - Prompt processing progress: 0/53
2026-10-02 00:46:24,871 - INFO - Prompt processing progress: 52/53
2026-10-02 00:46:24,940 - INFO - Prompt processing progress: 53/53
127.0.0.1 - - [02/Oct/2026 00:46:25] "POST /v1/chat/completions HTTP/1.1" 200 -
2026-10-02 00:46:25,410 - INFO - Prompt Cache: 0 sequences, 0.00 GB
2026-10-02 00:46:25,410 - INFO - - assistant: 0 sequences, 0.00 GB
2026-10-02 00:46:25,411 - INFO - - user: 0 sequences, 0.00 GB
2026-10-02 00:46:25,411 - INFO - - system: 0 sequences, 0.00 GB
2026-10-02 00:46:25,511 - INFO - Prompt processing progress: 0/33
2026-10-02 00:46:25,600 - INFO - Prompt processing progress: 32/33
2026-10-02 00:46:25,669 - INFO - Prompt processing progress: 33/33
2026-10-02 00:46:26,134 - INFO - Prompt Cache: 0 sequences, 0.00 GB
127.0.0.1 - - [02/Oct/2026 00:46:26] "POST /v1/chat/completions HTTP/1.1" 200 -
2026-10-02 00:46:26,135 - INFO - - assistant: 0 sequences, 0.00 GB
2026-10-02 00:46:26,135 - INFO - - user: 0 sequences, 0.00 GB
2026-10-02 00:46:26,135 - INFO - - system: 0 sequences, 0.00 GB
2026-10-02 00:46:26,230 - INFO - Prompt processing progress: 0/45
2026-10-02 00:46:26,355 - INFO - Prompt processing progress: 44/45
2026-10-02 00:46:26,423 - INFO - Prompt processing progress: 45/45
127.0.0.1 - - [02/Oct/2026 00:46:27] "POST /v1/chat/completions HTTP/1.1" 200 -
2026-10-02 00:46:27,487 - INFO - Prompt Cache: 0 sequences, 0.00 GB
2026-10-02 00:46:27,487 - INFO - - assistant: 0 sequences, 0.00 GB
2026-10-02 00:46:27,487 - INFO - - user: 0 sequences, 0.00 GB
2026-10-02 00:46:27,487 - INFO - - system: 0 sequences, 0.00 GB
2026-10-02 00:46:27,583 - INFO - Prompt processing progress: 0/42
2026-10-02 00:46:27,706 - INFO - Prompt processing progress: 41/42
2026-10-02 00:46:27,775 - INFO - Prompt processing progress: 42/42
2026-10-02 00:46:28,276 - INFO - Prompt Cache: 0 sequences, 0.00 GB
127.0.0.1 - - [02/Oct/2026 00:46:28] "POST /v1/chat/completions HTTP/1.1" 200 -
2026-10-02 00:46:28,276 - INFO - - assistant: 0 sequences, 0.00 GB
2026-10-02 00:46:28,276 - INFO - - user: 0 sequences, 0.00 GB
2026-10-02 00:46:28,276 - INFO - - system: 0 sequences, 0.00 GB
2026-10-02 00:46:28,371 - INFO - Prompt processing progress: 0/45
2026-10-02 00:46:28,495 - INFO - Prompt processing progress: 44/45
2026-10-02 00:46:28,564 - INFO - Prompt processing progress: 45/45
127.0.0.1 - - [02/Oct/2026 00:46:28] "POST /v1/chat/completions HTTP/1.1" 200 -
2026-10-02 00:46:28,995 - INFO - Prompt Cache: 0 sequences, 0.00 GB
2026-10-02 00:46:28,995 - INFO - - assistant: 0 sequences, 0.00 GB
2026-10-02 00:46:28,995 - INFO - - user: 0 sequences, 0.00 GB
2026-10-02 00:46:28,995 - INFO - - system: 0 sequences, 0.00 GB
2026-10-02 00:46:29,090 - INFO - Prompt processing progress: 0/48
2026-10-02 00:46:29,215 - INFO - Prompt processing progress: 47/48
2026-10-02 00:46:29,284 - INFO - Prompt processing progress: 48/48
2026-10-02 00:46:30,101 - INFO - Prompt Cache: 0 sequences, 0.00 GB
127.0.0.1 - - [02/Oct/2026 00:46:30] "POST /v1/chat/completions HTTP/1.1" 200 -
2026-10-02 00:46:30,101 - INFO - - assistant: 0 sequences, 0.00 GB
2026-10-02 00:46:30,101 - INFO - - user: 0 sequences, 0.00 GB
2026-10-02 00:46:30,101 - INFO - - system: 0 sequences, 0.00 GB
2026-10-02 00:46:30,198 - INFO - Prompt processing progress: 0/52
2026-10-02 00:46:30,326 - INFO - Prompt processing progress: 51/52
2026-10-02 00:46:30,396 - INFO - Prompt processing progress: 52/52
2026-10-02 00:46:30,827 - INFO - Prompt Cache: 0 sequences, 0.00 GB
127.0.0.1 - - [02/Oct/2026 00:46:30] "POST /v1/chat/completions HTTP/1.1" 200 -
2026-10-02 00:46:30,828 - INFO - - assistant: 0 sequences, 0.00 GB
2026-10-02 00:46:30,828 - INFO - - user: 0 sequences, 0.00 GB
2026-10-02 00:46:30,828 - INFO - - system: 0 sequences, 0.00 GB
2026-10-02 00:46:30,924 - INFO - Prompt processing progress: 0/37
2026-10-02 00:46:31,047 - INFO - Prompt processing progress: 36/37
2026-10-02 00:46:31,116 - INFO - Prompt processing progress: 37/37
127.0.0.1 - - [02/Oct/2026 00:46:31] "POST /v1/chat/completions HTTP/1.1" 200 -
2026-10-02 00:46:31,934 - INFO - Prompt Cache: 0 sequences, 0.00 GB
2026-10-02 00:46:31,934 - INFO - - assistant: 0 sequences, 0.00 GB
2026-10-02 00:46:31,934 - INFO - - user: 0 sequences, 0.00 GB
2026-10-02 00:46:31,934 - INFO - - system: 0 sequences, 0.00 GB
2026-10-02 00:46:32,034 - INFO - Prompt processing progress: 0/53
2026-10-02 00:46:32,162 - INFO - Prompt processing progress: 52/53
2026-10-02 00:46:32,232 - INFO - Prompt processing progress: 53/53
2026-10-02 00:46:32,845 - INFO - Prompt Cache: 0 sequences, 0.00 GB
127.0.0.1 - - [02/Oct/2026 00:46:32] "POST /v1/chat/completions HTTP/1.1" 200 -
2026-10-02 00:46:32,845 - INFO - - assistant: 0 sequences, 0.00 GB
2026-10-02 00:46:32,845 - INFO - - user: 0 sequences, 0.00 GB
2026-10-02 00:46:32,845 - INFO - - system: 0 sequences, 0.00 GB
2026-10-02 00:46:32,954 - INFO - Prompt processing progress: 0/33
2026-10-02 00:46:33,042 - INFO - Prompt processing progress: 32/33
2026-10-02 00:46:33,111 - INFO - Prompt processing progress: 33/33
127.0.0.1 - - [02/Oct/2026 00:46:33] "POST /v1/chat/completions HTTP/1.1" 200 -
2026-10-02 00:46:33,580 - INFO - Prompt Cache: 0 sequences, 0.00 GB
2026-10-02 00:46:33,580 - INFO - - assistant: 0 sequences, 0.00 GB
2026-10-02 00:46:33,580 - INFO - - user: 0 sequences, 0.00 GB
2026-10-02 00:46:33,580 - INFO - - system: 0 sequences, 0.00 GB
2026-10-02 00:46:33,687 - INFO - Prompt processing progress: 0/45
2026-10-02 00:46:33,810 - INFO - Prompt processing progress: 44/45
2026-10-02 00:46:33,879 - INFO - Prompt processing progress: 45/45
127.0.0.1 - - [02/Oct/2026 00:46:34] "POST /v1/chat/completions HTTP/1.1" 200 -
2026-10-02 00:46:34,942 - INFO - Prompt Cache: 0 sequences, 0.00 GB
2026-10-02 00:46:34,942 - INFO - - assistant: 0 sequences, 0.00 GB
2026-10-02 00:46:34,942 - INFO - - user: 0 sequences, 0.00 GB
2026-10-02 00:46:34,942 - INFO - - system: 0 sequences, 0.00 GB
2026-10-02 00:46:35,046 - INFO - Prompt processing progress: 0/42
2026-10-02 00:46:35,169 - INFO - Prompt processing progress: 41/42
2026-10-02 00:46:35,238 - INFO - Prompt processing progress: 42/42
127.0.0.1 - - [02/Oct/2026 00:46:35] "POST /v1/chat/completions HTTP/1.1" 200 -
2026-10-02 00:46:35,738 - INFO - Prompt Cache: 0 sequences, 0.00 GB
2026-10-02 00:46:35,738 - INFO - - assistant: 0 sequences, 0.00 GB
2026-10-02 00:46:35,738 - INFO - - user: 0 sequences, 0.00 GB
2026-10-02 00:46:35,738 - INFO - - system: 0 sequences, 0.00 GB
2026-10-02 00:46:35,843 - INFO - Prompt processing progress: 0/45
2026-10-02 00:46:35,967 - INFO - Prompt processing progress: 44/45
2026-10-02 00:46:36,035 - INFO - Prompt processing progress: 45/45
127.0.0.1 - - [02/Oct/2026 00:46:36] "POST /v1/chat/completions HTTP/1.1" 200 -
2026-10-02 00:46:36,465 - INFO - Prompt Cache: 0 sequences, 0.00 GB
2026-10-02 00:46:36,465 - INFO - - assistant: 0 sequences, 0.00 GB
2026-10-02 00:46:36,465 - INFO - - user: 0 sequences, 0.00 GB
2026-10-02 00:46:36,465 - INFO - - system: 0 sequences, 0.00 GB
2026-10-02 00:46:36,569 - INFO - Prompt processing progress: 0/48
2026-10-02 00:46:36,694 - INFO - Prompt processing progress: 47/48
2026-10-02 00:46:36,762 - INFO - Prompt processing progress: 48/48
127.0.0.1 - - [02/Oct/2026 00:46:37] "POST /v1/chat/completions HTTP/1.1" 200 -
2026-10-02 00:46:37,577 - INFO - Prompt Cache: 0 sequences, 0.00 GB
2026-10-02 00:46:37,577 - INFO - - assistant: 0 sequences, 0.00 GB
2026-10-02 00:46:37,577 - INFO - - user: 0 sequences, 0.00 GB
2026-10-02 00:46:37,577 - INFO - - system: 0 sequences, 0.00 GB
2026-10-02 00:46:37,685 - INFO - Prompt processing progress: 0/52
2026-10-02 00:46:37,814 - INFO - Prompt processing progress: 51/52
2026-10-02 00:46:37,882 - INFO - Prompt processing progress: 52/52
127.0.0.1 - - [02/Oct/2026 00:46:38] "POST /v1/chat/completions HTTP/1.1" 200 -
2026-10-02 00:46:38,314 - INFO - Prompt Cache: 0 sequences, 0.00 GB
2026-10-02 00:46:38,314 - INFO - - assistant: 0 sequences, 0.00 GB
2026-10-02 00:46:38,314 - INFO - - user: 0 sequences, 0.00 GB
2026-10-02 00:46:38,314 - INFO - - system: 0 sequences, 0.00 GB
2026-10-02 00:46:38,421 - INFO - Prompt processing progress: 0/37
2026-10-02 00:46:38,542 - INFO - Prompt processing progress: 36/37
2026-10-02 00:46:38,611 - INFO - Prompt processing progress: 37/37
127.0.0.1 - - [02/Oct/2026 00:46:39] "POST /v1/chat/completions HTTP/1.1" 200 -
2026-10-02 00:46:39,427 - INFO - Prompt Cache: 0 sequences, 0.00 GB
2026-10-02 00:46:39,428 - INFO - - assistant: 0 sequences, 0.00 GB
2026-10-02 00:46:39,428 - INFO - - user: 0 sequences, 0.00 GB
2026-10-02 00:46:39,428 - INFO - - system: 0 sequences, 0.00 GB
2026-10-02 00:46:39,534 - INFO - Prompt processing progress: 0/53
2026-10-02 00:46:39,663 - INFO - Prompt processing progress: 52/53
2026-10-02 00:46:39,732 - INFO - Prompt processing progress: 53/53
