<M5_REPO>/vendor/vlm-runtime/.venv/lib/python3.12/site-packages/mlx_lm/server.py:1723: UserWarning: mlx_lm.server is not recommended for production as it only implements basic security checks.
  warnings.warn(
2026-10-02 17:44:39,822 - INFO - Starting httpd at 127.0.0.1 on port 18185...
127.0.0.1 - - [02/Oct/2026 17:44:40] "GET /v1/models HTTP/1.1" 200 -
127.0.0.1 - - [02/Oct/2026 17:44:46] "POST /v1/chat/completions HTTP/1.1" 200 -
2026-10-02 17:44:46,968 - INFO - Prompt Cache: 0 sequences, 0.00 GB
2026-10-02 17:44:46,968 - INFO - - assistant: 0 sequences, 0.00 GB
2026-10-02 17:44:46,968 - INFO - - user: 0 sequences, 0.00 GB
2026-10-02 17:44:46,968 - INFO - - system: 0 sequences, 0.00 GB
2026-10-02 17:44:47,059 - INFO - Prompt processing progress: 0/200020
2026-10-02 17:44:47,386 - INFO - Prompt processing progress: 2048/200020
2026-10-02 17:44:47,604 - INFO - Prompt processing progress: 4096/200020
2026-10-02 17:44:47,829 - INFO - Prompt processing progress: 6144/200020
2026-10-02 17:44:48,061 - INFO - Prompt processing progress: 8192/200020
2026-10-02 17:44:48,304 - INFO - Prompt processing progress: 10240/200020
2026-10-02 17:44:48,556 - INFO - Prompt processing progress: 12288/200020
2026-10-02 17:44:48,818 - INFO - Prompt processing progress: 14336/200020
2026-10-02 17:44:49,090 - INFO - Prompt processing progress: 16384/200020
2026-10-02 17:44:49,369 - INFO - Prompt processing progress: 18432/200020
2026-10-02 17:44:49,661 - INFO - Prompt processing progress: 20480/200020
2026-10-02 17:44:49,960 - INFO - Prompt processing progress: 22528/200020
2026-10-02 17:44:50,268 - INFO - Prompt processing progress: 24576/200020
2026-10-02 17:44:50,588 - INFO - Prompt processing progress: 26624/200020
2026-10-02 17:44:50,916 - INFO - Prompt processing progress: 28672/200020
2026-10-02 17:44:51,254 - INFO - Prompt processing progress: 30720/200020
2026-10-02 17:44:51,601 - INFO - Prompt processing progress: 32768/200020
2026-10-02 17:44:51,957 - INFO - Prompt processing progress: 34816/200020
2026-10-02 17:44:52,325 - INFO - Prompt processing progress: 36864/200020
2026-10-02 17:44:52,700 - INFO - Prompt processing progress: 38912/200020
2026-10-02 17:44:53,088 - INFO - Prompt processing progress: 40960/200020
2026-10-02 17:44:53,483 - INFO - Prompt processing progress: 43008/200020
2026-10-02 17:44:53,889 - INFO - Prompt processing progress: 45056/200020
2026-10-02 17:44:54,303 - INFO - Prompt processing progress: 47104/200020
2026-10-02 17:44:54,729 - INFO - Prompt processing progress: 49152/200020
2026-10-02 17:44:55,162 - INFO - Prompt processing progress: 51200/200020
2026-10-02 17:44:55,607 - INFO - Prompt processing progress: 53248/200020
2026-10-02 17:44:56,062 - INFO - Prompt processing progress: 55296/200020
2026-10-02 17:44:56,527 - INFO - Prompt processing progress: 57344/200020
2026-10-02 17:44:56,999 - INFO - Prompt processing progress: 59392/200020
2026-10-02 17:44:57,485 - INFO - Prompt processing progress: 61440/200020
2026-10-02 17:44:57,978 - INFO - Prompt processing progress: 63488/200020
2026-10-02 17:44:58,482 - INFO - Prompt processing progress: 65536/200020
2026-10-02 17:44:58,996 - INFO - Prompt processing progress: 67584/200020
2026-10-02 17:44:59,519 - INFO - Prompt processing progress: 69632/200020
2026-10-02 17:45:00,052 - INFO - Prompt processing progress: 71680/200020
2026-10-02 17:45:00,593 - INFO - Prompt processing progress: 73728/200020
2026-10-02 17:45:01,146 - INFO - Prompt processing progress: 75776/200020
2026-10-02 17:45:01,709 - INFO - Prompt processing progress: 77824/200020
2026-10-02 17:45:02,283 - INFO - Prompt processing progress: 79872/200020
2026-10-02 17:45:02,864 - INFO - Prompt processing progress: 81920/200020
2026-10-02 17:45:03,460 - INFO - Prompt processing progress: 83968/200020
2026-10-02 17:45:04,064 - INFO - Prompt processing progress: 86016/200020
2026-10-02 17:45:04,679 - INFO - Prompt processing progress: 88064/200020
2026-10-02 17:45:05,305 - INFO - Prompt processing progress: 90112/200020
2026-10-02 17:45:05,939 - INFO - Prompt processing progress: 92160/200020
2026-10-02 17:45:06,582 - INFO - Prompt processing progress: 94208/200020
2026-10-02 17:45:07,237 - INFO - Prompt processing progress: 96256/200020
2026-10-02 17:45:07,899 - INFO - Prompt processing progress: 98304/200020
2026-10-02 17:45:08,570 - INFO - Prompt processing progress: 100352/200020
2026-10-02 17:45:09,255 - INFO - Prompt processing progress: 102400/200020
2026-10-02 17:45:09,949 - INFO - Prompt processing progress: 104448/200020
2026-10-02 17:45:10,649 - INFO - Prompt processing progress: 106496/200020
2026-10-02 17:45:11,363 - INFO - Prompt processing progress: 108544/200020
2026-10-02 17:45:12,086 - INFO - Prompt processing progress: 110592/200020
2026-10-02 17:45:12,817 - INFO - Prompt processing progress: 112640/200020
2026-10-02 17:45:13,563 - INFO - Prompt processing progress: 114688/200020
2026-10-02 17:45:14,315 - INFO - Prompt processing progress: 116736/200020
2026-10-02 17:45:15,078 - INFO - Prompt processing progress: 118784/200020
2026-10-02 17:45:15,855 - INFO - Prompt processing progress: 120832/200020
2026-10-02 17:45:16,636 - INFO - Prompt processing progress: 122880/200020
2026-10-02 17:45:17,429 - INFO - Prompt processing progress: 124928/200020
2026-10-02 17:45:18,229 - INFO - Prompt processing progress: 126976/200020
2026-10-02 17:45:19,043 - INFO - Prompt processing progress: 129024/200020
2026-10-02 17:45:19,869 - INFO - Prompt processing progress: 131072/200020
2026-10-02 17:45:20,700 - INFO - Prompt processing progress: 133120/200020
2026-10-02 17:45:21,545 - INFO - Prompt processing progress: 135168/200020
2026-10-02 17:45:22,392 - INFO - Prompt processing progress: 137216/200020
2026-10-02 17:45:23,254 - INFO - Prompt processing progress: 139264/200020
2026-10-02 17:45:24,126 - INFO - Prompt processing progress: 141312/200020
2026-10-02 17:45:25,008 - INFO - Prompt processing progress: 143360/200020
2026-10-02 17:45:25,902 - INFO - Prompt processing progress: 145408/200020
2026-10-02 17:45:26,797 - INFO - Prompt processing progress: 147456/200020
2026-10-02 17:45:27,707 - INFO - Prompt processing progress: 149504/200020
2026-10-02 17:45:28,626 - INFO - Prompt processing progress: 151552/200020
2026-10-02 17:45:29,558 - INFO - Prompt processing progress: 153600/200020
2026-10-02 17:45:30,498 - INFO - Prompt processing progress: 155648/200020
2026-10-02 17:45:31,445 - INFO - Prompt processing progress: 157696/200020
2026-10-02 17:45:32,407 - INFO - Prompt processing progress: 159744/200020
2026-10-02 17:45:33,377 - INFO - Prompt processing progress: 161792/200020
2026-10-02 17:45:34,361 - INFO - Prompt processing progress: 163840/200020
2026-10-02 17:45:35,352 - INFO - Prompt processing progress: 165888/200020
2026-10-02 17:45:36,358 - INFO - Prompt processing progress: 167936/200020
2026-10-02 17:45:37,369 - INFO - Prompt processing progress: 169984/200020
2026-10-02 17:45:38,387 - INFO - Prompt processing progress: 172032/200020
2026-10-02 17:45:39,416 - INFO - Prompt processing progress: 174080/200020
2026-10-02 17:45:40,453 - INFO - Prompt processing progress: 176128/200020
2026-10-02 17:45:41,507 - INFO - Prompt processing progress: 178176/200020
2026-10-02 17:45:42,566 - INFO - Prompt processing progress: 180224/200020
2026-10-02 17:45:43,642 - INFO - Prompt processing progress: 182272/200020
2026-10-02 17:45:44,717 - INFO - Prompt processing progress: 184320/200020
2026-10-02 17:45:45,809 - INFO - Prompt processing progress: 186368/200020
2026-10-02 17:45:46,910 - INFO - Prompt processing progress: 188416/200020
2026-10-02 17:45:48,023 - INFO - Prompt processing progress: 190464/200020
2026-10-02 17:45:49,145 - INFO - Prompt processing progress: 192512/200020
2026-10-02 17:45:50,277 - INFO - Prompt processing progress: 194560/200020
2026-10-02 17:45:51,421 - INFO - Prompt processing progress: 196608/200020
2026-10-02 17:45:52,574 - INFO - Prompt processing progress: 198656/200020
2026-10-02 17:45:53,460 - INFO - Prompt processing progress: 200019/200020
2026-10-02 17:45:53,501 - INFO - Prompt processing progress: 200020/200020
127.0.0.1 - - [02/Oct/2026 17:45:53] "POST /v1/chat/completions HTTP/1.1" 200 -
2026-10-02 17:45:53,851 - INFO - Prompt Cache: 1 sequences, 4.16 GB
2026-10-02 17:45:53,851 - INFO - - assistant: 1 sequences, 4.16 GB
2026-10-02 17:45:53,851 - INFO - - user: 0 sequences, 0.00 GB
2026-10-02 17:45:53,851 - INFO - - system: 0 sequences, 0.00 GB
2026-10-02 17:45:53,954 - INFO - Prompt processing progress: 0/203677
2026-10-02 17:45:54,166 - INFO - Prompt processing progress: 2048/203677
2026-10-02 17:45:54,383 - INFO - Prompt processing progress: 4096/203677
2026-10-02 17:45:54,608 - INFO - Prompt processing progress: 6144/203677
2026-10-02 17:45:54,841 - INFO - Prompt processing progress: 8192/203677
2026-10-02 17:45:55,083 - INFO - Prompt processing progress: 10240/203677
2026-10-02 17:45:55,334 - INFO - Prompt processing progress: 12288/203677
2026-10-02 17:45:55,596 - INFO - Prompt processing progress: 14336/203677
2026-10-02 17:45:55,868 - INFO - Prompt processing progress: 16384/203677
2026-10-02 17:45:56,147 - INFO - Prompt processing progress: 18432/203677
2026-10-02 17:45:56,437 - INFO - Prompt processing progress: 20480/203677
2026-10-02 17:45:56,736 - INFO - Prompt processing progress: 22528/203677
2026-10-02 17:45:57,047 - INFO - Prompt processing progress: 24576/203677
2026-10-02 17:45:57,366 - INFO - Prompt processing progress: 26624/203677
2026-10-02 17:45:57,695 - INFO - Prompt processing progress: 28672/203677
2026-10-02 17:45:58,032 - INFO - Prompt processing progress: 30720/203677
2026-10-02 17:45:58,380 - INFO - Prompt processing progress: 32768/203677
2026-10-02 17:45:58,737 - INFO - Prompt processing progress: 34816/203677
2026-10-02 17:45:59,103 - INFO - Prompt processing progress: 36864/203677
2026-10-02 17:45:59,479 - INFO - Prompt processing progress: 38912/203677
2026-10-02 17:45:59,863 - INFO - Prompt processing progress: 40960/203677
2026-10-02 17:46:00,257 - INFO - Prompt processing progress: 43008/203677
2026-10-02 17:46:00,661 - INFO - Prompt processing progress: 45056/203677
2026-10-02 17:46:01,075 - INFO - Prompt processing progress: 47104/203677
2026-10-02 17:46:01,499 - INFO - Prompt processing progress: 49152/203677
2026-10-02 17:46:01,933 - INFO - Prompt processing progress: 51200/203677
2026-10-02 17:46:02,379 - INFO - Prompt processing progress: 53248/203677
2026-10-02 17:46:02,834 - INFO - Prompt processing progress: 55296/203677
2026-10-02 17:46:03,299 - INFO - Prompt processing progress: 57344/203677
2026-10-02 17:46:03,773 - INFO - Prompt processing progress: 59392/203677
2026-10-02 17:46:04,260 - INFO - Prompt processing progress: 61440/203677
2026-10-02 17:46:04,753 - INFO - Prompt processing progress: 63488/203677
2026-10-02 17:46:05,258 - INFO - Prompt processing progress: 65536/203677
2026-10-02 17:46:05,770 - INFO - Prompt processing progress: 67584/203677
2026-10-02 17:46:06,296 - INFO - Prompt processing progress: 69632/203677
2026-10-02 17:46:06,831 - INFO - Prompt processing progress: 71680/203677
2026-10-02 17:46:07,377 - INFO - Prompt processing progress: 73728/203677
2026-10-02 17:46:07,933 - INFO - Prompt processing progress: 75776/203677
2026-10-02 17:46:08,499 - INFO - Prompt processing progress: 77824/203677
2026-10-02 17:46:09,075 - INFO - Prompt processing progress: 79872/203677
2026-10-02 17:46:09,661 - INFO - Prompt processing progress: 81920/203677
2026-10-02 17:46:10,258 - INFO - Prompt processing progress: 83968/203677
2026-10-02 17:46:10,862 - INFO - Prompt processing progress: 86016/203677
2026-10-02 17:46:11,476 - INFO - Prompt processing progress: 88064/203677
2026-10-02 17:46:12,104 - INFO - Prompt processing progress: 90112/203677
2026-10-02 17:46:12,739 - INFO - Prompt processing progress: 92160/203677
2026-10-02 17:46:13,385 - INFO - Prompt processing progress: 94208/203677
2026-10-02 17:46:14,042 - INFO - Prompt processing progress: 96256/203677
2026-10-02 17:46:14,707 - INFO - Prompt processing progress: 98304/203677
2026-10-02 17:46:15,382 - INFO - Prompt processing progress: 100352/203677
2026-10-02 17:46:16,068 - INFO - Prompt processing progress: 102400/203677
2026-10-02 17:46:16,766 - INFO - Prompt processing progress: 104448/203677
2026-10-02 17:46:17,470 - INFO - Prompt processing progress: 106496/203677
2026-10-02 17:46:18,186 - INFO - Prompt processing progress: 108544/203677
2026-10-02 17:46:18,912 - INFO - Prompt processing progress: 110592/203677
2026-10-02 17:46:19,648 - INFO - Prompt processing progress: 112640/203677
2026-10-02 17:46:20,393 - INFO - Prompt processing progress: 114688/203677
2026-10-02 17:46:21,151 - INFO - Prompt processing progress: 116736/203677
2026-10-02 17:46:21,915 - INFO - Prompt processing progress: 118784/203677
2026-10-02 17:46:22,690 - INFO - Prompt processing progress: 120832/203677
2026-10-02 17:46:23,476 - INFO - Prompt processing progress: 122880/203677
2026-10-02 17:46:24,270 - INFO - Prompt processing progress: 124928/203677
2026-10-02 17:46:25,075 - INFO - Prompt processing progress: 126976/203677
2026-10-02 17:46:25,887 - INFO - Prompt processing progress: 129024/203677
2026-10-02 17:46:26,711 - INFO - Prompt processing progress: 131072/203677
2026-10-02 17:46:27,547 - INFO - Prompt processing progress: 133120/203677
2026-10-02 17:46:28,393 - INFO - Prompt processing progress: 135168/203677
2026-10-02 17:46:29,241 - INFO - Prompt processing progress: 137216/203677
2026-10-02 17:46:30,105 - INFO - Prompt processing progress: 139264/203677
2026-10-02 17:46:30,979 - INFO - Prompt processing progress: 141312/203677
2026-10-02 17:46:31,863 - INFO - Prompt processing progress: 143360/203677
2026-10-02 17:46:32,759 - INFO - Prompt processing progress: 145408/203677
2026-10-02 17:46:33,662 - INFO - Prompt processing progress: 147456/203677
2026-10-02 17:46:34,571 - INFO - Prompt processing progress: 149504/203677
2026-10-02 17:46:35,490 - INFO - Prompt processing progress: 151552/203677
2026-10-02 17:46:36,422 - INFO - Prompt processing progress: 153600/203677
2026-10-02 17:46:37,366 - INFO - Prompt processing progress: 155648/203677
2026-10-02 17:46:38,318 - INFO - Prompt processing progress: 157696/203677
2026-10-02 17:46:39,282 - INFO - Prompt processing progress: 159744/203677
2026-10-02 17:46:40,257 - INFO - Prompt processing progress: 161792/203677
2026-10-02 17:46:41,241 - INFO - Prompt processing progress: 163840/203677
2026-10-02 17:46:42,239 - INFO - Prompt processing progress: 165888/203677
2026-10-02 17:46:43,240 - INFO - Prompt processing progress: 167936/203677
2026-10-02 17:46:44,246 - INFO - Prompt processing progress: 169984/203677
2026-10-02 17:46:45,270 - INFO - Prompt processing progress: 172032/203677
2026-10-02 17:46:46,300 - INFO - Prompt processing progress: 174080/203677
2026-10-02 17:46:47,317 - INFO - Prompt processing progress: 176128/203677
2026-10-02 17:46:48,367 - INFO - Prompt processing progress: 178176/203677
2026-10-02 17:46:49,432 - INFO - Prompt processing progress: 180224/203677
2026-10-02 17:46:50,506 - INFO - Prompt processing progress: 182272/203677
2026-10-02 17:46:51,569 - INFO - Prompt processing progress: 184320/203677
2026-10-02 17:46:52,654 - INFO - Prompt processing progress: 186368/203677
2026-10-02 17:46:53,748 - INFO - Prompt processing progress: 188416/203677
2026-10-02 17:46:54,858 - INFO - Prompt processing progress: 190464/203677
2026-10-02 17:46:55,977 - INFO - Prompt processing progress: 192512/203677
2026-10-02 17:46:57,108 - INFO - Prompt processing progress: 194560/203677
2026-10-02 17:46:58,246 - INFO - Prompt processing progress: 196608/203677
2026-10-02 17:46:59,401 - INFO - Prompt processing progress: 198656/203677
2026-10-02 17:47:00,562 - INFO - Prompt processing progress: 200704/203677
2026-10-02 17:47:01,732 - INFO - Prompt processing progress: 202752/203677
2026-10-02 17:47:02,655 - INFO - Prompt processing progress: 203676/203677
2026-10-02 17:47:02,697 - INFO - Prompt processing progress: 203677/203677
127.0.0.1 - - [02/Oct/2026 17:47:07] "POST /v1/chat/completions HTTP/1.1" 200 -
2026-10-02 17:47:07,910 - INFO - Prompt Cache: 1 sequences, 4.25 GB
2026-10-02 17:47:07,910 - INFO - - assistant: 1 sequences, 4.25 GB
2026-10-02 17:47:07,910 - INFO - - user: 0 sequences, 0.00 GB
2026-10-02 17:47:07,910 - INFO - - system: 0 sequences, 0.00 GB
2026-10-02 17:47:08,007 - INFO - Prompt processing progress: 0/204095
2026-10-02 17:47:08,224 - INFO - Prompt processing progress: 2048/204095
2026-10-02 17:47:08,450 - INFO - Prompt processing progress: 4096/204095
2026-10-02 17:47:08,676 - INFO - Prompt processing progress: 6144/204095
2026-10-02 17:47:08,910 - INFO - Prompt processing progress: 8192/204095
2026-10-02 17:47:09,154 - INFO - Prompt processing progress: 10240/204095
2026-10-02 17:47:09,408 - INFO - Prompt processing progress: 12288/204095
2026-10-02 17:47:09,671 - INFO - Prompt processing progress: 14336/204095
2026-10-02 17:47:09,943 - INFO - Prompt processing progress: 16384/204095
2026-10-02 17:47:10,223 - INFO - Prompt processing progress: 18432/204095
2026-10-02 17:47:10,513 - INFO - Prompt processing progress: 20480/204095
2026-10-02 17:47:10,813 - INFO - Prompt processing progress: 22528/204095
2026-10-02 17:47:11,125 - INFO - Prompt processing progress: 24576/204095
2026-10-02 17:47:11,445 - INFO - Prompt processing progress: 26624/204095
2026-10-02 17:47:11,774 - INFO - Prompt processing progress: 28672/204095
2026-10-02 17:47:12,112 - INFO - Prompt processing progress: 30720/204095
2026-10-02 17:47:12,461 - INFO - Prompt processing progress: 32768/204095
2026-10-02 17:47:12,817 - INFO - Prompt processing progress: 34816/204095
2026-10-02 17:47:13,184 - INFO - Prompt processing progress: 36864/204095
2026-10-02 17:47:13,560 - INFO - Prompt processing progress: 38912/204095
2026-10-02 17:47:13,945 - INFO - Prompt processing progress: 40960/204095
2026-10-02 17:47:14,341 - INFO - Prompt processing progress: 43008/204095
2026-10-02 17:47:14,746 - INFO - Prompt processing progress: 45056/204095
2026-10-02 17:47:15,161 - INFO - Prompt processing progress: 47104/204095
2026-10-02 17:47:15,587 - INFO - Prompt processing progress: 49152/204095
2026-10-02 17:47:16,023 - INFO - Prompt processing progress: 51200/204095
2026-10-02 17:47:16,469 - INFO - Prompt processing progress: 53248/204095
2026-10-02 17:47:16,926 - INFO - Prompt processing progress: 55296/204095
2026-10-02 17:47:17,391 - INFO - Prompt processing progress: 57344/204095
2026-10-02 17:47:17,867 - INFO - Prompt processing progress: 59392/204095
2026-10-02 17:47:18,351 - INFO - Prompt processing progress: 61440/204095
2026-10-02 17:47:18,847 - INFO - Prompt processing progress: 63488/204095
2026-10-02 17:47:19,351 - INFO - Prompt processing progress: 65536/204095
2026-10-02 17:47:19,866 - INFO - Prompt processing progress: 67584/204095
2026-10-02 17:47:20,389 - INFO - Prompt processing progress: 69632/204095
2026-10-02 17:47:20,920 - INFO - Prompt processing progress: 71680/204095
2026-10-02 17:47:21,466 - INFO - Prompt processing progress: 73728/204095
2026-10-02 17:47:22,022 - INFO - Prompt processing progress: 75776/204095
2026-10-02 17:47:22,592 - INFO - Prompt processing progress: 77824/204095
2026-10-02 17:47:23,167 - INFO - Prompt processing progress: 79872/204095
2026-10-02 17:47:23,752 - INFO - Prompt processing progress: 81920/204095
2026-10-02 17:47:24,347 - INFO - Prompt processing progress: 83968/204095
2026-10-02 17:47:24,950 - INFO - Prompt processing progress: 86016/204095
2026-10-02 17:47:25,567 - INFO - Prompt processing progress: 88064/204095
2026-10-02 17:47:26,193 - INFO - Prompt processing progress: 90112/204095
2026-10-02 17:47:26,831 - INFO - Prompt processing progress: 92160/204095
2026-10-02 17:47:27,476 - INFO - Prompt processing progress: 94208/204095
2026-10-02 17:47:28,129 - INFO - Prompt processing progress: 96256/204095
2026-10-02 17:47:28,796 - INFO - Prompt processing progress: 98304/204095
2026-10-02 17:47:29,473 - INFO - Prompt processing progress: 100352/204095
2026-10-02 17:47:30,159 - INFO - Prompt processing progress: 102400/204095
2026-10-02 17:47:30,854 - INFO - Prompt processing progress: 104448/204095
2026-10-02 17:47:31,558 - INFO - Prompt processing progress: 106496/204095
2026-10-02 17:47:32,270 - INFO - Prompt processing progress: 108544/204095
2026-10-02 17:47:32,995 - INFO - Prompt processing progress: 110592/204095
2026-10-02 17:47:33,730 - INFO - Prompt processing progress: 112640/204095
2026-10-02 17:47:34,476 - INFO - Prompt processing progress: 114688/204095
2026-10-02 17:47:35,231 - INFO - Prompt processing progress: 116736/204095
2026-10-02 17:47:35,993 - INFO - Prompt processing progress: 118784/204095
2026-10-02 17:47:36,771 - INFO - Prompt processing progress: 120832/204095
2026-10-02 17:47:37,553 - INFO - Prompt processing progress: 122880/204095
2026-10-02 17:47:38,348 - INFO - Prompt processing progress: 124928/204095
2026-10-02 17:47:39,142 - INFO - Prompt processing progress: 126976/204095
2026-10-02 17:47:39,957 - INFO - Prompt processing progress: 129024/204095
2026-10-02 17:47:40,783 - INFO - Prompt processing progress: 131072/204095
2026-10-02 17:47:41,617 - INFO - Prompt processing progress: 133120/204095
2026-10-02 17:47:42,462 - INFO - Prompt processing progress: 135168/204095
2026-10-02 17:47:43,319 - INFO - Prompt processing progress: 137216/204095
2026-10-02 17:47:44,184 - INFO - Prompt processing progress: 139264/204095
2026-10-02 17:47:45,058 - INFO - Prompt processing progress: 141312/204095
2026-10-02 17:47:45,930 - INFO - Prompt processing progress: 143360/204095
2026-10-02 17:47:46,821 - INFO - Prompt processing progress: 145408/204095
2026-10-02 17:47:47,721 - INFO - Prompt processing progress: 147456/204095
2026-10-02 17:47:48,636 - INFO - Prompt processing progress: 149504/204095
2026-10-02 17:47:49,561 - INFO - Prompt processing progress: 151552/204095
2026-10-02 17:47:50,496 - INFO - Prompt processing progress: 153600/204095
2026-10-02 17:47:51,438 - INFO - Prompt processing progress: 155648/204095
2026-10-02 17:47:52,392 - INFO - Prompt processing progress: 157696/204095
2026-10-02 17:47:53,354 - INFO - Prompt processing progress: 159744/204095
2026-10-02 17:47:54,331 - INFO - Prompt processing progress: 161792/204095
2026-10-02 17:47:55,305 - INFO - Prompt processing progress: 163840/204095
2026-10-02 17:47:56,299 - INFO - Prompt processing progress: 165888/204095
2026-10-02 17:47:57,305 - INFO - Prompt processing progress: 167936/204095
2026-10-02 17:47:58,316 - INFO - Prompt processing progress: 169984/204095
2026-10-02 17:47:59,340 - INFO - Prompt processing progress: 172032/204095
2026-10-02 17:48:00,373 - INFO - Prompt processing progress: 174080/204095
2026-10-02 17:48:01,415 - INFO - Prompt processing progress: 176128/204095
2026-10-02 17:48:02,471 - INFO - Prompt processing progress: 178176/204095
2026-10-02 17:48:03,532 - INFO - Prompt processing progress: 180224/204095
2026-10-02 17:48:04,605 - INFO - Prompt processing progress: 182272/204095
2026-10-02 17:48:05,690 - INFO - Prompt processing progress: 184320/204095
2026-10-02 17:48:06,775 - INFO - Prompt processing progress: 186368/204095
2026-10-02 17:48:07,877 - INFO - Prompt processing progress: 188416/204095
2026-10-02 17:48:08,988 - INFO - Prompt processing progress: 190464/204095
2026-10-02 17:48:10,111 - INFO - Prompt processing progress: 192512/204095
2026-10-02 17:48:11,244 - INFO - Prompt processing progress: 194560/204095
2026-10-02 17:48:12,388 - INFO - Prompt processing progress: 196608/204095
2026-10-02 17:48:13,543 - INFO - Prompt processing progress: 198656/204095
2026-10-02 17:48:14,706 - INFO - Prompt processing progress: 200704/204095
2026-10-02 17:48:15,877 - INFO - Prompt processing progress: 202752/204095
2026-10-02 17:48:16,758 - INFO - Prompt processing progress: 204094/204095
2026-10-02 17:48:16,790 - INFO - Prompt processing progress: 204095/204095
