<repo>/.venv/lib/python3.12/site-packages/mlx_lm/server.py:1723: UserWarning: mlx_lm.server is not recommended for production as it only implements basic security checks.
  warnings.warn(
2026-10-01 15:19:31,185 - INFO - Starting httpd at 127.0.0.1 on port 18185...
127.0.0.1 - - [01/Oct/2026 15:19:31] "GET /v1/models HTTP/1.1" 200 -
----------------------------------------
Exception occurred during processing of request from ('127.0.0.1', 54084)
Traceback (most recent call last):
  File "<home>/.local/share/uv/python/cpython-3.12.13-macos-aarch64-none/lib/python3.12/socketserver.py", line 697, in process_request_thread
    self.finish_request(request, client_address)
  File "<home>/.local/share/uv/python/cpython-3.12.13-macos-aarch64-none/lib/python3.12/socketserver.py", line 362, in finish_request
    self.RequestHandlerClass(request, client_address, self)
  File "<repo>/.venv/lib/python3.12/site-packages/mlx_lm/server.py", line 1716, in <lambda>
    lambda *args, **kwargs: handler_class(
                            ^^^^^^^^^^^^^^
  File "<repo>/.venv/lib/python3.12/site-packages/mlx_lm/server.py", line 1073, in __init__
    super().__init__(*args, **kwargs)
  File "<home>/.local/share/uv/python/cpython-3.12.13-macos-aarch64-none/lib/python3.12/socketserver.py", line 766, in __init__
    self.handle()
  File "<home>/.local/share/uv/python/cpython-3.12.13-macos-aarch64-none/lib/python3.12/http/server.py", line 440, in handle
    self.handle_one_request()
  File "<home>/.local/share/uv/python/cpython-3.12.13-macos-aarch64-none/lib/python3.12/http/server.py", line 428, in handle_one_request
    method()
  File "<repo>/.venv/lib/python3.12/site-packages/mlx_lm/server.py", line 1625, in do_GET
    self.handle_models_request()
  File "<repo>/.venv/lib/python3.12/site-packages/mlx_lm/server.py", line 1668, in handle_models_request
    hf_cache_info = scan_cache_dir()
                    ^^^^^^^^^^^^^^^^
  File "<repo>/.venv/lib/python3.12/site-packages/huggingface_hub/utils/_cache_manager.py", line 777, in scan_cache_dir
    raise CacheNotFound(
huggingface_hub.errors.CacheNotFound: Cache directory not found: <repo>/.cache/huggingface/hub. Please use `cache_dir` argument or set `HF_HUB_CACHE` environment variable.
----------------------------------------
127.0.0.1 - - [01/Oct/2026 15:19:32] "POST /v1/chat/completions HTTP/1.1" 200 -
2026-10-01 15:19:32,599 - INFO - Prompt Cache: 0 sequences, 0.00 GB
2026-10-01 15:19:32,599 - INFO - - assistant: 0 sequences, 0.00 GB
2026-10-01 15:19:32,599 - INFO - - user: 0 sequences, 0.00 GB
2026-10-01 15:19:32,599 - INFO - - system: 0 sequences, 0.00 GB
2026-10-01 15:19:32,695 - INFO - Prompt processing progress: 0/200001
2026-10-01 15:19:33,851 - INFO - Prompt processing progress: 2048/200001
2026-10-01 15:19:35,020 - INFO - Prompt processing progress: 4096/200001
2026-10-01 15:19:36,210 - INFO - Prompt processing progress: 6144/200001
2026-10-01 15:19:37,421 - INFO - Prompt processing progress: 8192/200001
2026-10-01 15:19:38,652 - INFO - Prompt processing progress: 10240/200001
2026-10-01 15:19:39,903 - INFO - Prompt processing progress: 12288/200001
2026-10-01 15:19:41,179 - INFO - Prompt processing progress: 14336/200001
2026-10-01 15:19:42,475 - INFO - Prompt processing progress: 16384/200001
2026-10-01 15:19:43,797 - INFO - Prompt processing progress: 18432/200001
2026-10-01 15:19:45,134 - INFO - Prompt processing progress: 20480/200001
2026-10-01 15:19:46,488 - INFO - Prompt processing progress: 22528/200001
2026-10-01 15:19:47,861 - INFO - Prompt processing progress: 24576/200001
2026-10-01 15:19:49,255 - INFO - Prompt processing progress: 26624/200001
2026-10-01 15:19:50,667 - INFO - Prompt processing progress: 28672/200001
2026-10-01 15:19:52,113 - INFO - Prompt processing progress: 30720/200001
2026-10-01 15:19:53,573 - INFO - Prompt processing progress: 32768/200001
2026-10-01 15:19:55,052 - INFO - Prompt processing progress: 34816/200001
2026-10-01 15:19:56,563 - INFO - Prompt processing progress: 36864/200001
2026-10-01 15:19:58,087 - INFO - Prompt processing progress: 38912/200001
2026-10-01 15:19:59,634 - INFO - Prompt processing progress: 40960/200001
2026-10-01 15:20:01,209 - INFO - Prompt processing progress: 43008/200001
2026-10-01 15:20:02,801 - INFO - Prompt processing progress: 45056/200001
2026-10-01 15:20:04,410 - INFO - Prompt processing progress: 47104/200001
2026-10-01 15:20:06,029 - INFO - Prompt processing progress: 49152/200001
2026-10-01 15:20:07,682 - INFO - Prompt processing progress: 51200/200001
2026-10-01 15:20:09,362 - INFO - Prompt processing progress: 53248/200001
2026-10-01 15:20:11,052 - INFO - Prompt processing progress: 55296/200001
2026-10-01 15:20:12,765 - INFO - Prompt processing progress: 57344/200001
2026-10-01 15:20:14,490 - INFO - Prompt processing progress: 59392/200001
2026-10-01 15:20:16,235 - INFO - Prompt processing progress: 61440/200001
2026-10-01 15:20:18,009 - INFO - Prompt processing progress: 63488/200001
2026-10-01 15:20:19,799 - INFO - Prompt processing progress: 65536/200001
2026-10-01 15:20:21,614 - INFO - Prompt processing progress: 67584/200001
2026-10-01 15:20:23,477 - INFO - Prompt processing progress: 69632/200001
2026-10-01 15:20:25,347 - INFO - Prompt processing progress: 71680/200001
2026-10-01 15:20:27,224 - INFO - Prompt processing progress: 73728/200001
2026-10-01 15:20:29,137 - INFO - Prompt processing progress: 75776/200001
2026-10-01 15:20:31,077 - INFO - Prompt processing progress: 77824/200001
2026-10-01 15:20:33,034 - INFO - Prompt processing progress: 79872/200001
2026-10-01 15:20:34,994 - INFO - Prompt processing progress: 81920/200001
2026-10-01 15:20:36,973 - INFO - Prompt processing progress: 83968/200001
2026-10-01 15:20:38,974 - INFO - Prompt processing progress: 86016/200001
2026-10-01 15:20:40,987 - INFO - Prompt processing progress: 88064/200001
2026-10-01 15:20:43,052 - INFO - Prompt processing progress: 90112/200001
2026-10-01 15:20:45,132 - INFO - Prompt processing progress: 92160/200001
2026-10-01 15:20:47,228 - INFO - Prompt processing progress: 94208/200001
2026-10-01 15:20:49,345 - INFO - Prompt processing progress: 96256/200001
2026-10-01 15:20:51,486 - INFO - Prompt processing progress: 98304/200001
2026-10-01 15:20:53,643 - INFO - Prompt processing progress: 100352/200001
2026-10-01 15:20:55,834 - INFO - Prompt processing progress: 102400/200001
2026-10-01 15:20:58,063 - INFO - Prompt processing progress: 104448/200001
2026-10-01 15:21:00,320 - INFO - Prompt processing progress: 106496/200001
2026-10-01 15:21:02,599 - INFO - Prompt processing progress: 108544/200001
2026-10-01 15:21:04,888 - INFO - Prompt processing progress: 110592/200001
2026-10-01 15:21:07,144 - INFO - Prompt processing progress: 112640/200001
2026-10-01 15:21:09,473 - INFO - Prompt processing progress: 114688/200001
2026-10-01 15:21:11,805 - INFO - Prompt processing progress: 116736/200001
2026-10-01 15:21:14,187 - INFO - Prompt processing progress: 118784/200001
2026-10-01 15:21:16,597 - INFO - Prompt processing progress: 120832/200001
2026-10-01 15:21:18,985 - INFO - Prompt processing progress: 122880/200001
2026-10-01 15:21:21,386 - INFO - Prompt processing progress: 124928/200001
2026-10-01 15:21:23,810 - INFO - Prompt processing progress: 126976/200001
2026-10-01 15:21:26,289 - INFO - Prompt processing progress: 129024/200001
2026-10-01 15:21:28,778 - INFO - Prompt processing progress: 131072/200001
2026-10-01 15:21:31,317 - INFO - Prompt processing progress: 133120/200001
2026-10-01 15:21:33,833 - INFO - Prompt processing progress: 135168/200001
2026-10-01 15:21:36,346 - INFO - Prompt processing progress: 137216/200001
2026-10-01 15:21:38,897 - INFO - Prompt processing progress: 139264/200001
2026-10-01 15:21:41,471 - INFO - Prompt processing progress: 141312/200001
2026-10-01 15:21:44,058 - INFO - Prompt processing progress: 143360/200001
2026-10-01 15:21:46,676 - INFO - Prompt processing progress: 145408/200001
2026-10-01 15:21:49,326 - INFO - Prompt processing progress: 147456/200001
2026-10-01 15:21:51,953 - INFO - Prompt processing progress: 149504/200001
2026-10-01 15:21:54,705 - INFO - Prompt processing progress: 151552/200001
2026-10-01 15:21:57,367 - INFO - Prompt processing progress: 153600/200001
2026-10-01 15:22:00,075 - INFO - Prompt processing progress: 155648/200001
2026-10-01 15:22:02,799 - INFO - Prompt processing progress: 157696/200001
2026-10-01 15:22:05,522 - INFO - Prompt processing progress: 159744/200001
2026-10-01 15:22:08,398 - INFO - Prompt processing progress: 161792/200001
2026-10-01 15:22:11,212 - INFO - Prompt processing progress: 163840/200001
2026-10-01 15:22:14,057 - INFO - Prompt processing progress: 165888/200001
2026-10-01 15:22:16,897 - INFO - Prompt processing progress: 167936/200001
2026-10-01 15:22:19,764 - INFO - Prompt processing progress: 169984/200001
2026-10-01 15:22:22,650 - INFO - Prompt processing progress: 172032/200001
2026-10-01 15:22:25,543 - INFO - Prompt processing progress: 174080/200001
2026-10-01 15:22:28,468 - INFO - Prompt processing progress: 176128/200001
2026-10-01 15:22:31,428 - INFO - Prompt processing progress: 178176/200001
2026-10-01 15:22:34,431 - INFO - Prompt processing progress: 180224/200001
2026-10-01 15:22:37,493 - INFO - Prompt processing progress: 182272/200001
2026-10-01 15:22:40,516 - INFO - Prompt processing progress: 184320/200001
2026-10-01 15:22:43,581 - INFO - Prompt processing progress: 186368/200001
2026-10-01 15:22:46,659 - INFO - Prompt processing progress: 188416/200001
2026-10-01 15:22:49,724 - INFO - Prompt processing progress: 190464/200001
2026-10-01 15:22:52,846 - INFO - Prompt processing progress: 192512/200001
2026-10-01 15:22:55,919 - INFO - Prompt processing progress: 194560/200001
2026-10-01 15:22:59,071 - INFO - Prompt processing progress: 196608/200001
2026-10-01 15:23:02,196 - INFO - Prompt processing progress: 198656/200001
2026-10-01 15:23:04,553 - INFO - Prompt processing progress: 200000/200001
2026-10-01 15:23:05,311 - INFO - Prompt processing progress: 200001/200001
127.0.0.1 - - [01/Oct/2026 15:23:06] "POST /v1/chat/completions HTTP/1.1" 200 -
2026-10-01 15:23:06,160 - INFO - Prompt Cache: 1 sequences, 13.27 GB
2026-10-01 15:23:06,160 - INFO - - assistant: 1 sequences, 13.27 GB
2026-10-01 15:23:06,160 - INFO - - user: 0 sequences, 0.00 GB
2026-10-01 15:23:06,160 - INFO - - system: 0 sequences, 0.00 GB
2026-10-01 15:23:06,257 - INFO - Prompt processing progress: 0/3645
2026-10-01 15:23:09,694 - INFO - Prompt processing progress: 2048/3645
2026-10-01 15:23:12,435 - INFO - Prompt processing progress: 3644/3645
2026-10-01 15:23:12,541 - INFO - Prompt processing progress: 3645/3645
127.0.0.1 - - [01/Oct/2026 15:23:20] "POST /v1/chat/completions HTTP/1.1" 200 -
2026-10-01 15:23:20,229 - INFO - Prompt Cache: 1 sequences, 13.51 GB
2026-10-01 15:23:20,229 - INFO - - assistant: 1 sequences, 13.51 GB
2026-10-01 15:23:20,229 - INFO - - user: 0 sequences, 0.00 GB
2026-10-01 15:23:20,229 - INFO - - system: 0 sequences, 0.00 GB
2026-10-01 15:23:20,342 - INFO - Prompt processing progress: 0/25
2026-10-01 15:23:20,994 - INFO - Prompt processing progress: 24/25
2026-10-01 15:23:21,105 - INFO - Prompt processing progress: 25/25
