<M5_REPO>/.venv/lib/python3.12/site-packages/mlx_lm/server.py:1723: UserWarning: mlx_lm.server is not recommended for production as it only implements basic security checks.
  warnings.warn(
2026-10-03 03:36:11,767 - INFO - Starting httpd at 127.0.0.1 on port 18185...
127.0.0.1 - - [03/Oct/2026 03:36:12] "GET /v1/models HTTP/1.1" 200 -
127.0.0.1 - - [03/Oct/2026 03:36:18] "POST /v1/chat/completions HTTP/1.1" 200 -
2026-10-03 03:36:18,815 - INFO - Prompt Cache: 0 sequences, 0.00 GB
2026-10-03 03:36:18,816 - INFO - - assistant: 0 sequences, 0.00 GB
2026-10-03 03:36:18,816 - INFO - - user: 0 sequences, 0.00 GB
2026-10-03 03:36:18,816 - INFO - - system: 0 sequences, 0.00 GB
2026-10-03 03:36:18,901 - INFO - Prompt processing progress: 0/200021
2026-10-03 03:36:20,204 - INFO - Prompt processing progress: 2048/200021
2026-10-03 03:36:21,375 - INFO - Prompt processing progress: 4096/200021
2026-10-03 03:36:22,570 - INFO - Prompt processing progress: 6144/200021
2026-10-03 03:36:23,783 - INFO - Prompt processing progress: 8192/200021
2026-10-03 03:36:25,015 - INFO - Prompt processing progress: 10240/200021
2026-10-03 03:36:26,269 - INFO - Prompt processing progress: 12288/200021
2026-10-03 03:36:27,541 - INFO - Prompt processing progress: 14336/200021
2026-10-03 03:36:28,835 - INFO - Prompt processing progress: 16384/200021
2026-10-03 03:36:30,148 - INFO - Prompt processing progress: 18432/200021
2026-10-03 03:36:31,480 - INFO - Prompt processing progress: 20480/200021
2026-10-03 03:36:32,834 - INFO - Prompt processing progress: 22528/200021
2026-10-03 03:36:34,203 - INFO - Prompt processing progress: 24576/200021
2026-10-03 03:36:35,599 - INFO - Prompt processing progress: 26624/200021
2026-10-03 03:36:37,019 - INFO - Prompt processing progress: 28672/200021
2026-10-03 03:36:38,454 - INFO - Prompt processing progress: 30720/200021
2026-10-03 03:36:39,910 - INFO - Prompt processing progress: 32768/200021
2026-10-03 03:36:41,383 - INFO - Prompt processing progress: 34816/200021
2026-10-03 03:36:42,882 - INFO - Prompt processing progress: 36864/200021
2026-10-03 03:36:44,400 - INFO - Prompt processing progress: 38912/200021
2026-10-03 03:36:45,940 - INFO - Prompt processing progress: 40960/200021
2026-10-03 03:36:47,498 - INFO - Prompt processing progress: 43008/200021
2026-10-03 03:36:49,079 - INFO - Prompt processing progress: 45056/200021
2026-10-03 03:36:50,678 - INFO - Prompt processing progress: 47104/200021
2026-10-03 03:36:52,299 - INFO - Prompt processing progress: 49152/200021
2026-10-03 03:36:53,935 - INFO - Prompt processing progress: 51200/200021
2026-10-03 03:36:55,591 - INFO - Prompt processing progress: 53248/200021
2026-10-03 03:36:57,283 - INFO - Prompt processing progress: 55296/200021
2026-10-03 03:36:58,985 - INFO - Prompt processing progress: 57344/200021
2026-10-03 03:37:00,723 - INFO - Prompt processing progress: 59392/200021
2026-10-03 03:37:02,476 - INFO - Prompt processing progress: 61440/200021
2026-10-03 03:37:04,236 - INFO - Prompt processing progress: 63488/200021
2026-10-03 03:37:06,020 - INFO - Prompt processing progress: 65536/200021
2026-10-03 03:37:07,831 - INFO - Prompt processing progress: 67584/200021
2026-10-03 03:37:09,650 - INFO - Prompt processing progress: 69632/200021
2026-10-03 03:37:11,495 - INFO - Prompt processing progress: 71680/200021
2026-10-03 03:37:13,359 - INFO - Prompt processing progress: 73728/200021
2026-10-03 03:37:15,241 - INFO - Prompt processing progress: 75776/200021
2026-10-03 03:37:17,150 - INFO - Prompt processing progress: 77824/200021
2026-10-03 03:37:19,071 - INFO - Prompt processing progress: 79872/200021
2026-10-03 03:37:21,015 - INFO - Prompt processing progress: 81920/200021
2026-10-03 03:37:22,985 - INFO - Prompt processing progress: 83968/200021
2026-10-03 03:37:24,974 - INFO - Prompt processing progress: 86016/200021
2026-10-03 03:37:26,981 - INFO - Prompt processing progress: 88064/200021
2026-10-03 03:37:29,010 - INFO - Prompt processing progress: 90112/200021
2026-10-03 03:37:31,064 - INFO - Prompt processing progress: 92160/200021
2026-10-03 03:37:33,127 - INFO - Prompt processing progress: 94208/200021
2026-10-03 03:37:35,219 - INFO - Prompt processing progress: 96256/200021
2026-10-03 03:37:37,340 - INFO - Prompt processing progress: 98304/200021
2026-10-03 03:37:39,485 - INFO - Prompt processing progress: 100352/200021
2026-10-03 03:37:41,637 - INFO - Prompt processing progress: 102400/200021
2026-10-03 03:37:43,819 - INFO - Prompt processing progress: 104448/200021
2026-10-03 03:37:46,023 - INFO - Prompt processing progress: 106496/200021
2026-10-03 03:37:48,238 - INFO - Prompt processing progress: 108544/200021
2026-10-03 03:37:50,473 - INFO - Prompt processing progress: 110592/200021
2026-10-03 03:37:52,747 - INFO - Prompt processing progress: 112640/200021
2026-10-03 03:37:55,038 - INFO - Prompt processing progress: 114688/200021
2026-10-03 03:37:57,340 - INFO - Prompt processing progress: 116736/200021
2026-10-03 03:37:59,655 - INFO - Prompt processing progress: 118784/200021
2026-10-03 03:38:01,999 - INFO - Prompt processing progress: 120832/200021
2026-10-03 03:38:04,365 - INFO - Prompt processing progress: 122880/200021
2026-10-03 03:38:06,758 - INFO - Prompt processing progress: 124928/200021
2026-10-03 03:38:09,158 - INFO - Prompt processing progress: 126976/200021
2026-10-03 03:38:11,603 - INFO - Prompt processing progress: 129024/200021
2026-10-03 03:38:14,046 - INFO - Prompt processing progress: 131072/200021
2026-10-03 03:38:16,532 - INFO - Prompt processing progress: 133120/200021
2026-10-03 03:38:19,016 - INFO - Prompt processing progress: 135168/200021
2026-10-03 03:38:21,537 - INFO - Prompt processing progress: 137216/200021
2026-10-03 03:38:24,053 - INFO - Prompt processing progress: 139264/200021
2026-10-03 03:38:26,632 - INFO - Prompt processing progress: 141312/200021
2026-10-03 03:38:29,201 - INFO - Prompt processing progress: 143360/200021
2026-10-03 03:38:31,794 - INFO - Prompt processing progress: 145408/200021
2026-10-03 03:38:34,398 - INFO - Prompt processing progress: 147456/200021
2026-10-03 03:38:37,032 - INFO - Prompt processing progress: 149504/200021
2026-10-03 03:38:39,679 - INFO - Prompt processing progress: 151552/200021
2026-10-03 03:38:42,406 - INFO - Prompt processing progress: 153600/200021
2026-10-03 03:38:45,083 - INFO - Prompt processing progress: 155648/200021
2026-10-03 03:38:47,834 - INFO - Prompt processing progress: 157696/200021
2026-10-03 03:38:50,557 - INFO - Prompt processing progress: 159744/200021
2026-10-03 03:38:53,306 - INFO - Prompt processing progress: 161792/200021
2026-10-03 03:38:56,081 - INFO - Prompt processing progress: 163840/200021
2026-10-03 03:38:58,883 - INFO - Prompt processing progress: 165888/200021
2026-10-03 03:39:01,699 - INFO - Prompt processing progress: 167936/200021
2026-10-03 03:39:04,530 - INFO - Prompt processing progress: 169984/200021
2026-10-03 03:39:07,397 - INFO - Prompt processing progress: 172032/200021
2026-10-03 03:39:10,292 - INFO - Prompt processing progress: 174080/200021
2026-10-03 03:39:13,190 - INFO - Prompt processing progress: 176128/200021
2026-10-03 03:39:16,144 - INFO - Prompt processing progress: 178176/200021
2026-10-03 03:39:19,085 - INFO - Prompt processing progress: 180224/200021
2026-10-03 03:39:22,035 - INFO - Prompt processing progress: 182272/200021
2026-10-03 03:39:25,033 - INFO - Prompt processing progress: 184320/200021
2026-10-03 03:39:28,028 - INFO - Prompt processing progress: 186368/200021
2026-10-03 03:39:31,057 - INFO - Prompt processing progress: 188416/200021
2026-10-03 03:39:34,102 - INFO - Prompt processing progress: 190464/200021
2026-10-03 03:39:37,165 - INFO - Prompt processing progress: 192512/200021
2026-10-03 03:39:40,237 - INFO - Prompt processing progress: 194560/200021
2026-10-03 03:39:43,348 - INFO - Prompt processing progress: 196608/200021
2026-10-03 03:39:46,552 - INFO - Prompt processing progress: 198656/200021
2026-10-03 03:39:48,952 - INFO - Prompt processing progress: 200020/200021
2026-10-03 03:39:49,065 - INFO - Prompt processing progress: 200021/200021
127.0.0.1 - - [03/Oct/2026 03:39:49] "POST /v1/chat/completions HTTP/1.1" 200 -
2026-10-03 03:39:49,910 - INFO - Prompt Cache: 1 sequences, 13.27 GB
2026-10-03 03:39:49,910 - INFO - - assistant: 1 sequences, 13.27 GB
2026-10-03 03:39:49,910 - INFO - - user: 0 sequences, 0.00 GB
2026-10-03 03:39:49,910 - INFO - - system: 0 sequences, 0.00 GB
2026-10-03 03:39:50,008 - INFO - Prompt processing progress: 0/3645
2026-10-03 03:39:53,333 - INFO - Prompt processing progress: 2048/3645
2026-10-03 03:39:56,075 - INFO - Prompt processing progress: 3644/3645
2026-10-03 03:39:56,178 - INFO - Prompt processing progress: 3645/3645
127.0.0.1 - - [03/Oct/2026 03:40:03] "POST /v1/chat/completions HTTP/1.1" 200 -
2026-10-03 03:40:03,857 - INFO - Prompt Cache: 1 sequences, 13.52 GB
2026-10-03 03:40:03,857 - INFO - - assistant: 1 sequences, 13.52 GB
2026-10-03 03:40:03,857 - INFO - - user: 0 sequences, 0.00 GB
2026-10-03 03:40:03,857 - INFO - - system: 0 sequences, 0.00 GB
2026-10-03 03:40:03,962 - INFO - Prompt processing progress: 0/25
2026-10-03 03:40:04,216 - INFO - Prompt processing progress: 24/25
2026-10-03 03:40:04,325 - INFO - Prompt processing progress: 25/25
