ds4: Metal device Apple M5 Ultra, 256.00 GiB RAM
ds4: Metal 4 tensor API enabled for Tensor kernels
ds4: drift-patch flags hc_stable=on norm_unify=on kv_raw_f32=off rope_exp2_log2=off math_safe=off tensor_matmul=on
ds4: Metal model views created in 7.307 ms, residency requested in 862.879 ms, warmup 5.813 ms (mapped 157001.67 MiB from offset 5.09 MiB)
ds4: Metal mapped mmaped model as 1 overlapping shared buffers
ds4: metal backend initialized for graph diagnostics
ds4: memory: KV 2.20 GiB (raw 0.19 + compressed 2.01) + buffers 1.00 GiB + resident model 153.32 GiB = 156.52 GiB planned
ds4: memory detail: ctx=262144 prefill_cap=2048 raw_kv_rows=2304 compressed_kv_rows=65538 backend=metal
1002 11:17:16 ds4-server: context buffers 3274.64 MiB (ctx=262144, backend=metal, prefill_chunk=2048, raw_kv_rows=2304, compressed_kv_rows=65538)
1002 11:17:16 ds4-server: listening on http://127.0.0.1:18185
1002 11:17:16 ds4-server: chat ctx=0..200001:200001 prompt start
1002 11:17:16 ds4-server: chat ctx=0..200001:200001 prefill chunk 0/200001 (0.0%) chunk=0.00 t/s avg=0.00 t/s 0.000s
1002 11:17:18 ds4-server: chat ctx=0..200001:200001 prefill chunk 2048/200001 (1.0%) chunk=985.00 t/s avg=984.92 t/s 2.079s
1002 11:17:20 ds4-server: chat ctx=0..200001:200001 prefill chunk 4096/200001 (2.0%) chunk=953.94 t/s avg=969.18 t/s 4.226s
1002 11:17:23 ds4-server: chat ctx=0..200001:200001 prefill chunk 6144/200001 (3.1%) chunk=946.70 t/s avg=961.57 t/s 6.390s
1002 11:17:25 ds4-server: chat ctx=0..200001:200001 prefill chunk 8192/200001 (4.1%) chunk=933.67 t/s avg=954.44 t/s 8.583s
1002 11:17:27 ds4-server: chat ctx=0..200001:200001 prefill chunk 10240/200001 (5.1%) chunk=916.17 t/s avg=946.53 t/s 10.818s
1002 11:17:29 ds4-server: chat ctx=0..200001:200001 prefill chunk 12288/200001 (6.1%) chunk=915.89 t/s avg=941.28 t/s 13.054s
1002 11:17:31 ds4-server: chat ctx=0..200001:200001 prefill chunk 14336/200001 (7.2%) chunk=899.48 t/s avg=935.08 t/s 15.331s
1002 11:17:34 ds4-server: chat ctx=0..200001:200001 prefill chunk 16384/200001 (8.2%) chunk=899.15 t/s avg=930.43 t/s 17.609s
1002 11:17:36 ds4-server: chat ctx=0..200001:200001 prefill chunk 18432/200001 (9.2%) chunk=891.50 t/s avg=925.94 t/s 19.906s
1002 11:17:38 ds4-server: chat ctx=0..200001:200001 prefill chunk 20480/200001 (10.2%) chunk=885.36 t/s avg=921.71 t/s 22.220s
1002 11:17:41 ds4-server: chat ctx=0..200001:200001 prefill chunk 22528/200001 (11.3%) chunk=880.74 t/s avg=917.83 t/s 24.545s
1002 11:17:43 ds4-server: chat ctx=0..200001:200001 prefill chunk 24576/200001 (12.3%) chunk=874.47 t/s avg=914.05 t/s 26.887s
1002 11:17:45 ds4-server: chat ctx=0..200001:200001 prefill chunk 26624/200001 (13.3%) chunk=857.47 t/s avg=909.44 t/s 29.275s
1002 11:17:48 ds4-server: chat ctx=0..200001:200001 prefill chunk 28672/200001 (14.3%) chunk=853.98 t/s avg=905.24 t/s 31.673s
1002 11:17:50 ds4-server: chat ctx=0..200001:200001 prefill chunk 30720/200001 (15.4%) chunk=847.07 t/s avg=901.11 t/s 34.091s
1002 11:17:53 ds4-server: chat ctx=0..200001:200001 prefill chunk 32768/200001 (16.4%) chunk=852.46 t/s avg=897.91 t/s 36.494s
1002 11:17:55 ds4-server: chat ctx=0..200001:200001 prefill chunk 34816/200001 (17.4%) chunk=831.28 t/s avg=893.70 t/s 38.957s
1002 11:17:58 ds4-server: chat ctx=0..200001:200001 prefill chunk 36864/200001 (18.4%) chunk=823.74 t/s avg=889.50 t/s 41.443s
1002 11:18:00 ds4-server: chat ctx=0..200001:200001 prefill chunk 38912/200001 (19.5%) chunk=815.56 t/s avg=885.28 t/s 43.955s
1002 11:18:03 ds4-server: chat ctx=0..200001:200001 prefill chunk 40960/200001 (20.5%) chunk=810.47 t/s avg=881.21 t/s 46.482s
1002 11:18:05 ds4-server: chat ctx=0..200001:200001 prefill chunk 43008/200001 (21.5%) chunk=800.13 t/s avg=876.98 t/s 49.041s
1002 11:18:08 ds4-server: chat ctx=0..200001:200001 prefill chunk 45056/200001 (22.5%) chunk=788.90 t/s avg=872.55 t/s 51.637s
1002 11:18:10 ds4-server: chat ctx=0..200001:200001 prefill chunk 47104/200001 (23.6%) chunk=788.95 t/s avg=868.55 t/s 54.233s
1002 11:18:13 ds4-server: chat ctx=0..200001:200001 prefill chunk 49152/200001 (24.6%) chunk=789.09 t/s avg=864.92 t/s 56.828s
1002 11:18:16 ds4-server: chat ctx=0..200001:200001 prefill chunk 51200/200001 (25.6%) chunk=776.38 t/s avg=860.99 t/s 59.466s
1002 11:18:18 ds4-server: chat ctx=0..200001:200001 prefill chunk 53248/200001 (26.6%) chunk=772.65 t/s avg=857.22 t/s 62.117s
1002 11:18:21 ds4-server: chat ctx=0..200001:200001 prefill chunk 55296/200001 (27.6%) chunk=763.36 t/s avg=853.34 t/s 64.800s
1002 11:18:24 ds4-server: chat ctx=0..200001:200001 prefill chunk 57344/200001 (28.7%) chunk=756.34 t/s avg=849.45 t/s 67.508s
1002 11:18:26 ds4-server: chat ctx=0..200001:200001 prefill chunk 59392/200001 (29.7%) chunk=747.91 t/s avg=845.49 t/s 70.246s
1002 11:18:29 ds4-server: chat ctx=0..200001:200001 prefill chunk 61440/200001 (30.7%) chunk=748.65 t/s avg=841.86 t/s 72.981s
1002 11:18:32 ds4-server: chat ctx=0..200001:200001 prefill chunk 63488/200001 (31.7%) chunk=744.34 t/s avg=838.31 t/s 75.733s
1002 11:18:35 ds4-server: chat ctx=0..200001:200001 prefill chunk 65536/200001 (32.8%) chunk=744.39 t/s avg=835.02 t/s 78.484s
1002 11:18:37 ds4-server: chat ctx=0..200001:200001 prefill chunk 67584/200001 (33.8%) chunk=729.93 t/s avg=831.39 t/s 81.290s
1002 11:18:40 ds4-server: chat ctx=0..200001:200001 prefill chunk 69632/200001 (34.8%) chunk=711.61 t/s avg=827.30 t/s 84.168s
1002 11:18:43 ds4-server: chat ctx=0..200001:200001 prefill chunk 71680/200001 (35.8%) chunk=712.97 t/s avg=823.53 t/s 87.040s
1002 11:18:46 ds4-server: chat ctx=0..200001:200001 prefill chunk 73728/200001 (36.9%) chunk=715.15 t/s avg=820.07 t/s 89.904s
1002 11:18:49 ds4-server: chat ctx=0..200001:200001 prefill chunk 75776/200001 (37.9%) chunk=706.29 t/s avg=816.52 t/s 92.804s
1002 11:18:52 ds4-server: chat ctx=0..200001:200001 prefill chunk 77824/200001 (38.9%) chunk=713.02 t/s avg=813.41 t/s 95.676s
1002 11:18:55 ds4-server: chat ctx=0..200001:200001 prefill chunk 79872/200001 (39.9%) chunk=707.17 t/s avg=810.29 t/s 98.572s
1002 11:18:58 ds4-server: chat ctx=0..200001:200001 prefill chunk 81920/200001 (41.0%) chunk=705.42 t/s avg=807.29 t/s 101.475s
1002 11:19:01 ds4-server: chat ctx=0..200001:200001 prefill chunk 83968/200001 (42.0%) chunk=694.54 t/s avg=804.11 t/s 104.424s
1002 11:19:04 ds4-server: chat ctx=0..200001:200001 prefill chunk 86016/200001 (43.0%) chunk=692.20 t/s avg=801.02 t/s 107.383s
1002 11:19:07 ds4-server: chat ctx=0..200001:200001 prefill chunk 88064/200001 (44.0%) chunk=687.36 t/s avg=797.95 t/s 110.362s
1002 11:19:10 ds4-server: chat ctx=0..200001:200001 prefill chunk 90112/200001 (45.1%) chunk=685.73 t/s avg=795.00 t/s 113.349s
1002 11:19:13 ds4-server: chat ctx=0..200001:200001 prefill chunk 92160/200001 (46.1%) chunk=675.88 t/s avg=791.90 t/s 116.379s
1002 11:19:16 ds4-server: chat ctx=0..200001:200001 prefill chunk 94208/200001 (47.1%) chunk=674.89 t/s avg=788.92 t/s 119.414s
1002 11:19:19 ds4-server: chat ctx=0..200001:200001 prefill chunk 96256/200001 (48.1%) chunk=669.45 t/s avg=785.94 t/s 122.473s
1002 11:19:22 ds4-server: chat ctx=0..200001:200001 prefill chunk 98304/200001 (49.2%) chunk=667.91 t/s avg=783.06 t/s 125.539s
1002 11:19:25 ds4-server: chat ctx=0..200001:200001 prefill chunk 100352/200001 (50.2%) chunk=658.05 t/s avg=780.03 t/s 128.651s
1002 11:19:28 ds4-server: chat ctx=0..200001:200001 prefill chunk 102400/200001 (51.2%) chunk=656.53 t/s avg=777.11 t/s 131.771s
1002 11:19:31 ds4-server: chat ctx=0..200001:200001 prefill chunk 104448/200001 (52.2%) chunk=651.55 t/s avg=774.18 t/s 134.914s
1002 11:19:34 ds4-server: chat ctx=0..200001:200001 prefill chunk 106496/200001 (53.2%) chunk=650.02 t/s avg=771.35 t/s 138.065s
1002 11:19:37 ds4-server: chat ctx=0..200001:200001 prefill chunk 108544/200001 (54.3%) chunk=641.49 t/s avg=768.41 t/s 141.257s
1002 11:19:41 ds4-server: chat ctx=0..200001:200001 prefill chunk 110592/200001 (55.3%) chunk=639.97 t/s avg=765.57 t/s 144.457s
1002 11:19:44 ds4-server: chat ctx=0..200001:200001 prefill chunk 112640/200001 (56.3%) chunk=634.59 t/s avg=762.71 t/s 147.685s
1002 11:19:47 ds4-server: chat ctx=0..200001:200001 prefill chunk 114688/200001 (57.3%) chunk=632.97 t/s avg=759.92 t/s 150.920s
1002 11:19:50 ds4-server: chat ctx=0..200001:200001 prefill chunk 116736/200001 (58.4%) chunk=624.48 t/s avg=757.04 t/s 154.200s
1002 11:19:54 ds4-server: chat ctx=0..200001:200001 prefill chunk 118784/200001 (59.4%) chunk=624.29 t/s avg=754.28 t/s 157.480s
1002 11:19:57 ds4-server: chat ctx=0..200001:200001 prefill chunk 120832/200001 (60.4%) chunk=618.27 t/s avg=751.48 t/s 160.793s
1002 11:20:00 ds4-server: chat ctx=0..200001:200001 prefill chunk 122880/200001 (61.4%) chunk=617.95 t/s avg=748.78 t/s 164.107s
1002 11:20:04 ds4-server: chat ctx=0..200001:200001 prefill chunk 124928/200001 (62.5%) chunk=610.14 t/s avg=746.00 t/s 167.463s
1002 11:20:07 ds4-server: chat ctx=0..200001:200001 prefill chunk 126976/200001 (63.5%) chunk=608.37 t/s avg=743.29 t/s 170.830s
1002 11:20:10 ds4-server: chat ctx=0..200001:200001 prefill chunk 129024/200001 (64.5%) chunk=604.07 t/s avg=740.58 t/s 174.220s
1002 11:20:14 ds4-server: chat ctx=0..200001:200001 prefill chunk 131072/200001 (65.5%) chunk=602.67 t/s avg=737.94 t/s 177.618s
1002 11:20:17 ds4-server: chat ctx=0..200001:200001 prefill chunk 133120/200001 (66.6%) chunk=591.33 t/s avg=735.14 t/s 181.082s
1002 11:20:21 ds4-server: chat ctx=0..200001:200001 prefill chunk 135168/200001 (67.6%) chunk=590.33 t/s avg=732.42 t/s 184.551s
1002 11:20:24 ds4-server: chat ctx=0..200001:200001 prefill chunk 137216/200001 (68.6%) chunk=586.18 t/s avg=729.70 t/s 188.045s
1002 11:20:28 ds4-server: chat ctx=0..200001:200001 prefill chunk 139264/200001 (69.6%) chunk=584.93 t/s avg=727.05 t/s 191.546s
1002 11:20:31 ds4-server: chat ctx=0..200001:200001 prefill chunk 141312/200001 (70.7%) chunk=577.69 t/s avg=724.34 t/s 195.091s
1002 11:20:35 ds4-server: chat ctx=0..200001:200001 prefill chunk 143360/200001 (71.7%) chunk=577.28 t/s avg=721.71 t/s 198.639s
1002 11:20:38 ds4-server: chat ctx=0..200001:200001 prefill chunk 145408/200001 (72.7%) chunk=573.10 t/s avg=719.08 t/s 202.213s
1002 11:20:42 ds4-server: chat ctx=0..200001:200001 prefill chunk 147456/200001 (73.7%) chunk=565.73 t/s avg=716.39 t/s 205.833s
1002 11:20:46 ds4-server: chat ctx=0..200001:200001 prefill chunk 149504/200001 (74.8%) chunk=557.74 t/s avg=713.61 t/s 209.505s
1002 11:20:49 ds4-server: chat ctx=0..200001:200001 prefill chunk 151552/200001 (75.8%) chunk=556.37 t/s avg=710.89 t/s 213.186s
1002 11:20:53 ds4-server: chat ctx=0..200001:200001 prefill chunk 153600/200001 (76.8%) chunk=551.99 t/s avg=708.17 t/s 216.896s
1002 11:20:57 ds4-server: chat ctx=0..200001:200001 prefill chunk 155648/200001 (77.8%) chunk=552.13 t/s avg=705.55 t/s 220.605s
1002 11:21:01 ds4-server: chat ctx=0..200001:200001 prefill chunk 157696/200001 (78.8%) chunk=543.36 t/s avg=702.83 t/s 224.374s
1002 11:21:04 ds4-server: chat ctx=0..200001:200001 prefill chunk 159744/200001 (79.9%) chunk=542.38 t/s avg=700.17 t/s 228.150s
1002 11:21:08 ds4-server: chat ctx=0..200001:200001 prefill chunk 161792/200001 (80.9%) chunk=541.17 t/s avg=697.58 t/s 231.935s
1002 11:21:12 ds4-server: chat ctx=0..200001:200001 prefill chunk 163840/200001 (81.9%) chunk=542.86 t/s avg=695.10 t/s 235.707s
1002 11:21:16 ds4-server: chat ctx=0..200001:200001 prefill chunk 165888/200001 (82.9%) chunk=539.74 t/s avg=692.64 t/s 239.502s
1002 11:21:19 ds4-server: chat ctx=0..200001:200001 prefill chunk 167936/200001 (84.0%) chunk=538.90 t/s avg=690.24 t/s 243.302s
1002 11:21:23 ds4-server: chat ctx=0..200001:200001 prefill chunk 169984/200001 (85.0%) chunk=536.08 t/s avg=687.85 t/s 247.122s
1002 11:21:27 ds4-server: chat ctx=0..200001:200001 prefill chunk 172032/200001 (86.0%) chunk=534.96 t/s avg=685.52 t/s 250.951s
1002 11:21:31 ds4-server: chat ctx=0..200001:200001 prefill chunk 174080/200001 (87.0%) chunk=529.09 t/s avg=683.14 t/s 254.822s
1002 11:21:35 ds4-server: chat ctx=0..200001:200001 prefill chunk 176128/200001 (88.1%) chunk=527.97 t/s avg=680.82 t/s 258.701s
1002 11:21:39 ds4-server: chat ctx=0..200001:200001 prefill chunk 178176/200001 (89.1%) chunk=523.88 t/s avg=678.48 t/s 262.610s
1002 11:21:43 ds4-server: chat ctx=0..200001:200001 prefill chunk 180224/200001 (90.1%) chunk=523.32 t/s avg=676.20 t/s 266.523s
1002 11:21:47 ds4-server: chat ctx=0..200001:200001 prefill chunk 182272/200001 (91.1%) chunk=517.83 t/s avg=673.89 t/s 270.478s
1002 11:21:51 ds4-server: chat ctx=0..200001:200001 prefill chunk 184320/200001 (92.2%) chunk=517.08 t/s avg=671.62 t/s 274.439s
1002 11:21:55 ds4-server: chat ctx=0..200001:200001 prefill chunk 186368/200001 (93.2%) chunk=513.39 t/s avg=669.36 t/s 278.428s
1002 11:21:59 ds4-server: chat ctx=0..200001:200001 prefill chunk 188416/200001 (94.2%) chunk=512.64 t/s avg=667.14 t/s 282.423s
1002 11:22:03 ds4-server: chat ctx=0..200001:200001 prefill chunk 190464/200001 (95.2%) chunk=506.96 t/s avg=664.88 t/s 286.463s
1002 11:22:07 ds4-server: chat ctx=0..200001:200001 prefill chunk 192512/200001 (96.3%) chunk=506.10 t/s avg=662.67 t/s 290.510s
1002 11:22:11 ds4-server: chat ctx=0..200001:200001 prefill chunk 194560/200001 (97.3%) chunk=502.12 t/s avg=660.45 t/s 294.588s
1002 11:22:15 ds4-server: chat ctx=0..200001:200001 prefill chunk 196608/200001 (98.3%) chunk=501.73 t/s avg=658.28 t/s 298.670s
1002 11:22:19 ds4-server: chat ctx=0..200001:200001 prefill chunk 198656/200001 (99.3%) chunk=495.44 t/s avg=656.05 t/s 302.804s
1002 11:22:23 ds4-server: chat ctx=0..200001:200001 prefill chunk 200001/200001 (100.0%) chunk=343.12 t/s avg=652.06 t/s 306.724s
1002 11:22:23 ds4-server: chat ctx=0..200001:200001 prompt done 306.724s
1002 11:22:23 ds4-server: chat ctx=200001..200019:18 gen=18 decoding chunk=36.39 t/s avg=36.39 t/s 0.495s
1002 11:22:23 ds4-server: chat ctx=0..200001:200001 gen=18 finish=stop 307.219s
1002 11:22:23 ds4-server: chat ctx=200019..203949:3930 prompt start
1002 11:22:23 ds4-server: chat ctx=200019..203949:3930 prefill chunk 0/3930 (0.0%) chunk=0.00 t/s avg=0.00 t/s 0.000s
1002 11:22:26 ds4-server: chat ctx=200019..203949:3930 prefill chunk 685/3930 (17.4%) chunk=305.72 t/s avg=305.69 t/s 2.241s
1002 11:22:30 ds4-server: chat ctx=200019..203949:3930 prefill chunk 2733/3930 (69.5%) chunk=493.09 t/s avg=427.41 t/s 6.394s
1002 11:22:33 ds4-server: chat ctx=200019..203949:3930 prefill chunk 3930/3930 (100.0%) chunk=334.82 t/s avg=394.21 t/s 9.969s
1002 11:22:33 ds4-server: chat ctx=200019..203949:3930 prompt done 9.970s
1002 11:22:35 ds4-server: chat ctx=203949..203999:50 gen=50 decoding chunk=37.05 t/s avg=37.05 t/s 1.350s
1002 11:22:36 ds4-server: chat ctx=203999..204049:50 gen=100 decoding chunk=37.25 t/s avg=37.15 t/s 2.692s
1002 11:22:37 ds4-server: chat ctx=204049..204099:50 gen=150 decoding chunk=37.31 t/s avg=37.20 t/s 4.032s
1002 11:22:39 ds4-server: chat ctx=204099..204149:50 gen=200 decoding chunk=37.31 t/s avg=37.23 t/s 5.372s
1002 11:22:39 ds4-server: chat ctx=204149..204151:2 gen=202 decoding chunk=37.04 t/s avg=37.23 t/s 5.426s
1002 11:22:39 ds4-server: chat ctx=200019..203949:3930 gen=202 finish=stop 15.396s
1002 11:22:39 ds4-server: chat ctx=204151..204170:19 prompt start
1002 11:22:39 ds4-server: chat ctx=204151..204170:19 prefill chunk 0/19 (0.0%) chunk=0.00 t/s avg=0.00 t/s 0.000s
1002 11:22:39 ds4-server: chat ctx=204151..204170:19 prefill chunk 19/19 (100.0%) chunk=75.87 t/s avg=75.81 t/s 0.251s
1002 11:22:39 ds4-server: chat ctx=204151..204170:19 prompt done 0.251s
1002 11:22:39 ds4-server: chat ctx=204170..204175:5 gen=5 decoding chunk=36.77 t/s avg=36.77 t/s 0.136s
1002 11:22:39 ds4-server: chat ctx=204151..204170:19 gen=5 finish=stop 0.387s
1002 11:22:44 ds4-server: shutdown requested, draining requests
