<repo>/vendor/vlm-runtime/.venv/lib/python3.12/site-packages/mlx_lm/server.py:1723: UserWarning: mlx_lm.server is not recommended for production as it only implements basic security checks.
  warnings.warn(
2026-10-01 18:22:58,821 - INFO - Starting httpd at 127.0.0.1 on port 18185...
127.0.0.1 - - [01/Oct/2026 18:22:59] "GET /v1/models HTTP/1.1" 200 -
----------------------------------------
Exception occurred during processing of request from ('127.0.0.1', 58777)
Traceback (most recent call last):
  File "<m5-home>/.local/share/uv/python/cpython-3.12.13-macos-aarch64-none/lib/python3.12/socketserver.py", line 697, in process_request_thread
    self.finish_request(request, client_address)
  File "<m5-home>/.local/share/uv/python/cpython-3.12.13-macos-aarch64-none/lib/python3.12/socketserver.py", line 362, in finish_request
    self.RequestHandlerClass(request, client_address, self)
  File "<repo>/vendor/vlm-runtime/.venv/lib/python3.12/site-packages/mlx_lm/server.py", line 1716, in <lambda>
    lambda *args, **kwargs: handler_class(
                            ^^^^^^^^^^^^^^
  File "<repo>/vendor/vlm-runtime/.venv/lib/python3.12/site-packages/mlx_lm/server.py", line 1073, in __init__
    super().__init__(*args, **kwargs)
  File "<m5-home>/.local/share/uv/python/cpython-3.12.13-macos-aarch64-none/lib/python3.12/socketserver.py", line 766, in __init__
    self.handle()
  File "<m5-home>/.local/share/uv/python/cpython-3.12.13-macos-aarch64-none/lib/python3.12/http/server.py", line 440, in handle
    self.handle_one_request()
  File "<m5-home>/.local/share/uv/python/cpython-3.12.13-macos-aarch64-none/lib/python3.12/http/server.py", line 428, in handle_one_request
    method()
  File "<repo>/vendor/vlm-runtime/.venv/lib/python3.12/site-packages/mlx_lm/server.py", line 1625, in do_GET
    self.handle_models_request()
  File "<repo>/vendor/vlm-runtime/.venv/lib/python3.12/site-packages/mlx_lm/server.py", line 1668, in handle_models_request
    hf_cache_info = scan_cache_dir()
                    ^^^^^^^^^^^^^^^^
  File "<repo>/vendor/vlm-runtime/.venv/lib/python3.12/site-packages/huggingface_hub/utils/_cache_manager.py", line 777, in scan_cache_dir
    raise CacheNotFound(
huggingface_hub.errors.CacheNotFound: Cache directory not found: <repo>/.cache/huggingface/hub. Please use `cache_dir` argument or set `HF_HUB_CACHE` environment variable.
----------------------------------------
127.0.0.1 - - [01/Oct/2026 18:23:00] "POST /v1/chat/completions HTTP/1.1" 200 -
2026-10-01 18:23:00,075 - INFO - Prompt Cache: 0 sequences, 0.00 GB
2026-10-01 18:23:00,075 - INFO - - assistant: 0 sequences, 0.00 GB
2026-10-01 18:23:00,075 - INFO - - user: 0 sequences, 0.00 GB
2026-10-01 18:23:00,075 - INFO - - system: 0 sequences, 0.00 GB
2026-10-01 18:23:00,163 - INFO - Prompt processing progress: 0/200001
2026-10-01 18:23:00,383 - INFO - Prompt processing progress: 2048/200001
2026-10-01 18:23:00,606 - INFO - Prompt processing progress: 4096/200001
2026-10-01 18:23:00,836 - INFO - Prompt processing progress: 6144/200001
2026-10-01 18:23:01,076 - INFO - Prompt processing progress: 8192/200001
2026-10-01 18:23:01,326 - INFO - Prompt processing progress: 10240/200001
2026-10-01 18:23:01,584 - INFO - Prompt processing progress: 12288/200001
2026-10-01 18:23:01,853 - INFO - Prompt processing progress: 14336/200001
2026-10-01 18:23:02,133 - INFO - Prompt processing progress: 16384/200001
2026-10-01 18:23:02,418 - INFO - Prompt processing progress: 18432/200001
2026-10-01 18:23:02,716 - INFO - Prompt processing progress: 20480/200001
2026-10-01 18:23:03,023 - INFO - Prompt processing progress: 22528/200001
2026-10-01 18:23:03,339 - INFO - Prompt processing progress: 24576/200001
2026-10-01 18:23:03,668 - INFO - Prompt processing progress: 26624/200001
2026-10-01 18:23:04,006 - INFO - Prompt processing progress: 28672/200001
2026-10-01 18:23:04,352 - INFO - Prompt processing progress: 30720/200001
2026-10-01 18:23:04,710 - INFO - Prompt processing progress: 32768/200001
2026-10-01 18:23:05,075 - INFO - Prompt processing progress: 34816/200001
2026-10-01 18:23:05,449 - INFO - Prompt processing progress: 36864/200001
2026-10-01 18:23:05,832 - INFO - Prompt processing progress: 38912/200001
2026-10-01 18:23:06,225 - INFO - Prompt processing progress: 40960/200001
2026-10-01 18:23:06,629 - INFO - Prompt processing progress: 43008/200001
2026-10-01 18:23:07,042 - INFO - Prompt processing progress: 45056/200001
2026-10-01 18:23:07,465 - INFO - Prompt processing progress: 47104/200001
2026-10-01 18:23:07,898 - INFO - Prompt processing progress: 49152/200001
2026-10-01 18:23:08,341 - INFO - Prompt processing progress: 51200/200001
2026-10-01 18:23:08,794 - INFO - Prompt processing progress: 53248/200001
2026-10-01 18:23:09,259 - INFO - Prompt processing progress: 55296/200001
2026-10-01 18:23:09,734 - INFO - Prompt processing progress: 57344/200001
2026-10-01 18:23:10,214 - INFO - Prompt processing progress: 59392/200001
2026-10-01 18:23:10,708 - INFO - Prompt processing progress: 61440/200001
2026-10-01 18:23:11,211 - INFO - Prompt processing progress: 63488/200001
2026-10-01 18:23:11,722 - INFO - Prompt processing progress: 65536/200001
2026-10-01 18:23:12,239 - INFO - Prompt processing progress: 67584/200001
2026-10-01 18:23:12,769 - INFO - Prompt processing progress: 69632/200001
2026-10-01 18:23:13,306 - INFO - Prompt processing progress: 71680/200001
2026-10-01 18:23:13,860 - INFO - Prompt processing progress: 73728/200001
2026-10-01 18:23:14,420 - INFO - Prompt processing progress: 75776/200001
2026-10-01 18:23:14,988 - INFO - Prompt processing progress: 77824/200001
2026-10-01 18:23:15,569 - INFO - Prompt processing progress: 79872/200001
2026-10-01 18:23:16,161 - INFO - Prompt processing progress: 81920/200001
2026-10-01 18:23:16,765 - INFO - Prompt processing progress: 83968/200001
2026-10-01 18:23:17,375 - INFO - Prompt processing progress: 86016/200001
2026-10-01 18:23:17,990 - INFO - Prompt processing progress: 88064/200001
2026-10-01 18:23:18,621 - INFO - Prompt processing progress: 90112/200001
2026-10-01 18:23:19,263 - INFO - Prompt processing progress: 92160/200001
2026-10-01 18:23:19,906 - INFO - Prompt processing progress: 94208/200001
2026-10-01 18:23:20,566 - INFO - Prompt processing progress: 96256/200001
2026-10-01 18:23:21,232 - INFO - Prompt processing progress: 98304/200001
2026-10-01 18:23:21,909 - INFO - Prompt processing progress: 100352/200001
2026-10-01 18:23:22,594 - INFO - Prompt processing progress: 102400/200001
2026-10-01 18:23:23,286 - INFO - Prompt processing progress: 104448/200001
2026-10-01 18:23:23,992 - INFO - Prompt processing progress: 106496/200001
2026-10-01 18:23:24,708 - INFO - Prompt processing progress: 108544/200001
2026-10-01 18:23:25,436 - INFO - Prompt processing progress: 110592/200001
2026-10-01 18:23:26,168 - INFO - Prompt processing progress: 112640/200001
2026-10-01 18:23:26,907 - INFO - Prompt processing progress: 114688/200001
2026-10-01 18:23:27,661 - INFO - Prompt processing progress: 116736/200001
2026-10-01 18:23:28,423 - INFO - Prompt processing progress: 118784/200001
2026-10-01 18:23:29,196 - INFO - Prompt processing progress: 120832/200001
2026-10-01 18:23:29,984 - INFO - Prompt processing progress: 122880/200001
2026-10-01 18:23:30,776 - INFO - Prompt processing progress: 124928/200001
2026-10-01 18:23:31,585 - INFO - Prompt processing progress: 126976/200001
2026-10-01 18:23:32,396 - INFO - Prompt processing progress: 129024/200001
2026-10-01 18:23:33,222 - INFO - Prompt processing progress: 131072/200001
2026-10-01 18:23:34,050 - INFO - Prompt processing progress: 133120/200001
2026-10-01 18:23:34,900 - INFO - Prompt processing progress: 135168/200001
2026-10-01 18:23:35,756 - INFO - Prompt processing progress: 137216/200001
2026-10-01 18:23:36,614 - INFO - Prompt processing progress: 139264/200001
2026-10-01 18:23:37,492 - INFO - Prompt processing progress: 141312/200001
2026-10-01 18:23:38,373 - INFO - Prompt processing progress: 143360/200001
2026-10-01 18:23:39,264 - INFO - Prompt processing progress: 145408/200001
2026-10-01 18:23:40,167 - INFO - Prompt processing progress: 147456/200001
2026-10-01 18:23:41,087 - INFO - Prompt processing progress: 149504/200001
2026-10-01 18:23:42,008 - INFO - Prompt processing progress: 151552/200001
2026-10-01 18:23:42,939 - INFO - Prompt processing progress: 153600/200001
2026-10-01 18:23:43,877 - INFO - Prompt processing progress: 155648/200001
2026-10-01 18:23:44,833 - INFO - Prompt processing progress: 157696/200001
2026-10-01 18:23:45,794 - INFO - Prompt processing progress: 159744/200001
2026-10-01 18:23:46,759 - INFO - Prompt processing progress: 161792/200001
2026-10-01 18:23:47,734 - INFO - Prompt processing progress: 163840/200001
2026-10-01 18:23:48,720 - INFO - Prompt processing progress: 165888/200001
2026-10-01 18:23:49,710 - INFO - Prompt processing progress: 167936/200001
2026-10-01 18:23:50,710 - INFO - Prompt processing progress: 169984/200001
2026-10-01 18:23:51,730 - INFO - Prompt processing progress: 172032/200001
2026-10-01 18:23:52,751 - INFO - Prompt processing progress: 174080/200001
2026-10-01 18:23:53,785 - INFO - Prompt processing progress: 176128/200001
2026-10-01 18:23:54,829 - INFO - Prompt processing progress: 178176/200001
2026-10-01 18:23:55,885 - INFO - Prompt processing progress: 180224/200001
2026-10-01 18:23:56,944 - INFO - Prompt processing progress: 182272/200001
2026-10-01 18:23:58,013 - INFO - Prompt processing progress: 184320/200001
2026-10-01 18:23:59,103 - INFO - Prompt processing progress: 186368/200001
2026-10-01 18:24:00,196 - INFO - Prompt processing progress: 188416/200001
2026-10-01 18:24:01,312 - INFO - Prompt processing progress: 190464/200001
2026-10-01 18:24:02,422 - INFO - Prompt processing progress: 192512/200001
2026-10-01 18:24:03,550 - INFO - Prompt processing progress: 194560/200001
2026-10-01 18:24:04,689 - INFO - Prompt processing progress: 196608/200001
2026-10-01 18:24:05,834 - INFO - Prompt processing progress: 198656/200001
2026-10-01 18:24:06,689 - INFO - Prompt processing progress: 200000/200001
2026-10-01 18:24:06,731 - INFO - Prompt processing progress: 200001/200001
127.0.0.1 - - [01/Oct/2026 18:24:07] "POST /v1/chat/completions HTTP/1.1" 200 -
2026-10-01 18:24:07,091 - INFO - Prompt Cache: 1 sequences, 4.16 GB
2026-10-01 18:24:07,091 - INFO - - assistant: 1 sequences, 4.16 GB
2026-10-01 18:24:07,091 - INFO - - user: 0 sequences, 0.00 GB
2026-10-01 18:24:07,091 - INFO - - system: 0 sequences, 0.00 GB
2026-10-01 18:24:07,198 - INFO - Prompt processing progress: 0/203658
2026-10-01 18:24:07,413 - INFO - Prompt processing progress: 2048/203658
2026-10-01 18:24:07,637 - INFO - Prompt processing progress: 4096/203658
2026-10-01 18:24:07,868 - INFO - Prompt processing progress: 6144/203658
2026-10-01 18:24:08,113 - INFO - Prompt processing progress: 8192/203658
2026-10-01 18:24:08,364 - INFO - Prompt processing progress: 10240/203658
2026-10-01 18:24:08,625 - INFO - Prompt processing progress: 12288/203658
2026-10-01 18:24:08,896 - INFO - Prompt processing progress: 14336/203658
2026-10-01 18:24:09,177 - INFO - Prompt processing progress: 16384/203658
2026-10-01 18:24:09,466 - INFO - Prompt processing progress: 18432/203658
2026-10-01 18:24:09,766 - INFO - Prompt processing progress: 20480/203658
2026-10-01 18:24:10,077 - INFO - Prompt processing progress: 22528/203658
2026-10-01 18:24:10,397 - INFO - Prompt processing progress: 24576/203658
2026-10-01 18:24:10,726 - INFO - Prompt processing progress: 26624/203658
2026-10-01 18:24:11,067 - INFO - Prompt processing progress: 28672/203658
2026-10-01 18:24:11,418 - INFO - Prompt processing progress: 30720/203658
2026-10-01 18:24:11,777 - INFO - Prompt processing progress: 32768/203658
2026-10-01 18:24:12,141 - INFO - Prompt processing progress: 34816/203658
2026-10-01 18:24:12,515 - INFO - Prompt processing progress: 36864/203658
2026-10-01 18:24:12,899 - INFO - Prompt processing progress: 38912/203658
2026-10-01 18:24:13,292 - INFO - Prompt processing progress: 40960/203658
2026-10-01 18:24:13,693 - INFO - Prompt processing progress: 43008/203658
2026-10-01 18:24:14,102 - INFO - Prompt processing progress: 45056/203658
2026-10-01 18:24:14,522 - INFO - Prompt processing progress: 47104/203658
2026-10-01 18:24:14,953 - INFO - Prompt processing progress: 49152/203658
2026-10-01 18:24:15,392 - INFO - Prompt processing progress: 51200/203658
2026-10-01 18:24:15,843 - INFO - Prompt processing progress: 53248/203658
2026-10-01 18:24:16,303 - INFO - Prompt processing progress: 55296/203658
2026-10-01 18:24:16,773 - INFO - Prompt processing progress: 57344/203658
2026-10-01 18:24:17,252 - INFO - Prompt processing progress: 59392/203658
2026-10-01 18:24:17,742 - INFO - Prompt processing progress: 61440/203658
2026-10-01 18:24:18,243 - INFO - Prompt processing progress: 63488/203658
2026-10-01 18:24:18,751 - INFO - Prompt processing progress: 65536/203658
2026-10-01 18:24:19,268 - INFO - Prompt processing progress: 67584/203658
2026-10-01 18:24:19,798 - INFO - Prompt processing progress: 69632/203658
2026-10-01 18:24:20,335 - INFO - Prompt processing progress: 71680/203658
2026-10-01 18:24:20,884 - INFO - Prompt processing progress: 73728/203658
2026-10-01 18:24:21,442 - INFO - Prompt processing progress: 75776/203658
2026-10-01 18:24:22,012 - INFO - Prompt processing progress: 77824/203658
2026-10-01 18:24:22,591 - INFO - Prompt processing progress: 79872/203658
2026-10-01 18:24:23,179 - INFO - Prompt processing progress: 81920/203658
2026-10-01 18:24:23,778 - INFO - Prompt processing progress: 83968/203658
2026-10-01 18:24:24,386 - INFO - Prompt processing progress: 86016/203658
2026-10-01 18:24:25,005 - INFO - Prompt processing progress: 88064/203658
2026-10-01 18:24:25,633 - INFO - Prompt processing progress: 90112/203658
2026-10-01 18:24:26,273 - INFO - Prompt processing progress: 92160/203658
2026-10-01 18:24:26,921 - INFO - Prompt processing progress: 94208/203658
2026-10-01 18:24:27,580 - INFO - Prompt processing progress: 96256/203658
2026-10-01 18:24:28,247 - INFO - Prompt processing progress: 98304/203658
2026-10-01 18:24:28,927 - INFO - Prompt processing progress: 100352/203658
2026-10-01 18:24:29,617 - INFO - Prompt processing progress: 102400/203658
2026-10-01 18:24:30,315 - INFO - Prompt processing progress: 104448/203658
2026-10-01 18:24:31,023 - INFO - Prompt processing progress: 106496/203658
2026-10-01 18:24:31,741 - INFO - Prompt processing progress: 108544/203658
2026-10-01 18:24:32,468 - INFO - Prompt processing progress: 110592/203658
2026-10-01 18:24:33,205 - INFO - Prompt processing progress: 112640/203658
2026-10-01 18:24:33,952 - INFO - Prompt processing progress: 114688/203658
2026-10-01 18:24:34,710 - INFO - Prompt processing progress: 116736/203658
2026-10-01 18:24:35,479 - INFO - Prompt processing progress: 118784/203658
2026-10-01 18:24:36,257 - INFO - Prompt processing progress: 120832/203658
2026-10-01 18:24:37,043 - INFO - Prompt processing progress: 122880/203658
2026-10-01 18:24:37,841 - INFO - Prompt processing progress: 124928/203658
2026-10-01 18:24:38,645 - INFO - Prompt processing progress: 126976/203658
2026-10-01 18:24:39,462 - INFO - Prompt processing progress: 129024/203658
2026-10-01 18:24:40,289 - INFO - Prompt processing progress: 131072/203658
2026-10-01 18:24:41,126 - INFO - Prompt processing progress: 133120/203658
2026-10-01 18:24:41,976 - INFO - Prompt processing progress: 135168/203658
2026-10-01 18:24:42,833 - INFO - Prompt processing progress: 137216/203658
2026-10-01 18:24:43,701 - INFO - Prompt processing progress: 139264/203658
2026-10-01 18:24:44,578 - INFO - Prompt processing progress: 141312/203658
2026-10-01 18:24:45,465 - INFO - Prompt processing progress: 143360/203658
2026-10-01 18:24:46,364 - INFO - Prompt processing progress: 145408/203658
2026-10-01 18:24:47,272 - INFO - Prompt processing progress: 147456/203658
2026-10-01 18:24:48,188 - INFO - Prompt processing progress: 149504/203658
2026-10-01 18:24:49,109 - INFO - Prompt processing progress: 151552/203658
2026-10-01 18:24:50,047 - INFO - Prompt processing progress: 153600/203658
2026-10-01 18:24:50,994 - INFO - Prompt processing progress: 155648/203658
2026-10-01 18:24:51,950 - INFO - Prompt processing progress: 157696/203658
2026-10-01 18:24:52,916 - INFO - Prompt processing progress: 159744/203658
2026-10-01 18:24:53,879 - INFO - Prompt processing progress: 161792/203658
2026-10-01 18:24:54,852 - INFO - Prompt processing progress: 163840/203658
2026-10-01 18:24:55,844 - INFO - Prompt processing progress: 165888/203658
2026-10-01 18:24:56,843 - INFO - Prompt processing progress: 167936/203658
2026-10-01 18:24:57,853 - INFO - Prompt processing progress: 169984/203658
2026-10-01 18:24:58,866 - INFO - Prompt processing progress: 172032/203658
2026-10-01 18:24:59,902 - INFO - Prompt processing progress: 174080/203658
2026-10-01 18:25:00,933 - INFO - Prompt processing progress: 176128/203658
2026-10-01 18:25:01,981 - INFO - Prompt processing progress: 178176/203658
2026-10-01 18:25:03,037 - INFO - Prompt processing progress: 180224/203658
2026-10-01 18:25:04,102 - INFO - Prompt processing progress: 182272/203658
2026-10-01 18:25:05,177 - INFO - Prompt processing progress: 184320/203658
2026-10-01 18:25:06,266 - INFO - Prompt processing progress: 186368/203658
2026-10-01 18:25:07,360 - INFO - Prompt processing progress: 188416/203658
2026-10-01 18:25:08,472 - INFO - Prompt processing progress: 190464/203658
2026-10-01 18:25:09,580 - INFO - Prompt processing progress: 192512/203658
2026-10-01 18:25:10,712 - INFO - Prompt processing progress: 194560/203658
2026-10-01 18:25:11,843 - INFO - Prompt processing progress: 196608/203658
2026-10-01 18:25:12,994 - INFO - Prompt processing progress: 198656/203658
2026-10-01 18:25:14,147 - INFO - Prompt processing progress: 200704/203658
2026-10-01 18:25:15,306 - INFO - Prompt processing progress: 202752/203658
2026-10-01 18:25:16,306 - INFO - Prompt processing progress: 203657/203658
2026-10-01 18:25:16,348 - INFO - Prompt processing progress: 203658/203658
127.0.0.1 - - [01/Oct/2026 18:25:16] "POST /v1/chat/completions HTTP/1.1" 200 -
2026-10-01 18:25:16,699 - INFO - Prompt Cache: 1 sequences, 4.24 GB
2026-10-01 18:25:16,699 - INFO - - assistant: 1 sequences, 4.24 GB
2026-10-01 18:25:16,699 - INFO - - user: 0 sequences, 0.00 GB
2026-10-01 18:25:16,699 - INFO - - system: 0 sequences, 0.00 GB
2026-10-01 18:25:16,808 - INFO - Prompt processing progress: 0/207184
2026-10-01 18:25:17,028 - INFO - Prompt processing progress: 2048/207184
2026-10-01 18:25:17,256 - INFO - Prompt processing progress: 4096/207184
2026-10-01 18:25:17,490 - INFO - Prompt processing progress: 6144/207184
2026-10-01 18:25:17,734 - INFO - Prompt processing progress: 8192/207184
2026-10-01 18:25:17,988 - INFO - Prompt processing progress: 10240/207184
2026-10-01 18:25:18,251 - INFO - Prompt processing progress: 12288/207184
2026-10-01 18:25:18,523 - INFO - Prompt processing progress: 14336/207184
2026-10-01 18:25:18,805 - INFO - Prompt processing progress: 16384/207184
2026-10-01 18:25:19,094 - INFO - Prompt processing progress: 18432/207184
2026-10-01 18:25:19,394 - INFO - Prompt processing progress: 20480/207184
2026-10-01 18:25:19,705 - INFO - Prompt processing progress: 22528/207184
2026-10-01 18:25:20,024 - INFO - Prompt processing progress: 24576/207184
2026-10-01 18:25:20,353 - INFO - Prompt processing progress: 26624/207184
2026-10-01 18:25:20,692 - INFO - Prompt processing progress: 28672/207184
2026-10-01 18:25:21,042 - INFO - Prompt processing progress: 30720/207184
2026-10-01 18:25:21,401 - INFO - Prompt processing progress: 32768/207184
2026-10-01 18:25:21,768 - INFO - Prompt processing progress: 34816/207184
2026-10-01 18:25:22,145 - INFO - Prompt processing progress: 36864/207184
2026-10-01 18:25:22,528 - INFO - Prompt processing progress: 38912/207184
2026-10-01 18:25:22,920 - INFO - Prompt processing progress: 40960/207184
2026-10-01 18:25:23,324 - INFO - Prompt processing progress: 43008/207184
2026-10-01 18:25:23,735 - INFO - Prompt processing progress: 45056/207184
2026-10-01 18:25:24,161 - INFO - Prompt processing progress: 47104/207184
2026-10-01 18:25:24,592 - INFO - Prompt processing progress: 49152/207184
2026-10-01 18:25:25,034 - INFO - Prompt processing progress: 51200/207184
2026-10-01 18:25:25,484 - INFO - Prompt processing progress: 53248/207184
2026-10-01 18:25:25,944 - INFO - Prompt processing progress: 55296/207184
2026-10-01 18:25:26,418 - INFO - Prompt processing progress: 57344/207184
2026-10-01 18:25:26,902 - INFO - Prompt processing progress: 59392/207184
2026-10-01 18:25:27,393 - INFO - Prompt processing progress: 61440/207184
2026-10-01 18:25:27,898 - INFO - Prompt processing progress: 63488/207184
2026-10-01 18:25:28,410 - INFO - Prompt processing progress: 65536/207184
2026-10-01 18:25:28,931 - INFO - Prompt processing progress: 67584/207184
2026-10-01 18:25:29,464 - INFO - Prompt processing progress: 69632/207184
2026-10-01 18:25:30,006 - INFO - Prompt processing progress: 71680/207184
2026-10-01 18:25:30,557 - INFO - Prompt processing progress: 73728/207184
2026-10-01 18:25:31,121 - INFO - Prompt processing progress: 75776/207184
2026-10-01 18:25:31,693 - INFO - Prompt processing progress: 77824/207184
2026-10-01 18:25:32,278 - INFO - Prompt processing progress: 79872/207184
2026-10-01 18:25:32,864 - INFO - Prompt processing progress: 81920/207184
2026-10-01 18:25:33,462 - INFO - Prompt processing progress: 83968/207184
2026-10-01 18:25:34,067 - INFO - Prompt processing progress: 86016/207184
2026-10-01 18:25:34,684 - INFO - Prompt processing progress: 88064/207184
2026-10-01 18:25:35,313 - INFO - Prompt processing progress: 90112/207184
2026-10-01 18:25:35,947 - INFO - Prompt processing progress: 92160/207184
2026-10-01 18:25:36,597 - INFO - Prompt processing progress: 94208/207184
2026-10-01 18:25:37,247 - INFO - Prompt processing progress: 96256/207184
2026-10-01 18:25:37,909 - INFO - Prompt processing progress: 98304/207184
2026-10-01 18:25:38,586 - INFO - Prompt processing progress: 100352/207184
2026-10-01 18:25:39,272 - INFO - Prompt processing progress: 102400/207184
2026-10-01 18:25:39,962 - INFO - Prompt processing progress: 104448/207184
2026-10-01 18:25:40,665 - INFO - Prompt processing progress: 106496/207184
2026-10-01 18:25:41,380 - INFO - Prompt processing progress: 108544/207184
2026-10-01 18:25:42,105 - INFO - Prompt processing progress: 110592/207184
2026-10-01 18:25:42,833 - INFO - Prompt processing progress: 112640/207184
2026-10-01 18:25:43,580 - INFO - Prompt processing progress: 114688/207184
2026-10-01 18:25:44,335 - INFO - Prompt processing progress: 116736/207184
2026-10-01 18:25:45,090 - INFO - Prompt processing progress: 118784/207184
2026-10-01 18:25:45,860 - INFO - Prompt processing progress: 120832/207184
2026-10-01 18:25:46,636 - INFO - Prompt processing progress: 122880/207184
2026-10-01 18:25:47,425 - INFO - Prompt processing progress: 124928/207184
2026-10-01 18:25:48,226 - INFO - Prompt processing progress: 126976/207184
2026-10-01 18:25:49,046 - INFO - Prompt processing progress: 129024/207184
2026-10-01 18:25:49,871 - INFO - Prompt processing progress: 131072/207184
2026-10-01 18:25:50,706 - INFO - Prompt processing progress: 133120/207184
2026-10-01 18:25:51,549 - INFO - Prompt processing progress: 135168/207184
2026-10-01 18:25:52,403 - INFO - Prompt processing progress: 137216/207184
2026-10-01 18:25:53,269 - INFO - Prompt processing progress: 139264/207184
2026-10-01 18:25:54,131 - INFO - Prompt processing progress: 141312/207184
2026-10-01 18:25:55,009 - INFO - Prompt processing progress: 143360/207184
2026-10-01 18:25:55,905 - INFO - Prompt processing progress: 145408/207184
2026-10-01 18:25:56,803 - INFO - Prompt processing progress: 147456/207184
2026-10-01 18:25:57,714 - INFO - Prompt processing progress: 149504/207184
2026-10-01 18:25:58,626 - INFO - Prompt processing progress: 151552/207184
2026-10-01 18:25:59,560 - INFO - Prompt processing progress: 153600/207184
2026-10-01 18:26:00,507 - INFO - Prompt processing progress: 155648/207184
2026-10-01 18:26:01,458 - INFO - Prompt processing progress: 157696/207184
2026-10-01 18:26:02,424 - INFO - Prompt processing progress: 159744/207184
2026-10-01 18:26:03,395 - INFO - Prompt processing progress: 161792/207184
2026-10-01 18:26:04,363 - INFO - Prompt processing progress: 163840/207184
2026-10-01 18:26:05,349 - INFO - Prompt processing progress: 165888/207184
2026-10-01 18:26:06,348 - INFO - Prompt processing progress: 167936/207184
2026-10-01 18:26:07,361 - INFO - Prompt processing progress: 169984/207184
2026-10-01 18:26:08,385 - INFO - Prompt processing progress: 172032/207184
2026-10-01 18:26:09,413 - INFO - Prompt processing progress: 174080/207184
2026-10-01 18:26:10,451 - INFO - Prompt processing progress: 176128/207184
2026-10-01 18:26:11,495 - INFO - Prompt processing progress: 178176/207184
2026-10-01 18:26:12,552 - INFO - Prompt processing progress: 180224/207184
2026-10-01 18:26:13,621 - INFO - Prompt processing progress: 182272/207184
2026-10-01 18:26:14,699 - INFO - Prompt processing progress: 184320/207184
2026-10-01 18:26:15,788 - INFO - Prompt processing progress: 186368/207184
2026-10-01 18:26:16,888 - INFO - Prompt processing progress: 188416/207184
2026-10-01 18:26:17,993 - INFO - Prompt processing progress: 190464/207184
2026-10-01 18:26:19,108 - INFO - Prompt processing progress: 192512/207184
2026-10-01 18:26:20,234 - INFO - Prompt processing progress: 194560/207184
2026-10-01 18:26:21,369 - INFO - Prompt processing progress: 196608/207184
2026-10-01 18:26:22,521 - INFO - Prompt processing progress: 198656/207184
2026-10-01 18:26:23,672 - INFO - Prompt processing progress: 200704/207184
2026-10-01 18:26:24,832 - INFO - Prompt processing progress: 202752/207184
2026-10-01 18:26:26,006 - INFO - Prompt processing progress: 204800/207184
2026-10-01 18:26:27,199 - INFO - Prompt processing progress: 206848/207184
2026-10-01 18:26:27,610 - INFO - Prompt processing progress: 207183/207184
2026-10-01 18:26:27,648 - INFO - Prompt processing progress: 207184/207184
127.0.0.1 - - [01/Oct/2026 18:26:44] "POST /v1/chat/completions HTTP/1.1" 200 -
2026-10-01 18:26:44,960 - INFO - Prompt Cache: 1 sequences, 4.34 GB
2026-10-01 18:26:44,960 - INFO - - assistant: 1 sequences, 4.34 GB
2026-10-01 18:26:44,960 - INFO - - user: 0 sequences, 0.00 GB
2026-10-01 18:26:44,960 - INFO - - system: 0 sequences, 0.00 GB
2026-10-01 18:26:45,067 - INFO - Prompt processing progress: 0/208529
2026-10-01 18:26:45,290 - INFO - Prompt processing progress: 2048/208529
2026-10-01 18:26:45,519 - INFO - Prompt processing progress: 4096/208529
2026-10-01 18:26:45,753 - INFO - Prompt processing progress: 6144/208529
2026-10-01 18:26:45,998 - INFO - Prompt processing progress: 8192/208529
2026-10-01 18:26:46,248 - INFO - Prompt processing progress: 10240/208529
2026-10-01 18:26:46,509 - INFO - Prompt processing progress: 12288/208529
2026-10-01 18:26:46,780 - INFO - Prompt processing progress: 14336/208529
2026-10-01 18:26:47,061 - INFO - Prompt processing progress: 16384/208529
2026-10-01 18:26:47,350 - INFO - Prompt processing progress: 18432/208529
2026-10-01 18:26:47,652 - INFO - Prompt processing progress: 20480/208529
2026-10-01 18:26:47,962 - INFO - Prompt processing progress: 22528/208529
2026-10-01 18:26:48,279 - INFO - Prompt processing progress: 24576/208529
2026-10-01 18:26:48,611 - INFO - Prompt processing progress: 26624/208529
2026-10-01 18:26:48,950 - INFO - Prompt processing progress: 28672/208529
2026-10-01 18:26:49,298 - INFO - Prompt processing progress: 30720/208529
2026-10-01 18:26:49,655 - INFO - Prompt processing progress: 32768/208529
2026-10-01 18:26:50,019 - INFO - Prompt processing progress: 34816/208529
2026-10-01 18:26:50,393 - INFO - Prompt processing progress: 36864/208529
2026-10-01 18:26:50,780 - INFO - Prompt processing progress: 38912/208529
2026-10-01 18:26:51,176 - INFO - Prompt processing progress: 40960/208529
2026-10-01 18:26:51,581 - INFO - Prompt processing progress: 43008/208529
2026-10-01 18:26:51,993 - INFO - Prompt processing progress: 45056/208529
2026-10-01 18:26:52,418 - INFO - Prompt processing progress: 47104/208529
2026-10-01 18:26:52,854 - INFO - Prompt processing progress: 49152/208529
2026-10-01 18:26:53,297 - INFO - Prompt processing progress: 51200/208529
2026-10-01 18:26:53,750 - INFO - Prompt processing progress: 53248/208529
2026-10-01 18:26:54,215 - INFO - Prompt processing progress: 55296/208529
2026-10-01 18:26:54,688 - INFO - Prompt processing progress: 57344/208529
2026-10-01 18:26:55,168 - INFO - Prompt processing progress: 59392/208529
2026-10-01 18:26:55,664 - INFO - Prompt processing progress: 61440/208529
2026-10-01 18:26:56,166 - INFO - Prompt processing progress: 63488/208529
2026-10-01 18:26:56,679 - INFO - Prompt processing progress: 65536/208529
2026-10-01 18:26:57,199 - INFO - Prompt processing progress: 67584/208529
2026-10-01 18:26:57,731 - INFO - Prompt processing progress: 69632/208529
2026-10-01 18:26:58,273 - INFO - Prompt processing progress: 71680/208529
2026-10-01 18:26:58,829 - INFO - Prompt processing progress: 73728/208529
2026-10-01 18:26:59,387 - INFO - Prompt processing progress: 75776/208529
2026-10-01 18:26:59,957 - INFO - Prompt processing progress: 77824/208529
2026-10-01 18:27:00,542 - INFO - Prompt processing progress: 79872/208529
2026-10-01 18:27:01,133 - INFO - Prompt processing progress: 81920/208529
2026-10-01 18:27:01,732 - INFO - Prompt processing progress: 83968/208529
2026-10-01 18:27:02,345 - INFO - Prompt processing progress: 86016/208529
2026-10-01 18:27:02,963 - INFO - Prompt processing progress: 88064/208529
2026-10-01 18:27:03,592 - INFO - Prompt processing progress: 90112/208529
2026-10-01 18:27:04,232 - INFO - Prompt processing progress: 92160/208529
2026-10-01 18:27:04,878 - INFO - Prompt processing progress: 94208/208529
2026-10-01 18:27:05,534 - INFO - Prompt processing progress: 96256/208529
2026-10-01 18:27:06,202 - INFO - Prompt processing progress: 98304/208529
2026-10-01 18:27:06,880 - INFO - Prompt processing progress: 100352/208529
2026-10-01 18:27:07,568 - INFO - Prompt processing progress: 102400/208529
2026-10-01 18:27:08,270 - INFO - Prompt processing progress: 104448/208529
2026-10-01 18:27:08,979 - INFO - Prompt processing progress: 106496/208529
2026-10-01 18:27:09,697 - INFO - Prompt processing progress: 108544/208529
2026-10-01 18:27:10,424 - INFO - Prompt processing progress: 110592/208529
2026-10-01 18:27:11,161 - INFO - Prompt processing progress: 112640/208529
2026-10-01 18:27:11,910 - INFO - Prompt processing progress: 114688/208529
2026-10-01 18:27:12,668 - INFO - Prompt processing progress: 116736/208529
2026-10-01 18:27:13,440 - INFO - Prompt processing progress: 118784/208529
2026-10-01 18:27:14,208 - INFO - Prompt processing progress: 120832/208529
2026-10-01 18:27:14,992 - INFO - Prompt processing progress: 122880/208529
2026-10-01 18:27:15,782 - INFO - Prompt processing progress: 124928/208529
2026-10-01 18:27:16,590 - INFO - Prompt processing progress: 126976/208529
2026-10-01 18:27:17,406 - INFO - Prompt processing progress: 129024/208529
2026-10-01 18:27:18,228 - INFO - Prompt processing progress: 131072/208529
2026-10-01 18:27:19,059 - INFO - Prompt processing progress: 133120/208529
2026-10-01 18:27:19,907 - INFO - Prompt processing progress: 135168/208529
2026-10-01 18:27:20,757 - INFO - Prompt processing progress: 137216/208529
2026-10-01 18:27:21,625 - INFO - Prompt processing progress: 139264/208529
2026-10-01 18:27:22,499 - INFO - Prompt processing progress: 141312/208529
2026-10-01 18:27:23,383 - INFO - Prompt processing progress: 143360/208529
2026-10-01 18:27:24,273 - INFO - Prompt processing progress: 145408/208529
2026-10-01 18:27:25,166 - INFO - Prompt processing progress: 147456/208529
2026-10-01 18:27:26,077 - INFO - Prompt processing progress: 149504/208529
2026-10-01 18:27:26,994 - INFO - Prompt processing progress: 151552/208529
2026-10-01 18:27:27,917 - INFO - Prompt processing progress: 153600/208529
2026-10-01 18:27:28,859 - INFO - Prompt processing progress: 155648/208529
2026-10-01 18:27:29,806 - INFO - Prompt processing progress: 157696/208529
2026-10-01 18:27:30,763 - INFO - Prompt processing progress: 159744/208529
2026-10-01 18:27:31,734 - INFO - Prompt processing progress: 161792/208529
2026-10-01 18:27:32,714 - INFO - Prompt processing progress: 163840/208529
2026-10-01 18:27:33,710 - INFO - Prompt processing progress: 165888/208529
2026-10-01 18:27:34,713 - INFO - Prompt processing progress: 167936/208529
2026-10-01 18:27:35,729 - INFO - Prompt processing progress: 169984/208529
2026-10-01 18:27:36,745 - INFO - Prompt processing progress: 172032/208529
2026-10-01 18:27:37,773 - INFO - Prompt processing progress: 174080/208529
2026-10-01 18:27:38,799 - INFO - Prompt processing progress: 176128/208529
2026-10-01 18:27:39,845 - INFO - Prompt processing progress: 178176/208529
2026-10-01 18:27:40,902 - INFO - Prompt processing progress: 180224/208529
2026-10-01 18:27:41,961 - INFO - Prompt processing progress: 182272/208529
2026-10-01 18:27:43,029 - INFO - Prompt processing progress: 184320/208529
2026-10-01 18:27:44,111 - INFO - Prompt processing progress: 186368/208529
2026-10-01 18:27:45,207 - INFO - Prompt processing progress: 188416/208529
2026-10-01 18:27:46,322 - INFO - Prompt processing progress: 190464/208529
2026-10-01 18:27:47,425 - INFO - Prompt processing progress: 192512/208529
2026-10-01 18:27:48,542 - INFO - Prompt processing progress: 194560/208529
2026-10-01 18:27:49,675 - INFO - Prompt processing progress: 196608/208529
2026-10-01 18:27:50,814 - INFO - Prompt processing progress: 198656/208529
2026-10-01 18:27:51,963 - INFO - Prompt processing progress: 200704/208529
2026-10-01 18:27:53,123 - INFO - Prompt processing progress: 202752/208529
2026-10-01 18:27:54,290 - INFO - Prompt processing progress: 204800/208529
2026-10-01 18:27:55,472 - INFO - Prompt processing progress: 206848/208529
2026-10-01 18:27:56,540 - INFO - Prompt processing progress: 208528/208529
2026-10-01 18:27:56,573 - INFO - Prompt processing progress: 208529/208529
127.0.0.1 - - [01/Oct/2026 18:28:03] "POST /v1/chat/completions HTTP/1.1" 200 -
2026-10-01 18:28:03,489 - INFO - Prompt Cache: 1 sequences, 4.35 GB
2026-10-01 18:28:03,489 - INFO - - assistant: 1 sequences, 4.35 GB
2026-10-01 18:28:03,489 - INFO - - user: 0 sequences, 0.00 GB
2026-10-01 18:28:03,490 - INFO - - system: 0 sequences, 0.00 GB
2026-10-01 18:28:03,596 - INFO - Prompt processing progress: 0/209078
2026-10-01 18:28:03,816 - INFO - Prompt processing progress: 2048/209078
2026-10-01 18:28:04,043 - INFO - Prompt processing progress: 4096/209078
2026-10-01 18:28:04,277 - INFO - Prompt processing progress: 6144/209078
2026-10-01 18:28:04,521 - INFO - Prompt processing progress: 8192/209078
2026-10-01 18:28:04,773 - INFO - Prompt processing progress: 10240/209078
2026-10-01 18:28:05,035 - INFO - Prompt processing progress: 12288/209078
2026-10-01 18:28:05,306 - INFO - Prompt processing progress: 14336/209078
2026-10-01 18:28:05,587 - INFO - Prompt processing progress: 16384/209078
2026-10-01 18:28:05,874 - INFO - Prompt processing progress: 18432/209078
2026-10-01 18:28:06,174 - INFO - Prompt processing progress: 20480/209078
2026-10-01 18:28:06,484 - INFO - Prompt processing progress: 22528/209078
2026-10-01 18:28:06,802 - INFO - Prompt processing progress: 24576/209078
2026-10-01 18:28:07,134 - INFO - Prompt processing progress: 26624/209078
2026-10-01 18:28:07,472 - INFO - Prompt processing progress: 28672/209078
2026-10-01 18:28:07,821 - INFO - Prompt processing progress: 30720/209078
2026-10-01 18:28:08,181 - INFO - Prompt processing progress: 32768/209078
2026-10-01 18:28:08,548 - INFO - Prompt processing progress: 34816/209078
2026-10-01 18:28:08,926 - INFO - Prompt processing progress: 36864/209078
2026-10-01 18:28:09,312 - INFO - Prompt processing progress: 38912/209078
2026-10-01 18:28:09,709 - INFO - Prompt processing progress: 40960/209078
2026-10-01 18:28:10,112 - INFO - Prompt processing progress: 43008/209078
2026-10-01 18:28:10,528 - INFO - Prompt processing progress: 45056/209078
2026-10-01 18:28:10,956 - INFO - Prompt processing progress: 47104/209078
2026-10-01 18:28:11,392 - INFO - Prompt processing progress: 49152/209078
2026-10-01 18:28:11,839 - INFO - Prompt processing progress: 51200/209078
2026-10-01 18:28:12,294 - INFO - Prompt processing progress: 53248/209078
2026-10-01 18:28:12,758 - INFO - Prompt processing progress: 55296/209078
2026-10-01 18:28:13,234 - INFO - Prompt processing progress: 57344/209078
2026-10-01 18:28:13,717 - INFO - Prompt processing progress: 59392/209078
2026-10-01 18:28:14,209 - INFO - Prompt processing progress: 61440/209078
2026-10-01 18:28:14,711 - INFO - Prompt processing progress: 63488/209078
2026-10-01 18:28:15,224 - INFO - Prompt processing progress: 65536/209078
2026-10-01 18:28:15,747 - INFO - Prompt processing progress: 67584/209078
2026-10-01 18:28:16,278 - INFO - Prompt processing progress: 69632/209078
2026-10-01 18:28:16,821 - INFO - Prompt processing progress: 71680/209078
2026-10-01 18:28:17,373 - INFO - Prompt processing progress: 73728/209078
2026-10-01 18:28:17,934 - INFO - Prompt processing progress: 75776/209078
2026-10-01 18:28:18,508 - INFO - Prompt processing progress: 77824/209078
2026-10-01 18:28:19,088 - INFO - Prompt processing progress: 79872/209078
2026-10-01 18:28:19,679 - INFO - Prompt processing progress: 81920/209078
2026-10-01 18:28:20,278 - INFO - Prompt processing progress: 83968/209078
2026-10-01 18:28:20,887 - INFO - Prompt processing progress: 86016/209078
2026-10-01 18:28:21,506 - INFO - Prompt processing progress: 88064/209078
2026-10-01 18:28:22,132 - INFO - Prompt processing progress: 90112/209078
2026-10-01 18:28:22,775 - INFO - Prompt processing progress: 92160/209078
2026-10-01 18:28:23,422 - INFO - Prompt processing progress: 94208/209078
2026-10-01 18:28:24,077 - INFO - Prompt processing progress: 96256/209078
2026-10-01 18:28:24,746 - INFO - Prompt processing progress: 98304/209078
2026-10-01 18:28:25,419 - INFO - Prompt processing progress: 100352/209078
2026-10-01 18:28:26,103 - INFO - Prompt processing progress: 102400/209078
2026-10-01 18:28:26,802 - INFO - Prompt processing progress: 104448/209078
2026-10-01 18:28:27,508 - INFO - Prompt processing progress: 106496/209078
2026-10-01 18:28:28,223 - INFO - Prompt processing progress: 108544/209078
2026-10-01 18:28:28,944 - INFO - Prompt processing progress: 110592/209078
2026-10-01 18:28:29,683 - INFO - Prompt processing progress: 112640/209078
2026-10-01 18:28:30,426 - INFO - Prompt processing progress: 114688/209078
2026-10-01 18:28:31,184 - INFO - Prompt processing progress: 116736/209078
2026-10-01 18:28:31,945 - INFO - Prompt processing progress: 118784/209078
2026-10-01 18:28:32,725 - INFO - Prompt processing progress: 120832/209078
2026-10-01 18:28:33,516 - INFO - Prompt processing progress: 122880/209078
2026-10-01 18:28:34,309 - INFO - Prompt processing progress: 124928/209078
2026-10-01 18:28:35,121 - INFO - Prompt processing progress: 126976/209078
2026-10-01 18:28:35,931 - INFO - Prompt processing progress: 129024/209078
2026-10-01 18:28:36,750 - INFO - Prompt processing progress: 131072/209078
2026-10-01 18:28:37,592 - INFO - Prompt processing progress: 133120/209078
2026-10-01 18:28:38,434 - INFO - Prompt processing progress: 135168/209078
2026-10-01 18:28:39,287 - INFO - Prompt processing progress: 137216/209078
2026-10-01 18:28:40,154 - INFO - Prompt processing progress: 139264/209078
2026-10-01 18:28:41,031 - INFO - Prompt processing progress: 141312/209078
2026-10-01 18:28:41,910 - INFO - Prompt processing progress: 143360/209078
2026-10-01 18:28:42,798 - INFO - Prompt processing progress: 145408/209078
2026-10-01 18:28:43,697 - INFO - Prompt processing progress: 147456/209078
2026-10-01 18:28:44,608 - INFO - Prompt processing progress: 149504/209078
2026-10-01 18:28:45,524 - INFO - Prompt processing progress: 151552/209078
2026-10-01 18:28:46,464 - INFO - Prompt processing progress: 153600/209078
2026-10-01 18:28:47,401 - INFO - Prompt processing progress: 155648/209078
2026-10-01 18:28:48,350 - INFO - Prompt processing progress: 157696/209078
2026-10-01 18:28:49,306 - INFO - Prompt processing progress: 159744/209078
2026-10-01 18:28:50,269 - INFO - Prompt processing progress: 161792/209078
2026-10-01 18:28:51,252 - INFO - Prompt processing progress: 163840/209078
2026-10-01 18:28:52,247 - INFO - Prompt processing progress: 165888/209078
2026-10-01 18:28:53,251 - INFO - Prompt processing progress: 167936/209078
2026-10-01 18:28:54,256 - INFO - Prompt processing progress: 169984/209078
2026-10-01 18:28:55,280 - INFO - Prompt processing progress: 172032/209078
2026-10-01 18:28:56,307 - INFO - Prompt processing progress: 174080/209078
2026-10-01 18:28:57,348 - INFO - Prompt processing progress: 176128/209078
2026-10-01 18:28:58,397 - INFO - Prompt processing progress: 178176/209078
2026-10-01 18:28:59,459 - INFO - Prompt processing progress: 180224/209078
2026-10-01 18:29:00,525 - INFO - Prompt processing progress: 182272/209078
2026-10-01 18:29:01,599 - INFO - Prompt processing progress: 184320/209078
2026-10-01 18:29:02,691 - INFO - Prompt processing progress: 186368/209078
2026-10-01 18:29:03,788 - INFO - Prompt processing progress: 188416/209078
2026-10-01 18:29:04,902 - INFO - Prompt processing progress: 190464/209078
2026-10-01 18:29:06,014 - INFO - Prompt processing progress: 192512/209078
2026-10-01 18:29:07,140 - INFO - Prompt processing progress: 194560/209078
2026-10-01 18:29:08,278 - INFO - Prompt processing progress: 196608/209078
2026-10-01 18:29:09,418 - INFO - Prompt processing progress: 198656/209078
2026-10-01 18:29:10,578 - INFO - Prompt processing progress: 200704/209078
2026-10-01 18:29:11,746 - INFO - Prompt processing progress: 202752/209078
2026-10-01 18:29:12,924 - INFO - Prompt processing progress: 204800/209078
2026-10-01 18:29:14,117 - INFO - Prompt processing progress: 206848/209078
2026-10-01 18:29:15,299 - INFO - Prompt processing progress: 208896/209078
2026-10-01 18:29:15,664 - INFO - Prompt processing progress: 209077/209078
2026-10-01 18:29:15,703 - INFO - Prompt processing progress: 209078/209078
127.0.0.1 - - [01/Oct/2026 18:29:22] "POST /v1/chat/completions HTTP/1.1" 200 -
2026-10-01 18:29:22,622 - INFO - Prompt Cache: 1 sequences, 4.36 GB
2026-10-01 18:29:22,622 - INFO - - assistant: 1 sequences, 4.36 GB
2026-10-01 18:29:22,622 - INFO - - user: 0 sequences, 0.00 GB
2026-10-01 18:29:22,622 - INFO - - system: 0 sequences, 0.00 GB
2026-10-01 18:29:22,724 - INFO - Prompt processing progress: 0/209629
2026-10-01 18:29:22,943 - INFO - Prompt processing progress: 2048/209629
2026-10-01 18:29:23,165 - INFO - Prompt processing progress: 4096/209629
2026-10-01 18:29:23,395 - INFO - Prompt processing progress: 6144/209629
2026-10-01 18:29:23,629 - INFO - Prompt processing progress: 8192/209629
2026-10-01 18:29:23,876 - INFO - Prompt processing progress: 10240/209629
2026-10-01 18:29:24,131 - INFO - Prompt processing progress: 12288/209629
2026-10-01 18:29:24,397 - INFO - Prompt processing progress: 14336/209629
2026-10-01 18:29:24,671 - INFO - Prompt processing progress: 16384/209629
2026-10-01 18:29:24,954 - INFO - Prompt processing progress: 18432/209629
2026-10-01 18:29:25,246 - INFO - Prompt processing progress: 20480/209629
2026-10-01 18:29:25,549 - INFO - Prompt processing progress: 22528/209629
2026-10-01 18:29:25,861 - INFO - Prompt processing progress: 24576/209629
2026-10-01 18:29:26,184 - INFO - Prompt processing progress: 26624/209629
2026-10-01 18:29:26,516 - INFO - Prompt processing progress: 28672/209629
2026-10-01 18:29:26,857 - INFO - Prompt processing progress: 30720/209629
2026-10-01 18:29:27,208 - INFO - Prompt processing progress: 32768/209629
2026-10-01 18:29:27,567 - INFO - Prompt processing progress: 34816/209629
2026-10-01 18:29:27,937 - INFO - Prompt processing progress: 36864/209629
2026-10-01 18:29:28,316 - INFO - Prompt processing progress: 38912/209629
2026-10-01 18:29:28,706 - INFO - Prompt processing progress: 40960/209629
2026-10-01 18:29:29,106 - INFO - Prompt processing progress: 43008/209629
2026-10-01 18:29:29,515 - INFO - Prompt processing progress: 45056/209629
2026-10-01 18:29:29,933 - INFO - Prompt processing progress: 47104/209629
2026-10-01 18:29:30,363 - INFO - Prompt processing progress: 49152/209629
2026-10-01 18:29:30,801 - INFO - Prompt processing progress: 51200/209629
2026-10-01 18:29:31,251 - INFO - Prompt processing progress: 53248/209629
2026-10-01 18:29:31,711 - INFO - Prompt processing progress: 55296/209629
2026-10-01 18:29:32,180 - INFO - Prompt processing progress: 57344/209629
2026-10-01 18:29:32,657 - INFO - Prompt processing progress: 59392/209629
2026-10-01 18:29:33,146 - INFO - Prompt processing progress: 61440/209629
2026-10-01 18:29:33,645 - INFO - Prompt processing progress: 63488/209629
2026-10-01 18:29:34,154 - INFO - Prompt processing progress: 65536/209629
2026-10-01 18:29:34,672 - INFO - Prompt processing progress: 67584/209629
2026-10-01 18:29:35,201 - INFO - Prompt processing progress: 69632/209629
2026-10-01 18:29:35,740 - INFO - Prompt processing progress: 71680/209629
2026-10-01 18:29:36,287 - INFO - Prompt processing progress: 73728/209629
2026-10-01 18:29:36,846 - INFO - Prompt processing progress: 75776/209629
2026-10-01 18:29:37,415 - INFO - Prompt processing progress: 77824/209629
2026-10-01 18:29:37,993 - INFO - Prompt processing progress: 79872/209629
2026-10-01 18:29:38,581 - INFO - Prompt processing progress: 81920/209629
2026-10-01 18:29:39,181 - INFO - Prompt processing progress: 83968/209629
2026-10-01 18:29:39,790 - INFO - Prompt processing progress: 86016/209629
2026-10-01 18:29:40,408 - INFO - Prompt processing progress: 88064/209629
2026-10-01 18:29:41,036 - INFO - Prompt processing progress: 90112/209629
2026-10-01 18:29:41,675 - INFO - Prompt processing progress: 92160/209629
2026-10-01 18:29:42,323 - INFO - Prompt processing progress: 94208/209629
2026-10-01 18:29:42,978 - INFO - Prompt processing progress: 96256/209629
2026-10-01 18:29:43,644 - INFO - Prompt processing progress: 98304/209629
2026-10-01 18:29:44,321 - INFO - Prompt processing progress: 100352/209629
2026-10-01 18:29:45,010 - INFO - Prompt processing progress: 102400/209629
2026-10-01 18:29:45,707 - INFO - Prompt processing progress: 104448/209629
2026-10-01 18:29:46,416 - INFO - Prompt processing progress: 106496/209629
2026-10-01 18:29:47,135 - INFO - Prompt processing progress: 108544/209629
2026-10-01 18:29:47,863 - INFO - Prompt processing progress: 110592/209629
2026-10-01 18:29:48,600 - INFO - Prompt processing progress: 112640/209629
2026-10-01 18:29:49,347 - INFO - Prompt processing progress: 114688/209629
2026-10-01 18:29:50,106 - INFO - Prompt processing progress: 116736/209629
2026-10-01 18:29:50,878 - INFO - Prompt processing progress: 118784/209629
2026-10-01 18:29:51,653 - INFO - Prompt processing progress: 120832/209629
2026-10-01 18:29:52,440 - INFO - Prompt processing progress: 122880/209629
2026-10-01 18:29:53,239 - INFO - Prompt processing progress: 124928/209629
2026-10-01 18:29:54,046 - INFO - Prompt processing progress: 126976/209629
2026-10-01 18:29:54,863 - INFO - Prompt processing progress: 129024/209629
2026-10-01 18:29:55,685 - INFO - Prompt processing progress: 131072/209629
2026-10-01 18:29:56,515 - INFO - Prompt processing progress: 133120/209629
2026-10-01 18:29:57,359 - INFO - Prompt processing progress: 135168/209629
2026-10-01 18:29:58,217 - INFO - Prompt processing progress: 137216/209629
2026-10-01 18:29:59,083 - INFO - Prompt processing progress: 139264/209629
2026-10-01 18:29:59,961 - INFO - Prompt processing progress: 141312/209629
2026-10-01 18:30:00,849 - INFO - Prompt processing progress: 143360/209629
2026-10-01 18:30:01,744 - INFO - Prompt processing progress: 145408/209629
2026-10-01 18:30:02,650 - INFO - Prompt processing progress: 147456/209629
2026-10-01 18:30:03,568 - INFO - Prompt processing progress: 149504/209629
2026-10-01 18:30:04,495 - INFO - Prompt processing progress: 151552/209629
2026-10-01 18:30:05,434 - INFO - Prompt processing progress: 153600/209629
2026-10-01 18:30:06,381 - INFO - Prompt processing progress: 155648/209629
2026-10-01 18:30:07,340 - INFO - Prompt processing progress: 157696/209629
2026-10-01 18:30:08,307 - INFO - Prompt processing progress: 159744/209629
2026-10-01 18:30:09,289 - INFO - Prompt processing progress: 161792/209629
2026-10-01 18:30:10,276 - INFO - Prompt processing progress: 163840/209629
2026-10-01 18:30:11,274 - INFO - Prompt processing progress: 165888/209629
2026-10-01 18:30:12,288 - INFO - Prompt processing progress: 167936/209629
2026-10-01 18:30:13,309 - INFO - Prompt processing progress: 169984/209629
2026-10-01 18:30:14,338 - INFO - Prompt processing progress: 172032/209629
2026-10-01 18:30:15,378 - INFO - Prompt processing progress: 174080/209629
2026-10-01 18:30:16,428 - INFO - Prompt processing progress: 176128/209629
2026-10-01 18:30:17,484 - INFO - Prompt processing progress: 178176/209629
2026-10-01 18:30:18,546 - INFO - Prompt processing progress: 180224/209629
2026-10-01 18:30:19,611 - INFO - Prompt processing progress: 182272/209629
2026-10-01 18:30:20,680 - INFO - Prompt processing progress: 184320/209629
2026-10-01 18:30:21,766 - INFO - Prompt processing progress: 186368/209629
2026-10-01 18:30:22,853 - INFO - Prompt processing progress: 188416/209629
2026-10-01 18:30:23,953 - INFO - Prompt processing progress: 190464/209629
2026-10-01 18:30:25,071 - INFO - Prompt processing progress: 192512/209629
2026-10-01 18:30:26,187 - INFO - Prompt processing progress: 194560/209629
2026-10-01 18:30:27,314 - INFO - Prompt processing progress: 196608/209629
2026-10-01 18:30:28,451 - INFO - Prompt processing progress: 198656/209629
2026-10-01 18:30:29,603 - INFO - Prompt processing progress: 200704/209629
2026-10-01 18:30:30,761 - INFO - Prompt processing progress: 202752/209629
2026-10-01 18:30:31,934 - INFO - Prompt processing progress: 204800/209629
2026-10-01 18:30:33,114 - INFO - Prompt processing progress: 206848/209629
2026-10-01 18:30:34,306 - INFO - Prompt processing progress: 208896/209629
2026-10-01 18:30:35,098 - INFO - Prompt processing progress: 209628/209629
2026-10-01 18:30:35,138 - INFO - Prompt processing progress: 209629/209629
127.0.0.1 - - [01/Oct/2026 18:30:42] "POST /v1/chat/completions HTTP/1.1" 200 -
2026-10-01 18:30:42,098 - INFO - Prompt Cache: 1 sequences, 4.37 GB
2026-10-01 18:30:42,099 - INFO - - assistant: 1 sequences, 4.37 GB
2026-10-01 18:30:42,099 - INFO - - user: 0 sequences, 0.00 GB
2026-10-01 18:30:42,099 - INFO - - system: 0 sequences, 0.00 GB
2026-10-01 18:30:42,205 - INFO - Prompt processing progress: 0/210180
2026-10-01 18:30:42,426 - INFO - Prompt processing progress: 2048/210180
2026-10-01 18:30:42,656 - INFO - Prompt processing progress: 4096/210180
2026-10-01 18:30:42,890 - INFO - Prompt processing progress: 6144/210180
2026-10-01 18:30:43,135 - INFO - Prompt processing progress: 8192/210180
2026-10-01 18:30:43,390 - INFO - Prompt processing progress: 10240/210180
2026-10-01 18:30:43,653 - INFO - Prompt processing progress: 12288/210180
2026-10-01 18:30:43,926 - INFO - Prompt processing progress: 14336/210180
2026-10-01 18:30:44,209 - INFO - Prompt processing progress: 16384/210180
2026-10-01 18:30:44,500 - INFO - Prompt processing progress: 18432/210180
2026-10-01 18:30:44,800 - INFO - Prompt processing progress: 20480/210180
2026-10-01 18:30:45,110 - INFO - Prompt processing progress: 22528/210180
2026-10-01 18:30:45,428 - INFO - Prompt processing progress: 24576/210180
2026-10-01 18:30:45,756 - INFO - Prompt processing progress: 26624/210180
2026-10-01 18:30:46,099 - INFO - Prompt processing progress: 28672/210180
2026-10-01 18:30:46,447 - INFO - Prompt processing progress: 30720/210180
2026-10-01 18:30:46,806 - INFO - Prompt processing progress: 32768/210180
2026-10-01 18:30:47,170 - INFO - Prompt processing progress: 34816/210180
2026-10-01 18:30:47,548 - INFO - Prompt processing progress: 36864/210180
2026-10-01 18:30:47,932 - INFO - Prompt processing progress: 38912/210180
2026-10-01 18:30:48,329 - INFO - Prompt processing progress: 40960/210180
2026-10-01 18:30:48,733 - INFO - Prompt processing progress: 43008/210180
2026-10-01 18:30:49,146 - INFO - Prompt processing progress: 45056/210180
2026-10-01 18:30:49,570 - INFO - Prompt processing progress: 47104/210180
2026-10-01 18:30:50,004 - INFO - Prompt processing progress: 49152/210180
2026-10-01 18:30:50,449 - INFO - Prompt processing progress: 51200/210180
2026-10-01 18:30:50,906 - INFO - Prompt processing progress: 53248/210180
2026-10-01 18:30:51,372 - INFO - Prompt processing progress: 55296/210180
2026-10-01 18:30:51,844 - INFO - Prompt processing progress: 57344/210180
2026-10-01 18:30:52,326 - INFO - Prompt processing progress: 59392/210180
2026-10-01 18:30:52,820 - INFO - Prompt processing progress: 61440/210180
2026-10-01 18:30:53,320 - INFO - Prompt processing progress: 63488/210180
2026-10-01 18:30:53,831 - INFO - Prompt processing progress: 65536/210180
2026-10-01 18:30:54,353 - INFO - Prompt processing progress: 67584/210180
2026-10-01 18:30:54,888 - INFO - Prompt processing progress: 69632/210180
2026-10-01 18:30:55,428 - INFO - Prompt processing progress: 71680/210180
2026-10-01 18:30:55,979 - INFO - Prompt processing progress: 73728/210180
2026-10-01 18:30:56,538 - INFO - Prompt processing progress: 75776/210180
2026-10-01 18:30:57,108 - INFO - Prompt processing progress: 77824/210180
2026-10-01 18:30:57,689 - INFO - Prompt processing progress: 79872/210180
2026-10-01 18:30:58,284 - INFO - Prompt processing progress: 81920/210180
2026-10-01 18:30:58,886 - INFO - Prompt processing progress: 83968/210180
2026-10-01 18:30:59,497 - INFO - Prompt processing progress: 86016/210180
2026-10-01 18:31:00,117 - INFO - Prompt processing progress: 88064/210180
2026-10-01 18:31:00,746 - INFO - Prompt processing progress: 90112/210180
2026-10-01 18:31:01,385 - INFO - Prompt processing progress: 92160/210180
2026-10-01 18:31:02,034 - INFO - Prompt processing progress: 94208/210180
2026-10-01 18:31:02,692 - INFO - Prompt processing progress: 96256/210180
2026-10-01 18:31:03,360 - INFO - Prompt processing progress: 98304/210180
2026-10-01 18:31:04,041 - INFO - Prompt processing progress: 100352/210180
2026-10-01 18:31:04,727 - INFO - Prompt processing progress: 102400/210180
2026-10-01 18:31:05,424 - INFO - Prompt processing progress: 104448/210180
2026-10-01 18:31:06,135 - INFO - Prompt processing progress: 106496/210180
2026-10-01 18:31:06,856 - INFO - Prompt processing progress: 108544/210180
2026-10-01 18:31:07,586 - INFO - Prompt processing progress: 110592/210180
2026-10-01 18:31:08,316 - INFO - Prompt processing progress: 112640/210180
2026-10-01 18:31:09,054 - INFO - Prompt processing progress: 114688/210180
2026-10-01 18:31:09,809 - INFO - Prompt processing progress: 116736/210180
2026-10-01 18:31:10,579 - INFO - Prompt processing progress: 118784/210180
2026-10-01 18:31:11,351 - INFO - Prompt processing progress: 120832/210180
2026-10-01 18:31:12,127 - INFO - Prompt processing progress: 122880/210180
2026-10-01 18:31:12,914 - INFO - Prompt processing progress: 124928/210180
2026-10-01 18:31:13,716 - INFO - Prompt processing progress: 126976/210180
2026-10-01 18:31:14,527 - INFO - Prompt processing progress: 129024/210180
2026-10-01 18:31:15,345 - INFO - Prompt processing progress: 131072/210180
2026-10-01 18:31:16,180 - INFO - Prompt processing progress: 133120/210180
2026-10-01 18:31:17,016 - INFO - Prompt processing progress: 135168/210180
2026-10-01 18:31:17,865 - INFO - Prompt processing progress: 137216/210180
2026-10-01 18:31:18,721 - INFO - Prompt processing progress: 139264/210180
2026-10-01 18:31:19,587 - INFO - Prompt processing progress: 141312/210180
2026-10-01 18:31:20,461 - INFO - Prompt processing progress: 143360/210180
2026-10-01 18:31:21,345 - INFO - Prompt processing progress: 145408/210180
2026-10-01 18:31:22,236 - INFO - Prompt processing progress: 147456/210180
2026-10-01 18:31:23,141 - INFO - Prompt processing progress: 149504/210180
2026-10-01 18:31:24,050 - INFO - Prompt processing progress: 151552/210180
2026-10-01 18:31:24,983 - INFO - Prompt processing progress: 153600/210180
2026-10-01 18:31:25,906 - INFO - Prompt processing progress: 155648/210180
2026-10-01 18:31:26,838 - INFO - Prompt processing progress: 157696/210180
2026-10-01 18:31:27,788 - INFO - Prompt processing progress: 159744/210180
2026-10-01 18:31:28,760 - INFO - Prompt processing progress: 161792/210180
2026-10-01 18:31:29,749 - INFO - Prompt processing progress: 163840/210180
2026-10-01 18:31:30,734 - INFO - Prompt processing progress: 165888/210180
2026-10-01 18:31:31,740 - INFO - Prompt processing progress: 167936/210180
2026-10-01 18:31:32,756 - INFO - Prompt processing progress: 169984/210180
2026-10-01 18:31:33,783 - INFO - Prompt processing progress: 172032/210180
2026-10-01 18:31:34,819 - INFO - Prompt processing progress: 174080/210180
2026-10-01 18:31:35,860 - INFO - Prompt processing progress: 176128/210180
2026-10-01 18:31:36,920 - INFO - Prompt processing progress: 178176/210180
2026-10-01 18:31:37,983 - INFO - Prompt processing progress: 180224/210180
2026-10-01 18:31:39,056 - INFO - Prompt processing progress: 182272/210180
2026-10-01 18:31:40,142 - INFO - Prompt processing progress: 184320/210180
2026-10-01 18:31:41,237 - INFO - Prompt processing progress: 186368/210180
2026-10-01 18:31:42,342 - INFO - Prompt processing progress: 188416/210180
2026-10-01 18:31:43,455 - INFO - Prompt processing progress: 190464/210180
2026-10-01 18:31:44,584 - INFO - Prompt processing progress: 192512/210180
2026-10-01 18:31:45,726 - INFO - Prompt processing progress: 194560/210180
2026-10-01 18:31:46,875 - INFO - Prompt processing progress: 196608/210180
2026-10-01 18:31:48,031 - INFO - Prompt processing progress: 198656/210180
2026-10-01 18:31:49,201 - INFO - Prompt processing progress: 200704/210180
2026-10-01 18:31:50,376 - INFO - Prompt processing progress: 202752/210180
2026-10-01 18:31:51,561 - INFO - Prompt processing progress: 204800/210180
2026-10-01 18:31:52,757 - INFO - Prompt processing progress: 206848/210180
2026-10-01 18:31:53,961 - INFO - Prompt processing progress: 208896/210180
2026-10-01 18:31:54,859 - INFO - Prompt processing progress: 210179/210180
2026-10-01 18:31:54,892 - INFO - Prompt processing progress: 210180/210180
127.0.0.1 - - [01/Oct/2026 18:32:01] "POST /v1/chat/completions HTTP/1.1" 200 -
2026-10-01 18:32:01,772 - INFO - Prompt Cache: 1 sequences, 4.38 GB
2026-10-01 18:32:01,772 - INFO - - assistant: 1 sequences, 4.38 GB
2026-10-01 18:32:01,772 - INFO - - user: 0 sequences, 0.00 GB
2026-10-01 18:32:01,772 - INFO - - system: 0 sequences, 0.00 GB
2026-10-01 18:32:01,873 - INFO - Prompt processing progress: 0/210731
2026-10-01 18:32:02,090 - INFO - Prompt processing progress: 2048/210731
2026-10-01 18:32:02,313 - INFO - Prompt processing progress: 4096/210731
2026-10-01 18:32:02,541 - INFO - Prompt processing progress: 6144/210731
2026-10-01 18:32:02,777 - INFO - Prompt processing progress: 8192/210731
2026-10-01 18:32:03,022 - INFO - Prompt processing progress: 10240/210731
2026-10-01 18:32:03,278 - INFO - Prompt processing progress: 12288/210731
2026-10-01 18:32:03,544 - INFO - Prompt processing progress: 14336/210731
2026-10-01 18:32:03,818 - INFO - Prompt processing progress: 16384/210731
2026-10-01 18:32:04,101 - INFO - Prompt processing progress: 18432/210731
2026-10-01 18:32:04,394 - INFO - Prompt processing progress: 20480/210731
2026-10-01 18:32:04,696 - INFO - Prompt processing progress: 22528/210731
2026-10-01 18:32:05,008 - INFO - Prompt processing progress: 24576/210731
2026-10-01 18:32:05,330 - INFO - Prompt processing progress: 26624/210731
2026-10-01 18:32:05,661 - INFO - Prompt processing progress: 28672/210731
2026-10-01 18:32:06,002 - INFO - Prompt processing progress: 30720/210731
2026-10-01 18:32:06,353 - INFO - Prompt processing progress: 32768/210731
2026-10-01 18:32:06,713 - INFO - Prompt processing progress: 34816/210731
2026-10-01 18:32:07,081 - INFO - Prompt processing progress: 36864/210731
2026-10-01 18:32:07,460 - INFO - Prompt processing progress: 38912/210731
2026-10-01 18:32:07,849 - INFO - Prompt processing progress: 40960/210731
2026-10-01 18:32:08,247 - INFO - Prompt processing progress: 43008/210731
2026-10-01 18:32:08,655 - INFO - Prompt processing progress: 45056/210731
2026-10-01 18:32:09,075 - INFO - Prompt processing progress: 47104/210731
2026-10-01 18:32:09,502 - INFO - Prompt processing progress: 49152/210731
2026-10-01 18:32:09,942 - INFO - Prompt processing progress: 51200/210731
2026-10-01 18:32:10,390 - INFO - Prompt processing progress: 53248/210731
2026-10-01 18:32:10,849 - INFO - Prompt processing progress: 55296/210731
2026-10-01 18:32:11,317 - INFO - Prompt processing progress: 57344/210731
2026-10-01 18:32:11,795 - INFO - Prompt processing progress: 59392/210731
2026-10-01 18:32:12,285 - INFO - Prompt processing progress: 61440/210731
2026-10-01 18:32:12,784 - INFO - Prompt processing progress: 63488/210731
2026-10-01 18:32:13,292 - INFO - Prompt processing progress: 65536/210731
2026-10-01 18:32:13,809 - INFO - Prompt processing progress: 67584/210731
2026-10-01 18:32:14,338 - INFO - Prompt processing progress: 69632/210731
2026-10-01 18:32:14,873 - INFO - Prompt processing progress: 71680/210731
2026-10-01 18:32:15,422 - INFO - Prompt processing progress: 73728/210731
2026-10-01 18:32:15,980 - INFO - Prompt processing progress: 75776/210731
2026-10-01 18:32:16,547 - INFO - Prompt processing progress: 77824/210731
2026-10-01 18:32:17,126 - INFO - Prompt processing progress: 79872/210731
2026-10-01 18:32:17,714 - INFO - Prompt processing progress: 81920/210731
2026-10-01 18:32:18,314 - INFO - Prompt processing progress: 83968/210731
2026-10-01 18:32:18,922 - INFO - Prompt processing progress: 86016/210731
2026-10-01 18:32:19,540 - INFO - Prompt processing progress: 88064/210731
2026-10-01 18:32:20,168 - INFO - Prompt processing progress: 90112/210731
2026-10-01 18:32:20,807 - INFO - Prompt processing progress: 92160/210731
2026-10-01 18:32:21,456 - INFO - Prompt processing progress: 94208/210731
2026-10-01 18:32:22,111 - INFO - Prompt processing progress: 96256/210731
2026-10-01 18:32:22,776 - INFO - Prompt processing progress: 98304/210731
2026-10-01 18:32:23,455 - INFO - Prompt processing progress: 100352/210731
2026-10-01 18:32:24,142 - INFO - Prompt processing progress: 102400/210731
2026-10-01 18:32:24,842 - INFO - Prompt processing progress: 104448/210731
2026-10-01 18:32:25,546 - INFO - Prompt processing progress: 106496/210731
2026-10-01 18:32:26,261 - INFO - Prompt processing progress: 108544/210731
2026-10-01 18:32:26,986 - INFO - Prompt processing progress: 110592/210731
2026-10-01 18:32:27,722 - INFO - Prompt processing progress: 112640/210731
2026-10-01 18:32:28,469 - INFO - Prompt processing progress: 114688/210731
2026-10-01 18:32:29,228 - INFO - Prompt processing progress: 116736/210731
2026-10-01 18:32:29,993 - INFO - Prompt processing progress: 118784/210731
2026-10-01 18:32:30,768 - INFO - Prompt processing progress: 120832/210731
2026-10-01 18:32:31,551 - INFO - Prompt processing progress: 122880/210731
2026-10-01 18:32:32,348 - INFO - Prompt processing progress: 124928/210731
2026-10-01 18:32:33,157 - INFO - Prompt processing progress: 126976/210731
2026-10-01 18:32:33,973 - INFO - Prompt processing progress: 129024/210731
2026-10-01 18:32:34,794 - INFO - Prompt processing progress: 131072/210731
2026-10-01 18:32:35,631 - INFO - Prompt processing progress: 133120/210731
2026-10-01 18:32:36,477 - INFO - Prompt processing progress: 135168/210731
2026-10-01 18:32:37,328 - INFO - Prompt processing progress: 137216/210731
2026-10-01 18:32:38,196 - INFO - Prompt processing progress: 139264/210731
2026-10-01 18:32:39,069 - INFO - Prompt processing progress: 141312/210731
2026-10-01 18:32:39,956 - INFO - Prompt processing progress: 143360/210731
2026-10-01 18:32:40,849 - INFO - Prompt processing progress: 145408/210731
2026-10-01 18:32:41,756 - INFO - Prompt processing progress: 147456/210731
2026-10-01 18:32:42,668 - INFO - Prompt processing progress: 149504/210731
2026-10-01 18:32:43,591 - INFO - Prompt processing progress: 151552/210731
2026-10-01 18:32:44,526 - INFO - Prompt processing progress: 153600/210731
2026-10-01 18:32:45,469 - INFO - Prompt processing progress: 155648/210731
2026-10-01 18:32:46,426 - INFO - Prompt processing progress: 157696/210731
2026-10-01 18:32:47,390 - INFO - Prompt processing progress: 159744/210731
2026-10-01 18:32:48,367 - INFO - Prompt processing progress: 161792/210731
2026-10-01 18:32:49,355 - INFO - Prompt processing progress: 163840/210731
2026-10-01 18:32:50,348 - INFO - Prompt processing progress: 165888/210731
2026-10-01 18:32:51,352 - INFO - Prompt processing progress: 167936/210731
2026-10-01 18:32:52,367 - INFO - Prompt processing progress: 169984/210731
2026-10-01 18:32:53,392 - INFO - Prompt processing progress: 172032/210731
2026-10-01 18:32:54,427 - INFO - Prompt processing progress: 174080/210731
2026-10-01 18:32:55,472 - INFO - Prompt processing progress: 176128/210731
2026-10-01 18:32:56,525 - INFO - Prompt processing progress: 178176/210731
2026-10-01 18:32:57,588 - INFO - Prompt processing progress: 180224/210731
2026-10-01 18:32:58,633 - INFO - Prompt processing progress: 182272/210731
2026-10-01 18:32:59,721 - INFO - Prompt processing progress: 184320/210731
2026-10-01 18:33:00,813 - INFO - Prompt processing progress: 186368/210731
2026-10-01 18:33:01,918 - INFO - Prompt processing progress: 188416/210731
2026-10-01 18:33:03,038 - INFO - Prompt processing progress: 190464/210731
2026-10-01 18:33:04,157 - INFO - Prompt processing progress: 192512/210731
2026-10-01 18:33:05,296 - INFO - Prompt processing progress: 194560/210731
2026-10-01 18:33:06,443 - INFO - Prompt processing progress: 196608/210731
2026-10-01 18:33:07,596 - INFO - Prompt processing progress: 198656/210731
2026-10-01 18:33:08,762 - INFO - Prompt processing progress: 200704/210731
2026-10-01 18:33:09,940 - INFO - Prompt processing progress: 202752/210731
2026-10-01 18:33:11,126 - INFO - Prompt processing progress: 204800/210731
2026-10-01 18:33:12,327 - INFO - Prompt processing progress: 206848/210731
2026-10-01 18:33:13,527 - INFO - Prompt processing progress: 208896/210731
2026-10-01 18:33:14,492 - INFO - Prompt processing progress: 210730/210731
2026-10-01 18:33:14,526 - INFO - Prompt processing progress: 210731/210731
