<M5_REPO>/.venv/lib/python3.12/site-packages/mlx_lm/server.py:1723: UserWarning: mlx_lm.server is not recommended for production as it only implements basic security checks.
  warnings.warn(
2026-10-03 03:47:40,749 - INFO - Starting httpd at 127.0.0.1 on port 18185...
127.0.0.1 - - [03/Oct/2026 03:47:41] "GET /v1/models HTTP/1.1" 200 -
127.0.0.1 - - [03/Oct/2026 03:47:47] "POST /v1/chat/completions HTTP/1.1" 200 -
2026-10-03 03:47:47,850 - INFO - Prompt Cache: 0 sequences, 0.00 GB
2026-10-03 03:47:47,851 - INFO - - assistant: 0 sequences, 0.00 GB
2026-10-03 03:47:47,851 - INFO - - user: 0 sequences, 0.00 GB
2026-10-03 03:47:47,851 - INFO - - system: 0 sequences, 0.00 GB
2026-10-03 03:47:47,936 - INFO - Prompt processing progress: 0/200021
2026-10-03 03:47:49,232 - INFO - Prompt processing progress: 2048/200021
2026-10-03 03:47:50,401 - INFO - Prompt processing progress: 4096/200021
2026-10-03 03:47:51,590 - INFO - Prompt processing progress: 6144/200021
2026-10-03 03:47:52,801 - INFO - Prompt processing progress: 8192/200021
2026-10-03 03:47:54,032 - INFO - Prompt processing progress: 10240/200021
2026-10-03 03:47:55,284 - INFO - Prompt processing progress: 12288/200021
2026-10-03 03:47:56,557 - INFO - Prompt processing progress: 14336/200021
2026-10-03 03:47:57,849 - INFO - Prompt processing progress: 16384/200021
2026-10-03 03:47:59,160 - INFO - Prompt processing progress: 18432/200021
2026-10-03 03:48:00,491 - INFO - Prompt processing progress: 20480/200021
2026-10-03 03:48:01,845 - INFO - Prompt processing progress: 22528/200021
2026-10-03 03:48:03,218 - INFO - Prompt processing progress: 24576/200021
2026-10-03 03:48:04,617 - INFO - Prompt processing progress: 26624/200021
2026-10-03 03:48:06,032 - INFO - Prompt processing progress: 28672/200021
2026-10-03 03:48:07,466 - INFO - Prompt processing progress: 30720/200021
2026-10-03 03:48:08,924 - INFO - Prompt processing progress: 32768/200021
2026-10-03 03:48:10,399 - INFO - Prompt processing progress: 34816/200021
2026-10-03 03:48:11,899 - INFO - Prompt processing progress: 36864/200021
2026-10-03 03:48:13,418 - INFO - Prompt processing progress: 38912/200021
2026-10-03 03:48:14,956 - INFO - Prompt processing progress: 40960/200021
2026-10-03 03:48:16,519 - INFO - Prompt processing progress: 43008/200021
2026-10-03 03:48:18,102 - INFO - Prompt processing progress: 45056/200021
2026-10-03 03:48:19,700 - INFO - Prompt processing progress: 47104/200021
2026-10-03 03:48:21,317 - INFO - Prompt processing progress: 49152/200021
2026-10-03 03:48:22,953 - INFO - Prompt processing progress: 51200/200021
2026-10-03 03:48:24,609 - INFO - Prompt processing progress: 53248/200021
2026-10-03 03:48:26,288 - INFO - Prompt processing progress: 55296/200021
2026-10-03 03:48:27,989 - INFO - Prompt processing progress: 57344/200021
2026-10-03 03:48:29,704 - INFO - Prompt processing progress: 59392/200021
2026-10-03 03:48:31,446 - INFO - Prompt processing progress: 61440/200021
2026-10-03 03:48:33,203 - INFO - Prompt processing progress: 63488/200021
2026-10-03 03:48:34,982 - INFO - Prompt processing progress: 65536/200021
2026-10-03 03:48:36,786 - INFO - Prompt processing progress: 67584/200021
2026-10-03 03:48:38,604 - INFO - Prompt processing progress: 69632/200021
2026-10-03 03:48:40,454 - INFO - Prompt processing progress: 71680/200021
2026-10-03 03:48:42,317 - INFO - Prompt processing progress: 73728/200021
2026-10-03 03:48:44,196 - INFO - Prompt processing progress: 75776/200021
2026-10-03 03:48:46,103 - INFO - Prompt processing progress: 77824/200021
2026-10-03 03:48:48,025 - INFO - Prompt processing progress: 79872/200021
2026-10-03 03:48:49,967 - INFO - Prompt processing progress: 81920/200021
2026-10-03 03:48:51,933 - INFO - Prompt processing progress: 83968/200021
2026-10-03 03:48:53,916 - INFO - Prompt processing progress: 86016/200021
2026-10-03 03:48:55,924 - INFO - Prompt processing progress: 88064/200021
2026-10-03 03:48:57,967 - INFO - Prompt processing progress: 90112/200021
2026-10-03 03:49:00,018 - INFO - Prompt processing progress: 92160/200021
2026-10-03 03:49:02,091 - INFO - Prompt processing progress: 94208/200021
2026-10-03 03:49:04,184 - INFO - Prompt processing progress: 96256/200021
2026-10-03 03:49:06,302 - INFO - Prompt processing progress: 98304/200021
2026-10-03 03:49:08,433 - INFO - Prompt processing progress: 100352/200021
2026-10-03 03:49:10,587 - INFO - Prompt processing progress: 102400/200021
2026-10-03 03:49:12,764 - INFO - Prompt processing progress: 104448/200021
2026-10-03 03:49:14,969 - INFO - Prompt processing progress: 106496/200021
2026-10-03 03:49:17,197 - INFO - Prompt processing progress: 108544/200021
2026-10-03 03:49:19,431 - INFO - Prompt processing progress: 110592/200021
2026-10-03 03:49:21,681 - INFO - Prompt processing progress: 112640/200021
2026-10-03 03:49:23,957 - INFO - Prompt processing progress: 114688/200021
2026-10-03 03:49:26,260 - INFO - Prompt processing progress: 116736/200021
2026-10-03 03:49:28,589 - INFO - Prompt processing progress: 118784/200021
2026-10-03 03:49:30,932 - INFO - Prompt processing progress: 120832/200021
2026-10-03 03:49:33,289 - INFO - Prompt processing progress: 122880/200021
2026-10-03 03:49:35,680 - INFO - Prompt processing progress: 124928/200021
2026-10-03 03:49:38,078 - INFO - Prompt processing progress: 126976/200021
2026-10-03 03:49:40,500 - INFO - Prompt processing progress: 129024/200021
2026-10-03 03:49:42,957 - INFO - Prompt processing progress: 131072/200021
2026-10-03 03:49:45,421 - INFO - Prompt processing progress: 133120/200021
2026-10-03 03:49:47,920 - INFO - Prompt processing progress: 135168/200021
2026-10-03 03:49:50,419 - INFO - Prompt processing progress: 137216/200021
2026-10-03 03:49:52,950 - INFO - Prompt processing progress: 139264/200021
2026-10-03 03:49:55,494 - INFO - Prompt processing progress: 141312/200021
2026-10-03 03:49:58,061 - INFO - Prompt processing progress: 143360/200021
2026-10-03 03:50:00,652 - INFO - Prompt processing progress: 145408/200021
2026-10-03 03:50:03,266 - INFO - Prompt processing progress: 147456/200021
2026-10-03 03:50:05,903 - INFO - Prompt processing progress: 149504/200021
2026-10-03 03:50:08,559 - INFO - Prompt processing progress: 151552/200021
2026-10-03 03:50:11,217 - INFO - Prompt processing progress: 153600/200021
2026-10-03 03:50:13,916 - INFO - Prompt processing progress: 155648/200021
2026-10-03 03:50:16,624 - INFO - Prompt processing progress: 157696/200021
2026-10-03 03:50:19,354 - INFO - Prompt processing progress: 159744/200021
2026-10-03 03:50:22,103 - INFO - Prompt processing progress: 161792/200021
2026-10-03 03:50:24,879 - INFO - Prompt processing progress: 163840/200021
2026-10-03 03:50:27,682 - INFO - Prompt processing progress: 165888/200021
2026-10-03 03:50:30,487 - INFO - Prompt processing progress: 167936/200021
2026-10-03 03:50:33,325 - INFO - Prompt processing progress: 169984/200021
2026-10-03 03:50:36,188 - INFO - Prompt processing progress: 172032/200021
2026-10-03 03:50:39,079 - INFO - Prompt processing progress: 174080/200021
2026-10-03 03:50:41,972 - INFO - Prompt processing progress: 176128/200021
2026-10-03 03:50:44,889 - INFO - Prompt processing progress: 178176/200021
2026-10-03 03:50:47,842 - INFO - Prompt processing progress: 180224/200021
2026-10-03 03:50:50,816 - INFO - Prompt processing progress: 182272/200021
2026-10-03 03:50:53,793 - INFO - Prompt processing progress: 184320/200021
2026-10-03 03:50:56,803 - INFO - Prompt processing progress: 186368/200021
2026-10-03 03:50:59,832 - INFO - Prompt processing progress: 188416/200021
2026-10-03 03:51:02,882 - INFO - Prompt processing progress: 190464/200021
2026-10-03 03:51:05,949 - INFO - Prompt processing progress: 192512/200021
2026-10-03 03:51:09,026 - INFO - Prompt processing progress: 194560/200021
2026-10-03 03:51:12,154 - INFO - Prompt processing progress: 196608/200021
2026-10-03 03:51:15,283 - INFO - Prompt processing progress: 198656/200021
2026-10-03 03:51:17,689 - INFO - Prompt processing progress: 200020/200021
2026-10-03 03:51:17,796 - INFO - Prompt processing progress: 200021/200021
127.0.0.1 - - [03/Oct/2026 03:51:18] "POST /v1/chat/completions HTTP/1.1" 200 -
2026-10-03 03:51:18,647 - INFO - Prompt Cache: 1 sequences, 13.27 GB
2026-10-03 03:51:18,647 - INFO - - assistant: 1 sequences, 13.27 GB
2026-10-03 03:51:18,647 - INFO - - user: 0 sequences, 0.00 GB
2026-10-03 03:51:18,647 - INFO - - system: 0 sequences, 0.00 GB
2026-10-03 03:51:18,744 - INFO - Prompt processing progress: 0/3645
2026-10-03 03:51:22,055 - INFO - Prompt processing progress: 2048/3645
2026-10-03 03:51:24,814 - INFO - Prompt processing progress: 3644/3645
2026-10-03 03:51:24,925 - INFO - Prompt processing progress: 3645/3645
127.0.0.1 - - [03/Oct/2026 03:51:25] "POST /v1/chat/completions HTTP/1.1" 200 -
2026-10-03 03:51:25,731 - INFO - Prompt Cache: 1 sequences, 13.52 GB
2026-10-03 03:51:25,731 - INFO - - assistant: 1 sequences, 13.52 GB
2026-10-03 03:51:25,731 - INFO - - user: 0 sequences, 0.00 GB
2026-10-03 03:51:25,731 - INFO - - system: 0 sequences, 0.00 GB
2026-10-03 03:51:25,828 - INFO - Prompt processing progress: 0/3515
2026-10-03 03:51:29,198 - INFO - Prompt processing progress: 2048/3515
2026-10-03 03:51:31,726 - INFO - Prompt processing progress: 3514/3515
2026-10-03 03:51:31,822 - INFO - Prompt processing progress: 3515/3515
127.0.0.1 - - [03/Oct/2026 03:51:32] "POST /v1/chat/completions HTTP/1.1" 200 -
2026-10-03 03:51:32,676 - INFO - Prompt Cache: 1 sequences, 13.74 GB
2026-10-03 03:51:32,676 - INFO - - assistant: 1 sequences, 13.74 GB
2026-10-03 03:51:32,676 - INFO - - user: 0 sequences, 0.00 GB
2026-10-03 03:51:32,676 - INFO - - system: 0 sequences, 0.00 GB
2026-10-03 03:51:32,794 - INFO - Prompt processing progress: 0/823
2026-10-03 03:51:35,143 - INFO - Prompt processing progress: 822/823
2026-10-03 03:51:35,251 - INFO - Prompt processing progress: 823/823
127.0.0.1 - - [03/Oct/2026 03:51:42] "POST /v1/chat/completions HTTP/1.1" 200 -
2026-10-03 03:51:42,987 - INFO - Prompt Cache: 1 sequences, 13.80 GB
2026-10-03 03:51:42,987 - INFO - - assistant: 1 sequences, 13.80 GB
2026-10-03 03:51:42,987 - INFO - - user: 0 sequences, 0.00 GB
2026-10-03 03:51:42,987 - INFO - - system: 0 sequences, 0.00 GB
2026-10-03 03:51:43,084 - INFO - Prompt processing progress: 0/25
2026-10-03 03:51:43,356 - INFO - Prompt processing progress: 24/25
2026-10-03 03:51:43,453 - INFO - Prompt processing progress: 25/25
