<M5_REPO>/.venv/lib/python3.12/site-packages/mlx_lm/server.py:1723: UserWarning: mlx_lm.server is not recommended for production as it only implements basic security checks.
  warnings.warn(
2026-10-02 23:01:52,216 - INFO - Starting httpd at 127.0.0.1 on port 18185...
127.0.0.1 - - [02/Oct/2026 23:01:52] "GET /v1/models HTTP/1.1" 200 -
127.0.0.1 - - [02/Oct/2026 23:02:01] "POST /v1/chat/completions HTTP/1.1" 200 -
2026-10-02 23:02:01,802 - INFO - Prompt Cache: 0 sequences, 0.00 GB
2026-10-02 23:02:01,802 - INFO - - assistant: 0 sequences, 0.00 GB
2026-10-02 23:02:01,802 - INFO - - user: 0 sequences, 0.00 GB
2026-10-02 23:02:01,802 - INFO - - system: 0 sequences, 0.00 GB
2026-10-02 23:02:01,901 - INFO - Prompt processing progress: 0/200010
2026-10-02 23:02:03,478 - INFO - Prompt processing progress: 2048/200010
2026-10-02 23:02:04,997 - INFO - Prompt processing progress: 4096/200010
2026-10-02 23:02:06,540 - INFO - Prompt processing progress: 6144/200010
2026-10-02 23:02:08,115 - INFO - Prompt processing progress: 8192/200010
2026-10-02 23:02:09,722 - INFO - Prompt processing progress: 10240/200010
2026-10-02 23:02:11,368 - INFO - Prompt processing progress: 12288/200010
2026-10-02 23:02:13,045 - INFO - Prompt processing progress: 14336/200010
2026-10-02 23:02:14,758 - INFO - Prompt processing progress: 16384/200010
2026-10-02 23:02:16,503 - INFO - Prompt processing progress: 18432/200010
2026-10-02 23:02:18,285 - INFO - Prompt processing progress: 20480/200010
2026-10-02 23:02:20,104 - INFO - Prompt processing progress: 22528/200010
2026-10-02 23:02:21,951 - INFO - Prompt processing progress: 24576/200010
2026-10-02 23:02:23,839 - INFO - Prompt processing progress: 26624/200010
2026-10-02 23:02:25,750 - INFO - Prompt processing progress: 28672/200010
2026-10-02 23:02:27,696 - INFO - Prompt processing progress: 30720/200010
2026-10-02 23:02:29,682 - INFO - Prompt processing progress: 32768/200010
2026-10-02 23:02:31,694 - INFO - Prompt processing progress: 34816/200010
2026-10-02 23:02:33,752 - INFO - Prompt processing progress: 36864/200010
2026-10-02 23:02:35,843 - INFO - Prompt processing progress: 38912/200010
2026-10-02 23:02:37,970 - INFO - Prompt processing progress: 40960/200010
2026-10-02 23:02:40,134 - INFO - Prompt processing progress: 43008/200010
2026-10-02 23:02:42,331 - INFO - Prompt processing progress: 45056/200010
2026-10-02 23:02:44,572 - INFO - Prompt processing progress: 47104/200010
2026-10-02 23:02:46,840 - INFO - Prompt processing progress: 49152/200010
2026-10-02 23:02:49,139 - INFO - Prompt processing progress: 51200/200010
2026-10-02 23:02:51,485 - INFO - Prompt processing progress: 53248/200010
2026-10-02 23:02:53,867 - INFO - Prompt processing progress: 55296/200010
2026-10-02 23:02:56,266 - INFO - Prompt processing progress: 57344/200010
2026-10-02 23:02:58,714 - INFO - Prompt processing progress: 59392/200010
2026-10-02 23:03:01,209 - INFO - Prompt processing progress: 61440/200010
2026-10-02 23:03:03,730 - INFO - Prompt processing progress: 63488/200010
2026-10-02 23:03:06,287 - INFO - Prompt processing progress: 65536/200010
2026-10-02 23:03:08,889 - INFO - Prompt processing progress: 67584/200010
2026-10-02 23:03:11,514 - INFO - Prompt processing progress: 69632/200010
2026-10-02 23:03:14,171 - INFO - Prompt processing progress: 71680/200010
2026-10-02 23:03:16,874 - INFO - Prompt processing progress: 73728/200010
2026-10-02 23:03:19,613 - INFO - Prompt processing progress: 75776/200010
2026-10-02 23:03:22,383 - INFO - Prompt processing progress: 77824/200010
2026-10-02 23:03:25,198 - INFO - Prompt processing progress: 79872/200010
2026-10-02 23:03:28,044 - INFO - Prompt processing progress: 81920/200010
2026-10-02 23:03:30,934 - INFO - Prompt processing progress: 83968/200010
2026-10-02 23:03:33,842 - INFO - Prompt processing progress: 86016/200010
2026-10-02 23:03:36,790 - INFO - Prompt processing progress: 88064/200010
2026-10-02 23:03:39,770 - INFO - Prompt processing progress: 90112/200010
2026-10-02 23:03:42,803 - INFO - Prompt processing progress: 92160/200010
2026-10-02 23:03:45,881 - INFO - Prompt processing progress: 94208/200010
2026-10-02 23:03:48,987 - INFO - Prompt processing progress: 96256/200010
2026-10-02 23:03:52,112 - INFO - Prompt processing progress: 98304/200010
2026-10-02 23:03:55,287 - INFO - Prompt processing progress: 100352/200010
2026-10-02 23:03:58,485 - INFO - Prompt processing progress: 102400/200010
2026-10-02 23:04:01,734 - INFO - Prompt processing progress: 104448/200010
2026-10-02 23:04:04,990 - INFO - Prompt processing progress: 106496/200010
2026-10-02 23:04:08,314 - INFO - Prompt processing progress: 108544/200010
2026-10-02 23:04:11,671 - INFO - Prompt processing progress: 110592/200010
2026-10-02 23:04:15,056 - INFO - Prompt processing progress: 112640/200010
2026-10-02 23:04:18,549 - INFO - Prompt processing progress: 114688/200010
2026-10-02 23:04:22,013 - INFO - Prompt processing progress: 116736/200010
2026-10-02 23:04:25,498 - INFO - Prompt processing progress: 118784/200010
2026-10-02 23:04:29,042 - INFO - Prompt processing progress: 120832/200010
2026-10-02 23:04:32,617 - INFO - Prompt processing progress: 122880/200010
2026-10-02 23:04:36,212 - INFO - Prompt processing progress: 124928/200010
2026-10-02 23:04:39,852 - INFO - Prompt processing progress: 126976/200010
2026-10-02 23:04:43,493 - INFO - Prompt processing progress: 129024/200010
2026-10-02 23:04:47,179 - INFO - Prompt processing progress: 131072/200010
2026-10-02 23:04:50,954 - INFO - Prompt processing progress: 133120/200010
2026-10-02 23:04:54,691 - INFO - Prompt processing progress: 135168/200010
2026-10-02 23:04:58,508 - INFO - Prompt processing progress: 137216/200010
2026-10-02 23:05:02,371 - INFO - Prompt processing progress: 139264/200010
2026-10-02 23:05:06,266 - INFO - Prompt processing progress: 141312/200010
2026-10-02 23:05:10,197 - INFO - Prompt processing progress: 143360/200010
2026-10-02 23:05:14,147 - INFO - Prompt processing progress: 145408/200010
2026-10-02 23:05:18,163 - INFO - Prompt processing progress: 147456/200010
2026-10-02 23:05:22,189 - INFO - Prompt processing progress: 149504/200010
2026-10-02 23:05:26,291 - INFO - Prompt processing progress: 151552/200010
2026-10-02 23:05:30,390 - INFO - Prompt processing progress: 153600/200010
2026-10-02 23:05:34,566 - INFO - Prompt processing progress: 155648/200010
2026-10-02 23:05:38,779 - INFO - Prompt processing progress: 157696/200010
2026-10-02 23:05:42,985 - INFO - Prompt processing progress: 159744/200010
2026-10-02 23:05:47,227 - INFO - Prompt processing progress: 161792/200010
2026-10-02 23:05:51,496 - INFO - Prompt processing progress: 163840/200010
2026-10-02 23:05:55,818 - INFO - Prompt processing progress: 165888/200010
2026-10-02 23:06:00,211 - INFO - Prompt processing progress: 167936/200010
2026-10-02 23:06:04,578 - INFO - Prompt processing progress: 169984/200010
2026-10-02 23:06:08,981 - INFO - Prompt processing progress: 172032/200010
2026-10-02 23:06:13,454 - INFO - Prompt processing progress: 174080/200010
2026-10-02 23:06:17,965 - INFO - Prompt processing progress: 176128/200010
2026-10-02 23:06:22,495 - INFO - Prompt processing progress: 178176/200010
2026-10-02 23:06:27,084 - INFO - Prompt processing progress: 180224/200010
2026-10-02 23:06:31,731 - INFO - Prompt processing progress: 182272/200010
2026-10-02 23:06:36,374 - INFO - Prompt processing progress: 184320/200010
2026-10-02 23:06:41,091 - INFO - Prompt processing progress: 186368/200010
2026-10-02 23:06:45,819 - INFO - Prompt processing progress: 188416/200010
2026-10-02 23:06:50,615 - INFO - Prompt processing progress: 190464/200010
2026-10-02 23:06:55,409 - INFO - Prompt processing progress: 192512/200010
2026-10-02 23:07:00,268 - INFO - Prompt processing progress: 194560/200010
2026-10-02 23:07:05,134 - INFO - Prompt processing progress: 196608/200010
2026-10-02 23:07:10,007 - INFO - Prompt processing progress: 198656/200010
2026-10-02 23:07:13,666 - INFO - Prompt processing progress: 200009/200010
2026-10-02 23:07:13,821 - INFO - Prompt processing progress: 200010/200010
127.0.0.1 - - [02/Oct/2026 23:07:15] "POST /v1/chat/completions HTTP/1.1" 200 -
2026-10-02 23:07:15,407 - INFO - Prompt Cache: 1 sequences, 17.24 GB
2026-10-02 23:07:15,407 - INFO - - assistant: 1 sequences, 17.24 GB
2026-10-02 23:07:15,407 - INFO - - user: 0 sequences, 0.00 GB
2026-10-02 23:07:15,407 - INFO - - system: 0 sequences, 0.00 GB
2026-10-02 23:07:15,520 - INFO - Prompt processing progress: 0/204306
2026-10-02 23:07:16,946 - INFO - Prompt processing progress: 2048/204306
2026-10-02 23:07:18,464 - INFO - Prompt processing progress: 4096/204306
2026-10-02 23:07:20,010 - INFO - Prompt processing progress: 6144/204306
2026-10-02 23:07:21,587 - INFO - Prompt processing progress: 8192/204306
2026-10-02 23:07:23,200 - INFO - Prompt processing progress: 10240/204306
2026-10-02 23:07:24,846 - INFO - Prompt processing progress: 12288/204306
2026-10-02 23:07:26,526 - INFO - Prompt processing progress: 14336/204306
2026-10-02 23:07:28,243 - INFO - Prompt processing progress: 16384/204306
2026-10-02 23:07:30,005 - INFO - Prompt processing progress: 18432/204306
2026-10-02 23:07:31,796 - INFO - Prompt processing progress: 20480/204306
2026-10-02 23:07:33,611 - INFO - Prompt processing progress: 22528/204306
2026-10-02 23:07:35,460 - INFO - Prompt processing progress: 24576/204306
2026-10-02 23:07:37,340 - INFO - Prompt processing progress: 26624/204306
2026-10-02 23:07:39,257 - INFO - Prompt processing progress: 28672/204306
2026-10-02 23:07:41,221 - INFO - Prompt processing progress: 30720/204306
2026-10-02 23:07:43,213 - INFO - Prompt processing progress: 32768/204306
2026-10-02 23:07:45,232 - INFO - Prompt processing progress: 34816/204306
2026-10-02 23:07:47,291 - INFO - Prompt processing progress: 36864/204306
2026-10-02 23:07:49,385 - INFO - Prompt processing progress: 38912/204306
2026-10-02 23:07:51,509 - INFO - Prompt processing progress: 40960/204306
2026-10-02 23:07:53,665 - INFO - Prompt processing progress: 43008/204306
2026-10-02 23:07:55,867 - INFO - Prompt processing progress: 45056/204306
2026-10-02 23:07:58,108 - INFO - Prompt processing progress: 47104/204306
2026-10-02 23:08:00,378 - INFO - Prompt processing progress: 49152/204306
2026-10-02 23:08:02,684 - INFO - Prompt processing progress: 51200/204306
2026-10-02 23:08:05,018 - INFO - Prompt processing progress: 53248/204306
2026-10-02 23:08:07,397 - INFO - Prompt processing progress: 55296/204306
2026-10-02 23:08:09,810 - INFO - Prompt processing progress: 57344/204306
2026-10-02 23:08:12,267 - INFO - Prompt processing progress: 59392/204306
2026-10-02 23:08:14,762 - INFO - Prompt processing progress: 61440/204306
2026-10-02 23:08:17,289 - INFO - Prompt processing progress: 63488/204306
2026-10-02 23:08:19,860 - INFO - Prompt processing progress: 65536/204306
2026-10-02 23:08:22,462 - INFO - Prompt processing progress: 67584/204306
2026-10-02 23:08:25,093 - INFO - Prompt processing progress: 69632/204306
2026-10-02 23:08:27,758 - INFO - Prompt processing progress: 71680/204306
2026-10-02 23:08:30,457 - INFO - Prompt processing progress: 73728/204306
2026-10-02 23:08:33,205 - INFO - Prompt processing progress: 75776/204306
2026-10-02 23:08:35,977 - INFO - Prompt processing progress: 77824/204306
2026-10-02 23:08:38,774 - INFO - Prompt processing progress: 79872/204306
2026-10-02 23:08:41,616 - INFO - Prompt processing progress: 81920/204306
2026-10-02 23:08:44,493 - INFO - Prompt processing progress: 83968/204306
2026-10-02 23:08:47,413 - INFO - Prompt processing progress: 86016/204306
2026-10-02 23:08:50,365 - INFO - Prompt processing progress: 88064/204306
2026-10-02 23:08:53,342 - INFO - Prompt processing progress: 90112/204306
2026-10-02 23:08:56,375 - INFO - Prompt processing progress: 92160/204306
2026-10-02 23:08:59,434 - INFO - Prompt processing progress: 94208/204306
2026-10-02 23:09:02,517 - INFO - Prompt processing progress: 96256/204306
2026-10-02 23:09:05,675 - INFO - Prompt processing progress: 98304/204306
2026-10-02 23:09:08,830 - INFO - Prompt processing progress: 100352/204306
2026-10-02 23:09:12,021 - INFO - Prompt processing progress: 102400/204306
2026-10-02 23:09:15,243 - INFO - Prompt processing progress: 104448/204306
2026-10-02 23:09:18,522 - INFO - Prompt processing progress: 106496/204306
2026-10-02 23:09:21,835 - INFO - Prompt processing progress: 108544/204306
2026-10-02 23:09:25,175 - INFO - Prompt processing progress: 110592/204306
2026-10-02 23:09:28,565 - INFO - Prompt processing progress: 112640/204306
2026-10-02 23:09:31,958 - INFO - Prompt processing progress: 114688/204306
2026-10-02 23:09:35,419 - INFO - Prompt processing progress: 116736/204306
2026-10-02 23:09:38,914 - INFO - Prompt processing progress: 118784/204306
2026-10-02 23:09:42,448 - INFO - Prompt processing progress: 120832/204306
2026-10-02 23:09:46,033 - INFO - Prompt processing progress: 122880/204306
2026-10-02 23:09:49,634 - INFO - Prompt processing progress: 124928/204306
2026-10-02 23:09:53,244 - INFO - Prompt processing progress: 126976/204306
2026-10-02 23:09:56,896 - INFO - Prompt processing progress: 129024/204306
2026-10-02 23:10:00,578 - INFO - Prompt processing progress: 131072/204306
2026-10-02 23:10:04,311 - INFO - Prompt processing progress: 133120/204306
2026-10-02 23:10:08,088 - INFO - Prompt processing progress: 135168/204306
2026-10-02 23:10:11,892 - INFO - Prompt processing progress: 137216/204306
2026-10-02 23:10:15,734 - INFO - Prompt processing progress: 139264/204306
2026-10-02 23:10:19,629 - INFO - Prompt processing progress: 141312/204306
2026-10-02 23:10:23,538 - INFO - Prompt processing progress: 143360/204306
2026-10-02 23:10:27,477 - INFO - Prompt processing progress: 145408/204306
2026-10-02 23:10:31,460 - INFO - Prompt processing progress: 147456/204306
2026-10-02 23:10:35,490 - INFO - Prompt processing progress: 149504/204306
2026-10-02 23:10:39,582 - INFO - Prompt processing progress: 151552/204306
2026-10-02 23:10:43,659 - INFO - Prompt processing progress: 153600/204306
2026-10-02 23:10:47,817 - INFO - Prompt processing progress: 155648/204306
2026-10-02 23:10:51,985 - INFO - Prompt processing progress: 157696/204306
2026-10-02 23:10:56,208 - INFO - Prompt processing progress: 159744/204306
2026-10-02 23:11:00,440 - INFO - Prompt processing progress: 161792/204306
2026-10-02 23:11:04,691 - INFO - Prompt processing progress: 163840/204306
2026-10-02 23:11:08,992 - INFO - Prompt processing progress: 165888/204306
2026-10-02 23:11:13,365 - INFO - Prompt processing progress: 167936/204306
2026-10-02 23:11:17,743 - INFO - Prompt processing progress: 169984/204306
2026-10-02 23:11:22,153 - INFO - Prompt processing progress: 172032/204306
2026-10-02 23:11:26,598 - INFO - Prompt processing progress: 174080/204306
2026-10-02 23:11:31,120 - INFO - Prompt processing progress: 176128/204306
2026-10-02 23:11:35,646 - INFO - Prompt processing progress: 178176/204306
2026-10-02 23:11:40,184 - INFO - Prompt processing progress: 180224/204306
2026-10-02 23:11:44,781 - INFO - Prompt processing progress: 182272/204306
2026-10-02 23:11:49,439 - INFO - Prompt processing progress: 184320/204306
2026-10-02 23:11:54,120 - INFO - Prompt processing progress: 186368/204306
2026-10-02 23:11:58,834 - INFO - Prompt processing progress: 188416/204306
2026-10-02 23:12:03,598 - INFO - Prompt processing progress: 190464/204306
2026-10-02 23:12:08,382 - INFO - Prompt processing progress: 192512/204306
2026-10-02 23:12:13,220 - INFO - Prompt processing progress: 194560/204306
2026-10-02 23:12:18,068 - INFO - Prompt processing progress: 196608/204306
2026-10-02 23:12:22,987 - INFO - Prompt processing progress: 198656/204306
2026-10-02 23:12:27,941 - INFO - Prompt processing progress: 200704/204306
2026-10-02 23:12:32,914 - INFO - Prompt processing progress: 202752/204306
2026-10-02 23:12:37,034 - INFO - Prompt processing progress: 204305/204306
2026-10-02 23:12:37,190 - INFO - Prompt processing progress: 204306/204306
127.0.0.1 - - [02/Oct/2026 23:13:11] "POST /v1/chat/completions HTTP/1.1" 200 -
2026-10-02 23:13:11,601 - INFO - Prompt Cache: 1 sequences, 17.64 GB
2026-10-02 23:13:11,601 - INFO - - assistant: 1 sequences, 17.64 GB
2026-10-02 23:13:11,601 - INFO - - user: 0 sequences, 0.00 GB
2026-10-02 23:13:11,601 - INFO - - system: 0 sequences, 0.00 GB
2026-10-02 23:13:11,714 - INFO - Prompt processing progress: 0/204850
2026-10-02 23:13:13,143 - INFO - Prompt processing progress: 2048/204850
2026-10-02 23:13:14,690 - INFO - Prompt processing progress: 4096/204850
2026-10-02 23:13:16,231 - INFO - Prompt processing progress: 6144/204850
2026-10-02 23:13:17,809 - INFO - Prompt processing progress: 8192/204850
2026-10-02 23:13:19,422 - INFO - Prompt processing progress: 10240/204850
2026-10-02 23:13:21,068 - INFO - Prompt processing progress: 12288/204850
2026-10-02 23:13:22,742 - INFO - Prompt processing progress: 14336/204850
2026-10-02 23:13:24,458 - INFO - Prompt processing progress: 16384/204850
2026-10-02 23:13:26,209 - INFO - Prompt processing progress: 18432/204850
2026-10-02 23:13:27,991 - INFO - Prompt processing progress: 20480/204850
2026-10-02 23:13:29,806 - INFO - Prompt processing progress: 22528/204850
2026-10-02 23:13:31,654 - INFO - Prompt processing progress: 24576/204850
2026-10-02 23:13:33,536 - INFO - Prompt processing progress: 26624/204850
2026-10-02 23:13:35,450 - INFO - Prompt processing progress: 28672/204850
2026-10-02 23:13:37,399 - INFO - Prompt processing progress: 30720/204850
2026-10-02 23:13:39,380 - INFO - Prompt processing progress: 32768/204850
2026-10-02 23:13:41,403 - INFO - Prompt processing progress: 34816/204850
2026-10-02 23:13:43,458 - INFO - Prompt processing progress: 36864/204850
2026-10-02 23:13:45,548 - INFO - Prompt processing progress: 38912/204850
2026-10-02 23:13:47,672 - INFO - Prompt processing progress: 40960/204850
2026-10-02 23:13:49,837 - INFO - Prompt processing progress: 43008/204850
2026-10-02 23:13:52,039 - INFO - Prompt processing progress: 45056/204850
2026-10-02 23:13:54,277 - INFO - Prompt processing progress: 47104/204850
2026-10-02 23:13:56,544 - INFO - Prompt processing progress: 49152/204850
2026-10-02 23:13:58,850 - INFO - Prompt processing progress: 51200/204850
2026-10-02 23:14:01,184 - INFO - Prompt processing progress: 53248/204850
2026-10-02 23:14:03,561 - INFO - Prompt processing progress: 55296/204850
2026-10-02 23:14:05,964 - INFO - Prompt processing progress: 57344/204850
2026-10-02 23:14:08,417 - INFO - Prompt processing progress: 59392/204850
2026-10-02 23:14:10,894 - INFO - Prompt processing progress: 61440/204850
2026-10-02 23:14:13,414 - INFO - Prompt processing progress: 63488/204850
2026-10-02 23:14:15,966 - INFO - Prompt processing progress: 65536/204850
2026-10-02 23:14:18,563 - INFO - Prompt processing progress: 67584/204850
2026-10-02 23:14:21,178 - INFO - Prompt processing progress: 69632/204850
2026-10-02 23:14:23,853 - INFO - Prompt processing progress: 71680/204850
2026-10-02 23:14:26,547 - INFO - Prompt processing progress: 73728/204850
2026-10-02 23:14:29,279 - INFO - Prompt processing progress: 75776/204850
2026-10-02 23:14:32,041 - INFO - Prompt processing progress: 77824/204850
2026-10-02 23:14:34,856 - INFO - Prompt processing progress: 79872/204850
2026-10-02 23:14:37,684 - INFO - Prompt processing progress: 81920/204850
2026-10-02 23:14:40,554 - INFO - Prompt processing progress: 83968/204850
2026-10-02 23:14:43,482 - INFO - Prompt processing progress: 86016/204850
2026-10-02 23:14:46,423 - INFO - Prompt processing progress: 88064/204850
2026-10-02 23:14:49,394 - INFO - Prompt processing progress: 90112/204850
2026-10-02 23:14:52,430 - INFO - Prompt processing progress: 92160/204850
2026-10-02 23:14:55,482 - INFO - Prompt processing progress: 94208/204850
2026-10-02 23:14:58,570 - INFO - Prompt processing progress: 96256/204850
2026-10-02 23:15:01,701 - INFO - Prompt processing progress: 98304/204850
2026-10-02 23:15:04,868 - INFO - Prompt processing progress: 100352/204850
2026-10-02 23:15:08,083 - INFO - Prompt processing progress: 102400/204850
2026-10-02 23:15:11,325 - INFO - Prompt processing progress: 104448/204850
2026-10-02 23:15:14,612 - INFO - Prompt processing progress: 106496/204850
2026-10-02 23:15:17,915 - INFO - Prompt processing progress: 108544/204850
2026-10-02 23:15:21,266 - INFO - Prompt processing progress: 110592/204850
2026-10-02 23:15:24,598 - INFO - Prompt processing progress: 112640/204850
2026-10-02 23:15:28,012 - INFO - Prompt processing progress: 114688/204850
2026-10-02 23:15:31,462 - INFO - Prompt processing progress: 116736/204850
2026-10-02 23:15:34,958 - INFO - Prompt processing progress: 118784/204850
2026-10-02 23:15:38,479 - INFO - Prompt processing progress: 120832/204850
2026-10-02 23:15:42,027 - INFO - Prompt processing progress: 122880/204850
2026-10-02 23:15:45,636 - INFO - Prompt processing progress: 124928/204850
2026-10-02 23:15:49,256 - INFO - Prompt processing progress: 126976/204850
2026-10-02 23:15:52,928 - INFO - Prompt processing progress: 129024/204850
2026-10-02 23:15:56,615 - INFO - Prompt processing progress: 131072/204850
2026-10-02 23:16:00,350 - INFO - Prompt processing progress: 133120/204850
2026-10-02 23:16:04,137 - INFO - Prompt processing progress: 135168/204850
2026-10-02 23:16:07,924 - INFO - Prompt processing progress: 137216/204850
2026-10-02 23:16:11,763 - INFO - Prompt processing progress: 139264/204850
2026-10-02 23:16:15,649 - INFO - Prompt processing progress: 141312/204850
2026-10-02 23:16:19,570 - INFO - Prompt processing progress: 143360/204850
2026-10-02 23:16:23,524 - INFO - Prompt processing progress: 145408/204850
2026-10-02 23:16:27,531 - INFO - Prompt processing progress: 147456/204850
2026-10-02 23:16:31,564 - INFO - Prompt processing progress: 149504/204850
2026-10-02 23:16:35,620 - INFO - Prompt processing progress: 151552/204850
2026-10-02 23:16:39,730 - INFO - Prompt processing progress: 153600/204850
2026-10-02 23:16:43,868 - INFO - Prompt processing progress: 155648/204850
2026-10-02 23:16:48,030 - INFO - Prompt processing progress: 157696/204850
2026-10-02 23:16:52,258 - INFO - Prompt processing progress: 159744/204850
2026-10-02 23:16:56,533 - INFO - Prompt processing progress: 161792/204850
2026-10-02 23:17:00,792 - INFO - Prompt processing progress: 163840/204850
2026-10-02 23:17:05,104 - INFO - Prompt processing progress: 165888/204850
2026-10-02 23:17:09,441 - INFO - Prompt processing progress: 167936/204850
2026-10-02 23:17:13,867 - INFO - Prompt processing progress: 169984/204850
2026-10-02 23:17:18,303 - INFO - Prompt processing progress: 172032/204850
2026-10-02 23:17:22,736 - INFO - Prompt processing progress: 174080/204850
2026-10-02 23:17:27,218 - INFO - Prompt processing progress: 176128/204850
2026-10-02 23:17:31,742 - INFO - Prompt processing progress: 178176/204850
2026-10-02 23:17:36,308 - INFO - Prompt processing progress: 180224/204850
2026-10-02 23:17:40,890 - INFO - Prompt processing progress: 182272/204850
2026-10-02 23:17:45,525 - INFO - Prompt processing progress: 184320/204850
2026-10-02 23:17:50,192 - INFO - Prompt processing progress: 186368/204850
2026-10-02 23:17:54,908 - INFO - Prompt processing progress: 188416/204850
2026-10-02 23:17:59,672 - INFO - Prompt processing progress: 190464/204850
2026-10-02 23:18:04,464 - INFO - Prompt processing progress: 192512/204850
2026-10-02 23:18:09,294 - INFO - Prompt processing progress: 194560/204850
2026-10-02 23:18:14,132 - INFO - Prompt processing progress: 196608/204850
2026-10-02 23:18:19,035 - INFO - Prompt processing progress: 198656/204850
2026-10-02 23:18:23,950 - INFO - Prompt processing progress: 200704/204850
2026-10-02 23:18:28,910 - INFO - Prompt processing progress: 202752/204850
2026-10-02 23:18:33,950 - INFO - Prompt processing progress: 204800/204850
2026-10-02 23:18:34,540 - INFO - Prompt processing progress: 204849/204850
2026-10-02 23:18:34,686 - INFO - Prompt processing progress: 204850/204850
