<M5_REPO>/vendor/vlm-runtime/.venv/lib/python3.12/site-packages/mlx_lm/server.py:1723: UserWarning: mlx_lm.server is not recommended for production as it only implements basic security checks.
  warnings.warn(
2026-10-02 17:36:57,298 - INFO - Starting httpd at 127.0.0.1 on port 18185...
127.0.0.1 - - [02/Oct/2026 17:36:57] "GET /v1/models HTTP/1.1" 200 -
127.0.0.1 - - [02/Oct/2026 17:37:04] "POST /v1/chat/completions HTTP/1.1" 200 -
2026-10-02 17:37:04,208 - INFO - Prompt Cache: 0 sequences, 0.00 GB
2026-10-02 17:37:04,208 - INFO - - assistant: 0 sequences, 0.00 GB
2026-10-02 17:37:04,208 - INFO - - user: 0 sequences, 0.00 GB
2026-10-02 17:37:04,208 - INFO - - system: 0 sequences, 0.00 GB
2026-10-02 17:37:04,298 - INFO - Prompt processing progress: 0/200020
2026-10-02 17:37:04,616 - INFO - Prompt processing progress: 2048/200020
2026-10-02 17:37:04,833 - INFO - Prompt processing progress: 4096/200020
2026-10-02 17:37:05,057 - INFO - Prompt processing progress: 6144/200020
2026-10-02 17:37:05,290 - INFO - Prompt processing progress: 8192/200020
2026-10-02 17:37:05,531 - INFO - Prompt processing progress: 10240/200020
2026-10-02 17:37:05,783 - INFO - Prompt processing progress: 12288/200020
2026-10-02 17:37:06,045 - INFO - Prompt processing progress: 14336/200020
2026-10-02 17:37:06,314 - INFO - Prompt processing progress: 16384/200020
2026-10-02 17:37:06,592 - INFO - Prompt processing progress: 18432/200020
2026-10-02 17:37:06,882 - INFO - Prompt processing progress: 20480/200020
2026-10-02 17:37:07,181 - INFO - Prompt processing progress: 22528/200020
2026-10-02 17:37:07,488 - INFO - Prompt processing progress: 24576/200020
2026-10-02 17:37:07,806 - INFO - Prompt processing progress: 26624/200020
2026-10-02 17:37:08,134 - INFO - Prompt processing progress: 28672/200020
2026-10-02 17:37:08,470 - INFO - Prompt processing progress: 30720/200020
2026-10-02 17:37:08,818 - INFO - Prompt processing progress: 32768/200020
2026-10-02 17:37:09,173 - INFO - Prompt processing progress: 34816/200020
2026-10-02 17:37:09,539 - INFO - Prompt processing progress: 36864/200020
2026-10-02 17:37:09,914 - INFO - Prompt processing progress: 38912/200020
2026-10-02 17:37:10,298 - INFO - Prompt processing progress: 40960/200020
2026-10-02 17:37:10,693 - INFO - Prompt processing progress: 43008/200020
2026-10-02 17:37:11,097 - INFO - Prompt processing progress: 45056/200020
2026-10-02 17:37:11,512 - INFO - Prompt processing progress: 47104/200020
2026-10-02 17:37:11,936 - INFO - Prompt processing progress: 49152/200020
2026-10-02 17:37:12,370 - INFO - Prompt processing progress: 51200/200020
2026-10-02 17:37:12,815 - INFO - Prompt processing progress: 53248/200020
2026-10-02 17:37:13,269 - INFO - Prompt processing progress: 55296/200020
2026-10-02 17:37:13,734 - INFO - Prompt processing progress: 57344/200020
2026-10-02 17:37:14,207 - INFO - Prompt processing progress: 59392/200020
2026-10-02 17:37:14,691 - INFO - Prompt processing progress: 61440/200020
2026-10-02 17:37:15,187 - INFO - Prompt processing progress: 63488/200020
2026-10-02 17:37:15,688 - INFO - Prompt processing progress: 65536/200020
2026-10-02 17:37:16,202 - INFO - Prompt processing progress: 67584/200020
2026-10-02 17:37:16,726 - INFO - Prompt processing progress: 69632/200020
2026-10-02 17:37:17,261 - INFO - Prompt processing progress: 71680/200020
2026-10-02 17:37:17,802 - INFO - Prompt processing progress: 73728/200020
2026-10-02 17:37:18,356 - INFO - Prompt processing progress: 75776/200020
2026-10-02 17:37:18,921 - INFO - Prompt processing progress: 77824/200020
2026-10-02 17:37:19,495 - INFO - Prompt processing progress: 79872/200020
2026-10-02 17:37:20,080 - INFO - Prompt processing progress: 81920/200020
2026-10-02 17:37:20,673 - INFO - Prompt processing progress: 83968/200020
2026-10-02 17:37:21,277 - INFO - Prompt processing progress: 86016/200020
2026-10-02 17:37:21,892 - INFO - Prompt processing progress: 88064/200020
2026-10-02 17:37:22,509 - INFO - Prompt processing progress: 90112/200020
2026-10-02 17:37:23,143 - INFO - Prompt processing progress: 92160/200020
2026-10-02 17:37:23,786 - INFO - Prompt processing progress: 94208/200020
2026-10-02 17:37:24,439 - INFO - Prompt processing progress: 96256/200020
2026-10-02 17:37:25,103 - INFO - Prompt processing progress: 98304/200020
2026-10-02 17:37:25,776 - INFO - Prompt processing progress: 100352/200020
2026-10-02 17:37:26,458 - INFO - Prompt processing progress: 102400/200020
2026-10-02 17:37:27,149 - INFO - Prompt processing progress: 104448/200020
2026-10-02 17:37:27,852 - INFO - Prompt processing progress: 106496/200020
2026-10-02 17:37:28,565 - INFO - Prompt processing progress: 108544/200020
2026-10-02 17:37:29,286 - INFO - Prompt processing progress: 110592/200020
2026-10-02 17:37:30,019 - INFO - Prompt processing progress: 112640/200020
2026-10-02 17:37:30,762 - INFO - Prompt processing progress: 114688/200020
2026-10-02 17:37:31,514 - INFO - Prompt processing progress: 116736/200020
2026-10-02 17:37:32,275 - INFO - Prompt processing progress: 118784/200020
2026-10-02 17:37:33,048 - INFO - Prompt processing progress: 120832/200020
2026-10-02 17:37:33,828 - INFO - Prompt processing progress: 122880/200020
2026-10-02 17:37:34,623 - INFO - Prompt processing progress: 124928/200020
2026-10-02 17:37:35,421 - INFO - Prompt processing progress: 126976/200020
2026-10-02 17:37:36,231 - INFO - Prompt processing progress: 129024/200020
2026-10-02 17:37:37,052 - INFO - Prompt processing progress: 131072/200020
2026-10-02 17:37:37,886 - INFO - Prompt processing progress: 133120/200020
2026-10-02 17:37:38,724 - INFO - Prompt processing progress: 135168/200020
2026-10-02 17:37:39,577 - INFO - Prompt processing progress: 137216/200020
2026-10-02 17:37:40,440 - INFO - Prompt processing progress: 139264/200020
2026-10-02 17:37:41,307 - INFO - Prompt processing progress: 141312/200020
2026-10-02 17:37:42,186 - INFO - Prompt processing progress: 143360/200020
2026-10-02 17:37:43,077 - INFO - Prompt processing progress: 145408/200020
2026-10-02 17:37:43,976 - INFO - Prompt processing progress: 147456/200020
2026-10-02 17:37:44,885 - INFO - Prompt processing progress: 149504/200020
2026-10-02 17:37:45,806 - INFO - Prompt processing progress: 151552/200020
2026-10-02 17:37:46,734 - INFO - Prompt processing progress: 153600/200020
2026-10-02 17:37:47,676 - INFO - Prompt processing progress: 155648/200020
2026-10-02 17:37:48,627 - INFO - Prompt processing progress: 157696/200020
2026-10-02 17:37:49,588 - INFO - Prompt processing progress: 159744/200020
2026-10-02 17:37:50,559 - INFO - Prompt processing progress: 161792/200020
2026-10-02 17:37:51,540 - INFO - Prompt processing progress: 163840/200020
2026-10-02 17:37:52,531 - INFO - Prompt processing progress: 165888/200020
2026-10-02 17:37:53,533 - INFO - Prompt processing progress: 167936/200020
2026-10-02 17:37:54,541 - INFO - Prompt processing progress: 169984/200020
2026-10-02 17:37:55,561 - INFO - Prompt processing progress: 172032/200020
2026-10-02 17:37:56,595 - INFO - Prompt processing progress: 174080/200020
2026-10-02 17:37:57,623 - INFO - Prompt processing progress: 176128/200020
2026-10-02 17:37:58,663 - INFO - Prompt processing progress: 178176/200020
2026-10-02 17:37:59,724 - INFO - Prompt processing progress: 180224/200020
2026-10-02 17:38:00,796 - INFO - Prompt processing progress: 182272/200020
2026-10-02 17:38:01,857 - INFO - Prompt processing progress: 184320/200020
2026-10-02 17:38:02,945 - INFO - Prompt processing progress: 186368/200020
2026-10-02 17:38:04,033 - INFO - Prompt processing progress: 188416/200020
2026-10-02 17:38:05,143 - INFO - Prompt processing progress: 190464/200020
2026-10-02 17:38:06,261 - INFO - Prompt processing progress: 192512/200020
2026-10-02 17:38:07,385 - INFO - Prompt processing progress: 194560/200020
2026-10-02 17:38:08,526 - INFO - Prompt processing progress: 196608/200020
2026-10-02 17:38:09,677 - INFO - Prompt processing progress: 198656/200020
2026-10-02 17:38:10,567 - INFO - Prompt processing progress: 200019/200020
2026-10-02 17:38:10,612 - INFO - Prompt processing progress: 200020/200020
127.0.0.1 - - [02/Oct/2026 17:38:10] "POST /v1/chat/completions HTTP/1.1" 200 -
2026-10-02 17:38:10,961 - INFO - Prompt Cache: 1 sequences, 4.16 GB
2026-10-02 17:38:10,961 - INFO - - assistant: 1 sequences, 4.16 GB
2026-10-02 17:38:10,962 - INFO - - user: 0 sequences, 0.00 GB
2026-10-02 17:38:10,962 - INFO - - system: 0 sequences, 0.00 GB
2026-10-02 17:38:11,060 - INFO - Prompt processing progress: 0/203677
2026-10-02 17:38:11,272 - INFO - Prompt processing progress: 2048/203677
2026-10-02 17:38:11,489 - INFO - Prompt processing progress: 4096/203677
2026-10-02 17:38:11,716 - INFO - Prompt processing progress: 6144/203677
2026-10-02 17:38:11,948 - INFO - Prompt processing progress: 8192/203677
2026-10-02 17:38:12,192 - INFO - Prompt processing progress: 10240/203677
2026-10-02 17:38:12,444 - INFO - Prompt processing progress: 12288/203677
2026-10-02 17:38:12,707 - INFO - Prompt processing progress: 14336/203677
2026-10-02 17:38:12,979 - INFO - Prompt processing progress: 16384/203677
2026-10-02 17:38:13,258 - INFO - Prompt processing progress: 18432/203677
2026-10-02 17:38:13,547 - INFO - Prompt processing progress: 20480/203677
2026-10-02 17:38:13,846 - INFO - Prompt processing progress: 22528/203677
2026-10-02 17:38:14,153 - INFO - Prompt processing progress: 24576/203677
2026-10-02 17:38:14,471 - INFO - Prompt processing progress: 26624/203677
2026-10-02 17:38:14,800 - INFO - Prompt processing progress: 28672/203677
2026-10-02 17:38:15,137 - INFO - Prompt processing progress: 30720/203677
2026-10-02 17:38:15,484 - INFO - Prompt processing progress: 32768/203677
2026-10-02 17:38:15,841 - INFO - Prompt processing progress: 34816/203677
2026-10-02 17:38:16,207 - INFO - Prompt processing progress: 36864/203677
2026-10-02 17:38:16,582 - INFO - Prompt processing progress: 38912/203677
2026-10-02 17:38:16,967 - INFO - Prompt processing progress: 40960/203677
2026-10-02 17:38:17,362 - INFO - Prompt processing progress: 43008/203677
2026-10-02 17:38:17,766 - INFO - Prompt processing progress: 45056/203677
2026-10-02 17:38:18,180 - INFO - Prompt processing progress: 47104/203677
2026-10-02 17:38:18,605 - INFO - Prompt processing progress: 49152/203677
2026-10-02 17:38:19,040 - INFO - Prompt processing progress: 51200/203677
2026-10-02 17:38:19,486 - INFO - Prompt processing progress: 53248/203677
2026-10-02 17:38:19,941 - INFO - Prompt processing progress: 55296/203677
2026-10-02 17:38:20,406 - INFO - Prompt processing progress: 57344/203677
2026-10-02 17:38:20,880 - INFO - Prompt processing progress: 59392/203677
2026-10-02 17:38:21,367 - INFO - Prompt processing progress: 61440/203677
2026-10-02 17:38:21,863 - INFO - Prompt processing progress: 63488/203677
2026-10-02 17:38:22,368 - INFO - Prompt processing progress: 65536/203677
2026-10-02 17:38:22,884 - INFO - Prompt processing progress: 67584/203677
2026-10-02 17:38:23,409 - INFO - Prompt processing progress: 69632/203677
2026-10-02 17:38:23,946 - INFO - Prompt processing progress: 71680/203677
2026-10-02 17:38:24,491 - INFO - Prompt processing progress: 73728/203677
2026-10-02 17:38:25,048 - INFO - Prompt processing progress: 75776/203677
2026-10-02 17:38:25,610 - INFO - Prompt processing progress: 77824/203677
2026-10-02 17:38:26,187 - INFO - Prompt processing progress: 79872/203677
2026-10-02 17:38:26,772 - INFO - Prompt processing progress: 81920/203677
2026-10-02 17:38:27,366 - INFO - Prompt processing progress: 83968/203677
2026-10-02 17:38:27,971 - INFO - Prompt processing progress: 86016/203677
2026-10-02 17:38:28,589 - INFO - Prompt processing progress: 88064/203677
2026-10-02 17:38:29,209 - INFO - Prompt processing progress: 90112/203677
2026-10-02 17:38:29,843 - INFO - Prompt processing progress: 92160/203677
2026-10-02 17:38:30,485 - INFO - Prompt processing progress: 94208/203677
2026-10-02 17:38:31,139 - INFO - Prompt processing progress: 96256/203677
2026-10-02 17:38:31,801 - INFO - Prompt processing progress: 98304/203677
2026-10-02 17:38:32,476 - INFO - Prompt processing progress: 100352/203677
2026-10-02 17:38:33,156 - INFO - Prompt processing progress: 102400/203677
2026-10-02 17:38:33,851 - INFO - Prompt processing progress: 104448/203677
2026-10-02 17:38:34,554 - INFO - Prompt processing progress: 106496/203677
2026-10-02 17:38:35,273 - INFO - Prompt processing progress: 108544/203677
2026-10-02 17:38:35,992 - INFO - Prompt processing progress: 110592/203677
2026-10-02 17:38:36,724 - INFO - Prompt processing progress: 112640/203677
2026-10-02 17:38:37,470 - INFO - Prompt processing progress: 114688/203677
2026-10-02 17:38:38,223 - INFO - Prompt processing progress: 116736/203677
2026-10-02 17:38:38,985 - INFO - Prompt processing progress: 118784/203677
2026-10-02 17:38:39,762 - INFO - Prompt processing progress: 120832/203677
2026-10-02 17:38:40,545 - INFO - Prompt processing progress: 122880/203677
2026-10-02 17:38:41,339 - INFO - Prompt processing progress: 124928/203677
2026-10-02 17:38:42,139 - INFO - Prompt processing progress: 126976/203677
2026-10-02 17:38:42,956 - INFO - Prompt processing progress: 129024/203677
2026-10-02 17:38:43,777 - INFO - Prompt processing progress: 131072/203677
2026-10-02 17:38:44,611 - INFO - Prompt processing progress: 133120/203677
2026-10-02 17:38:45,456 - INFO - Prompt processing progress: 135168/203677
2026-10-02 17:38:46,309 - INFO - Prompt processing progress: 137216/203677
2026-10-02 17:38:47,176 - INFO - Prompt processing progress: 139264/203677
2026-10-02 17:38:48,049 - INFO - Prompt processing progress: 141312/203677
2026-10-02 17:38:48,928 - INFO - Prompt processing progress: 143360/203677
2026-10-02 17:38:49,824 - INFO - Prompt processing progress: 145408/203677
2026-10-02 17:38:50,721 - INFO - Prompt processing progress: 147456/203677
2026-10-02 17:38:51,636 - INFO - Prompt processing progress: 149504/203677
2026-10-02 17:38:52,557 - INFO - Prompt processing progress: 151552/203677
2026-10-02 17:38:53,487 - INFO - Prompt processing progress: 153600/203677
2026-10-02 17:38:54,425 - INFO - Prompt processing progress: 155648/203677
2026-10-02 17:38:55,376 - INFO - Prompt processing progress: 157696/203677
2026-10-02 17:38:56,343 - INFO - Prompt processing progress: 159744/203677
2026-10-02 17:38:57,317 - INFO - Prompt processing progress: 161792/203677
2026-10-02 17:38:58,296 - INFO - Prompt processing progress: 163840/203677
2026-10-02 17:38:59,292 - INFO - Prompt processing progress: 165888/203677
2026-10-02 17:39:00,292 - INFO - Prompt processing progress: 167936/203677
2026-10-02 17:39:01,304 - INFO - Prompt processing progress: 169984/203677
2026-10-02 17:39:02,289 - INFO - Prompt processing progress: 172032/203677
2026-10-02 17:39:03,323 - INFO - Prompt processing progress: 174080/203677
2026-10-02 17:39:04,364 - INFO - Prompt processing progress: 176128/203677
2026-10-02 17:39:05,409 - INFO - Prompt processing progress: 178176/203677
2026-10-02 17:39:06,464 - INFO - Prompt processing progress: 180224/203677
2026-10-02 17:39:07,523 - INFO - Prompt processing progress: 182272/203677
2026-10-02 17:39:08,606 - INFO - Prompt processing progress: 184320/203677
2026-10-02 17:39:09,703 - INFO - Prompt processing progress: 186368/203677
2026-10-02 17:39:10,791 - INFO - Prompt processing progress: 188416/203677
2026-10-02 17:39:11,904 - INFO - Prompt processing progress: 190464/203677
2026-10-02 17:39:13,029 - INFO - Prompt processing progress: 192512/203677
2026-10-02 17:39:14,157 - INFO - Prompt processing progress: 194560/203677
2026-10-02 17:39:15,305 - INFO - Prompt processing progress: 196608/203677
2026-10-02 17:39:16,454 - INFO - Prompt processing progress: 198656/203677
2026-10-02 17:39:17,609 - INFO - Prompt processing progress: 200704/203677
2026-10-02 17:39:18,776 - INFO - Prompt processing progress: 202752/203677
2026-10-02 17:39:19,696 - INFO - Prompt processing progress: 203676/203677
2026-10-02 17:39:19,738 - INFO - Prompt processing progress: 203677/203677
127.0.0.1 - - [02/Oct/2026 17:39:25] "POST /v1/chat/completions HTTP/1.1" 200 -
2026-10-02 17:39:25,654 - INFO - Prompt Cache: 1 sequences, 4.25 GB
2026-10-02 17:39:25,654 - INFO - - assistant: 1 sequences, 4.25 GB
2026-10-02 17:39:25,654 - INFO - - user: 0 sequences, 0.00 GB
2026-10-02 17:39:25,654 - INFO - - system: 0 sequences, 0.00 GB
2026-10-02 17:39:25,753 - INFO - Prompt processing progress: 0/204152
2026-10-02 17:39:25,969 - INFO - Prompt processing progress: 2048/204152
2026-10-02 17:39:26,195 - INFO - Prompt processing progress: 4096/204152
2026-10-02 17:39:26,420 - INFO - Prompt processing progress: 6144/204152
2026-10-02 17:39:26,653 - INFO - Prompt processing progress: 8192/204152
2026-10-02 17:39:26,896 - INFO - Prompt processing progress: 10240/204152
2026-10-02 17:39:27,148 - INFO - Prompt processing progress: 12288/204152
2026-10-02 17:39:27,410 - INFO - Prompt processing progress: 14336/204152
2026-10-02 17:39:27,682 - INFO - Prompt processing progress: 16384/204152
2026-10-02 17:39:27,961 - INFO - Prompt processing progress: 18432/204152
2026-10-02 17:39:28,251 - INFO - Prompt processing progress: 20480/204152
2026-10-02 17:39:28,549 - INFO - Prompt processing progress: 22528/204152
2026-10-02 17:39:28,856 - INFO - Prompt processing progress: 24576/204152
2026-10-02 17:39:29,175 - INFO - Prompt processing progress: 26624/204152
2026-10-02 17:39:29,505 - INFO - Prompt processing progress: 28672/204152
2026-10-02 17:39:29,841 - INFO - Prompt processing progress: 30720/204152
2026-10-02 17:39:30,189 - INFO - Prompt processing progress: 32768/204152
2026-10-02 17:39:30,546 - INFO - Prompt processing progress: 34816/204152
2026-10-02 17:39:30,912 - INFO - Prompt processing progress: 36864/204152
2026-10-02 17:39:31,286 - INFO - Prompt processing progress: 38912/204152
2026-10-02 17:39:31,672 - INFO - Prompt processing progress: 40960/204152
2026-10-02 17:39:32,066 - INFO - Prompt processing progress: 43008/204152
2026-10-02 17:39:32,471 - INFO - Prompt processing progress: 45056/204152
2026-10-02 17:39:32,886 - INFO - Prompt processing progress: 47104/204152
2026-10-02 17:39:33,310 - INFO - Prompt processing progress: 49152/204152
2026-10-02 17:39:33,745 - INFO - Prompt processing progress: 51200/204152
2026-10-02 17:39:34,190 - INFO - Prompt processing progress: 53248/204152
2026-10-02 17:39:34,647 - INFO - Prompt processing progress: 55296/204152
2026-10-02 17:39:35,110 - INFO - Prompt processing progress: 57344/204152
2026-10-02 17:39:35,586 - INFO - Prompt processing progress: 59392/204152
2026-10-02 17:39:36,071 - INFO - Prompt processing progress: 61440/204152
2026-10-02 17:39:36,565 - INFO - Prompt processing progress: 63488/204152
2026-10-02 17:39:37,067 - INFO - Prompt processing progress: 65536/204152
2026-10-02 17:39:37,582 - INFO - Prompt processing progress: 67584/204152
2026-10-02 17:39:38,106 - INFO - Prompt processing progress: 69632/204152
2026-10-02 17:39:38,641 - INFO - Prompt processing progress: 71680/204152
2026-10-02 17:39:39,187 - INFO - Prompt processing progress: 73728/204152
2026-10-02 17:39:39,742 - INFO - Prompt processing progress: 75776/204152
2026-10-02 17:39:40,307 - INFO - Prompt processing progress: 77824/204152
2026-10-02 17:39:40,883 - INFO - Prompt processing progress: 79872/204152
2026-10-02 17:39:41,468 - INFO - Prompt processing progress: 81920/204152
2026-10-02 17:39:42,063 - INFO - Prompt processing progress: 83968/204152
2026-10-02 17:39:42,667 - INFO - Prompt processing progress: 86016/204152
2026-10-02 17:39:43,285 - INFO - Prompt processing progress: 88064/204152
2026-10-02 17:39:43,913 - INFO - Prompt processing progress: 90112/204152
2026-10-02 17:39:44,548 - INFO - Prompt processing progress: 92160/204152
2026-10-02 17:39:45,196 - INFO - Prompt processing progress: 94208/204152
2026-10-02 17:39:45,846 - INFO - Prompt processing progress: 96256/204152
2026-10-02 17:39:46,511 - INFO - Prompt processing progress: 98304/204152
2026-10-02 17:39:47,187 - INFO - Prompt processing progress: 100352/204152
2026-10-02 17:39:47,868 - INFO - Prompt processing progress: 102400/204152
2026-10-02 17:39:48,566 - INFO - Prompt processing progress: 104448/204152
2026-10-02 17:39:49,269 - INFO - Prompt processing progress: 106496/204152
2026-10-02 17:39:49,982 - INFO - Prompt processing progress: 108544/204152
2026-10-02 17:39:50,706 - INFO - Prompt processing progress: 110592/204152
2026-10-02 17:39:51,442 - INFO - Prompt processing progress: 112640/204152
2026-10-02 17:39:52,181 - INFO - Prompt processing progress: 114688/204152
2026-10-02 17:39:52,938 - INFO - Prompt processing progress: 116736/204152
2026-10-02 17:39:53,707 - INFO - Prompt processing progress: 118784/204152
2026-10-02 17:39:54,485 - INFO - Prompt processing progress: 120832/204152
2026-10-02 17:39:55,267 - INFO - Prompt processing progress: 122880/204152
2026-10-02 17:39:56,058 - INFO - Prompt processing progress: 124928/204152
2026-10-02 17:39:56,861 - INFO - Prompt processing progress: 126976/204152
2026-10-02 17:39:57,671 - INFO - Prompt processing progress: 129024/204152
2026-10-02 17:39:58,491 - INFO - Prompt processing progress: 131072/204152
2026-10-02 17:39:59,320 - INFO - Prompt processing progress: 133120/204152
2026-10-02 17:40:00,165 - INFO - Prompt processing progress: 135168/204152
2026-10-02 17:40:01,022 - INFO - Prompt processing progress: 137216/204152
2026-10-02 17:40:01,881 - INFO - Prompt processing progress: 139264/204152
2026-10-02 17:40:02,753 - INFO - Prompt processing progress: 141312/204152
2026-10-02 17:40:03,629 - INFO - Prompt processing progress: 143360/204152
2026-10-02 17:40:04,523 - INFO - Prompt processing progress: 145408/204152
2026-10-02 17:40:05,422 - INFO - Prompt processing progress: 147456/204152
2026-10-02 17:40:06,332 - INFO - Prompt processing progress: 149504/204152
2026-10-02 17:40:07,253 - INFO - Prompt processing progress: 151552/204152
2026-10-02 17:40:08,186 - INFO - Prompt processing progress: 153600/204152
2026-10-02 17:40:09,130 - INFO - Prompt processing progress: 155648/204152
2026-10-02 17:40:10,082 - INFO - Prompt processing progress: 157696/204152
2026-10-02 17:40:11,044 - INFO - Prompt processing progress: 159744/204152
2026-10-02 17:40:12,012 - INFO - Prompt processing progress: 161792/204152
2026-10-02 17:40:12,985 - INFO - Prompt processing progress: 163840/204152
2026-10-02 17:40:13,977 - INFO - Prompt processing progress: 165888/204152
2026-10-02 17:40:14,980 - INFO - Prompt processing progress: 167936/204152
2026-10-02 17:40:15,987 - INFO - Prompt processing progress: 169984/204152
2026-10-02 17:40:17,011 - INFO - Prompt processing progress: 172032/204152
2026-10-02 17:40:18,041 - INFO - Prompt processing progress: 174080/204152
2026-10-02 17:40:19,081 - INFO - Prompt processing progress: 176128/204152
2026-10-02 17:40:20,135 - INFO - Prompt processing progress: 178176/204152
2026-10-02 17:40:21,203 - INFO - Prompt processing progress: 180224/204152
2026-10-02 17:40:22,272 - INFO - Prompt processing progress: 182272/204152
2026-10-02 17:40:23,347 - INFO - Prompt processing progress: 184320/204152
2026-10-02 17:40:24,429 - INFO - Prompt processing progress: 186368/204152
2026-10-02 17:40:25,524 - INFO - Prompt processing progress: 188416/204152
2026-10-02 17:40:26,633 - INFO - Prompt processing progress: 190464/204152
2026-10-02 17:40:27,753 - INFO - Prompt processing progress: 192512/204152
2026-10-02 17:40:28,886 - INFO - Prompt processing progress: 194560/204152
2026-10-02 17:40:30,022 - INFO - Prompt processing progress: 196608/204152
2026-10-02 17:40:31,168 - INFO - Prompt processing progress: 198656/204152
2026-10-02 17:40:32,330 - INFO - Prompt processing progress: 200704/204152
2026-10-02 17:40:33,500 - INFO - Prompt processing progress: 202752/204152
2026-10-02 17:40:34,410 - INFO - Prompt processing progress: 204151/204152
2026-10-02 17:40:34,442 - INFO - Prompt processing progress: 204152/204152
