<repo>/vendor/vlm-runtime/.venv/lib/python3.12/site-packages/mlx_lm/server.py:1723: UserWarning: mlx_lm.server is not recommended for production as it only implements basic security checks.
  warnings.warn(
2026-10-01 20:42:35,643 - INFO - Starting httpd at 127.0.0.1 on port 18185...
127.0.0.1 - - [01/Oct/2026 20:42:36] "GET /v1/models HTTP/1.1" 200 -
----------------------------------------
Exception occurred during processing of request from ('127.0.0.1', 62668)
Traceback (most recent call last):
  File "<m5-home>/.local/share/uv/python/cpython-3.12.13-macos-aarch64-none/lib/python3.12/socketserver.py", line 697, in process_request_thread
    self.finish_request(request, client_address)
  File "<m5-home>/.local/share/uv/python/cpython-3.12.13-macos-aarch64-none/lib/python3.12/socketserver.py", line 362, in finish_request
    self.RequestHandlerClass(request, client_address, self)
  File "<repo>/vendor/vlm-runtime/.venv/lib/python3.12/site-packages/mlx_lm/server.py", line 1716, in <lambda>
    lambda *args, **kwargs: handler_class(
                            ^^^^^^^^^^^^^^
  File "<repo>/vendor/vlm-runtime/.venv/lib/python3.12/site-packages/mlx_lm/server.py", line 1073, in __init__
    super().__init__(*args, **kwargs)
  File "<m5-home>/.local/share/uv/python/cpython-3.12.13-macos-aarch64-none/lib/python3.12/socketserver.py", line 766, in __init__
    self.handle()
  File "<m5-home>/.local/share/uv/python/cpython-3.12.13-macos-aarch64-none/lib/python3.12/http/server.py", line 440, in handle
    self.handle_one_request()
  File "<m5-home>/.local/share/uv/python/cpython-3.12.13-macos-aarch64-none/lib/python3.12/http/server.py", line 428, in handle_one_request
    method()
  File "<repo>/vendor/vlm-runtime/.venv/lib/python3.12/site-packages/mlx_lm/server.py", line 1625, in do_GET
    self.handle_models_request()
  File "<repo>/vendor/vlm-runtime/.venv/lib/python3.12/site-packages/mlx_lm/server.py", line 1668, in handle_models_request
    hf_cache_info = scan_cache_dir()
                    ^^^^^^^^^^^^^^^^
  File "<repo>/vendor/vlm-runtime/.venv/lib/python3.12/site-packages/huggingface_hub/utils/_cache_manager.py", line 777, in scan_cache_dir
    raise CacheNotFound(
huggingface_hub.errors.CacheNotFound: Cache directory not found: <repo>/.cache/huggingface/hub. Please use `cache_dir` argument or set `HF_HUB_CACHE` environment variable.
----------------------------------------
[transformers] You are using a model of type `mimo_v2` to instantiate a model of type ``. This may be expected if you are loading a checkpoint that shares a subset of the architecture (e.g., loading a `sam2_video` checkpoint into `Sam2Model`), but is otherwise not supported and can yield errors. Please verify that the checkpoint is compatible with the model you are instantiating.
127.0.0.1 - - [01/Oct/2026 20:42:47] "POST /v1/chat/completions HTTP/1.1" 200 -
2026-10-01 20:42:47,245 - INFO - Prompt Cache: 0 sequences, 0.00 GB
2026-10-01 20:42:47,245 - INFO - - assistant: 0 sequences, 0.00 GB
2026-10-01 20:42:47,245 - INFO - - user: 0 sequences, 0.00 GB
2026-10-01 20:42:47,245 - INFO - - system: 0 sequences, 0.00 GB
2026-10-01 20:42:47,294 - INFO - Prompt processing progress: 0/200001
2026-10-01 20:42:51,797 - INFO - Prompt processing progress: 2048/200001
2026-10-01 20:42:52,973 - INFO - Prompt processing progress: 4096/200001
2026-10-01 20:42:54,194 - INFO - Prompt processing progress: 6144/200001
2026-10-01 20:42:55,456 - INFO - Prompt processing progress: 8192/200001
2026-10-01 20:42:56,780 - INFO - Prompt processing progress: 10240/200001
2026-10-01 20:42:58,145 - INFO - Prompt processing progress: 12288/200001
2026-10-01 20:42:59,569 - INFO - Prompt processing progress: 14336/200001
2026-10-01 20:43:01,021 - INFO - Prompt processing progress: 16384/200001
2026-10-01 20:43:02,527 - INFO - Prompt processing progress: 18432/200001
2026-10-01 20:43:04,085 - INFO - Prompt processing progress: 20480/200001
2026-10-01 20:43:05,679 - INFO - Prompt processing progress: 22528/200001
2026-10-01 20:43:07,330 - INFO - Prompt processing progress: 24576/200001
2026-10-01 20:43:09,027 - INFO - Prompt processing progress: 26624/200001
2026-10-01 20:43:10,781 - INFO - Prompt processing progress: 28672/200001
2026-10-01 20:43:12,574 - INFO - Prompt processing progress: 30720/200001
2026-10-01 20:43:14,417 - INFO - Prompt processing progress: 32768/200001
2026-10-01 20:43:16,306 - INFO - Prompt processing progress: 34816/200001
2026-10-01 20:43:18,252 - INFO - Prompt processing progress: 36864/200001
2026-10-01 20:43:20,240 - INFO - Prompt processing progress: 38912/200001
2026-10-01 20:43:22,290 - INFO - Prompt processing progress: 40960/200001
2026-10-01 20:43:24,389 - INFO - Prompt processing progress: 43008/200001
2026-10-01 20:43:26,545 - INFO - Prompt processing progress: 45056/200001
2026-10-01 20:43:28,748 - INFO - Prompt processing progress: 47104/200001
2026-10-01 20:43:30,999 - INFO - Prompt processing progress: 49152/200001
2026-10-01 20:43:33,311 - INFO - Prompt processing progress: 51200/200001
2026-10-01 20:43:35,696 - INFO - Prompt processing progress: 53248/200001
2026-10-01 20:43:38,125 - INFO - Prompt processing progress: 55296/200001
2026-10-01 20:43:40,612 - INFO - Prompt processing progress: 57344/200001
2026-10-01 20:43:43,174 - INFO - Prompt processing progress: 59392/200001
2026-10-01 20:43:45,797 - INFO - Prompt processing progress: 61440/200001
2026-10-01 20:43:48,471 - INFO - Prompt processing progress: 63488/200001
2026-10-01 20:43:51,190 - INFO - Prompt processing progress: 65536/200001
2026-10-01 20:43:53,984 - INFO - Prompt processing progress: 67584/200001
2026-10-01 20:43:56,857 - INFO - Prompt processing progress: 69632/200001
2026-10-01 20:43:59,774 - INFO - Prompt processing progress: 71680/200001
2026-10-01 20:44:02,743 - INFO - Prompt processing progress: 73728/200001
2026-10-01 20:44:05,757 - INFO - Prompt processing progress: 75776/200001
2026-10-01 20:44:08,865 - INFO - Prompt processing progress: 77824/200001
2026-10-01 20:44:11,968 - INFO - Prompt processing progress: 79872/200001
2026-10-01 20:44:15,148 - INFO - Prompt processing progress: 81920/200001
2026-10-01 20:44:18,398 - INFO - Prompt processing progress: 83968/200001
2026-10-01 20:44:21,683 - INFO - Prompt processing progress: 86016/200001
2026-10-01 20:44:25,010 - INFO - Prompt processing progress: 88064/200001
2026-10-01 20:44:28,394 - INFO - Prompt processing progress: 90112/200001
2026-10-01 20:44:31,857 - INFO - Prompt processing progress: 92160/200001
2026-10-01 20:44:35,358 - INFO - Prompt processing progress: 94208/200001
2026-10-01 20:44:38,901 - INFO - Prompt processing progress: 96256/200001
2026-10-01 20:44:42,495 - INFO - Prompt processing progress: 98304/200001
2026-10-01 20:44:46,151 - INFO - Prompt processing progress: 100352/200001
2026-10-01 20:44:49,860 - INFO - Prompt processing progress: 102400/200001
2026-10-01 20:44:53,618 - INFO - Prompt processing progress: 104448/200001
2026-10-01 20:44:57,437 - INFO - Prompt processing progress: 106496/200001
2026-10-01 20:45:01,304 - INFO - Prompt processing progress: 108544/200001
2026-10-01 20:45:05,240 - INFO - Prompt processing progress: 110592/200001
2026-10-01 20:45:09,234 - INFO - Prompt processing progress: 112640/200001
2026-10-01 20:45:13,287 - INFO - Prompt processing progress: 114688/200001
2026-10-01 20:45:17,402 - INFO - Prompt processing progress: 116736/200001
2026-10-01 20:45:21,531 - INFO - Prompt processing progress: 118784/200001
2026-10-01 20:45:25,736 - INFO - Prompt processing progress: 120832/200001
2026-10-01 20:45:30,019 - INFO - Prompt processing progress: 122880/200001
2026-10-01 20:45:34,330 - INFO - Prompt processing progress: 124928/200001
2026-10-01 20:45:38,684 - INFO - Prompt processing progress: 126976/200001
2026-10-01 20:45:43,079 - INFO - Prompt processing progress: 129024/200001
2026-10-01 20:45:47,530 - INFO - Prompt processing progress: 131072/200001
2026-10-01 20:45:52,064 - INFO - Prompt processing progress: 133120/200001
2026-10-01 20:45:56,645 - INFO - Prompt processing progress: 135168/200001
2026-10-01 20:46:01,297 - INFO - Prompt processing progress: 137216/200001
2026-10-01 20:46:06,023 - INFO - Prompt processing progress: 139264/200001
2026-10-01 20:46:10,749 - INFO - Prompt processing progress: 141312/200001
2026-10-01 20:46:15,577 - INFO - Prompt processing progress: 143360/200001
2026-10-01 20:46:20,451 - INFO - Prompt processing progress: 145408/200001
2026-10-01 20:46:25,351 - INFO - Prompt processing progress: 147456/200001
2026-10-01 20:46:30,305 - INFO - Prompt processing progress: 149504/200001
2026-10-01 20:46:35,326 - INFO - Prompt processing progress: 151552/200001
2026-10-01 20:46:40,401 - INFO - Prompt processing progress: 153600/200001
2026-10-01 20:46:45,567 - INFO - Prompt processing progress: 155648/200001
2026-10-01 20:46:50,758 - INFO - Prompt processing progress: 157696/200001
2026-10-01 20:46:55,997 - INFO - Prompt processing progress: 159744/200001
2026-10-01 20:47:01,307 - INFO - Prompt processing progress: 161792/200001
2026-10-01 20:47:06,660 - INFO - Prompt processing progress: 163840/200001
2026-10-01 20:47:12,065 - INFO - Prompt processing progress: 165888/200001
2026-10-01 20:47:17,563 - INFO - Prompt processing progress: 167936/200001
2026-10-01 20:47:23,090 - INFO - Prompt processing progress: 169984/200001
2026-10-01 20:47:28,670 - INFO - Prompt processing progress: 172032/200001
2026-10-01 20:47:34,302 - INFO - Prompt processing progress: 174080/200001
2026-10-01 20:47:39,973 - INFO - Prompt processing progress: 176128/200001
2026-10-01 20:47:45,758 - INFO - Prompt processing progress: 178176/200001
2026-10-01 20:47:51,560 - INFO - Prompt processing progress: 180224/200001
2026-10-01 20:47:57,417 - INFO - Prompt processing progress: 182272/200001
2026-10-01 20:48:03,371 - INFO - Prompt processing progress: 184320/200001
2026-10-01 20:48:09,320 - INFO - Prompt processing progress: 186368/200001
2026-10-01 20:48:15,319 - INFO - Prompt processing progress: 188416/200001
2026-10-01 20:48:21,393 - INFO - Prompt processing progress: 190464/200001
2026-10-01 20:48:35,806 - INFO - Prompt processing progress: 192512/200001
2026-10-01 20:48:51,214 - INFO - Prompt processing progress: 194560/200001
2026-10-01 20:49:10,232 - INFO - Prompt processing progress: 196608/200001
2026-10-01 20:49:31,080 - INFO - Prompt processing progress: 198656/200001
2026-10-01 20:49:35,321 - INFO - Prompt processing progress: 200000/200001
2026-10-01 20:49:35,453 - INFO - Prompt processing progress: 200001/200001
127.0.0.1 - - [01/Oct/2026 20:49:36] "POST /v1/chat/completions HTTP/1.1" 200 -
2026-10-01 20:49:36,119 - INFO - Prompt Cache: 1 sequences, 4.64 GB
2026-10-01 20:49:36,119 - INFO - - assistant: 1 sequences, 4.64 GB
2026-10-01 20:49:36,119 - INFO - - user: 0 sequences, 0.00 GB
2026-10-01 20:49:36,119 - INFO - - system: 0 sequences, 0.00 GB
2026-10-01 20:49:36,180 - INFO - Prompt processing progress: 0/3646
2026-10-01 20:49:50,950 - INFO - Prompt processing progress: 2048/3646
2026-10-01 20:49:56,334 - INFO - Prompt processing progress: 3645/3646
2026-10-01 20:49:56,477 - INFO - Prompt processing progress: 3646/3646
127.0.0.1 - - [01/Oct/2026 20:49:57] "POST /v1/chat/completions HTTP/1.1" 200 -
2026-10-01 20:49:57,099 - INFO - Prompt Cache: 1 sequences, 4.72 GB
2026-10-01 20:49:57,099 - INFO - - assistant: 1 sequences, 4.72 GB
2026-10-01 20:49:57,099 - INFO - - user: 0 sequences, 0.00 GB
2026-10-01 20:49:57,099 - INFO - - system: 0 sequences, 0.00 GB
2026-10-01 20:49:57,159 - INFO - Prompt processing progress: 0/3513
2026-10-01 20:50:13,833 - INFO - Prompt processing progress: 2048/3513
2026-10-01 20:50:18,592 - INFO - Prompt processing progress: 3512/3513
2026-10-01 20:50:18,741 - INFO - Prompt processing progress: 3513/3513
127.0.0.1 - - [01/Oct/2026 20:50:19] "POST /v1/chat/completions HTTP/1.1" 200 -
2026-10-01 20:50:19,370 - INFO - Prompt Cache: 1 sequences, 4.80 GB
2026-10-01 20:50:19,370 - INFO - - assistant: 1 sequences, 4.80 GB
2026-10-01 20:50:19,370 - INFO - - user: 0 sequences, 0.00 GB
2026-10-01 20:50:19,370 - INFO - - system: 0 sequences, 0.00 GB
2026-10-01 20:50:19,430 - INFO - Prompt processing progress: 0/2972
2026-10-01 20:50:35,069 - INFO - Prompt processing progress: 2048/2972
2026-10-01 20:50:38,350 - INFO - Prompt processing progress: 2971/2972
2026-10-01 20:50:38,466 - INFO - Prompt processing progress: 2972/2972
127.0.0.1 - - [01/Oct/2026 20:50:39] "POST /v1/chat/completions HTTP/1.1" 200 -
2026-10-01 20:50:39,124 - INFO - Prompt Cache: 1 sequences, 4.87 GB
2026-10-01 20:50:39,124 - INFO - - assistant: 1 sequences, 4.87 GB
2026-10-01 20:50:39,124 - INFO - - user: 0 sequences, 0.00 GB
2026-10-01 20:50:39,124 - INFO - - system: 0 sequences, 0.00 GB
2026-10-01 20:50:39,184 - INFO - Prompt processing progress: 0/819
2026-10-01 20:50:41,879 - INFO - Prompt processing progress: 818/819
2026-10-01 20:50:41,994 - INFO - Prompt processing progress: 819/819
127.0.0.1 - - [01/Oct/2026 20:50:42] "POST /v1/chat/completions HTTP/1.1" 200 -
2026-10-01 20:50:42,667 - INFO - Prompt Cache: 1 sequences, 4.89 GB
2026-10-01 20:50:42,667 - INFO - - assistant: 1 sequences, 4.89 GB
2026-10-01 20:50:42,667 - INFO - - user: 0 sequences, 0.00 GB
2026-10-01 20:50:42,667 - INFO - - system: 0 sequences, 0.00 GB
2026-10-01 20:50:42,725 - INFO - Prompt processing progress: 0/2071
2026-10-01 20:50:59,139 - INFO - Prompt processing progress: 2048/2071
2026-10-01 20:50:59,432 - INFO - Prompt processing progress: 2070/2071
2026-10-01 20:50:59,499 - INFO - Prompt processing progress: 2071/2071
127.0.0.1 - - [01/Oct/2026 20:51:00] "POST /v1/chat/completions HTTP/1.1" 200 -
2026-10-01 20:51:00,236 - INFO - Prompt Cache: 1 sequences, 4.94 GB
2026-10-01 20:51:00,236 - INFO - - assistant: 1 sequences, 4.94 GB
2026-10-01 20:51:00,236 - INFO - - user: 0 sequences, 0.00 GB
2026-10-01 20:51:00,236 - INFO - - system: 0 sequences, 0.00 GB
2026-10-01 20:51:00,295 - INFO - Prompt processing progress: 0/1778
2026-10-01 20:51:12,061 - INFO - Prompt processing progress: 1777/1778
2026-10-01 20:51:12,118 - INFO - Prompt processing progress: 1778/1778
127.0.0.1 - - [01/Oct/2026 20:51:19] "POST /v1/chat/completions HTTP/1.1" 200 -
2026-10-01 20:51:19,432 - INFO - Prompt Cache: 1 sequences, 4.98 GB
2026-10-01 20:51:19,432 - INFO - - assistant: 1 sequences, 4.98 GB
2026-10-01 20:51:19,432 - INFO - - user: 0 sequences, 0.00 GB
2026-10-01 20:51:19,432 - INFO - - system: 0 sequences, 0.00 GB
2026-10-01 20:51:19,493 - INFO - Prompt processing progress: 0/3646
2026-10-01 20:51:39,990 - INFO - Prompt processing progress: 2048/3646
2026-10-01 20:51:45,374 - INFO - Prompt processing progress: 3645/3646
2026-10-01 20:51:45,523 - INFO - Prompt processing progress: 3646/3646
