<M5_REPO>/vendor/vlm-runtime/.venv/lib/python3.12/site-packages/mlx_lm/server.py:1723: UserWarning: mlx_lm.server is not recommended for production as it only implements basic security checks.
  warnings.warn(
2026-10-02 19:43:27,685 - INFO - Starting httpd at 127.0.0.1 on port 18185...
127.0.0.1 - - [02/Oct/2026 19:43:28] "GET /v1/models HTTP/1.1" 200 -
[transformers] You are using a model of type `mimo_v2` to instantiate a model of type ``. This may be expected if you are loading a checkpoint that shares a subset of the architecture (e.g., loading a `sam2_video` checkpoint into `Sam2Model`), but is otherwise not supported and can yield errors. Please verify that the checkpoint is compatible with the model you are instantiating.
127.0.0.1 - - [02/Oct/2026 19:43:43] "POST /v1/chat/completions HTTP/1.1" 200 -
2026-10-02 19:43:43,000 - INFO - Prompt Cache: 0 sequences, 0.00 GB
2026-10-02 19:43:43,000 - INFO - - assistant: 0 sequences, 0.00 GB
2026-10-02 19:43:43,000 - INFO - - user: 0 sequences, 0.00 GB
2026-10-02 19:43:43,000 - INFO - - system: 0 sequences, 0.00 GB
2026-10-02 19:43:43,047 - INFO - Prompt processing progress: 0/200027
2026-10-02 19:43:47,747 - INFO - Prompt processing progress: 2048/200027
2026-10-02 19:43:48,911 - INFO - Prompt processing progress: 4096/200027
2026-10-02 19:43:50,117 - INFO - Prompt processing progress: 6144/200027
2026-10-02 19:43:51,363 - INFO - Prompt processing progress: 8192/200027
2026-10-02 19:43:52,657 - INFO - Prompt processing progress: 10240/200027
2026-10-02 19:43:54,009 - INFO - Prompt processing progress: 12288/200027
2026-10-02 19:43:55,406 - INFO - Prompt processing progress: 14336/200027
2026-10-02 19:43:56,843 - INFO - Prompt processing progress: 16384/200027
2026-10-02 19:43:58,335 - INFO - Prompt processing progress: 18432/200027
2026-10-02 19:43:59,874 - INFO - Prompt processing progress: 20480/200027
2026-10-02 19:44:01,458 - INFO - Prompt processing progress: 22528/200027
2026-10-02 19:44:03,090 - INFO - Prompt processing progress: 24576/200027
2026-10-02 19:44:04,771 - INFO - Prompt processing progress: 26624/200027
2026-10-02 19:44:06,501 - INFO - Prompt processing progress: 28672/200027
2026-10-02 19:44:08,267 - INFO - Prompt processing progress: 30720/200027
2026-10-02 19:44:10,090 - INFO - Prompt processing progress: 32768/200027
2026-10-02 19:44:11,959 - INFO - Prompt processing progress: 34816/200027
2026-10-02 19:44:13,889 - INFO - Prompt processing progress: 36864/200027
2026-10-02 19:44:15,855 - INFO - Prompt processing progress: 38912/200027
2026-10-02 19:44:17,884 - INFO - Prompt processing progress: 40960/200027
2026-10-02 19:44:19,965 - INFO - Prompt processing progress: 43008/200027
2026-10-02 19:44:22,099 - INFO - Prompt processing progress: 45056/200027
2026-10-02 19:44:24,285 - INFO - Prompt processing progress: 47104/200027
2026-10-02 19:44:26,538 - INFO - Prompt processing progress: 49152/200027
2026-10-02 19:44:28,834 - INFO - Prompt processing progress: 51200/200027
2026-10-02 19:44:31,205 - INFO - Prompt processing progress: 53248/200027
2026-10-02 19:44:33,625 - INFO - Prompt processing progress: 55296/200027
2026-10-02 19:44:36,105 - INFO - Prompt processing progress: 57344/200027
2026-10-02 19:44:38,653 - INFO - Prompt processing progress: 59392/200027
2026-10-02 19:44:41,269 - INFO - Prompt processing progress: 61440/200027
2026-10-02 19:44:43,936 - INFO - Prompt processing progress: 63488/200027
2026-10-02 19:44:46,652 - INFO - Prompt processing progress: 65536/200027
2026-10-02 19:44:49,424 - INFO - Prompt processing progress: 67584/200027
2026-10-02 19:44:52,260 - INFO - Prompt processing progress: 69632/200027
2026-10-02 19:44:55,147 - INFO - Prompt processing progress: 71680/200027
2026-10-02 19:44:58,089 - INFO - Prompt processing progress: 73728/200027
2026-10-02 19:45:01,084 - INFO - Prompt processing progress: 75776/200027
2026-10-02 19:45:04,142 - INFO - Prompt processing progress: 77824/200027
2026-10-02 19:45:07,236 - INFO - Prompt processing progress: 79872/200027
2026-10-02 19:45:10,384 - INFO - Prompt processing progress: 81920/200027
2026-10-02 19:45:13,598 - INFO - Prompt processing progress: 83968/200027
2026-10-02 19:45:16,861 - INFO - Prompt processing progress: 86016/200027
2026-10-02 19:45:20,168 - INFO - Prompt processing progress: 88064/200027
2026-10-02 19:45:23,531 - INFO - Prompt processing progress: 90112/200027
2026-10-02 19:45:26,972 - INFO - Prompt processing progress: 92160/200027
2026-10-02 19:45:30,453 - INFO - Prompt processing progress: 94208/200027
2026-10-02 19:45:33,977 - INFO - Prompt processing progress: 96256/200027
2026-10-02 19:45:37,552 - INFO - Prompt processing progress: 98304/200027
2026-10-02 19:45:41,175 - INFO - Prompt processing progress: 100352/200027
2026-10-02 19:45:44,846 - INFO - Prompt processing progress: 102400/200027
2026-10-02 19:45:48,577 - INFO - Prompt processing progress: 104448/200027
2026-10-02 19:45:52,372 - INFO - Prompt processing progress: 106496/200027
2026-10-02 19:45:56,201 - INFO - Prompt processing progress: 108544/200027
2026-10-02 19:46:00,103 - INFO - Prompt processing progress: 110592/200027
2026-10-02 19:46:04,074 - INFO - Prompt processing progress: 112640/200027
2026-10-02 19:46:08,076 - INFO - Prompt processing progress: 114688/200027
2026-10-02 19:46:12,137 - INFO - Prompt processing progress: 116736/200027
2026-10-02 19:46:16,247 - INFO - Prompt processing progress: 118784/200027
2026-10-02 19:46:20,427 - INFO - Prompt processing progress: 120832/200027
2026-10-02 19:46:24,689 - INFO - Prompt processing progress: 122880/200027
2026-10-02 19:46:28,968 - INFO - Prompt processing progress: 124928/200027
2026-10-02 19:46:33,318 - INFO - Prompt processing progress: 126976/200027
2026-10-02 19:46:37,700 - INFO - Prompt processing progress: 129024/200027
2026-10-02 19:46:42,120 - INFO - Prompt processing progress: 131072/200027
2026-10-02 19:46:46,609 - INFO - Prompt processing progress: 133120/200027
2026-10-02 19:46:51,147 - INFO - Prompt processing progress: 135168/200027
2026-10-02 19:46:55,755 - INFO - Prompt processing progress: 137216/200027
2026-10-02 19:47:00,429 - INFO - Prompt processing progress: 139264/200027
2026-10-02 19:47:05,106 - INFO - Prompt processing progress: 141312/200027
2026-10-02 19:47:09,868 - INFO - Prompt processing progress: 143360/200027
2026-10-02 19:47:14,707 - INFO - Prompt processing progress: 145408/200027
2026-10-02 19:47:19,612 - INFO - Prompt processing progress: 147456/200027
2026-10-02 19:47:24,562 - INFO - Prompt processing progress: 149504/200027
2026-10-02 19:47:29,545 - INFO - Prompt processing progress: 151552/200027
2026-10-02 19:47:34,568 - INFO - Prompt processing progress: 153600/200027
2026-10-02 19:47:39,700 - INFO - Prompt processing progress: 155648/200027
2026-10-02 19:47:44,857 - INFO - Prompt processing progress: 157696/200027
2026-10-02 19:47:50,035 - INFO - Prompt processing progress: 159744/200027
2026-10-02 19:47:55,277 - INFO - Prompt processing progress: 161792/200027
2026-10-02 19:48:00,573 - INFO - Prompt processing progress: 163840/200027
2026-10-02 19:48:05,925 - INFO - Prompt processing progress: 165888/200027
2026-10-02 19:48:11,362 - INFO - Prompt processing progress: 167936/200027
2026-10-02 19:48:16,851 - INFO - Prompt processing progress: 169984/200027
2026-10-02 19:48:22,411 - INFO - Prompt processing progress: 172032/200027
2026-10-02 19:48:27,984 - INFO - Prompt processing progress: 174080/200027
2026-10-02 19:48:33,613 - INFO - Prompt processing progress: 176128/200027
2026-10-02 19:48:39,348 - INFO - Prompt processing progress: 178176/200027
2026-10-02 19:48:45,084 - INFO - Prompt processing progress: 180224/200027
2026-10-02 19:48:50,896 - INFO - Prompt processing progress: 182272/200027
2026-10-02 19:48:56,755 - INFO - Prompt processing progress: 184320/200027
2026-10-02 19:49:02,670 - INFO - Prompt processing progress: 186368/200027
2026-10-02 19:49:08,646 - INFO - Prompt processing progress: 188416/200027
2026-10-02 19:49:14,673 - INFO - Prompt processing progress: 190464/200027
2026-10-02 19:49:28,936 - INFO - Prompt processing progress: 192512/200027
2026-10-02 19:49:43,248 - INFO - Prompt processing progress: 194560/200027
2026-10-02 19:49:58,732 - INFO - Prompt processing progress: 196608/200027
2026-10-02 19:50:13,111 - INFO - Prompt processing progress: 198656/200027
2026-10-02 19:50:17,633 - INFO - Prompt processing progress: 200026/200027
2026-10-02 19:50:17,758 - INFO - Prompt processing progress: 200027/200027
127.0.0.1 - - [02/Oct/2026 19:50:28] "POST /v1/chat/completions HTTP/1.1" 200 -
2026-10-02 19:50:28,368 - INFO - Prompt Cache: 0 sequences, 0.00 GB
2026-10-02 19:50:28,368 - INFO - - assistant: 0 sequences, 0.00 GB
2026-10-02 19:50:28,368 - INFO - - user: 0 sequences, 0.00 GB
2026-10-02 19:50:28,368 - INFO - - system: 0 sequences, 0.00 GB
2026-10-02 19:50:28,415 - INFO - Prompt processing progress: 0/200031
2026-10-02 19:50:31,135 - INFO - Prompt processing progress: 2048/200031
2026-10-02 19:50:32,313 - INFO - Prompt processing progress: 4096/200031
2026-10-02 19:50:33,532 - INFO - Prompt processing progress: 6144/200031
2026-10-02 19:50:34,791 - INFO - Prompt processing progress: 8192/200031
2026-10-02 19:50:36,107 - INFO - Prompt processing progress: 10240/200031
2026-10-02 19:50:37,474 - INFO - Prompt processing progress: 12288/200031
2026-10-02 19:50:38,895 - INFO - Prompt processing progress: 14336/200031
2026-10-02 19:50:40,362 - INFO - Prompt processing progress: 16384/200031
2026-10-02 19:50:41,883 - INFO - Prompt processing progress: 18432/200031
2026-10-02 19:50:43,458 - INFO - Prompt processing progress: 20480/200031
2026-10-02 19:50:45,073 - INFO - Prompt processing progress: 22528/200031
2026-10-02 19:50:46,736 - INFO - Prompt processing progress: 24576/200031
2026-10-02 19:50:48,443 - INFO - Prompt processing progress: 26624/200031
2026-10-02 19:50:50,209 - INFO - Prompt processing progress: 28672/200031
2026-10-02 19:50:52,013 - INFO - Prompt processing progress: 30720/200031
2026-10-02 19:50:53,873 - INFO - Prompt processing progress: 32768/200031
2026-10-02 19:50:55,777 - INFO - Prompt processing progress: 34816/200031
2026-10-02 19:50:57,750 - INFO - Prompt processing progress: 36864/200031
2026-10-02 19:50:59,755 - INFO - Prompt processing progress: 38912/200031
2026-10-02 19:51:01,821 - INFO - Prompt processing progress: 40960/200031
2026-10-02 19:51:03,940 - INFO - Prompt processing progress: 43008/200031
2026-10-02 19:51:06,114 - INFO - Prompt processing progress: 45056/200031
2026-10-02 19:51:08,341 - INFO - Prompt processing progress: 47104/200031
2026-10-02 19:51:10,624 - INFO - Prompt processing progress: 49152/200031
2026-10-02 19:51:12,956 - INFO - Prompt processing progress: 51200/200031
2026-10-02 19:51:15,365 - INFO - Prompt processing progress: 53248/200031
2026-10-02 19:51:17,846 - INFO - Prompt processing progress: 55296/200031
2026-10-02 19:51:20,365 - INFO - Prompt processing progress: 57344/200031
2026-10-02 19:51:22,942 - INFO - Prompt processing progress: 59392/200031
2026-10-02 19:51:25,600 - INFO - Prompt processing progress: 61440/200031
2026-10-02 19:51:28,299 - INFO - Prompt processing progress: 63488/200031
2026-10-02 19:51:31,060 - INFO - Prompt processing progress: 65536/200031
2026-10-02 19:51:33,857 - INFO - Prompt processing progress: 67584/200031
2026-10-02 19:51:36,735 - INFO - Prompt processing progress: 69632/200031
2026-10-02 19:51:39,671 - INFO - Prompt processing progress: 71680/200031
2026-10-02 19:51:42,643 - INFO - Prompt processing progress: 73728/200031
2026-10-02 19:51:45,684 - INFO - Prompt processing progress: 75776/200031
2026-10-02 19:51:48,772 - INFO - Prompt processing progress: 77824/200031
2026-10-02 19:51:51,890 - INFO - Prompt processing progress: 79872/200031
2026-10-02 19:51:55,072 - INFO - Prompt processing progress: 81920/200031
2026-10-02 19:51:58,301 - INFO - Prompt processing progress: 83968/200031
2026-10-02 19:52:01,596 - INFO - Prompt processing progress: 86016/200031
2026-10-02 19:52:04,927 - INFO - Prompt processing progress: 88064/200031
2026-10-02 19:52:08,325 - INFO - Prompt processing progress: 90112/200031
2026-10-02 19:52:11,805 - INFO - Prompt processing progress: 92160/200031
2026-10-02 19:52:15,292 - INFO - Prompt processing progress: 94208/200031
2026-10-02 19:52:18,839 - INFO - Prompt processing progress: 96256/200031
2026-10-02 19:52:22,435 - INFO - Prompt processing progress: 98304/200031
2026-10-02 19:52:26,088 - INFO - Prompt processing progress: 100352/200031
2026-10-02 19:52:29,783 - INFO - Prompt processing progress: 102400/200031
2026-10-02 19:52:33,526 - INFO - Prompt processing progress: 104448/200031
2026-10-02 19:52:37,351 - INFO - Prompt processing progress: 106496/200031
2026-10-02 19:52:41,202 - INFO - Prompt processing progress: 108544/200031
2026-10-02 19:52:45,114 - INFO - Prompt processing progress: 110592/200031
2026-10-02 19:52:49,101 - INFO - Prompt processing progress: 112640/200031
2026-10-02 19:52:53,123 - INFO - Prompt processing progress: 114688/200031
2026-10-02 19:52:57,198 - INFO - Prompt processing progress: 116736/200031
2026-10-02 19:53:01,310 - INFO - Prompt processing progress: 118784/200031
2026-10-02 19:53:05,467 - INFO - Prompt processing progress: 120832/200031
2026-10-02 19:53:09,715 - INFO - Prompt processing progress: 122880/200031
2026-10-02 19:53:14,000 - INFO - Prompt processing progress: 124928/200031
2026-10-02 19:53:18,324 - INFO - Prompt processing progress: 126976/200031
2026-10-02 19:53:22,719 - INFO - Prompt processing progress: 129024/200031
2026-10-02 19:53:27,124 - INFO - Prompt processing progress: 131072/200031
2026-10-02 19:53:31,607 - INFO - Prompt processing progress: 133120/200031
2026-10-02 19:53:36,132 - INFO - Prompt processing progress: 135168/200031
2026-10-02 19:53:40,741 - INFO - Prompt processing progress: 137216/200031
2026-10-02 19:53:45,424 - INFO - Prompt processing progress: 139264/200031
2026-10-02 19:53:50,121 - INFO - Prompt processing progress: 141312/200031
2026-10-02 19:53:54,896 - INFO - Prompt processing progress: 143360/200031
2026-10-02 19:53:59,726 - INFO - Prompt processing progress: 145408/200031
2026-10-02 19:54:04,577 - INFO - Prompt processing progress: 147456/200031
2026-10-02 19:54:09,482 - INFO - Prompt processing progress: 149504/200031
2026-10-02 19:54:14,437 - INFO - Prompt processing progress: 151552/200031
2026-10-02 19:54:19,452 - INFO - Prompt processing progress: 153600/200031
2026-10-02 19:54:24,561 - INFO - Prompt processing progress: 155648/200031
2026-10-02 19:54:29,724 - INFO - Prompt processing progress: 157696/200031
2026-10-02 19:54:34,895 - INFO - Prompt processing progress: 159744/200031
2026-10-02 19:54:40,135 - INFO - Prompt processing progress: 161792/200031
2026-10-02 19:54:45,397 - INFO - Prompt processing progress: 163840/200031
2026-10-02 19:54:50,727 - INFO - Prompt processing progress: 165888/200031
2026-10-02 19:54:56,153 - INFO - Prompt processing progress: 167936/200031
2026-10-02 19:55:01,616 - INFO - Prompt processing progress: 169984/200031
2026-10-02 19:55:07,155 - INFO - Prompt processing progress: 172032/200031
2026-10-02 19:55:12,718 - INFO - Prompt processing progress: 174080/200031
2026-10-02 19:55:18,308 - INFO - Prompt processing progress: 176128/200031
2026-10-02 19:55:24,021 - INFO - Prompt processing progress: 178176/200031
2026-10-02 19:55:29,770 - INFO - Prompt processing progress: 180224/200031
2026-10-02 19:55:35,554 - INFO - Prompt processing progress: 182272/200031
2026-10-02 19:55:41,432 - INFO - Prompt processing progress: 184320/200031
2026-10-02 19:55:47,303 - INFO - Prompt processing progress: 186368/200031
2026-10-02 19:55:53,233 - INFO - Prompt processing progress: 188416/200031
2026-10-02 19:55:59,217 - INFO - Prompt processing progress: 190464/200031
2026-10-02 19:56:13,159 - INFO - Prompt processing progress: 192512/200031
2026-10-02 19:56:27,483 - INFO - Prompt processing progress: 194560/200031
2026-10-02 19:56:42,951 - INFO - Prompt processing progress: 196608/200031
2026-10-02 19:56:58,872 - INFO - Prompt processing progress: 198656/200031
2026-10-02 19:57:03,381 - INFO - Prompt processing progress: 200030/200031
2026-10-02 19:57:03,518 - INFO - Prompt processing progress: 200031/200031
127.0.0.1 - - [02/Oct/2026 19:57:14] "POST /v1/chat/completions HTTP/1.1" 200 -
2026-10-02 19:57:14,099 - INFO - Prompt Cache: 0 sequences, 0.00 GB
2026-10-02 19:57:14,099 - INFO - - assistant: 0 sequences, 0.00 GB
2026-10-02 19:57:14,099 - INFO - - user: 0 sequences, 0.00 GB
2026-10-02 19:57:14,099 - INFO - - system: 0 sequences, 0.00 GB
2026-10-02 19:57:14,143 - INFO - Prompt processing progress: 0/200030
2026-10-02 19:57:17,054 - INFO - Prompt processing progress: 2048/200030
2026-10-02 19:57:18,236 - INFO - Prompt processing progress: 4096/200030
2026-10-02 19:57:19,454 - INFO - Prompt processing progress: 6144/200030
2026-10-02 19:57:20,715 - INFO - Prompt processing progress: 8192/200030
2026-10-02 19:57:22,030 - INFO - Prompt processing progress: 10240/200030
2026-10-02 19:57:23,393 - INFO - Prompt processing progress: 12288/200030
2026-10-02 19:57:24,816 - INFO - Prompt processing progress: 14336/200030
2026-10-02 19:57:26,287 - INFO - Prompt processing progress: 16384/200030
2026-10-02 19:57:27,800 - INFO - Prompt processing progress: 18432/200030
2026-10-02 19:57:29,365 - INFO - Prompt processing progress: 20480/200030
2026-10-02 19:57:30,990 - INFO - Prompt processing progress: 22528/200030
2026-10-02 19:57:32,656 - INFO - Prompt processing progress: 24576/200030
2026-10-02 19:57:34,372 - INFO - Prompt processing progress: 26624/200030
2026-10-02 19:57:36,130 - INFO - Prompt processing progress: 28672/200030
2026-10-02 19:57:37,944 - INFO - Prompt processing progress: 30720/200030
2026-10-02 19:57:39,819 - INFO - Prompt processing progress: 32768/200030
2026-10-02 19:57:41,723 - INFO - Prompt processing progress: 34816/200030
2026-10-02 19:57:43,693 - INFO - Prompt processing progress: 36864/200030
2026-10-02 19:57:45,710 - INFO - Prompt processing progress: 38912/200030
2026-10-02 19:57:47,769 - INFO - Prompt processing progress: 40960/200030
2026-10-02 19:57:49,885 - INFO - Prompt processing progress: 43008/200030
2026-10-02 19:57:52,057 - INFO - Prompt processing progress: 45056/200030
2026-10-02 19:57:54,292 - INFO - Prompt processing progress: 47104/200030
2026-10-02 19:57:56,573 - INFO - Prompt processing progress: 49152/200030
2026-10-02 19:57:58,918 - INFO - Prompt processing progress: 51200/200030
2026-10-02 19:58:01,333 - INFO - Prompt processing progress: 53248/200030
2026-10-02 19:58:03,785 - INFO - Prompt processing progress: 55296/200030
2026-10-02 19:58:06,312 - INFO - Prompt processing progress: 57344/200030
2026-10-02 19:58:08,893 - INFO - Prompt processing progress: 59392/200030
2026-10-02 19:58:11,544 - INFO - Prompt processing progress: 61440/200030
2026-10-02 19:58:14,240 - INFO - Prompt processing progress: 63488/200030
2026-10-02 19:58:16,996 - INFO - Prompt processing progress: 65536/200030
2026-10-02 19:58:19,810 - INFO - Prompt processing progress: 67584/200030
2026-10-02 19:58:22,691 - INFO - Prompt processing progress: 69632/200030
2026-10-02 19:58:25,622 - INFO - Prompt processing progress: 71680/200030
2026-10-02 19:58:28,614 - INFO - Prompt processing progress: 73728/200030
2026-10-02 19:58:31,644 - INFO - Prompt processing progress: 75776/200030
2026-10-02 19:58:34,734 - INFO - Prompt processing progress: 77824/200030
2026-10-02 19:58:37,850 - INFO - Prompt processing progress: 79872/200030
2026-10-02 19:58:41,008 - INFO - Prompt processing progress: 81920/200030
2026-10-02 19:58:44,253 - INFO - Prompt processing progress: 83968/200030
2026-10-02 19:58:47,539 - INFO - Prompt processing progress: 86016/200030
2026-10-02 19:58:50,868 - INFO - Prompt processing progress: 88064/200030
2026-10-02 19:58:54,246 - INFO - Prompt processing progress: 90112/200030
2026-10-02 19:58:57,713 - INFO - Prompt processing progress: 92160/200030
2026-10-02 19:59:01,196 - INFO - Prompt processing progress: 94208/200030
2026-10-02 19:59:04,737 - INFO - Prompt processing progress: 96256/200030
2026-10-02 19:59:08,331 - INFO - Prompt processing progress: 98304/200030
2026-10-02 19:59:11,986 - INFO - Prompt processing progress: 100352/200030
2026-10-02 19:59:15,688 - INFO - Prompt processing progress: 102400/200030
2026-10-02 19:59:19,432 - INFO - Prompt processing progress: 104448/200030
2026-10-02 19:59:23,246 - INFO - Prompt processing progress: 106496/200030
2026-10-02 19:59:27,080 - INFO - Prompt processing progress: 108544/200030
2026-10-02 19:59:30,990 - INFO - Prompt processing progress: 110592/200030
2026-10-02 19:59:34,965 - INFO - Prompt processing progress: 112640/200030
2026-10-02 19:59:38,992 - INFO - Prompt processing progress: 114688/200030
2026-10-02 19:59:43,064 - INFO - Prompt processing progress: 116736/200030
2026-10-02 19:59:47,193 - INFO - Prompt processing progress: 118784/200030
2026-10-02 19:59:51,349 - INFO - Prompt processing progress: 120832/200030
2026-10-02 19:59:55,598 - INFO - Prompt processing progress: 122880/200030
2026-10-02 19:59:59,878 - INFO - Prompt processing progress: 124928/200030
2026-10-02 20:00:04,202 - INFO - Prompt processing progress: 126976/200030
2026-10-02 20:00:08,595 - INFO - Prompt processing progress: 129024/200030
2026-10-02 20:00:12,993 - INFO - Prompt processing progress: 131072/200030
2026-10-02 20:00:17,489 - INFO - Prompt processing progress: 133120/200030
2026-10-02 20:00:22,029 - INFO - Prompt processing progress: 135168/200030
2026-10-02 20:00:26,631 - INFO - Prompt processing progress: 137216/200030
2026-10-02 20:00:31,305 - INFO - Prompt processing progress: 139264/200030
2026-10-02 20:00:35,997 - INFO - Prompt processing progress: 141312/200030
2026-10-02 20:00:40,743 - INFO - Prompt processing progress: 143360/200030
2026-10-02 20:00:45,561 - INFO - Prompt processing progress: 145408/200030
2026-10-02 20:00:50,421 - INFO - Prompt processing progress: 147456/200030
2026-10-02 20:00:55,328 - INFO - Prompt processing progress: 149504/200030
2026-10-02 20:01:00,326 - INFO - Prompt processing progress: 151552/200030
2026-10-02 20:01:05,332 - INFO - Prompt processing progress: 153600/200030
2026-10-02 20:01:10,435 - INFO - Prompt processing progress: 155648/200030
2026-10-02 20:01:15,589 - INFO - Prompt processing progress: 157696/200030
2026-10-02 20:01:20,804 - INFO - Prompt processing progress: 159744/200030
2026-10-02 20:01:26,039 - INFO - Prompt processing progress: 161792/200030
2026-10-02 20:01:31,302 - INFO - Prompt processing progress: 163840/200030
2026-10-02 20:01:36,644 - INFO - Prompt processing progress: 165888/200030
2026-10-02 20:01:42,068 - INFO - Prompt processing progress: 167936/200030
2026-10-02 20:01:47,519 - INFO - Prompt processing progress: 169984/200030
2026-10-02 20:01:53,052 - INFO - Prompt processing progress: 172032/200030
2026-10-02 20:01:58,633 - INFO - Prompt processing progress: 174080/200030
2026-10-02 20:02:04,265 - INFO - Prompt processing progress: 176128/200030
2026-10-02 20:02:09,981 - INFO - Prompt processing progress: 178176/200030
2026-10-02 20:02:15,712 - INFO - Prompt processing progress: 180224/200030
2026-10-02 20:02:21,496 - INFO - Prompt processing progress: 182272/200030
2026-10-02 20:02:27,383 - INFO - Prompt processing progress: 184320/200030
2026-10-02 20:02:33,274 - INFO - Prompt processing progress: 186368/200030
2026-10-02 20:02:39,187 - INFO - Prompt processing progress: 188416/200030
2026-10-02 20:02:45,174 - INFO - Prompt processing progress: 190464/200030
2026-10-02 20:02:59,159 - INFO - Prompt processing progress: 192512/200030
2026-10-02 20:03:13,407 - INFO - Prompt processing progress: 194560/200030
2026-10-02 20:03:27,739 - INFO - Prompt processing progress: 196608/200030
2026-10-02 20:03:43,064 - INFO - Prompt processing progress: 198656/200030
2026-10-02 20:03:47,650 - INFO - Prompt processing progress: 200029/200030
2026-10-02 20:03:47,788 - INFO - Prompt processing progress: 200030/200030
127.0.0.1 - - [02/Oct/2026 20:03:58] "POST /v1/chat/completions HTTP/1.1" 200 -
2026-10-02 20:03:58,356 - INFO - Prompt Cache: 0 sequences, 0.00 GB
2026-10-02 20:03:58,356 - INFO - - assistant: 0 sequences, 0.00 GB
2026-10-02 20:03:58,356 - INFO - - user: 0 sequences, 0.00 GB
2026-10-02 20:03:58,356 - INFO - - system: 0 sequences, 0.00 GB
2026-10-02 20:03:58,401 - INFO - Prompt processing progress: 0/200028
2026-10-02 20:04:00,869 - INFO - Prompt processing progress: 2048/200028
2026-10-02 20:04:02,048 - INFO - Prompt processing progress: 4096/200028
2026-10-02 20:04:03,269 - INFO - Prompt processing progress: 6144/200028
2026-10-02 20:04:04,533 - INFO - Prompt processing progress: 8192/200028
2026-10-02 20:04:05,848 - INFO - Prompt processing progress: 10240/200028
2026-10-02 20:04:07,211 - INFO - Prompt processing progress: 12288/200028
2026-10-02 20:04:08,636 - INFO - Prompt processing progress: 14336/200028
2026-10-02 20:04:10,106 - INFO - Prompt processing progress: 16384/200028
2026-10-02 20:04:11,634 - INFO - Prompt processing progress: 18432/200028
2026-10-02 20:04:13,209 - INFO - Prompt processing progress: 20480/200028
2026-10-02 20:04:14,825 - INFO - Prompt processing progress: 22528/200028
2026-10-02 20:04:16,498 - INFO - Prompt processing progress: 24576/200028
2026-10-02 20:04:18,205 - INFO - Prompt processing progress: 26624/200028
2026-10-02 20:04:19,974 - INFO - Prompt processing progress: 28672/200028
2026-10-02 20:04:21,779 - INFO - Prompt processing progress: 30720/200028
2026-10-02 20:04:23,640 - INFO - Prompt processing progress: 32768/200028
2026-10-02 20:04:25,548 - INFO - Prompt processing progress: 34816/200028
2026-10-02 20:04:27,513 - INFO - Prompt processing progress: 36864/200028
2026-10-02 20:04:29,520 - INFO - Prompt processing progress: 38912/200028
2026-10-02 20:04:31,591 - INFO - Prompt processing progress: 40960/200028
2026-10-02 20:04:33,705 - INFO - Prompt processing progress: 43008/200028
2026-10-02 20:04:35,883 - INFO - Prompt processing progress: 45056/200028
2026-10-02 20:04:38,109 - INFO - Prompt processing progress: 47104/200028
2026-10-02 20:04:40,388 - INFO - Prompt processing progress: 49152/200028
2026-10-02 20:04:42,723 - INFO - Prompt processing progress: 51200/200028
2026-10-02 20:04:45,129 - INFO - Prompt processing progress: 53248/200028
2026-10-02 20:04:47,589 - INFO - Prompt processing progress: 55296/200028
2026-10-02 20:04:50,104 - INFO - Prompt processing progress: 57344/200028
2026-10-02 20:04:52,683 - INFO - Prompt processing progress: 59392/200028
2026-10-02 20:04:55,326 - INFO - Prompt processing progress: 61440/200028
2026-10-02 20:04:58,026 - INFO - Prompt processing progress: 63488/200028
2026-10-02 20:05:00,739 - INFO - Prompt processing progress: 65536/200028
2026-10-02 20:05:03,545 - INFO - Prompt processing progress: 67584/200028
2026-10-02 20:05:06,413 - INFO - Prompt processing progress: 69632/200028
2026-10-02 20:05:09,337 - INFO - Prompt processing progress: 71680/200028
2026-10-02 20:05:12,301 - INFO - Prompt processing progress: 73728/200028
2026-10-02 20:05:15,327 - INFO - Prompt processing progress: 75776/200028
2026-10-02 20:05:18,411 - INFO - Prompt processing progress: 77824/200028
2026-10-02 20:05:21,535 - INFO - Prompt processing progress: 79872/200028
2026-10-02 20:05:24,700 - INFO - Prompt processing progress: 81920/200028
2026-10-02 20:05:27,935 - INFO - Prompt processing progress: 83968/200028
2026-10-02 20:05:31,220 - INFO - Prompt processing progress: 86016/200028
2026-10-02 20:05:34,547 - INFO - Prompt processing progress: 88064/200028
2026-10-02 20:05:37,941 - INFO - Prompt processing progress: 90112/200028
2026-10-02 20:05:41,397 - INFO - Prompt processing progress: 92160/200028
2026-10-02 20:05:44,877 - INFO - Prompt processing progress: 94208/200028
2026-10-02 20:05:48,423 - INFO - Prompt processing progress: 96256/200028
2026-10-02 20:05:52,003 - INFO - Prompt processing progress: 98304/200028
2026-10-02 20:05:55,648 - INFO - Prompt processing progress: 100352/200028
2026-10-02 20:05:59,349 - INFO - Prompt processing progress: 102400/200028
2026-10-02 20:06:03,102 - INFO - Prompt processing progress: 104448/200028
2026-10-02 20:06:06,910 - INFO - Prompt processing progress: 106496/200028
2026-10-02 20:06:10,769 - INFO - Prompt processing progress: 108544/200028
2026-10-02 20:06:14,686 - INFO - Prompt processing progress: 110592/200028
2026-10-02 20:06:18,652 - INFO - Prompt processing progress: 112640/200028
2026-10-02 20:06:22,689 - INFO - Prompt processing progress: 114688/200028
2026-10-02 20:06:26,759 - INFO - Prompt processing progress: 116736/200028
2026-10-02 20:06:30,867 - INFO - Prompt processing progress: 118784/200028
2026-10-02 20:06:35,027 - INFO - Prompt processing progress: 120832/200028
2026-10-02 20:06:39,279 - INFO - Prompt processing progress: 122880/200028
2026-10-02 20:06:43,567 - INFO - Prompt processing progress: 124928/200028
2026-10-02 20:06:47,895 - INFO - Prompt processing progress: 126976/200028
2026-10-02 20:06:52,274 - INFO - Prompt processing progress: 129024/200028
2026-10-02 20:06:56,675 - INFO - Prompt processing progress: 131072/200028
2026-10-02 20:07:01,170 - INFO - Prompt processing progress: 133120/200028
2026-10-02 20:07:05,696 - INFO - Prompt processing progress: 135168/200028
2026-10-02 20:07:10,295 - INFO - Prompt processing progress: 137216/200028
2026-10-02 20:07:14,958 - INFO - Prompt processing progress: 139264/200028
2026-10-02 20:07:19,644 - INFO - Prompt processing progress: 141312/200028
2026-10-02 20:07:24,415 - INFO - Prompt processing progress: 143360/200028
2026-10-02 20:07:29,255 - INFO - Prompt processing progress: 145408/200028
2026-10-02 20:07:34,098 - INFO - Prompt processing progress: 147456/200028
2026-10-02 20:07:39,012 - INFO - Prompt processing progress: 149504/200028
2026-10-02 20:07:43,995 - INFO - Prompt processing progress: 151552/200028
2026-10-02 20:07:48,998 - INFO - Prompt processing progress: 153600/200028
2026-10-02 20:07:54,105 - INFO - Prompt processing progress: 155648/200028
2026-10-02 20:07:59,267 - INFO - Prompt processing progress: 157696/200028
2026-10-02 20:08:04,440 - INFO - Prompt processing progress: 159744/200028
2026-10-02 20:08:09,708 - INFO - Prompt processing progress: 161792/200028
2026-10-02 20:08:14,970 - INFO - Prompt processing progress: 163840/200028
2026-10-02 20:08:20,293 - INFO - Prompt processing progress: 165888/200028
2026-10-02 20:08:25,702 - INFO - Prompt processing progress: 167936/200028
2026-10-02 20:08:31,154 - INFO - Prompt processing progress: 169984/200028
2026-10-02 20:08:36,669 - INFO - Prompt processing progress: 172032/200028
2026-10-02 20:08:42,251 - INFO - Prompt processing progress: 174080/200028
2026-10-02 20:08:47,835 - INFO - Prompt processing progress: 176128/200028
2026-10-02 20:08:53,539 - INFO - Prompt processing progress: 178176/200028
2026-10-02 20:08:59,287 - INFO - Prompt processing progress: 180224/200028
2026-10-02 20:09:05,060 - INFO - Prompt processing progress: 182272/200028
2026-10-02 20:09:10,959 - INFO - Prompt processing progress: 184320/200028
2026-10-02 20:09:16,827 - INFO - Prompt processing progress: 186368/200028
2026-10-02 20:09:22,770 - INFO - Prompt processing progress: 188416/200028
2026-10-02 20:09:28,737 - INFO - Prompt processing progress: 190464/200028
2026-10-02 20:09:42,765 - INFO - Prompt processing progress: 192512/200028
2026-10-02 20:09:57,025 - INFO - Prompt processing progress: 194560/200028
2026-10-02 20:10:11,355 - INFO - Prompt processing progress: 196608/200028
2026-10-02 20:10:27,076 - INFO - Prompt processing progress: 198656/200028
2026-10-02 20:10:31,656 - INFO - Prompt processing progress: 200027/200028
2026-10-02 20:10:31,787 - INFO - Prompt processing progress: 200028/200028
127.0.0.1 - - [02/Oct/2026 20:10:42] "POST /v1/chat/completions HTTP/1.1" 200 -
2026-10-02 20:10:42,449 - INFO - Prompt Cache: 0 sequences, 0.00 GB
2026-10-02 20:10:42,449 - INFO - - assistant: 0 sequences, 0.00 GB
2026-10-02 20:10:42,449 - INFO - - user: 0 sequences, 0.00 GB
2026-10-02 20:10:42,449 - INFO - - system: 0 sequences, 0.00 GB
2026-10-02 20:10:42,493 - INFO - Prompt processing progress: 0/200032
2026-10-02 20:10:45,340 - INFO - Prompt processing progress: 2048/200032
2026-10-02 20:10:46,524 - INFO - Prompt processing progress: 4096/200032
2026-10-02 20:10:47,745 - INFO - Prompt processing progress: 6144/200032
2026-10-02 20:10:49,007 - INFO - Prompt processing progress: 8192/200032
2026-10-02 20:10:50,333 - INFO - Prompt processing progress: 10240/200032
2026-10-02 20:10:51,701 - INFO - Prompt processing progress: 12288/200032
2026-10-02 20:10:53,120 - INFO - Prompt processing progress: 14336/200032
2026-10-02 20:10:54,589 - INFO - Prompt processing progress: 16384/200032
2026-10-02 20:10:56,111 - INFO - Prompt processing progress: 18432/200032
2026-10-02 20:10:57,680 - INFO - Prompt processing progress: 20480/200032
2026-10-02 20:10:59,297 - INFO - Prompt processing progress: 22528/200032
2026-10-02 20:11:00,956 - INFO - Prompt processing progress: 24576/200032
2026-10-02 20:11:02,662 - INFO - Prompt processing progress: 26624/200032
2026-10-02 20:11:04,417 - INFO - Prompt processing progress: 28672/200032
2026-10-02 20:11:06,225 - INFO - Prompt processing progress: 30720/200032
2026-10-02 20:11:08,076 - INFO - Prompt processing progress: 32768/200032
2026-10-02 20:11:09,972 - INFO - Prompt processing progress: 34816/200032
2026-10-02 20:11:11,935 - INFO - Prompt processing progress: 36864/200032
2026-10-02 20:11:13,938 - INFO - Prompt processing progress: 38912/200032
2026-10-02 20:11:15,999 - INFO - Prompt processing progress: 40960/200032
2026-10-02 20:11:18,108 - INFO - Prompt processing progress: 43008/200032
2026-10-02 20:11:20,274 - INFO - Prompt processing progress: 45056/200032
2026-10-02 20:11:22,495 - INFO - Prompt processing progress: 47104/200032
2026-10-02 20:11:24,765 - INFO - Prompt processing progress: 49152/200032
2026-10-02 20:11:27,108 - INFO - Prompt processing progress: 51200/200032
2026-10-02 20:11:29,515 - INFO - Prompt processing progress: 53248/200032
2026-10-02 20:11:31,972 - INFO - Prompt processing progress: 55296/200032
2026-10-02 20:11:34,484 - INFO - Prompt processing progress: 57344/200032
2026-10-02 20:11:37,053 - INFO - Prompt processing progress: 59392/200032
2026-10-02 20:11:39,710 - INFO - Prompt processing progress: 61440/200032
2026-10-02 20:11:42,402 - INFO - Prompt processing progress: 63488/200032
2026-10-02 20:11:45,145 - INFO - Prompt processing progress: 65536/200032
2026-10-02 20:11:47,943 - INFO - Prompt processing progress: 67584/200032
2026-10-02 20:11:50,806 - INFO - Prompt processing progress: 69632/200032
2026-10-02 20:11:53,722 - INFO - Prompt processing progress: 71680/200032
2026-10-02 20:11:56,688 - INFO - Prompt processing progress: 73728/200032
2026-10-02 20:11:59,702 - INFO - Prompt processing progress: 75776/200032
2026-10-02 20:12:02,791 - INFO - Prompt processing progress: 77824/200032
2026-10-02 20:12:05,913 - INFO - Prompt processing progress: 79872/200032
2026-10-02 20:12:09,085 - INFO - Prompt processing progress: 81920/200032
2026-10-02 20:12:12,327 - INFO - Prompt processing progress: 83968/200032
2026-10-02 20:12:15,618 - INFO - Prompt processing progress: 86016/200032
2026-10-02 20:12:18,947 - INFO - Prompt processing progress: 88064/200032
2026-10-02 20:12:22,321 - INFO - Prompt processing progress: 90112/200032
2026-10-02 20:12:25,772 - INFO - Prompt processing progress: 92160/200032
2026-10-02 20:12:29,244 - INFO - Prompt processing progress: 94208/200032
2026-10-02 20:12:32,782 - INFO - Prompt processing progress: 96256/200032
2026-10-02 20:12:36,370 - INFO - Prompt processing progress: 98304/200032
2026-10-02 20:12:40,019 - INFO - Prompt processing progress: 100352/200032
2026-10-02 20:12:43,707 - INFO - Prompt processing progress: 102400/200032
2026-10-02 20:12:47,466 - INFO - Prompt processing progress: 104448/200032
2026-10-02 20:12:51,284 - INFO - Prompt processing progress: 106496/200032
2026-10-02 20:12:55,140 - INFO - Prompt processing progress: 108544/200032
2026-10-02 20:12:59,054 - INFO - Prompt processing progress: 110592/200032
2026-10-02 20:13:03,021 - INFO - Prompt processing progress: 112640/200032
2026-10-02 20:13:07,043 - INFO - Prompt processing progress: 114688/200032
2026-10-02 20:13:11,110 - INFO - Prompt processing progress: 116736/200032
2026-10-02 20:13:15,221 - INFO - Prompt processing progress: 118784/200032
2026-10-02 20:13:19,389 - INFO - Prompt processing progress: 120832/200032
2026-10-02 20:13:23,625 - INFO - Prompt processing progress: 122880/200032
2026-10-02 20:13:27,909 - INFO - Prompt processing progress: 124928/200032
2026-10-02 20:13:32,238 - INFO - Prompt processing progress: 126976/200032
2026-10-02 20:13:36,602 - INFO - Prompt processing progress: 129024/200032
2026-10-02 20:13:40,961 - INFO - Prompt processing progress: 131072/200032
2026-10-02 20:13:45,447 - INFO - Prompt processing progress: 133120/200032
2026-10-02 20:13:50,000 - INFO - Prompt processing progress: 135168/200032
2026-10-02 20:13:54,596 - INFO - Prompt processing progress: 137216/200032
2026-10-02 20:13:59,264 - INFO - Prompt processing progress: 139264/200032
2026-10-02 20:14:03,954 - INFO - Prompt processing progress: 141312/200032
2026-10-02 20:14:08,722 - INFO - Prompt processing progress: 143360/200032
2026-10-02 20:14:13,535 - INFO - Prompt processing progress: 145408/200032
2026-10-02 20:14:18,394 - INFO - Prompt processing progress: 147456/200032
2026-10-02 20:14:23,312 - INFO - Prompt processing progress: 149504/200032
2026-10-02 20:14:28,301 - INFO - Prompt processing progress: 151552/200032
2026-10-02 20:14:33,332 - INFO - Prompt processing progress: 153600/200032
2026-10-02 20:14:38,439 - INFO - Prompt processing progress: 155648/200032
2026-10-02 20:14:43,590 - INFO - Prompt processing progress: 157696/200032
2026-10-02 20:14:48,746 - INFO - Prompt processing progress: 159744/200032
2026-10-02 20:14:53,984 - INFO - Prompt processing progress: 161792/200032
2026-10-02 20:14:59,270 - INFO - Prompt processing progress: 163840/200032
2026-10-02 20:15:04,626 - INFO - Prompt processing progress: 165888/200032
2026-10-02 20:15:10,010 - INFO - Prompt processing progress: 167936/200032
2026-10-02 20:15:15,459 - INFO - Prompt processing progress: 169984/200032
2026-10-02 20:15:20,956 - INFO - Prompt processing progress: 172032/200032
2026-10-02 20:15:26,522 - INFO - Prompt processing progress: 174080/200032
2026-10-02 20:15:32,115 - INFO - Prompt processing progress: 176128/200032
2026-10-02 20:15:37,834 - INFO - Prompt processing progress: 178176/200032
2026-10-02 20:15:43,572 - INFO - Prompt processing progress: 180224/200032
2026-10-02 20:15:49,347 - INFO - Prompt processing progress: 182272/200032
2026-10-02 20:15:55,222 - INFO - Prompt processing progress: 184320/200032
2026-10-02 20:16:01,120 - INFO - Prompt processing progress: 186368/200032
2026-10-02 20:16:07,056 - INFO - Prompt processing progress: 188416/200032
2026-10-02 20:16:13,029 - INFO - Prompt processing progress: 190464/200032
2026-10-02 20:16:27,140 - INFO - Prompt processing progress: 192512/200032
2026-10-02 20:16:41,476 - INFO - Prompt processing progress: 194560/200032
2026-10-02 20:16:55,706 - INFO - Prompt processing progress: 196608/200032
2026-10-02 20:17:12,552 - INFO - Prompt processing progress: 198656/200032
2026-10-02 20:17:17,149 - INFO - Prompt processing progress: 200031/200032
2026-10-02 20:17:17,283 - INFO - Prompt processing progress: 200032/200032
127.0.0.1 - - [02/Oct/2026 20:17:28] "POST /v1/chat/completions HTTP/1.1" 200 -
2026-10-02 20:17:28,045 - INFO - Prompt Cache: 0 sequences, 0.00 GB
2026-10-02 20:17:28,049 - INFO - - assistant: 0 sequences, 0.00 GB
2026-10-02 20:17:28,049 - INFO - - user: 0 sequences, 0.00 GB
2026-10-02 20:17:28,049 - INFO - - system: 0 sequences, 0.00 GB
2026-10-02 20:17:28,092 - INFO - Prompt processing progress: 0/200026
2026-10-02 20:17:30,755 - INFO - Prompt processing progress: 2048/200026
2026-10-02 20:17:31,938 - INFO - Prompt processing progress: 4096/200026
2026-10-02 20:17:33,156 - INFO - Prompt processing progress: 6144/200026
2026-10-02 20:17:34,421 - INFO - Prompt processing progress: 8192/200026
2026-10-02 20:17:35,738 - INFO - Prompt processing progress: 10240/200026
2026-10-02 20:17:37,107 - INFO - Prompt processing progress: 12288/200026
2026-10-02 20:17:38,528 - INFO - Prompt processing progress: 14336/200026
2026-10-02 20:17:40,000 - INFO - Prompt processing progress: 16384/200026
2026-10-02 20:17:41,517 - INFO - Prompt processing progress: 18432/200026
2026-10-02 20:17:43,077 - INFO - Prompt processing progress: 20480/200026
2026-10-02 20:17:44,686 - INFO - Prompt processing progress: 22528/200026
2026-10-02 20:17:46,347 - INFO - Prompt processing progress: 24576/200026
2026-10-02 20:17:48,051 - INFO - Prompt processing progress: 26624/200026
2026-10-02 20:17:49,812 - INFO - Prompt processing progress: 28672/200026
2026-10-02 20:17:51,619 - INFO - Prompt processing progress: 30720/200026
2026-10-02 20:17:53,479 - INFO - Prompt processing progress: 32768/200026
2026-10-02 20:17:55,387 - INFO - Prompt processing progress: 34816/200026
2026-10-02 20:17:57,360 - INFO - Prompt processing progress: 36864/200026
2026-10-02 20:17:59,368 - INFO - Prompt processing progress: 38912/200026
2026-10-02 20:18:01,428 - INFO - Prompt processing progress: 40960/200026
2026-10-02 20:18:03,538 - INFO - Prompt processing progress: 43008/200026
2026-10-02 20:18:05,717 - INFO - Prompt processing progress: 45056/200026
2026-10-02 20:18:07,949 - INFO - Prompt processing progress: 47104/200026
2026-10-02 20:18:10,222 - INFO - Prompt processing progress: 49152/200026
2026-10-02 20:18:12,573 - INFO - Prompt processing progress: 51200/200026
2026-10-02 20:18:14,978 - INFO - Prompt processing progress: 53248/200026
2026-10-02 20:18:17,464 - INFO - Prompt processing progress: 55296/200026
2026-10-02 20:18:19,989 - INFO - Prompt processing progress: 57344/200026
2026-10-02 20:18:22,577 - INFO - Prompt processing progress: 59392/200026
2026-10-02 20:18:25,219 - INFO - Prompt processing progress: 61440/200026
2026-10-02 20:18:27,906 - INFO - Prompt processing progress: 63488/200026
2026-10-02 20:18:30,661 - INFO - Prompt processing progress: 65536/200026
2026-10-02 20:18:33,478 - INFO - Prompt processing progress: 67584/200026
2026-10-02 20:18:36,344 - INFO - Prompt processing progress: 69632/200026
2026-10-02 20:18:39,266 - INFO - Prompt processing progress: 71680/200026
2026-10-02 20:18:42,240 - INFO - Prompt processing progress: 73728/200026
2026-10-02 20:18:45,267 - INFO - Prompt processing progress: 75776/200026
2026-10-02 20:18:48,365 - INFO - Prompt processing progress: 77824/200026
2026-10-02 20:18:51,483 - INFO - Prompt processing progress: 79872/200026
2026-10-02 20:18:54,661 - INFO - Prompt processing progress: 81920/200026
2026-10-02 20:18:57,899 - INFO - Prompt processing progress: 83968/200026
2026-10-02 20:19:01,181 - INFO - Prompt processing progress: 86016/200026
2026-10-02 20:19:04,517 - INFO - Prompt processing progress: 88064/200026
2026-10-02 20:19:07,904 - INFO - Prompt processing progress: 90112/200026
2026-10-02 20:19:11,366 - INFO - Prompt processing progress: 92160/200026
2026-10-02 20:19:14,852 - INFO - Prompt processing progress: 94208/200026
2026-10-02 20:19:18,397 - INFO - Prompt processing progress: 96256/200026
2026-10-02 20:19:21,989 - INFO - Prompt processing progress: 98304/200026
2026-10-02 20:19:25,634 - INFO - Prompt processing progress: 100352/200026
2026-10-02 20:19:29,328 - INFO - Prompt processing progress: 102400/200026
2026-10-02 20:19:33,067 - INFO - Prompt processing progress: 104448/200026
2026-10-02 20:19:36,898 - INFO - Prompt processing progress: 106496/200026
2026-10-02 20:19:40,761 - INFO - Prompt processing progress: 108544/200026
2026-10-02 20:19:44,666 - INFO - Prompt processing progress: 110592/200026
2026-10-02 20:19:48,630 - INFO - Prompt processing progress: 112640/200026
2026-10-02 20:19:52,645 - INFO - Prompt processing progress: 114688/200026
2026-10-02 20:19:56,718 - INFO - Prompt processing progress: 116736/200026
2026-10-02 20:20:00,826 - INFO - Prompt processing progress: 118784/200026
2026-10-02 20:20:04,988 - INFO - Prompt processing progress: 120832/200026
2026-10-02 20:20:09,238 - INFO - Prompt processing progress: 122880/200026
2026-10-02 20:20:13,523 - INFO - Prompt processing progress: 124928/200026
2026-10-02 20:20:17,847 - INFO - Prompt processing progress: 126976/200026
2026-10-02 20:20:22,222 - INFO - Prompt processing progress: 129024/200026
2026-10-02 20:20:26,641 - INFO - Prompt processing progress: 131072/200026
2026-10-02 20:20:31,128 - INFO - Prompt processing progress: 133120/200026
2026-10-02 20:20:35,676 - INFO - Prompt processing progress: 135168/200026
2026-10-02 20:20:40,281 - INFO - Prompt processing progress: 137216/200026
2026-10-02 20:20:44,960 - INFO - Prompt processing progress: 139264/200026
2026-10-02 20:20:49,653 - INFO - Prompt processing progress: 141312/200026
2026-10-02 20:20:54,404 - INFO - Prompt processing progress: 143360/200026
2026-10-02 20:20:59,224 - INFO - Prompt processing progress: 145408/200026
2026-10-02 20:21:04,088 - INFO - Prompt processing progress: 147456/200026
2026-10-02 20:21:09,004 - INFO - Prompt processing progress: 149504/200026
2026-10-02 20:21:13,977 - INFO - Prompt processing progress: 151552/200026
2026-10-02 20:21:18,996 - INFO - Prompt processing progress: 153600/200026
2026-10-02 20:21:24,094 - INFO - Prompt processing progress: 155648/200026
2026-10-02 20:21:29,231 - INFO - Prompt processing progress: 157696/200026
2026-10-02 20:21:34,408 - INFO - Prompt processing progress: 159744/200026
2026-10-02 20:21:39,647 - INFO - Prompt processing progress: 161792/200026
2026-10-02 20:21:44,929 - INFO - Prompt processing progress: 163840/200026
2026-10-02 20:21:50,264 - INFO - Prompt processing progress: 165888/200026
2026-10-02 20:21:55,661 - INFO - Prompt processing progress: 167936/200026
2026-10-02 20:22:01,112 - INFO - Prompt processing progress: 169984/200026
2026-10-02 20:22:06,620 - INFO - Prompt processing progress: 172032/200026
2026-10-02 20:22:12,203 - INFO - Prompt processing progress: 174080/200026
2026-10-02 20:22:17,806 - INFO - Prompt processing progress: 176128/200026
2026-10-02 20:22:23,527 - INFO - Prompt processing progress: 178176/200026
2026-10-02 20:22:29,264 - INFO - Prompt processing progress: 180224/200026
2026-10-02 20:22:35,025 - INFO - Prompt processing progress: 182272/200026
2026-10-02 20:22:40,908 - INFO - Prompt processing progress: 184320/200026
2026-10-02 20:22:46,801 - INFO - Prompt processing progress: 186368/200026
2026-10-02 20:22:52,750 - INFO - Prompt processing progress: 188416/200026
2026-10-02 20:22:58,757 - INFO - Prompt processing progress: 190464/200026
2026-10-02 20:23:12,922 - INFO - Prompt processing progress: 192512/200026
2026-10-02 20:23:27,243 - INFO - Prompt processing progress: 194560/200026
2026-10-02 20:23:44,150 - INFO - Prompt processing progress: 196608/200026
2026-10-02 20:23:58,583 - INFO - Prompt processing progress: 198656/200026
2026-10-02 20:24:03,183 - INFO - Prompt processing progress: 200025/200026
2026-10-02 20:24:03,314 - INFO - Prompt processing progress: 200026/200026
127.0.0.1 - - [02/Oct/2026 20:24:13] "POST /v1/chat/completions HTTP/1.1" 200 -
2026-10-02 20:24:13,948 - INFO - Prompt Cache: 0 sequences, 0.00 GB
2026-10-02 20:24:13,948 - INFO - - assistant: 0 sequences, 0.00 GB
2026-10-02 20:24:13,948 - INFO - - user: 0 sequences, 0.00 GB
2026-10-02 20:24:13,948 - INFO - - system: 0 sequences, 0.00 GB
2026-10-02 20:24:13,992 - INFO - Prompt processing progress: 0/200026
2026-10-02 20:24:16,735 - INFO - Prompt processing progress: 2048/200026
2026-10-02 20:24:17,919 - INFO - Prompt processing progress: 4096/200026
2026-10-02 20:24:19,148 - INFO - Prompt processing progress: 6144/200026
2026-10-02 20:24:20,407 - INFO - Prompt processing progress: 8192/200026
2026-10-02 20:24:21,716 - INFO - Prompt processing progress: 10240/200026
2026-10-02 20:24:23,080 - INFO - Prompt processing progress: 12288/200026
2026-10-02 20:24:24,504 - INFO - Prompt processing progress: 14336/200026
2026-10-02 20:24:25,973 - INFO - Prompt processing progress: 16384/200026
2026-10-02 20:24:27,490 - INFO - Prompt processing progress: 18432/200026
2026-10-02 20:24:29,054 - INFO - Prompt processing progress: 20480/200026
2026-10-02 20:24:30,666 - INFO - Prompt processing progress: 22528/200026
2026-10-02 20:24:32,330 - INFO - Prompt processing progress: 24576/200026
2026-10-02 20:24:34,039 - INFO - Prompt processing progress: 26624/200026
2026-10-02 20:24:35,805 - INFO - Prompt processing progress: 28672/200026
2026-10-02 20:24:37,615 - INFO - Prompt processing progress: 30720/200026
2026-10-02 20:24:39,473 - INFO - Prompt processing progress: 32768/200026
2026-10-02 20:24:41,378 - INFO - Prompt processing progress: 34816/200026
2026-10-02 20:24:43,336 - INFO - Prompt processing progress: 36864/200026
2026-10-02 20:24:45,338 - INFO - Prompt processing progress: 38912/200026
2026-10-02 20:24:47,399 - INFO - Prompt processing progress: 40960/200026
2026-10-02 20:24:49,525 - INFO - Prompt processing progress: 43008/200026
2026-10-02 20:24:51,698 - INFO - Prompt processing progress: 45056/200026
2026-10-02 20:24:53,922 - INFO - Prompt processing progress: 47104/200026
2026-10-02 20:24:56,214 - INFO - Prompt processing progress: 49152/200026
2026-10-02 20:24:58,550 - INFO - Prompt processing progress: 51200/200026
2026-10-02 20:25:00,960 - INFO - Prompt processing progress: 53248/200026
2026-10-02 20:25:03,432 - INFO - Prompt processing progress: 55296/200026
2026-10-02 20:25:05,949 - INFO - Prompt processing progress: 57344/200026
2026-10-02 20:25:08,547 - INFO - Prompt processing progress: 59392/200026
2026-10-02 20:25:11,191 - INFO - Prompt processing progress: 61440/200026
2026-10-02 20:25:13,881 - INFO - Prompt processing progress: 63488/200026
2026-10-02 20:25:16,625 - INFO - Prompt processing progress: 65536/200026
2026-10-02 20:25:19,430 - INFO - Prompt processing progress: 67584/200026
2026-10-02 20:25:22,299 - INFO - Prompt processing progress: 69632/200026
2026-10-02 20:25:25,231 - INFO - Prompt processing progress: 71680/200026
2026-10-02 20:25:28,219 - INFO - Prompt processing progress: 73728/200026
2026-10-02 20:25:31,248 - INFO - Prompt processing progress: 75776/200026
2026-10-02 20:25:34,339 - INFO - Prompt processing progress: 77824/200026
2026-10-02 20:25:37,461 - INFO - Prompt processing progress: 79872/200026
2026-10-02 20:25:40,631 - INFO - Prompt processing progress: 81920/200026
2026-10-02 20:25:43,869 - INFO - Prompt processing progress: 83968/200026
2026-10-02 20:25:47,174 - INFO - Prompt processing progress: 86016/200026
2026-10-02 20:25:50,495 - INFO - Prompt processing progress: 88064/200026
2026-10-02 20:25:53,885 - INFO - Prompt processing progress: 90112/200026
2026-10-02 20:25:57,340 - INFO - Prompt processing progress: 92160/200026
2026-10-02 20:26:00,861 - INFO - Prompt processing progress: 94208/200026
2026-10-02 20:26:04,416 - INFO - Prompt processing progress: 96256/200026
2026-10-02 20:26:08,014 - INFO - Prompt processing progress: 98304/200026
2026-10-02 20:26:11,659 - INFO - Prompt processing progress: 100352/200026
2026-10-02 20:26:15,359 - INFO - Prompt processing progress: 102400/200026
2026-10-02 20:26:19,113 - INFO - Prompt processing progress: 104448/200026
2026-10-02 20:26:22,924 - INFO - Prompt processing progress: 106496/200026
2026-10-02 20:26:26,778 - INFO - Prompt processing progress: 108544/200026
2026-10-02 20:26:30,697 - INFO - Prompt processing progress: 110592/200026
2026-10-02 20:26:34,671 - INFO - Prompt processing progress: 112640/200026
2026-10-02 20:26:38,701 - INFO - Prompt processing progress: 114688/200026
2026-10-02 20:26:42,776 - INFO - Prompt processing progress: 116736/200026
2026-10-02 20:26:46,895 - INFO - Prompt processing progress: 118784/200026
2026-10-02 20:26:51,067 - INFO - Prompt processing progress: 120832/200026
2026-10-02 20:26:55,325 - INFO - Prompt processing progress: 122880/200026
2026-10-02 20:26:59,613 - INFO - Prompt processing progress: 124928/200026
2026-10-02 20:27:03,959 - INFO - Prompt processing progress: 126976/200026
2026-10-02 20:27:08,342 - INFO - Prompt processing progress: 129024/200026
2026-10-02 20:27:12,751 - INFO - Prompt processing progress: 131072/200026
2026-10-02 20:27:17,257 - INFO - Prompt processing progress: 133120/200026
2026-10-02 20:27:21,803 - INFO - Prompt processing progress: 135168/200026
2026-10-02 20:27:26,409 - INFO - Prompt processing progress: 137216/200026
2026-10-02 20:27:31,095 - INFO - Prompt processing progress: 139264/200026
2026-10-02 20:27:35,781 - INFO - Prompt processing progress: 141312/200026
2026-10-02 20:27:40,544 - INFO - Prompt processing progress: 143360/200026
2026-10-02 20:27:45,367 - INFO - Prompt processing progress: 145408/200026
2026-10-02 20:27:50,241 - INFO - Prompt processing progress: 147456/200026
2026-10-02 20:27:55,128 - INFO - Prompt processing progress: 149504/200026
2026-10-02 20:28:00,092 - INFO - Prompt processing progress: 151552/200026
2026-10-02 20:28:05,090 - INFO - Prompt processing progress: 153600/200026
2026-10-02 20:28:10,195 - INFO - Prompt processing progress: 155648/200026
2026-10-02 20:28:15,341 - INFO - Prompt processing progress: 157696/200026
2026-10-02 20:28:20,507 - INFO - Prompt processing progress: 159744/200026
2026-10-02 20:28:25,730 - INFO - Prompt processing progress: 161792/200026
2026-10-02 20:28:31,005 - INFO - Prompt processing progress: 163840/200026
2026-10-02 20:28:36,350 - INFO - Prompt processing progress: 165888/200026
2026-10-02 20:28:41,769 - INFO - Prompt processing progress: 167936/200026
2026-10-02 20:28:47,241 - INFO - Prompt processing progress: 169984/200026
2026-10-02 20:28:52,777 - INFO - Prompt processing progress: 172032/200026
2026-10-02 20:28:58,339 - INFO - Prompt processing progress: 174080/200026
2026-10-02 20:29:03,941 - INFO - Prompt processing progress: 176128/200026
2026-10-02 20:29:09,649 - INFO - Prompt processing progress: 178176/200026
2026-10-02 20:29:15,397 - INFO - Prompt processing progress: 180224/200026
2026-10-02 20:29:21,189 - INFO - Prompt processing progress: 182272/200026
2026-10-02 20:29:27,071 - INFO - Prompt processing progress: 184320/200026
2026-10-02 20:29:32,956 - INFO - Prompt processing progress: 186368/200026
2026-10-02 20:29:38,915 - INFO - Prompt processing progress: 188416/200026
2026-10-02 20:29:44,901 - INFO - Prompt processing progress: 190464/200026
2026-10-02 20:29:58,966 - INFO - Prompt processing progress: 192512/200026
2026-10-02 20:30:13,264 - INFO - Prompt processing progress: 194560/200026
2026-10-02 20:30:27,569 - INFO - Prompt processing progress: 196608/200026
2026-10-02 20:30:41,930 - INFO - Prompt processing progress: 198656/200026
2026-10-02 20:30:46,512 - INFO - Prompt processing progress: 200025/200026
2026-10-02 20:30:46,643 - INFO - Prompt processing progress: 200026/200026
127.0.0.1 - - [02/Oct/2026 20:30:57] "POST /v1/chat/completions HTTP/1.1" 200 -
2026-10-02 20:30:57,375 - INFO - Prompt Cache: 0 sequences, 0.00 GB
2026-10-02 20:30:57,375 - INFO - - assistant: 0 sequences, 0.00 GB
2026-10-02 20:30:57,375 - INFO - - user: 0 sequences, 0.00 GB
2026-10-02 20:30:57,376 - INFO - - system: 0 sequences, 0.00 GB
2026-10-02 20:30:57,419 - INFO - Prompt processing progress: 0/200031
2026-10-02 20:30:59,854 - INFO - Prompt processing progress: 2048/200031
2026-10-02 20:31:01,035 - INFO - Prompt processing progress: 4096/200031
2026-10-02 20:31:02,252 - INFO - Prompt processing progress: 6144/200031
2026-10-02 20:31:03,523 - INFO - Prompt processing progress: 8192/200031
2026-10-02 20:31:04,839 - INFO - Prompt processing progress: 10240/200031
2026-10-02 20:31:06,203 - INFO - Prompt processing progress: 12288/200031
2026-10-02 20:31:07,623 - INFO - Prompt processing progress: 14336/200031
2026-10-02 20:31:09,097 - INFO - Prompt processing progress: 16384/200031
2026-10-02 20:31:10,612 - INFO - Prompt processing progress: 18432/200031
2026-10-02 20:31:12,176 - INFO - Prompt processing progress: 20480/200031
2026-10-02 20:31:13,789 - INFO - Prompt processing progress: 22528/200031
2026-10-02 20:31:15,465 - INFO - Prompt processing progress: 24576/200031
2026-10-02 20:31:17,186 - INFO - Prompt processing progress: 26624/200031
2026-10-02 20:31:18,953 - INFO - Prompt processing progress: 28672/200031
2026-10-02 20:31:20,754 - INFO - Prompt processing progress: 30720/200031
2026-10-02 20:31:22,614 - INFO - Prompt processing progress: 32768/200031
2026-10-02 20:31:24,519 - INFO - Prompt processing progress: 34816/200031
2026-10-02 20:31:26,493 - INFO - Prompt processing progress: 36864/200031
2026-10-02 20:31:28,502 - INFO - Prompt processing progress: 38912/200031
2026-10-02 20:31:30,567 - INFO - Prompt processing progress: 40960/200031
2026-10-02 20:31:32,682 - INFO - Prompt processing progress: 43008/200031
2026-10-02 20:31:34,848 - INFO - Prompt processing progress: 45056/200031
2026-10-02 20:31:37,077 - INFO - Prompt processing progress: 47104/200031
2026-10-02 20:31:39,368 - INFO - Prompt processing progress: 49152/200031
2026-10-02 20:31:41,715 - INFO - Prompt processing progress: 51200/200031
2026-10-02 20:31:44,125 - INFO - Prompt processing progress: 53248/200031
2026-10-02 20:31:46,583 - INFO - Prompt processing progress: 55296/200031
2026-10-02 20:31:49,108 - INFO - Prompt processing progress: 57344/200031
2026-10-02 20:31:51,714 - INFO - Prompt processing progress: 59392/200031
2026-10-02 20:31:54,367 - INFO - Prompt processing progress: 61440/200031
2026-10-02 20:31:57,065 - INFO - Prompt processing progress: 63488/200031
2026-10-02 20:31:59,820 - INFO - Prompt processing progress: 65536/200031
2026-10-02 20:32:02,628 - INFO - Prompt processing progress: 67584/200031
2026-10-02 20:32:05,539 - INFO - Prompt processing progress: 69632/200031
2026-10-02 20:32:08,485 - INFO - Prompt processing progress: 71680/200031
2026-10-02 20:32:11,448 - INFO - Prompt processing progress: 73728/200031
2026-10-02 20:32:14,475 - INFO - Prompt processing progress: 75776/200031
2026-10-02 20:32:17,591 - INFO - Prompt processing progress: 77824/200031
2026-10-02 20:32:20,722 - INFO - Prompt processing progress: 79872/200031
2026-10-02 20:32:23,926 - INFO - Prompt processing progress: 81920/200031
2026-10-02 20:32:27,183 - INFO - Prompt processing progress: 83968/200031
2026-10-02 20:32:30,470 - INFO - Prompt processing progress: 86016/200031
2026-10-02 20:32:33,795 - INFO - Prompt processing progress: 88064/200031
2026-10-02 20:32:37,184 - INFO - Prompt processing progress: 90112/200031
2026-10-02 20:32:40,641 - INFO - Prompt processing progress: 92160/200031
2026-10-02 20:32:44,121 - INFO - Prompt processing progress: 94208/200031
2026-10-02 20:32:47,690 - INFO - Prompt processing progress: 96256/200031
2026-10-02 20:32:51,290 - INFO - Prompt processing progress: 98304/200031
2026-10-02 20:32:54,953 - INFO - Prompt processing progress: 100352/200031
2026-10-02 20:32:58,650 - INFO - Prompt processing progress: 102400/200031
2026-10-02 20:33:02,409 - INFO - Prompt processing progress: 104448/200031
2026-10-02 20:33:06,227 - INFO - Prompt processing progress: 106496/200031
2026-10-02 20:33:10,095 - INFO - Prompt processing progress: 108544/200031
2026-10-02 20:33:14,004 - INFO - Prompt processing progress: 110592/200031
2026-10-02 20:33:17,997 - INFO - Prompt processing progress: 112640/200031
2026-10-02 20:33:22,028 - INFO - Prompt processing progress: 114688/200031
2026-10-02 20:33:26,118 - INFO - Prompt processing progress: 116736/200031
2026-10-02 20:33:30,261 - INFO - Prompt processing progress: 118784/200031
2026-10-02 20:33:34,468 - INFO - Prompt processing progress: 120832/200031
2026-10-02 20:33:38,711 - INFO - Prompt processing progress: 122880/200031
2026-10-02 20:33:42,984 - INFO - Prompt processing progress: 124928/200031
2026-10-02 20:33:47,309 - INFO - Prompt processing progress: 126976/200031
2026-10-02 20:33:51,693 - INFO - Prompt processing progress: 129024/200031
2026-10-02 20:33:56,127 - INFO - Prompt processing progress: 131072/200031
2026-10-02 20:34:00,639 - INFO - Prompt processing progress: 133120/200031
2026-10-02 20:34:05,221 - INFO - Prompt processing progress: 135168/200031
2026-10-02 20:34:09,824 - INFO - Prompt processing progress: 137216/200031
2026-10-02 20:34:14,493 - INFO - Prompt processing progress: 139264/200031
2026-10-02 20:34:19,216 - INFO - Prompt processing progress: 141312/200031
2026-10-02 20:34:23,972 - INFO - Prompt processing progress: 143360/200031
2026-10-02 20:34:28,794 - INFO - Prompt processing progress: 145408/200031
2026-10-02 20:34:33,658 - INFO - Prompt processing progress: 147456/200031
2026-10-02 20:34:38,568 - INFO - Prompt processing progress: 149504/200031
2026-10-02 20:34:43,536 - INFO - Prompt processing progress: 151552/200031
2026-10-02 20:34:48,550 - INFO - Prompt processing progress: 153600/200031
2026-10-02 20:34:53,655 - INFO - Prompt processing progress: 155648/200031
2026-10-02 20:34:58,818 - INFO - Prompt processing progress: 157696/200031
2026-10-02 20:35:04,007 - INFO - Prompt processing progress: 159744/200031
2026-10-02 20:35:09,257 - INFO - Prompt processing progress: 161792/200031
2026-10-02 20:35:14,529 - INFO - Prompt processing progress: 163840/200031
2026-10-02 20:35:19,863 - INFO - Prompt processing progress: 165888/200031
2026-10-02 20:35:25,286 - INFO - Prompt processing progress: 167936/200031
2026-10-02 20:35:30,744 - INFO - Prompt processing progress: 169984/200031
2026-10-02 20:35:36,254 - INFO - Prompt processing progress: 172032/200031
2026-10-02 20:35:41,821 - INFO - Prompt processing progress: 174080/200031
2026-10-02 20:35:47,414 - INFO - Prompt processing progress: 176128/200031
2026-10-02 20:35:53,120 - INFO - Prompt processing progress: 178176/200031
2026-10-02 20:35:58,833 - INFO - Prompt processing progress: 180224/200031
2026-10-02 20:36:04,614 - INFO - Prompt processing progress: 182272/200031
2026-10-02 20:36:10,505 - INFO - Prompt processing progress: 184320/200031
2026-10-02 20:36:16,401 - INFO - Prompt processing progress: 186368/200031
2026-10-02 20:36:22,328 - INFO - Prompt processing progress: 188416/200031
2026-10-02 20:36:28,322 - INFO - Prompt processing progress: 190464/200031
2026-10-02 20:36:42,404 - INFO - Prompt processing progress: 192512/200031
2026-10-02 20:36:56,580 - INFO - Prompt processing progress: 194560/200031
2026-10-02 20:37:10,850 - INFO - Prompt processing progress: 196608/200031
2026-10-02 20:37:25,201 - INFO - Prompt processing progress: 198656/200031
2026-10-02 20:37:29,700 - INFO - Prompt processing progress: 200030/200031
2026-10-02 20:37:29,820 - INFO - Prompt processing progress: 200031/200031
127.0.0.1 - - [02/Oct/2026 20:37:40] "POST /v1/chat/completions HTTP/1.1" 200 -
2026-10-02 20:37:40,498 - INFO - Prompt Cache: 0 sequences, 0.00 GB
2026-10-02 20:37:40,498 - INFO - - assistant: 0 sequences, 0.00 GB
2026-10-02 20:37:40,498 - INFO - - user: 0 sequences, 0.00 GB
2026-10-02 20:37:40,498 - INFO - - system: 0 sequences, 0.00 GB
2026-10-02 20:37:40,542 - INFO - Prompt processing progress: 0/200028
2026-10-02 20:37:42,993 - INFO - Prompt processing progress: 2048/200028
2026-10-02 20:37:44,173 - INFO - Prompt processing progress: 4096/200028
2026-10-02 20:37:45,395 - INFO - Prompt processing progress: 6144/200028
2026-10-02 20:37:46,650 - INFO - Prompt processing progress: 8192/200028
2026-10-02 20:37:47,968 - INFO - Prompt processing progress: 10240/200028
2026-10-02 20:37:49,338 - INFO - Prompt processing progress: 12288/200028
2026-10-02 20:37:50,763 - INFO - Prompt processing progress: 14336/200028
2026-10-02 20:37:52,234 - INFO - Prompt processing progress: 16384/200028
2026-10-02 20:37:53,758 - INFO - Prompt processing progress: 18432/200028
2026-10-02 20:37:55,316 - INFO - Prompt processing progress: 20480/200028
2026-10-02 20:37:56,940 - INFO - Prompt processing progress: 22528/200028
2026-10-02 20:37:58,600 - INFO - Prompt processing progress: 24576/200028
2026-10-02 20:38:00,321 - INFO - Prompt processing progress: 26624/200028
2026-10-02 20:38:02,086 - INFO - Prompt processing progress: 28672/200028
2026-10-02 20:38:03,890 - INFO - Prompt processing progress: 30720/200028
2026-10-02 20:38:05,746 - INFO - Prompt processing progress: 32768/200028
