ds4: Metal device Apple M5 Ultra, 256.00 GiB RAM
ds4: Metal 4 tensor API enabled for Tensor kernels
ds4: drift-patch flags hc_stable=on norm_unify=on kv_raw_f32=off rope_exp2_log2=off math_safe=off tensor_matmul=on
ds4: Metal model views created in 5.628 ms, residency requested in 915.514 ms, warmup 6.041 ms (mapped 157001.67 MiB from offset 5.09 MiB)
ds4: Metal mapped mmaped model as 1 overlapping shared buffers
ds4: metal backend initialized for graph diagnostics
ds4: memory: KV 2.20 GiB (raw 0.19 + compressed 2.01) + buffers 1.00 GiB + resident model 153.32 GiB = 156.52 GiB planned
ds4: memory detail: ctx=262144 prefill_cap=2048 raw_kv_rows=2304 compressed_kv_rows=65538 backend=metal
1002 11:10:47 ds4-server: context buffers 3274.64 MiB (ctx=262144, backend=metal, prefill_chunk=2048, raw_kv_rows=2304, compressed_kv_rows=65538)
1002 11:10:47 ds4-server: listening on http://127.0.0.1:18185
1002 11:10:47 ds4-server: chat ctx=0..200001:200001 prompt start
1002 11:10:47 ds4-server: chat ctx=0..200001:200001 prefill chunk 0/200001 (0.0%) chunk=0.00 t/s avg=0.00 t/s 0.000s
1002 11:10:49 ds4-server: chat ctx=0..200001:200001 prefill chunk 2048/200001 (1.0%) chunk=986.95 t/s avg=986.86 t/s 2.075s
1002 11:10:52 ds4-server: chat ctx=0..200001:200001 prefill chunk 4096/200001 (2.0%) chunk=953.68 t/s avg=969.98 t/s 4.223s
1002 11:10:54 ds4-server: chat ctx=0..200001:200001 prefill chunk 6144/200001 (3.1%) chunk=951.08 t/s avg=963.60 t/s 6.376s
1002 11:10:56 ds4-server: chat ctx=0..200001:200001 prefill chunk 8192/200001 (4.1%) chunk=947.28 t/s avg=959.47 t/s 8.538s
1002 11:10:58 ds4-server: chat ctx=0..200001:200001 prefill chunk 10240/200001 (5.1%) chunk=931.06 t/s avg=953.65 t/s 10.738s
1002 11:11:00 ds4-server: chat ctx=0..200001:200001 prefill chunk 12288/200001 (6.1%) chunk=925.43 t/s avg=948.83 t/s 12.951s
1002 11:11:03 ds4-server: chat ctx=0..200001:200001 prefill chunk 14336/200001 (7.2%) chunk=916.94 t/s avg=944.14 t/s 15.184s
1002 11:11:05 ds4-server: chat ctx=0..200001:200001 prefill chunk 16384/200001 (8.2%) chunk=913.22 t/s avg=940.16 t/s 17.427s
1002 11:11:07 ds4-server: chat ctx=0..200001:200001 prefill chunk 18432/200001 (9.2%) chunk=903.41 t/s avg=935.93 t/s 19.694s
1002 11:11:09 ds4-server: chat ctx=0..200001:200001 prefill chunk 20480/200001 (10.2%) chunk=893.98 t/s avg=931.56 t/s 21.985s
1002 11:11:12 ds4-server: chat ctx=0..200001:200001 prefill chunk 22528/200001 (11.3%) chunk=888.69 t/s avg=927.49 t/s 24.289s
1002 11:11:14 ds4-server: chat ctx=0..200001:200001 prefill chunk 24576/200001 (12.3%) chunk=882.26 t/s avg=923.54 t/s 26.611s
1002 11:11:16 ds4-server: chat ctx=0..200001:200001 prefill chunk 26624/200001 (13.3%) chunk=868.32 t/s avg=919.05 t/s 28.969s
1002 11:11:19 ds4-server: chat ctx=0..200001:200001 prefill chunk 28672/200001 (14.3%) chunk=865.34 t/s avg=914.99 t/s 31.336s
1002 11:11:21 ds4-server: chat ctx=0..200001:200001 prefill chunk 30720/200001 (15.4%) chunk=850.02 t/s avg=910.35 t/s 33.745s
1002 11:11:24 ds4-server: chat ctx=0..200001:200001 prefill chunk 32768/200001 (16.4%) chunk=843.85 t/s avg=905.89 t/s 36.172s
1002 11:11:26 ds4-server: chat ctx=0..200001:200001 prefill chunk 34816/200001 (17.4%) chunk=828.82 t/s avg=900.96 t/s 38.643s
1002 11:11:29 ds4-server: chat ctx=0..200001:200001 prefill chunk 36864/200001 (18.4%) chunk=821.50 t/s avg=896.15 t/s 41.136s
1002 11:11:31 ds4-server: chat ctx=0..200001:200001 prefill chunk 38912/200001 (19.5%) chunk=814.10 t/s avg=891.42 t/s 43.652s
1002 11:11:34 ds4-server: chat ctx=0..200001:200001 prefill chunk 40960/200001 (20.5%) chunk=820.30 t/s avg=887.57 t/s 46.148s
1002 11:11:36 ds4-server: chat ctx=0..200001:200001 prefill chunk 43008/200001 (21.5%) chunk=807.53 t/s avg=883.40 t/s 48.685s
1002 11:11:39 ds4-server: chat ctx=0..200001:200001 prefill chunk 45056/200001 (22.5%) chunk=798.18 t/s avg=879.13 t/s 51.250s
1002 11:11:41 ds4-server: chat ctx=0..200001:200001 prefill chunk 47104/200001 (23.6%) chunk=793.09 t/s avg=875.01 t/s 53.833s
1002 11:11:44 ds4-server: chat ctx=0..200001:200001 prefill chunk 49152/200001 (24.6%) chunk=789.96 t/s avg=871.10 t/s 56.425s
1002 11:11:46 ds4-server: chat ctx=0..200001:200001 prefill chunk 51200/200001 (25.6%) chunk=775.13 t/s avg=866.81 t/s 59.067s
1002 11:11:49 ds4-server: chat ctx=0..200001:200001 prefill chunk 53248/200001 (26.6%) chunk=776.53 t/s avg=862.95 t/s 61.705s
1002 11:11:52 ds4-server: chat ctx=0..200001:200001 prefill chunk 55296/200001 (27.6%) chunk=757.96 t/s avg=858.54 t/s 64.407s
1002 11:11:54 ds4-server: chat ctx=0..200001:200001 prefill chunk 57344/200001 (28.7%) chunk=758.91 t/s avg=854.54 t/s 67.105s
1002 11:11:57 ds4-server: chat ctx=0..200001:200001 prefill chunk 59392/200001 (29.7%) chunk=746.33 t/s avg=850.29 t/s 69.849s
1002 11:12:00 ds4-server: chat ctx=0..200001:200001 prefill chunk 61440/200001 (30.7%) chunk=749.14 t/s avg=846.48 t/s 72.583s
1002 11:12:03 ds4-server: chat ctx=0..200001:200001 prefill chunk 63488/200001 (31.7%) chunk=744.51 t/s avg=842.75 t/s 75.334s
1002 11:12:05 ds4-server: chat ctx=0..200001:200001 prefill chunk 65536/200001 (32.8%) chunk=741.64 t/s avg=839.18 t/s 78.096s
1002 11:12:08 ds4-server: chat ctx=0..200001:200001 prefill chunk 67584/200001 (33.8%) chunk=731.59 t/s avg=835.45 t/s 80.895s
1002 11:12:11 ds4-server: chat ctx=0..200001:200001 prefill chunk 69632/200001 (34.8%) chunk=719.65 t/s avg=831.52 t/s 83.741s
1002 11:12:14 ds4-server: chat ctx=0..200001:200001 prefill chunk 71680/200001 (35.8%) chunk=713.03 t/s avg=827.59 t/s 86.613s
1002 11:12:17 ds4-server: chat ctx=0..200001:200001 prefill chunk 73728/200001 (36.9%) chunk=712.91 t/s avg=823.91 t/s 89.486s
1002 11:12:20 ds4-server: chat ctx=0..200001:200001 prefill chunk 75776/200001 (37.9%) chunk=704.75 t/s avg=820.16 t/s 92.392s
1002 11:12:23 ds4-server: chat ctx=0..200001:200001 prefill chunk 77824/200001 (38.9%) chunk=704.15 t/s avg=816.62 t/s 95.300s
1002 11:12:26 ds4-server: chat ctx=0..200001:200001 prefill chunk 79872/200001 (39.9%) chunk=698.66 t/s avg=813.10 t/s 98.231s
1002 11:12:29 ds4-server: chat ctx=0..200001:200001 prefill chunk 81920/200001 (41.0%) chunk=691.61 t/s avg=809.54 t/s 101.193s
1002 11:12:32 ds4-server: chat ctx=0..200001:200001 prefill chunk 83968/200001 (42.0%) chunk=679.98 t/s avg=805.80 t/s 104.205s
1002 11:12:35 ds4-server: chat ctx=0..200001:200001 prefill chunk 86016/200001 (43.0%) chunk=682.24 t/s avg=802.34 t/s 107.206s
1002 11:12:38 ds4-server: chat ctx=0..200001:200001 prefill chunk 88064/200001 (44.0%) chunk=679.05 t/s avg=798.97 t/s 110.222s
1002 11:12:41 ds4-server: chat ctx=0..200001:200001 prefill chunk 90112/200001 (45.1%) chunk=678.05 t/s avg=795.74 t/s 113.243s
1002 11:12:44 ds4-server: chat ctx=0..200001:200001 prefill chunk 92160/200001 (46.1%) chunk=668.01 t/s avg=792.37 t/s 116.309s
1002 11:12:47 ds4-server: chat ctx=0..200001:200001 prefill chunk 94208/200001 (47.1%) chunk=661.08 t/s avg=788.97 t/s 119.407s
1002 11:12:50 ds4-server: chat ctx=0..200001:200001 prefill chunk 96256/200001 (48.1%) chunk=660.88 t/s avg=785.73 t/s 122.505s
1002 11:12:53 ds4-server: chat ctx=0..200001:200001 prefill chunk 98304/200001 (49.2%) chunk=658.46 t/s avg=782.58 t/s 125.616s
1002 11:12:56 ds4-server: chat ctx=0..200001:200001 prefill chunk 100352/200001 (50.2%) chunk=650.43 t/s avg=779.35 t/s 128.764s
1002 11:12:59 ds4-server: chat ctx=0..200001:200001 prefill chunk 102400/200001 (51.2%) chunk=647.64 t/s avg=776.19 t/s 131.927s
1002 11:13:03 ds4-server: chat ctx=0..200001:200001 prefill chunk 104448/200001 (52.2%) chunk=637.05 t/s avg=772.88 t/s 135.142s
1002 11:13:06 ds4-server: chat ctx=0..200001:200001 prefill chunk 106496/200001 (53.2%) chunk=639.93 t/s avg=769.80 t/s 138.342s
1002 11:13:09 ds4-server: chat ctx=0..200001:200001 prefill chunk 108544/200001 (54.3%) chunk=634.56 t/s avg=766.72 t/s 141.569s
1002 11:13:12 ds4-server: chat ctx=0..200001:200001 prefill chunk 110592/200001 (55.3%) chunk=631.67 t/s avg=763.70 t/s 144.811s
1002 11:13:15 ds4-server: chat ctx=0..200001:200001 prefill chunk 112640/200001 (56.3%) chunk=621.68 t/s avg=760.54 t/s 148.106s
1002 11:13:19 ds4-server: chat ctx=0..200001:200001 prefill chunk 114688/200001 (57.3%) chunk=624.68 t/s avg=757.60 t/s 151.384s
1002 11:13:22 ds4-server: chat ctx=0..200001:200001 prefill chunk 116736/200001 (58.4%) chunk=615.08 t/s avg=754.53 t/s 154.714s
1002 11:13:25 ds4-server: chat ctx=0..200001:200001 prefill chunk 118784/200001 (59.4%) chunk=614.05 t/s avg=751.56 t/s 158.049s
1002 11:13:29 ds4-server: chat ctx=0..200001:200001 prefill chunk 120832/200001 (60.4%) chunk=609.90 t/s avg=748.62 t/s 161.407s
1002 11:13:32 ds4-server: chat ctx=0..200001:200001 prefill chunk 122880/200001 (61.4%) chunk=609.73 t/s avg=745.79 t/s 164.766s
1002 11:13:36 ds4-server: chat ctx=0..200001:200001 prefill chunk 124928/200001 (62.5%) chunk=601.97 t/s avg=742.88 t/s 168.168s
1002 11:13:39 ds4-server: chat ctx=0..200001:200001 prefill chunk 126976/200001 (63.5%) chunk=603.29 t/s avg=740.11 t/s 171.563s
1002 11:13:42 ds4-server: chat ctx=0..200001:200001 prefill chunk 129024/200001 (64.5%) chunk=595.94 t/s avg=737.28 t/s 174.999s
1002 11:13:46 ds4-server: chat ctx=0..200001:200001 prefill chunk 131072/200001 (65.5%) chunk=599.57 t/s avg=734.65 t/s 178.415s
1002 11:13:49 ds4-server: chat ctx=0..200001:200001 prefill chunk 133120/200001 (66.6%) chunk=587.32 t/s avg=731.82 t/s 181.902s
1002 11:13:53 ds4-server: chat ctx=0..200001:200001 prefill chunk 135168/200001 (67.6%) chunk=590.21 t/s avg=729.17 t/s 185.372s
1002 11:13:56 ds4-server: chat ctx=0..200001:200001 prefill chunk 137216/200001 (68.6%) chunk=586.06 t/s avg=726.52 t/s 188.867s
1002 11:14:00 ds4-server: chat ctx=0..200001:200001 prefill chunk 139264/200001 (69.6%) chunk=585.05 t/s avg=723.95 t/s 192.367s
1002 11:14:03 ds4-server: chat ctx=0..200001:200001 prefill chunk 141312/200001 (70.7%) chunk=577.70 t/s avg=721.30 t/s 195.912s
1002 11:14:07 ds4-server: chat ctx=0..200001:200001 prefill chunk 143360/200001 (71.7%) chunk=576.80 t/s avg=718.73 t/s 199.463s
1002 11:14:10 ds4-server: chat ctx=0..200001:200001 prefill chunk 145408/200001 (72.7%) chunk=572.40 t/s avg=716.15 t/s 203.041s
1002 11:14:14 ds4-server: chat ctx=0..200001:200001 prefill chunk 147456/200001 (73.7%) chunk=570.49 t/s avg=713.62 t/s 206.631s
1002 11:14:18 ds4-server: chat ctx=0..200001:200001 prefill chunk 149504/200001 (74.8%) chunk=564.46 t/s avg=711.05 t/s 210.259s
1002 11:14:21 ds4-server: chat ctx=0..200001:200001 prefill chunk 151552/200001 (75.8%) chunk=563.63 t/s avg=708.54 t/s 213.892s
1002 11:14:25 ds4-server: chat ctx=0..200001:200001 prefill chunk 153600/200001 (76.8%) chunk=559.53 t/s avg=706.04 t/s 217.553s
1002 11:14:29 ds4-server: chat ctx=0..200001:200001 prefill chunk 155648/200001 (77.8%) chunk=558.87 t/s avg=703.60 t/s 221.217s
1002 11:14:32 ds4-server: chat ctx=0..200001:200001 prefill chunk 157696/200001 (78.8%) chunk=552.38 t/s avg=701.11 t/s 224.925s
1002 11:14:36 ds4-server: chat ctx=0..200001:200001 prefill chunk 159744/200001 (79.9%) chunk=550.98 t/s avg=698.66 t/s 228.642s
1002 11:14:40 ds4-server: chat ctx=0..200001:200001 prefill chunk 161792/200001 (80.9%) chunk=547.52 t/s avg=696.23 t/s 232.382s
1002 11:14:44 ds4-server: chat ctx=0..200001:200001 prefill chunk 163840/200001 (81.9%) chunk=546.10 t/s avg=693.85 t/s 236.133s
1002 11:14:47 ds4-server: chat ctx=0..200001:200001 prefill chunk 165888/200001 (82.9%) chunk=539.58 t/s avg=691.41 t/s 239.928s
1002 11:14:51 ds4-server: chat ctx=0..200001:200001 prefill chunk 167936/200001 (84.0%) chunk=538.78 t/s avg=689.03 t/s 243.729s
1002 11:14:55 ds4-server: chat ctx=0..200001:200001 prefill chunk 169984/200001 (85.0%) chunk=535.69 t/s avg=686.66 t/s 247.552s
1002 11:14:59 ds4-server: chat ctx=0..200001:200001 prefill chunk 172032/200001 (86.0%) chunk=534.23 t/s avg=684.33 t/s 251.386s
1002 11:15:03 ds4-server: chat ctx=0..200001:200001 prefill chunk 174080/200001 (87.0%) chunk=528.97 t/s avg=681.98 t/s 255.258s
1002 11:15:07 ds4-server: chat ctx=0..200001:200001 prefill chunk 176128/200001 (88.1%) chunk=527.97 t/s avg=679.67 t/s 259.137s
1002 11:15:10 ds4-server: chat ctx=0..200001:200001 prefill chunk 178176/200001 (89.1%) chunk=524.02 t/s avg=677.36 t/s 263.045s
1002 11:15:14 ds4-server: chat ctx=0..200001:200001 prefill chunk 180224/200001 (90.1%) chunk=523.39 t/s avg=675.10 t/s 266.958s
1002 11:15:18 ds4-server: chat ctx=0..200001:200001 prefill chunk 182272/200001 (91.1%) chunk=517.19 t/s avg=672.79 t/s 270.918s
1002 11:15:22 ds4-server: chat ctx=0..200001:200001 prefill chunk 184320/200001 (92.2%) chunk=516.78 t/s avg=670.55 t/s 274.881s
1002 11:15:26 ds4-server: chat ctx=0..200001:200001 prefill chunk 186368/200001 (93.2%) chunk=513.45 t/s avg=668.30 t/s 278.869s
1002 11:15:30 ds4-server: chat ctx=0..200001:200001 prefill chunk 188416/200001 (94.2%) chunk=512.03 t/s avg=666.09 t/s 282.869s
1002 11:15:34 ds4-server: chat ctx=0..200001:200001 prefill chunk 190464/200001 (95.2%) chunk=506.73 t/s avg=663.84 t/s 286.911s
1002 11:15:38 ds4-server: chat ctx=0..200001:200001 prefill chunk 192512/200001 (96.3%) chunk=504.68 t/s avg=661.62 t/s 290.969s
1002 11:15:42 ds4-server: chat ctx=0..200001:200001 prefill chunk 194560/200001 (97.3%) chunk=502.32 t/s avg=659.42 t/s 295.046s
1002 11:15:47 ds4-server: chat ctx=0..200001:200001 prefill chunk 196608/200001 (98.3%) chunk=501.73 t/s avg=657.27 t/s 299.128s
1002 11:15:51 ds4-server: chat ctx=0..200001:200001 prefill chunk 198656/200001 (99.3%) chunk=495.69 t/s avg=655.07 t/s 303.259s
1002 11:15:55 ds4-server: chat ctx=0..200001:200001 prefill chunk 200001/200001 (100.0%) chunk=339.58 t/s avg=651.00 t/s 307.220s
1002 11:15:55 ds4-server: chat ctx=0..200001:200001 prompt done 307.220s
1002 11:15:55 ds4-server: chat ctx=200001..200019:18 gen=18 decoding chunk=35.99 t/s avg=35.99 t/s 0.500s
1002 11:15:55 ds4-server: chat ctx=0..200001:200001 gen=18 finish=stop 307.721s
1002 11:15:55 ds4-server: chat ctx=200019..203949:3930 prompt start
1002 11:15:55 ds4-server: chat ctx=200019..203949:3930 prefill chunk 0/3930 (0.0%) chunk=0.00 t/s avg=0.00 t/s 0.000s
1002 11:15:57 ds4-server: chat ctx=200019..203949:3930 prefill chunk 685/3930 (17.4%) chunk=301.32 t/s avg=301.29 t/s 2.274s
1002 11:16:02 ds4-server: chat ctx=200019..203949:3930 prefill chunk 2733/3930 (69.5%) chunk=484.62 t/s avg=420.49 t/s 6.500s
1002 11:16:05 ds4-server: chat ctx=200019..203949:3930 prefill chunk 3930/3930 (100.0%) chunk=334.25 t/s avg=389.86 t/s 10.081s
1002 11:16:05 ds4-server: chat ctx=200019..203949:3930 prompt done 10.081s
1002 11:16:07 ds4-server: chat ctx=203949..203999:50 gen=50 decoding chunk=36.51 t/s avg=36.51 t/s 1.369s
1002 11:16:08 ds4-server: chat ctx=203999..204049:50 gen=100 decoding chunk=36.45 t/s avg=36.48 t/s 2.741s
1002 11:16:09 ds4-server: chat ctx=204049..204099:50 gen=150 decoding chunk=36.51 t/s avg=36.49 t/s 4.110s
1002 11:16:10 ds4-server: chat ctx=204099..204128:29 gen=179 decoding chunk=36.16 t/s avg=36.44 t/s 4.912s
1002 11:16:10 ds4-server: chat ctx=200019..203949:3930 gen=179 finish=stop 14.994s
1002 11:16:10 ds4-server: chat ctx=204128..204147:19 prompt start
1002 11:16:10 ds4-server: chat ctx=204128..204147:19 prefill chunk 0/19 (0.0%) chunk=0.00 t/s avg=0.00 t/s 0.000s
1002 11:16:11 ds4-server: chat ctx=204128..204147:19 prefill chunk 19/19 (100.0%) chunk=76.95 t/s avg=76.89 t/s 0.247s
1002 11:16:11 ds4-server: chat ctx=204128..204147:19 prompt done 0.247s
1002 11:16:11 ds4-server: chat ctx=204147..204152:5 gen=5 decoding chunk=33.65 t/s avg=33.65 t/s 0.149s
1002 11:16:11 ds4-server: chat ctx=204128..204147:19 gen=5 finish=stop 0.396s
1002 11:16:15 ds4-server: shutdown requested, draining requests
