<M5_REPO>/vendor/vlm-runtime/.venv/lib/python3.12/site-packages/mlx_lm/server.py:1723: UserWarning: mlx_lm.server is not recommended for production as it only implements basic security checks.
  warnings.warn(
2026-10-02 17:48:31,407 - INFO - Starting httpd at 127.0.0.1 on port 18185...
127.0.0.1 - - [02/Oct/2026 17:48:31] "GET /v1/models HTTP/1.1" 200 -
127.0.0.1 - - [02/Oct/2026 17:48:38] "POST /v1/chat/completions HTTP/1.1" 200 -
2026-10-02 17:48:38,588 - INFO - Prompt Cache: 0 sequences, 0.00 GB
2026-10-02 17:48:38,588 - INFO - - assistant: 0 sequences, 0.00 GB
2026-10-02 17:48:38,588 - INFO - - user: 0 sequences, 0.00 GB
2026-10-02 17:48:38,588 - INFO - - system: 0 sequences, 0.00 GB
2026-10-02 17:48:38,674 - INFO - Prompt processing progress: 0/200020
2026-10-02 17:48:38,993 - INFO - Prompt processing progress: 2048/200020
2026-10-02 17:48:39,211 - INFO - Prompt processing progress: 4096/200020
2026-10-02 17:48:39,437 - INFO - Prompt processing progress: 6144/200020
2026-10-02 17:48:39,671 - INFO - Prompt processing progress: 8192/200020
2026-10-02 17:48:39,915 - INFO - Prompt processing progress: 10240/200020
2026-10-02 17:48:40,169 - INFO - Prompt processing progress: 12288/200020
2026-10-02 17:48:40,429 - INFO - Prompt processing progress: 14336/200020
2026-10-02 17:48:40,701 - INFO - Prompt processing progress: 16384/200020
2026-10-02 17:48:40,981 - INFO - Prompt processing progress: 18432/200020
2026-10-02 17:48:41,272 - INFO - Prompt processing progress: 20480/200020
2026-10-02 17:48:41,571 - INFO - Prompt processing progress: 22528/200020
2026-10-02 17:48:41,880 - INFO - Prompt processing progress: 24576/200020
2026-10-02 17:48:42,200 - INFO - Prompt processing progress: 26624/200020
2026-10-02 17:48:42,528 - INFO - Prompt processing progress: 28672/200020
2026-10-02 17:48:42,867 - INFO - Prompt processing progress: 30720/200020
2026-10-02 17:48:43,216 - INFO - Prompt processing progress: 32768/200020
2026-10-02 17:48:43,573 - INFO - Prompt processing progress: 34816/200020
2026-10-02 17:48:43,941 - INFO - Prompt processing progress: 36864/200020
2026-10-02 17:48:44,318 - INFO - Prompt processing progress: 38912/200020
2026-10-02 17:48:44,705 - INFO - Prompt processing progress: 40960/200020
2026-10-02 17:48:45,103 - INFO - Prompt processing progress: 43008/200020
2026-10-02 17:48:45,511 - INFO - Prompt processing progress: 45056/200020
2026-10-02 17:48:45,928 - INFO - Prompt processing progress: 47104/200020
2026-10-02 17:48:46,354 - INFO - Prompt processing progress: 49152/200020
2026-10-02 17:48:46,789 - INFO - Prompt processing progress: 51200/200020
2026-10-02 17:48:47,235 - INFO - Prompt processing progress: 53248/200020
2026-10-02 17:48:47,693 - INFO - Prompt processing progress: 55296/200020
2026-10-02 17:48:48,161 - INFO - Prompt processing progress: 57344/200020
2026-10-02 17:48:48,636 - INFO - Prompt processing progress: 59392/200020
2026-10-02 17:48:49,121 - INFO - Prompt processing progress: 61440/200020
2026-10-02 17:48:49,615 - INFO - Prompt processing progress: 63488/200020
2026-10-02 17:48:50,119 - INFO - Prompt processing progress: 65536/200020
2026-10-02 17:48:50,632 - INFO - Prompt processing progress: 67584/200020
2026-10-02 17:48:51,159 - INFO - Prompt processing progress: 69632/200020
2026-10-02 17:48:51,692 - INFO - Prompt processing progress: 71680/200020
2026-10-02 17:48:52,238 - INFO - Prompt processing progress: 73728/200020
2026-10-02 17:48:52,790 - INFO - Prompt processing progress: 75776/200020
2026-10-02 17:48:53,356 - INFO - Prompt processing progress: 77824/200020
2026-10-02 17:48:53,932 - INFO - Prompt processing progress: 79872/200020
2026-10-02 17:48:54,518 - INFO - Prompt processing progress: 81920/200020
2026-10-02 17:48:55,115 - INFO - Prompt processing progress: 83968/200020
2026-10-02 17:48:55,721 - INFO - Prompt processing progress: 86016/200020
2026-10-02 17:48:56,335 - INFO - Prompt processing progress: 88064/200020
2026-10-02 17:48:56,961 - INFO - Prompt processing progress: 90112/200020
2026-10-02 17:48:57,597 - INFO - Prompt processing progress: 92160/200020
2026-10-02 17:48:58,241 - INFO - Prompt processing progress: 94208/200020
2026-10-02 17:48:58,897 - INFO - Prompt processing progress: 96256/200020
2026-10-02 17:48:59,559 - INFO - Prompt processing progress: 98304/200020
2026-10-02 17:49:00,235 - INFO - Prompt processing progress: 100352/200020
2026-10-02 17:49:00,919 - INFO - Prompt processing progress: 102400/200020
2026-10-02 17:49:01,616 - INFO - Prompt processing progress: 104448/200020
2026-10-02 17:49:02,315 - INFO - Prompt processing progress: 106496/200020
2026-10-02 17:49:03,031 - INFO - Prompt processing progress: 108544/200020
2026-10-02 17:49:03,755 - INFO - Prompt processing progress: 110592/200020
2026-10-02 17:49:04,491 - INFO - Prompt processing progress: 112640/200020
2026-10-02 17:49:05,226 - INFO - Prompt processing progress: 114688/200020
2026-10-02 17:49:05,980 - INFO - Prompt processing progress: 116736/200020
2026-10-02 17:49:06,743 - INFO - Prompt processing progress: 118784/200020
2026-10-02 17:49:07,514 - INFO - Prompt processing progress: 120832/200020
2026-10-02 17:49:08,298 - INFO - Prompt processing progress: 122880/200020
2026-10-02 17:49:09,092 - INFO - Prompt processing progress: 124928/200020
2026-10-02 17:49:09,895 - INFO - Prompt processing progress: 126976/200020
2026-10-02 17:49:10,707 - INFO - Prompt processing progress: 129024/200020
2026-10-02 17:49:11,529 - INFO - Prompt processing progress: 131072/200020
2026-10-02 17:49:12,363 - INFO - Prompt processing progress: 133120/200020
2026-10-02 17:49:13,207 - INFO - Prompt processing progress: 135168/200020
2026-10-02 17:49:14,060 - INFO - Prompt processing progress: 137216/200020
2026-10-02 17:49:14,924 - INFO - Prompt processing progress: 139264/200020
2026-10-02 17:49:15,795 - INFO - Prompt processing progress: 141312/200020
2026-10-02 17:49:16,680 - INFO - Prompt processing progress: 143360/200020
2026-10-02 17:49:17,564 - INFO - Prompt processing progress: 145408/200020
2026-10-02 17:49:18,462 - INFO - Prompt processing progress: 147456/200020
2026-10-02 17:49:19,363 - INFO - Prompt processing progress: 149504/200020
2026-10-02 17:49:20,287 - INFO - Prompt processing progress: 151552/200020
2026-10-02 17:49:21,219 - INFO - Prompt processing progress: 153600/200020
2026-10-02 17:49:22,162 - INFO - Prompt processing progress: 155648/200020
2026-10-02 17:49:23,113 - INFO - Prompt processing progress: 157696/200020
2026-10-02 17:49:24,072 - INFO - Prompt processing progress: 159744/200020
2026-10-02 17:49:25,044 - INFO - Prompt processing progress: 161792/200020
2026-10-02 17:49:26,027 - INFO - Prompt processing progress: 163840/200020
2026-10-02 17:49:27,018 - INFO - Prompt processing progress: 165888/200020
2026-10-02 17:49:28,016 - INFO - Prompt processing progress: 167936/200020
2026-10-02 17:49:29,030 - INFO - Prompt processing progress: 169984/200020
2026-10-02 17:49:30,052 - INFO - Prompt processing progress: 172032/200020
2026-10-02 17:49:31,081 - INFO - Prompt processing progress: 174080/200020
2026-10-02 17:49:32,108 - INFO - Prompt processing progress: 176128/200020
2026-10-02 17:49:33,158 - INFO - Prompt processing progress: 178176/200020
2026-10-02 17:49:34,220 - INFO - Prompt processing progress: 180224/200020
2026-10-02 17:49:35,297 - INFO - Prompt processing progress: 182272/200020
2026-10-02 17:49:36,381 - INFO - Prompt processing progress: 184320/200020
2026-10-02 17:49:37,466 - INFO - Prompt processing progress: 186368/200020
2026-10-02 17:49:38,558 - INFO - Prompt processing progress: 188416/200020
2026-10-02 17:49:39,672 - INFO - Prompt processing progress: 190464/200020
2026-10-02 17:49:40,789 - INFO - Prompt processing progress: 192512/200020
2026-10-02 17:49:41,919 - INFO - Prompt processing progress: 194560/200020
2026-10-02 17:49:43,059 - INFO - Prompt processing progress: 196608/200020
2026-10-02 17:49:44,208 - INFO - Prompt processing progress: 198656/200020
2026-10-02 17:49:45,098 - INFO - Prompt processing progress: 200019/200020
2026-10-02 17:49:45,138 - INFO - Prompt processing progress: 200020/200020
127.0.0.1 - - [02/Oct/2026 17:49:45] "POST /v1/chat/completions HTTP/1.1" 200 -
2026-10-02 17:49:45,481 - INFO - Prompt Cache: 1 sequences, 4.16 GB
2026-10-02 17:49:45,481 - INFO - - assistant: 1 sequences, 4.16 GB
2026-10-02 17:49:45,481 - INFO - - user: 0 sequences, 0.00 GB
2026-10-02 17:49:45,481 - INFO - - system: 0 sequences, 0.00 GB
2026-10-02 17:49:45,583 - INFO - Prompt processing progress: 0/203677
2026-10-02 17:49:45,796 - INFO - Prompt processing progress: 2048/203677
2026-10-02 17:49:46,015 - INFO - Prompt processing progress: 4096/203677
2026-10-02 17:49:46,240 - INFO - Prompt processing progress: 6144/203677
2026-10-02 17:49:46,475 - INFO - Prompt processing progress: 8192/203677
2026-10-02 17:49:46,720 - INFO - Prompt processing progress: 10240/203677
2026-10-02 17:49:46,972 - INFO - Prompt processing progress: 12288/203677
2026-10-02 17:49:47,233 - INFO - Prompt processing progress: 14336/203677
2026-10-02 17:49:47,506 - INFO - Prompt processing progress: 16384/203677
2026-10-02 17:49:47,786 - INFO - Prompt processing progress: 18432/203677
2026-10-02 17:49:48,077 - INFO - Prompt processing progress: 20480/203677
2026-10-02 17:49:48,376 - INFO - Prompt processing progress: 22528/203677
2026-10-02 17:49:48,687 - INFO - Prompt processing progress: 24576/203677
2026-10-02 17:49:49,007 - INFO - Prompt processing progress: 26624/203677
2026-10-02 17:49:49,337 - INFO - Prompt processing progress: 28672/203677
2026-10-02 17:49:49,677 - INFO - Prompt processing progress: 30720/203677
2026-10-02 17:49:50,026 - INFO - Prompt processing progress: 32768/203677
2026-10-02 17:49:50,383 - INFO - Prompt processing progress: 34816/203677
2026-10-02 17:49:50,751 - INFO - Prompt processing progress: 36864/203677
2026-10-02 17:49:51,127 - INFO - Prompt processing progress: 38912/203677
2026-10-02 17:49:51,515 - INFO - Prompt processing progress: 40960/203677
2026-10-02 17:49:51,910 - INFO - Prompt processing progress: 43008/203677
2026-10-02 17:49:52,316 - INFO - Prompt processing progress: 45056/203677
2026-10-02 17:49:52,733 - INFO - Prompt processing progress: 47104/203677
2026-10-02 17:49:53,160 - INFO - Prompt processing progress: 49152/203677
2026-10-02 17:49:53,596 - INFO - Prompt processing progress: 51200/203677
2026-10-02 17:49:54,044 - INFO - Prompt processing progress: 53248/203677
2026-10-02 17:49:54,500 - INFO - Prompt processing progress: 55296/203677
2026-10-02 17:49:54,968 - INFO - Prompt processing progress: 57344/203677
2026-10-02 17:49:55,441 - INFO - Prompt processing progress: 59392/203677
2026-10-02 17:49:55,929 - INFO - Prompt processing progress: 61440/203677
2026-10-02 17:49:56,425 - INFO - Prompt processing progress: 63488/203677
2026-10-02 17:49:56,931 - INFO - Prompt processing progress: 65536/203677
2026-10-02 17:49:57,447 - INFO - Prompt processing progress: 67584/203677
2026-10-02 17:49:57,972 - INFO - Prompt processing progress: 69632/203677
2026-10-02 17:49:58,509 - INFO - Prompt processing progress: 71680/203677
2026-10-02 17:49:59,056 - INFO - Prompt processing progress: 73728/203677
2026-10-02 17:49:59,613 - INFO - Prompt processing progress: 75776/203677
2026-10-02 17:50:00,180 - INFO - Prompt processing progress: 77824/203677
2026-10-02 17:50:00,758 - INFO - Prompt processing progress: 79872/203677
2026-10-02 17:50:01,343 - INFO - Prompt processing progress: 81920/203677
2026-10-02 17:50:01,938 - INFO - Prompt processing progress: 83968/203677
2026-10-02 17:50:02,545 - INFO - Prompt processing progress: 86016/203677
2026-10-02 17:50:03,165 - INFO - Prompt processing progress: 88064/203677
2026-10-02 17:50:03,790 - INFO - Prompt processing progress: 90112/203677
2026-10-02 17:50:04,424 - INFO - Prompt processing progress: 92160/203677
2026-10-02 17:50:05,071 - INFO - Prompt processing progress: 94208/203677
2026-10-02 17:50:05,728 - INFO - Prompt processing progress: 96256/203677
2026-10-02 17:50:06,395 - INFO - Prompt processing progress: 98304/203677
2026-10-02 17:50:07,071 - INFO - Prompt processing progress: 100352/203677
2026-10-02 17:50:07,758 - INFO - Prompt processing progress: 102400/203677
2026-10-02 17:50:08,454 - INFO - Prompt processing progress: 104448/203677
2026-10-02 17:50:09,163 - INFO - Prompt processing progress: 106496/203677
2026-10-02 17:50:09,874 - INFO - Prompt processing progress: 108544/203677
2026-10-02 17:50:10,598 - INFO - Prompt processing progress: 110592/203677
2026-10-02 17:50:11,331 - INFO - Prompt processing progress: 112640/203677
2026-10-02 17:50:12,076 - INFO - Prompt processing progress: 114688/203677
2026-10-02 17:50:12,831 - INFO - Prompt processing progress: 116736/203677
2026-10-02 17:50:13,594 - INFO - Prompt processing progress: 118784/203677
2026-10-02 17:50:14,370 - INFO - Prompt processing progress: 120832/203677
2026-10-02 17:50:15,154 - INFO - Prompt processing progress: 122880/203677
2026-10-02 17:50:15,951 - INFO - Prompt processing progress: 124928/203677
2026-10-02 17:50:16,753 - INFO - Prompt processing progress: 126976/203677
2026-10-02 17:50:17,570 - INFO - Prompt processing progress: 129024/203677
2026-10-02 17:50:18,393 - INFO - Prompt processing progress: 131072/203677
2026-10-02 17:50:19,231 - INFO - Prompt processing progress: 133120/203677
2026-10-02 17:50:20,073 - INFO - Prompt processing progress: 135168/203677
2026-10-02 17:50:20,929 - INFO - Prompt processing progress: 137216/203677
2026-10-02 17:50:21,797 - INFO - Prompt processing progress: 139264/203677
2026-10-02 17:50:22,669 - INFO - Prompt processing progress: 141312/203677
2026-10-02 17:50:23,553 - INFO - Prompt processing progress: 143360/203677
2026-10-02 17:50:24,448 - INFO - Prompt processing progress: 145408/203677
2026-10-02 17:50:25,353 - INFO - Prompt processing progress: 147456/203677
2026-10-02 17:50:26,266 - INFO - Prompt processing progress: 149504/203677
2026-10-02 17:50:27,188 - INFO - Prompt processing progress: 151552/203677
2026-10-02 17:50:28,123 - INFO - Prompt processing progress: 153600/203677
2026-10-02 17:50:29,068 - INFO - Prompt processing progress: 155648/203677
2026-10-02 17:50:30,023 - INFO - Prompt processing progress: 157696/203677
2026-10-02 17:50:30,975 - INFO - Prompt processing progress: 159744/203677
2026-10-02 17:50:31,949 - INFO - Prompt processing progress: 161792/203677
2026-10-02 17:50:32,934 - INFO - Prompt processing progress: 163840/203677
2026-10-02 17:50:33,935 - INFO - Prompt processing progress: 165888/203677
2026-10-02 17:50:34,940 - INFO - Prompt processing progress: 167936/203677
2026-10-02 17:50:35,950 - INFO - Prompt processing progress: 169984/203677
2026-10-02 17:50:36,968 - INFO - Prompt processing progress: 172032/203677
2026-10-02 17:50:38,004 - INFO - Prompt processing progress: 174080/203677
2026-10-02 17:50:39,049 - INFO - Prompt processing progress: 176128/203677
2026-10-02 17:50:40,102 - INFO - Prompt processing progress: 178176/203677
2026-10-02 17:50:41,159 - INFO - Prompt processing progress: 180224/203677
2026-10-02 17:50:42,232 - INFO - Prompt processing progress: 182272/203677
2026-10-02 17:50:43,306 - INFO - Prompt processing progress: 184320/203677
2026-10-02 17:50:44,396 - INFO - Prompt processing progress: 186368/203677
2026-10-02 17:50:45,505 - INFO - Prompt processing progress: 188416/203677
2026-10-02 17:50:46,607 - INFO - Prompt processing progress: 190464/203677
2026-10-02 17:50:47,732 - INFO - Prompt processing progress: 192512/203677
2026-10-02 17:50:48,857 - INFO - Prompt processing progress: 194560/203677
2026-10-02 17:50:50,003 - INFO - Prompt processing progress: 196608/203677
2026-10-02 17:50:51,154 - INFO - Prompt processing progress: 198656/203677
2026-10-02 17:50:52,311 - INFO - Prompt processing progress: 200704/203677
2026-10-02 17:50:53,483 - INFO - Prompt processing progress: 202752/203677
2026-10-02 17:50:54,418 - INFO - Prompt processing progress: 203676/203677
2026-10-02 17:50:54,456 - INFO - Prompt processing progress: 203677/203677
127.0.0.1 - - [02/Oct/2026 17:50:59] "POST /v1/chat/completions HTTP/1.1" 200 -
2026-10-02 17:50:59,662 - INFO - Prompt Cache: 1 sequences, 4.25 GB
2026-10-02 17:50:59,662 - INFO - - assistant: 1 sequences, 4.25 GB
2026-10-02 17:50:59,662 - INFO - - user: 0 sequences, 0.00 GB
2026-10-02 17:50:59,662 - INFO - - system: 0 sequences, 0.00 GB
2026-10-02 17:50:59,760 - INFO - Prompt processing progress: 0/204095
2026-10-02 17:50:59,982 - INFO - Prompt processing progress: 2048/204095
2026-10-02 17:51:00,206 - INFO - Prompt processing progress: 4096/204095
2026-10-02 17:51:00,434 - INFO - Prompt processing progress: 6144/204095
2026-10-02 17:51:00,668 - INFO - Prompt processing progress: 8192/204095
2026-10-02 17:51:00,911 - INFO - Prompt processing progress: 10240/204095
2026-10-02 17:51:01,166 - INFO - Prompt processing progress: 12288/204095
2026-10-02 17:51:01,429 - INFO - Prompt processing progress: 14336/204095
2026-10-02 17:51:01,702 - INFO - Prompt processing progress: 16384/204095
2026-10-02 17:51:01,982 - INFO - Prompt processing progress: 18432/204095
2026-10-02 17:51:02,274 - INFO - Prompt processing progress: 20480/204095
2026-10-02 17:51:02,574 - INFO - Prompt processing progress: 22528/204095
2026-10-02 17:51:02,885 - INFO - Prompt processing progress: 24576/204095
2026-10-02 17:51:03,205 - INFO - Prompt processing progress: 26624/204095
2026-10-02 17:51:03,536 - INFO - Prompt processing progress: 28672/204095
2026-10-02 17:51:03,875 - INFO - Prompt processing progress: 30720/204095
2026-10-02 17:51:04,224 - INFO - Prompt processing progress: 32768/204095
2026-10-02 17:51:04,581 - INFO - Prompt processing progress: 34816/204095
2026-10-02 17:51:04,949 - INFO - Prompt processing progress: 36864/204095
2026-10-02 17:51:05,325 - INFO - Prompt processing progress: 38912/204095
2026-10-02 17:51:05,711 - INFO - Prompt processing progress: 40960/204095
2026-10-02 17:51:06,108 - INFO - Prompt processing progress: 43008/204095
2026-10-02 17:51:06,514 - INFO - Prompt processing progress: 45056/204095
2026-10-02 17:51:06,930 - INFO - Prompt processing progress: 47104/204095
2026-10-02 17:51:07,356 - INFO - Prompt processing progress: 49152/204095
2026-10-02 17:51:07,793 - INFO - Prompt processing progress: 51200/204095
2026-10-02 17:51:08,241 - INFO - Prompt processing progress: 53248/204095
2026-10-02 17:51:08,694 - INFO - Prompt processing progress: 55296/204095
2026-10-02 17:51:09,159 - INFO - Prompt processing progress: 57344/204095
2026-10-02 17:51:09,635 - INFO - Prompt processing progress: 59392/204095
2026-10-02 17:51:10,120 - INFO - Prompt processing progress: 61440/204095
2026-10-02 17:51:10,617 - INFO - Prompt processing progress: 63488/204095
2026-10-02 17:51:11,123 - INFO - Prompt processing progress: 65536/204095
2026-10-02 17:51:11,638 - INFO - Prompt processing progress: 67584/204095
2026-10-02 17:51:12,165 - INFO - Prompt processing progress: 69632/204095
2026-10-02 17:51:12,702 - INFO - Prompt processing progress: 71680/204095
2026-10-02 17:51:13,244 - INFO - Prompt processing progress: 73728/204095
2026-10-02 17:51:13,802 - INFO - Prompt processing progress: 75776/204095
2026-10-02 17:51:14,369 - INFO - Prompt processing progress: 77824/204095
2026-10-02 17:51:14,946 - INFO - Prompt processing progress: 79872/204095
2026-10-02 17:51:15,533 - INFO - Prompt processing progress: 81920/204095
2026-10-02 17:51:16,131 - INFO - Prompt processing progress: 83968/204095
2026-10-02 17:51:16,735 - INFO - Prompt processing progress: 86016/204095
2026-10-02 17:51:17,351 - INFO - Prompt processing progress: 88064/204095
2026-10-02 17:51:17,977 - INFO - Prompt processing progress: 90112/204095
2026-10-02 17:51:18,616 - INFO - Prompt processing progress: 92160/204095
2026-10-02 17:51:19,261 - INFO - Prompt processing progress: 94208/204095
2026-10-02 17:51:19,915 - INFO - Prompt processing progress: 96256/204095
2026-10-02 17:51:20,583 - INFO - Prompt processing progress: 98304/204095
2026-10-02 17:51:21,257 - INFO - Prompt processing progress: 100352/204095
2026-10-02 17:51:21,943 - INFO - Prompt processing progress: 102400/204095
2026-10-02 17:51:22,639 - INFO - Prompt processing progress: 104448/204095
2026-10-02 17:51:23,344 - INFO - Prompt processing progress: 106496/204095
2026-10-02 17:51:24,055 - INFO - Prompt processing progress: 108544/204095
2026-10-02 17:51:24,783 - INFO - Prompt processing progress: 110592/204095
2026-10-02 17:51:25,519 - INFO - Prompt processing progress: 112640/204095
2026-10-02 17:51:26,262 - INFO - Prompt processing progress: 114688/204095
2026-10-02 17:51:27,019 - INFO - Prompt processing progress: 116736/204095
2026-10-02 17:51:27,785 - INFO - Prompt processing progress: 118784/204095
2026-10-02 17:51:28,558 - INFO - Prompt processing progress: 120832/204095
2026-10-02 17:51:29,344 - INFO - Prompt processing progress: 122880/204095
2026-10-02 17:51:30,140 - INFO - Prompt processing progress: 124928/204095
2026-10-02 17:51:30,946 - INFO - Prompt processing progress: 126976/204095
2026-10-02 17:51:31,760 - INFO - Prompt processing progress: 129024/204095
2026-10-02 17:51:32,586 - INFO - Prompt processing progress: 131072/204095
2026-10-02 17:51:33,417 - INFO - Prompt processing progress: 133120/204095
2026-10-02 17:51:34,263 - INFO - Prompt processing progress: 135168/204095
2026-10-02 17:51:35,118 - INFO - Prompt processing progress: 137216/204095
2026-10-02 17:51:35,984 - INFO - Prompt processing progress: 139264/204095
2026-10-02 17:51:36,861 - INFO - Prompt processing progress: 141312/204095
2026-10-02 17:51:37,743 - INFO - Prompt processing progress: 143360/204095
2026-10-02 17:51:38,639 - INFO - Prompt processing progress: 145408/204095
2026-10-02 17:51:39,545 - INFO - Prompt processing progress: 147456/204095
2026-10-02 17:51:40,460 - INFO - Prompt processing progress: 149504/204095
2026-10-02 17:51:41,386 - INFO - Prompt processing progress: 151552/204095
2026-10-02 17:51:42,324 - INFO - Prompt processing progress: 153600/204095
2026-10-02 17:51:43,263 - INFO - Prompt processing progress: 155648/204095
2026-10-02 17:51:44,219 - INFO - Prompt processing progress: 157696/204095
2026-10-02 17:51:45,184 - INFO - Prompt processing progress: 159744/204095
2026-10-02 17:51:46,155 - INFO - Prompt processing progress: 161792/204095
2026-10-02 17:51:47,136 - INFO - Prompt processing progress: 163840/204095
2026-10-02 17:51:48,127 - INFO - Prompt processing progress: 165888/204095
2026-10-02 17:51:49,133 - INFO - Prompt processing progress: 167936/204095
2026-10-02 17:51:50,147 - INFO - Prompt processing progress: 169984/204095
2026-10-02 17:51:51,167 - INFO - Prompt processing progress: 172032/204095
2026-10-02 17:51:52,202 - INFO - Prompt processing progress: 174080/204095
2026-10-02 17:51:53,242 - INFO - Prompt processing progress: 176128/204095
2026-10-02 17:51:54,295 - INFO - Prompt processing progress: 178176/204095
2026-10-02 17:51:55,359 - INFO - Prompt processing progress: 180224/204095
2026-10-02 17:51:56,435 - INFO - Prompt processing progress: 182272/204095
2026-10-02 17:51:57,518 - INFO - Prompt processing progress: 184320/204095
2026-10-02 17:51:58,608 - INFO - Prompt processing progress: 186368/204095
2026-10-02 17:51:59,708 - INFO - Prompt processing progress: 188416/204095
2026-10-02 17:52:00,822 - INFO - Prompt processing progress: 190464/204095
2026-10-02 17:52:01,945 - INFO - Prompt processing progress: 192512/204095
2026-10-02 17:52:03,073 - INFO - Prompt processing progress: 194560/204095
2026-10-02 17:52:04,220 - INFO - Prompt processing progress: 196608/204095
2026-10-02 17:52:05,369 - INFO - Prompt processing progress: 198656/204095
2026-10-02 17:52:06,532 - INFO - Prompt processing progress: 200704/204095
2026-10-02 17:52:07,707 - INFO - Prompt processing progress: 202752/204095
2026-10-02 17:52:08,587 - INFO - Prompt processing progress: 204094/204095
2026-10-02 17:52:08,618 - INFO - Prompt processing progress: 204095/204095
