<repo>/vendor/vlm-runtime/.venv/lib/python3.12/site-packages/mlx_lm/server.py:1723: UserWarning: mlx_lm.server is not recommended for production as it only implements basic security checks.
  warnings.warn(
2026-10-01 20:52:57,797 - INFO - Starting httpd at 127.0.0.1 on port 18184...
127.0.0.1 - - [01/Oct/2026 20:52:57] "GET /v1/models HTTP/1.1" 200 -
127.0.0.1 - - [01/Oct/2026 20:52:59] "GET /v1/models HTTP/1.1" 200 -
[transformers] You are using a model of type `mimo_v2` to instantiate a model of type ``. This may be expected if you are loading a checkpoint that shares a subset of the architecture (e.g., loading a `sam2_video` checkpoint into `Sam2Model`), but is otherwise not supported and can yield errors. Please verify that the checkpoint is compatible with the model you are instantiating.
2026-10-01 20:53:09,943 - INFO - Prompt Cache: 0 sequences, 0.00 GB
2026-10-01 20:53:09,943 - INFO - - assistant: 0 sequences, 0.00 GB
2026-10-01 20:53:09,943 - INFO - - user: 0 sequences, 0.00 GB
2026-10-01 20:53:09,943 - INFO - - system: 0 sequences, 0.00 GB
127.0.0.1 - - [01/Oct/2026 20:53:09] "POST /v1/chat/completions HTTP/1.1" 200 -
2026-10-01 20:53:14,571 - INFO - Prompt processing progress: 575/594
2026-10-01 20:53:14,653 - INFO - Prompt processing progress: 593/594
2026-10-01 20:53:14,748 - INFO - Prompt processing progress: 594/594
2026-10-01 20:53:15,327 - WARNING - Failed to parse tool call (JSONDecodeError: Expecting value: line 1 column 1 (char 0)) — tool text was likely truncated mid-generation.
2026-10-01 20:53:15,348 - INFO - Prompt Cache: 1 sequences, 0.13 GB
2026-10-01 20:53:15,348 - INFO - - assistant: 0 sequences, 0.00 GB
2026-10-01 20:53:15,348 - INFO - - user: 0 sequences, 0.00 GB
2026-10-01 20:53:15,348 - INFO - - system: 1 sequences, 0.13 GB
127.0.0.1 - - [01/Oct/2026 20:53:15] "POST /v1/chat/completions HTTP/1.1" 200 -
2026-10-01 20:53:15,732 - INFO - Prompt processing progress: 124/125
2026-10-01 20:53:15,755 - INFO - Prompt processing progress: 125/125
2026-10-01 20:53:16,319 - WARNING - Failed to parse tool call (JSONDecodeError: Expecting value: line 1 column 1 (char 0)) — tool text was likely truncated mid-generation.
2026-10-01 20:53:16,339 - INFO - Prompt Cache: 1 sequences, 0.13 GB
2026-10-01 20:53:16,339 - INFO - - assistant: 0 sequences, 0.00 GB
2026-10-01 20:53:16,339 - INFO - - user: 0 sequences, 0.00 GB
2026-10-01 20:53:16,339 - INFO - - system: 1 sequences, 0.13 GB
127.0.0.1 - - [01/Oct/2026 20:53:16] "POST /v1/chat/completions HTTP/1.1" 200 -
2026-10-01 20:53:16,647 - INFO - Prompt processing progress: 215/216
2026-10-01 20:53:16,671 - INFO - Prompt processing progress: 216/216
2026-10-01 20:53:17,351 - WARNING - Failed to parse tool call (JSONDecodeError: Expecting value: line 1 column 1 (char 0)) — tool text was likely truncated mid-generation.
2026-10-01 20:53:17,370 - INFO - Prompt Cache: 1 sequences, 0.13 GB
2026-10-01 20:53:17,370 - INFO - - assistant: 0 sequences, 0.00 GB
2026-10-01 20:53:17,370 - INFO - - user: 0 sequences, 0.00 GB
2026-10-01 20:53:17,370 - INFO - - system: 1 sequences, 0.13 GB
127.0.0.1 - - [01/Oct/2026 20:53:17] "POST /v1/chat/completions HTTP/1.1" 200 -
2026-10-01 20:53:17,719 - INFO - Prompt processing progress: 309/310
2026-10-01 20:53:17,741 - INFO - Prompt processing progress: 310/310
2026-10-01 20:53:18,817 - WARNING - Failed to parse tool call (JSONDecodeError: Expecting value: line 1 column 1 (char 0)) — tool text was likely truncated mid-generation.
2026-10-01 20:53:18,837 - INFO - Prompt Cache: 1 sequences, 0.13 GB
2026-10-01 20:53:18,837 - INFO - - assistant: 0 sequences, 0.00 GB
2026-10-01 20:53:18,837 - INFO - - user: 0 sequences, 0.00 GB
2026-10-01 20:53:18,837 - INFO - - system: 1 sequences, 0.13 GB
127.0.0.1 - - [01/Oct/2026 20:53:18] "POST /v1/chat/completions HTTP/1.1" 200 -
2026-10-01 20:53:19,254 - INFO - Prompt processing progress: 462/463
2026-10-01 20:53:19,289 - INFO - Prompt processing progress: 463/463
2026-10-01 20:53:20,128 - WARNING - Failed to parse tool call (JSONDecodeError: Expecting value: line 1 column 1 (char 0)) — tool text was likely truncated mid-generation.
2026-10-01 20:53:20,147 - INFO - Prompt Cache: 1 sequences, 0.13 GB
2026-10-01 20:53:20,147 - INFO - - assistant: 0 sequences, 0.00 GB
2026-10-01 20:53:20,147 - INFO - - user: 0 sequences, 0.00 GB
2026-10-01 20:53:20,147 - INFO - - system: 1 sequences, 0.13 GB
127.0.0.1 - - [01/Oct/2026 20:53:20] "POST /v1/chat/completions HTTP/1.1" 200 -
2026-10-01 20:53:20,405 - INFO - Prompt processing progress: 129/734
2026-10-01 20:53:20,822 - INFO - Prompt processing progress: 733/734
2026-10-01 20:53:20,845 - INFO - Prompt processing progress: 734/734
