<repo>/vendor/vlm-runtime/.venv/lib/python3.12/site-packages/mlx_lm/server.py:1723: UserWarning: mlx_lm.server is not recommended for production as it only implements basic security checks.
  warnings.warn(
2026-10-01 20:00:00,744 - INFO - Starting httpd at 127.0.0.1 on port 18185...
127.0.0.1 - - [01/Oct/2026 20:00:01] "GET /v1/models HTTP/1.1" 200 -
----------------------------------------
Exception occurred during processing of request from ('127.0.0.1', 61910)
Traceback (most recent call last):
  File "<m5-home>/.local/share/uv/python/cpython-3.12.13-macos-aarch64-none/lib/python3.12/socketserver.py", line 697, in process_request_thread
    self.finish_request(request, client_address)
  File "<m5-home>/.local/share/uv/python/cpython-3.12.13-macos-aarch64-none/lib/python3.12/socketserver.py", line 362, in finish_request
    self.RequestHandlerClass(request, client_address, self)
  File "<repo>/vendor/vlm-runtime/.venv/lib/python3.12/site-packages/mlx_lm/server.py", line 1716, in <lambda>
    lambda *args, **kwargs: handler_class(
                            ^^^^^^^^^^^^^^
  File "<repo>/vendor/vlm-runtime/.venv/lib/python3.12/site-packages/mlx_lm/server.py", line 1073, in __init__
    super().__init__(*args, **kwargs)
  File "<m5-home>/.local/share/uv/python/cpython-3.12.13-macos-aarch64-none/lib/python3.12/socketserver.py", line 766, in __init__
    self.handle()
  File "<m5-home>/.local/share/uv/python/cpython-3.12.13-macos-aarch64-none/lib/python3.12/http/server.py", line 440, in handle
    self.handle_one_request()
  File "<m5-home>/.local/share/uv/python/cpython-3.12.13-macos-aarch64-none/lib/python3.12/http/server.py", line 428, in handle_one_request
    method()
  File "<repo>/vendor/vlm-runtime/.venv/lib/python3.12/site-packages/mlx_lm/server.py", line 1625, in do_GET
    self.handle_models_request()
  File "<repo>/vendor/vlm-runtime/.venv/lib/python3.12/site-packages/mlx_lm/server.py", line 1668, in handle_models_request
    hf_cache_info = scan_cache_dir()
                    ^^^^^^^^^^^^^^^^
  File "<repo>/vendor/vlm-runtime/.venv/lib/python3.12/site-packages/huggingface_hub/utils/_cache_manager.py", line 777, in scan_cache_dir
    raise CacheNotFound(
huggingface_hub.errors.CacheNotFound: Cache directory not found: <repo>/.cache/huggingface/hub. Please use `cache_dir` argument or set `HF_HUB_CACHE` environment variable.
----------------------------------------
[transformers] You are using a model of type `mimo_v2` to instantiate a model of type ``. This may be expected if you are loading a checkpoint that shares a subset of the architecture (e.g., loading a `sam2_video` checkpoint into `Sam2Model`), but is otherwise not supported and can yield errors. Please verify that the checkpoint is compatible with the model you are instantiating.
127.0.0.1 - - [01/Oct/2026 20:00:12] "POST /v1/chat/completions HTTP/1.1" 200 -
2026-10-01 20:00:12,903 - INFO - Prompt Cache: 0 sequences, 0.00 GB
2026-10-01 20:00:12,903 - INFO - - assistant: 0 sequences, 0.00 GB
2026-10-01 20:00:12,903 - INFO - - user: 0 sequences, 0.00 GB
2026-10-01 20:00:12,903 - INFO - - system: 0 sequences, 0.00 GB
2026-10-01 20:00:12,954 - INFO - Prompt processing progress: 0/200001
2026-10-01 20:00:18,698 - INFO - Prompt processing progress: 2048/200001
2026-10-01 20:00:19,869 - INFO - Prompt processing progress: 4096/200001
2026-10-01 20:00:21,094 - INFO - Prompt processing progress: 6144/200001
2026-10-01 20:00:22,364 - INFO - Prompt processing progress: 8192/200001
2026-10-01 20:00:23,685 - INFO - Prompt processing progress: 10240/200001
2026-10-01 20:00:25,051 - INFO - Prompt processing progress: 12288/200001
2026-10-01 20:00:26,470 - INFO - Prompt processing progress: 14336/200001
2026-10-01 20:00:27,937 - INFO - Prompt processing progress: 16384/200001
2026-10-01 20:00:29,454 - INFO - Prompt processing progress: 18432/200001
2026-10-01 20:00:31,018 - INFO - Prompt processing progress: 20480/200001
2026-10-01 20:00:32,632 - INFO - Prompt processing progress: 22528/200001
2026-10-01 20:00:34,296 - INFO - Prompt processing progress: 24576/200001
2026-10-01 20:00:35,995 - INFO - Prompt processing progress: 26624/200001
2026-10-01 20:00:37,742 - INFO - Prompt processing progress: 28672/200001
2026-10-01 20:00:39,543 - INFO - Prompt processing progress: 30720/200001
2026-10-01 20:00:41,392 - INFO - Prompt processing progress: 32768/200001
2026-10-01 20:00:43,276 - INFO - Prompt processing progress: 34816/200001
2026-10-01 20:00:45,225 - INFO - Prompt processing progress: 36864/200001
2026-10-01 20:00:47,226 - INFO - Prompt processing progress: 38912/200001
2026-10-01 20:00:49,277 - INFO - Prompt processing progress: 40960/200001
2026-10-01 20:00:51,383 - INFO - Prompt processing progress: 43008/200001
2026-10-01 20:00:53,549 - INFO - Prompt processing progress: 45056/200001
2026-10-01 20:00:55,765 - INFO - Prompt processing progress: 47104/200001
2026-10-01 20:00:58,055 - INFO - Prompt processing progress: 49152/200001
2026-10-01 20:01:00,398 - INFO - Prompt processing progress: 51200/200001
2026-10-01 20:01:02,803 - INFO - Prompt processing progress: 53248/200001
2026-10-01 20:01:05,256 - INFO - Prompt processing progress: 55296/200001
2026-10-01 20:01:07,764 - INFO - Prompt processing progress: 57344/200001
2026-10-01 20:01:10,338 - INFO - Prompt processing progress: 59392/200001
2026-10-01 20:01:12,988 - INFO - Prompt processing progress: 61440/200001
2026-10-01 20:01:15,693 - INFO - Prompt processing progress: 63488/200001
2026-10-01 20:01:18,442 - INFO - Prompt processing progress: 65536/200001
2026-10-01 20:01:21,282 - INFO - Prompt processing progress: 67584/200001
2026-10-01 20:01:24,168 - INFO - Prompt processing progress: 69632/200001
2026-10-01 20:01:27,106 - INFO - Prompt processing progress: 71680/200001
2026-10-01 20:01:30,120 - INFO - Prompt processing progress: 73728/200001
2026-10-01 20:01:33,158 - INFO - Prompt processing progress: 75776/200001
2026-10-01 20:01:36,284 - INFO - Prompt processing progress: 77824/200001
2026-10-01 20:01:39,428 - INFO - Prompt processing progress: 79872/200001
2026-10-01 20:01:42,614 - INFO - Prompt processing progress: 81920/200001
2026-10-01 20:01:45,865 - INFO - Prompt processing progress: 83968/200001
2026-10-01 20:01:49,178 - INFO - Prompt processing progress: 86016/200001
2026-10-01 20:01:52,544 - INFO - Prompt processing progress: 88064/200001
2026-10-01 20:01:55,970 - INFO - Prompt processing progress: 90112/200001
2026-10-01 20:01:59,449 - INFO - Prompt processing progress: 92160/200001
2026-10-01 20:02:02,973 - INFO - Prompt processing progress: 94208/200001
2026-10-01 20:02:06,536 - INFO - Prompt processing progress: 96256/200001
2026-10-01 20:02:10,186 - INFO - Prompt processing progress: 98304/200001
2026-10-01 20:02:13,884 - INFO - Prompt processing progress: 100352/200001
2026-10-01 20:02:17,609 - INFO - Prompt processing progress: 102400/200001
2026-10-01 20:02:21,414 - INFO - Prompt processing progress: 104448/200001
2026-10-01 20:02:25,308 - INFO - Prompt processing progress: 106496/200001
2026-10-01 20:02:29,224 - INFO - Prompt processing progress: 108544/200001
2026-10-01 20:02:33,220 - INFO - Prompt processing progress: 110592/200001
2026-10-01 20:02:37,234 - INFO - Prompt processing progress: 112640/200001
2026-10-01 20:02:41,314 - INFO - Prompt processing progress: 114688/200001
2026-10-01 20:02:45,437 - INFO - Prompt processing progress: 116736/200001
2026-10-01 20:02:49,608 - INFO - Prompt processing progress: 118784/200001
2026-10-01 20:02:53,826 - INFO - Prompt processing progress: 120832/200001
2026-10-01 20:02:58,163 - INFO - Prompt processing progress: 122880/200001
2026-10-01 20:03:02,527 - INFO - Prompt processing progress: 124928/200001
2026-10-01 20:03:06,918 - INFO - Prompt processing progress: 126976/200001
2026-10-01 20:03:11,380 - INFO - Prompt processing progress: 129024/200001
2026-10-01 20:03:15,898 - INFO - Prompt processing progress: 131072/200001
2026-10-01 20:03:20,452 - INFO - Prompt processing progress: 133120/200001
2026-10-01 20:03:25,097 - INFO - Prompt processing progress: 135168/200001
2026-10-01 20:03:29,838 - INFO - Prompt processing progress: 137216/200001
2026-10-01 20:03:34,596 - INFO - Prompt processing progress: 139264/200001
2026-10-01 20:03:39,371 - INFO - Prompt processing progress: 141312/200001
2026-10-01 20:03:44,218 - INFO - Prompt processing progress: 143360/200001
2026-10-01 20:03:49,153 - INFO - Prompt processing progress: 145408/200001
2026-10-01 20:03:54,143 - INFO - Prompt processing progress: 147456/200001
2026-10-01 20:03:59,155 - INFO - Prompt processing progress: 149504/200001
2026-10-01 20:04:04,189 - INFO - Prompt processing progress: 151552/200001
2026-10-01 20:04:09,272 - INFO - Prompt processing progress: 153600/200001
2026-10-01 20:04:14,482 - INFO - Prompt processing progress: 155648/200001
2026-10-01 20:04:19,739 - INFO - Prompt processing progress: 157696/200001
2026-10-01 20:04:25,033 - INFO - Prompt processing progress: 159744/200001
2026-10-01 20:04:30,407 - INFO - Prompt processing progress: 161792/200001
2026-10-01 20:04:35,789 - INFO - Prompt processing progress: 163840/200001
2026-10-01 20:04:41,257 - INFO - Prompt processing progress: 165888/200001
2026-10-01 20:04:46,933 - INFO - Prompt processing progress: 167936/200001
2026-10-01 20:04:52,519 - INFO - Prompt processing progress: 169984/200001
2026-10-01 20:04:58,148 - INFO - Prompt processing progress: 172032/200001
2026-10-01 20:05:03,932 - INFO - Prompt processing progress: 174080/200001
2026-10-01 20:05:09,553 - INFO - Prompt processing progress: 176128/200001
2026-10-01 20:05:15,313 - INFO - Prompt processing progress: 178176/200001
2026-10-01 20:05:21,120 - INFO - Prompt processing progress: 180224/200001
2026-10-01 20:05:26,958 - INFO - Prompt processing progress: 182272/200001
2026-10-01 20:05:32,869 - INFO - Prompt processing progress: 184320/200001
2026-10-01 20:05:38,811 - INFO - Prompt processing progress: 186368/200001
2026-10-01 20:05:44,770 - INFO - Prompt processing progress: 188416/200001
2026-10-01 20:05:50,783 - INFO - Prompt processing progress: 190464/200001
2026-10-01 20:06:05,140 - INFO - Prompt processing progress: 192512/200001
2026-10-01 20:06:21,172 - INFO - Prompt processing progress: 194560/200001
2026-10-01 20:06:36,665 - INFO - Prompt processing progress: 196608/200001
2026-10-01 20:06:52,373 - INFO - Prompt processing progress: 198656/200001
2026-10-01 20:06:56,590 - INFO - Prompt processing progress: 200000/200001
2026-10-01 20:06:56,733 - INFO - Prompt processing progress: 200001/200001
127.0.0.1 - - [01/Oct/2026 20:06:57] "POST /v1/chat/completions HTTP/1.1" 200 -
2026-10-01 20:06:57,387 - INFO - Prompt Cache: 1 sequences, 4.64 GB
2026-10-01 20:06:57,387 - INFO - - assistant: 1 sequences, 4.64 GB
2026-10-01 20:06:57,387 - INFO - - user: 0 sequences, 0.00 GB
2026-10-01 20:06:57,387 - INFO - - system: 0 sequences, 0.00 GB
2026-10-01 20:06:57,444 - INFO - Prompt processing progress: 0/3646
2026-10-01 20:07:11,955 - INFO - Prompt processing progress: 2048/3646
2026-10-01 20:07:17,406 - INFO - Prompt processing progress: 3645/3646
2026-10-01 20:07:17,561 - INFO - Prompt processing progress: 3646/3646
127.0.0.1 - - [01/Oct/2026 20:07:18] "POST /v1/chat/completions HTTP/1.1" 200 -
2026-10-01 20:07:18,170 - INFO - Prompt Cache: 1 sequences, 4.72 GB
2026-10-01 20:07:18,170 - INFO - - assistant: 1 sequences, 4.72 GB
2026-10-01 20:07:18,171 - INFO - - user: 0 sequences, 0.00 GB
2026-10-01 20:07:18,171 - INFO - - system: 0 sequences, 0.00 GB
2026-10-01 20:07:18,228 - INFO - Prompt processing progress: 0/3513
2026-10-01 20:07:34,999 - INFO - Prompt processing progress: 2048/3513
2026-10-01 20:07:39,721 - INFO - Prompt processing progress: 3512/3513
2026-10-01 20:07:39,874 - INFO - Prompt processing progress: 3513/3513
127.0.0.1 - - [01/Oct/2026 20:07:40] "POST /v1/chat/completions HTTP/1.1" 200 -
2026-10-01 20:07:40,493 - INFO - Prompt Cache: 1 sequences, 4.80 GB
2026-10-01 20:07:40,493 - INFO - - assistant: 1 sequences, 4.80 GB
2026-10-01 20:07:40,493 - INFO - - user: 0 sequences, 0.00 GB
2026-10-01 20:07:40,493 - INFO - - system: 0 sequences, 0.00 GB
2026-10-01 20:07:40,553 - INFO - Prompt processing progress: 0/2972
2026-10-01 20:07:57,669 - INFO - Prompt processing progress: 2048/2972
2026-10-01 20:08:00,930 - INFO - Prompt processing progress: 2971/2972
2026-10-01 20:08:01,048 - INFO - Prompt processing progress: 2972/2972
127.0.0.1 - - [01/Oct/2026 20:08:01] "POST /v1/chat/completions HTTP/1.1" 200 -
2026-10-01 20:08:01,692 - INFO - Prompt Cache: 1 sequences, 4.87 GB
2026-10-01 20:08:01,692 - INFO - - assistant: 1 sequences, 4.87 GB
2026-10-01 20:08:01,692 - INFO - - user: 0 sequences, 0.00 GB
2026-10-01 20:08:01,692 - INFO - - system: 0 sequences, 0.00 GB
2026-10-01 20:08:01,749 - INFO - Prompt processing progress: 0/819
2026-10-01 20:08:04,452 - INFO - Prompt processing progress: 818/819
2026-10-01 20:08:04,555 - INFO - Prompt processing progress: 819/819
127.0.0.1 - - [01/Oct/2026 20:08:05] "POST /v1/chat/completions HTTP/1.1" 200 -
2026-10-01 20:08:05,213 - INFO - Prompt Cache: 1 sequences, 4.89 GB
2026-10-01 20:08:05,213 - INFO - - assistant: 1 sequences, 4.89 GB
2026-10-01 20:08:05,213 - INFO - - user: 0 sequences, 0.00 GB
2026-10-01 20:08:05,213 - INFO - - system: 0 sequences, 0.00 GB
2026-10-01 20:08:05,270 - INFO - Prompt processing progress: 0/2071
2026-10-01 20:08:28,086 - INFO - Prompt processing progress: 2048/2071
2026-10-01 20:08:28,391 - INFO - Prompt processing progress: 2070/2071
2026-10-01 20:08:28,458 - INFO - Prompt processing progress: 2071/2071
127.0.0.1 - - [01/Oct/2026 20:08:29] "POST /v1/chat/completions HTTP/1.1" 200 -
2026-10-01 20:08:29,184 - INFO - Prompt Cache: 1 sequences, 4.94 GB
2026-10-01 20:08:29,184 - INFO - - assistant: 1 sequences, 4.94 GB
2026-10-01 20:08:29,184 - INFO - - user: 0 sequences, 0.00 GB
2026-10-01 20:08:29,184 - INFO - - system: 0 sequences, 0.00 GB
2026-10-01 20:08:29,244 - INFO - Prompt processing progress: 0/1778
2026-10-01 20:08:40,698 - INFO - Prompt processing progress: 1777/1778
2026-10-01 20:08:40,754 - INFO - Prompt processing progress: 1778/1778
127.0.0.1 - - [01/Oct/2026 20:08:41] "POST /v1/chat/completions HTTP/1.1" 200 -
2026-10-01 20:08:41,553 - INFO - Prompt Cache: 1 sequences, 4.98 GB
2026-10-01 20:08:41,553 - INFO - - assistant: 1 sequences, 4.98 GB
2026-10-01 20:08:41,553 - INFO - - user: 0 sequences, 0.00 GB
2026-10-01 20:08:41,553 - INFO - - system: 0 sequences, 0.00 GB
2026-10-01 20:08:41,610 - INFO - Prompt processing progress: 0/6840
2026-10-01 20:09:01,174 - INFO - Prompt processing progress: 2048/6840
2026-10-01 20:09:19,854 - INFO - Prompt processing progress: 4096/6840
2026-10-01 20:09:42,941 - INFO - Prompt processing progress: 6144/6840
2026-10-01 20:09:45,569 - INFO - Prompt processing progress: 6839/6840
2026-10-01 20:09:45,667 - INFO - Prompt processing progress: 6840/6840
