<M5_REPO>/.venv/lib/python3.12/site-packages/mlx_lm/server.py:1723: UserWarning: mlx_lm.server is not recommended for production as it only implements basic security checks.
  warnings.warn(
2026-10-03 00:40:00,800 - INFO - Starting httpd at 127.0.0.1 on port 18185...
127.0.0.1 - - [03/Oct/2026 00:40:01] "GET /v1/models HTTP/1.1" 200 -
2026-10-03 00:50:48,651 - INFO - Prompt Cache: 0 sequences, 0.00 GB
2026-10-03 00:50:48,651 - INFO - - assistant: 0 sequences, 0.00 GB
2026-10-03 00:50:48,651 - INFO - - user: 0 sequences, 0.00 GB
2026-10-03 00:50:48,651 - INFO - - system: 0 sequences, 0.00 GB
127.0.0.1 - - [03/Oct/2026 00:50:48] "POST /v1/chat/completions HTTP/1.1" 200 -
2026-10-03 00:50:48,974 - INFO - Prompt processing progress: 21/8207
2026-10-03 00:50:50,412 - INFO - Prompt processing progress: 2069/8207
2026-10-03 00:50:51,935 - INFO - Prompt processing progress: 4117/8207
2026-10-03 00:50:53,492 - INFO - Prompt processing progress: 6165/8207
2026-10-03 00:50:55,109 - INFO - Prompt processing progress: 8203/8207
2026-10-03 00:50:55,168 - INFO - Prompt processing progress: 8206/8207
2026-10-03 00:50:55,220 - INFO - Prompt processing progress: 8207/8207
2026-10-03 00:51:05,436 - INFO - Prompt Cache: 0 sequences, 0.00 GB
2026-10-03 00:51:05,437 - INFO - - assistant: 0 sequences, 0.00 GB
2026-10-03 00:51:05,437 - INFO - - user: 0 sequences, 0.00 GB
2026-10-03 00:51:05,437 - INFO - - system: 0 sequences, 0.00 GB
127.0.0.1 - - [03/Oct/2026 00:51:05] "POST /v1/chat/completions HTTP/1.1" 200 -
2026-10-03 00:51:05,629 - INFO - Prompt processing progress: 21/8207
2026-10-03 00:51:07,068 - INFO - Prompt processing progress: 2069/8207
2026-10-03 00:51:08,600 - INFO - Prompt processing progress: 4117/8207
2026-10-03 00:51:10,158 - INFO - Prompt processing progress: 6165/8207
2026-10-03 00:51:11,783 - INFO - Prompt processing progress: 8203/8207
2026-10-03 00:51:11,842 - INFO - Prompt processing progress: 8206/8207
2026-10-03 00:51:11,892 - INFO - Prompt processing progress: 8207/8207
2026-10-03 00:51:22,126 - INFO - Prompt Cache: 0 sequences, 0.00 GB
2026-10-03 00:51:22,126 - INFO - - assistant: 0 sequences, 0.00 GB
2026-10-03 00:51:22,126 - INFO - - user: 0 sequences, 0.00 GB
2026-10-03 00:51:22,126 - INFO - - system: 0 sequences, 0.00 GB
127.0.0.1 - - [03/Oct/2026 00:51:22] "POST /v1/chat/completions HTTP/1.1" 200 -
2026-10-03 00:51:22,224 - INFO - Prompt Cache: 0 sequences, 0.00 GB
2026-10-03 00:51:22,224 - INFO - - assistant: 0 sequences, 0.00 GB
2026-10-03 00:51:22,224 - INFO - - user: 0 sequences, 0.00 GB
2026-10-03 00:51:22,224 - INFO - - system: 0 sequences, 0.00 GB
127.0.0.1 - - [03/Oct/2026 00:51:22] "POST /v1/chat/completions HTTP/1.1" 200 -
2026-10-03 00:51:22,318 - INFO - Prompt Cache: 0 sequences, 0.00 GB
2026-10-03 00:51:22,318 - INFO - - assistant: 0 sequences, 0.00 GB
2026-10-03 00:51:22,318 - INFO - - user: 0 sequences, 0.00 GB
2026-10-03 00:51:22,318 - INFO - - system: 0 sequences, 0.00 GB
127.0.0.1 - - [03/Oct/2026 00:51:22] "POST /v1/chat/completions HTTP/1.1" 200 -
2026-10-03 00:51:22,418 - INFO - Prompt Cache: 0 sequences, 0.00 GB
2026-10-03 00:51:22,418 - INFO - - assistant: 0 sequences, 0.00 GB
2026-10-03 00:51:22,418 - INFO - - user: 0 sequences, 0.00 GB
2026-10-03 00:51:22,418 - INFO - - system: 0 sequences, 0.00 GB
127.0.0.1 - - [03/Oct/2026 00:51:22] "POST /v1/chat/completions HTTP/1.1" 200 -
2026-10-03 00:51:22,674 - INFO - Prompt processing progress: 21/8207
2026-10-03 00:51:22,675 - INFO - Prompt processing progress: 21/8207
2026-10-03 00:51:22,675 - INFO - Prompt processing progress: 21/8207
2026-10-03 00:51:22,675 - INFO - Prompt processing progress: 21/8207
2026-10-03 00:51:28,268 - INFO - Prompt processing progress: 2069/8207
2026-10-03 00:51:28,268 - INFO - Prompt processing progress: 2069/8207
2026-10-03 00:51:28,268 - INFO - Prompt processing progress: 2069/8207
2026-10-03 00:51:28,268 - INFO - Prompt processing progress: 2069/8207
2026-10-03 00:51:34,224 - INFO - Prompt processing progress: 4117/8207
2026-10-03 00:51:34,224 - INFO - Prompt processing progress: 4117/8207
2026-10-03 00:51:34,224 - INFO - Prompt processing progress: 4117/8207
2026-10-03 00:51:34,224 - INFO - Prompt processing progress: 4117/8207
2026-10-03 00:51:40,323 - INFO - Prompt processing progress: 6165/8207
2026-10-03 00:51:40,323 - INFO - Prompt processing progress: 6165/8207
2026-10-03 00:51:40,323 - INFO - Prompt processing progress: 6165/8207
2026-10-03 00:51:40,323 - INFO - Prompt processing progress: 6165/8207
2026-10-03 00:51:46,620 - INFO - Prompt processing progress: 8203/8207
2026-10-03 00:51:46,620 - INFO - Prompt processing progress: 8203/8207
2026-10-03 00:51:46,620 - INFO - Prompt processing progress: 8203/8207
2026-10-03 00:51:46,620 - INFO - Prompt processing progress: 8203/8207
2026-10-03 00:51:46,787 - INFO - Prompt processing progress: 8206/8207
2026-10-03 00:51:46,787 - INFO - Prompt processing progress: 8206/8207
2026-10-03 00:51:46,787 - INFO - Prompt processing progress: 8206/8207
2026-10-03 00:51:46,787 - INFO - Prompt processing progress: 8206/8207
2026-10-03 00:51:46,878 - INFO - Prompt processing progress: 8207/8207
2026-10-03 00:51:46,878 - INFO - Prompt processing progress: 8207/8207
2026-10-03 00:51:46,878 - INFO - Prompt processing progress: 8207/8207
2026-10-03 00:51:46,878 - INFO - Prompt processing progress: 8207/8207
2026-10-03 00:52:00,562 - INFO - Prompt Cache: 0 sequences, 0.00 GB
2026-10-03 00:52:00,562 - INFO - - assistant: 0 sequences, 0.00 GB
2026-10-03 00:52:00,562 - INFO - - user: 0 sequences, 0.00 GB
2026-10-03 00:52:00,562 - INFO - - system: 0 sequences, 0.00 GB
127.0.0.1 - - [03/Oct/2026 00:52:00] "POST /v1/chat/completions HTTP/1.1" 200 -
2026-10-03 00:52:00,662 - INFO - Prompt Cache: 0 sequences, 0.00 GB
2026-10-03 00:52:00,662 - INFO - - assistant: 0 sequences, 0.00 GB
2026-10-03 00:52:00,662 - INFO - - user: 0 sequences, 0.00 GB
2026-10-03 00:52:00,662 - INFO - - system: 0 sequences, 0.00 GB
127.0.0.1 - - [03/Oct/2026 00:52:00] "POST /v1/chat/completions HTTP/1.1" 200 -
2026-10-03 00:52:00,757 - INFO - Prompt Cache: 0 sequences, 0.00 GB
2026-10-03 00:52:00,757 - INFO - - assistant: 0 sequences, 0.00 GB
2026-10-03 00:52:00,757 - INFO - - user: 0 sequences, 0.00 GB
2026-10-03 00:52:00,757 - INFO - - system: 0 sequences, 0.00 GB
127.0.0.1 - - [03/Oct/2026 00:52:00] "POST /v1/chat/completions HTTP/1.1" 200 -
2026-10-03 00:52:00,853 - INFO - Prompt Cache: 0 sequences, 0.00 GB
2026-10-03 00:52:00,853 - INFO - - assistant: 0 sequences, 0.00 GB
2026-10-03 00:52:00,853 - INFO - - user: 0 sequences, 0.00 GB
2026-10-03 00:52:00,853 - INFO - - system: 0 sequences, 0.00 GB
127.0.0.1 - - [03/Oct/2026 00:52:00] "POST /v1/chat/completions HTTP/1.1" 200 -
2026-10-03 00:52:01,137 - INFO - Prompt processing progress: 21/8207
2026-10-03 00:52:01,137 - INFO - Prompt processing progress: 21/8207
2026-10-03 00:52:01,137 - INFO - Prompt processing progress: 21/8207
2026-10-03 00:52:01,137 - INFO - Prompt processing progress: 21/8207
2026-10-03 00:52:06,754 - INFO - Prompt processing progress: 2069/8207
2026-10-03 00:52:06,754 - INFO - Prompt processing progress: 2069/8207
2026-10-03 00:52:06,754 - INFO - Prompt processing progress: 2069/8207
2026-10-03 00:52:06,754 - INFO - Prompt processing progress: 2069/8207
2026-10-03 00:52:12,724 - INFO - Prompt processing progress: 4117/8207
2026-10-03 00:52:12,724 - INFO - Prompt processing progress: 4117/8207
2026-10-03 00:52:12,724 - INFO - Prompt processing progress: 4117/8207
2026-10-03 00:52:12,724 - INFO - Prompt processing progress: 4117/8207
2026-10-03 00:52:18,834 - INFO - Prompt processing progress: 6165/8207
2026-10-03 00:52:18,834 - INFO - Prompt processing progress: 6165/8207
2026-10-03 00:52:18,834 - INFO - Prompt processing progress: 6165/8207
2026-10-03 00:52:18,834 - INFO - Prompt processing progress: 6165/8207
2026-10-03 00:52:25,152 - INFO - Prompt processing progress: 8203/8207
2026-10-03 00:52:25,152 - INFO - Prompt processing progress: 8203/8207
2026-10-03 00:52:25,152 - INFO - Prompt processing progress: 8203/8207
2026-10-03 00:52:25,152 - INFO - Prompt processing progress: 8203/8207
2026-10-03 00:52:25,316 - INFO - Prompt processing progress: 8206/8207
2026-10-03 00:52:25,316 - INFO - Prompt processing progress: 8206/8207
2026-10-03 00:52:25,316 - INFO - Prompt processing progress: 8206/8207
2026-10-03 00:52:25,316 - INFO - Prompt processing progress: 8206/8207
2026-10-03 00:52:25,405 - INFO - Prompt processing progress: 8207/8207
2026-10-03 00:52:25,405 - INFO - Prompt processing progress: 8207/8207
2026-10-03 00:52:25,405 - INFO - Prompt processing progress: 8207/8207
2026-10-03 00:52:25,405 - INFO - Prompt processing progress: 8207/8207
2026-10-03 00:52:39,123 - INFO - Prompt Cache: 0 sequences, 0.00 GB
2026-10-03 00:52:39,123 - INFO - - assistant: 0 sequences, 0.00 GB
2026-10-03 00:52:39,123 - INFO - - user: 0 sequences, 0.00 GB
2026-10-03 00:52:39,123 - INFO - - system: 0 sequences, 0.00 GB
127.0.0.1 - - [03/Oct/2026 00:52:39] "POST /v1/chat/completions HTTP/1.1" 200 -
2026-10-03 00:52:39,231 - INFO - Prompt Cache: 0 sequences, 0.00 GB
2026-10-03 00:52:39,231 - INFO - - assistant: 0 sequences, 0.00 GB
2026-10-03 00:52:39,231 - INFO - - user: 0 sequences, 0.00 GB
2026-10-03 00:52:39,231 - INFO - - system: 0 sequences, 0.00 GB
127.0.0.1 - - [03/Oct/2026 00:52:39] "POST /v1/chat/completions HTTP/1.1" 200 -
2026-10-03 00:52:39,330 - INFO - Prompt Cache: 0 sequences, 0.00 GB
2026-10-03 00:52:39,330 - INFO - - assistant: 0 sequences, 0.00 GB
2026-10-03 00:52:39,330 - INFO - - user: 0 sequences, 0.00 GB
2026-10-03 00:52:39,330 - INFO - - system: 0 sequences, 0.00 GB
127.0.0.1 - - [03/Oct/2026 00:52:39] "POST /v1/chat/completions HTTP/1.1" 200 -
2026-10-03 00:52:39,432 - INFO - Prompt Cache: 0 sequences, 0.00 GB
2026-10-03 00:52:39,432 - INFO - - assistant: 0 sequences, 0.00 GB
2026-10-03 00:52:39,432 - INFO - - user: 0 sequences, 0.00 GB
2026-10-03 00:52:39,432 - INFO - - system: 0 sequences, 0.00 GB
127.0.0.1 - - [03/Oct/2026 00:52:39] "POST /v1/chat/completions HTTP/1.1" 200 -
2026-10-03 00:52:39,699 - INFO - Prompt processing progress: 21/8208
2026-10-03 00:52:39,699 - INFO - Prompt processing progress: 21/8208
2026-10-03 00:52:39,699 - INFO - Prompt processing progress: 21/8208
2026-10-03 00:52:39,699 - INFO - Prompt processing progress: 21/8208
2026-10-03 00:52:45,323 - INFO - Prompt processing progress: 2069/8208
2026-10-03 00:52:45,323 - INFO - Prompt processing progress: 2069/8208
2026-10-03 00:52:45,323 - INFO - Prompt processing progress: 2069/8208
2026-10-03 00:52:45,323 - INFO - Prompt processing progress: 2069/8208
2026-10-03 00:52:51,288 - INFO - Prompt processing progress: 4117/8208
2026-10-03 00:52:51,288 - INFO - Prompt processing progress: 4117/8208
2026-10-03 00:52:51,288 - INFO - Prompt processing progress: 4117/8208
2026-10-03 00:52:51,288 - INFO - Prompt processing progress: 4117/8208
2026-10-03 00:52:57,420 - INFO - Prompt processing progress: 6165/8208
2026-10-03 00:52:57,420 - INFO - Prompt processing progress: 6165/8208
2026-10-03 00:52:57,420 - INFO - Prompt processing progress: 6165/8208
2026-10-03 00:52:57,420 - INFO - Prompt processing progress: 6165/8208
2026-10-03 00:53:03,731 - INFO - Prompt processing progress: 8204/8208
2026-10-03 00:53:03,731 - INFO - Prompt processing progress: 8204/8208
2026-10-03 00:53:03,731 - INFO - Prompt processing progress: 8204/8208
2026-10-03 00:53:03,731 - INFO - Prompt processing progress: 8204/8208
2026-10-03 00:53:03,895 - INFO - Prompt processing progress: 8207/8208
2026-10-03 00:53:03,895 - INFO - Prompt processing progress: 8207/8208
2026-10-03 00:53:03,895 - INFO - Prompt processing progress: 8207/8208
2026-10-03 00:53:03,895 - INFO - Prompt processing progress: 8207/8208
2026-10-03 00:53:03,984 - INFO - Prompt processing progress: 8208/8208
2026-10-03 00:53:03,984 - INFO - Prompt processing progress: 8208/8208
2026-10-03 00:53:03,984 - INFO - Prompt processing progress: 8208/8208
2026-10-03 00:53:03,984 - INFO - Prompt processing progress: 8208/8208
2026-10-03 00:53:17,674 - INFO - Prompt Cache: 0 sequences, 0.00 GB
2026-10-03 00:53:17,674 - INFO - - assistant: 0 sequences, 0.00 GB
2026-10-03 00:53:17,674 - INFO - - user: 0 sequences, 0.00 GB
2026-10-03 00:53:17,674 - INFO - - system: 0 sequences, 0.00 GB
127.0.0.1 - - [03/Oct/2026 00:53:17] "POST /v1/chat/completions HTTP/1.1" 200 -
2026-10-03 00:53:17,778 - INFO - Prompt Cache: 0 sequences, 0.00 GB
2026-10-03 00:53:17,778 - INFO - - assistant: 0 sequences, 0.00 GB
2026-10-03 00:53:17,778 - INFO - - user: 0 sequences, 0.00 GB
2026-10-03 00:53:17,778 - INFO - - system: 0 sequences, 0.00 GB
127.0.0.1 - - [03/Oct/2026 00:53:17] "POST /v1/chat/completions HTTP/1.1" 200 -
2026-10-03 00:53:17,877 - INFO - Prompt Cache: 0 sequences, 0.00 GB
2026-10-03 00:53:17,877 - INFO - - assistant: 0 sequences, 0.00 GB
2026-10-03 00:53:17,877 - INFO - - user: 0 sequences, 0.00 GB
2026-10-03 00:53:17,877 - INFO - - system: 0 sequences, 0.00 GB
127.0.0.1 - - [03/Oct/2026 00:53:17] "POST /v1/chat/completions HTTP/1.1" 200 -
2026-10-03 00:53:17,976 - INFO - Prompt Cache: 0 sequences, 0.00 GB
2026-10-03 00:53:17,976 - INFO - - assistant: 0 sequences, 0.00 GB
2026-10-03 00:53:17,976 - INFO - - user: 0 sequences, 0.00 GB
2026-10-03 00:53:17,976 - INFO - - system: 0 sequences, 0.00 GB
127.0.0.1 - - [03/Oct/2026 00:53:17] "POST /v1/chat/completions HTTP/1.1" 200 -
2026-10-03 00:53:18,263 - INFO - Prompt processing progress: 21/8208
2026-10-03 00:53:18,263 - INFO - Prompt processing progress: 21/8208
2026-10-03 00:53:18,263 - INFO - Prompt processing progress: 21/8208
2026-10-03 00:53:18,263 - INFO - Prompt processing progress: 21/8208
2026-10-03 00:53:23,860 - INFO - Prompt processing progress: 2069/8208
2026-10-03 00:53:23,860 - INFO - Prompt processing progress: 2069/8208
2026-10-03 00:53:23,860 - INFO - Prompt processing progress: 2069/8208
2026-10-03 00:53:23,860 - INFO - Prompt processing progress: 2069/8208
2026-10-03 00:53:29,811 - INFO - Prompt processing progress: 4117/8208
2026-10-03 00:53:29,811 - INFO - Prompt processing progress: 4117/8208
2026-10-03 00:53:29,811 - INFO - Prompt processing progress: 4117/8208
2026-10-03 00:53:29,811 - INFO - Prompt processing progress: 4117/8208
2026-10-03 00:53:35,915 - INFO - Prompt processing progress: 6165/8208
2026-10-03 00:53:35,915 - INFO - Prompt processing progress: 6165/8208
2026-10-03 00:53:35,915 - INFO - Prompt processing progress: 6165/8208
2026-10-03 00:53:35,915 - INFO - Prompt processing progress: 6165/8208
2026-10-03 00:53:42,224 - INFO - Prompt processing progress: 8204/8208
2026-10-03 00:53:42,224 - INFO - Prompt processing progress: 8204/8208
2026-10-03 00:53:42,224 - INFO - Prompt processing progress: 8204/8208
2026-10-03 00:53:42,224 - INFO - Prompt processing progress: 8204/8208
2026-10-03 00:53:42,396 - INFO - Prompt processing progress: 8207/8208
2026-10-03 00:53:42,397 - INFO - Prompt processing progress: 8207/8208
2026-10-03 00:53:42,397 - INFO - Prompt processing progress: 8207/8208
2026-10-03 00:53:42,397 - INFO - Prompt processing progress: 8207/8208
2026-10-03 00:53:42,486 - INFO - Prompt processing progress: 8208/8208
2026-10-03 00:53:42,486 - INFO - Prompt processing progress: 8208/8208
2026-10-03 00:53:42,486 - INFO - Prompt processing progress: 8208/8208
2026-10-03 00:53:42,486 - INFO - Prompt processing progress: 8208/8208
2026-10-03 00:53:56,198 - INFO - Prompt Cache: 0 sequences, 0.00 GB
2026-10-03 00:53:56,198 - INFO - - assistant: 0 sequences, 0.00 GB
2026-10-03 00:53:56,198 - INFO - - user: 0 sequences, 0.00 GB
2026-10-03 00:53:56,198 - INFO - - system: 0 sequences, 0.00 GB
127.0.0.1 - - [03/Oct/2026 00:53:56] "POST /v1/chat/completions HTTP/1.1" 200 -
2026-10-03 00:53:56,305 - INFO - Prompt Cache: 0 sequences, 0.00 GB
2026-10-03 00:53:56,305 - INFO - - assistant: 0 sequences, 0.00 GB
2026-10-03 00:53:56,305 - INFO - - user: 0 sequences, 0.00 GB
2026-10-03 00:53:56,305 - INFO - - system: 0 sequences, 0.00 GB
127.0.0.1 - - [03/Oct/2026 00:53:56] "POST /v1/chat/completions HTTP/1.1" 200 -
2026-10-03 00:53:56,403 - INFO - Prompt Cache: 0 sequences, 0.00 GB
2026-10-03 00:53:56,404 - INFO - - assistant: 0 sequences, 0.00 GB
2026-10-03 00:53:56,404 - INFO - - user: 0 sequences, 0.00 GB
2026-10-03 00:53:56,404 - INFO - - system: 0 sequences, 0.00 GB
127.0.0.1 - - [03/Oct/2026 00:53:56] "POST /v1/chat/completions HTTP/1.1" 200 -
2026-10-03 00:53:56,503 - INFO - Prompt Cache: 0 sequences, 0.00 GB
2026-10-03 00:53:56,503 - INFO - - assistant: 0 sequences, 0.00 GB
2026-10-03 00:53:56,503 - INFO - - user: 0 sequences, 0.00 GB
2026-10-03 00:53:56,503 - INFO - - system: 0 sequences, 0.00 GB
127.0.0.1 - - [03/Oct/2026 00:53:56] "POST /v1/chat/completions HTTP/1.1" 200 -
2026-10-03 00:53:56,771 - INFO - Prompt processing progress: 21/8208
2026-10-03 00:53:56,771 - INFO - Prompt processing progress: 21/8208
2026-10-03 00:53:56,771 - INFO - Prompt processing progress: 21/8208
2026-10-03 00:53:56,771 - INFO - Prompt processing progress: 21/8208
2026-10-03 00:54:02,366 - INFO - Prompt processing progress: 2069/8208
2026-10-03 00:54:02,366 - INFO - Prompt processing progress: 2069/8208
2026-10-03 00:54:02,366 - INFO - Prompt processing progress: 2069/8208
2026-10-03 00:54:02,366 - INFO - Prompt processing progress: 2069/8208
2026-10-03 00:54:08,321 - INFO - Prompt processing progress: 4117/8208
2026-10-03 00:54:08,321 - INFO - Prompt processing progress: 4117/8208
2026-10-03 00:54:08,321 - INFO - Prompt processing progress: 4117/8208
2026-10-03 00:54:08,321 - INFO - Prompt processing progress: 4117/8208
2026-10-03 00:54:14,425 - INFO - Prompt processing progress: 6165/8208
2026-10-03 00:54:14,425 - INFO - Prompt processing progress: 6165/8208
2026-10-03 00:54:14,425 - INFO - Prompt processing progress: 6165/8208
2026-10-03 00:54:14,425 - INFO - Prompt processing progress: 6165/8208
2026-10-03 00:54:20,738 - INFO - Prompt processing progress: 8204/8208
2026-10-03 00:54:20,738 - INFO - Prompt processing progress: 8204/8208
2026-10-03 00:54:20,738 - INFO - Prompt processing progress: 8204/8208
2026-10-03 00:54:20,738 - INFO - Prompt processing progress: 8204/8208
2026-10-03 00:54:20,911 - INFO - Prompt processing progress: 8207/8208
2026-10-03 00:54:20,911 - INFO - Prompt processing progress: 8207/8208
2026-10-03 00:54:20,911 - INFO - Prompt processing progress: 8207/8208
2026-10-03 00:54:20,911 - INFO - Prompt processing progress: 8207/8208
2026-10-03 00:54:21,000 - INFO - Prompt processing progress: 8208/8208
2026-10-03 00:54:21,000 - INFO - Prompt processing progress: 8208/8208
2026-10-03 00:54:21,000 - INFO - Prompt processing progress: 8208/8208
2026-10-03 00:54:21,000 - INFO - Prompt processing progress: 8208/8208
2026-10-03 00:54:34,700 - INFO - Prompt Cache: 0 sequences, 0.00 GB
2026-10-03 00:54:34,700 - INFO - - assistant: 0 sequences, 0.00 GB
2026-10-03 00:54:34,700 - INFO - - user: 0 sequences, 0.00 GB
2026-10-03 00:54:34,700 - INFO - - system: 0 sequences, 0.00 GB
127.0.0.1 - - [03/Oct/2026 00:54:34] "POST /v1/chat/completions HTTP/1.1" 200 -
2026-10-03 00:54:34,803 - INFO - Prompt Cache: 0 sequences, 0.00 GB
2026-10-03 00:54:34,803 - INFO - - assistant: 0 sequences, 0.00 GB
2026-10-03 00:54:34,803 - INFO - - user: 0 sequences, 0.00 GB
2026-10-03 00:54:34,803 - INFO - - system: 0 sequences, 0.00 GB
127.0.0.1 - - [03/Oct/2026 00:54:34] "POST /v1/chat/completions HTTP/1.1" 200 -
2026-10-03 00:54:34,902 - INFO - Prompt Cache: 0 sequences, 0.00 GB
2026-10-03 00:54:34,902 - INFO - - assistant: 0 sequences, 0.00 GB
2026-10-03 00:54:34,902 - INFO - - user: 0 sequences, 0.00 GB
2026-10-03 00:54:34,902 - INFO - - system: 0 sequences, 0.00 GB
127.0.0.1 - - [03/Oct/2026 00:54:34] "POST /v1/chat/completions HTTP/1.1" 200 -
2026-10-03 00:54:35,001 - INFO - Prompt Cache: 0 sequences, 0.00 GB
2026-10-03 00:54:35,001 - INFO - - assistant: 0 sequences, 0.00 GB
2026-10-03 00:54:35,001 - INFO - - user: 0 sequences, 0.00 GB
2026-10-03 00:54:35,001 - INFO - - system: 0 sequences, 0.00 GB
127.0.0.1 - - [03/Oct/2026 00:54:35] "POST /v1/chat/completions HTTP/1.1" 200 -
2026-10-03 00:54:35,289 - INFO - Prompt processing progress: 21/8208
2026-10-03 00:54:35,289 - INFO - Prompt processing progress: 21/8208
2026-10-03 00:54:35,289 - INFO - Prompt processing progress: 21/8208
2026-10-03 00:54:35,289 - INFO - Prompt processing progress: 21/8208
2026-10-03 00:54:40,892 - INFO - Prompt processing progress: 2069/8208
2026-10-03 00:54:40,892 - INFO - Prompt processing progress: 2069/8208
2026-10-03 00:54:40,892 - INFO - Prompt processing progress: 2069/8208
2026-10-03 00:54:40,892 - INFO - Prompt processing progress: 2069/8208
2026-10-03 00:54:46,846 - INFO - Prompt processing progress: 4117/8208
2026-10-03 00:54:46,846 - INFO - Prompt processing progress: 4117/8208
2026-10-03 00:54:46,846 - INFO - Prompt processing progress: 4117/8208
2026-10-03 00:54:46,846 - INFO - Prompt processing progress: 4117/8208
2026-10-03 00:54:52,949 - INFO - Prompt processing progress: 6165/8208
2026-10-03 00:54:52,949 - INFO - Prompt processing progress: 6165/8208
2026-10-03 00:54:52,949 - INFO - Prompt processing progress: 6165/8208
2026-10-03 00:54:52,949 - INFO - Prompt processing progress: 6165/8208
2026-10-03 00:54:59,254 - INFO - Prompt processing progress: 8204/8208
2026-10-03 00:54:59,254 - INFO - Prompt processing progress: 8204/8208
2026-10-03 00:54:59,254 - INFO - Prompt processing progress: 8204/8208
2026-10-03 00:54:59,254 - INFO - Prompt processing progress: 8204/8208
2026-10-03 00:54:59,427 - INFO - Prompt processing progress: 8207/8208
2026-10-03 00:54:59,427 - INFO - Prompt processing progress: 8207/8208
2026-10-03 00:54:59,427 - INFO - Prompt processing progress: 8207/8208
2026-10-03 00:54:59,427 - INFO - Prompt processing progress: 8207/8208
2026-10-03 00:54:59,517 - INFO - Prompt processing progress: 8208/8208
2026-10-03 00:54:59,517 - INFO - Prompt processing progress: 8208/8208
2026-10-03 00:54:59,517 - INFO - Prompt processing progress: 8208/8208
2026-10-03 00:54:59,517 - INFO - Prompt processing progress: 8208/8208
2026-10-03 00:55:13,224 - INFO - Prompt Cache: 0 sequences, 0.00 GB
2026-10-03 00:55:13,224 - INFO - - assistant: 0 sequences, 0.00 GB
2026-10-03 00:55:13,224 - INFO - - user: 0 sequences, 0.00 GB
2026-10-03 00:55:13,224 - INFO - - system: 0 sequences, 0.00 GB
127.0.0.1 - - [03/Oct/2026 00:55:13] "POST /v1/chat/completions HTTP/1.1" 200 -
2026-10-03 00:55:13,331 - INFO - Prompt Cache: 0 sequences, 0.00 GB
2026-10-03 00:55:13,331 - INFO - - assistant: 0 sequences, 0.00 GB
2026-10-03 00:55:13,331 - INFO - - user: 0 sequences, 0.00 GB
2026-10-03 00:55:13,331 - INFO - - system: 0 sequences, 0.00 GB
127.0.0.1 - - [03/Oct/2026 00:55:13] "POST /v1/chat/completions HTTP/1.1" 200 -
2026-10-03 00:55:13,430 - INFO - Prompt Cache: 0 sequences, 0.00 GB
2026-10-03 00:55:13,430 - INFO - - assistant: 0 sequences, 0.00 GB
2026-10-03 00:55:13,430 - INFO - - user: 0 sequences, 0.00 GB
2026-10-03 00:55:13,430 - INFO - - system: 0 sequences, 0.00 GB
127.0.0.1 - - [03/Oct/2026 00:55:13] "POST /v1/chat/completions HTTP/1.1" 200 -
2026-10-03 00:55:13,529 - INFO - Prompt Cache: 0 sequences, 0.00 GB
2026-10-03 00:55:13,529 - INFO - - assistant: 0 sequences, 0.00 GB
2026-10-03 00:55:13,529 - INFO - - user: 0 sequences, 0.00 GB
2026-10-03 00:55:13,529 - INFO - - system: 0 sequences, 0.00 GB
127.0.0.1 - - [03/Oct/2026 00:55:13] "POST /v1/chat/completions HTTP/1.1" 200 -
2026-10-03 00:55:13,797 - INFO - Prompt processing progress: 21/8208
2026-10-03 00:55:13,797 - INFO - Prompt processing progress: 21/8208
2026-10-03 00:55:13,797 - INFO - Prompt processing progress: 21/8208
2026-10-03 00:55:13,797 - INFO - Prompt processing progress: 21/8208
2026-10-03 00:55:19,426 - INFO - Prompt processing progress: 2069/8208
2026-10-03 00:55:19,426 - INFO - Prompt processing progress: 2069/8208
2026-10-03 00:55:19,426 - INFO - Prompt processing progress: 2069/8208
2026-10-03 00:55:19,426 - INFO - Prompt processing progress: 2069/8208
2026-10-03 00:55:25,376 - INFO - Prompt processing progress: 4117/8208
2026-10-03 00:55:25,376 - INFO - Prompt processing progress: 4117/8208
2026-10-03 00:55:25,376 - INFO - Prompt processing progress: 4117/8208
2026-10-03 00:55:25,376 - INFO - Prompt processing progress: 4117/8208
2026-10-03 00:55:31,472 - INFO - Prompt processing progress: 6165/8208
2026-10-03 00:55:31,472 - INFO - Prompt processing progress: 6165/8208
2026-10-03 00:55:31,472 - INFO - Prompt processing progress: 6165/8208
2026-10-03 00:55:31,472 - INFO - Prompt processing progress: 6165/8208
2026-10-03 00:55:37,772 - INFO - Prompt processing progress: 8204/8208
2026-10-03 00:55:37,772 - INFO - Prompt processing progress: 8204/8208
2026-10-03 00:55:37,772 - INFO - Prompt processing progress: 8204/8208
2026-10-03 00:55:37,772 - INFO - Prompt processing progress: 8204/8208
2026-10-03 00:55:37,944 - INFO - Prompt processing progress: 8207/8208
2026-10-03 00:55:37,944 - INFO - Prompt processing progress: 8207/8208
2026-10-03 00:55:37,944 - INFO - Prompt processing progress: 8207/8208
2026-10-03 00:55:37,944 - INFO - Prompt processing progress: 8207/8208
2026-10-03 00:55:38,033 - INFO - Prompt processing progress: 8208/8208
2026-10-03 00:55:38,033 - INFO - Prompt processing progress: 8208/8208
2026-10-03 00:55:38,033 - INFO - Prompt processing progress: 8208/8208
2026-10-03 00:55:38,033 - INFO - Prompt processing progress: 8208/8208
2026-10-03 00:55:51,719 - INFO - Prompt Cache: 0 sequences, 0.00 GB
2026-10-03 00:55:51,719 - INFO - - assistant: 0 sequences, 0.00 GB
2026-10-03 00:55:51,719 - INFO - - user: 0 sequences, 0.00 GB
2026-10-03 00:55:51,719 - INFO - - system: 0 sequences, 0.00 GB
127.0.0.1 - - [03/Oct/2026 00:55:51] "POST /v1/chat/completions HTTP/1.1" 200 -
2026-10-03 00:55:51,822 - INFO - Prompt Cache: 0 sequences, 0.00 GB
2026-10-03 00:55:51,822 - INFO - - assistant: 0 sequences, 0.00 GB
2026-10-03 00:55:51,822 - INFO - - user: 0 sequences, 0.00 GB
2026-10-03 00:55:51,822 - INFO - - system: 0 sequences, 0.00 GB
127.0.0.1 - - [03/Oct/2026 00:55:51] "POST /v1/chat/completions HTTP/1.1" 200 -
2026-10-03 00:55:51,921 - INFO - Prompt Cache: 0 sequences, 0.00 GB
2026-10-03 00:55:51,921 - INFO - - assistant: 0 sequences, 0.00 GB
2026-10-03 00:55:51,921 - INFO - - user: 0 sequences, 0.00 GB
2026-10-03 00:55:51,921 - INFO - - system: 0 sequences, 0.00 GB
127.0.0.1 - - [03/Oct/2026 00:55:51] "POST /v1/chat/completions HTTP/1.1" 200 -
2026-10-03 00:55:52,020 - INFO - Prompt Cache: 0 sequences, 0.00 GB
2026-10-03 00:55:52,020 - INFO - - assistant: 0 sequences, 0.00 GB
2026-10-03 00:55:52,020 - INFO - - user: 0 sequences, 0.00 GB
2026-10-03 00:55:52,020 - INFO - - system: 0 sequences, 0.00 GB
127.0.0.1 - - [03/Oct/2026 00:55:52] "POST /v1/chat/completions HTTP/1.1" 200 -
2026-10-03 00:55:52,317 - INFO - Prompt processing progress: 21/8208
2026-10-03 00:55:52,317 - INFO - Prompt processing progress: 21/8208
2026-10-03 00:55:52,317 - INFO - Prompt processing progress: 21/8208
2026-10-03 00:55:52,317 - INFO - Prompt processing progress: 21/8208
2026-10-03 00:55:57,918 - INFO - Prompt processing progress: 2069/8208
2026-10-03 00:55:57,918 - INFO - Prompt processing progress: 2069/8208
2026-10-03 00:55:57,918 - INFO - Prompt processing progress: 2069/8208
2026-10-03 00:55:57,918 - INFO - Prompt processing progress: 2069/8208
2026-10-03 00:56:03,872 - INFO - Prompt processing progress: 4117/8208
2026-10-03 00:56:03,872 - INFO - Prompt processing progress: 4117/8208
2026-10-03 00:56:03,872 - INFO - Prompt processing progress: 4117/8208
2026-10-03 00:56:03,872 - INFO - Prompt processing progress: 4117/8208
2026-10-03 00:56:09,988 - INFO - Prompt processing progress: 6165/8208
2026-10-03 00:56:09,988 - INFO - Prompt processing progress: 6165/8208
2026-10-03 00:56:09,988 - INFO - Prompt processing progress: 6165/8208
2026-10-03 00:56:09,988 - INFO - Prompt processing progress: 6165/8208
2026-10-03 00:56:16,304 - INFO - Prompt processing progress: 8204/8208
2026-10-03 00:56:16,304 - INFO - Prompt processing progress: 8204/8208
2026-10-03 00:56:16,304 - INFO - Prompt processing progress: 8204/8208
2026-10-03 00:56:16,304 - INFO - Prompt processing progress: 8204/8208
2026-10-03 00:56:16,468 - INFO - Prompt processing progress: 8207/8208
2026-10-03 00:56:16,468 - INFO - Prompt processing progress: 8207/8208
2026-10-03 00:56:16,468 - INFO - Prompt processing progress: 8207/8208
2026-10-03 00:56:16,468 - INFO - Prompt processing progress: 8207/8208
2026-10-03 00:56:16,557 - INFO - Prompt processing progress: 8208/8208
2026-10-03 00:56:16,557 - INFO - Prompt processing progress: 8208/8208
2026-10-03 00:56:16,557 - INFO - Prompt processing progress: 8208/8208
2026-10-03 00:56:16,557 - INFO - Prompt processing progress: 8208/8208
2026-10-03 00:56:30,278 - INFO - Prompt Cache: 0 sequences, 0.00 GB
2026-10-03 00:56:30,278 - INFO - - assistant: 0 sequences, 0.00 GB
2026-10-03 00:56:30,278 - INFO - - user: 0 sequences, 0.00 GB
2026-10-03 00:56:30,278 - INFO - - system: 0 sequences, 0.00 GB
127.0.0.1 - - [03/Oct/2026 00:56:30] "POST /v1/chat/completions HTTP/1.1" 200 -
2026-10-03 00:56:30,384 - INFO - Prompt Cache: 0 sequences, 0.00 GB
2026-10-03 00:56:30,384 - INFO - - assistant: 0 sequences, 0.00 GB
2026-10-03 00:56:30,384 - INFO - - user: 0 sequences, 0.00 GB
2026-10-03 00:56:30,384 - INFO - - system: 0 sequences, 0.00 GB
127.0.0.1 - - [03/Oct/2026 00:56:30] "POST /v1/chat/completions HTTP/1.1" 200 -
2026-10-03 00:56:30,482 - INFO - Prompt Cache: 0 sequences, 0.00 GB
2026-10-03 00:56:30,482 - INFO - - assistant: 0 sequences, 0.00 GB
2026-10-03 00:56:30,482 - INFO - - user: 0 sequences, 0.00 GB
2026-10-03 00:56:30,482 - INFO - - system: 0 sequences, 0.00 GB
127.0.0.1 - - [03/Oct/2026 00:56:30] "POST /v1/chat/completions HTTP/1.1" 200 -
2026-10-03 00:56:30,581 - INFO - Prompt Cache: 0 sequences, 0.00 GB
2026-10-03 00:56:30,581 - INFO - - assistant: 0 sequences, 0.00 GB
2026-10-03 00:56:30,581 - INFO - - user: 0 sequences, 0.00 GB
2026-10-03 00:56:30,581 - INFO - - system: 0 sequences, 0.00 GB
127.0.0.1 - - [03/Oct/2026 00:56:30] "POST /v1/chat/completions HTTP/1.1" 200 -
2026-10-03 00:56:30,857 - INFO - Prompt processing progress: 21/8208
2026-10-03 00:56:30,857 - INFO - Prompt processing progress: 21/8208
2026-10-03 00:56:30,857 - INFO - Prompt processing progress: 21/8208
2026-10-03 00:56:30,857 - INFO - Prompt processing progress: 21/8208
2026-10-03 00:56:36,452 - INFO - Prompt processing progress: 2069/8208
2026-10-03 00:56:36,452 - INFO - Prompt processing progress: 2069/8208
2026-10-03 00:56:36,452 - INFO - Prompt processing progress: 2069/8208
2026-10-03 00:56:36,452 - INFO - Prompt processing progress: 2069/8208
2026-10-03 00:56:42,407 - INFO - Prompt processing progress: 4117/8208
2026-10-03 00:56:42,407 - INFO - Prompt processing progress: 4117/8208
2026-10-03 00:56:42,407 - INFO - Prompt processing progress: 4117/8208
2026-10-03 00:56:42,407 - INFO - Prompt processing progress: 4117/8208
2026-10-03 00:56:48,511 - INFO - Prompt processing progress: 6165/8208
2026-10-03 00:56:48,511 - INFO - Prompt processing progress: 6165/8208
2026-10-03 00:56:48,511 - INFO - Prompt processing progress: 6165/8208
2026-10-03 00:56:48,511 - INFO - Prompt processing progress: 6165/8208
2026-10-03 00:56:54,814 - INFO - Prompt processing progress: 8204/8208
2026-10-03 00:56:54,814 - INFO - Prompt processing progress: 8204/8208
2026-10-03 00:56:54,815 - INFO - Prompt processing progress: 8204/8208
2026-10-03 00:56:54,815 - INFO - Prompt processing progress: 8204/8208
2026-10-03 00:56:54,978 - INFO - Prompt processing progress: 8207/8208
2026-10-03 00:56:54,978 - INFO - Prompt processing progress: 8207/8208
2026-10-03 00:56:54,979 - INFO - Prompt processing progress: 8207/8208
2026-10-03 00:56:54,979 - INFO - Prompt processing progress: 8207/8208
2026-10-03 00:56:55,069 - INFO - Prompt processing progress: 8208/8208
2026-10-03 00:56:55,069 - INFO - Prompt processing progress: 8208/8208
2026-10-03 00:56:55,069 - INFO - Prompt processing progress: 8208/8208
2026-10-03 00:56:55,069 - INFO - Prompt processing progress: 8208/8208
2026-10-03 00:57:08,760 - INFO - Prompt Cache: 0 sequences, 0.00 GB
2026-10-03 00:57:08,760 - INFO - - assistant: 0 sequences, 0.00 GB
2026-10-03 00:57:08,760 - INFO - - user: 0 sequences, 0.00 GB
2026-10-03 00:57:08,760 - INFO - - system: 0 sequences, 0.00 GB
127.0.0.1 - - [03/Oct/2026 00:57:08] "POST /v1/chat/completions HTTP/1.1" 200 -
2026-10-03 00:57:08,864 - INFO - Prompt Cache: 0 sequences, 0.00 GB
2026-10-03 00:57:08,864 - INFO - - assistant: 0 sequences, 0.00 GB
2026-10-03 00:57:08,864 - INFO - - user: 0 sequences, 0.00 GB
2026-10-03 00:57:08,864 - INFO - - system: 0 sequences, 0.00 GB
127.0.0.1 - - [03/Oct/2026 00:57:08] "POST /v1/chat/completions HTTP/1.1" 200 -
2026-10-03 00:57:08,962 - INFO - Prompt Cache: 0 sequences, 0.00 GB
2026-10-03 00:57:08,963 - INFO - - assistant: 0 sequences, 0.00 GB
2026-10-03 00:57:08,963 - INFO - - user: 0 sequences, 0.00 GB
2026-10-03 00:57:08,963 - INFO - - system: 0 sequences, 0.00 GB
127.0.0.1 - - [03/Oct/2026 00:57:08] "POST /v1/chat/completions HTTP/1.1" 200 -
2026-10-03 00:57:09,061 - INFO - Prompt Cache: 0 sequences, 0.00 GB
2026-10-03 00:57:09,061 - INFO - - assistant: 0 sequences, 0.00 GB
2026-10-03 00:57:09,061 - INFO - - user: 0 sequences, 0.00 GB
2026-10-03 00:57:09,061 - INFO - - system: 0 sequences, 0.00 GB
127.0.0.1 - - [03/Oct/2026 00:57:09] "POST /v1/chat/completions HTTP/1.1" 200 -
2026-10-03 00:57:09,357 - INFO - Prompt processing progress: 21/8208
2026-10-03 00:57:09,357 - INFO - Prompt processing progress: 21/8208
2026-10-03 00:57:09,357 - INFO - Prompt processing progress: 21/8208
2026-10-03 00:57:09,357 - INFO - Prompt processing progress: 21/8208
2026-10-03 00:57:14,955 - INFO - Prompt processing progress: 2069/8208
2026-10-03 00:57:14,955 - INFO - Prompt processing progress: 2069/8208
2026-10-03 00:57:14,955 - INFO - Prompt processing progress: 2069/8208
2026-10-03 00:57:14,955 - INFO - Prompt processing progress: 2069/8208
2026-10-03 00:57:20,905 - INFO - Prompt processing progress: 4117/8208
2026-10-03 00:57:20,905 - INFO - Prompt processing progress: 4117/8208
2026-10-03 00:57:20,905 - INFO - Prompt processing progress: 4117/8208
2026-10-03 00:57:20,905 - INFO - Prompt processing progress: 4117/8208
2026-10-03 00:57:27,003 - INFO - Prompt processing progress: 6165/8208
2026-10-03 00:57:27,003 - INFO - Prompt processing progress: 6165/8208
2026-10-03 00:57:27,003 - INFO - Prompt processing progress: 6165/8208
2026-10-03 00:57:27,003 - INFO - Prompt processing progress: 6165/8208
2026-10-03 00:57:33,304 - INFO - Prompt processing progress: 8204/8208
2026-10-03 00:57:33,304 - INFO - Prompt processing progress: 8204/8208
2026-10-03 00:57:33,304 - INFO - Prompt processing progress: 8204/8208
2026-10-03 00:57:33,304 - INFO - Prompt processing progress: 8204/8208
2026-10-03 00:57:33,458 - INFO - Prompt processing progress: 8207/8208
2026-10-03 00:57:33,458 - INFO - Prompt processing progress: 8207/8208
2026-10-03 00:57:33,458 - INFO - Prompt processing progress: 8207/8208
2026-10-03 00:57:33,458 - INFO - Prompt processing progress: 8207/8208
2026-10-03 00:57:33,547 - INFO - Prompt processing progress: 8208/8208
2026-10-03 00:57:33,547 - INFO - Prompt processing progress: 8208/8208
2026-10-03 00:57:33,547 - INFO - Prompt processing progress: 8208/8208
2026-10-03 00:57:33,547 - INFO - Prompt processing progress: 8208/8208
2026-10-03 00:57:47,254 - INFO - Prompt Cache: 0 sequences, 0.00 GB
2026-10-03 00:57:47,254 - INFO - - assistant: 0 sequences, 0.00 GB
2026-10-03 00:57:47,254 - INFO - - user: 0 sequences, 0.00 GB
2026-10-03 00:57:47,254 - INFO - - system: 0 sequences, 0.00 GB
127.0.0.1 - - [03/Oct/2026 00:57:47] "POST /v1/chat/completions HTTP/1.1" 200 -
2026-10-03 00:57:47,359 - INFO - Prompt Cache: 0 sequences, 0.00 GB
2026-10-03 00:57:47,359 - INFO - - assistant: 0 sequences, 0.00 GB
2026-10-03 00:57:47,359 - INFO - - user: 0 sequences, 0.00 GB
2026-10-03 00:57:47,359 - INFO - - system: 0 sequences, 0.00 GB
127.0.0.1 - - [03/Oct/2026 00:57:47] "POST /v1/chat/completions HTTP/1.1" 200 -
2026-10-03 00:57:47,458 - INFO - Prompt Cache: 0 sequences, 0.00 GB
2026-10-03 00:57:47,458 - INFO - - assistant: 0 sequences, 0.00 GB
2026-10-03 00:57:47,458 - INFO - - user: 0 sequences, 0.00 GB
2026-10-03 00:57:47,458 - INFO - - system: 0 sequences, 0.00 GB
127.0.0.1 - - [03/Oct/2026 00:57:47] "POST /v1/chat/completions HTTP/1.1" 200 -
2026-10-03 00:57:47,557 - INFO - Prompt Cache: 0 sequences, 0.00 GB
2026-10-03 00:57:47,557 - INFO - - assistant: 0 sequences, 0.00 GB
2026-10-03 00:57:47,557 - INFO - - user: 0 sequences, 0.00 GB
2026-10-03 00:57:47,557 - INFO - - system: 0 sequences, 0.00 GB
127.0.0.1 - - [03/Oct/2026 00:57:47] "POST /v1/chat/completions HTTP/1.1" 200 -
2026-10-03 00:57:47,834 - INFO - Prompt processing progress: 21/8208
2026-10-03 00:57:47,834 - INFO - Prompt processing progress: 21/8208
2026-10-03 00:57:47,834 - INFO - Prompt processing progress: 21/8208
2026-10-03 00:57:47,834 - INFO - Prompt processing progress: 21/8208
2026-10-03 00:57:53,430 - INFO - Prompt processing progress: 2069/8208
2026-10-03 00:57:53,430 - INFO - Prompt processing progress: 2069/8208
2026-10-03 00:57:53,430 - INFO - Prompt processing progress: 2069/8208
2026-10-03 00:57:53,430 - INFO - Prompt processing progress: 2069/8208
2026-10-03 00:57:59,383 - INFO - Prompt processing progress: 4117/8208
2026-10-03 00:57:59,383 - INFO - Prompt processing progress: 4117/8208
2026-10-03 00:57:59,383 - INFO - Prompt processing progress: 4117/8208
2026-10-03 00:57:59,383 - INFO - Prompt processing progress: 4117/8208
2026-10-03 00:58:05,489 - INFO - Prompt processing progress: 6165/8208
2026-10-03 00:58:05,489 - INFO - Prompt processing progress: 6165/8208
2026-10-03 00:58:05,489 - INFO - Prompt processing progress: 6165/8208
2026-10-03 00:58:05,489 - INFO - Prompt processing progress: 6165/8208
2026-10-03 00:58:11,794 - INFO - Prompt processing progress: 8204/8208
2026-10-03 00:58:11,794 - INFO - Prompt processing progress: 8204/8208
2026-10-03 00:58:11,794 - INFO - Prompt processing progress: 8204/8208
2026-10-03 00:58:11,794 - INFO - Prompt processing progress: 8204/8208
2026-10-03 00:58:11,959 - INFO - Prompt processing progress: 8207/8208
2026-10-03 00:58:11,959 - INFO - Prompt processing progress: 8207/8208
2026-10-03 00:58:11,959 - INFO - Prompt processing progress: 8207/8208
2026-10-03 00:58:11,959 - INFO - Prompt processing progress: 8207/8208
2026-10-03 00:58:12,048 - INFO - Prompt processing progress: 8208/8208
2026-10-03 00:58:12,048 - INFO - Prompt processing progress: 8208/8208
2026-10-03 00:58:12,048 - INFO - Prompt processing progress: 8208/8208
2026-10-03 00:58:12,048 - INFO - Prompt processing progress: 8208/8208
2026-10-03 00:58:25,748 - INFO - Prompt Cache: 0 sequences, 0.00 GB
2026-10-03 00:58:25,749 - INFO - - assistant: 0 sequences, 0.00 GB
2026-10-03 00:58:25,749 - INFO - - user: 0 sequences, 0.00 GB
2026-10-03 00:58:25,749 - INFO - - system: 0 sequences, 0.00 GB
127.0.0.1 - - [03/Oct/2026 00:58:25] "POST /v1/chat/completions HTTP/1.1" 200 -
2026-10-03 00:58:25,851 - INFO - Prompt Cache: 0 sequences, 0.00 GB
2026-10-03 00:58:25,851 - INFO - - assistant: 0 sequences, 0.00 GB
2026-10-03 00:58:25,851 - INFO - - user: 0 sequences, 0.00 GB
2026-10-03 00:58:25,851 - INFO - - system: 0 sequences, 0.00 GB
127.0.0.1 - - [03/Oct/2026 00:58:25] "POST /v1/chat/completions HTTP/1.1" 200 -
2026-10-03 00:58:25,949 - INFO - Prompt Cache: 0 sequences, 0.00 GB
2026-10-03 00:58:25,949 - INFO - - assistant: 0 sequences, 0.00 GB
2026-10-03 00:58:25,950 - INFO - - user: 0 sequences, 0.00 GB
2026-10-03 00:58:25,950 - INFO - - system: 0 sequences, 0.00 GB
127.0.0.1 - - [03/Oct/2026 00:58:25] "POST /v1/chat/completions HTTP/1.1" 200 -
2026-10-03 00:58:26,047 - INFO - Prompt Cache: 0 sequences, 0.00 GB
2026-10-03 00:58:26,047 - INFO - - assistant: 0 sequences, 0.00 GB
2026-10-03 00:58:26,047 - INFO - - user: 0 sequences, 0.00 GB
2026-10-03 00:58:26,047 - INFO - - system: 0 sequences, 0.00 GB
127.0.0.1 - - [03/Oct/2026 00:58:26] "POST /v1/chat/completions HTTP/1.1" 200 -
2026-10-03 00:58:26,341 - INFO - Prompt processing progress: 21/8208
2026-10-03 00:58:26,341 - INFO - Prompt processing progress: 21/8208
2026-10-03 00:58:26,341 - INFO - Prompt processing progress: 21/8208
2026-10-03 00:58:26,341 - INFO - Prompt processing progress: 21/8208
2026-10-03 00:58:31,934 - INFO - Prompt processing progress: 2069/8208
2026-10-03 00:58:31,934 - INFO - Prompt processing progress: 2069/8208
2026-10-03 00:58:31,934 - INFO - Prompt processing progress: 2069/8208
2026-10-03 00:58:31,934 - INFO - Prompt processing progress: 2069/8208
2026-10-03 00:58:37,885 - INFO - Prompt processing progress: 4117/8208
2026-10-03 00:58:37,886 - INFO - Prompt processing progress: 4117/8208
2026-10-03 00:58:37,886 - INFO - Prompt processing progress: 4117/8208
2026-10-03 00:58:37,886 - INFO - Prompt processing progress: 4117/8208
2026-10-03 00:58:43,987 - INFO - Prompt processing progress: 6165/8208
2026-10-03 00:58:43,987 - INFO - Prompt processing progress: 6165/8208
2026-10-03 00:58:43,987 - INFO - Prompt processing progress: 6165/8208
2026-10-03 00:58:43,987 - INFO - Prompt processing progress: 6165/8208
2026-10-03 00:58:50,311 - INFO - Prompt processing progress: 8204/8208
2026-10-03 00:58:50,311 - INFO - Prompt processing progress: 8204/8208
2026-10-03 00:58:50,311 - INFO - Prompt processing progress: 8204/8208
2026-10-03 00:58:50,311 - INFO - Prompt processing progress: 8204/8208
2026-10-03 00:58:50,467 - INFO - Prompt processing progress: 8207/8208
2026-10-03 00:58:50,467 - INFO - Prompt processing progress: 8207/8208
2026-10-03 00:58:50,467 - INFO - Prompt processing progress: 8207/8208
2026-10-03 00:58:50,467 - INFO - Prompt processing progress: 8207/8208
2026-10-03 00:58:50,556 - INFO - Prompt processing progress: 8208/8208
2026-10-03 00:58:50,556 - INFO - Prompt processing progress: 8208/8208
2026-10-03 00:58:50,556 - INFO - Prompt processing progress: 8208/8208
2026-10-03 00:58:50,556 - INFO - Prompt processing progress: 8208/8208
2026-10-03 00:59:04,271 - INFO - Prompt Cache: 0 sequences, 0.00 GB
2026-10-03 00:59:04,271 - INFO - - assistant: 0 sequences, 0.00 GB
2026-10-03 00:59:04,271 - INFO - - user: 0 sequences, 0.00 GB
2026-10-03 00:59:04,271 - INFO - - system: 0 sequences, 0.00 GB
127.0.0.1 - - [03/Oct/2026 00:59:04] "POST /v1/chat/completions HTTP/1.1" 200 -
2026-10-03 00:59:04,375 - INFO - Prompt Cache: 0 sequences, 0.00 GB
2026-10-03 00:59:04,375 - INFO - - assistant: 0 sequences, 0.00 GB
2026-10-03 00:59:04,375 - INFO - - user: 0 sequences, 0.00 GB
2026-10-03 00:59:04,375 - INFO - - system: 0 sequences, 0.00 GB
127.0.0.1 - - [03/Oct/2026 00:59:04] "POST /v1/chat/completions HTTP/1.1" 200 -
2026-10-03 00:59:04,473 - INFO - Prompt Cache: 0 sequences, 0.00 GB
2026-10-03 00:59:04,473 - INFO - - assistant: 0 sequences, 0.00 GB
2026-10-03 00:59:04,473 - INFO - - user: 0 sequences, 0.00 GB
2026-10-03 00:59:04,473 - INFO - - system: 0 sequences, 0.00 GB
127.0.0.1 - - [03/Oct/2026 00:59:04] "POST /v1/chat/completions HTTP/1.1" 200 -
2026-10-03 00:59:04,571 - INFO - Prompt Cache: 0 sequences, 0.00 GB
2026-10-03 00:59:04,571 - INFO - - assistant: 0 sequences, 0.00 GB
2026-10-03 00:59:04,571 - INFO - - user: 0 sequences, 0.00 GB
2026-10-03 00:59:04,571 - INFO - - system: 0 sequences, 0.00 GB
127.0.0.1 - - [03/Oct/2026 00:59:04] "POST /v1/chat/completions HTTP/1.1" 200 -
2026-10-03 00:59:04,849 - INFO - Prompt processing progress: 21/8208
2026-10-03 00:59:04,849 - INFO - Prompt processing progress: 21/8208
2026-10-03 00:59:04,849 - INFO - Prompt processing progress: 21/8208
2026-10-03 00:59:04,849 - INFO - Prompt processing progress: 21/8208
2026-10-03 00:59:10,444 - INFO - Prompt processing progress: 2069/8208
2026-10-03 00:59:10,445 - INFO - Prompt processing progress: 2069/8208
2026-10-03 00:59:10,445 - INFO - Prompt processing progress: 2069/8208
2026-10-03 00:59:10,445 - INFO - Prompt processing progress: 2069/8208
2026-10-03 00:59:16,402 - INFO - Prompt processing progress: 4117/8208
2026-10-03 00:59:16,402 - INFO - Prompt processing progress: 4117/8208
2026-10-03 00:59:16,402 - INFO - Prompt processing progress: 4117/8208
2026-10-03 00:59:16,402 - INFO - Prompt processing progress: 4117/8208
2026-10-03 00:59:22,500 - INFO - Prompt processing progress: 6165/8208
2026-10-03 00:59:22,500 - INFO - Prompt processing progress: 6165/8208
2026-10-03 00:59:22,500 - INFO - Prompt processing progress: 6165/8208
2026-10-03 00:59:22,500 - INFO - Prompt processing progress: 6165/8208
2026-10-03 00:59:28,811 - INFO - Prompt processing progress: 8204/8208
2026-10-03 00:59:28,811 - INFO - Prompt processing progress: 8204/8208
2026-10-03 00:59:28,811 - INFO - Prompt processing progress: 8204/8208
2026-10-03 00:59:28,811 - INFO - Prompt processing progress: 8204/8208
2026-10-03 00:59:28,975 - INFO - Prompt processing progress: 8207/8208
2026-10-03 00:59:28,975 - INFO - Prompt processing progress: 8207/8208
2026-10-03 00:59:28,975 - INFO - Prompt processing progress: 8207/8208
2026-10-03 00:59:28,975 - INFO - Prompt processing progress: 8207/8208
2026-10-03 00:59:29,064 - INFO - Prompt processing progress: 8208/8208
2026-10-03 00:59:29,064 - INFO - Prompt processing progress: 8208/8208
2026-10-03 00:59:29,064 - INFO - Prompt processing progress: 8208/8208
2026-10-03 00:59:29,064 - INFO - Prompt processing progress: 8208/8208
2026-10-03 00:59:42,772 - INFO - Prompt Cache: 0 sequences, 0.00 GB
2026-10-03 00:59:42,772 - INFO - - assistant: 0 sequences, 0.00 GB
2026-10-03 00:59:42,772 - INFO - - user: 0 sequences, 0.00 GB
2026-10-03 00:59:42,772 - INFO - - system: 0 sequences, 0.00 GB
127.0.0.1 - - [03/Oct/2026 00:59:42] "POST /v1/chat/completions HTTP/1.1" 200 -
2026-10-03 00:59:42,875 - INFO - Prompt Cache: 0 sequences, 0.00 GB
2026-10-03 00:59:42,875 - INFO - - assistant: 0 sequences, 0.00 GB
2026-10-03 00:59:42,875 - INFO - - user: 0 sequences, 0.00 GB
2026-10-03 00:59:42,875 - INFO - - system: 0 sequences, 0.00 GB
127.0.0.1 - - [03/Oct/2026 00:59:42] "POST /v1/chat/completions HTTP/1.1" 200 -
2026-10-03 00:59:42,973 - INFO - Prompt Cache: 0 sequences, 0.00 GB
2026-10-03 00:59:42,973 - INFO - - assistant: 0 sequences, 0.00 GB
2026-10-03 00:59:42,973 - INFO - - user: 0 sequences, 0.00 GB
2026-10-03 00:59:42,973 - INFO - - system: 0 sequences, 0.00 GB
127.0.0.1 - - [03/Oct/2026 00:59:42] "POST /v1/chat/completions HTTP/1.1" 200 -
2026-10-03 00:59:43,074 - INFO - Prompt Cache: 0 sequences, 0.00 GB
2026-10-03 00:59:43,074 - INFO - - assistant: 0 sequences, 0.00 GB
2026-10-03 00:59:43,074 - INFO - - user: 0 sequences, 0.00 GB
2026-10-03 00:59:43,074 - INFO - - system: 0 sequences, 0.00 GB
127.0.0.1 - - [03/Oct/2026 00:59:43] "POST /v1/chat/completions HTTP/1.1" 200 -
2026-10-03 00:59:43,369 - INFO - Prompt processing progress: 21/8208
2026-10-03 00:59:43,369 - INFO - Prompt processing progress: 21/8208
2026-10-03 00:59:43,369 - INFO - Prompt processing progress: 21/8208
2026-10-03 00:59:43,369 - INFO - Prompt processing progress: 21/8208
2026-10-03 00:59:48,966 - INFO - Prompt processing progress: 2069/8208
2026-10-03 00:59:48,966 - INFO - Prompt processing progress: 2069/8208
2026-10-03 00:59:48,966 - INFO - Prompt processing progress: 2069/8208
2026-10-03 00:59:48,966 - INFO - Prompt processing progress: 2069/8208
2026-10-03 00:59:54,915 - INFO - Prompt processing progress: 4117/8208
2026-10-03 00:59:54,915 - INFO - Prompt processing progress: 4117/8208
2026-10-03 00:59:54,915 - INFO - Prompt processing progress: 4117/8208
2026-10-03 00:59:54,915 - INFO - Prompt processing progress: 4117/8208
2026-10-03 01:00:01,027 - INFO - Prompt processing progress: 6165/8208
2026-10-03 01:00:01,027 - INFO - Prompt processing progress: 6165/8208
2026-10-03 01:00:01,027 - INFO - Prompt processing progress: 6165/8208
2026-10-03 01:00:01,027 - INFO - Prompt processing progress: 6165/8208
2026-10-03 01:00:07,347 - INFO - Prompt processing progress: 8204/8208
2026-10-03 01:00:07,347 - INFO - Prompt processing progress: 8204/8208
2026-10-03 01:00:07,347 - INFO - Prompt processing progress: 8204/8208
2026-10-03 01:00:07,347 - INFO - Prompt processing progress: 8204/8208
2026-10-03 01:00:07,511 - INFO - Prompt processing progress: 8207/8208
2026-10-03 01:00:07,512 - INFO - Prompt processing progress: 8207/8208
2026-10-03 01:00:07,512 - INFO - Prompt processing progress: 8207/8208
2026-10-03 01:00:07,512 - INFO - Prompt processing progress: 8207/8208
2026-10-03 01:00:07,620 - INFO - Prompt processing progress: 8208/8208
2026-10-03 01:00:07,620 - INFO - Prompt processing progress: 8208/8208
2026-10-03 01:00:07,620 - INFO - Prompt processing progress: 8208/8208
2026-10-03 01:00:07,620 - INFO - Prompt processing progress: 8208/8208
2026-10-03 01:00:21,318 - INFO - Prompt Cache: 0 sequences, 0.00 GB
2026-10-03 01:00:21,318 - INFO - - assistant: 0 sequences, 0.00 GB
2026-10-03 01:00:21,318 - INFO - - user: 0 sequences, 0.00 GB
2026-10-03 01:00:21,318 - INFO - - system: 0 sequences, 0.00 GB
127.0.0.1 - - [03/Oct/2026 01:00:21] "POST /v1/chat/completions HTTP/1.1" 200 -
2026-10-03 01:00:21,425 - INFO - Prompt Cache: 0 sequences, 0.00 GB
2026-10-03 01:00:21,425 - INFO - - assistant: 0 sequences, 0.00 GB
2026-10-03 01:00:21,425 - INFO - - user: 0 sequences, 0.00 GB
2026-10-03 01:00:21,425 - INFO - - system: 0 sequences, 0.00 GB
127.0.0.1 - - [03/Oct/2026 01:00:21] "POST /v1/chat/completions HTTP/1.1" 200 -
2026-10-03 01:00:21,524 - INFO - Prompt Cache: 0 sequences, 0.00 GB
2026-10-03 01:00:21,524 - INFO - - assistant: 0 sequences, 0.00 GB
2026-10-03 01:00:21,524 - INFO - - user: 0 sequences, 0.00 GB
2026-10-03 01:00:21,524 - INFO - - system: 0 sequences, 0.00 GB
127.0.0.1 - - [03/Oct/2026 01:00:21] "POST /v1/chat/completions HTTP/1.1" 200 -
2026-10-03 01:00:21,622 - INFO - Prompt Cache: 0 sequences, 0.00 GB
2026-10-03 01:00:21,622 - INFO - - assistant: 0 sequences, 0.00 GB
2026-10-03 01:00:21,622 - INFO - - user: 0 sequences, 0.00 GB
2026-10-03 01:00:21,622 - INFO - - system: 0 sequences, 0.00 GB
127.0.0.1 - - [03/Oct/2026 01:00:21] "POST /v1/chat/completions HTTP/1.1" 200 -
2026-10-03 01:00:21,888 - INFO - Prompt processing progress: 21/8208
2026-10-03 01:00:21,888 - INFO - Prompt processing progress: 21/8208
2026-10-03 01:00:21,888 - INFO - Prompt processing progress: 21/8208
2026-10-03 01:00:21,888 - INFO - Prompt processing progress: 21/8208
2026-10-03 01:00:27,495 - INFO - Prompt processing progress: 2069/8208
2026-10-03 01:00:27,495 - INFO - Prompt processing progress: 2069/8208
2026-10-03 01:00:27,495 - INFO - Prompt processing progress: 2069/8208
2026-10-03 01:00:27,495 - INFO - Prompt processing progress: 2069/8208
2026-10-03 01:00:33,461 - INFO - Prompt processing progress: 4117/8208
2026-10-03 01:00:33,461 - INFO - Prompt processing progress: 4117/8208
2026-10-03 01:00:33,461 - INFO - Prompt processing progress: 4117/8208
2026-10-03 01:00:33,461 - INFO - Prompt processing progress: 4117/8208
2026-10-03 01:00:39,569 - INFO - Prompt processing progress: 6165/8208
2026-10-03 01:00:39,569 - INFO - Prompt processing progress: 6165/8208
2026-10-03 01:00:39,569 - INFO - Prompt processing progress: 6165/8208
2026-10-03 01:00:39,569 - INFO - Prompt processing progress: 6165/8208
2026-10-03 01:00:45,881 - INFO - Prompt processing progress: 8204/8208
2026-10-03 01:00:45,882 - INFO - Prompt processing progress: 8204/8208
2026-10-03 01:00:45,882 - INFO - Prompt processing progress: 8204/8208
2026-10-03 01:00:45,882 - INFO - Prompt processing progress: 8204/8208
2026-10-03 01:00:46,048 - INFO - Prompt processing progress: 8207/8208
2026-10-03 01:00:46,048 - INFO - Prompt processing progress: 8207/8208
2026-10-03 01:00:46,048 - INFO - Prompt processing progress: 8207/8208
2026-10-03 01:00:46,048 - INFO - Prompt processing progress: 8207/8208
2026-10-03 01:00:46,156 - INFO - Prompt processing progress: 8208/8208
2026-10-03 01:00:46,156 - INFO - Prompt processing progress: 8208/8208
2026-10-03 01:00:46,156 - INFO - Prompt processing progress: 8208/8208
2026-10-03 01:00:46,156 - INFO - Prompt processing progress: 8208/8208
