ds4: Metal device Apple M5 Ultra, 256.00 GiB RAM
ds4: Metal 4 tensor API enabled for Tensor kernels
ds4: drift-patch flags hc_stable=on norm_unify=on kv_raw_f32=off rope_exp2_log2=off math_safe=off tensor_matmul=on
ds4: Metal model views created in 4.752 ms, residency requested in 798.004 ms, warmup 5.764 ms (mapped 157001.67 MiB from offset 5.09 MiB)
ds4: Metal mapped mmaped model as 1 overlapping shared buffers
ds4: metal backend initialized for graph diagnostics
ds4: memory: KV 2.20 GiB (raw 0.19 + compressed 2.01) + buffers 1.00 GiB + resident model 153.32 GiB = 156.52 GiB planned
ds4: memory detail: ctx=262144 prefill_cap=2048 raw_kv_rows=2304 compressed_kv_rows=65538 backend=metal
1003 01:43:18 ds4-server: context buffers 3274.64 MiB (ctx=262144, backend=metal, prefill_chunk=2048, raw_kv_rows=2304, compressed_kv_rows=65538)
1003 01:43:18 ds4-server: listening on http://127.0.0.1:18185
1003 01:43:18 ds4-server: chat ctx=0..200001:200001 prompt start
1003 01:43:18 ds4-server: chat ctx=0..200001:200001 prefill chunk 0/200001 (0.0%) chunk=0.00 t/s avg=0.00 t/s 0.000s
1003 01:43:20 ds4-server: chat ctx=0..200001:200001 prefill chunk 2048/200001 (1.0%) chunk=1003.32 t/s avg=1003.24 t/s 2.041s
1003 01:43:22 ds4-server: chat ctx=0..200001:200001 prefill chunk 4096/200001 (2.0%) chunk=958.16 t/s avg=980.19 t/s 4.179s
1003 01:43:24 ds4-server: chat ctx=0..200001:200001 prefill chunk 6144/200001 (3.1%) chunk=955.11 t/s avg=971.68 t/s 6.323s
1003 01:43:26 ds4-server: chat ctx=0..200001:200001 prefill chunk 8192/200001 (4.1%) chunk=949.40 t/s avg=966.01 t/s 8.480s
1003 01:43:29 ds4-server: chat ctx=0..200001:200001 prefill chunk 10240/200001 (5.1%) chunk=933.77 t/s avg=959.39 t/s 10.673s
1003 01:43:31 ds4-server: chat ctx=0..200001:200001 prefill chunk 12288/200001 (6.1%) chunk=928.55 t/s avg=954.11 t/s 12.879s
1003 01:43:33 ds4-server: chat ctx=0..200001:200001 prefill chunk 14336/200001 (7.2%) chunk=920.59 t/s avg=949.17 t/s 15.104s
1003 01:43:35 ds4-server: chat ctx=0..200001:200001 prefill chunk 16384/200001 (8.2%) chunk=915.61 t/s avg=944.84 t/s 17.340s
1003 01:43:37 ds4-server: chat ctx=0..200001:200001 prefill chunk 18432/200001 (9.2%) chunk=905.29 t/s avg=940.28 t/s 19.603s
1003 01:43:40 ds4-server: chat ctx=0..200001:200001 prefill chunk 20480/200001 (10.2%) chunk=896.99 t/s avg=935.76 t/s 21.886s
1003 01:43:42 ds4-server: chat ctx=0..200001:200001 prefill chunk 22528/200001 (11.3%) chunk=891.04 t/s avg=931.51 t/s 24.184s
1003 01:43:44 ds4-server: chat ctx=0..200001:200001 prefill chunk 24576/200001 (12.3%) chunk=886.12 t/s avg=927.55 t/s 26.496s
1003 01:43:47 ds4-server: chat ctx=0..200001:200001 prefill chunk 26624/200001 (13.3%) chunk=870.52 t/s avg=922.90 t/s 28.848s
1003 01:43:49 ds4-server: chat ctx=0..200001:200001 prefill chunk 28672/200001 (14.3%) chunk=867.89 t/s avg=918.74 t/s 31.208s
1003 01:43:51 ds4-server: chat ctx=0..200001:200001 prefill chunk 30720/200001 (15.4%) chunk=859.91 t/s avg=914.57 t/s 33.590s
1003 01:43:54 ds4-server: chat ctx=0..200001:200001 prefill chunk 32768/200001 (16.4%) chunk=855.39 t/s avg=910.63 t/s 35.984s
1003 01:43:56 ds4-server: chat ctx=0..200001:200001 prefill chunk 34816/200001 (17.4%) chunk=840.13 t/s avg=906.16 t/s 38.421s
1003 01:43:59 ds4-server: chat ctx=0..200001:200001 prefill chunk 36864/200001 (18.4%) chunk=836.58 t/s avg=901.99 t/s 40.870s
1003 01:44:01 ds4-server: chat ctx=0..200001:200001 prefill chunk 38912/200001 (19.5%) chunk=828.17 t/s avg=897.78 t/s 43.342s
1003 01:44:04 ds4-server: chat ctx=0..200001:200001 prefill chunk 40960/200001 (20.5%) chunk=824.61 t/s avg=893.81 t/s 45.826s
1003 01:44:06 ds4-server: chat ctx=0..200001:200001 prefill chunk 43008/200001 (21.5%) chunk=812.53 t/s avg=889.58 t/s 48.347s
1003 01:44:09 ds4-server: chat ctx=0..200001:200001 prefill chunk 45056/200001 (22.5%) chunk=808.13 t/s avg=885.52 t/s 50.881s
1003 01:44:11 ds4-server: chat ctx=0..200001:200001 prefill chunk 47104/200001 (23.6%) chunk=801.49 t/s avg=881.50 t/s 53.436s
1003 01:44:14 ds4-server: chat ctx=0..200001:200001 prefill chunk 49152/200001 (24.6%) chunk=799.42 t/s avg=877.75 t/s 55.998s
1003 01:44:16 ds4-server: chat ctx=0..200001:200001 prefill chunk 51200/200001 (25.6%) chunk=787.55 t/s avg=873.74 t/s 58.598s
1003 01:44:19 ds4-server: chat ctx=0..200001:200001 prefill chunk 53248/200001 (26.6%) chunk=783.77 t/s avg=869.90 t/s 61.211s
1003 01:44:22 ds4-server: chat ctx=0..200001:200001 prefill chunk 55296/200001 (27.6%) chunk=779.04 t/s avg=866.16 t/s 63.840s
1003 01:44:24 ds4-server: chat ctx=0..200001:200001 prefill chunk 57344/200001 (28.7%) chunk=775.16 t/s avg=862.55 t/s 66.482s
1003 01:44:27 ds4-server: chat ctx=0..200001:200001 prefill chunk 59392/200001 (29.7%) chunk=761.87 t/s avg=858.63 t/s 69.170s
1003 01:44:30 ds4-server: chat ctx=0..200001:200001 prefill chunk 61440/200001 (30.7%) chunk=759.04 t/s avg=854.89 t/s 71.869s
1003 01:44:32 ds4-server: chat ctx=0..200001:200001 prefill chunk 63488/200001 (31.7%) chunk=754.07 t/s avg=851.22 t/s 74.585s
1003 01:44:35 ds4-server: chat ctx=0..200001:200001 prefill chunk 65536/200001 (32.8%) chunk=751.21 t/s avg=847.70 t/s 77.311s
1003 01:44:38 ds4-server: chat ctx=0..200001:200001 prefill chunk 67584/200001 (33.8%) chunk=738.02 t/s avg=843.90 t/s 80.086s
1003 01:44:41 ds4-server: chat ctx=0..200001:200001 prefill chunk 69632/200001 (34.8%) chunk=734.18 t/s avg=840.20 t/s 82.875s
1003 01:44:44 ds4-server: chat ctx=0..200001:200001 prefill chunk 71680/200001 (35.8%) chunk=729.65 t/s avg=836.58 t/s 85.682s
1003 01:44:46 ds4-server: chat ctx=0..200001:200001 prefill chunk 73728/200001 (36.9%) chunk=727.08 t/s avg=833.10 t/s 88.499s
1003 01:44:49 ds4-server: chat ctx=0..200001:200001 prefill chunk 75776/200001 (37.9%) chunk=716.85 t/s avg=829.46 t/s 91.356s
1003 01:44:52 ds4-server: chat ctx=0..200001:200001 prefill chunk 77824/200001 (38.9%) chunk=713.29 t/s avg=825.92 t/s 94.227s
1003 01:44:55 ds4-server: chat ctx=0..200001:200001 prefill chunk 79872/200001 (39.9%) chunk=707.86 t/s avg=822.40 t/s 97.120s
1003 01:44:58 ds4-server: chat ctx=0..200001:200001 prefill chunk 81920/200001 (41.0%) chunk=705.90 t/s avg=819.02 t/s 100.021s
1003 01:45:01 ds4-server: chat ctx=0..200001:200001 prefill chunk 83968/200001 (42.0%) chunk=695.78 t/s avg=815.50 t/s 102.965s
1003 01:45:04 ds4-server: chat ctx=0..200001:200001 prefill chunk 86016/200001 (43.0%) chunk=693.63 t/s avg=812.10 t/s 105.917s
1003 01:45:07 ds4-server: chat ctx=0..200001:200001 prefill chunk 88064/200001 (44.0%) chunk=687.83 t/s avg=808.71 t/s 108.895s
1003 01:45:10 ds4-server: chat ctx=0..200001:200001 prefill chunk 90112/200001 (45.1%) chunk=686.88 t/s avg=805.46 t/s 111.877s
1003 01:45:13 ds4-server: chat ctx=0..200001:200001 prefill chunk 92160/200001 (46.1%) chunk=676.57 t/s avg=802.06 t/s 114.904s
1003 01:45:16 ds4-server: chat ctx=0..200001:200001 prefill chunk 94208/200001 (47.1%) chunk=675.38 t/s avg=798.81 t/s 117.936s
1003 01:45:19 ds4-server: chat ctx=0..200001:200001 prefill chunk 96256/200001 (48.1%) chunk=670.27 t/s avg=795.56 t/s 120.991s
1003 01:45:22 ds4-server: chat ctx=0..200001:200001 prefill chunk 98304/200001 (49.2%) chunk=668.84 t/s avg=792.43 t/s 124.053s
1003 01:45:25 ds4-server: chat ctx=0..200001:200001 prefill chunk 100352/200001 (50.2%) chunk=658.40 t/s avg=789.15 t/s 127.164s
1003 01:45:28 ds4-server: chat ctx=0..200001:200001 prefill chunk 102400/200001 (51.2%) chunk=657.51 t/s avg=786.01 t/s 130.279s
1003 01:45:31 ds4-server: chat ctx=0..200001:200001 prefill chunk 104448/200001 (52.2%) chunk=652.38 t/s avg=782.86 t/s 133.418s
1003 01:45:34 ds4-server: chat ctx=0..200001:200001 prefill chunk 106496/200001 (53.2%) chunk=650.03 t/s avg=779.80 t/s 136.569s
1003 01:45:38 ds4-server: chat ctx=0..200001:200001 prefill chunk 108544/200001 (54.3%) chunk=642.16 t/s avg=776.66 t/s 139.758s
1003 01:45:41 ds4-server: chat ctx=0..200001:200001 prefill chunk 110592/200001 (55.3%) chunk=640.22 t/s avg=773.60 t/s 142.957s
1003 01:45:44 ds4-server: chat ctx=0..200001:200001 prefill chunk 112640/200001 (56.3%) chunk=635.22 t/s avg=770.55 t/s 146.181s
1003 01:45:47 ds4-server: chat ctx=0..200001:200001 prefill chunk 114688/200001 (57.3%) chunk=633.49 t/s avg=767.59 t/s 149.414s
1003 01:45:51 ds4-server: chat ctx=0..200001:200001 prefill chunk 116736/200001 (58.4%) chunk=624.92 t/s avg=764.52 t/s 152.691s
1003 01:45:54 ds4-server: chat ctx=0..200001:200001 prefill chunk 118784/200001 (59.4%) chunk=624.96 t/s avg=761.59 t/s 155.968s
1003 01:45:57 ds4-server: chat ctx=0..200001:200001 prefill chunk 120832/200001 (60.4%) chunk=619.06 t/s avg=758.63 t/s 159.276s
1003 01:46:00 ds4-server: chat ctx=0..200001:200001 prefill chunk 122880/200001 (61.4%) chunk=618.55 t/s avg=755.78 t/s 162.587s
1003 01:46:04 ds4-server: chat ctx=0..200001:200001 prefill chunk 124928/200001 (62.5%) chunk=610.59 t/s avg=752.84 t/s 165.941s
1003 01:46:07 ds4-server: chat ctx=0..200001:200001 prefill chunk 126976/200001 (63.5%) chunk=608.62 t/s avg=749.98 t/s 169.306s
1003 01:46:11 ds4-server: chat ctx=0..200001:200001 prefill chunk 129024/200001 (64.5%) chunk=604.55 t/s avg=747.13 t/s 172.694s
1003 01:46:14 ds4-server: chat ctx=0..200001:200001 prefill chunk 131072/200001 (65.5%) chunk=603.51 t/s avg=744.36 t/s 176.087s
1003 01:46:17 ds4-server: chat ctx=0..200001:200001 prefill chunk 133120/200001 (66.6%) chunk=591.80 t/s avg=741.42 t/s 179.548s
1003 01:46:21 ds4-server: chat ctx=0..200001:200001 prefill chunk 135168/200001 (67.6%) chunk=590.55 t/s avg=738.56 t/s 183.016s
1003 01:46:24 ds4-server: chat ctx=0..200001:200001 prefill chunk 137216/200001 (68.6%) chunk=587.09 t/s avg=735.73 t/s 186.504s
1003 01:46:28 ds4-server: chat ctx=0..200001:200001 prefill chunk 139264/200001 (69.6%) chunk=585.44 t/s avg=732.96 t/s 190.003s
1003 01:46:31 ds4-server: chat ctx=0..200001:200001 prefill chunk 141312/200001 (70.7%) chunk=578.44 t/s avg=730.13 t/s 193.543s
1003 01:46:35 ds4-server: chat ctx=0..200001:200001 prefill chunk 143360/200001 (71.7%) chunk=577.84 t/s avg=727.39 t/s 197.087s
1003 01:46:39 ds4-server: chat ctx=0..200001:200001 prefill chunk 145408/200001 (72.7%) chunk=573.80 t/s avg=724.66 t/s 200.657s
1003 01:46:42 ds4-server: chat ctx=0..200001:200001 prefill chunk 147456/200001 (73.7%) chunk=571.48 t/s avg=721.97 t/s 204.240s
1003 01:46:46 ds4-server: chat ctx=0..200001:200001 prefill chunk 149504/200001 (74.8%) chunk=565.16 t/s avg=719.24 t/s 207.864s
1003 01:46:49 ds4-server: chat ctx=0..200001:200001 prefill chunk 151552/200001 (75.8%) chunk=564.40 t/s avg=716.58 t/s 211.493s
1003 01:46:53 ds4-server: chat ctx=0..200001:200001 prefill chunk 153600/200001 (76.8%) chunk=560.28 t/s avg=713.93 t/s 215.148s
1003 01:46:57 ds4-server: chat ctx=0..200001:200001 prefill chunk 155648/200001 (77.8%) chunk=559.91 t/s avg=711.35 t/s 218.806s
1003 01:47:00 ds4-server: chat ctx=0..200001:200001 prefill chunk 157696/200001 (78.8%) chunk=553.18 t/s avg=708.72 t/s 222.508s
1003 01:47:04 ds4-server: chat ctx=0..200001:200001 prefill chunk 159744/200001 (79.9%) chunk=552.19 t/s avg=706.15 t/s 226.217s
1003 01:47:08 ds4-server: chat ctx=0..200001:200001 prefill chunk 161792/200001 (80.9%) chunk=547.70 t/s avg=703.58 t/s 229.956s
1003 01:47:12 ds4-server: chat ctx=0..200001:200001 prefill chunk 163840/200001 (81.9%) chunk=546.61 t/s avg=701.06 t/s 233.703s
1003 01:47:15 ds4-server: chat ctx=0..200001:200001 prefill chunk 165888/200001 (82.9%) chunk=540.60 t/s avg=698.50 t/s 237.491s
1003 01:47:19 ds4-server: chat ctx=0..200001:200001 prefill chunk 167936/200001 (84.0%) chunk=539.56 t/s avg=696.00 t/s 241.287s
1003 01:47:23 ds4-server: chat ctx=0..200001:200001 prefill chunk 169984/200001 (85.0%) chunk=536.36 t/s avg=693.51 t/s 245.105s
1003 01:47:27 ds4-server: chat ctx=0..200001:200001 prefill chunk 172032/200001 (86.0%) chunk=535.19 t/s avg=691.08 t/s 248.932s
1003 01:47:31 ds4-server: chat ctx=0..200001:200001 prefill chunk 174080/200001 (87.0%) chunk=529.92 t/s avg=688.62 t/s 252.797s
1003 01:47:35 ds4-server: chat ctx=0..200001:200001 prefill chunk 176128/200001 (88.1%) chunk=528.25 t/s avg=686.19 t/s 256.674s
1003 01:47:38 ds4-server: chat ctx=0..200001:200001 prefill chunk 178176/200001 (89.1%) chunk=524.79 t/s avg=683.78 t/s 260.576s
1003 01:47:42 ds4-server: chat ctx=0..200001:200001 prefill chunk 180224/200001 (90.1%) chunk=523.58 t/s avg=681.41 t/s 264.488s
1003 01:47:46 ds4-server: chat ctx=0..200001:200001 prefill chunk 182272/200001 (91.1%) chunk=518.14 t/s avg=679.00 t/s 268.440s
1003 01:47:50 ds4-server: chat ctx=0..200001:200001 prefill chunk 184320/200001 (92.2%) chunk=516.94 t/s avg=676.65 t/s 272.402s
1003 01:47:54 ds4-server: chat ctx=0..200001:200001 prefill chunk 186368/200001 (93.2%) chunk=514.30 t/s avg=674.31 t/s 276.384s
1003 01:47:58 ds4-server: chat ctx=0..200001:200001 prefill chunk 188416/200001 (94.2%) chunk=512.91 t/s avg=672.01 t/s 280.377s
1003 01:48:02 ds4-server: chat ctx=0..200001:200001 prefill chunk 190464/200001 (95.2%) chunk=507.51 t/s avg=669.68 t/s 284.412s
1003 01:48:06 ds4-server: chat ctx=0..200001:200001 prefill chunk 192512/200001 (96.3%) chunk=506.74 t/s avg=667.39 t/s 288.454s
1003 01:48:10 ds4-server: chat ctx=0..200001:200001 prefill chunk 194560/200001 (97.3%) chunk=502.47 t/s avg=665.09 t/s 292.530s
1003 01:48:14 ds4-server: chat ctx=0..200001:200001 prefill chunk 196608/200001 (98.3%) chunk=502.39 t/s avg=662.86 t/s 296.606s
1003 01:48:19 ds4-server: chat ctx=0..200001:200001 prefill chunk 198656/200001 (99.3%) chunk=496.07 t/s avg=660.57 t/s 300.735s
1003 01:48:23 ds4-server: chat ctx=0..200001:200001 prefill chunk 200001/200001 (100.0%) chunk=342.72 t/s avg=656.47 t/s 304.659s
1003 01:48:23 ds4-server: chat ctx=0..200001:200001 prompt done 304.660s
1003 01:48:23 ds4-server: chat ctx=200001..200019:18 gen=18 decoding chunk=36.64 t/s avg=36.64 t/s 0.491s
1003 01:48:23 ds4-server: chat ctx=0..200001:200001 gen=18 finish=stop 305.151s
1003 01:48:23 ds4-server: chat ctx=200019..203949:3930 prompt start
1003 01:48:23 ds4-server: chat ctx=200019..203949:3930 prefill chunk 0/3930 (0.0%) chunk=0.00 t/s avg=0.00 t/s 0.000s
1003 01:48:25 ds4-server: chat ctx=200019..203949:3930 prefill chunk 685/3930 (17.4%) chunk=305.12 t/s avg=305.10 t/s 2.245s
1003 01:48:29 ds4-server: chat ctx=200019..203949:3930 prefill chunk 2733/3930 (69.5%) chunk=493.50 t/s avg=427.36 t/s 6.395s
1003 01:48:33 ds4-server: chat ctx=200019..203949:3930 prefill chunk 3930/3930 (100.0%) chunk=334.68 t/s avg=394.12 t/s 9.972s
1003 01:48:33 ds4-server: chat ctx=200019..203949:3930 prompt done 9.972s
1003 01:48:34 ds4-server: chat ctx=203949..203999:50 gen=50 decoding chunk=37.09 t/s avg=37.09 t/s 1.348s
1003 01:48:36 ds4-server: chat ctx=203999..204049:50 gen=100 decoding chunk=37.24 t/s avg=37.17 t/s 2.691s
1003 01:48:37 ds4-server: chat ctx=204049..204099:50 gen=150 decoding chunk=37.32 t/s avg=37.22 t/s 4.030s
1003 01:48:38 ds4-server: chat ctx=204099..204128:29 gen=179 decoding chunk=37.24 t/s avg=37.22 t/s 4.809s
1003 01:48:38 ds4-server: chat ctx=200019..203949:3930 gen=179 finish=stop 14.781s
1003 01:48:38 ds4-server: chat ctx=204128..204147:19 prompt start
1003 01:48:38 ds4-server: chat ctx=204128..204147:19 prefill chunk 0/19 (0.0%) chunk=0.00 t/s avg=0.00 t/s 0.000s
1003 01:48:38 ds4-server: chat ctx=204128..204147:19 prefill chunk 19/19 (100.0%) chunk=78.12 t/s avg=78.06 t/s 0.243s
1003 01:48:38 ds4-server: chat ctx=204128..204147:19 prompt done 0.244s
1003 01:48:38 ds4-server: chat ctx=204147..204152:5 gen=5 decoding chunk=36.61 t/s avg=36.61 t/s 0.137s
1003 01:48:38 ds4-server: chat ctx=204128..204147:19 gen=5 finish=stop 0.380s
1003 01:48:43 ds4-server: shutdown requested, draining requests
