<M5_REPO>/.venv/lib/python3.12/site-packages/mlx_lm/server.py:1723: UserWarning: mlx_lm.server is not recommended for production as it only implements basic security checks.
  warnings.warn(
2026-10-02 16:03:24,609 - INFO - Starting httpd at 127.0.0.1 on port 18185...
127.0.0.1 - - [02/Oct/2026 16:03:25] "GET /v1/models HTTP/1.1" 200 -
127.0.0.1 - - [02/Oct/2026 16:03:31] "POST /v1/chat/completions HTTP/1.1" 200 -
2026-10-02 16:03:31,994 - INFO - Prompt Cache: 0 sequences, 0.00 GB
2026-10-02 16:03:31,994 - INFO - - assistant: 0 sequences, 0.00 GB
2026-10-02 16:03:31,994 - INFO - - user: 0 sequences, 0.00 GB
2026-10-02 16:03:31,994 - INFO - - system: 0 sequences, 0.00 GB
2026-10-02 16:03:32,081 - INFO - Prompt processing progress: 0/200020
2026-10-02 16:03:33,391 - INFO - Prompt processing progress: 2048/200020
2026-10-02 16:03:34,562 - INFO - Prompt processing progress: 4096/200020
2026-10-02 16:03:35,752 - INFO - Prompt processing progress: 6144/200020
2026-10-02 16:03:36,965 - INFO - Prompt processing progress: 8192/200020
2026-10-02 16:03:38,196 - INFO - Prompt processing progress: 10240/200020
2026-10-02 16:03:39,449 - INFO - Prompt processing progress: 12288/200020
2026-10-02 16:03:40,723 - INFO - Prompt processing progress: 14336/200020
2026-10-02 16:03:42,019 - INFO - Prompt processing progress: 16384/200020
2026-10-02 16:03:43,331 - INFO - Prompt processing progress: 18432/200020
2026-10-02 16:03:44,667 - INFO - Prompt processing progress: 20480/200020
2026-10-02 16:03:46,021 - INFO - Prompt processing progress: 22528/200020
2026-10-02 16:03:47,394 - INFO - Prompt processing progress: 24576/200020
2026-10-02 16:03:48,789 - INFO - Prompt processing progress: 26624/200020
2026-10-02 16:03:50,205 - INFO - Prompt processing progress: 28672/200020
2026-10-02 16:03:51,641 - INFO - Prompt processing progress: 30720/200020
2026-10-02 16:03:53,095 - INFO - Prompt processing progress: 32768/200020
2026-10-02 16:03:54,568 - INFO - Prompt processing progress: 34816/200020
2026-10-02 16:03:56,068 - INFO - Prompt processing progress: 36864/200020
2026-10-02 16:03:57,589 - INFO - Prompt processing progress: 38912/200020
2026-10-02 16:03:59,129 - INFO - Prompt processing progress: 40960/200020
2026-10-02 16:04:00,690 - INFO - Prompt processing progress: 43008/200020
2026-10-02 16:04:02,270 - INFO - Prompt processing progress: 45056/200020
2026-10-02 16:04:03,869 - INFO - Prompt processing progress: 47104/200020
2026-10-02 16:04:05,493 - INFO - Prompt processing progress: 49152/200020
2026-10-02 16:04:07,130 - INFO - Prompt processing progress: 51200/200020
2026-10-02 16:04:08,790 - INFO - Prompt processing progress: 53248/200020
2026-10-02 16:04:10,471 - INFO - Prompt processing progress: 55296/200020
2026-10-02 16:04:12,177 - INFO - Prompt processing progress: 57344/200020
2026-10-02 16:04:13,901 - INFO - Prompt processing progress: 59392/200020
2026-10-02 16:04:15,646 - INFO - Prompt processing progress: 61440/200020
2026-10-02 16:04:17,413 - INFO - Prompt processing progress: 63488/200020
2026-10-02 16:04:19,199 - INFO - Prompt processing progress: 65536/200020
2026-10-02 16:04:21,004 - INFO - Prompt processing progress: 67584/200020
2026-10-02 16:04:22,828 - INFO - Prompt processing progress: 69632/200020
2026-10-02 16:04:24,674 - INFO - Prompt processing progress: 71680/200020
2026-10-02 16:04:26,541 - INFO - Prompt processing progress: 73728/200020
2026-10-02 16:04:28,428 - INFO - Prompt processing progress: 75776/200020
2026-10-02 16:04:30,336 - INFO - Prompt processing progress: 77824/200020
2026-10-02 16:04:32,270 - INFO - Prompt processing progress: 79872/200020
2026-10-02 16:04:34,214 - INFO - Prompt processing progress: 81920/200020
2026-10-02 16:04:36,184 - INFO - Prompt processing progress: 83968/200020
2026-10-02 16:04:38,179 - INFO - Prompt processing progress: 86016/200020
2026-10-02 16:04:40,188 - INFO - Prompt processing progress: 88064/200020
2026-10-02 16:04:42,218 - INFO - Prompt processing progress: 90112/200020
2026-10-02 16:04:44,275 - INFO - Prompt processing progress: 92160/200020
2026-10-02 16:04:46,367 - INFO - Prompt processing progress: 94208/200020
2026-10-02 16:04:48,459 - INFO - Prompt processing progress: 96256/200020
2026-10-02 16:04:50,575 - INFO - Prompt processing progress: 98304/200020
2026-10-02 16:04:52,708 - INFO - Prompt processing progress: 100352/200020
2026-10-02 16:04:54,862 - INFO - Prompt processing progress: 102400/200020
2026-10-02 16:04:57,033 - INFO - Prompt processing progress: 104448/200020
2026-10-02 16:04:59,224 - INFO - Prompt processing progress: 106496/200020
2026-10-02 16:05:01,449 - INFO - Prompt processing progress: 108544/200020
2026-10-02 16:05:03,685 - INFO - Prompt processing progress: 110592/200020
2026-10-02 16:05:05,942 - INFO - Prompt processing progress: 112640/200020
2026-10-02 16:05:08,233 - INFO - Prompt processing progress: 114688/200020
2026-10-02 16:05:10,525 - INFO - Prompt processing progress: 116736/200020
2026-10-02 16:05:12,839 - INFO - Prompt processing progress: 118784/200020
2026-10-02 16:05:15,179 - INFO - Prompt processing progress: 120832/200020
2026-10-02 16:05:17,542 - INFO - Prompt processing progress: 122880/200020
2026-10-02 16:05:19,923 - INFO - Prompt processing progress: 124928/200020
2026-10-02 16:05:22,325 - INFO - Prompt processing progress: 126976/200020
2026-10-02 16:05:24,747 - INFO - Prompt processing progress: 129024/200020
2026-10-02 16:05:27,192 - INFO - Prompt processing progress: 131072/200020
2026-10-02 16:05:29,650 - INFO - Prompt processing progress: 133120/200020
2026-10-02 16:05:32,143 - INFO - Prompt processing progress: 135168/200020
2026-10-02 16:05:34,632 - INFO - Prompt processing progress: 137216/200020
2026-10-02 16:05:37,164 - INFO - Prompt processing progress: 139264/200020
2026-10-02 16:05:39,710 - INFO - Prompt processing progress: 141312/200020
2026-10-02 16:05:42,286 - INFO - Prompt processing progress: 143360/200020
2026-10-02 16:05:44,857 - INFO - Prompt processing progress: 145408/200020
2026-10-02 16:05:47,509 - INFO - Prompt processing progress: 147456/200020
2026-10-02 16:05:50,133 - INFO - Prompt processing progress: 149504/200020
2026-10-02 16:05:52,787 - INFO - Prompt processing progress: 151552/200020
2026-10-02 16:05:55,452 - INFO - Prompt processing progress: 153600/200020
2026-10-02 16:05:58,153 - INFO - Prompt processing progress: 155648/200020
2026-10-02 16:06:00,860 - INFO - Prompt processing progress: 157696/200020
2026-10-02 16:06:03,598 - INFO - Prompt processing progress: 159744/200020
2026-10-02 16:06:06,345 - INFO - Prompt processing progress: 161792/200020
2026-10-02 16:06:09,097 - INFO - Prompt processing progress: 163840/200020
2026-10-02 16:06:11,889 - INFO - Prompt processing progress: 165888/200020
2026-10-02 16:06:14,703 - INFO - Prompt processing progress: 167936/200020
2026-10-02 16:06:17,529 - INFO - Prompt processing progress: 169984/200020
2026-10-02 16:06:20,375 - INFO - Prompt processing progress: 172032/200020
2026-10-02 16:06:23,259 - INFO - Prompt processing progress: 174080/200020
2026-10-02 16:06:26,167 - INFO - Prompt processing progress: 176128/200020
2026-10-02 16:06:29,080 - INFO - Prompt processing progress: 178176/200020
2026-10-02 16:06:32,015 - INFO - Prompt processing progress: 180224/200020
2026-10-02 16:06:34,982 - INFO - Prompt processing progress: 182272/200020
2026-10-02 16:06:37,947 - INFO - Prompt processing progress: 184320/200020
2026-10-02 16:06:40,943 - INFO - Prompt processing progress: 186368/200020
2026-10-02 16:06:43,962 - INFO - Prompt processing progress: 188416/200020
2026-10-02 16:06:47,068 - INFO - Prompt processing progress: 190464/200020
2026-10-02 16:06:50,136 - INFO - Prompt processing progress: 192512/200020
2026-10-02 16:06:53,216 - INFO - Prompt processing progress: 194560/200020
2026-10-02 16:06:56,306 - INFO - Prompt processing progress: 196608/200020
2026-10-02 16:06:59,413 - INFO - Prompt processing progress: 198656/200020
2026-10-02 16:07:01,828 - INFO - Prompt processing progress: 200019/200020
2026-10-02 16:07:01,941 - INFO - Prompt processing progress: 200020/200020
127.0.0.1 - - [02/Oct/2026 16:07:02] "POST /v1/chat/completions HTTP/1.1" 200 -
2026-10-02 16:07:02,789 - INFO - Prompt Cache: 1 sequences, 13.27 GB
2026-10-02 16:07:02,789 - INFO - - assistant: 1 sequences, 13.27 GB
2026-10-02 16:07:02,789 - INFO - - user: 0 sequences, 0.00 GB
2026-10-02 16:07:02,789 - INFO - - system: 0 sequences, 0.00 GB
2026-10-02 16:07:02,889 - INFO - Prompt processing progress: 0/3645
2026-10-02 16:07:06,207 - INFO - Prompt processing progress: 2048/3645
2026-10-02 16:07:08,936 - INFO - Prompt processing progress: 3644/3645
2026-10-02 16:07:09,042 - INFO - Prompt processing progress: 3645/3645
127.0.0.1 - - [02/Oct/2026 16:07:16] "POST /v1/chat/completions HTTP/1.1" 200 -
2026-10-02 16:07:16,744 - INFO - Prompt Cache: 1 sequences, 13.52 GB
2026-10-02 16:07:16,745 - INFO - - assistant: 1 sequences, 13.52 GB
2026-10-02 16:07:16,745 - INFO - - user: 0 sequences, 0.00 GB
2026-10-02 16:07:16,745 - INFO - - system: 0 sequences, 0.00 GB
2026-10-02 16:07:16,844 - INFO - Prompt processing progress: 0/25
2026-10-02 16:07:17,101 - INFO - Prompt processing progress: 24/25
2026-10-02 16:07:17,210 - INFO - Prompt processing progress: 25/25
