<M5_REPO>/vendor/vlm-runtime/.venv/lib/python3.12/site-packages/mlx_lm/server.py:1723: UserWarning: mlx_lm.server is not recommended for production as it only implements basic security checks.
  warnings.warn(
2026-10-02 02:27:21,794 - INFO - Starting httpd at 127.0.0.1 on port 18185...
127.0.0.1 - - [02/Oct/2026 02:27:22] "GET /v1/models HTTP/1.1" 200 -
[transformers] You are using a model of type `mimo_v2` to instantiate a model of type ``. This may be expected if you are loading a checkpoint that shares a subset of the architecture (e.g., loading a `sam2_video` checkpoint into `Sam2Model`), but is otherwise not supported and can yield errors. Please verify that the checkpoint is compatible with the model you are instantiating.
127.0.0.1 - - [02/Oct/2026 02:27:32] "POST /v1/chat/completions HTTP/1.1" 200 -
2026-10-02 02:27:32,876 - INFO - Prompt Cache: 0 sequences, 0.00 GB
2026-10-02 02:27:32,876 - INFO - - assistant: 0 sequences, 0.00 GB
2026-10-02 02:27:32,876 - INFO - - user: 0 sequences, 0.00 GB
2026-10-02 02:27:32,876 - INFO - - system: 0 sequences, 0.00 GB
2026-10-02 02:27:32,923 - INFO - Prompt processing progress: 0/200008
2026-10-02 02:27:37,644 - INFO - Prompt processing progress: 2048/200008
2026-10-02 02:27:38,808 - INFO - Prompt processing progress: 4096/200008
2026-10-02 02:27:40,017 - INFO - Prompt processing progress: 6144/200008
2026-10-02 02:27:41,267 - INFO - Prompt processing progress: 8192/200008
2026-10-02 02:27:42,572 - INFO - Prompt processing progress: 10240/200008
2026-10-02 02:27:43,918 - INFO - Prompt processing progress: 12288/200008
2026-10-02 02:27:45,317 - INFO - Prompt processing progress: 14336/200008
2026-10-02 02:27:46,754 - INFO - Prompt processing progress: 16384/200008
2026-10-02 02:27:48,242 - INFO - Prompt processing progress: 18432/200008
2026-10-02 02:27:49,777 - INFO - Prompt processing progress: 20480/200008
2026-10-02 02:27:51,363 - INFO - Prompt processing progress: 22528/200008
2026-10-02 02:27:52,993 - INFO - Prompt processing progress: 24576/200008
2026-10-02 02:27:54,662 - INFO - Prompt processing progress: 26624/200008
2026-10-02 02:27:56,383 - INFO - Prompt processing progress: 28672/200008
2026-10-02 02:27:58,143 - INFO - Prompt processing progress: 30720/200008
2026-10-02 02:27:59,957 - INFO - Prompt processing progress: 32768/200008
2026-10-02 02:28:01,820 - INFO - Prompt processing progress: 34816/200008
2026-10-02 02:28:03,736 - INFO - Prompt processing progress: 36864/200008
2026-10-02 02:28:05,695 - INFO - Prompt processing progress: 38912/200008
2026-10-02 02:28:07,707 - INFO - Prompt processing progress: 40960/200008
2026-10-02 02:28:09,772 - INFO - Prompt processing progress: 43008/200008
2026-10-02 02:28:11,894 - INFO - Prompt processing progress: 45056/200008
2026-10-02 02:28:14,080 - INFO - Prompt processing progress: 47104/200008
2026-10-02 02:28:16,309 - INFO - Prompt processing progress: 49152/200008
2026-10-02 02:28:18,594 - INFO - Prompt processing progress: 51200/200008
2026-10-02 02:28:20,942 - INFO - Prompt processing progress: 53248/200008
2026-10-02 02:28:23,340 - INFO - Prompt processing progress: 55296/200008
2026-10-02 02:28:25,793 - INFO - Prompt processing progress: 57344/200008
2026-10-02 02:28:28,318 - INFO - Prompt processing progress: 59392/200008
2026-10-02 02:28:30,905 - INFO - Prompt processing progress: 61440/200008
2026-10-02 02:28:33,550 - INFO - Prompt processing progress: 63488/200008
2026-10-02 02:28:36,243 - INFO - Prompt processing progress: 65536/200008
2026-10-02 02:28:38,999 - INFO - Prompt processing progress: 67584/200008
2026-10-02 02:28:41,824 - INFO - Prompt processing progress: 69632/200008
2026-10-02 02:28:44,693 - INFO - Prompt processing progress: 71680/200008
2026-10-02 02:28:47,612 - INFO - Prompt processing progress: 73728/200008
2026-10-02 02:28:50,575 - INFO - Prompt processing progress: 75776/200008
2026-10-02 02:28:53,612 - INFO - Prompt processing progress: 77824/200008
2026-10-02 02:28:56,692 - INFO - Prompt processing progress: 79872/200008
2026-10-02 02:28:59,795 - INFO - Prompt processing progress: 81920/200008
2026-10-02 02:29:02,961 - INFO - Prompt processing progress: 83968/200008
2026-10-02 02:29:06,184 - INFO - Prompt processing progress: 86016/200008
2026-10-02 02:29:09,449 - INFO - Prompt processing progress: 88064/200008
2026-10-02 02:29:12,781 - INFO - Prompt processing progress: 90112/200008
2026-10-02 02:29:16,171 - INFO - Prompt processing progress: 92160/200008
2026-10-02 02:29:19,591 - INFO - Prompt processing progress: 94208/200008
2026-10-02 02:29:23,081 - INFO - Prompt processing progress: 96256/200008
2026-10-02 02:29:26,627 - INFO - Prompt processing progress: 98304/200008
2026-10-02 02:29:30,231 - INFO - Prompt processing progress: 100352/200008
2026-10-02 02:29:33,868 - INFO - Prompt processing progress: 102400/200008
2026-10-02 02:29:37,568 - INFO - Prompt processing progress: 104448/200008
2026-10-02 02:29:41,325 - INFO - Prompt processing progress: 106496/200008
2026-10-02 02:29:45,124 - INFO - Prompt processing progress: 108544/200008
2026-10-02 02:29:48,984 - INFO - Prompt processing progress: 110592/200008
2026-10-02 02:29:52,936 - INFO - Prompt processing progress: 112640/200008
2026-10-02 02:29:56,897 - INFO - Prompt processing progress: 114688/200008
2026-10-02 02:30:00,911 - INFO - Prompt processing progress: 116736/200008
2026-10-02 02:30:04,981 - INFO - Prompt processing progress: 118784/200008
2026-10-02 02:30:09,095 - INFO - Prompt processing progress: 120832/200008
2026-10-02 02:30:13,303 - INFO - Prompt processing progress: 122880/200008
2026-10-02 02:30:17,537 - INFO - Prompt processing progress: 124928/200008
2026-10-02 02:30:21,813 - INFO - Prompt processing progress: 126976/200008
2026-10-02 02:30:26,145 - INFO - Prompt processing progress: 129024/200008
2026-10-02 02:30:30,524 - INFO - Prompt processing progress: 131072/200008
2026-10-02 02:30:34,967 - INFO - Prompt processing progress: 133120/200008
2026-10-02 02:30:39,460 - INFO - Prompt processing progress: 135168/200008
2026-10-02 02:30:44,021 - INFO - Prompt processing progress: 137216/200008
2026-10-02 02:30:48,676 - INFO - Prompt processing progress: 139264/200008
2026-10-02 02:30:53,330 - INFO - Prompt processing progress: 141312/200008
2026-10-02 02:30:58,038 - INFO - Prompt processing progress: 143360/200008
2026-10-02 02:31:02,806 - INFO - Prompt processing progress: 145408/200008
2026-10-02 02:31:07,638 - INFO - Prompt processing progress: 147456/200008
2026-10-02 02:31:12,510 - INFO - Prompt processing progress: 149504/200008
2026-10-02 02:31:17,437 - INFO - Prompt processing progress: 151552/200008
2026-10-02 02:31:22,421 - INFO - Prompt processing progress: 153600/200008
2026-10-02 02:31:27,483 - INFO - Prompt processing progress: 155648/200008
2026-10-02 02:31:32,579 - INFO - Prompt processing progress: 157696/200008
2026-10-02 02:31:37,703 - INFO - Prompt processing progress: 159744/200008
2026-10-02 02:31:42,923 - INFO - Prompt processing progress: 161792/200008
2026-10-02 02:31:48,191 - INFO - Prompt processing progress: 163840/200008
2026-10-02 02:31:53,515 - INFO - Prompt processing progress: 165888/200008
2026-10-02 02:31:58,970 - INFO - Prompt processing progress: 167936/200008
2026-10-02 02:32:04,522 - INFO - Prompt processing progress: 169984/200008
2026-10-02 02:32:10,118 - INFO - Prompt processing progress: 172032/200008
2026-10-02 02:32:15,876 - INFO - Prompt processing progress: 174080/200008
2026-10-02 02:32:21,622 - INFO - Prompt processing progress: 176128/200008
2026-10-02 02:32:27,453 - INFO - Prompt processing progress: 178176/200008
2026-10-02 02:32:33,304 - INFO - Prompt processing progress: 180224/200008
2026-10-02 02:32:39,219 - INFO - Prompt processing progress: 182272/200008
2026-10-02 02:32:45,193 - INFO - Prompt processing progress: 184320/200008
2026-10-02 02:32:51,282 - INFO - Prompt processing progress: 186368/200008
2026-10-02 02:32:57,331 - INFO - Prompt processing progress: 188416/200008
2026-10-02 02:33:03,427 - INFO - Prompt processing progress: 190464/200008
2026-10-02 02:33:17,643 - INFO - Prompt processing progress: 192512/200008
2026-10-02 02:33:33,052 - INFO - Prompt processing progress: 194560/200008
2026-10-02 02:33:47,405 - INFO - Prompt processing progress: 196608/200008
2026-10-02 02:34:01,730 - INFO - Prompt processing progress: 198656/200008
2026-10-02 02:34:06,322 - INFO - Prompt processing progress: 200007/200008
2026-10-02 02:34:06,464 - INFO - Prompt processing progress: 200008/200008
127.0.0.1 - - [02/Oct/2026 02:34:07] "POST /v1/chat/completions HTTP/1.1" 200 -
2026-10-02 02:34:07,140 - INFO - Prompt Cache: 1 sequences, 4.64 GB
2026-10-02 02:34:07,140 - INFO - - assistant: 1 sequences, 4.64 GB
2026-10-02 02:34:07,140 - INFO - - user: 0 sequences, 0.00 GB
2026-10-02 02:34:07,140 - INFO - - system: 0 sequences, 0.00 GB
2026-10-02 02:34:07,198 - INFO - Prompt processing progress: 0/3646
2026-10-02 02:34:22,785 - INFO - Prompt processing progress: 2048/3646
2026-10-02 02:34:27,955 - INFO - Prompt processing progress: 3645/3646
2026-10-02 02:34:28,117 - INFO - Prompt processing progress: 3646/3646
127.0.0.1 - - [02/Oct/2026 02:34:28] "POST /v1/chat/completions HTTP/1.1" 200 -
2026-10-02 02:34:28,739 - INFO - Prompt Cache: 1 sequences, 4.72 GB
2026-10-02 02:34:28,739 - INFO - - assistant: 1 sequences, 4.72 GB
2026-10-02 02:34:28,739 - INFO - - user: 0 sequences, 0.00 GB
2026-10-02 02:34:28,739 - INFO - - system: 0 sequences, 0.00 GB
2026-10-02 02:34:28,798 - INFO - Prompt processing progress: 0/3513
2026-10-02 02:34:44,780 - INFO - Prompt processing progress: 2048/3513
2026-10-02 02:34:49,846 - INFO - Prompt processing progress: 3512/3513
2026-10-02 02:34:50,004 - INFO - Prompt processing progress: 3513/3513
127.0.0.1 - - [02/Oct/2026 02:34:50] "POST /v1/chat/completions HTTP/1.1" 200 -
2026-10-02 02:34:50,633 - INFO - Prompt Cache: 1 sequences, 4.80 GB
2026-10-02 02:34:50,633 - INFO - - assistant: 1 sequences, 4.80 GB
2026-10-02 02:34:50,633 - INFO - - user: 0 sequences, 0.00 GB
2026-10-02 02:34:50,633 - INFO - - system: 0 sequences, 0.00 GB
2026-10-02 02:34:50,691 - INFO - Prompt processing progress: 0/2972
2026-10-02 02:35:08,211 - INFO - Prompt processing progress: 2048/2972
2026-10-02 02:35:11,505 - INFO - Prompt processing progress: 2971/2972
2026-10-02 02:35:11,625 - INFO - Prompt processing progress: 2972/2972
127.0.0.1 - - [02/Oct/2026 02:35:12] "POST /v1/chat/completions HTTP/1.1" 200 -
2026-10-02 02:35:12,279 - INFO - Prompt Cache: 1 sequences, 4.87 GB
2026-10-02 02:35:12,279 - INFO - - assistant: 1 sequences, 4.87 GB
2026-10-02 02:35:12,279 - INFO - - user: 0 sequences, 0.00 GB
2026-10-02 02:35:12,279 - INFO - - system: 0 sequences, 0.00 GB
2026-10-02 02:35:12,338 - INFO - Prompt processing progress: 0/819
2026-10-02 02:35:15,237 - INFO - Prompt processing progress: 818/819
2026-10-02 02:35:15,357 - INFO - Prompt processing progress: 819/819
127.0.0.1 - - [02/Oct/2026 02:35:16] "POST /v1/chat/completions HTTP/1.1" 200 -
2026-10-02 02:35:16,035 - INFO - Prompt Cache: 1 sequences, 4.89 GB
2026-10-02 02:35:16,035 - INFO - - assistant: 1 sequences, 4.89 GB
2026-10-02 02:35:16,035 - INFO - - user: 0 sequences, 0.00 GB
2026-10-02 02:35:16,035 - INFO - - system: 0 sequences, 0.00 GB
2026-10-02 02:35:16,094 - INFO - Prompt processing progress: 0/2071
2026-10-02 02:35:33,139 - INFO - Prompt processing progress: 2048/2071
2026-10-02 02:35:33,425 - INFO - Prompt processing progress: 2070/2071
2026-10-02 02:35:33,492 - INFO - Prompt processing progress: 2071/2071
127.0.0.1 - - [02/Oct/2026 02:35:34] "POST /v1/chat/completions HTTP/1.1" 200 -
2026-10-02 02:35:34,233 - INFO - Prompt Cache: 1 sequences, 4.94 GB
2026-10-02 02:35:34,233 - INFO - - assistant: 1 sequences, 4.94 GB
2026-10-02 02:35:34,233 - INFO - - user: 0 sequences, 0.00 GB
2026-10-02 02:35:34,233 - INFO - - system: 0 sequences, 0.00 GB
2026-10-02 02:35:34,292 - INFO - Prompt processing progress: 0/1778
2026-10-02 02:35:45,358 - INFO - Prompt processing progress: 1777/1778
2026-10-02 02:35:45,414 - INFO - Prompt processing progress: 1778/1778
127.0.0.1 - - [02/Oct/2026 02:35:46] "POST /v1/chat/completions HTTP/1.1" 200 -
2026-10-02 02:35:46,204 - INFO - Prompt Cache: 1 sequences, 4.98 GB
2026-10-02 02:35:46,204 - INFO - - assistant: 1 sequences, 4.98 GB
2026-10-02 02:35:46,204 - INFO - - user: 0 sequences, 0.00 GB
2026-10-02 02:35:46,204 - INFO - - system: 0 sequences, 0.00 GB
2026-10-02 02:35:46,261 - INFO - Prompt processing progress: 0/6840
2026-10-02 02:36:01,762 - INFO - Prompt processing progress: 2048/6840
2026-10-02 02:36:17,435 - INFO - Prompt processing progress: 4096/6840
2026-10-02 02:36:33,198 - INFO - Prompt processing progress: 6144/6840
2026-10-02 02:36:35,666 - INFO - Prompt processing progress: 6839/6840
2026-10-02 02:36:35,763 - INFO - Prompt processing progress: 6840/6840
