{
  "success": true,
  "run_id": "3ca16bb3-460d-42ee-87ef-861ab127d3e9",
  "context": {
    "requested_tokens": 65536,
    "observed_tokens": 262144,
    "observed_reason": "reported",
    "full_benchmark_tokens": 65536,
    "reduced": false
  },
  "attached_server": null,
  "qualification": null,
  "qualification_passed": null,
  "power": null,
  "artifacts": {
    "turns": "<M5_REPO>/results/u20261002-qwen38q4-aa-mini/raw/turns.jsonl",
    "tasks": "<M5_REPO>/results/u20261002-qwen38q4-aa-mini/raw/tasks.json",
    "tools": "<M5_REPO>/results/u20261002-qwen38q4-aa-mini/raw/tools.json",
    "failures": "<M5_REPO>/results/u20261002-qwen38q4-aa-mini/raw/failures.json",
    "summary": "<M5_REPO>/results/u20261002-qwen38q4-aa-mini/raw/summary.json"
  }
}
