<M5_REPO>/vendor/vlm-runtime/.venv/lib/python3.12/site-packages/mlx_lm/server.py:1723: UserWarning: mlx_lm.server is not recommended for production as it only implements basic security checks.
  warnings.warn(
2026-10-04 14:48:20,834 - INFO - Starting httpd at 127.0.0.1 on port 18185...
127.0.0.1 - - [04/Oct/2026 14:48:20] "GET /v1/models HTTP/1.1" 200 -
[transformers] You are using a model of type `mimo_v2` to instantiate a model of type ``. This may be expected if you are loading a checkpoint that shares a subset of the architecture (e.g., loading a `sam2_video` checkpoint into `Sam2Model`), but is otherwise not supported and can yield errors. Please verify that the checkpoint is compatible with the model you are instantiating.
127.0.0.1 - - [04/Oct/2026 14:48:34] "POST /v1/chat/completions HTTP/1.1" 200 -
2026-10-04 14:48:34,334 - INFO - Prompt Cache: 0 sequences, 0.00 GB
2026-10-04 14:48:34,334 - INFO - - assistant: 0 sequences, 0.00 GB
2026-10-04 14:48:34,335 - INFO - - user: 0 sequences, 0.00 GB
2026-10-04 14:48:34,335 - INFO - - system: 0 sequences, 0.00 GB
2026-10-04 14:48:34,384 - INFO - Prompt processing progress: 0/200009
2026-10-04 14:48:40,887 - INFO - Prompt processing progress: 2048/200009
2026-10-04 14:48:42,056 - INFO - Prompt processing progress: 4096/200009
2026-10-04 14:48:43,266 - INFO - Prompt processing progress: 6144/200009
2026-10-04 14:48:44,519 - INFO - Prompt processing progress: 8192/200009
2026-10-04 14:48:45,830 - INFO - Prompt processing progress: 10240/200009
2026-10-04 14:48:47,191 - INFO - Prompt processing progress: 12288/200009
2026-10-04 14:48:48,591 - INFO - Prompt processing progress: 14336/200009
2026-10-04 14:48:50,036 - INFO - Prompt processing progress: 16384/200009
2026-10-04 14:48:51,541 - INFO - Prompt processing progress: 18432/200009
2026-10-04 14:48:53,080 - INFO - Prompt processing progress: 20480/200009
2026-10-04 14:48:54,672 - INFO - Prompt processing progress: 22528/200009
2026-10-04 14:48:56,315 - INFO - Prompt processing progress: 24576/200009
2026-10-04 14:48:57,994 - INFO - Prompt processing progress: 26624/200009
2026-10-04 14:48:59,723 - INFO - Prompt processing progress: 28672/200009
2026-10-04 14:49:01,503 - INFO - Prompt processing progress: 30720/200009
2026-10-04 14:49:03,328 - INFO - Prompt processing progress: 32768/200009
2026-10-04 14:49:05,194 - INFO - Prompt processing progress: 34816/200009
2026-10-04 14:49:07,117 - INFO - Prompt processing progress: 36864/200009
2026-10-04 14:49:09,097 - INFO - Prompt processing progress: 38912/200009
2026-10-04 14:49:11,126 - INFO - Prompt processing progress: 40960/200009
2026-10-04 14:49:13,209 - INFO - Prompt processing progress: 43008/200009
2026-10-04 14:49:15,360 - INFO - Prompt processing progress: 45056/200009
2026-10-04 14:49:17,570 - INFO - Prompt processing progress: 47104/200009
2026-10-04 14:49:19,823 - INFO - Prompt processing progress: 49152/200009
2026-10-04 14:49:22,160 - INFO - Prompt processing progress: 51200/200009
2026-10-04 14:49:24,557 - INFO - Prompt processing progress: 53248/200009
2026-10-04 14:49:27,000 - INFO - Prompt processing progress: 55296/200009
2026-10-04 14:49:29,526 - INFO - Prompt processing progress: 57344/200009
2026-10-04 14:49:32,118 - INFO - Prompt processing progress: 59392/200009
2026-10-04 14:49:34,782 - INFO - Prompt processing progress: 61440/200009
2026-10-04 14:49:37,493 - INFO - Prompt processing progress: 63488/200009
2026-10-04 14:49:40,274 - INFO - Prompt processing progress: 65536/200009
2026-10-04 14:49:43,091 - INFO - Prompt processing progress: 67584/200009
2026-10-04 14:49:45,998 - INFO - Prompt processing progress: 69632/200009
2026-10-04 14:49:48,953 - INFO - Prompt processing progress: 71680/200009
2026-10-04 14:49:51,961 - INFO - Prompt processing progress: 73728/200009
2026-10-04 14:49:55,012 - INFO - Prompt processing progress: 75776/200009
2026-10-04 14:49:58,132 - INFO - Prompt processing progress: 77824/200009
2026-10-04 14:50:01,290 - INFO - Prompt processing progress: 79872/200009
2026-10-04 14:50:04,505 - INFO - Prompt processing progress: 81920/200009
2026-10-04 14:50:07,771 - INFO - Prompt processing progress: 83968/200009
2026-10-04 14:50:11,084 - INFO - Prompt processing progress: 86016/200009
2026-10-04 14:50:14,437 - INFO - Prompt processing progress: 88064/200009
2026-10-04 14:50:17,831 - INFO - Prompt processing progress: 90112/200009
2026-10-04 14:50:21,330 - INFO - Prompt processing progress: 92160/200009
2026-10-04 14:50:24,839 - INFO - Prompt processing progress: 94208/200009
2026-10-04 14:50:28,402 - INFO - Prompt processing progress: 96256/200009
2026-10-04 14:50:32,024 - INFO - Prompt processing progress: 98304/200009
2026-10-04 14:50:35,702 - INFO - Prompt processing progress: 100352/200009
2026-10-04 14:50:39,432 - INFO - Prompt processing progress: 102400/200009
2026-10-04 14:50:43,232 - INFO - Prompt processing progress: 104448/200009
2026-10-04 14:50:47,087 - INFO - Prompt processing progress: 106496/200009
2026-10-04 14:50:50,982 - INFO - Prompt processing progress: 108544/200009
2026-10-04 14:50:54,938 - INFO - Prompt processing progress: 110592/200009
2026-10-04 14:50:58,933 - INFO - Prompt processing progress: 112640/200009
2026-10-04 14:51:02,996 - INFO - Prompt processing progress: 114688/200009
2026-10-04 14:51:07,128 - INFO - Prompt processing progress: 116736/200009
2026-10-04 14:51:11,308 - INFO - Prompt processing progress: 118784/200009
2026-10-04 14:51:15,542 - INFO - Prompt processing progress: 120832/200009
2026-10-04 14:51:19,862 - INFO - Prompt processing progress: 122880/200009
2026-10-04 14:51:24,224 - INFO - Prompt processing progress: 124928/200009
2026-10-04 14:51:28,601 - INFO - Prompt processing progress: 126976/200009
2026-10-04 14:51:33,017 - INFO - Prompt processing progress: 129024/200009
2026-10-04 14:51:37,493 - INFO - Prompt processing progress: 131072/200009
2026-10-04 14:51:42,046 - INFO - Prompt processing progress: 133120/200009
2026-10-04 14:51:46,618 - INFO - Prompt processing progress: 135168/200009
2026-10-04 14:51:51,268 - INFO - Prompt processing progress: 137216/200009
2026-10-04 14:51:56,001 - INFO - Prompt processing progress: 139264/200009
2026-10-04 14:52:00,764 - INFO - Prompt processing progress: 141312/200009
2026-10-04 14:52:05,607 - INFO - Prompt processing progress: 143360/200009
2026-10-04 14:52:10,498 - INFO - Prompt processing progress: 145408/200009
2026-10-04 14:52:15,441 - INFO - Prompt processing progress: 147456/200009
2026-10-04 14:52:20,389 - INFO - Prompt processing progress: 149504/200009
2026-10-04 14:52:25,409 - INFO - Prompt processing progress: 151552/200009
2026-10-04 14:52:30,488 - INFO - Prompt processing progress: 153600/200009
2026-10-04 14:52:35,681 - INFO - Prompt processing progress: 155648/200009
2026-10-04 14:52:40,897 - INFO - Prompt processing progress: 157696/200009
2026-10-04 14:52:46,139 - INFO - Prompt processing progress: 159744/200009
2026-10-04 14:52:51,476 - INFO - Prompt processing progress: 161792/200009
2026-10-04 14:52:56,878 - INFO - Prompt processing progress: 163840/200009
2026-10-04 14:53:02,325 - INFO - Prompt processing progress: 165888/200009
2026-10-04 14:53:07,828 - INFO - Prompt processing progress: 167936/200009
2026-10-04 14:53:13,377 - INFO - Prompt processing progress: 169984/200009
2026-10-04 14:53:18,933 - INFO - Prompt processing progress: 172032/200009
2026-10-04 14:53:24,618 - INFO - Prompt processing progress: 174080/200009
2026-10-04 14:53:30,329 - INFO - Prompt processing progress: 176128/200009
2026-10-04 14:53:36,107 - INFO - Prompt processing progress: 178176/200009
2026-10-04 14:53:41,901 - INFO - Prompt processing progress: 180224/200009
2026-10-04 14:53:47,794 - INFO - Prompt processing progress: 182272/200009
2026-10-04 14:53:53,740 - INFO - Prompt processing progress: 184320/200009
2026-10-04 14:53:59,733 - INFO - Prompt processing progress: 186368/200009
2026-10-04 14:54:05,759 - INFO - Prompt processing progress: 188416/200009
2026-10-04 14:54:11,819 - INFO - Prompt processing progress: 190464/200009
2026-10-04 14:54:26,389 - INFO - Prompt processing progress: 192512/200009
2026-10-04 14:54:42,562 - INFO - Prompt processing progress: 194560/200009
2026-10-04 14:54:59,043 - INFO - Prompt processing progress: 196608/200009
2026-10-04 14:55:15,056 - INFO - Prompt processing progress: 198656/200009
2026-10-04 14:55:19,367 - INFO - Prompt processing progress: 200008/200009
2026-10-04 14:55:19,515 - INFO - Prompt processing progress: 200009/200009
127.0.0.1 - - [04/Oct/2026 14:55:20] "POST /v1/chat/completions HTTP/1.1" 200 -
2026-10-04 14:55:20,170 - INFO - Prompt Cache: 1 sequences, 4.64 GB
2026-10-04 14:55:20,170 - INFO - - assistant: 1 sequences, 4.64 GB
2026-10-04 14:55:20,170 - INFO - - user: 0 sequences, 0.00 GB
2026-10-04 14:55:20,170 - INFO - - system: 0 sequences, 0.00 GB
2026-10-04 14:55:20,229 - INFO - Prompt processing progress: 0/3646
2026-10-04 14:55:35,154 - INFO - Prompt processing progress: 2048/3646
2026-10-04 14:55:40,536 - INFO - Prompt processing progress: 3645/3646
2026-10-04 14:55:40,691 - INFO - Prompt processing progress: 3646/3646
127.0.0.1 - - [04/Oct/2026 14:55:41] "POST /v1/chat/completions HTTP/1.1" 200 -
2026-10-04 14:55:41,296 - INFO - Prompt Cache: 1 sequences, 4.72 GB
2026-10-04 14:55:41,296 - INFO - - assistant: 1 sequences, 4.72 GB
2026-10-04 14:55:41,296 - INFO - - user: 0 sequences, 0.00 GB
2026-10-04 14:55:41,296 - INFO - - system: 0 sequences, 0.00 GB
2026-10-04 14:55:41,352 - INFO - Prompt processing progress: 0/3513
2026-10-04 14:55:56,611 - INFO - Prompt processing progress: 2048/3513
2026-10-04 14:56:01,362 - INFO - Prompt processing progress: 3512/3513
2026-10-04 14:56:01,514 - INFO - Prompt processing progress: 3513/3513
127.0.0.1 - - [04/Oct/2026 14:56:02] "POST /v1/chat/completions HTTP/1.1" 200 -
2026-10-04 14:56:02,128 - INFO - Prompt Cache: 1 sequences, 4.80 GB
2026-10-04 14:56:02,129 - INFO - - assistant: 1 sequences, 4.80 GB
2026-10-04 14:56:02,129 - INFO - - user: 0 sequences, 0.00 GB
2026-10-04 14:56:02,129 - INFO - - system: 0 sequences, 0.00 GB
2026-10-04 14:56:02,186 - INFO - Prompt processing progress: 0/2972
2026-10-04 14:56:18,066 - INFO - Prompt processing progress: 2048/2972
2026-10-04 14:56:21,327 - INFO - Prompt processing progress: 2971/2972
2026-10-04 14:56:21,452 - INFO - Prompt processing progress: 2972/2972
127.0.0.1 - - [04/Oct/2026 14:56:22] "POST /v1/chat/completions HTTP/1.1" 200 -
2026-10-04 14:56:22,099 - INFO - Prompt Cache: 1 sequences, 4.87 GB
2026-10-04 14:56:22,099 - INFO - - assistant: 1 sequences, 4.87 GB
2026-10-04 14:56:22,099 - INFO - - user: 0 sequences, 0.00 GB
2026-10-04 14:56:22,099 - INFO - - system: 0 sequences, 0.00 GB
2026-10-04 14:56:22,158 - INFO - Prompt processing progress: 0/819
2026-10-04 14:56:24,899 - INFO - Prompt processing progress: 818/819
2026-10-04 14:56:25,022 - INFO - Prompt processing progress: 819/819
127.0.0.1 - - [04/Oct/2026 14:56:25] "POST /v1/chat/completions HTTP/1.1" 200 -
2026-10-04 14:56:25,689 - INFO - Prompt Cache: 1 sequences, 4.89 GB
2026-10-04 14:56:25,689 - INFO - - assistant: 1 sequences, 4.89 GB
2026-10-04 14:56:25,689 - INFO - - user: 0 sequences, 0.00 GB
2026-10-04 14:56:25,689 - INFO - - system: 0 sequences, 0.00 GB
2026-10-04 14:56:25,747 - INFO - Prompt processing progress: 0/2071
2026-10-04 14:56:42,615 - INFO - Prompt processing progress: 2048/2071
2026-10-04 14:56:42,913 - INFO - Prompt processing progress: 2070/2071
2026-10-04 14:56:42,980 - INFO - Prompt processing progress: 2071/2071
127.0.0.1 - - [04/Oct/2026 14:56:43] "POST /v1/chat/completions HTTP/1.1" 200 -
2026-10-04 14:56:43,699 - INFO - Prompt Cache: 1 sequences, 4.94 GB
2026-10-04 14:56:43,699 - INFO - - assistant: 1 sequences, 4.94 GB
2026-10-04 14:56:43,699 - INFO - - user: 0 sequences, 0.00 GB
2026-10-04 14:56:43,699 - INFO - - system: 0 sequences, 0.00 GB
2026-10-04 14:56:43,758 - INFO - Prompt processing progress: 0/1778
2026-10-04 14:56:55,476 - INFO - Prompt processing progress: 1777/1778
2026-10-04 14:56:55,533 - INFO - Prompt processing progress: 1778/1778
127.0.0.1 - - [04/Oct/2026 14:56:56] "POST /v1/chat/completions HTTP/1.1" 200 -
2026-10-04 14:56:56,336 - INFO - Prompt Cache: 1 sequences, 4.98 GB
2026-10-04 14:56:56,336 - INFO - - assistant: 1 sequences, 4.98 GB
2026-10-04 14:56:56,336 - INFO - - user: 0 sequences, 0.00 GB
2026-10-04 14:56:56,336 - INFO - - system: 0 sequences, 0.00 GB
2026-10-04 14:56:56,395 - INFO - Prompt processing progress: 0/1228
2026-10-04 14:57:00,707 - INFO - Prompt processing progress: 1227/1228
2026-10-04 14:57:00,853 - INFO - Prompt processing progress: 1228/1228
127.0.0.1 - - [04/Oct/2026 14:57:01] "POST /v1/chat/completions HTTP/1.1" 200 -
2026-10-04 14:57:01,555 - INFO - Prompt Cache: 1 sequences, 5.01 GB
2026-10-04 14:57:01,555 - INFO - - assistant: 1 sequences, 5.01 GB
2026-10-04 14:57:01,556 - INFO - - user: 0 sequences, 0.00 GB
2026-10-04 14:57:01,556 - INFO - - system: 0 sequences, 0.00 GB
2026-10-04 14:57:01,614 - INFO - Prompt processing progress: 0/6840
2026-10-04 14:57:18,967 - INFO - Prompt processing progress: 2048/6840
2026-10-04 14:57:37,296 - INFO - Prompt processing progress: 4096/6840
2026-10-04 14:57:55,889 - INFO - Prompt processing progress: 6144/6840
2026-10-04 14:57:58,572 - INFO - Prompt processing progress: 6839/6840
2026-10-04 14:57:58,679 - INFO - Prompt processing progress: 6840/6840
127.0.0.1 - - [04/Oct/2026 14:57:59] "POST /v1/chat/completions HTTP/1.1" 200 -
2026-10-04 14:57:59,425 - INFO - Prompt Cache: 1 sequences, 5.17 GB
2026-10-04 14:57:59,425 - INFO - - assistant: 1 sequences, 5.17 GB
2026-10-04 14:57:59,425 - INFO - - user: 0 sequences, 0.00 GB
2026-10-04 14:57:59,425 - INFO - - system: 0 sequences, 0.00 GB
2026-10-04 14:57:59,483 - INFO - Prompt processing progress: 0/3556
2026-10-04 14:58:20,451 - INFO - Prompt processing progress: 2048/3556
2026-10-04 14:58:25,998 - INFO - Prompt processing progress: 3555/3556
2026-10-04 14:58:26,156 - INFO - Prompt processing progress: 3556/3556
127.0.0.1 - - [04/Oct/2026 14:58:26] "POST /v1/chat/completions HTTP/1.1" 200 -
2026-10-04 14:58:26,943 - INFO - Prompt Cache: 1 sequences, 5.25 GB
2026-10-04 14:58:26,944 - INFO - - assistant: 1 sequences, 5.25 GB
2026-10-04 14:58:26,944 - INFO - - user: 0 sequences, 0.00 GB
2026-10-04 14:58:26,944 - INFO - - system: 0 sequences, 0.00 GB
2026-10-04 14:58:27,003 - INFO - Prompt processing progress: 0/245
2026-10-04 14:58:28,057 - INFO - Prompt processing progress: 244/245
2026-10-04 14:58:28,139 - INFO - Prompt processing progress: 245/245
127.0.0.1 - - [04/Oct/2026 14:58:28] "POST /v1/chat/completions HTTP/1.1" 200 -
2026-10-04 14:58:28,968 - INFO - Prompt Cache: 1 sequences, 5.26 GB
2026-10-04 14:58:28,968 - INFO - - assistant: 1 sequences, 5.26 GB
2026-10-04 14:58:28,968 - INFO - - user: 0 sequences, 0.00 GB
2026-10-04 14:58:28,968 - INFO - - system: 0 sequences, 0.00 GB
2026-10-04 14:58:29,027 - INFO - Prompt processing progress: 0/647
2026-10-04 14:58:31,365 - INFO - Prompt processing progress: 646/647
2026-10-04 14:58:31,482 - INFO - Prompt processing progress: 647/647
127.0.0.1 - - [04/Oct/2026 14:58:32] "POST /v1/chat/completions HTTP/1.1" 200 -
2026-10-04 14:58:32,150 - INFO - Prompt Cache: 1 sequences, 5.27 GB
2026-10-04 14:58:32,150 - INFO - - assistant: 1 sequences, 5.27 GB
2026-10-04 14:58:32,150 - INFO - - user: 0 sequences, 0.00 GB
2026-10-04 14:58:32,150 - INFO - - system: 0 sequences, 0.00 GB
2026-10-04 14:58:32,213 - INFO - Prompt processing progress: 0/6473
2026-10-04 14:58:51,058 - INFO - Prompt processing progress: 2048/6473
----------------------------------------
Exception occurred during processing of request from ('127.0.0.1', 57172)
Traceback (most recent call last):
  File "<M5_HOME>/.local/share/uv/python/cpython-3.12.13-macos-aarch64-none/lib/python3.12/socketserver.py", line 697, in process_request_thread
    self.finish_request(request, client_address)
  File "<M5_HOME>/.local/share/uv/python/cpython-3.12.13-macos-aarch64-none/lib/python3.12/socketserver.py", line 362, in finish_request
    self.RequestHandlerClass(request, client_address, self)
  File "<M5_REPO>/vendor/vlm-runtime/.venv/lib/python3.12/site-packages/mlx_lm/server.py", line 1716, in <lambda>
    lambda *args, **kwargs: handler_class(
                            ^^^^^^^^^^^^^^
  File "<M5_REPO>/vendor/vlm-runtime/.venv/lib/python3.12/site-packages/mlx_lm/server.py", line 1073, in __init__
    super().__init__(*args, **kwargs)
  File "<M5_HOME>/.local/share/uv/python/cpython-3.12.13-macos-aarch64-none/lib/python3.12/socketserver.py", line 766, in __init__
    self.handle()
  File "<M5_HOME>/.local/share/uv/python/cpython-3.12.13-macos-aarch64-none/lib/python3.12/http/server.py", line 440, in handle
    self.handle_one_request()
  File "<M5_HOME>/.local/share/uv/python/cpython-3.12.13-macos-aarch64-none/lib/python3.12/http/server.py", line 428, in handle_one_request
    method()
  File "<M5_REPO>/vendor/vlm-runtime/.venv/lib/python3.12/site-packages/mlx_lm/server.py", line 1202, in do_POST
    self.handle_completion(request, stop_words)
  File "<M5_REPO>/vendor/vlm-runtime/.venv/lib/python3.12/site-packages/mlx_lm/server.py", line 1455, in handle_completion
    for gen in response:
               ^^^^^^^^
  File "<M5_REPO>/vendor/vlm-runtime/.venv/lib/python3.12/site-packages/mlx_lm/server.py", line 240, in _process_control_tokens
    for tok in token_stream:
               ^^^^^^^^^^^^
  File "<M5_REPO>/vendor/vlm-runtime/.venv/lib/python3.12/site-packages/mlx_lm/server.py", line 1041, in _inner
    raise response
  File "<M5_REPO>/vendor/vlm-runtime/.venv/lib/python3.12/site-packages/mlx_lm/server.py", line 976, in _serve_single
    for gen in stream_generate(
               ^^^^^^^^^^^^^^^^
  File "<M5_REPO>/vendor/vlm-runtime/.venv/lib/python3.12/site-packages/mlx_lm/generate.py", line 716, in stream_generate
    for n, (token, logprobs, from_draft) in enumerate(token_generator):
                                            ^^^^^^^^^^^^^^^^^^^^^^^^^^
  File "<M5_REPO>/vendor/vlm-runtime/.venv/lib/python3.12/site-packages/mlx_lm/generate.py", line 706, in <genexpr>
    (token, logprobs, False) for token, logprobs in token_generator
                                                    ^^^^^^^^^^^^^^^
  File "<M5_REPO>/vendor/vlm-runtime/.venv/lib/python3.12/site-packages/mlx_lm/generate.py", line 442, in generate_step
    mx.eval([c.state for c in prompt_cache])
RuntimeError: [METAL] Command buffer execution failed: Insufficient Memory (00000008:kIOGPUCommandBufferCallbackErrorOutOfMemory).
----------------------------------------
