{
  "success": true,
  "run_id": "9461361b-c5d1-4aef-ba86-05a525393e5f",
  "context": {
    "requested_tokens": 65536,
    "observed_tokens": 262144,
    "observed_reason": "reported",
    "full_benchmark_tokens": 65536,
    "reduced": false
  },
  "attached_server": null,
  "qualification": null,
  "qualification_passed": null,
  "power": null,
  "artifacts": {
    "turns": "<M5_REPO>/results/u20261003-mistral35-aa-full/raw/turns.jsonl",
    "tasks": "<M5_REPO>/results/u20261003-mistral35-aa-full/raw/tasks.json",
    "tools": "<M5_REPO>/results/u20261003-mistral35-aa-full/raw/tools.json",
    "failures": "<M5_REPO>/results/u20261003-mistral35-aa-full/raw/failures.json",
    "summary": "<M5_REPO>/results/u20261003-mistral35-aa-full/raw/summary.json"
  }
}
