<M5_REPO>/vendor/vlm-runtime/.venv/lib/python3.12/site-packages/mlx_lm/server.py:1723: UserWarning: mlx_lm.server is not recommended for production as it only implements basic security checks.
  warnings.warn(
2026-10-02 02:05:04,034 - INFO - Starting httpd at 127.0.0.1 on port 18185...
127.0.0.1 - - [02/Oct/2026 02:05:04] "GET /v1/models HTTP/1.1" 200 -
127.0.0.1 - - [02/Oct/2026 02:05:05] "POST /v1/chat/completions HTTP/1.1" 200 -
2026-10-02 02:05:05,117 - INFO - Prompt Cache: 0 sequences, 0.00 GB
2026-10-02 02:05:05,117 - INFO - - assistant: 0 sequences, 0.00 GB
2026-10-02 02:05:05,117 - INFO - - user: 0 sequences, 0.00 GB
2026-10-02 02:05:05,117 - INFO - - system: 0 sequences, 0.00 GB
2026-10-02 02:05:05,203 - INFO - Prompt processing progress: 0/32
2026-10-02 02:05:05,242 - INFO - Prompt processing progress: 31/32
2026-10-02 02:05:05,267 - INFO - Prompt processing progress: 32/32
127.0.0.1 - - [02/Oct/2026 02:05:05] "POST /v1/chat/completions HTTP/1.1" 200 -
2026-10-02 02:05:05,329 - INFO - Prompt Cache: 0 sequences, 0.00 GB
2026-10-02 02:05:05,329 - INFO - - assistant: 0 sequences, 0.00 GB
2026-10-02 02:05:05,329 - INFO - - user: 0 sequences, 0.00 GB
2026-10-02 02:05:05,329 - INFO - - system: 0 sequences, 0.00 GB
2026-10-02 02:05:05,410 - INFO - Prompt processing progress: 0/44
2026-10-02 02:05:05,449 - INFO - Prompt processing progress: 43/44
2026-10-02 02:05:05,461 - INFO - Prompt processing progress: 44/44
2026-10-02 02:05:05,601 - INFO - Prompt Cache: 0 sequences, 0.00 GB
127.0.0.1 - - [02/Oct/2026 02:05:05] "POST /v1/chat/completions HTTP/1.1" 200 -
2026-10-02 02:05:05,601 - INFO - - assistant: 0 sequences, 0.00 GB
2026-10-02 02:05:05,601 - INFO - - user: 0 sequences, 0.00 GB
2026-10-02 02:05:05,601 - INFO - - system: 0 sequences, 0.00 GB
2026-10-02 02:05:05,681 - INFO - Prompt processing progress: 0/41
2026-10-02 02:05:05,716 - INFO - Prompt processing progress: 40/41
2026-10-02 02:05:05,729 - INFO - Prompt processing progress: 41/41
127.0.0.1 - - [02/Oct/2026 02:05:05] "POST /v1/chat/completions HTTP/1.1" 200 -
2026-10-02 02:05:05,770 - INFO - Prompt Cache: 0 sequences, 0.00 GB
2026-10-02 02:05:05,770 - INFO - - assistant: 0 sequences, 0.00 GB
2026-10-02 02:05:05,770 - INFO - - user: 0 sequences, 0.00 GB
2026-10-02 02:05:05,770 - INFO - - system: 0 sequences, 0.00 GB
2026-10-02 02:05:05,854 - INFO - Prompt processing progress: 0/44
2026-10-02 02:05:05,890 - INFO - Prompt processing progress: 43/44
2026-10-02 02:05:05,903 - INFO - Prompt processing progress: 44/44
127.0.0.1 - - [02/Oct/2026 02:05:05] "POST /v1/chat/completions HTTP/1.1" 200 -
2026-10-02 02:05:05,958 - INFO - Prompt Cache: 0 sequences, 0.00 GB
2026-10-02 02:05:05,958 - INFO - - assistant: 0 sequences, 0.00 GB
2026-10-02 02:05:05,958 - INFO - - user: 0 sequences, 0.00 GB
2026-10-02 02:05:05,958 - INFO - - system: 0 sequences, 0.00 GB
2026-10-02 02:05:06,038 - INFO - Prompt processing progress: 0/46
2026-10-02 02:05:06,075 - INFO - Prompt processing progress: 45/46
2026-10-02 02:05:06,087 - INFO - Prompt processing progress: 46/46
127.0.0.1 - - [02/Oct/2026 02:05:06] "POST /v1/chat/completions HTTP/1.1" 200 -
2026-10-02 02:05:06,181 - INFO - Prompt Cache: 0 sequences, 0.00 GB
2026-10-02 02:05:06,181 - INFO - - assistant: 0 sequences, 0.00 GB
2026-10-02 02:05:06,181 - INFO - - user: 0 sequences, 0.00 GB
2026-10-02 02:05:06,181 - INFO - - system: 0 sequences, 0.00 GB
2026-10-02 02:05:06,264 - INFO - Prompt processing progress: 0/55
2026-10-02 02:05:06,303 - INFO - Prompt processing progress: 54/55
2026-10-02 02:05:06,316 - INFO - Prompt processing progress: 55/55
127.0.0.1 - - [02/Oct/2026 02:05:06] "POST /v1/chat/completions HTTP/1.1" 200 -
2026-10-02 02:05:06,371 - INFO - Prompt Cache: 0 sequences, 0.00 GB
2026-10-02 02:05:06,371 - INFO - - assistant: 0 sequences, 0.00 GB
2026-10-02 02:05:06,371 - INFO - - user: 0 sequences, 0.00 GB
2026-10-02 02:05:06,371 - INFO - - system: 0 sequences, 0.00 GB
2026-10-02 02:05:06,451 - INFO - Prompt processing progress: 0/36
2026-10-02 02:05:06,484 - INFO - Prompt processing progress: 35/36
2026-10-02 02:05:06,497 - INFO - Prompt processing progress: 36/36
127.0.0.1 - - [02/Oct/2026 02:05:06] "POST /v1/chat/completions HTTP/1.1" 200 -
2026-10-02 02:05:06,584 - INFO - Prompt Cache: 0 sequences, 0.00 GB
2026-10-02 02:05:06,584 - INFO - - assistant: 0 sequences, 0.00 GB
2026-10-02 02:05:06,584 - INFO - - user: 0 sequences, 0.00 GB
2026-10-02 02:05:06,584 - INFO - - system: 0 sequences, 0.00 GB
2026-10-02 02:05:06,664 - INFO - Prompt processing progress: 0/52
2026-10-02 02:05:06,703 - INFO - Prompt processing progress: 51/52
2026-10-02 02:05:06,715 - INFO - Prompt processing progress: 52/52
127.0.0.1 - - [02/Oct/2026 02:05:06] "POST /v1/chat/completions HTTP/1.1" 200 -
2026-10-02 02:05:06,835 - INFO - Prompt Cache: 0 sequences, 0.00 GB
2026-10-02 02:05:06,835 - INFO - - assistant: 0 sequences, 0.00 GB
2026-10-02 02:05:06,835 - INFO - - user: 0 sequences, 0.00 GB
2026-10-02 02:05:06,835 - INFO - - system: 0 sequences, 0.00 GB
2026-10-02 02:05:06,915 - INFO - Prompt processing progress: 0/32
2026-10-02 02:05:06,945 - INFO - Prompt processing progress: 31/32
2026-10-02 02:05:06,957 - INFO - Prompt processing progress: 32/32
2026-10-02 02:05:07,018 - INFO - Prompt Cache: 0 sequences, 0.00 GB
127.0.0.1 - - [02/Oct/2026 02:05:07] "POST /v1/chat/completions HTTP/1.1" 200 -
2026-10-02 02:05:07,018 - INFO - - assistant: 0 sequences, 0.00 GB
2026-10-02 02:05:07,018 - INFO - - user: 0 sequences, 0.00 GB
2026-10-02 02:05:07,018 - INFO - - system: 0 sequences, 0.00 GB
2026-10-02 02:05:07,098 - INFO - Prompt processing progress: 0/44
2026-10-02 02:05:07,134 - INFO - Prompt processing progress: 43/44
2026-10-02 02:05:07,146 - INFO - Prompt processing progress: 44/44
127.0.0.1 - - [02/Oct/2026 02:05:07] "POST /v1/chat/completions HTTP/1.1" 200 -
2026-10-02 02:05:07,287 - INFO - Prompt Cache: 0 sequences, 0.00 GB
2026-10-02 02:05:07,287 - INFO - - assistant: 0 sequences, 0.00 GB
2026-10-02 02:05:07,287 - INFO - - user: 0 sequences, 0.00 GB
2026-10-02 02:05:07,287 - INFO - - system: 0 sequences, 0.00 GB
2026-10-02 02:05:07,372 - INFO - Prompt processing progress: 0/41
2026-10-02 02:05:07,407 - INFO - Prompt processing progress: 40/41
2026-10-02 02:05:07,420 - INFO - Prompt processing progress: 41/41
127.0.0.1 - - [02/Oct/2026 02:05:07] "POST /v1/chat/completions HTTP/1.1" 200 -
2026-10-02 02:05:07,488 - INFO - Prompt Cache: 0 sequences, 0.00 GB
2026-10-02 02:05:07,488 - INFO - - assistant: 0 sequences, 0.00 GB
2026-10-02 02:05:07,488 - INFO - - user: 0 sequences, 0.00 GB
2026-10-02 02:05:07,488 - INFO - - system: 0 sequences, 0.00 GB
2026-10-02 02:05:07,568 - INFO - Prompt processing progress: 0/44
2026-10-02 02:05:07,604 - INFO - Prompt processing progress: 43/44
2026-10-02 02:05:07,617 - INFO - Prompt processing progress: 44/44
127.0.0.1 - - [02/Oct/2026 02:05:07] "POST /v1/chat/completions HTTP/1.1" 200 -
2026-10-02 02:05:07,671 - INFO - Prompt Cache: 0 sequences, 0.00 GB
2026-10-02 02:05:07,671 - INFO - - assistant: 0 sequences, 0.00 GB
2026-10-02 02:05:07,671 - INFO - - user: 0 sequences, 0.00 GB
2026-10-02 02:05:07,671 - INFO - - system: 0 sequences, 0.00 GB
2026-10-02 02:05:07,751 - INFO - Prompt processing progress: 0/46
2026-10-02 02:05:07,787 - INFO - Prompt processing progress: 45/46
2026-10-02 02:05:07,800 - INFO - Prompt processing progress: 46/46
2026-10-02 02:05:07,894 - INFO - Prompt Cache: 0 sequences, 0.00 GB
127.0.0.1 - - [02/Oct/2026 02:05:07] "POST /v1/chat/completions HTTP/1.1" 200 -
2026-10-02 02:05:07,894 - INFO - - assistant: 0 sequences, 0.00 GB
2026-10-02 02:05:07,894 - INFO - - user: 0 sequences, 0.00 GB
2026-10-02 02:05:07,894 - INFO - - system: 0 sequences, 0.00 GB
2026-10-02 02:05:07,973 - INFO - Prompt processing progress: 0/55
2026-10-02 02:05:08,013 - INFO - Prompt processing progress: 54/55
2026-10-02 02:05:08,025 - INFO - Prompt processing progress: 55/55
2026-10-02 02:05:08,080 - INFO - Prompt Cache: 0 sequences, 0.00 GB
127.0.0.1 - - [02/Oct/2026 02:05:08] "POST /v1/chat/completions HTTP/1.1" 200 -
2026-10-02 02:05:08,080 - INFO - - assistant: 0 sequences, 0.00 GB
2026-10-02 02:05:08,080 - INFO - - user: 0 sequences, 0.00 GB
2026-10-02 02:05:08,080 - INFO - - system: 0 sequences, 0.00 GB
2026-10-02 02:05:08,160 - INFO - Prompt processing progress: 0/36
2026-10-02 02:05:08,194 - INFO - Prompt processing progress: 35/36
2026-10-02 02:05:08,206 - INFO - Prompt processing progress: 36/36
127.0.0.1 - - [02/Oct/2026 02:05:08] "POST /v1/chat/completions HTTP/1.1" 200 -
2026-10-02 02:05:08,298 - INFO - Prompt Cache: 0 sequences, 0.00 GB
2026-10-02 02:05:08,298 - INFO - - assistant: 0 sequences, 0.00 GB
2026-10-02 02:05:08,298 - INFO - - user: 0 sequences, 0.00 GB
2026-10-02 02:05:08,298 - INFO - - system: 0 sequences, 0.00 GB
2026-10-02 02:05:08,385 - INFO - Prompt processing progress: 0/52
2026-10-02 02:05:08,423 - INFO - Prompt processing progress: 51/52
2026-10-02 02:05:08,436 - INFO - Prompt processing progress: 52/52
2026-10-02 02:05:08,555 - INFO - Prompt Cache: 0 sequences, 0.00 GB
127.0.0.1 - - [02/Oct/2026 02:05:08] "POST /v1/chat/completions HTTP/1.1" 200 -
2026-10-02 02:05:08,555 - INFO - - assistant: 0 sequences, 0.00 GB
2026-10-02 02:05:08,555 - INFO - - user: 0 sequences, 0.00 GB
2026-10-02 02:05:08,555 - INFO - - system: 0 sequences, 0.00 GB
2026-10-02 02:05:08,635 - INFO - Prompt processing progress: 0/32
2026-10-02 02:05:08,665 - INFO - Prompt processing progress: 31/32
2026-10-02 02:05:08,677 - INFO - Prompt processing progress: 32/32
127.0.0.1 - - [02/Oct/2026 02:05:08] "POST /v1/chat/completions HTTP/1.1" 200 -
2026-10-02 02:05:08,738 - INFO - Prompt Cache: 0 sequences, 0.00 GB
2026-10-02 02:05:08,738 - INFO - - assistant: 0 sequences, 0.00 GB
2026-10-02 02:05:08,738 - INFO - - user: 0 sequences, 0.00 GB
2026-10-02 02:05:08,738 - INFO - - system: 0 sequences, 0.00 GB
2026-10-02 02:05:08,817 - INFO - Prompt processing progress: 0/44
2026-10-02 02:05:08,853 - INFO - Prompt processing progress: 43/44
2026-10-02 02:05:08,866 - INFO - Prompt processing progress: 44/44
127.0.0.1 - - [02/Oct/2026 02:05:09] "POST /v1/chat/completions HTTP/1.1" 200 -
2026-10-02 02:05:09,004 - INFO - Prompt Cache: 0 sequences, 0.00 GB
2026-10-02 02:05:09,004 - INFO - - assistant: 0 sequences, 0.00 GB
2026-10-02 02:05:09,004 - INFO - - user: 0 sequences, 0.00 GB
2026-10-02 02:05:09,004 - INFO - - system: 0 sequences, 0.00 GB
2026-10-02 02:05:09,085 - INFO - Prompt processing progress: 0/41
2026-10-02 02:05:09,120 - INFO - Prompt processing progress: 40/41
2026-10-02 02:05:09,133 - INFO - Prompt processing progress: 41/41
2026-10-02 02:05:09,200 - INFO - Prompt Cache: 0 sequences, 0.00 GB
127.0.0.1 - - [02/Oct/2026 02:05:09] "POST /v1/chat/completions HTTP/1.1" 200 -
2026-10-02 02:05:09,200 - INFO - - assistant: 0 sequences, 0.00 GB
2026-10-02 02:05:09,200 - INFO - - user: 0 sequences, 0.00 GB
2026-10-02 02:05:09,200 - INFO - - system: 0 sequences, 0.00 GB
2026-10-02 02:05:09,280 - INFO - Prompt processing progress: 0/44
2026-10-02 02:05:09,316 - INFO - Prompt processing progress: 43/44
2026-10-02 02:05:09,328 - INFO - Prompt processing progress: 44/44
2026-10-02 02:05:09,384 - INFO - Prompt Cache: 0 sequences, 0.00 GB
127.0.0.1 - - [02/Oct/2026 02:05:09] "POST /v1/chat/completions HTTP/1.1" 200 -
2026-10-02 02:05:09,384 - INFO - - assistant: 0 sequences, 0.00 GB
2026-10-02 02:05:09,384 - INFO - - user: 0 sequences, 0.00 GB
2026-10-02 02:05:09,384 - INFO - - system: 0 sequences, 0.00 GB
2026-10-02 02:05:09,469 - INFO - Prompt processing progress: 0/46
2026-10-02 02:05:09,506 - INFO - Prompt processing progress: 45/46
2026-10-02 02:05:09,518 - INFO - Prompt processing progress: 46/46
2026-10-02 02:05:09,612 - INFO - Prompt Cache: 0 sequences, 0.00 GB
127.0.0.1 - - [02/Oct/2026 02:05:09] "POST /v1/chat/completions HTTP/1.1" 200 -
2026-10-02 02:05:09,613 - INFO - - assistant: 0 sequences, 0.00 GB
2026-10-02 02:05:09,613 - INFO - - user: 0 sequences, 0.00 GB
2026-10-02 02:05:09,613 - INFO - - system: 0 sequences, 0.00 GB
2026-10-02 02:05:09,695 - INFO - Prompt processing progress: 0/55
2026-10-02 02:05:09,735 - INFO - Prompt processing progress: 54/55
2026-10-02 02:05:09,747 - INFO - Prompt processing progress: 55/55
127.0.0.1 - - [02/Oct/2026 02:05:09] "POST /v1/chat/completions HTTP/1.1" 200 -
2026-10-02 02:05:09,802 - INFO - Prompt Cache: 0 sequences, 0.00 GB
2026-10-02 02:05:09,802 - INFO - - assistant: 0 sequences, 0.00 GB
2026-10-02 02:05:09,802 - INFO - - user: 0 sequences, 0.00 GB
2026-10-02 02:05:09,802 - INFO - - system: 0 sequences, 0.00 GB
2026-10-02 02:05:09,883 - INFO - Prompt processing progress: 0/36
2026-10-02 02:05:09,917 - INFO - Prompt processing progress: 35/36
2026-10-02 02:05:09,929 - INFO - Prompt processing progress: 36/36
127.0.0.1 - - [02/Oct/2026 02:05:10] "POST /v1/chat/completions HTTP/1.1" 200 -
2026-10-02 02:05:10,016 - INFO - Prompt Cache: 0 sequences, 0.00 GB
2026-10-02 02:05:10,016 - INFO - - assistant: 0 sequences, 0.00 GB
2026-10-02 02:05:10,016 - INFO - - user: 0 sequences, 0.00 GB
2026-10-02 02:05:10,016 - INFO - - system: 0 sequences, 0.00 GB
2026-10-02 02:05:10,098 - INFO - Prompt processing progress: 0/52
2026-10-02 02:05:10,136 - INFO - Prompt processing progress: 51/52
2026-10-02 02:05:10,148 - INFO - Prompt processing progress: 52/52
