<M5_REPO>/.venv/lib/python3.12/site-packages/mlx_lm/server.py:1723: UserWarning: mlx_lm.server is not recommended for production as it only implements basic security checks.
  warnings.warn(
2026-10-03 04:43:28,225 - INFO - Starting httpd at 127.0.0.1 on port 18185...
127.0.0.1 - - [03/Oct/2026 04:43:28] "GET /v1/models HTTP/1.1" 200 -
2026-10-03 04:49:26,953 - INFO - Prompt Cache: 0 sequences, 0.00 GB
2026-10-03 04:49:26,953 - INFO - - assistant: 0 sequences, 0.00 GB
2026-10-03 04:49:26,953 - INFO - - user: 0 sequences, 0.00 GB
2026-10-03 04:49:26,953 - INFO - - system: 0 sequences, 0.00 GB
127.0.0.1 - - [03/Oct/2026 04:49:26] "POST /v1/chat/completions HTTP/1.1" 200 -
2026-10-03 04:49:27,253 - INFO - Prompt processing progress: 20/8203
2026-10-03 04:49:28,429 - INFO - Prompt processing progress: 2068/8203
2026-10-03 04:49:29,626 - INFO - Prompt processing progress: 4116/8203
2026-10-03 04:49:30,847 - INFO - Prompt processing progress: 6164/8203
2026-10-03 04:49:32,108 - INFO - Prompt processing progress: 8199/8203
2026-10-03 04:49:32,159 - INFO - Prompt processing progress: 8202/8203
2026-10-03 04:49:32,203 - INFO - Prompt processing progress: 8203/8203
2026-10-03 04:49:40,899 - INFO - Prompt Cache: 0 sequences, 0.00 GB
2026-10-03 04:49:40,899 - INFO - - assistant: 0 sequences, 0.00 GB
2026-10-03 04:49:40,899 - INFO - - user: 0 sequences, 0.00 GB
2026-10-03 04:49:40,899 - INFO - - system: 0 sequences, 0.00 GB
127.0.0.1 - - [03/Oct/2026 04:49:40] "POST /v1/chat/completions HTTP/1.1" 200 -
2026-10-03 04:49:41,080 - INFO - Prompt processing progress: 20/8203
2026-10-03 04:49:42,259 - INFO - Prompt processing progress: 2068/8203
2026-10-03 04:49:43,459 - INFO - Prompt processing progress: 4116/8203
2026-10-03 04:49:44,680 - INFO - Prompt processing progress: 6164/8203
2026-10-03 04:49:45,944 - INFO - Prompt processing progress: 8199/8203
2026-10-03 04:49:45,996 - INFO - Prompt processing progress: 8202/8203
2026-10-03 04:49:46,038 - INFO - Prompt processing progress: 8203/8203
2026-10-03 04:49:54,749 - INFO - Prompt Cache: 0 sequences, 0.00 GB
2026-10-03 04:49:54,749 - INFO - - assistant: 0 sequences, 0.00 GB
2026-10-03 04:49:54,749 - INFO - - user: 0 sequences, 0.00 GB
2026-10-03 04:49:54,749 - INFO - - system: 0 sequences, 0.00 GB
127.0.0.1 - - [03/Oct/2026 04:49:54] "POST /v1/chat/completions HTTP/1.1" 200 -
2026-10-03 04:49:54,832 - INFO - Prompt Cache: 0 sequences, 0.00 GB
2026-10-03 04:49:54,832 - INFO - - assistant: 0 sequences, 0.00 GB
2026-10-03 04:49:54,832 - INFO - - user: 0 sequences, 0.00 GB
2026-10-03 04:49:54,832 - INFO - - system: 0 sequences, 0.00 GB
127.0.0.1 - - [03/Oct/2026 04:49:54] "POST /v1/chat/completions HTTP/1.1" 200 -
2026-10-03 04:49:54,916 - INFO - Prompt Cache: 0 sequences, 0.00 GB
2026-10-03 04:49:54,916 - INFO - - assistant: 0 sequences, 0.00 GB
2026-10-03 04:49:54,916 - INFO - - user: 0 sequences, 0.00 GB
2026-10-03 04:49:54,916 - INFO - - system: 0 sequences, 0.00 GB
127.0.0.1 - - [03/Oct/2026 04:49:54] "POST /v1/chat/completions HTTP/1.1" 200 -
2026-10-03 04:49:54,997 - INFO - Prompt Cache: 0 sequences, 0.00 GB
2026-10-03 04:49:54,997 - INFO - - assistant: 0 sequences, 0.00 GB
2026-10-03 04:49:54,997 - INFO - - user: 0 sequences, 0.00 GB
2026-10-03 04:49:54,997 - INFO - - system: 0 sequences, 0.00 GB
127.0.0.1 - - [03/Oct/2026 04:49:54] "POST /v1/chat/completions HTTP/1.1" 200 -
2026-10-03 04:49:55,220 - INFO - Prompt processing progress: 20/8203
2026-10-03 04:49:55,220 - INFO - Prompt processing progress: 20/8203
2026-10-03 04:49:55,220 - INFO - Prompt processing progress: 20/8203
2026-10-03 04:49:55,220 - INFO - Prompt processing progress: 20/8203
2026-10-03 04:49:59,968 - INFO - Prompt processing progress: 2068/8203
2026-10-03 04:49:59,968 - INFO - Prompt processing progress: 2068/8203
2026-10-03 04:49:59,968 - INFO - Prompt processing progress: 2068/8203
2026-10-03 04:49:59,968 - INFO - Prompt processing progress: 2068/8203
2026-10-03 04:50:04,638 - INFO - Prompt processing progress: 4116/8203
2026-10-03 04:50:04,638 - INFO - Prompt processing progress: 4116/8203
2026-10-03 04:50:04,638 - INFO - Prompt processing progress: 4116/8203
2026-10-03 04:50:04,638 - INFO - Prompt processing progress: 4116/8203
2026-10-03 04:50:09,401 - INFO - Prompt processing progress: 6164/8203
2026-10-03 04:50:09,401 - INFO - Prompt processing progress: 6164/8203
2026-10-03 04:50:09,401 - INFO - Prompt processing progress: 6164/8203
2026-10-03 04:50:09,401 - INFO - Prompt processing progress: 6164/8203
2026-10-03 04:50:14,258 - INFO - Prompt processing progress: 8199/8203
2026-10-03 04:50:14,258 - INFO - Prompt processing progress: 8199/8203
2026-10-03 04:50:14,258 - INFO - Prompt processing progress: 8199/8203
2026-10-03 04:50:14,258 - INFO - Prompt processing progress: 8199/8203
2026-10-03 04:50:14,364 - INFO - Prompt processing progress: 8202/8203
2026-10-03 04:50:14,364 - INFO - Prompt processing progress: 8202/8203
2026-10-03 04:50:14,364 - INFO - Prompt processing progress: 8202/8203
2026-10-03 04:50:14,364 - INFO - Prompt processing progress: 8202/8203
2026-10-03 04:50:14,429 - INFO - Prompt processing progress: 8203/8203
2026-10-03 04:50:14,429 - INFO - Prompt processing progress: 8203/8203
2026-10-03 04:50:14,429 - INFO - Prompt processing progress: 8203/8203
2026-10-03 04:50:14,429 - INFO - Prompt processing progress: 8203/8203
2026-10-03 04:50:24,917 - INFO - Prompt Cache: 0 sequences, 0.00 GB
2026-10-03 04:50:24,917 - INFO - - assistant: 0 sequences, 0.00 GB
2026-10-03 04:50:24,917 - INFO - - user: 0 sequences, 0.00 GB
2026-10-03 04:50:24,917 - INFO - - system: 0 sequences, 0.00 GB
127.0.0.1 - - [03/Oct/2026 04:50:24] "POST /v1/chat/completions HTTP/1.1" 200 -
2026-10-03 04:50:25,003 - INFO - Prompt Cache: 0 sequences, 0.00 GB
2026-10-03 04:50:25,003 - INFO - - assistant: 0 sequences, 0.00 GB
2026-10-03 04:50:25,003 - INFO - - user: 0 sequences, 0.00 GB
2026-10-03 04:50:25,003 - INFO - - system: 0 sequences, 0.00 GB
127.0.0.1 - - [03/Oct/2026 04:50:25] "POST /v1/chat/completions HTTP/1.1" 200 -
2026-10-03 04:50:25,084 - INFO - Prompt Cache: 0 sequences, 0.00 GB
2026-10-03 04:50:25,084 - INFO - - assistant: 0 sequences, 0.00 GB
2026-10-03 04:50:25,084 - INFO - - user: 0 sequences, 0.00 GB
2026-10-03 04:50:25,084 - INFO - - system: 0 sequences, 0.00 GB
127.0.0.1 - - [03/Oct/2026 04:50:25] "POST /v1/chat/completions HTTP/1.1" 200 -
2026-10-03 04:50:25,169 - INFO - Prompt Cache: 0 sequences, 0.00 GB
2026-10-03 04:50:25,169 - INFO - - assistant: 0 sequences, 0.00 GB
2026-10-03 04:50:25,169 - INFO - - user: 0 sequences, 0.00 GB
2026-10-03 04:50:25,169 - INFO - - system: 0 sequences, 0.00 GB
127.0.0.1 - - [03/Oct/2026 04:50:25] "POST /v1/chat/completions HTTP/1.1" 200 -
2026-10-03 04:50:25,411 - INFO - Prompt processing progress: 20/8203
2026-10-03 04:50:25,411 - INFO - Prompt processing progress: 20/8203
2026-10-03 04:50:25,411 - INFO - Prompt processing progress: 20/8203
2026-10-03 04:50:25,411 - INFO - Prompt processing progress: 20/8203
2026-10-03 04:50:29,998 - INFO - Prompt processing progress: 2068/8203
2026-10-03 04:50:29,999 - INFO - Prompt processing progress: 2068/8203
2026-10-03 04:50:29,999 - INFO - Prompt processing progress: 2068/8203
2026-10-03 04:50:29,999 - INFO - Prompt processing progress: 2068/8203
2026-10-03 04:50:34,661 - INFO - Prompt processing progress: 4116/8203
2026-10-03 04:50:34,661 - INFO - Prompt processing progress: 4116/8203
2026-10-03 04:50:34,661 - INFO - Prompt processing progress: 4116/8203
2026-10-03 04:50:34,661 - INFO - Prompt processing progress: 4116/8203
2026-10-03 04:50:39,426 - INFO - Prompt processing progress: 6164/8203
2026-10-03 04:50:39,427 - INFO - Prompt processing progress: 6164/8203
2026-10-03 04:50:39,427 - INFO - Prompt processing progress: 6164/8203
2026-10-03 04:50:39,427 - INFO - Prompt processing progress: 6164/8203
2026-10-03 04:50:44,282 - INFO - Prompt processing progress: 8199/8203
2026-10-03 04:50:44,282 - INFO - Prompt processing progress: 8199/8203
2026-10-03 04:50:44,282 - INFO - Prompt processing progress: 8199/8203
2026-10-03 04:50:44,282 - INFO - Prompt processing progress: 8199/8203
2026-10-03 04:50:44,393 - INFO - Prompt processing progress: 8202/8203
2026-10-03 04:50:44,393 - INFO - Prompt processing progress: 8202/8203
2026-10-03 04:50:44,393 - INFO - Prompt processing progress: 8202/8203
2026-10-03 04:50:44,393 - INFO - Prompt processing progress: 8202/8203
2026-10-03 04:50:44,458 - INFO - Prompt processing progress: 8203/8203
2026-10-03 04:50:44,459 - INFO - Prompt processing progress: 8203/8203
2026-10-03 04:50:44,459 - INFO - Prompt processing progress: 8203/8203
2026-10-03 04:50:44,459 - INFO - Prompt processing progress: 8203/8203
2026-10-03 04:50:54,970 - INFO - Prompt Cache: 0 sequences, 0.00 GB
2026-10-03 04:50:54,970 - INFO - - assistant: 0 sequences, 0.00 GB
2026-10-03 04:50:54,970 - INFO - - user: 0 sequences, 0.00 GB
2026-10-03 04:50:54,970 - INFO - - system: 0 sequences, 0.00 GB
127.0.0.1 - - [03/Oct/2026 04:50:54] "POST /v1/chat/completions HTTP/1.1" 200 -
2026-10-03 04:50:55,058 - INFO - Prompt Cache: 0 sequences, 0.00 GB
2026-10-03 04:50:55,058 - INFO - - assistant: 0 sequences, 0.00 GB
2026-10-03 04:50:55,058 - INFO - - user: 0 sequences, 0.00 GB
2026-10-03 04:50:55,058 - INFO - - system: 0 sequences, 0.00 GB
127.0.0.1 - - [03/Oct/2026 04:50:55] "POST /v1/chat/completions HTTP/1.1" 200 -
2026-10-03 04:50:55,140 - INFO - Prompt Cache: 0 sequences, 0.00 GB
2026-10-03 04:50:55,140 - INFO - - assistant: 0 sequences, 0.00 GB
2026-10-03 04:50:55,140 - INFO - - user: 0 sequences, 0.00 GB
2026-10-03 04:50:55,140 - INFO - - system: 0 sequences, 0.00 GB
127.0.0.1 - - [03/Oct/2026 04:50:55] "POST /v1/chat/completions HTTP/1.1" 200 -
2026-10-03 04:50:55,222 - INFO - Prompt Cache: 0 sequences, 0.00 GB
2026-10-03 04:50:55,222 - INFO - - assistant: 0 sequences, 0.00 GB
2026-10-03 04:50:55,222 - INFO - - user: 0 sequences, 0.00 GB
2026-10-03 04:50:55,222 - INFO - - system: 0 sequences, 0.00 GB
127.0.0.1 - - [03/Oct/2026 04:50:55] "POST /v1/chat/completions HTTP/1.1" 200 -
2026-10-03 04:50:55,447 - INFO - Prompt processing progress: 20/8204
2026-10-03 04:50:55,447 - INFO - Prompt processing progress: 20/8204
2026-10-03 04:50:55,447 - INFO - Prompt processing progress: 20/8204
2026-10-03 04:50:55,447 - INFO - Prompt processing progress: 20/8204
2026-10-03 04:51:00,036 - INFO - Prompt processing progress: 2068/8204
2026-10-03 04:51:00,037 - INFO - Prompt processing progress: 2068/8204
2026-10-03 04:51:00,037 - INFO - Prompt processing progress: 2068/8204
2026-10-03 04:51:00,037 - INFO - Prompt processing progress: 2068/8204
2026-10-03 04:51:04,705 - INFO - Prompt processing progress: 4116/8204
2026-10-03 04:51:04,705 - INFO - Prompt processing progress: 4116/8204
2026-10-03 04:51:04,705 - INFO - Prompt processing progress: 4116/8204
2026-10-03 04:51:04,705 - INFO - Prompt processing progress: 4116/8204
2026-10-03 04:51:09,472 - INFO - Prompt processing progress: 6164/8204
2026-10-03 04:51:09,472 - INFO - Prompt processing progress: 6164/8204
2026-10-03 04:51:09,472 - INFO - Prompt processing progress: 6164/8204
2026-10-03 04:51:09,472 - INFO - Prompt processing progress: 6164/8204
2026-10-03 04:51:14,326 - INFO - Prompt processing progress: 8200/8204
2026-10-03 04:51:14,326 - INFO - Prompt processing progress: 8200/8204
2026-10-03 04:51:14,326 - INFO - Prompt processing progress: 8200/8204
2026-10-03 04:51:14,326 - INFO - Prompt processing progress: 8200/8204
2026-10-03 04:51:14,439 - INFO - Prompt processing progress: 8203/8204
2026-10-03 04:51:14,439 - INFO - Prompt processing progress: 8203/8204
2026-10-03 04:51:14,439 - INFO - Prompt processing progress: 8203/8204
2026-10-03 04:51:14,439 - INFO - Prompt processing progress: 8203/8204
2026-10-03 04:51:14,503 - INFO - Prompt processing progress: 8204/8204
2026-10-03 04:51:14,503 - INFO - Prompt processing progress: 8204/8204
2026-10-03 04:51:14,503 - INFO - Prompt processing progress: 8204/8204
2026-10-03 04:51:14,503 - INFO - Prompt processing progress: 8204/8204
2026-10-03 04:51:24,998 - INFO - Prompt Cache: 0 sequences, 0.00 GB
2026-10-03 04:51:24,998 - INFO - - assistant: 0 sequences, 0.00 GB
2026-10-03 04:51:24,998 - INFO - - user: 0 sequences, 0.00 GB
2026-10-03 04:51:24,998 - INFO - - system: 0 sequences, 0.00 GB
127.0.0.1 - - [03/Oct/2026 04:51:24] "POST /v1/chat/completions HTTP/1.1" 200 -
2026-10-03 04:51:25,086 - INFO - Prompt Cache: 0 sequences, 0.00 GB
2026-10-03 04:51:25,086 - INFO - - assistant: 0 sequences, 0.00 GB
2026-10-03 04:51:25,086 - INFO - - user: 0 sequences, 0.00 GB
2026-10-03 04:51:25,086 - INFO - - system: 0 sequences, 0.00 GB
127.0.0.1 - - [03/Oct/2026 04:51:25] "POST /v1/chat/completions HTTP/1.1" 200 -
2026-10-03 04:51:25,169 - INFO - Prompt Cache: 0 sequences, 0.00 GB
2026-10-03 04:51:25,169 - INFO - - assistant: 0 sequences, 0.00 GB
2026-10-03 04:51:25,169 - INFO - - user: 0 sequences, 0.00 GB
2026-10-03 04:51:25,169 - INFO - - system: 0 sequences, 0.00 GB
127.0.0.1 - - [03/Oct/2026 04:51:25] "POST /v1/chat/completions HTTP/1.1" 200 -
2026-10-03 04:51:25,250 - INFO - Prompt Cache: 0 sequences, 0.00 GB
2026-10-03 04:51:25,250 - INFO - - assistant: 0 sequences, 0.00 GB
2026-10-03 04:51:25,250 - INFO - - user: 0 sequences, 0.00 GB
2026-10-03 04:51:25,250 - INFO - - system: 0 sequences, 0.00 GB
127.0.0.1 - - [03/Oct/2026 04:51:25] "POST /v1/chat/completions HTTP/1.1" 200 -
2026-10-03 04:51:25,491 - INFO - Prompt processing progress: 20/8204
2026-10-03 04:51:25,491 - INFO - Prompt processing progress: 20/8204
2026-10-03 04:51:25,491 - INFO - Prompt processing progress: 20/8204
2026-10-03 04:51:25,491 - INFO - Prompt processing progress: 20/8204
2026-10-03 04:51:30,082 - INFO - Prompt processing progress: 2068/8204
2026-10-03 04:51:30,082 - INFO - Prompt processing progress: 2068/8204
2026-10-03 04:51:30,082 - INFO - Prompt processing progress: 2068/8204
2026-10-03 04:51:30,082 - INFO - Prompt processing progress: 2068/8204
2026-10-03 04:51:34,750 - INFO - Prompt processing progress: 4116/8204
2026-10-03 04:51:34,750 - INFO - Prompt processing progress: 4116/8204
2026-10-03 04:51:34,750 - INFO - Prompt processing progress: 4116/8204
2026-10-03 04:51:34,750 - INFO - Prompt processing progress: 4116/8204
2026-10-03 04:51:39,516 - INFO - Prompt processing progress: 6164/8204
2026-10-03 04:51:39,516 - INFO - Prompt processing progress: 6164/8204
2026-10-03 04:51:39,516 - INFO - Prompt processing progress: 6164/8204
2026-10-03 04:51:39,516 - INFO - Prompt processing progress: 6164/8204
2026-10-03 04:51:44,369 - INFO - Prompt processing progress: 8200/8204
2026-10-03 04:51:44,369 - INFO - Prompt processing progress: 8200/8204
2026-10-03 04:51:44,369 - INFO - Prompt processing progress: 8200/8204
2026-10-03 04:51:44,369 - INFO - Prompt processing progress: 8200/8204
2026-10-03 04:51:44,482 - INFO - Prompt processing progress: 8203/8204
2026-10-03 04:51:44,482 - INFO - Prompt processing progress: 8203/8204
2026-10-03 04:51:44,482 - INFO - Prompt processing progress: 8203/8204
2026-10-03 04:51:44,482 - INFO - Prompt processing progress: 8203/8204
2026-10-03 04:51:44,566 - INFO - Prompt processing progress: 8204/8204
2026-10-03 04:51:44,566 - INFO - Prompt processing progress: 8204/8204
2026-10-03 04:51:44,566 - INFO - Prompt processing progress: 8204/8204
2026-10-03 04:51:44,566 - INFO - Prompt processing progress: 8204/8204
2026-10-03 04:51:55,080 - INFO - Prompt Cache: 0 sequences, 0.00 GB
2026-10-03 04:51:55,080 - INFO - - assistant: 0 sequences, 0.00 GB
2026-10-03 04:51:55,080 - INFO - - user: 0 sequences, 0.00 GB
2026-10-03 04:51:55,080 - INFO - - system: 0 sequences, 0.00 GB
127.0.0.1 - - [03/Oct/2026 04:51:55] "POST /v1/chat/completions HTTP/1.1" 200 -
2026-10-03 04:51:55,168 - INFO - Prompt Cache: 0 sequences, 0.00 GB
2026-10-03 04:51:55,168 - INFO - - assistant: 0 sequences, 0.00 GB
2026-10-03 04:51:55,168 - INFO - - user: 0 sequences, 0.00 GB
2026-10-03 04:51:55,168 - INFO - - system: 0 sequences, 0.00 GB
127.0.0.1 - - [03/Oct/2026 04:51:55] "POST /v1/chat/completions HTTP/1.1" 200 -
2026-10-03 04:51:55,250 - INFO - Prompt Cache: 0 sequences, 0.00 GB
2026-10-03 04:51:55,250 - INFO - - assistant: 0 sequences, 0.00 GB
2026-10-03 04:51:55,250 - INFO - - user: 0 sequences, 0.00 GB
2026-10-03 04:51:55,250 - INFO - - system: 0 sequences, 0.00 GB
127.0.0.1 - - [03/Oct/2026 04:51:55] "POST /v1/chat/completions HTTP/1.1" 200 -
2026-10-03 04:51:55,332 - INFO - Prompt Cache: 0 sequences, 0.00 GB
2026-10-03 04:51:55,332 - INFO - - assistant: 0 sequences, 0.00 GB
2026-10-03 04:51:55,332 - INFO - - user: 0 sequences, 0.00 GB
2026-10-03 04:51:55,332 - INFO - - system: 0 sequences, 0.00 GB
127.0.0.1 - - [03/Oct/2026 04:51:55] "POST /v1/chat/completions HTTP/1.1" 200 -
2026-10-03 04:51:55,557 - INFO - Prompt processing progress: 20/8204
2026-10-03 04:51:55,557 - INFO - Prompt processing progress: 20/8204
2026-10-03 04:51:55,557 - INFO - Prompt processing progress: 20/8204
2026-10-03 04:51:55,557 - INFO - Prompt processing progress: 20/8204
2026-10-03 04:52:00,150 - INFO - Prompt processing progress: 2068/8204
2026-10-03 04:52:00,150 - INFO - Prompt processing progress: 2068/8204
2026-10-03 04:52:00,150 - INFO - Prompt processing progress: 2068/8204
2026-10-03 04:52:00,150 - INFO - Prompt processing progress: 2068/8204
2026-10-03 04:52:04,817 - INFO - Prompt processing progress: 4116/8204
2026-10-03 04:52:04,817 - INFO - Prompt processing progress: 4116/8204
2026-10-03 04:52:04,817 - INFO - Prompt processing progress: 4116/8204
2026-10-03 04:52:04,817 - INFO - Prompt processing progress: 4116/8204
2026-10-03 04:52:09,679 - INFO - Prompt processing progress: 6164/8204
2026-10-03 04:52:09,679 - INFO - Prompt processing progress: 6164/8204
2026-10-03 04:52:09,679 - INFO - Prompt processing progress: 6164/8204
2026-10-03 04:52:09,679 - INFO - Prompt processing progress: 6164/8204
2026-10-03 04:52:14,684 - INFO - Prompt processing progress: 8200/8204
2026-10-03 04:52:14,684 - INFO - Prompt processing progress: 8200/8204
2026-10-03 04:52:14,684 - INFO - Prompt processing progress: 8200/8204
2026-10-03 04:52:14,684 - INFO - Prompt processing progress: 8200/8204
2026-10-03 04:52:14,798 - INFO - Prompt processing progress: 8203/8204
2026-10-03 04:52:14,799 - INFO - Prompt processing progress: 8203/8204
2026-10-03 04:52:14,799 - INFO - Prompt processing progress: 8203/8204
2026-10-03 04:52:14,799 - INFO - Prompt processing progress: 8203/8204
2026-10-03 04:52:14,883 - INFO - Prompt processing progress: 8204/8204
2026-10-03 04:52:14,883 - INFO - Prompt processing progress: 8204/8204
2026-10-03 04:52:14,883 - INFO - Prompt processing progress: 8204/8204
2026-10-03 04:52:14,883 - INFO - Prompt processing progress: 8204/8204
2026-10-03 04:52:25,369 - INFO - Prompt Cache: 0 sequences, 0.00 GB
2026-10-03 04:52:25,369 - INFO - - assistant: 0 sequences, 0.00 GB
2026-10-03 04:52:25,369 - INFO - - user: 0 sequences, 0.00 GB
2026-10-03 04:52:25,369 - INFO - - system: 0 sequences, 0.00 GB
127.0.0.1 - - [03/Oct/2026 04:52:25] "POST /v1/chat/completions HTTP/1.1" 200 -
2026-10-03 04:52:25,457 - INFO - Prompt Cache: 0 sequences, 0.00 GB
2026-10-03 04:52:25,457 - INFO - - assistant: 0 sequences, 0.00 GB
2026-10-03 04:52:25,457 - INFO - - user: 0 sequences, 0.00 GB
2026-10-03 04:52:25,457 - INFO - - system: 0 sequences, 0.00 GB
127.0.0.1 - - [03/Oct/2026 04:52:25] "POST /v1/chat/completions HTTP/1.1" 200 -
2026-10-03 04:52:25,540 - INFO - Prompt Cache: 0 sequences, 0.00 GB
2026-10-03 04:52:25,540 - INFO - - assistant: 0 sequences, 0.00 GB
2026-10-03 04:52:25,540 - INFO - - user: 0 sequences, 0.00 GB
2026-10-03 04:52:25,540 - INFO - - system: 0 sequences, 0.00 GB
127.0.0.1 - - [03/Oct/2026 04:52:25] "POST /v1/chat/completions HTTP/1.1" 200 -
2026-10-03 04:52:25,624 - INFO - Prompt Cache: 0 sequences, 0.00 GB
2026-10-03 04:52:25,624 - INFO - - assistant: 0 sequences, 0.00 GB
2026-10-03 04:52:25,624 - INFO - - user: 0 sequences, 0.00 GB
2026-10-03 04:52:25,624 - INFO - - system: 0 sequences, 0.00 GB
127.0.0.1 - - [03/Oct/2026 04:52:25] "POST /v1/chat/completions HTTP/1.1" 200 -
2026-10-03 04:52:25,868 - INFO - Prompt processing progress: 20/8204
2026-10-03 04:52:25,868 - INFO - Prompt processing progress: 20/8204
2026-10-03 04:52:25,868 - INFO - Prompt processing progress: 20/8204
2026-10-03 04:52:25,868 - INFO - Prompt processing progress: 20/8204
2026-10-03 04:52:30,457 - INFO - Prompt processing progress: 2068/8204
2026-10-03 04:52:30,457 - INFO - Prompt processing progress: 2068/8204
2026-10-03 04:52:30,457 - INFO - Prompt processing progress: 2068/8204
2026-10-03 04:52:30,457 - INFO - Prompt processing progress: 2068/8204
2026-10-03 04:52:35,124 - INFO - Prompt processing progress: 4116/8204
2026-10-03 04:52:35,124 - INFO - Prompt processing progress: 4116/8204
2026-10-03 04:52:35,124 - INFO - Prompt processing progress: 4116/8204
2026-10-03 04:52:35,124 - INFO - Prompt processing progress: 4116/8204
2026-10-03 04:52:39,927 - INFO - Prompt processing progress: 6164/8204
2026-10-03 04:52:39,927 - INFO - Prompt processing progress: 6164/8204
2026-10-03 04:52:39,927 - INFO - Prompt processing progress: 6164/8204
2026-10-03 04:52:39,927 - INFO - Prompt processing progress: 6164/8204
2026-10-03 04:52:44,865 - INFO - Prompt processing progress: 8200/8204
2026-10-03 04:52:44,865 - INFO - Prompt processing progress: 8200/8204
2026-10-03 04:52:44,865 - INFO - Prompt processing progress: 8200/8204
2026-10-03 04:52:44,865 - INFO - Prompt processing progress: 8200/8204
2026-10-03 04:52:44,978 - INFO - Prompt processing progress: 8203/8204
2026-10-03 04:52:44,978 - INFO - Prompt processing progress: 8203/8204
2026-10-03 04:52:44,978 - INFO - Prompt processing progress: 8203/8204
2026-10-03 04:52:44,978 - INFO - Prompt processing progress: 8203/8204
2026-10-03 04:52:45,064 - INFO - Prompt processing progress: 8204/8204
2026-10-03 04:52:45,064 - INFO - Prompt processing progress: 8204/8204
2026-10-03 04:52:45,064 - INFO - Prompt processing progress: 8204/8204
2026-10-03 04:52:45,064 - INFO - Prompt processing progress: 8204/8204
2026-10-03 04:52:55,567 - INFO - Prompt Cache: 0 sequences, 0.00 GB
2026-10-03 04:52:55,567 - INFO - - assistant: 0 sequences, 0.00 GB
2026-10-03 04:52:55,567 - INFO - - user: 0 sequences, 0.00 GB
2026-10-03 04:52:55,567 - INFO - - system: 0 sequences, 0.00 GB
127.0.0.1 - - [03/Oct/2026 04:52:55] "POST /v1/chat/completions HTTP/1.1" 200 -
2026-10-03 04:52:55,659 - INFO - Prompt Cache: 0 sequences, 0.00 GB
2026-10-03 04:52:55,659 - INFO - - assistant: 0 sequences, 0.00 GB
2026-10-03 04:52:55,659 - INFO - - user: 0 sequences, 0.00 GB
2026-10-03 04:52:55,659 - INFO - - system: 0 sequences, 0.00 GB
127.0.0.1 - - [03/Oct/2026 04:52:55] "POST /v1/chat/completions HTTP/1.1" 200 -
2026-10-03 04:52:55,744 - INFO - Prompt Cache: 0 sequences, 0.00 GB
2026-10-03 04:52:55,744 - INFO - - assistant: 0 sequences, 0.00 GB
2026-10-03 04:52:55,744 - INFO - - user: 0 sequences, 0.00 GB
2026-10-03 04:52:55,744 - INFO - - system: 0 sequences, 0.00 GB
127.0.0.1 - - [03/Oct/2026 04:52:55] "POST /v1/chat/completions HTTP/1.1" 200 -
2026-10-03 04:52:55,825 - INFO - Prompt Cache: 0 sequences, 0.00 GB
2026-10-03 04:52:55,825 - INFO - - assistant: 0 sequences, 0.00 GB
2026-10-03 04:52:55,826 - INFO - - user: 0 sequences, 0.00 GB
2026-10-03 04:52:55,826 - INFO - - system: 0 sequences, 0.00 GB
127.0.0.1 - - [03/Oct/2026 04:52:55] "POST /v1/chat/completions HTTP/1.1" 200 -
2026-10-03 04:52:56,051 - INFO - Prompt processing progress: 20/8204
2026-10-03 04:52:56,051 - INFO - Prompt processing progress: 20/8204
2026-10-03 04:52:56,051 - INFO - Prompt processing progress: 20/8204
2026-10-03 04:52:56,051 - INFO - Prompt processing progress: 20/8204
2026-10-03 04:53:00,709 - INFO - Prompt processing progress: 2068/8204
2026-10-03 04:53:00,709 - INFO - Prompt processing progress: 2068/8204
2026-10-03 04:53:00,709 - INFO - Prompt processing progress: 2068/8204
2026-10-03 04:53:00,709 - INFO - Prompt processing progress: 2068/8204
2026-10-03 04:53:05,422 - INFO - Prompt processing progress: 4116/8204
2026-10-03 04:53:05,422 - INFO - Prompt processing progress: 4116/8204
2026-10-03 04:53:05,422 - INFO - Prompt processing progress: 4116/8204
2026-10-03 04:53:05,422 - INFO - Prompt processing progress: 4116/8204
2026-10-03 04:53:10,223 - INFO - Prompt processing progress: 6164/8204
2026-10-03 04:53:10,223 - INFO - Prompt processing progress: 6164/8204
2026-10-03 04:53:10,223 - INFO - Prompt processing progress: 6164/8204
2026-10-03 04:53:10,223 - INFO - Prompt processing progress: 6164/8204
2026-10-03 04:53:15,103 - INFO - Prompt processing progress: 8200/8204
2026-10-03 04:53:15,103 - INFO - Prompt processing progress: 8200/8204
2026-10-03 04:53:15,103 - INFO - Prompt processing progress: 8200/8204
2026-10-03 04:53:15,103 - INFO - Prompt processing progress: 8200/8204
2026-10-03 04:53:15,216 - INFO - Prompt processing progress: 8203/8204
2026-10-03 04:53:15,216 - INFO - Prompt processing progress: 8203/8204
2026-10-03 04:53:15,216 - INFO - Prompt processing progress: 8203/8204
2026-10-03 04:53:15,216 - INFO - Prompt processing progress: 8203/8204
2026-10-03 04:53:15,300 - INFO - Prompt processing progress: 8204/8204
2026-10-03 04:53:15,300 - INFO - Prompt processing progress: 8204/8204
2026-10-03 04:53:15,300 - INFO - Prompt processing progress: 8204/8204
2026-10-03 04:53:15,300 - INFO - Prompt processing progress: 8204/8204
2026-10-03 04:53:25,793 - INFO - Prompt Cache: 0 sequences, 0.00 GB
2026-10-03 04:53:25,793 - INFO - - assistant: 0 sequences, 0.00 GB
2026-10-03 04:53:25,793 - INFO - - user: 0 sequences, 0.00 GB
2026-10-03 04:53:25,793 - INFO - - system: 0 sequences, 0.00 GB
127.0.0.1 - - [03/Oct/2026 04:53:25] "POST /v1/chat/completions HTTP/1.1" 200 -
2026-10-03 04:53:25,880 - INFO - Prompt Cache: 0 sequences, 0.00 GB
2026-10-03 04:53:25,881 - INFO - - assistant: 0 sequences, 0.00 GB
2026-10-03 04:53:25,881 - INFO - - user: 0 sequences, 0.00 GB
2026-10-03 04:53:25,881 - INFO - - system: 0 sequences, 0.00 GB
127.0.0.1 - - [03/Oct/2026 04:53:25] "POST /v1/chat/completions HTTP/1.1" 200 -
2026-10-03 04:53:25,964 - INFO - Prompt Cache: 0 sequences, 0.00 GB
2026-10-03 04:53:25,964 - INFO - - assistant: 0 sequences, 0.00 GB
2026-10-03 04:53:25,964 - INFO - - user: 0 sequences, 0.00 GB
2026-10-03 04:53:25,964 - INFO - - system: 0 sequences, 0.00 GB
127.0.0.1 - - [03/Oct/2026 04:53:25] "POST /v1/chat/completions HTTP/1.1" 200 -
2026-10-03 04:53:26,051 - INFO - Prompt Cache: 0 sequences, 0.00 GB
2026-10-03 04:53:26,051 - INFO - - assistant: 0 sequences, 0.00 GB
2026-10-03 04:53:26,051 - INFO - - user: 0 sequences, 0.00 GB
2026-10-03 04:53:26,051 - INFO - - system: 0 sequences, 0.00 GB
127.0.0.1 - - [03/Oct/2026 04:53:26] "POST /v1/chat/completions HTTP/1.1" 200 -
2026-10-03 04:53:26,292 - INFO - Prompt processing progress: 20/8204
2026-10-03 04:53:26,292 - INFO - Prompt processing progress: 20/8204
2026-10-03 04:53:26,292 - INFO - Prompt processing progress: 20/8204
2026-10-03 04:53:26,292 - INFO - Prompt processing progress: 20/8204
2026-10-03 04:53:30,898 - INFO - Prompt processing progress: 2068/8204
2026-10-03 04:53:30,898 - INFO - Prompt processing progress: 2068/8204
2026-10-03 04:53:30,898 - INFO - Prompt processing progress: 2068/8204
2026-10-03 04:53:30,898 - INFO - Prompt processing progress: 2068/8204
2026-10-03 04:53:35,574 - INFO - Prompt processing progress: 4116/8204
2026-10-03 04:53:35,574 - INFO - Prompt processing progress: 4116/8204
2026-10-03 04:53:35,574 - INFO - Prompt processing progress: 4116/8204
2026-10-03 04:53:35,574 - INFO - Prompt processing progress: 4116/8204
2026-10-03 04:53:40,341 - INFO - Prompt processing progress: 6164/8204
2026-10-03 04:53:40,341 - INFO - Prompt processing progress: 6164/8204
2026-10-03 04:53:40,341 - INFO - Prompt processing progress: 6164/8204
2026-10-03 04:53:40,341 - INFO - Prompt processing progress: 6164/8204
2026-10-03 04:53:45,202 - INFO - Prompt processing progress: 8200/8204
2026-10-03 04:53:45,202 - INFO - Prompt processing progress: 8200/8204
2026-10-03 04:53:45,202 - INFO - Prompt processing progress: 8200/8204
2026-10-03 04:53:45,202 - INFO - Prompt processing progress: 8200/8204
2026-10-03 04:53:45,315 - INFO - Prompt processing progress: 8203/8204
2026-10-03 04:53:45,315 - INFO - Prompt processing progress: 8203/8204
2026-10-03 04:53:45,315 - INFO - Prompt processing progress: 8203/8204
2026-10-03 04:53:45,315 - INFO - Prompt processing progress: 8203/8204
2026-10-03 04:53:45,398 - INFO - Prompt processing progress: 8204/8204
2026-10-03 04:53:45,398 - INFO - Prompt processing progress: 8204/8204
2026-10-03 04:53:45,398 - INFO - Prompt processing progress: 8204/8204
2026-10-03 04:53:45,398 - INFO - Prompt processing progress: 8204/8204
2026-10-03 04:53:55,906 - INFO - Prompt Cache: 0 sequences, 0.00 GB
2026-10-03 04:53:55,907 - INFO - - assistant: 0 sequences, 0.00 GB
2026-10-03 04:53:55,907 - INFO - - user: 0 sequences, 0.00 GB
2026-10-03 04:53:55,907 - INFO - - system: 0 sequences, 0.00 GB
127.0.0.1 - - [03/Oct/2026 04:53:55] "POST /v1/chat/completions HTTP/1.1" 200 -
2026-10-03 04:53:55,994 - INFO - Prompt Cache: 0 sequences, 0.00 GB
2026-10-03 04:53:55,994 - INFO - - assistant: 0 sequences, 0.00 GB
2026-10-03 04:53:55,994 - INFO - - user: 0 sequences, 0.00 GB
2026-10-03 04:53:55,994 - INFO - - system: 0 sequences, 0.00 GB
127.0.0.1 - - [03/Oct/2026 04:53:55] "POST /v1/chat/completions HTTP/1.1" 200 -
2026-10-03 04:53:56,076 - INFO - Prompt Cache: 0 sequences, 0.00 GB
2026-10-03 04:53:56,076 - INFO - - assistant: 0 sequences, 0.00 GB
2026-10-03 04:53:56,076 - INFO - - user: 0 sequences, 0.00 GB
2026-10-03 04:53:56,076 - INFO - - system: 0 sequences, 0.00 GB
127.0.0.1 - - [03/Oct/2026 04:53:56] "POST /v1/chat/completions HTTP/1.1" 200 -
2026-10-03 04:53:56,158 - INFO - Prompt Cache: 0 sequences, 0.00 GB
2026-10-03 04:53:56,158 - INFO - - assistant: 0 sequences, 0.00 GB
2026-10-03 04:53:56,158 - INFO - - user: 0 sequences, 0.00 GB
2026-10-03 04:53:56,158 - INFO - - system: 0 sequences, 0.00 GB
127.0.0.1 - - [03/Oct/2026 04:53:56] "POST /v1/chat/completions HTTP/1.1" 200 -
2026-10-03 04:53:56,382 - INFO - Prompt processing progress: 20/8204
2026-10-03 04:53:56,382 - INFO - Prompt processing progress: 20/8204
2026-10-03 04:53:56,382 - INFO - Prompt processing progress: 20/8204
2026-10-03 04:53:56,382 - INFO - Prompt processing progress: 20/8204
2026-10-03 04:54:00,972 - INFO - Prompt processing progress: 2068/8204
2026-10-03 04:54:00,972 - INFO - Prompt processing progress: 2068/8204
2026-10-03 04:54:00,972 - INFO - Prompt processing progress: 2068/8204
2026-10-03 04:54:00,972 - INFO - Prompt processing progress: 2068/8204
2026-10-03 04:54:05,639 - INFO - Prompt processing progress: 4116/8204
2026-10-03 04:54:05,639 - INFO - Prompt processing progress: 4116/8204
2026-10-03 04:54:05,639 - INFO - Prompt processing progress: 4116/8204
2026-10-03 04:54:05,639 - INFO - Prompt processing progress: 4116/8204
2026-10-03 04:54:10,403 - INFO - Prompt processing progress: 6164/8204
2026-10-03 04:54:10,403 - INFO - Prompt processing progress: 6164/8204
2026-10-03 04:54:10,403 - INFO - Prompt processing progress: 6164/8204
2026-10-03 04:54:10,403 - INFO - Prompt processing progress: 6164/8204
2026-10-03 04:54:15,258 - INFO - Prompt processing progress: 8200/8204
2026-10-03 04:54:15,258 - INFO - Prompt processing progress: 8200/8204
2026-10-03 04:54:15,258 - INFO - Prompt processing progress: 8200/8204
2026-10-03 04:54:15,258 - INFO - Prompt processing progress: 8200/8204
2026-10-03 04:54:15,370 - INFO - Prompt processing progress: 8203/8204
2026-10-03 04:54:15,370 - INFO - Prompt processing progress: 8203/8204
2026-10-03 04:54:15,370 - INFO - Prompt processing progress: 8203/8204
2026-10-03 04:54:15,370 - INFO - Prompt processing progress: 8203/8204
2026-10-03 04:54:15,454 - INFO - Prompt processing progress: 8204/8204
2026-10-03 04:54:15,454 - INFO - Prompt processing progress: 8204/8204
2026-10-03 04:54:15,454 - INFO - Prompt processing progress: 8204/8204
2026-10-03 04:54:15,454 - INFO - Prompt processing progress: 8204/8204
2026-10-03 04:54:25,942 - INFO - Prompt Cache: 0 sequences, 0.00 GB
2026-10-03 04:54:25,942 - INFO - - assistant: 0 sequences, 0.00 GB
2026-10-03 04:54:25,942 - INFO - - user: 0 sequences, 0.00 GB
2026-10-03 04:54:25,942 - INFO - - system: 0 sequences, 0.00 GB
127.0.0.1 - - [03/Oct/2026 04:54:25] "POST /v1/chat/completions HTTP/1.1" 200 -
2026-10-03 04:54:26,033 - INFO - Prompt Cache: 0 sequences, 0.00 GB
2026-10-03 04:54:26,033 - INFO - - assistant: 0 sequences, 0.00 GB
2026-10-03 04:54:26,033 - INFO - - user: 0 sequences, 0.00 GB
2026-10-03 04:54:26,033 - INFO - - system: 0 sequences, 0.00 GB
127.0.0.1 - - [03/Oct/2026 04:54:26] "POST /v1/chat/completions HTTP/1.1" 200 -
2026-10-03 04:54:26,115 - INFO - Prompt Cache: 0 sequences, 0.00 GB
2026-10-03 04:54:26,116 - INFO - - assistant: 0 sequences, 0.00 GB
2026-10-03 04:54:26,116 - INFO - - user: 0 sequences, 0.00 GB
2026-10-03 04:54:26,116 - INFO - - system: 0 sequences, 0.00 GB
127.0.0.1 - - [03/Oct/2026 04:54:26] "POST /v1/chat/completions HTTP/1.1" 200 -
2026-10-03 04:54:26,197 - INFO - Prompt Cache: 0 sequences, 0.00 GB
2026-10-03 04:54:26,197 - INFO - - assistant: 0 sequences, 0.00 GB
2026-10-03 04:54:26,197 - INFO - - user: 0 sequences, 0.00 GB
2026-10-03 04:54:26,197 - INFO - - system: 0 sequences, 0.00 GB
127.0.0.1 - - [03/Oct/2026 04:54:26] "POST /v1/chat/completions HTTP/1.1" 200 -
2026-10-03 04:54:26,439 - INFO - Prompt processing progress: 20/8204
2026-10-03 04:54:26,439 - INFO - Prompt processing progress: 20/8204
2026-10-03 04:54:26,439 - INFO - Prompt processing progress: 20/8204
2026-10-03 04:54:26,439 - INFO - Prompt processing progress: 20/8204
2026-10-03 04:54:31,025 - INFO - Prompt processing progress: 2068/8204
2026-10-03 04:54:31,025 - INFO - Prompt processing progress: 2068/8204
2026-10-03 04:54:31,025 - INFO - Prompt processing progress: 2068/8204
2026-10-03 04:54:31,025 - INFO - Prompt processing progress: 2068/8204
2026-10-03 04:54:35,697 - INFO - Prompt processing progress: 4116/8204
2026-10-03 04:54:35,697 - INFO - Prompt processing progress: 4116/8204
2026-10-03 04:54:35,697 - INFO - Prompt processing progress: 4116/8204
2026-10-03 04:54:35,697 - INFO - Prompt processing progress: 4116/8204
2026-10-03 04:54:40,466 - INFO - Prompt processing progress: 6164/8204
2026-10-03 04:54:40,466 - INFO - Prompt processing progress: 6164/8204
2026-10-03 04:54:40,466 - INFO - Prompt processing progress: 6164/8204
2026-10-03 04:54:40,466 - INFO - Prompt processing progress: 6164/8204
2026-10-03 04:54:45,325 - INFO - Prompt processing progress: 8200/8204
2026-10-03 04:54:45,325 - INFO - Prompt processing progress: 8200/8204
2026-10-03 04:54:45,325 - INFO - Prompt processing progress: 8200/8204
2026-10-03 04:54:45,325 - INFO - Prompt processing progress: 8200/8204
2026-10-03 04:54:45,458 - INFO - Prompt processing progress: 8203/8204
2026-10-03 04:54:45,458 - INFO - Prompt processing progress: 8203/8204
2026-10-03 04:54:45,458 - INFO - Prompt processing progress: 8203/8204
2026-10-03 04:54:45,458 - INFO - Prompt processing progress: 8203/8204
2026-10-03 04:54:45,522 - INFO - Prompt processing progress: 8204/8204
2026-10-03 04:54:45,522 - INFO - Prompt processing progress: 8204/8204
2026-10-03 04:54:45,522 - INFO - Prompt processing progress: 8204/8204
2026-10-03 04:54:45,522 - INFO - Prompt processing progress: 8204/8204
2026-10-03 04:54:56,030 - INFO - Prompt Cache: 0 sequences, 0.00 GB
2026-10-03 04:54:56,030 - INFO - - assistant: 0 sequences, 0.00 GB
2026-10-03 04:54:56,030 - INFO - - user: 0 sequences, 0.00 GB
2026-10-03 04:54:56,030 - INFO - - system: 0 sequences, 0.00 GB
127.0.0.1 - - [03/Oct/2026 04:54:56] "POST /v1/chat/completions HTTP/1.1" 200 -
2026-10-03 04:54:56,119 - INFO - Prompt Cache: 0 sequences, 0.00 GB
2026-10-03 04:54:56,119 - INFO - - assistant: 0 sequences, 0.00 GB
2026-10-03 04:54:56,119 - INFO - - user: 0 sequences, 0.00 GB
2026-10-03 04:54:56,119 - INFO - - system: 0 sequences, 0.00 GB
127.0.0.1 - - [03/Oct/2026 04:54:56] "POST /v1/chat/completions HTTP/1.1" 200 -
2026-10-03 04:54:56,202 - INFO - Prompt Cache: 0 sequences, 0.00 GB
2026-10-03 04:54:56,202 - INFO - - assistant: 0 sequences, 0.00 GB
2026-10-03 04:54:56,202 - INFO - - user: 0 sequences, 0.00 GB
2026-10-03 04:54:56,202 - INFO - - system: 0 sequences, 0.00 GB
127.0.0.1 - - [03/Oct/2026 04:54:56] "POST /v1/chat/completions HTTP/1.1" 200 -
2026-10-03 04:54:56,283 - INFO - Prompt Cache: 0 sequences, 0.00 GB
2026-10-03 04:54:56,283 - INFO - - assistant: 0 sequences, 0.00 GB
2026-10-03 04:54:56,283 - INFO - - user: 0 sequences, 0.00 GB
2026-10-03 04:54:56,283 - INFO - - system: 0 sequences, 0.00 GB
127.0.0.1 - - [03/Oct/2026 04:54:56] "POST /v1/chat/completions HTTP/1.1" 200 -
2026-10-03 04:54:56,507 - INFO - Prompt processing progress: 20/8204
2026-10-03 04:54:56,507 - INFO - Prompt processing progress: 20/8204
2026-10-03 04:54:56,507 - INFO - Prompt processing progress: 20/8204
2026-10-03 04:54:56,507 - INFO - Prompt processing progress: 20/8204
2026-10-03 04:55:01,095 - INFO - Prompt processing progress: 2068/8204
2026-10-03 04:55:01,096 - INFO - Prompt processing progress: 2068/8204
2026-10-03 04:55:01,096 - INFO - Prompt processing progress: 2068/8204
2026-10-03 04:55:01,096 - INFO - Prompt processing progress: 2068/8204
2026-10-03 04:55:05,763 - INFO - Prompt processing progress: 4116/8204
2026-10-03 04:55:05,763 - INFO - Prompt processing progress: 4116/8204
2026-10-03 04:55:05,763 - INFO - Prompt processing progress: 4116/8204
2026-10-03 04:55:05,763 - INFO - Prompt processing progress: 4116/8204
2026-10-03 04:55:10,529 - INFO - Prompt processing progress: 6164/8204
2026-10-03 04:55:10,529 - INFO - Prompt processing progress: 6164/8204
2026-10-03 04:55:10,529 - INFO - Prompt processing progress: 6164/8204
2026-10-03 04:55:10,529 - INFO - Prompt processing progress: 6164/8204
2026-10-03 04:55:15,387 - INFO - Prompt processing progress: 8200/8204
2026-10-03 04:55:15,387 - INFO - Prompt processing progress: 8200/8204
2026-10-03 04:55:15,387 - INFO - Prompt processing progress: 8200/8204
2026-10-03 04:55:15,387 - INFO - Prompt processing progress: 8200/8204
2026-10-03 04:55:15,511 - INFO - Prompt processing progress: 8203/8204
2026-10-03 04:55:15,511 - INFO - Prompt processing progress: 8203/8204
2026-10-03 04:55:15,511 - INFO - Prompt processing progress: 8203/8204
2026-10-03 04:55:15,511 - INFO - Prompt processing progress: 8203/8204
2026-10-03 04:55:15,575 - INFO - Prompt processing progress: 8204/8204
2026-10-03 04:55:15,575 - INFO - Prompt processing progress: 8204/8204
2026-10-03 04:55:15,575 - INFO - Prompt processing progress: 8204/8204
2026-10-03 04:55:15,575 - INFO - Prompt processing progress: 8204/8204
2026-10-03 04:55:26,062 - INFO - Prompt Cache: 0 sequences, 0.00 GB
2026-10-03 04:55:26,062 - INFO - - assistant: 0 sequences, 0.00 GB
2026-10-03 04:55:26,062 - INFO - - user: 0 sequences, 0.00 GB
2026-10-03 04:55:26,062 - INFO - - system: 0 sequences, 0.00 GB
127.0.0.1 - - [03/Oct/2026 04:55:26] "POST /v1/chat/completions HTTP/1.1" 200 -
2026-10-03 04:55:26,150 - INFO - Prompt Cache: 0 sequences, 0.00 GB
2026-10-03 04:55:26,150 - INFO - - assistant: 0 sequences, 0.00 GB
2026-10-03 04:55:26,150 - INFO - - user: 0 sequences, 0.00 GB
2026-10-03 04:55:26,150 - INFO - - system: 0 sequences, 0.00 GB
127.0.0.1 - - [03/Oct/2026 04:55:26] "POST /v1/chat/completions HTTP/1.1" 200 -
2026-10-03 04:55:26,236 - INFO - Prompt Cache: 0 sequences, 0.00 GB
2026-10-03 04:55:26,236 - INFO - - assistant: 0 sequences, 0.00 GB
2026-10-03 04:55:26,236 - INFO - - user: 0 sequences, 0.00 GB
2026-10-03 04:55:26,236 - INFO - - system: 0 sequences, 0.00 GB
127.0.0.1 - - [03/Oct/2026 04:55:26] "POST /v1/chat/completions HTTP/1.1" 200 -
2026-10-03 04:55:26,318 - INFO - Prompt Cache: 0 sequences, 0.00 GB
2026-10-03 04:55:26,318 - INFO - - assistant: 0 sequences, 0.00 GB
2026-10-03 04:55:26,318 - INFO - - user: 0 sequences, 0.00 GB
2026-10-03 04:55:26,318 - INFO - - system: 0 sequences, 0.00 GB
127.0.0.1 - - [03/Oct/2026 04:55:26] "POST /v1/chat/completions HTTP/1.1" 200 -
2026-10-03 04:55:26,564 - INFO - Prompt processing progress: 20/8204
2026-10-03 04:55:26,564 - INFO - Prompt processing progress: 20/8204
2026-10-03 04:55:26,564 - INFO - Prompt processing progress: 20/8204
2026-10-03 04:55:26,564 - INFO - Prompt processing progress: 20/8204
2026-10-03 04:55:31,152 - INFO - Prompt processing progress: 2068/8204
2026-10-03 04:55:31,152 - INFO - Prompt processing progress: 2068/8204
2026-10-03 04:55:31,152 - INFO - Prompt processing progress: 2068/8204
2026-10-03 04:55:31,152 - INFO - Prompt processing progress: 2068/8204
2026-10-03 04:55:35,820 - INFO - Prompt processing progress: 4116/8204
2026-10-03 04:55:35,820 - INFO - Prompt processing progress: 4116/8204
2026-10-03 04:55:35,820 - INFO - Prompt processing progress: 4116/8204
2026-10-03 04:55:35,820 - INFO - Prompt processing progress: 4116/8204
2026-10-03 04:55:40,586 - INFO - Prompt processing progress: 6164/8204
2026-10-03 04:55:40,586 - INFO - Prompt processing progress: 6164/8204
2026-10-03 04:55:40,586 - INFO - Prompt processing progress: 6164/8204
2026-10-03 04:55:40,586 - INFO - Prompt processing progress: 6164/8204
2026-10-03 04:55:45,443 - INFO - Prompt processing progress: 8200/8204
2026-10-03 04:55:45,443 - INFO - Prompt processing progress: 8200/8204
2026-10-03 04:55:45,443 - INFO - Prompt processing progress: 8200/8204
2026-10-03 04:55:45,443 - INFO - Prompt processing progress: 8200/8204
2026-10-03 04:55:45,575 - INFO - Prompt processing progress: 8203/8204
2026-10-03 04:55:45,575 - INFO - Prompt processing progress: 8203/8204
2026-10-03 04:55:45,575 - INFO - Prompt processing progress: 8203/8204
2026-10-03 04:55:45,575 - INFO - Prompt processing progress: 8203/8204
2026-10-03 04:55:45,639 - INFO - Prompt processing progress: 8204/8204
2026-10-03 04:55:45,639 - INFO - Prompt processing progress: 8204/8204
2026-10-03 04:55:45,639 - INFO - Prompt processing progress: 8204/8204
2026-10-03 04:55:45,639 - INFO - Prompt processing progress: 8204/8204
2026-10-03 04:55:56,138 - INFO - Prompt Cache: 0 sequences, 0.00 GB
2026-10-03 04:55:56,138 - INFO - - assistant: 0 sequences, 0.00 GB
2026-10-03 04:55:56,138 - INFO - - user: 0 sequences, 0.00 GB
2026-10-03 04:55:56,138 - INFO - - system: 0 sequences, 0.00 GB
127.0.0.1 - - [03/Oct/2026 04:55:56] "POST /v1/chat/completions HTTP/1.1" 200 -
2026-10-03 04:55:56,227 - INFO - Prompt Cache: 0 sequences, 0.00 GB
2026-10-03 04:55:56,227 - INFO - - assistant: 0 sequences, 0.00 GB
2026-10-03 04:55:56,227 - INFO - - user: 0 sequences, 0.00 GB
2026-10-03 04:55:56,227 - INFO - - system: 0 sequences, 0.00 GB
127.0.0.1 - - [03/Oct/2026 04:55:56] "POST /v1/chat/completions HTTP/1.1" 200 -
2026-10-03 04:55:56,315 - INFO - Prompt Cache: 0 sequences, 0.00 GB
2026-10-03 04:55:56,315 - INFO - - assistant: 0 sequences, 0.00 GB
2026-10-03 04:55:56,315 - INFO - - user: 0 sequences, 0.00 GB
2026-10-03 04:55:56,315 - INFO - - system: 0 sequences, 0.00 GB
127.0.0.1 - - [03/Oct/2026 04:55:56] "POST /v1/chat/completions HTTP/1.1" 200 -
2026-10-03 04:55:56,400 - INFO - Prompt Cache: 0 sequences, 0.00 GB
2026-10-03 04:55:56,400 - INFO - - assistant: 0 sequences, 0.00 GB
2026-10-03 04:55:56,400 - INFO - - user: 0 sequences, 0.00 GB
2026-10-03 04:55:56,400 - INFO - - system: 0 sequences, 0.00 GB
127.0.0.1 - - [03/Oct/2026 04:55:56] "POST /v1/chat/completions HTTP/1.1" 200 -
2026-10-03 04:55:56,624 - INFO - Prompt processing progress: 20/8204
2026-10-03 04:55:56,624 - INFO - Prompt processing progress: 20/8204
2026-10-03 04:55:56,624 - INFO - Prompt processing progress: 20/8204
2026-10-03 04:55:56,624 - INFO - Prompt processing progress: 20/8204
2026-10-03 04:56:01,215 - INFO - Prompt processing progress: 2068/8204
2026-10-03 04:56:01,215 - INFO - Prompt processing progress: 2068/8204
2026-10-03 04:56:01,215 - INFO - Prompt processing progress: 2068/8204
2026-10-03 04:56:01,215 - INFO - Prompt processing progress: 2068/8204
2026-10-03 04:56:05,880 - INFO - Prompt processing progress: 4116/8204
2026-10-03 04:56:05,880 - INFO - Prompt processing progress: 4116/8204
2026-10-03 04:56:05,880 - INFO - Prompt processing progress: 4116/8204
2026-10-03 04:56:05,880 - INFO - Prompt processing progress: 4116/8204
2026-10-03 04:56:10,644 - INFO - Prompt processing progress: 6164/8204
2026-10-03 04:56:10,644 - INFO - Prompt processing progress: 6164/8204
2026-10-03 04:56:10,644 - INFO - Prompt processing progress: 6164/8204
2026-10-03 04:56:10,644 - INFO - Prompt processing progress: 6164/8204
2026-10-03 04:56:15,501 - INFO - Prompt processing progress: 8200/8204
2026-10-03 04:56:15,501 - INFO - Prompt processing progress: 8200/8204
2026-10-03 04:56:15,501 - INFO - Prompt processing progress: 8200/8204
2026-10-03 04:56:15,501 - INFO - Prompt processing progress: 8200/8204
2026-10-03 04:56:15,624 - INFO - Prompt processing progress: 8203/8204
2026-10-03 04:56:15,624 - INFO - Prompt processing progress: 8203/8204
2026-10-03 04:56:15,624 - INFO - Prompt processing progress: 8203/8204
2026-10-03 04:56:15,625 - INFO - Prompt processing progress: 8203/8204
2026-10-03 04:56:15,691 - INFO - Prompt processing progress: 8204/8204
2026-10-03 04:56:15,691 - INFO - Prompt processing progress: 8204/8204
2026-10-03 04:56:15,691 - INFO - Prompt processing progress: 8204/8204
2026-10-03 04:56:15,691 - INFO - Prompt processing progress: 8204/8204
2026-10-03 04:56:26,168 - INFO - Prompt Cache: 0 sequences, 0.00 GB
2026-10-03 04:56:26,168 - INFO - - assistant: 0 sequences, 0.00 GB
2026-10-03 04:56:26,168 - INFO - - user: 0 sequences, 0.00 GB
2026-10-03 04:56:26,168 - INFO - - system: 0 sequences, 0.00 GB
127.0.0.1 - - [03/Oct/2026 04:56:26] "POST /v1/chat/completions HTTP/1.1" 200 -
2026-10-03 04:56:26,259 - INFO - Prompt Cache: 0 sequences, 0.00 GB
2026-10-03 04:56:26,259 - INFO - - assistant: 0 sequences, 0.00 GB
2026-10-03 04:56:26,259 - INFO - - user: 0 sequences, 0.00 GB
2026-10-03 04:56:26,259 - INFO - - system: 0 sequences, 0.00 GB
127.0.0.1 - - [03/Oct/2026 04:56:26] "POST /v1/chat/completions HTTP/1.1" 200 -
2026-10-03 04:56:26,346 - INFO - Prompt Cache: 0 sequences, 0.00 GB
2026-10-03 04:56:26,346 - INFO - - assistant: 0 sequences, 0.00 GB
2026-10-03 04:56:26,346 - INFO - - user: 0 sequences, 0.00 GB
2026-10-03 04:56:26,346 - INFO - - system: 0 sequences, 0.00 GB
127.0.0.1 - - [03/Oct/2026 04:56:26] "POST /v1/chat/completions HTTP/1.1" 200 -
2026-10-03 04:56:26,428 - INFO - Prompt Cache: 0 sequences, 0.00 GB
2026-10-03 04:56:26,428 - INFO - - assistant: 0 sequences, 0.00 GB
2026-10-03 04:56:26,428 - INFO - - user: 0 sequences, 0.00 GB
2026-10-03 04:56:26,428 - INFO - - system: 0 sequences, 0.00 GB
127.0.0.1 - - [03/Oct/2026 04:56:26] "POST /v1/chat/completions HTTP/1.1" 200 -
2026-10-03 04:56:26,672 - INFO - Prompt processing progress: 20/8204
2026-10-03 04:56:26,672 - INFO - Prompt processing progress: 20/8204
2026-10-03 04:56:26,672 - INFO - Prompt processing progress: 20/8204
2026-10-03 04:56:26,672 - INFO - Prompt processing progress: 20/8204
2026-10-03 04:56:31,258 - INFO - Prompt processing progress: 2068/8204
2026-10-03 04:56:31,258 - INFO - Prompt processing progress: 2068/8204
2026-10-03 04:56:31,258 - INFO - Prompt processing progress: 2068/8204
2026-10-03 04:56:31,258 - INFO - Prompt processing progress: 2068/8204
2026-10-03 04:56:35,930 - INFO - Prompt processing progress: 4116/8204
2026-10-03 04:56:35,930 - INFO - Prompt processing progress: 4116/8204
2026-10-03 04:56:35,930 - INFO - Prompt processing progress: 4116/8204
2026-10-03 04:56:35,930 - INFO - Prompt processing progress: 4116/8204
2026-10-03 04:56:40,694 - INFO - Prompt processing progress: 6164/8204
2026-10-03 04:56:40,694 - INFO - Prompt processing progress: 6164/8204
2026-10-03 04:56:40,694 - INFO - Prompt processing progress: 6164/8204
2026-10-03 04:56:40,694 - INFO - Prompt processing progress: 6164/8204
2026-10-03 04:56:45,552 - INFO - Prompt processing progress: 8200/8204
2026-10-03 04:56:45,553 - INFO - Prompt processing progress: 8200/8204
2026-10-03 04:56:45,553 - INFO - Prompt processing progress: 8200/8204
2026-10-03 04:56:45,553 - INFO - Prompt processing progress: 8200/8204
2026-10-03 04:56:45,681 - INFO - Prompt processing progress: 8203/8204
2026-10-03 04:56:45,681 - INFO - Prompt processing progress: 8203/8204
2026-10-03 04:56:45,681 - INFO - Prompt processing progress: 8203/8204
2026-10-03 04:56:45,681 - INFO - Prompt processing progress: 8203/8204
2026-10-03 04:56:45,745 - INFO - Prompt processing progress: 8204/8204
2026-10-03 04:56:45,745 - INFO - Prompt processing progress: 8204/8204
2026-10-03 04:56:45,745 - INFO - Prompt processing progress: 8204/8204
2026-10-03 04:56:45,745 - INFO - Prompt processing progress: 8204/8204
2026-10-03 04:56:56,243 - INFO - Prompt Cache: 0 sequences, 0.00 GB
2026-10-03 04:56:56,243 - INFO - - assistant: 0 sequences, 0.00 GB
2026-10-03 04:56:56,243 - INFO - - user: 0 sequences, 0.00 GB
2026-10-03 04:56:56,243 - INFO - - system: 0 sequences, 0.00 GB
127.0.0.1 - - [03/Oct/2026 04:56:56] "POST /v1/chat/completions HTTP/1.1" 200 -
2026-10-03 04:56:56,330 - INFO - Prompt Cache: 0 sequences, 0.00 GB
2026-10-03 04:56:56,330 - INFO - - assistant: 0 sequences, 0.00 GB
2026-10-03 04:56:56,330 - INFO - - user: 0 sequences, 0.00 GB
2026-10-03 04:56:56,330 - INFO - - system: 0 sequences, 0.00 GB
127.0.0.1 - - [03/Oct/2026 04:56:56] "POST /v1/chat/completions HTTP/1.1" 200 -
2026-10-03 04:56:56,412 - INFO - Prompt Cache: 0 sequences, 0.00 GB
2026-10-03 04:56:56,412 - INFO - - assistant: 0 sequences, 0.00 GB
2026-10-03 04:56:56,412 - INFO - - user: 0 sequences, 0.00 GB
2026-10-03 04:56:56,412 - INFO - - system: 0 sequences, 0.00 GB
127.0.0.1 - - [03/Oct/2026 04:56:56] "POST /v1/chat/completions HTTP/1.1" 200 -
2026-10-03 04:56:56,498 - INFO - Prompt Cache: 0 sequences, 0.00 GB
2026-10-03 04:56:56,498 - INFO - - assistant: 0 sequences, 0.00 GB
2026-10-03 04:56:56,498 - INFO - - user: 0 sequences, 0.00 GB
2026-10-03 04:56:56,498 - INFO - - system: 0 sequences, 0.00 GB
127.0.0.1 - - [03/Oct/2026 04:56:56] "POST /v1/chat/completions HTTP/1.1" 200 -
2026-10-03 04:56:56,722 - INFO - Prompt processing progress: 20/8204
2026-10-03 04:56:56,722 - INFO - Prompt processing progress: 20/8204
2026-10-03 04:56:56,722 - INFO - Prompt processing progress: 20/8204
2026-10-03 04:56:56,722 - INFO - Prompt processing progress: 20/8204
2026-10-03 04:57:01,322 - INFO - Prompt processing progress: 2068/8204
2026-10-03 04:57:01,322 - INFO - Prompt processing progress: 2068/8204
2026-10-03 04:57:01,322 - INFO - Prompt processing progress: 2068/8204
2026-10-03 04:57:01,322 - INFO - Prompt processing progress: 2068/8204
2026-10-03 04:57:05,994 - INFO - Prompt processing progress: 4116/8204
2026-10-03 04:57:05,994 - INFO - Prompt processing progress: 4116/8204
2026-10-03 04:57:05,994 - INFO - Prompt processing progress: 4116/8204
2026-10-03 04:57:05,994 - INFO - Prompt processing progress: 4116/8204
2026-10-03 04:57:10,760 - INFO - Prompt processing progress: 6164/8204
2026-10-03 04:57:10,760 - INFO - Prompt processing progress: 6164/8204
2026-10-03 04:57:10,760 - INFO - Prompt processing progress: 6164/8204
2026-10-03 04:57:10,760 - INFO - Prompt processing progress: 6164/8204
2026-10-03 04:57:15,616 - INFO - Prompt processing progress: 8200/8204
2026-10-03 04:57:15,616 - INFO - Prompt processing progress: 8200/8204
2026-10-03 04:57:15,616 - INFO - Prompt processing progress: 8200/8204
2026-10-03 04:57:15,616 - INFO - Prompt processing progress: 8200/8204
2026-10-03 04:57:15,739 - INFO - Prompt processing progress: 8203/8204
2026-10-03 04:57:15,739 - INFO - Prompt processing progress: 8203/8204
2026-10-03 04:57:15,739 - INFO - Prompt processing progress: 8203/8204
2026-10-03 04:57:15,739 - INFO - Prompt processing progress: 8203/8204
2026-10-03 04:57:15,803 - INFO - Prompt processing progress: 8204/8204
2026-10-03 04:57:15,803 - INFO - Prompt processing progress: 8204/8204
2026-10-03 04:57:15,803 - INFO - Prompt processing progress: 8204/8204
2026-10-03 04:57:15,803 - INFO - Prompt processing progress: 8204/8204
