<M5_REPO>/.venv/lib/python3.12/site-packages/mlx_lm/server.py:1723: UserWarning: mlx_lm.server is not recommended for production as it only implements basic security checks.
  warnings.warn(
2026-10-02 01:09:42,299 - INFO - Starting httpd at 127.0.0.1 on port 18184...
127.0.0.1 - - [02/Oct/2026 01:09:42] "GET /v1/models HTTP/1.1" 200 -
127.0.0.1 - - [02/Oct/2026 01:09:43] "GET /v1/models HTTP/1.1" 200 -
2026-10-02 01:09:43,932 - INFO - Prompt Cache: 0 sequences, 0.00 GB
2026-10-02 01:09:43,932 - INFO - - assistant: 0 sequences, 0.00 GB
2026-10-02 01:09:43,932 - INFO - - user: 0 sequences, 0.00 GB
2026-10-02 01:09:43,932 - INFO - - system: 0 sequences, 0.00 GB
127.0.0.1 - - [02/Oct/2026 01:09:43] "POST /v1/chat/completions HTTP/1.1" 200 -
2026-10-02 01:09:44,576 - INFO - Prompt processing progress: 507/527
2026-10-02 01:09:44,664 - INFO - Prompt processing progress: 526/527
2026-10-02 01:09:45,092 - INFO - Prompt processing progress: 527/527
2026-10-02 01:09:47,901 - INFO - Prompt Cache: 1 sequences, 0.54 GB
2026-10-02 01:09:47,901 - INFO - - assistant: 1 sequences, 0.54 GB
2026-10-02 01:09:47,901 - INFO - - user: 0 sequences, 0.00 GB
2026-10-02 01:09:47,901 - INFO - - system: 0 sequences, 0.00 GB
127.0.0.1 - - [02/Oct/2026 01:09:47] "POST /v1/chat/completions HTTP/1.1" 200 -
2026-10-02 01:09:48,177 - INFO - Prompt processing progress: 110/111
2026-10-02 01:09:48,227 - INFO - Prompt processing progress: 111/111
2026-10-02 01:09:51,166 - INFO - Prompt Cache: 1 sequences, 0.64 GB
2026-10-02 01:09:51,166 - INFO - - assistant: 1 sequences, 0.64 GB
2026-10-02 01:09:51,166 - INFO - - user: 0 sequences, 0.00 GB
2026-10-02 01:09:51,166 - INFO - - system: 0 sequences, 0.00 GB
127.0.0.1 - - [02/Oct/2026 01:09:51] "POST /v1/chat/completions HTTP/1.1" 200 -
2026-10-02 01:09:51,450 - INFO - Prompt processing progress: 94/95
2026-10-02 01:09:51,499 - INFO - Prompt processing progress: 95/95
2026-10-02 01:09:55,670 - INFO - Prompt Cache: 1 sequences, 0.76 GB
2026-10-02 01:09:55,670 - INFO - - assistant: 1 sequences, 0.76 GB
2026-10-02 01:09:55,670 - INFO - - user: 0 sequences, 0.00 GB
2026-10-02 01:09:55,670 - INFO - - system: 0 sequences, 0.00 GB
127.0.0.1 - - [02/Oct/2026 01:09:55] "POST /v1/chat/completions HTTP/1.1" 200 -
2026-10-02 01:09:55,939 - INFO - Prompt processing progress: 97/98
2026-10-02 01:09:55,989 - INFO - Prompt processing progress: 98/98
2026-10-02 01:10:01,489 - INFO - Prompt Cache: 1 sequences, 0.88 GB
2026-10-02 01:10:01,489 - INFO - - assistant: 1 sequences, 0.88 GB
2026-10-02 01:10:01,489 - INFO - - user: 0 sequences, 0.00 GB
2026-10-02 01:10:01,489 - INFO - - system: 0 sequences, 0.00 GB
127.0.0.1 - - [02/Oct/2026 01:10:01] "POST /v1/chat/completions HTTP/1.1" 200 -
2026-10-02 01:10:01,816 - INFO - Prompt processing progress: 155/156
2026-10-02 01:10:01,866 - INFO - Prompt processing progress: 156/156
2026-10-02 01:10:05,808 - INFO - Prompt Cache: 1 sequences, 0.89 GB
2026-10-02 01:10:05,808 - INFO - - assistant: 0 sequences, 0.00 GB
2026-10-02 01:10:05,808 - INFO - - user: 1 sequences, 0.89 GB
2026-10-02 01:10:05,808 - INFO - - system: 0 sequences, 0.00 GB
127.0.0.1 - - [02/Oct/2026 01:10:05] "POST /v1/chat/completions HTTP/1.1" 200 -
2026-10-02 01:10:05,984 - INFO - Prompt processing progress: 5/633
2026-10-02 01:10:06,491 - INFO - Prompt processing progress: 632/633
2026-10-02 01:10:06,541 - INFO - Prompt processing progress: 633/633
