<repo>/vendor/vlm-runtime/.venv/lib/python3.12/site-packages/mlx_lm/server.py:1723: UserWarning: mlx_lm.server is not recommended for production as it only implements basic security checks.
  warnings.warn(
2026-10-01 20:10:53,542 - INFO - Starting httpd at 127.0.0.1 on port 18185...
127.0.0.1 - - [01/Oct/2026 20:10:54] "GET /v1/models HTTP/1.1" 200 -
----------------------------------------
Exception occurred during processing of request from ('127.0.0.1', 62092)
Traceback (most recent call last):
  File "<m5-home>/.local/share/uv/python/cpython-3.12.13-macos-aarch64-none/lib/python3.12/socketserver.py", line 697, in process_request_thread
    self.finish_request(request, client_address)
  File "<m5-home>/.local/share/uv/python/cpython-3.12.13-macos-aarch64-none/lib/python3.12/socketserver.py", line 362, in finish_request
    self.RequestHandlerClass(request, client_address, self)
  File "<repo>/vendor/vlm-runtime/.venv/lib/python3.12/site-packages/mlx_lm/server.py", line 1716, in <lambda>
    lambda *args, **kwargs: handler_class(
                            ^^^^^^^^^^^^^^
  File "<repo>/vendor/vlm-runtime/.venv/lib/python3.12/site-packages/mlx_lm/server.py", line 1073, in __init__
    super().__init__(*args, **kwargs)
  File "<m5-home>/.local/share/uv/python/cpython-3.12.13-macos-aarch64-none/lib/python3.12/socketserver.py", line 766, in __init__
    self.handle()
  File "<m5-home>/.local/share/uv/python/cpython-3.12.13-macos-aarch64-none/lib/python3.12/http/server.py", line 440, in handle
    self.handle_one_request()
  File "<m5-home>/.local/share/uv/python/cpython-3.12.13-macos-aarch64-none/lib/python3.12/http/server.py", line 428, in handle_one_request
    method()
  File "<repo>/vendor/vlm-runtime/.venv/lib/python3.12/site-packages/mlx_lm/server.py", line 1625, in do_GET
    self.handle_models_request()
  File "<repo>/vendor/vlm-runtime/.venv/lib/python3.12/site-packages/mlx_lm/server.py", line 1668, in handle_models_request
    hf_cache_info = scan_cache_dir()
                    ^^^^^^^^^^^^^^^^
  File "<repo>/vendor/vlm-runtime/.venv/lib/python3.12/site-packages/huggingface_hub/utils/_cache_manager.py", line 777, in scan_cache_dir
    raise CacheNotFound(
huggingface_hub.errors.CacheNotFound: Cache directory not found: <repo>/.cache/huggingface/hub. Please use `cache_dir` argument or set `HF_HUB_CACHE` environment variable.
----------------------------------------
[transformers] You are using a model of type `mimo_v2` to instantiate a model of type ``. This may be expected if you are loading a checkpoint that shares a subset of the architecture (e.g., loading a `sam2_video` checkpoint into `Sam2Model`), but is otherwise not supported and can yield errors. Please verify that the checkpoint is compatible with the model you are instantiating.
127.0.0.1 - - [01/Oct/2026 20:11:05] "POST /v1/chat/completions HTTP/1.1" 200 -
2026-10-01 20:11:05,201 - INFO - Prompt Cache: 0 sequences, 0.00 GB
2026-10-01 20:11:05,201 - INFO - - assistant: 0 sequences, 0.00 GB
2026-10-01 20:11:05,201 - INFO - - user: 0 sequences, 0.00 GB
2026-10-01 20:11:05,201 - INFO - - system: 0 sequences, 0.00 GB
2026-10-01 20:11:05,248 - INFO - Prompt processing progress: 0/200001
2026-10-01 20:11:10,840 - INFO - Prompt processing progress: 2048/200001
2026-10-01 20:11:12,013 - INFO - Prompt processing progress: 4096/200001
2026-10-01 20:11:13,229 - INFO - Prompt processing progress: 6144/200001
2026-10-01 20:11:14,489 - INFO - Prompt processing progress: 8192/200001
2026-10-01 20:11:15,807 - INFO - Prompt processing progress: 10240/200001
2026-10-01 20:11:17,166 - INFO - Prompt processing progress: 12288/200001
2026-10-01 20:11:18,579 - INFO - Prompt processing progress: 14336/200001
2026-10-01 20:11:20,039 - INFO - Prompt processing progress: 16384/200001
2026-10-01 20:11:21,549 - INFO - Prompt processing progress: 18432/200001
2026-10-01 20:11:23,104 - INFO - Prompt processing progress: 20480/200001
2026-10-01 20:11:24,705 - INFO - Prompt processing progress: 22528/200001
2026-10-01 20:11:26,363 - INFO - Prompt processing progress: 24576/200001
2026-10-01 20:11:28,065 - INFO - Prompt processing progress: 26624/200001
2026-10-01 20:11:29,818 - INFO - Prompt processing progress: 28672/200001
2026-10-01 20:11:31,622 - INFO - Prompt processing progress: 30720/200001
2026-10-01 20:11:33,472 - INFO - Prompt processing progress: 32768/200001
2026-10-01 20:11:35,357 - INFO - Prompt processing progress: 34816/200001
2026-10-01 20:11:37,302 - INFO - Prompt processing progress: 36864/200001
2026-10-01 20:11:39,295 - INFO - Prompt processing progress: 38912/200001
2026-10-01 20:11:41,342 - INFO - Prompt processing progress: 40960/200001
2026-10-01 20:11:43,433 - INFO - Prompt processing progress: 43008/200001
2026-10-01 20:11:45,593 - INFO - Prompt processing progress: 45056/200001
2026-10-01 20:11:47,797 - INFO - Prompt processing progress: 47104/200001
2026-10-01 20:11:50,049 - INFO - Prompt processing progress: 49152/200001
2026-10-01 20:11:52,370 - INFO - Prompt processing progress: 51200/200001
2026-10-01 20:11:54,762 - INFO - Prompt processing progress: 53248/200001
2026-10-01 20:11:57,200 - INFO - Prompt processing progress: 55296/200001
2026-10-01 20:11:59,751 - INFO - Prompt processing progress: 57344/200001
2026-10-01 20:12:02,367 - INFO - Prompt processing progress: 59392/200001
2026-10-01 20:12:05,058 - INFO - Prompt processing progress: 61440/200001
2026-10-01 20:12:07,808 - INFO - Prompt processing progress: 63488/200001
2026-10-01 20:12:10,597 - INFO - Prompt processing progress: 65536/200001
2026-10-01 20:12:13,465 - INFO - Prompt processing progress: 67584/200001
2026-10-01 20:12:16,398 - INFO - Prompt processing progress: 69632/200001
2026-10-01 20:12:19,396 - INFO - Prompt processing progress: 71680/200001
2026-10-01 20:12:22,451 - INFO - Prompt processing progress: 73728/200001
2026-10-01 20:12:25,543 - INFO - Prompt processing progress: 75776/200001
2026-10-01 20:12:28,714 - INFO - Prompt processing progress: 77824/200001
2026-10-01 20:12:31,926 - INFO - Prompt processing progress: 79872/200001
2026-10-01 20:12:35,189 - INFO - Prompt processing progress: 81920/200001
2026-10-01 20:12:38,525 - INFO - Prompt processing progress: 83968/200001
2026-10-01 20:12:41,899 - INFO - Prompt processing progress: 86016/200001
2026-10-01 20:12:45,331 - INFO - Prompt processing progress: 88064/200001
2026-10-01 20:12:48,826 - INFO - Prompt processing progress: 90112/200001
2026-10-01 20:12:52,378 - INFO - Prompt processing progress: 92160/200001
2026-10-01 20:12:55,965 - INFO - Prompt processing progress: 94208/200001
2026-10-01 20:12:59,620 - INFO - Prompt processing progress: 96256/200001
2026-10-01 20:13:03,318 - INFO - Prompt processing progress: 98304/200001
2026-10-01 20:13:07,084 - INFO - Prompt processing progress: 100352/200001
2026-10-01 20:13:10,912 - INFO - Prompt processing progress: 102400/200001
2026-10-01 20:13:14,787 - INFO - Prompt processing progress: 104448/200001
2026-10-01 20:13:18,728 - INFO - Prompt processing progress: 106496/200001
2026-10-01 20:13:22,728 - INFO - Prompt processing progress: 108544/200001
2026-10-01 20:13:26,796 - INFO - Prompt processing progress: 110592/200001
2026-10-01 20:13:30,908 - INFO - Prompt processing progress: 112640/200001
2026-10-01 20:13:35,075 - INFO - Prompt processing progress: 114688/200001
2026-10-01 20:13:39,293 - INFO - Prompt processing progress: 116736/200001
2026-10-01 20:13:43,516 - INFO - Prompt processing progress: 118784/200001
2026-10-01 20:13:47,845 - INFO - Prompt processing progress: 120832/200001
2026-10-01 20:13:52,248 - INFO - Prompt processing progress: 122880/200001
2026-10-01 20:13:56,703 - INFO - Prompt processing progress: 124928/200001
2026-10-01 20:14:01,185 - INFO - Prompt processing progress: 126976/200001
2026-10-01 20:14:05,741 - INFO - Prompt processing progress: 129024/200001
2026-10-01 20:14:10,327 - INFO - Prompt processing progress: 131072/200001
2026-10-01 20:14:15,000 - INFO - Prompt processing progress: 133120/200001
2026-10-01 20:14:19,723 - INFO - Prompt processing progress: 135168/200001
2026-10-01 20:14:24,516 - INFO - Prompt processing progress: 137216/200001
2026-10-01 20:14:29,358 - INFO - Prompt processing progress: 139264/200001
2026-10-01 20:14:34,234 - INFO - Prompt processing progress: 141312/200001
2026-10-01 20:14:39,189 - INFO - Prompt processing progress: 143360/200001
2026-10-01 20:14:44,206 - INFO - Prompt processing progress: 145408/200001
2026-10-01 20:14:49,253 - INFO - Prompt processing progress: 147456/200001
2026-10-01 20:14:54,352 - INFO - Prompt processing progress: 149504/200001
2026-10-01 20:14:59,519 - INFO - Prompt processing progress: 151552/200001
2026-10-01 20:15:04,765 - INFO - Prompt processing progress: 153600/200001
2026-10-01 20:15:10,065 - INFO - Prompt processing progress: 155648/200001
2026-10-01 20:15:15,420 - INFO - Prompt processing progress: 157696/200001
2026-10-01 20:15:20,805 - INFO - Prompt processing progress: 159744/200001
2026-10-01 20:15:26,276 - INFO - Prompt processing progress: 161792/200001
2026-10-01 20:15:31,787 - INFO - Prompt processing progress: 163840/200001
2026-10-01 20:15:37,354 - INFO - Prompt processing progress: 165888/200001
2026-10-01 20:15:42,989 - INFO - Prompt processing progress: 167936/200001
2026-10-01 20:15:48,518 - INFO - Prompt processing progress: 169984/200001
2026-10-01 20:15:54,092 - INFO - Prompt processing progress: 172032/200001
2026-10-01 20:15:59,707 - INFO - Prompt processing progress: 174080/200001
2026-10-01 20:16:05,360 - INFO - Prompt processing progress: 176128/200001
2026-10-01 20:16:11,133 - INFO - Prompt processing progress: 178176/200001
2026-10-01 20:16:16,921 - INFO - Prompt processing progress: 180224/200001
2026-10-01 20:16:22,761 - INFO - Prompt processing progress: 182272/200001
2026-10-01 20:16:28,712 - INFO - Prompt processing progress: 184320/200001
2026-10-01 20:16:34,632 - INFO - Prompt processing progress: 186368/200001
2026-10-01 20:16:40,613 - INFO - Prompt processing progress: 188416/200001
2026-10-01 20:16:46,650 - INFO - Prompt processing progress: 190464/200001
2026-10-01 20:17:02,269 - INFO - Prompt processing progress: 192512/200001
2026-10-01 20:17:16,673 - INFO - Prompt processing progress: 194560/200001
2026-10-01 20:17:31,155 - INFO - Prompt processing progress: 196608/200001
2026-10-01 20:17:45,418 - INFO - Prompt processing progress: 198656/200001
2026-10-01 20:17:49,630 - INFO - Prompt processing progress: 200000/200001
2026-10-01 20:17:49,765 - INFO - Prompt processing progress: 200001/200001
127.0.0.1 - - [01/Oct/2026 20:17:50] "POST /v1/chat/completions HTTP/1.1" 200 -
2026-10-01 20:17:50,424 - INFO - Prompt Cache: 1 sequences, 4.64 GB
2026-10-01 20:17:50,424 - INFO - - assistant: 1 sequences, 4.64 GB
2026-10-01 20:17:50,424 - INFO - - user: 0 sequences, 0.00 GB
2026-10-01 20:17:50,424 - INFO - - system: 0 sequences, 0.00 GB
2026-10-01 20:17:50,482 - INFO - Prompt processing progress: 0/3646
2026-10-01 20:18:04,934 - INFO - Prompt processing progress: 2048/3646
2026-10-01 20:18:10,318 - INFO - Prompt processing progress: 3645/3646
2026-10-01 20:18:10,471 - INFO - Prompt processing progress: 3646/3646
127.0.0.1 - - [01/Oct/2026 20:18:11] "POST /v1/chat/completions HTTP/1.1" 200 -
2026-10-01 20:18:11,087 - INFO - Prompt Cache: 1 sequences, 4.72 GB
2026-10-01 20:18:11,087 - INFO - - assistant: 1 sequences, 4.72 GB
2026-10-01 20:18:11,087 - INFO - - user: 0 sequences, 0.00 GB
2026-10-01 20:18:11,087 - INFO - - system: 0 sequences, 0.00 GB
2026-10-01 20:18:11,145 - INFO - Prompt processing progress: 0/3513
2026-10-01 20:18:26,057 - INFO - Prompt processing progress: 2048/3513
2026-10-01 20:18:30,787 - INFO - Prompt processing progress: 3512/3513
2026-10-01 20:18:30,937 - INFO - Prompt processing progress: 3513/3513
127.0.0.1 - - [01/Oct/2026 20:18:31] "POST /v1/chat/completions HTTP/1.1" 200 -
2026-10-01 20:18:31,560 - INFO - Prompt Cache: 1 sequences, 4.80 GB
2026-10-01 20:18:31,560 - INFO - - assistant: 1 sequences, 4.80 GB
2026-10-01 20:18:31,560 - INFO - - user: 0 sequences, 0.00 GB
2026-10-01 20:18:31,560 - INFO - - system: 0 sequences, 0.00 GB
2026-10-01 20:18:31,621 - INFO - Prompt processing progress: 0/2972
2026-10-01 20:18:48,171 - INFO - Prompt processing progress: 2048/2972
2026-10-01 20:18:51,394 - INFO - Prompt processing progress: 2971/2972
2026-10-01 20:18:51,509 - INFO - Prompt processing progress: 2972/2972
127.0.0.1 - - [01/Oct/2026 20:18:52] "POST /v1/chat/completions HTTP/1.1" 200 -
2026-10-01 20:18:52,162 - INFO - Prompt Cache: 1 sequences, 4.87 GB
2026-10-01 20:18:52,162 - INFO - - assistant: 1 sequences, 4.87 GB
2026-10-01 20:18:52,162 - INFO - - user: 0 sequences, 0.00 GB
2026-10-01 20:18:52,162 - INFO - - system: 0 sequences, 0.00 GB
2026-10-01 20:18:52,221 - INFO - Prompt processing progress: 0/819
2026-10-01 20:18:54,923 - INFO - Prompt processing progress: 818/819
2026-10-01 20:18:55,031 - INFO - Prompt processing progress: 819/819
127.0.0.1 - - [01/Oct/2026 20:18:55] "POST /v1/chat/completions HTTP/1.1" 200 -
2026-10-01 20:18:55,698 - INFO - Prompt Cache: 1 sequences, 4.89 GB
2026-10-01 20:18:55,698 - INFO - - assistant: 1 sequences, 4.89 GB
2026-10-01 20:18:55,698 - INFO - - user: 0 sequences, 0.00 GB
2026-10-01 20:18:55,698 - INFO - - system: 0 sequences, 0.00 GB
2026-10-01 20:18:55,756 - INFO - Prompt processing progress: 0/2071
2026-10-01 20:19:14,058 - INFO - Prompt processing progress: 2048/2071
2026-10-01 20:19:14,335 - INFO - Prompt processing progress: 2070/2071
2026-10-01 20:19:14,401 - INFO - Prompt processing progress: 2071/2071
127.0.0.1 - - [01/Oct/2026 20:19:15] "POST /v1/chat/completions HTTP/1.1" 200 -
2026-10-01 20:19:15,131 - INFO - Prompt Cache: 1 sequences, 4.94 GB
2026-10-01 20:19:15,131 - INFO - - assistant: 1 sequences, 4.94 GB
2026-10-01 20:19:15,131 - INFO - - user: 0 sequences, 0.00 GB
2026-10-01 20:19:15,131 - INFO - - system: 0 sequences, 0.00 GB
2026-10-01 20:19:15,193 - INFO - Prompt processing progress: 0/1778
2026-10-01 20:19:26,895 - INFO - Prompt processing progress: 1777/1778
2026-10-01 20:19:26,952 - INFO - Prompt processing progress: 1778/1778
127.0.0.1 - - [01/Oct/2026 20:19:27] "POST /v1/chat/completions HTTP/1.1" 200 -
2026-10-01 20:19:27,764 - INFO - Prompt Cache: 1 sequences, 4.98 GB
2026-10-01 20:19:27,764 - INFO - - assistant: 1 sequences, 4.98 GB
2026-10-01 20:19:27,764 - INFO - - user: 0 sequences, 0.00 GB
2026-10-01 20:19:27,764 - INFO - - system: 0 sequences, 0.00 GB
2026-10-01 20:19:27,823 - INFO - Prompt processing progress: 0/6840
2026-10-01 20:19:44,572 - INFO - Prompt processing progress: 2048/6840
2026-10-01 20:20:06,421 - INFO - Prompt processing progress: 4096/6840
2026-10-01 20:20:30,909 - INFO - Prompt processing progress: 6144/6840
2026-10-01 20:20:33,591 - INFO - Prompt processing progress: 6839/6840
2026-10-01 20:20:33,691 - INFO - Prompt processing progress: 6840/6840
