<M5_REPO>/.venv/lib/python3.12/site-packages/mlx_lm/server.py:1723: UserWarning: mlx_lm.server is not recommended for production as it only implements basic security checks.
  warnings.warn(
2026-10-02 07:27:13,978 - INFO - Starting httpd at 127.0.0.1 on port 18185...
127.0.0.1 - - [02/Oct/2026 07:27:14] "GET /v1/models HTTP/1.1" 200 -
127.0.0.1 - - [02/Oct/2026 07:27:23] "POST /v1/chat/completions HTTP/1.1" 200 -
2026-10-02 07:27:23,806 - INFO - Prompt Cache: 0 sequences, 0.00 GB
2026-10-02 07:27:23,806 - INFO - - assistant: 0 sequences, 0.00 GB
2026-10-02 07:27:23,806 - INFO - - user: 0 sequences, 0.00 GB
2026-10-02 07:27:23,806 - INFO - - system: 0 sequences, 0.00 GB
2026-10-02 07:27:23,903 - INFO - Prompt processing progress: 0/200009
2026-10-02 07:27:25,510 - INFO - Prompt processing progress: 2048/200009
2026-10-02 07:27:27,034 - INFO - Prompt processing progress: 4096/200009
2026-10-02 07:27:28,582 - INFO - Prompt processing progress: 6144/200009
2026-10-02 07:27:30,165 - INFO - Prompt processing progress: 8192/200009
2026-10-02 07:27:31,781 - INFO - Prompt processing progress: 10240/200009
2026-10-02 07:27:33,432 - INFO - Prompt processing progress: 12288/200009
2026-10-02 07:27:35,117 - INFO - Prompt processing progress: 14336/200009
2026-10-02 07:27:36,836 - INFO - Prompt processing progress: 16384/200009
2026-10-02 07:27:38,589 - INFO - Prompt processing progress: 18432/200009
2026-10-02 07:27:40,376 - INFO - Prompt processing progress: 20480/200009
2026-10-02 07:27:42,196 - INFO - Prompt processing progress: 22528/200009
2026-10-02 07:27:44,047 - INFO - Prompt processing progress: 24576/200009
2026-10-02 07:27:45,932 - INFO - Prompt processing progress: 26624/200009
2026-10-02 07:27:47,855 - INFO - Prompt processing progress: 28672/200009
2026-10-02 07:27:49,804 - INFO - Prompt processing progress: 30720/200009
2026-10-02 07:27:51,799 - INFO - Prompt processing progress: 32768/200009
2026-10-02 07:27:53,829 - INFO - Prompt processing progress: 34816/200009
2026-10-02 07:27:55,888 - INFO - Prompt processing progress: 36864/200009
2026-10-02 07:27:57,988 - INFO - Prompt processing progress: 38912/200009
2026-10-02 07:28:00,114 - INFO - Prompt processing progress: 40960/200009
2026-10-02 07:28:02,278 - INFO - Prompt processing progress: 43008/200009
2026-10-02 07:28:04,483 - INFO - Prompt processing progress: 45056/200009
2026-10-02 07:28:06,714 - INFO - Prompt processing progress: 47104/200009
2026-10-02 07:28:08,989 - INFO - Prompt processing progress: 49152/200009
2026-10-02 07:28:11,298 - INFO - Prompt processing progress: 51200/200009
2026-10-02 07:28:13,657 - INFO - Prompt processing progress: 53248/200009
2026-10-02 07:28:16,041 - INFO - Prompt processing progress: 55296/200009
2026-10-02 07:28:18,465 - INFO - Prompt processing progress: 57344/200009
2026-10-02 07:28:20,913 - INFO - Prompt processing progress: 59392/200009
2026-10-02 07:28:23,406 - INFO - Prompt processing progress: 61440/200009
2026-10-02 07:28:25,935 - INFO - Prompt processing progress: 63488/200009
2026-10-02 07:28:28,513 - INFO - Prompt processing progress: 65536/200009
2026-10-02 07:28:31,123 - INFO - Prompt processing progress: 67584/200009
2026-10-02 07:28:33,765 - INFO - Prompt processing progress: 69632/200009
2026-10-02 07:28:36,423 - INFO - Prompt processing progress: 71680/200009
2026-10-02 07:28:39,136 - INFO - Prompt processing progress: 73728/200009
2026-10-02 07:28:41,877 - INFO - Prompt processing progress: 75776/200009
2026-10-02 07:28:44,648 - INFO - Prompt processing progress: 77824/200009
2026-10-02 07:28:47,460 - INFO - Prompt processing progress: 79872/200009
2026-10-02 07:28:50,314 - INFO - Prompt processing progress: 81920/200009
2026-10-02 07:28:53,197 - INFO - Prompt processing progress: 83968/200009
2026-10-02 07:28:56,125 - INFO - Prompt processing progress: 86016/200009
2026-10-02 07:28:59,082 - INFO - Prompt processing progress: 88064/200009
2026-10-02 07:29:02,087 - INFO - Prompt processing progress: 90112/200009
2026-10-02 07:29:05,128 - INFO - Prompt processing progress: 92160/200009
2026-10-02 07:29:08,183 - INFO - Prompt processing progress: 94208/200009
2026-10-02 07:29:11,321 - INFO - Prompt processing progress: 96256/200009
2026-10-02 07:29:14,462 - INFO - Prompt processing progress: 98304/200009
2026-10-02 07:29:17,705 - INFO - Prompt processing progress: 100352/200009
2026-10-02 07:29:21,010 - INFO - Prompt processing progress: 102400/200009
2026-10-02 07:29:24,397 - INFO - Prompt processing progress: 104448/200009
2026-10-02 07:29:27,908 - INFO - Prompt processing progress: 106496/200009
2026-10-02 07:29:31,506 - INFO - Prompt processing progress: 108544/200009
2026-10-02 07:29:35,063 - INFO - Prompt processing progress: 110592/200009
2026-10-02 07:29:38,631 - INFO - Prompt processing progress: 112640/200009
2026-10-02 07:29:42,267 - INFO - Prompt processing progress: 114688/200009
2026-10-02 07:29:45,944 - INFO - Prompt processing progress: 116736/200009
2026-10-02 07:29:49,667 - INFO - Prompt processing progress: 118784/200009
2026-10-02 07:29:53,449 - INFO - Prompt processing progress: 120832/200009
2026-10-02 07:29:57,222 - INFO - Prompt processing progress: 122880/200009
2026-10-02 07:30:01,163 - INFO - Prompt processing progress: 124928/200009
2026-10-02 07:30:05,012 - INFO - Prompt processing progress: 126976/200009
2026-10-02 07:30:08,822 - INFO - Prompt processing progress: 129024/200009
2026-10-02 07:30:12,704 - INFO - Prompt processing progress: 131072/200009
2026-10-02 07:30:16,615 - INFO - Prompt processing progress: 133120/200009
2026-10-02 07:30:20,511 - INFO - Prompt processing progress: 135168/200009
2026-10-02 07:30:24,519 - INFO - Prompt processing progress: 137216/200009
2026-10-02 07:30:28,573 - INFO - Prompt processing progress: 139264/200009
2026-10-02 07:30:32,630 - INFO - Prompt processing progress: 141312/200009
2026-10-02 07:30:36,718 - INFO - Prompt processing progress: 143360/200009
2026-10-02 07:30:40,741 - INFO - Prompt processing progress: 145408/200009
2026-10-02 07:30:44,883 - INFO - Prompt processing progress: 147456/200009
2026-10-02 07:30:49,110 - INFO - Prompt processing progress: 149504/200009
2026-10-02 07:30:53,422 - INFO - Prompt processing progress: 151552/200009
2026-10-02 07:30:57,789 - INFO - Prompt processing progress: 153600/200009
2026-10-02 07:31:02,180 - INFO - Prompt processing progress: 155648/200009
2026-10-02 07:31:06,557 - INFO - Prompt processing progress: 157696/200009
2026-10-02 07:31:10,991 - INFO - Prompt processing progress: 159744/200009
2026-10-02 07:31:15,382 - INFO - Prompt processing progress: 161792/200009
2026-10-02 07:31:19,771 - INFO - Prompt processing progress: 163840/200009
2026-10-02 07:31:24,095 - INFO - Prompt processing progress: 165888/200009
2026-10-02 07:31:28,420 - INFO - Prompt processing progress: 167936/200009
2026-10-02 07:31:32,793 - INFO - Prompt processing progress: 169984/200009
2026-10-02 07:31:37,204 - INFO - Prompt processing progress: 172032/200009
2026-10-02 07:31:41,662 - INFO - Prompt processing progress: 174080/200009
2026-10-02 07:31:46,175 - INFO - Prompt processing progress: 176128/200009
2026-10-02 07:31:50,701 - INFO - Prompt processing progress: 178176/200009
2026-10-02 07:31:55,252 - INFO - Prompt processing progress: 180224/200009
2026-10-02 07:31:59,831 - INFO - Prompt processing progress: 182272/200009
2026-10-02 07:32:04,473 - INFO - Prompt processing progress: 184320/200009
2026-10-02 07:32:09,142 - INFO - Prompt processing progress: 186368/200009
2026-10-02 07:32:13,875 - INFO - Prompt processing progress: 188416/200009
2026-10-02 07:32:18,606 - INFO - Prompt processing progress: 190464/200009
2026-10-02 07:32:23,379 - INFO - Prompt processing progress: 192512/200009
2026-10-02 07:32:28,196 - INFO - Prompt processing progress: 194560/200009
2026-10-02 07:32:33,048 - INFO - Prompt processing progress: 196608/200009
2026-10-02 07:32:37,959 - INFO - Prompt processing progress: 198656/200009
2026-10-02 07:32:41,594 - INFO - Prompt processing progress: 200008/200009
2026-10-02 07:32:41,759 - INFO - Prompt processing progress: 200009/200009
127.0.0.1 - - [02/Oct/2026 07:32:43] "POST /v1/chat/completions HTTP/1.1" 200 -
2026-10-02 07:32:43,346 - INFO - Prompt Cache: 1 sequences, 17.24 GB
2026-10-02 07:32:43,346 - INFO - - assistant: 1 sequences, 17.24 GB
2026-10-02 07:32:43,346 - INFO - - user: 0 sequences, 0.00 GB
2026-10-02 07:32:43,346 - INFO - - system: 0 sequences, 0.00 GB
2026-10-02 07:32:43,459 - INFO - Prompt processing progress: 0/204305
2026-10-02 07:32:44,881 - INFO - Prompt processing progress: 2048/204305
2026-10-02 07:32:46,403 - INFO - Prompt processing progress: 4096/204305
2026-10-02 07:32:47,959 - INFO - Prompt processing progress: 6144/204305
2026-10-02 07:32:49,542 - INFO - Prompt processing progress: 8192/204305
2026-10-02 07:32:51,162 - INFO - Prompt processing progress: 10240/204305
2026-10-02 07:32:52,813 - INFO - Prompt processing progress: 12288/204305
2026-10-02 07:32:54,502 - INFO - Prompt processing progress: 14336/204305
2026-10-02 07:32:56,221 - INFO - Prompt processing progress: 16384/204305
2026-10-02 07:32:57,976 - INFO - Prompt processing progress: 18432/204305
2026-10-02 07:32:59,770 - INFO - Prompt processing progress: 20480/204305
2026-10-02 07:33:01,590 - INFO - Prompt processing progress: 22528/204305
2026-10-02 07:33:03,449 - INFO - Prompt processing progress: 24576/204305
2026-10-02 07:33:05,333 - INFO - Prompt processing progress: 26624/204305
2026-10-02 07:33:07,256 - INFO - Prompt processing progress: 28672/204305
2026-10-02 07:33:09,219 - INFO - Prompt processing progress: 30720/204305
2026-10-02 07:33:11,218 - INFO - Prompt processing progress: 32768/204305
2026-10-02 07:33:13,239 - INFO - Prompt processing progress: 34816/204305
2026-10-02 07:33:15,299 - INFO - Prompt processing progress: 36864/204305
2026-10-02 07:33:17,396 - INFO - Prompt processing progress: 38912/204305
2026-10-02 07:33:19,532 - INFO - Prompt processing progress: 40960/204305
2026-10-02 07:33:21,697 - INFO - Prompt processing progress: 43008/204305
2026-10-02 07:33:23,912 - INFO - Prompt processing progress: 45056/204305
2026-10-02 07:33:26,159 - INFO - Prompt processing progress: 47104/204305
2026-10-02 07:33:28,433 - INFO - Prompt processing progress: 49152/204305
2026-10-02 07:33:30,744 - INFO - Prompt processing progress: 51200/204305
2026-10-02 07:33:33,099 - INFO - Prompt processing progress: 53248/204305
2026-10-02 07:33:35,490 - INFO - Prompt processing progress: 55296/204305
2026-10-02 07:33:37,910 - INFO - Prompt processing progress: 57344/204305
2026-10-02 07:33:40,379 - INFO - Prompt processing progress: 59392/204305
2026-10-02 07:33:42,901 - INFO - Prompt processing progress: 61440/204305
2026-10-02 07:33:45,467 - INFO - Prompt processing progress: 63488/204305
2026-10-02 07:33:48,142 - INFO - Prompt processing progress: 65536/204305
2026-10-02 07:33:50,833 - INFO - Prompt processing progress: 67584/204305
2026-10-02 07:33:53,547 - INFO - Prompt processing progress: 69632/204305
2026-10-02 07:33:56,289 - INFO - Prompt processing progress: 71680/204305
2026-10-02 07:33:59,174 - INFO - Prompt processing progress: 73728/204305
2026-10-02 07:34:02,040 - INFO - Prompt processing progress: 75776/204305
2026-10-02 07:34:04,893 - INFO - Prompt processing progress: 77824/204305
2026-10-02 07:34:07,791 - INFO - Prompt processing progress: 79872/204305
2026-10-02 07:34:10,740 - INFO - Prompt processing progress: 81920/204305
2026-10-02 07:34:13,748 - INFO - Prompt processing progress: 83968/204305
2026-10-02 07:34:16,842 - INFO - Prompt processing progress: 86016/204305
2026-10-02 07:34:19,901 - INFO - Prompt processing progress: 88064/204305
2026-10-02 07:34:23,040 - INFO - Prompt processing progress: 90112/204305
2026-10-02 07:34:26,216 - INFO - Prompt processing progress: 92160/204305
2026-10-02 07:34:29,370 - INFO - Prompt processing progress: 94208/204305
2026-10-02 07:34:32,597 - INFO - Prompt processing progress: 96256/204305
2026-10-02 07:34:35,827 - INFO - Prompt processing progress: 98304/204305
2026-10-02 07:34:39,084 - INFO - Prompt processing progress: 100352/204305
2026-10-02 07:34:42,532 - INFO - Prompt processing progress: 102400/204305
2026-10-02 07:34:45,941 - INFO - Prompt processing progress: 104448/204305
2026-10-02 07:34:49,371 - INFO - Prompt processing progress: 106496/204305
2026-10-02 07:34:52,769 - INFO - Prompt processing progress: 108544/204305
2026-10-02 07:34:56,248 - INFO - Prompt processing progress: 110592/204305
2026-10-02 07:34:59,743 - INFO - Prompt processing progress: 112640/204305
2026-10-02 07:35:03,322 - INFO - Prompt processing progress: 114688/204305
2026-10-02 07:35:06,966 - INFO - Prompt processing progress: 116736/204305
2026-10-02 07:35:10,632 - INFO - Prompt processing progress: 118784/204305
2026-10-02 07:35:14,333 - INFO - Prompt processing progress: 120832/204305
2026-10-02 07:35:18,211 - INFO - Prompt processing progress: 122880/204305
2026-10-02 07:35:21,983 - INFO - Prompt processing progress: 124928/204305
2026-10-02 07:35:25,730 - INFO - Prompt processing progress: 126976/204305
2026-10-02 07:35:29,551 - INFO - Prompt processing progress: 129024/204305
2026-10-02 07:35:33,432 - INFO - Prompt processing progress: 131072/204305
2026-10-02 07:35:37,360 - INFO - Prompt processing progress: 133120/204305
2026-10-02 07:35:41,397 - INFO - Prompt processing progress: 135168/204305
2026-10-02 07:35:45,471 - INFO - Prompt processing progress: 137216/204305
2026-10-02 07:35:49,608 - INFO - Prompt processing progress: 139264/204305
2026-10-02 07:35:53,667 - INFO - Prompt processing progress: 141312/204305
2026-10-02 07:35:57,797 - INFO - Prompt processing progress: 143360/204305
2026-10-02 07:36:01,981 - INFO - Prompt processing progress: 145408/204305
2026-10-02 07:36:06,179 - INFO - Prompt processing progress: 147456/204305
2026-10-02 07:36:10,521 - INFO - Prompt processing progress: 149504/204305
2026-10-02 07:36:14,757 - INFO - Prompt processing progress: 151552/204305
2026-10-02 07:36:19,148 - INFO - Prompt processing progress: 153600/204305
2026-10-02 07:36:23,469 - INFO - Prompt processing progress: 155648/204305
2026-10-02 07:36:27,845 - INFO - Prompt processing progress: 157696/204305
2026-10-02 07:36:32,204 - INFO - Prompt processing progress: 159744/204305
2026-10-02 07:36:36,714 - INFO - Prompt processing progress: 161792/204305
2026-10-02 07:36:41,225 - INFO - Prompt processing progress: 163840/204305
2026-10-02 07:36:45,725 - INFO - Prompt processing progress: 165888/204305
2026-10-02 07:36:50,169 - INFO - Prompt processing progress: 167936/204305
2026-10-02 07:36:54,827 - INFO - Prompt processing progress: 169984/204305
2026-10-02 07:36:59,506 - INFO - Prompt processing progress: 172032/204305
2026-10-02 07:37:04,187 - INFO - Prompt processing progress: 174080/204305
2026-10-02 07:37:08,941 - INFO - Prompt processing progress: 176128/204305
2026-10-02 07:37:13,620 - INFO - Prompt processing progress: 178176/204305
2026-10-02 07:37:18,430 - INFO - Prompt processing progress: 180224/204305
2026-10-02 07:37:23,239 - INFO - Prompt processing progress: 182272/204305
2026-10-02 07:37:28,103 - INFO - Prompt processing progress: 184320/204305
2026-10-02 07:37:32,978 - INFO - Prompt processing progress: 186368/204305
2026-10-02 07:37:37,886 - INFO - Prompt processing progress: 188416/204305
2026-10-02 07:37:42,842 - INFO - Prompt processing progress: 190464/204305
2026-10-02 07:37:47,893 - INFO - Prompt processing progress: 192512/204305
2026-10-02 07:37:53,058 - INFO - Prompt processing progress: 194560/204305
2026-10-02 07:37:58,163 - INFO - Prompt processing progress: 196608/204305
2026-10-02 07:38:03,295 - INFO - Prompt processing progress: 198656/204305
2026-10-02 07:38:08,508 - INFO - Prompt processing progress: 200704/204305
2026-10-02 07:38:13,807 - INFO - Prompt processing progress: 202752/204305
2026-10-02 07:38:18,090 - INFO - Prompt processing progress: 204304/204305
2026-10-02 07:38:18,249 - INFO - Prompt processing progress: 204305/204305
127.0.0.1 - - [02/Oct/2026 07:38:54] "POST /v1/chat/completions HTTP/1.1" 200 -
2026-10-02 07:38:54,927 - INFO - Prompt Cache: 1 sequences, 17.64 GB
2026-10-02 07:38:54,928 - INFO - - assistant: 1 sequences, 17.64 GB
2026-10-02 07:38:54,928 - INFO - - user: 0 sequences, 0.00 GB
2026-10-02 07:38:54,928 - INFO - - system: 0 sequences, 0.00 GB
2026-10-02 07:38:55,041 - INFO - Prompt processing progress: 0/204874
2026-10-02 07:38:56,495 - INFO - Prompt processing progress: 2048/204874
2026-10-02 07:38:58,063 - INFO - Prompt processing progress: 4096/204874
2026-10-02 07:38:59,651 - INFO - Prompt processing progress: 6144/204874
2026-10-02 07:39:01,256 - INFO - Prompt processing progress: 8192/204874
2026-10-02 07:39:02,911 - INFO - Prompt processing progress: 10240/204874
2026-10-02 07:39:04,587 - INFO - Prompt processing progress: 12288/204874
2026-10-02 07:39:06,313 - INFO - Prompt processing progress: 14336/204874
2026-10-02 07:39:08,054 - INFO - Prompt processing progress: 16384/204874
2026-10-02 07:39:09,870 - INFO - Prompt processing progress: 18432/204874
2026-10-02 07:39:11,699 - INFO - Prompt processing progress: 20480/204874
2026-10-02 07:39:13,564 - INFO - Prompt processing progress: 22528/204874
2026-10-02 07:39:15,459 - INFO - Prompt processing progress: 24576/204874
2026-10-02 07:39:17,381 - INFO - Prompt processing progress: 26624/204874
2026-10-02 07:39:19,345 - INFO - Prompt processing progress: 28672/204874
2026-10-02 07:39:21,336 - INFO - Prompt processing progress: 30720/204874
2026-10-02 07:39:23,356 - INFO - Prompt processing progress: 32768/204874
2026-10-02 07:39:25,417 - INFO - Prompt processing progress: 34816/204874
2026-10-02 07:39:27,519 - INFO - Prompt processing progress: 36864/204874
2026-10-02 07:39:29,710 - INFO - Prompt processing progress: 38912/204874
2026-10-02 07:39:31,924 - INFO - Prompt processing progress: 40960/204874
2026-10-02 07:39:34,142 - INFO - Prompt processing progress: 43008/204874
2026-10-02 07:39:36,406 - INFO - Prompt processing progress: 45056/204874
2026-10-02 07:39:38,702 - INFO - Prompt processing progress: 47104/204874
2026-10-02 07:39:41,038 - INFO - Prompt processing progress: 49152/204874
2026-10-02 07:39:43,423 - INFO - Prompt processing progress: 51200/204874
2026-10-02 07:39:45,845 - INFO - Prompt processing progress: 53248/204874
2026-10-02 07:39:48,311 - INFO - Prompt processing progress: 55296/204874
2026-10-02 07:39:50,796 - INFO - Prompt processing progress: 57344/204874
2026-10-02 07:39:53,263 - INFO - Prompt processing progress: 59392/204874
2026-10-02 07:39:55,820 - INFO - Prompt processing progress: 61440/204874
2026-10-02 07:39:58,407 - INFO - Prompt processing progress: 63488/204874
2026-10-02 07:40:01,001 - INFO - Prompt processing progress: 65536/204874
2026-10-02 07:40:03,666 - INFO - Prompt processing progress: 67584/204874
2026-10-02 07:40:06,462 - INFO - Prompt processing progress: 69632/204874
2026-10-02 07:40:09,230 - INFO - Prompt processing progress: 71680/204874
2026-10-02 07:40:12,038 - INFO - Prompt processing progress: 73728/204874
2026-10-02 07:40:14,855 - INFO - Prompt processing progress: 75776/204874
2026-10-02 07:40:17,753 - INFO - Prompt processing progress: 77824/204874
2026-10-02 07:40:20,662 - INFO - Prompt processing progress: 79872/204874
2026-10-02 07:40:23,594 - INFO - Prompt processing progress: 81920/204874
2026-10-02 07:40:26,632 - INFO - Prompt processing progress: 83968/204874
2026-10-02 07:40:29,647 - INFO - Prompt processing progress: 86016/204874
2026-10-02 07:40:32,741 - INFO - Prompt processing progress: 88064/204874
2026-10-02 07:40:35,944 - INFO - Prompt processing progress: 90112/204874
2026-10-02 07:40:39,097 - INFO - Prompt processing progress: 92160/204874
2026-10-02 07:40:42,290 - INFO - Prompt processing progress: 94208/204874
2026-10-02 07:40:45,499 - INFO - Prompt processing progress: 96256/204874
2026-10-02 07:40:48,751 - INFO - Prompt processing progress: 98304/204874
2026-10-02 07:40:52,014 - INFO - Prompt processing progress: 100352/204874
2026-10-02 07:40:55,343 - INFO - Prompt processing progress: 102400/204874
2026-10-02 07:40:58,822 - INFO - Prompt processing progress: 104448/204874
2026-10-02 07:41:02,244 - INFO - Prompt processing progress: 106496/204874
2026-10-02 07:41:05,650 - INFO - Prompt processing progress: 108544/204874
2026-10-02 07:41:09,127 - INFO - Prompt processing progress: 110592/204874
2026-10-02 07:41:12,613 - INFO - Prompt processing progress: 112640/204874
2026-10-02 07:41:16,137 - INFO - Prompt processing progress: 114688/204874
2026-10-02 07:41:19,838 - INFO - Prompt processing progress: 116736/204874
2026-10-02 07:41:23,448 - INFO - Prompt processing progress: 118784/204874
2026-10-02 07:41:27,044 - INFO - Prompt processing progress: 120832/204874
2026-10-02 07:41:30,790 - INFO - Prompt processing progress: 122880/204874
2026-10-02 07:41:34,550 - INFO - Prompt processing progress: 124928/204874
2026-10-02 07:41:38,411 - INFO - Prompt processing progress: 126976/204874
2026-10-02 07:41:42,359 - INFO - Prompt processing progress: 129024/204874
2026-10-02 07:41:46,247 - INFO - Prompt processing progress: 131072/204874
2026-10-02 07:41:50,144 - INFO - Prompt processing progress: 133120/204874
2026-10-02 07:41:54,063 - INFO - Prompt processing progress: 135168/204874
2026-10-02 07:41:57,965 - INFO - Prompt processing progress: 137216/204874
2026-10-02 07:42:02,096 - INFO - Prompt processing progress: 139264/204874
2026-10-02 07:42:06,157 - INFO - Prompt processing progress: 141312/204874
2026-10-02 07:42:10,233 - INFO - Prompt processing progress: 143360/204874
2026-10-02 07:42:14,345 - INFO - Prompt processing progress: 145408/204874
2026-10-02 07:42:18,591 - INFO - Prompt processing progress: 147456/204874
2026-10-02 07:42:22,860 - INFO - Prompt processing progress: 149504/204874
2026-10-02 07:42:27,089 - INFO - Prompt processing progress: 151552/204874
2026-10-02 07:42:31,469 - INFO - Prompt processing progress: 153600/204874
2026-10-02 07:42:35,778 - INFO - Prompt processing progress: 155648/204874
2026-10-02 07:42:40,269 - INFO - Prompt processing progress: 157696/204874
2026-10-02 07:42:44,777 - INFO - Prompt processing progress: 159744/204874
2026-10-02 07:42:49,258 - INFO - Prompt processing progress: 161792/204874
2026-10-02 07:42:53,667 - INFO - Prompt processing progress: 163840/204874
2026-10-02 07:42:58,190 - INFO - Prompt processing progress: 165888/204874
2026-10-02 07:43:02,758 - INFO - Prompt processing progress: 167936/204874
2026-10-02 07:43:07,468 - INFO - Prompt processing progress: 169984/204874
2026-10-02 07:43:12,183 - INFO - Prompt processing progress: 172032/204874
2026-10-02 07:43:16,914 - INFO - Prompt processing progress: 174080/204874
2026-10-02 07:43:21,569 - INFO - Prompt processing progress: 176128/204874
2026-10-02 07:43:26,327 - INFO - Prompt processing progress: 178176/204874
2026-10-02 07:43:31,158 - INFO - Prompt processing progress: 180224/204874
2026-10-02 07:43:36,094 - INFO - Prompt processing progress: 182272/204874
2026-10-02 07:43:41,011 - INFO - Prompt processing progress: 184320/204874
2026-10-02 07:43:45,924 - INFO - Prompt processing progress: 186368/204874
2026-10-02 07:43:50,816 - INFO - Prompt processing progress: 188416/204874
2026-10-02 07:43:55,875 - INFO - Prompt processing progress: 190464/204874
2026-10-02 07:44:01,021 - INFO - Prompt processing progress: 192512/204874
2026-10-02 07:44:06,044 - INFO - Prompt processing progress: 194560/204874
2026-10-02 07:44:11,130 - INFO - Prompt processing progress: 196608/204874
2026-10-02 07:44:16,392 - INFO - Prompt processing progress: 198656/204874
2026-10-02 07:44:21,818 - INFO - Prompt processing progress: 200704/204874
2026-10-02 07:44:27,036 - INFO - Prompt processing progress: 202752/204874
2026-10-02 07:44:32,251 - INFO - Prompt processing progress: 204800/204874
2026-10-02 07:44:32,966 - INFO - Prompt processing progress: 204873/204874
2026-10-02 07:44:33,103 - INFO - Prompt processing progress: 204874/204874
127.0.0.1 - - [02/Oct/2026 07:44:36] "POST /v1/chat/completions HTTP/1.1" 200 -
2026-10-02 07:44:36,217 - INFO - Prompt Cache: 1 sequences, 17.64 GB
2026-10-02 07:44:36,218 - INFO - - assistant: 1 sequences, 17.64 GB
2026-10-02 07:44:36,218 - INFO - - user: 0 sequences, 0.00 GB
2026-10-02 07:44:36,218 - INFO - - system: 0 sequences, 0.00 GB
2026-10-02 07:44:36,333 - INFO - Prompt processing progress: 0/205503
2026-10-02 07:44:38,154 - INFO - Prompt processing progress: 2048/205503
2026-10-02 07:44:39,735 - INFO - Prompt processing progress: 4096/205503
2026-10-02 07:44:41,338 - INFO - Prompt processing progress: 6144/205503
2026-10-02 07:44:42,972 - INFO - Prompt processing progress: 8192/205503
2026-10-02 07:44:44,629 - INFO - Prompt processing progress: 10240/205503
2026-10-02 07:44:46,329 - INFO - Prompt processing progress: 12288/205503
2026-10-02 07:44:48,061 - INFO - Prompt processing progress: 14336/205503
2026-10-02 07:44:49,795 - INFO - Prompt processing progress: 16384/205503
2026-10-02 07:44:51,575 - INFO - Prompt processing progress: 18432/205503
2026-10-02 07:44:53,398 - INFO - Prompt processing progress: 20480/205503
2026-10-02 07:44:55,244 - INFO - Prompt processing progress: 22528/205503
2026-10-02 07:44:57,127 - INFO - Prompt processing progress: 24576/205503
2026-10-02 07:44:59,052 - INFO - Prompt processing progress: 26624/205503
2026-10-02 07:45:01,040 - INFO - Prompt processing progress: 28672/205503
2026-10-02 07:45:03,058 - INFO - Prompt processing progress: 30720/205503
2026-10-02 07:45:05,108 - INFO - Prompt processing progress: 32768/205503
2026-10-02 07:45:07,197 - INFO - Prompt processing progress: 34816/205503
2026-10-02 07:45:09,304 - INFO - Prompt processing progress: 36864/205503
2026-10-02 07:45:11,446 - INFO - Prompt processing progress: 38912/205503
2026-10-02 07:45:13,627 - INFO - Prompt processing progress: 40960/205503
2026-10-02 07:45:15,841 - INFO - Prompt processing progress: 43008/205503
2026-10-02 07:45:18,104 - INFO - Prompt processing progress: 45056/205503
2026-10-02 07:45:20,452 - INFO - Prompt processing progress: 47104/205503
2026-10-02 07:45:22,814 - INFO - Prompt processing progress: 49152/205503
2026-10-02 07:45:25,198 - INFO - Prompt processing progress: 51200/205503
2026-10-02 07:45:27,675 - INFO - Prompt processing progress: 53248/205503
2026-10-02 07:45:30,117 - INFO - Prompt processing progress: 55296/205503
2026-10-02 07:45:32,591 - INFO - Prompt processing progress: 57344/205503
2026-10-02 07:45:35,101 - INFO - Prompt processing progress: 59392/205503
2026-10-02 07:45:37,645 - INFO - Prompt processing progress: 61440/205503
2026-10-02 07:45:40,277 - INFO - Prompt processing progress: 63488/205503
2026-10-02 07:45:42,910 - INFO - Prompt processing progress: 65536/205503
2026-10-02 07:45:45,650 - INFO - Prompt processing progress: 67584/205503
2026-10-02 07:45:48,341 - INFO - Prompt processing progress: 69632/205503
2026-10-02 07:45:51,084 - INFO - Prompt processing progress: 71680/205503
2026-10-02 07:45:53,853 - INFO - Prompt processing progress: 73728/205503
2026-10-02 07:45:56,651 - INFO - Prompt processing progress: 75776/205503
2026-10-02 07:45:59,482 - INFO - Prompt processing progress: 77824/205503
2026-10-02 07:46:02,432 - INFO - Prompt processing progress: 79872/205503
2026-10-02 07:46:05,385 - INFO - Prompt processing progress: 81920/205503
2026-10-02 07:46:08,381 - INFO - Prompt processing progress: 83968/205503
2026-10-02 07:46:11,462 - INFO - Prompt processing progress: 86016/205503
2026-10-02 07:46:14,624 - INFO - Prompt processing progress: 88064/205503
2026-10-02 07:46:17,786 - INFO - Prompt processing progress: 90112/205503
2026-10-02 07:46:20,954 - INFO - Prompt processing progress: 92160/205503
2026-10-02 07:46:24,168 - INFO - Prompt processing progress: 94208/205503
2026-10-02 07:46:27,376 - INFO - Prompt processing progress: 96256/205503
2026-10-02 07:46:30,607 - INFO - Prompt processing progress: 98304/205503
2026-10-02 07:46:33,847 - INFO - Prompt processing progress: 100352/205503
2026-10-02 07:46:37,200 - INFO - Prompt processing progress: 102400/205503
2026-10-02 07:46:40,625 - INFO - Prompt processing progress: 104448/205503
2026-10-02 07:46:44,155 - INFO - Prompt processing progress: 106496/205503
2026-10-02 07:46:47,571 - INFO - Prompt processing progress: 108544/205503
2026-10-02 07:46:51,090 - INFO - Prompt processing progress: 110592/205503
2026-10-02 07:46:54,585 - INFO - Prompt processing progress: 112640/205503
2026-10-02 07:46:58,128 - INFO - Prompt processing progress: 114688/205503
2026-10-02 07:47:01,696 - INFO - Prompt processing progress: 116736/205503
2026-10-02 07:47:05,282 - INFO - Prompt processing progress: 118784/205503
2026-10-02 07:47:09,096 - INFO - Prompt processing progress: 120832/205503
2026-10-02 07:47:12,912 - INFO - Prompt processing progress: 122880/205503
2026-10-02 07:47:16,681 - INFO - Prompt processing progress: 124928/205503
2026-10-02 07:47:20,462 - INFO - Prompt processing progress: 126976/205503
2026-10-02 07:47:24,260 - INFO - Prompt processing progress: 129024/205503
2026-10-02 07:47:28,084 - INFO - Prompt processing progress: 131072/205503
2026-10-02 07:47:32,012 - INFO - Prompt processing progress: 133120/205503
2026-10-02 07:47:36,048 - INFO - Prompt processing progress: 135168/205503
2026-10-02 07:47:40,030 - INFO - Prompt processing progress: 137216/205503
2026-10-02 07:47:44,014 - INFO - Prompt processing progress: 139264/205503
2026-10-02 07:47:47,973 - INFO - Prompt processing progress: 141312/205503
2026-10-02 07:47:52,028 - INFO - Prompt processing progress: 143360/205503
2026-10-02 07:47:56,121 - INFO - Prompt processing progress: 145408/205503
2026-10-02 07:48:00,350 - INFO - Prompt processing progress: 147456/205503
2026-10-02 07:48:04,540 - INFO - Prompt processing progress: 149504/205503
2026-10-02 07:48:08,771 - INFO - Prompt processing progress: 151552/205503
2026-10-02 07:48:13,117 - INFO - Prompt processing progress: 153600/205503
2026-10-02 07:48:17,497 - INFO - Prompt processing progress: 155648/205503
2026-10-02 07:48:21,838 - INFO - Prompt processing progress: 157696/205503
2026-10-02 07:48:26,377 - INFO - Prompt processing progress: 159744/205503
2026-10-02 07:48:30,804 - INFO - Prompt processing progress: 161792/205503
2026-10-02 07:48:35,252 - INFO - Prompt processing progress: 163840/205503
2026-10-02 07:48:39,802 - INFO - Prompt processing progress: 165888/205503
2026-10-02 07:48:44,472 - INFO - Prompt processing progress: 167936/205503
2026-10-02 07:48:49,111 - INFO - Prompt processing progress: 169984/205503
2026-10-02 07:48:53,835 - INFO - Prompt processing progress: 172032/205503
2026-10-02 07:48:58,422 - INFO - Prompt processing progress: 174080/205503
2026-10-02 07:49:03,173 - INFO - Prompt processing progress: 176128/205503
2026-10-02 07:49:07,950 - INFO - Prompt processing progress: 178176/205503
2026-10-02 07:49:12,769 - INFO - Prompt processing progress: 180224/205503
2026-10-02 07:49:17,550 - INFO - Prompt processing progress: 182272/205503
2026-10-02 07:49:22,418 - INFO - Prompt processing progress: 184320/205503
2026-10-02 07:49:27,305 - INFO - Prompt processing progress: 186368/205503
2026-10-02 07:49:32,405 - INFO - Prompt processing progress: 188416/205503
2026-10-02 07:49:37,371 - INFO - Prompt processing progress: 190464/205503
2026-10-02 07:49:42,347 - INFO - Prompt processing progress: 192512/205503
2026-10-02 07:49:47,405 - INFO - Prompt processing progress: 194560/205503
2026-10-02 07:49:52,695 - INFO - Prompt processing progress: 196608/205503
2026-10-02 07:49:57,920 - INFO - Prompt processing progress: 198656/205503
2026-10-02 07:50:03,035 - INFO - Prompt processing progress: 200704/205503
2026-10-02 07:50:08,309 - INFO - Prompt processing progress: 202752/205503
2026-10-02 07:50:13,565 - INFO - Prompt processing progress: 204800/205503
2026-10-02 07:50:16,235 - INFO - Prompt processing progress: 205502/205503
2026-10-02 07:50:16,400 - INFO - Prompt processing progress: 205503/205503
127.0.0.1 - - [02/Oct/2026 07:50:59] "POST /v1/chat/completions HTTP/1.1" 200 -
2026-10-02 07:50:59,880 - INFO - Prompt Cache: 1 sequences, 17.74 GB
2026-10-02 07:50:59,880 - INFO - - assistant: 1 sequences, 17.74 GB
2026-10-02 07:50:59,880 - INFO - - user: 0 sequences, 0.00 GB
2026-10-02 07:50:59,880 - INFO - - system: 0 sequences, 0.00 GB
2026-10-02 07:50:59,994 - INFO - Prompt processing progress: 0/206168
2026-10-02 07:51:01,487 - INFO - Prompt processing progress: 2048/206168
2026-10-02 07:51:03,045 - INFO - Prompt processing progress: 4096/206168
2026-10-02 07:51:04,635 - INFO - Prompt processing progress: 6144/206168
2026-10-02 07:51:06,258 - INFO - Prompt processing progress: 8192/206168
2026-10-02 07:51:07,908 - INFO - Prompt processing progress: 10240/206168
2026-10-02 07:51:09,589 - INFO - Prompt processing progress: 12288/206168
2026-10-02 07:51:11,310 - INFO - Prompt processing progress: 14336/206168
2026-10-02 07:51:13,073 - INFO - Prompt processing progress: 16384/206168
2026-10-02 07:51:14,873 - INFO - Prompt processing progress: 18432/206168
2026-10-02 07:51:16,686 - INFO - Prompt processing progress: 20480/206168
2026-10-02 07:51:18,551 - INFO - Prompt processing progress: 22528/206168
2026-10-02 07:51:20,435 - INFO - Prompt processing progress: 24576/206168
2026-10-02 07:51:22,369 - INFO - Prompt processing progress: 26624/206168
2026-10-02 07:51:24,328 - INFO - Prompt processing progress: 28672/206168
2026-10-02 07:51:26,325 - INFO - Prompt processing progress: 30720/206168
2026-10-02 07:51:28,354 - INFO - Prompt processing progress: 32768/206168
2026-10-02 07:51:30,422 - INFO - Prompt processing progress: 34816/206168
2026-10-02 07:51:32,537 - INFO - Prompt processing progress: 36864/206168
2026-10-02 07:51:34,693 - INFO - Prompt processing progress: 38912/206168
2026-10-02 07:51:36,857 - INFO - Prompt processing progress: 40960/206168
2026-10-02 07:51:39,074 - INFO - Prompt processing progress: 43008/206168
2026-10-02 07:51:41,339 - INFO - Prompt processing progress: 45056/206168
2026-10-02 07:51:43,636 - INFO - Prompt processing progress: 47104/206168
2026-10-02 07:51:45,964 - INFO - Prompt processing progress: 49152/206168
2026-10-02 07:51:48,335 - INFO - Prompt processing progress: 51200/206168
2026-10-02 07:51:50,758 - INFO - Prompt processing progress: 53248/206168
2026-10-02 07:51:53,181 - INFO - Prompt processing progress: 55296/206168
2026-10-02 07:51:55,660 - INFO - Prompt processing progress: 57344/206168
2026-10-02 07:51:58,233 - INFO - Prompt processing progress: 59392/206168
2026-10-02 07:52:00,836 - INFO - Prompt processing progress: 61440/206168
2026-10-02 07:52:03,449 - INFO - Prompt processing progress: 63488/206168
2026-10-02 07:52:06,156 - INFO - Prompt processing progress: 65536/206168
2026-10-02 07:52:08,855 - INFO - Prompt processing progress: 67584/206168
2026-10-02 07:52:11,576 - INFO - Prompt processing progress: 69632/206168
2026-10-02 07:52:14,329 - INFO - Prompt processing progress: 71680/206168
2026-10-02 07:52:17,088 - INFO - Prompt processing progress: 73728/206168
2026-10-02 07:52:19,926 - INFO - Prompt processing progress: 75776/206168
2026-10-02 07:52:22,814 - INFO - Prompt processing progress: 77824/206168
2026-10-02 07:52:25,838 - INFO - Prompt processing progress: 79872/206168
2026-10-02 07:52:28,828 - INFO - Prompt processing progress: 81920/206168
2026-10-02 07:52:31,821 - INFO - Prompt processing progress: 83968/206168
2026-10-02 07:52:34,880 - INFO - Prompt processing progress: 86016/206168
2026-10-02 07:52:37,938 - INFO - Prompt processing progress: 88064/206168
2026-10-02 07:52:41,035 - INFO - Prompt processing progress: 90112/206168
2026-10-02 07:52:44,190 - INFO - Prompt processing progress: 92160/206168
2026-10-02 07:52:47,317 - INFO - Prompt processing progress: 94208/206168
2026-10-02 07:52:50,531 - INFO - Prompt processing progress: 96256/206168
2026-10-02 07:52:53,842 - INFO - Prompt processing progress: 98304/206168
2026-10-02 07:52:57,200 - INFO - Prompt processing progress: 100352/206168
2026-10-02 07:53:00,489 - INFO - Prompt processing progress: 102400/206168
2026-10-02 07:53:03,854 - INFO - Prompt processing progress: 104448/206168
2026-10-02 07:53:07,255 - INFO - Prompt processing progress: 106496/206168
2026-10-02 07:53:10,664 - INFO - Prompt processing progress: 108544/206168
2026-10-02 07:53:14,151 - INFO - Prompt processing progress: 110592/206168
2026-10-02 07:53:17,682 - INFO - Prompt processing progress: 112640/206168
2026-10-02 07:53:21,296 - INFO - Prompt processing progress: 114688/206168
2026-10-02 07:53:24,888 - INFO - Prompt processing progress: 116736/206168
2026-10-02 07:53:28,565 - INFO - Prompt processing progress: 118784/206168
2026-10-02 07:53:32,289 - INFO - Prompt processing progress: 120832/206168
2026-10-02 07:53:36,020 - INFO - Prompt processing progress: 122880/206168
2026-10-02 07:53:39,753 - INFO - Prompt processing progress: 124928/206168
2026-10-02 07:53:43,595 - INFO - Prompt processing progress: 126976/206168
2026-10-02 07:53:47,453 - INFO - Prompt processing progress: 129024/206168
2026-10-02 07:53:51,300 - INFO - Prompt processing progress: 131072/206168
2026-10-02 07:53:55,349 - INFO - Prompt processing progress: 133120/206168
2026-10-02 07:53:59,300 - INFO - Prompt processing progress: 135168/206168
2026-10-02 07:54:03,302 - INFO - Prompt processing progress: 137216/206168
2026-10-02 07:54:07,333 - INFO - Prompt processing progress: 139264/206168
2026-10-02 07:54:11,396 - INFO - Prompt processing progress: 141312/206168
2026-10-02 07:54:15,476 - INFO - Prompt processing progress: 143360/206168
2026-10-02 07:54:19,611 - INFO - Prompt processing progress: 145408/206168
2026-10-02 07:54:23,793 - INFO - Prompt processing progress: 147456/206168
2026-10-02 07:54:27,955 - INFO - Prompt processing progress: 149504/206168
2026-10-02 07:54:32,194 - INFO - Prompt processing progress: 151552/206168
2026-10-02 07:54:36,462 - INFO - Prompt processing progress: 153600/206168
2026-10-02 07:54:40,901 - INFO - Prompt processing progress: 155648/206168
2026-10-02 07:54:45,235 - INFO - Prompt processing progress: 157696/206168
2026-10-02 07:54:49,631 - INFO - Prompt processing progress: 159744/206168
2026-10-02 07:54:54,033 - INFO - Prompt processing progress: 161792/206168
2026-10-02 07:54:58,558 - INFO - Prompt processing progress: 163840/206168
2026-10-02 07:55:03,205 - INFO - Prompt processing progress: 165888/206168
2026-10-02 07:55:07,821 - INFO - Prompt processing progress: 167936/206168
2026-10-02 07:55:12,395 - INFO - Prompt processing progress: 169984/206168
2026-10-02 07:55:17,031 - INFO - Prompt processing progress: 172032/206168
2026-10-02 07:55:21,805 - INFO - Prompt processing progress: 174080/206168
2026-10-02 07:55:26,523 - INFO - Prompt processing progress: 176128/206168
2026-10-02 07:55:31,288 - INFO - Prompt processing progress: 178176/206168
2026-10-02 07:55:36,038 - INFO - Prompt processing progress: 180224/206168
2026-10-02 07:55:40,850 - INFO - Prompt processing progress: 182272/206168
2026-10-02 07:55:45,677 - INFO - Prompt processing progress: 184320/206168
2026-10-02 07:55:50,682 - INFO - Prompt processing progress: 186368/206168
2026-10-02 07:55:55,819 - INFO - Prompt processing progress: 188416/206168
2026-10-02 07:56:00,842 - INFO - Prompt processing progress: 190464/206168
2026-10-02 07:56:05,906 - INFO - Prompt processing progress: 192512/206168
2026-10-02 07:56:10,961 - INFO - Prompt processing progress: 194560/206168
2026-10-02 07:56:16,057 - INFO - Prompt processing progress: 196608/206168
2026-10-02 07:56:21,271 - INFO - Prompt processing progress: 198656/206168
2026-10-02 07:56:26,554 - INFO - Prompt processing progress: 200704/206168
2026-10-02 07:56:31,920 - INFO - Prompt processing progress: 202752/206168
2026-10-02 07:56:37,236 - INFO - Prompt processing progress: 204800/206168
2026-10-02 07:56:41,116 - INFO - Prompt processing progress: 206167/206168
2026-10-02 07:56:41,276 - INFO - Prompt processing progress: 206168/206168
