ds4: Metal device Apple M5 Ultra, 256.00 GiB RAM
ds4: Metal 4 tensor API enabled for Tensor kernels
ds4: drift-patch flags hc_stable=on norm_unify=on kv_raw_f32=off rope_exp2_log2=off math_safe=off tensor_matmul=on
ds4: Metal model views created in 4.902 ms, residency requested in 815.229 ms, warmup 5.731 ms (mapped 157001.67 MiB from offset 5.09 MiB)
ds4: Metal mapped mmaped model as 1 overlapping shared buffers
ds4: metal backend initialized for graph diagnostics
ds4: memory: KV 2.20 GiB (raw 0.19 + compressed 2.01) + buffers 1.00 GiB + resident model 153.32 GiB = 156.52 GiB planned
ds4: memory detail: ctx=262144 prefill_cap=2048 raw_kv_rows=2304 compressed_kv_rows=65538 backend=metal
1003 01:27:58 ds4-server: context buffers 3274.64 MiB (ctx=262144, backend=metal, prefill_chunk=2048, raw_kv_rows=2304, compressed_kv_rows=65538)
1003 01:27:58 ds4-server: listening on http://127.0.0.1:18185
1003 01:27:58 ds4-server: chat ctx=0..200001:200001 prompt start
1003 01:27:58 ds4-server: chat ctx=0..200001:200001 prefill chunk 0/200001 (0.0%) chunk=0.00 t/s avg=0.00 t/s 0.000s
1003 01:28:00 ds4-server: chat ctx=0..200001:200001 prefill chunk 2048/200001 (1.0%) chunk=1001.61 t/s avg=1001.52 t/s 2.045s
1003 01:28:02 ds4-server: chat ctx=0..200001:200001 prefill chunk 4096/200001 (2.0%) chunk=957.06 t/s avg=978.78 t/s 4.185s
1003 01:28:04 ds4-server: chat ctx=0..200001:200001 prefill chunk 6144/200001 (3.1%) chunk=955.08 t/s avg=970.75 t/s 6.329s
1003 01:28:06 ds4-server: chat ctx=0..200001:200001 prefill chunk 8192/200001 (4.1%) chunk=948.56 t/s avg=965.11 t/s 8.488s
1003 01:28:09 ds4-server: chat ctx=0..200001:200001 prefill chunk 10240/200001 (5.1%) chunk=934.24 t/s avg=958.77 t/s 10.680s
1003 01:28:11 ds4-server: chat ctx=0..200001:200001 prefill chunk 12288/200001 (6.1%) chunk=927.77 t/s avg=953.46 t/s 12.888s
1003 01:28:13 ds4-server: chat ctx=0..200001:200001 prefill chunk 14336/200001 (7.2%) chunk=921.79 t/s avg=948.80 t/s 15.110s
1003 01:28:15 ds4-server: chat ctx=0..200001:200001 prefill chunk 16384/200001 (8.2%) chunk=916.44 t/s avg=944.63 t/s 17.344s
1003 01:28:17 ds4-server: chat ctx=0..200001:200001 prefill chunk 18432/200001 (9.2%) chunk=905.80 t/s avg=940.15 t/s 19.605s
1003 01:28:20 ds4-server: chat ctx=0..200001:200001 prefill chunk 20480/200001 (10.2%) chunk=898.47 t/s avg=935.81 t/s 21.885s
1003 01:28:22 ds4-server: chat ctx=0..200001:200001 prefill chunk 22528/200001 (11.3%) chunk=891.16 t/s avg=931.57 t/s 24.183s
1003 01:28:24 ds4-server: chat ctx=0..200001:200001 prefill chunk 24576/200001 (12.3%) chunk=885.67 t/s avg=927.56 t/s 26.495s
1003 01:28:27 ds4-server: chat ctx=0..200001:200001 prefill chunk 26624/200001 (13.3%) chunk=870.60 t/s avg=922.92 t/s 28.848s
1003 01:28:29 ds4-server: chat ctx=0..200001:200001 prefill chunk 28672/200001 (14.3%) chunk=868.10 t/s avg=918.78 t/s 31.207s
1003 01:28:31 ds4-server: chat ctx=0..200001:200001 prefill chunk 30720/200001 (15.4%) chunk=860.45 t/s avg=914.64 t/s 33.587s
1003 01:28:34 ds4-server: chat ctx=0..200001:200001 prefill chunk 32768/200001 (16.4%) chunk=856.35 t/s avg=910.77 t/s 35.978s
1003 01:28:36 ds4-server: chat ctx=0..200001:200001 prefill chunk 34816/200001 (17.4%) chunk=840.03 t/s avg=906.28 t/s 38.416s
1003 01:28:39 ds4-server: chat ctx=0..200001:200001 prefill chunk 36864/200001 (18.4%) chunk=836.35 t/s avg=902.09 t/s 40.865s
1003 01:28:41 ds4-server: chat ctx=0..200001:200001 prefill chunk 38912/200001 (19.5%) chunk=828.78 t/s avg=897.91 t/s 43.336s
1003 01:28:44 ds4-server: chat ctx=0..200001:200001 prefill chunk 40960/200001 (20.5%) chunk=825.12 t/s avg=893.96 t/s 45.818s
1003 01:28:46 ds4-server: chat ctx=0..200001:200001 prefill chunk 43008/200001 (21.5%) chunk=813.10 t/s avg=889.75 t/s 48.337s
1003 01:28:49 ds4-server: chat ctx=0..200001:200001 prefill chunk 45056/200001 (22.5%) chunk=808.44 t/s avg=885.70 t/s 50.870s
1003 01:28:51 ds4-server: chat ctx=0..200001:200001 prefill chunk 47104/200001 (23.6%) chunk=802.36 t/s avg=881.72 t/s 53.423s
1003 01:28:54 ds4-server: chat ctx=0..200001:200001 prefill chunk 49152/200001 (24.6%) chunk=800.22 t/s avg=877.99 t/s 55.982s
1003 01:28:56 ds4-server: chat ctx=0..200001:200001 prefill chunk 51200/200001 (25.6%) chunk=788.29 t/s avg=874.02 t/s 58.580s
1003 01:28:59 ds4-server: chat ctx=0..200001:200001 prefill chunk 53248/200001 (26.6%) chunk=784.00 t/s avg=870.17 t/s 61.192s
1003 01:29:02 ds4-server: chat ctx=0..200001:200001 prefill chunk 55296/200001 (27.6%) chunk=779.60 t/s avg=866.44 t/s 63.819s
1003 01:29:04 ds4-server: chat ctx=0..200001:200001 prefill chunk 57344/200001 (28.7%) chunk=774.84 t/s avg=862.80 t/s 66.463s
1003 01:29:07 ds4-server: chat ctx=0..200001:200001 prefill chunk 59392/200001 (29.7%) chunk=763.06 t/s avg=858.93 t/s 69.147s
1003 01:29:10 ds4-server: chat ctx=0..200001:200001 prefill chunk 61440/200001 (30.7%) chunk=759.29 t/s avg=855.19 t/s 71.844s
1003 01:29:12 ds4-server: chat ctx=0..200001:200001 prefill chunk 63488/200001 (31.7%) chunk=754.24 t/s avg=851.51 t/s 74.559s
1003 01:29:15 ds4-server: chat ctx=0..200001:200001 prefill chunk 65536/200001 (32.8%) chunk=751.56 t/s avg=847.99 t/s 77.284s
1003 01:29:18 ds4-server: chat ctx=0..200001:200001 prefill chunk 67584/200001 (33.8%) chunk=737.91 t/s avg=844.17 t/s 80.060s
1003 01:29:21 ds4-server: chat ctx=0..200001:200001 prefill chunk 69632/200001 (34.8%) chunk=734.97 t/s avg=840.50 t/s 82.846s
1003 01:29:24 ds4-server: chat ctx=0..200001:200001 prefill chunk 71680/200001 (35.8%) chunk=729.22 t/s avg=836.85 t/s 85.655s
1003 01:29:26 ds4-server: chat ctx=0..200001:200001 prefill chunk 73728/200001 (36.9%) chunk=727.09 t/s avg=833.36 t/s 88.471s
1003 01:29:29 ds4-server: chat ctx=0..200001:200001 prefill chunk 75776/200001 (37.9%) chunk=717.15 t/s avg=829.72 t/s 91.327s
1003 01:29:32 ds4-server: chat ctx=0..200001:200001 prefill chunk 77824/200001 (38.9%) chunk=713.78 t/s avg=826.19 t/s 94.196s
1003 01:29:35 ds4-server: chat ctx=0..200001:200001 prefill chunk 79872/200001 (39.9%) chunk=708.74 t/s avg=822.69 t/s 97.086s
1003 01:29:38 ds4-server: chat ctx=0..200001:200001 prefill chunk 81920/200001 (41.0%) chunk=706.05 t/s avg=819.31 t/s 99.986s
1003 01:29:41 ds4-server: chat ctx=0..200001:200001 prefill chunk 83968/200001 (42.0%) chunk=696.51 t/s avg=815.80 t/s 102.927s
1003 01:29:44 ds4-server: chat ctx=0..200001:200001 prefill chunk 86016/200001 (43.0%) chunk=693.70 t/s avg=812.40 t/s 105.879s
1003 01:29:47 ds4-server: chat ctx=0..200001:200001 prefill chunk 88064/200001 (44.0%) chunk=687.66 t/s avg=808.99 t/s 108.857s
1003 01:29:50 ds4-server: chat ctx=0..200001:200001 prefill chunk 90112/200001 (45.1%) chunk=687.19 t/s avg=805.74 t/s 111.838s
1003 01:29:53 ds4-server: chat ctx=0..200001:200001 prefill chunk 92160/200001 (46.1%) chunk=677.08 t/s avg=802.35 t/s 114.862s
1003 01:29:56 ds4-server: chat ctx=0..200001:200001 prefill chunk 94208/200001 (47.1%) chunk=675.62 t/s avg=799.09 t/s 117.894s
1003 01:29:59 ds4-server: chat ctx=0..200001:200001 prefill chunk 96256/200001 (48.1%) chunk=670.69 t/s avg=795.85 t/s 120.947s
1003 01:30:02 ds4-server: chat ctx=0..200001:200001 prefill chunk 98304/200001 (49.2%) chunk=669.09 t/s avg=792.72 t/s 124.008s
1003 01:30:05 ds4-server: chat ctx=0..200001:200001 prefill chunk 100352/200001 (50.2%) chunk=659.76 t/s avg=789.48 t/s 127.112s
1003 01:30:08 ds4-server: chat ctx=0..200001:200001 prefill chunk 102400/200001 (51.2%) chunk=657.72 t/s avg=786.33 t/s 130.226s
1003 01:30:11 ds4-server: chat ctx=0..200001:200001 prefill chunk 104448/200001 (52.2%) chunk=652.73 t/s avg=783.18 t/s 133.364s
1003 01:30:14 ds4-server: chat ctx=0..200001:200001 prefill chunk 106496/200001 (53.2%) chunk=650.89 t/s avg=780.13 t/s 136.510s
1003 01:30:18 ds4-server: chat ctx=0..200001:200001 prefill chunk 108544/200001 (54.3%) chunk=642.70 t/s avg=777.00 t/s 139.697s
1003 01:30:21 ds4-server: chat ctx=0..200001:200001 prefill chunk 110592/200001 (55.3%) chunk=640.28 t/s avg=773.94 t/s 142.895s
1003 01:30:24 ds4-server: chat ctx=0..200001:200001 prefill chunk 112640/200001 (56.3%) chunk=635.10 t/s avg=770.87 t/s 146.120s
1003 01:30:27 ds4-server: chat ctx=0..200001:200001 prefill chunk 114688/200001 (57.3%) chunk=633.38 t/s avg=767.90 t/s 149.353s
1003 01:30:30 ds4-server: chat ctx=0..200001:200001 prefill chunk 116736/200001 (58.4%) chunk=625.57 t/s avg=764.84 t/s 152.627s
1003 01:30:34 ds4-server: chat ctx=0..200001:200001 prefill chunk 118784/200001 (59.4%) chunk=625.10 t/s avg=761.91 t/s 155.904s
1003 01:30:37 ds4-server: chat ctx=0..200001:200001 prefill chunk 120832/200001 (60.4%) chunk=619.54 t/s avg=758.95 t/s 159.209s
1003 01:30:40 ds4-server: chat ctx=0..200001:200001 prefill chunk 122880/200001 (61.4%) chunk=618.83 t/s avg=756.10 t/s 162.519s
1003 01:30:44 ds4-server: chat ctx=0..200001:200001 prefill chunk 124928/200001 (62.5%) chunk=611.23 t/s avg=753.17 t/s 165.869s
1003 01:30:47 ds4-server: chat ctx=0..200001:200001 prefill chunk 126976/200001 (63.5%) chunk=609.12 t/s avg=750.31 t/s 169.232s
1003 01:30:50 ds4-server: chat ctx=0..200001:200001 prefill chunk 129024/200001 (64.5%) chunk=603.76 t/s avg=747.43 t/s 172.624s
1003 01:30:54 ds4-server: chat ctx=0..200001:200001 prefill chunk 131072/200001 (65.5%) chunk=603.87 t/s avg=744.66 t/s 176.015s
1003 01:30:57 ds4-server: chat ctx=0..200001:200001 prefill chunk 133120/200001 (66.6%) chunk=592.60 t/s avg=741.74 t/s 179.471s
1003 01:31:01 ds4-server: chat ctx=0..200001:200001 prefill chunk 135168/200001 (67.6%) chunk=590.85 t/s avg=738.88 t/s 182.937s
1003 01:31:04 ds4-server: chat ctx=0..200001:200001 prefill chunk 137216/200001 (68.6%) chunk=586.96 t/s avg=736.03 t/s 186.426s
1003 01:31:08 ds4-server: chat ctx=0..200001:200001 prefill chunk 139264/200001 (69.6%) chunk=585.76 t/s avg=733.27 t/s 189.923s
1003 01:31:11 ds4-server: chat ctx=0..200001:200001 prefill chunk 141312/200001 (70.7%) chunk=578.94 t/s avg=730.44 t/s 193.460s
1003 01:31:15 ds4-server: chat ctx=0..200001:200001 prefill chunk 143360/200001 (71.7%) chunk=577.86 t/s avg=727.70 t/s 197.004s
1003 01:31:18 ds4-server: chat ctx=0..200001:200001 prefill chunk 145408/200001 (72.7%) chunk=573.54 t/s avg=724.96 t/s 200.575s
1003 01:31:22 ds4-server: chat ctx=0..200001:200001 prefill chunk 147456/200001 (73.7%) chunk=571.79 t/s avg=722.27 t/s 204.157s
1003 01:31:26 ds4-server: chat ctx=0..200001:200001 prefill chunk 149504/200001 (74.8%) chunk=565.47 t/s avg=719.53 t/s 207.779s
1003 01:31:29 ds4-server: chat ctx=0..200001:200001 prefill chunk 151552/200001 (75.8%) chunk=564.45 t/s avg=716.87 t/s 211.407s
1003 01:31:33 ds4-server: chat ctx=0..200001:200001 prefill chunk 153600/200001 (76.8%) chunk=560.08 t/s avg=714.21 t/s 215.064s
1003 01:31:37 ds4-server: chat ctx=0..200001:200001 prefill chunk 155648/200001 (77.8%) chunk=557.99 t/s avg=711.59 t/s 218.734s
1003 01:31:40 ds4-server: chat ctx=0..200001:200001 prefill chunk 157696/200001 (78.8%) chunk=553.22 t/s avg=708.95 t/s 222.436s
1003 01:31:44 ds4-server: chat ctx=0..200001:200001 prefill chunk 159744/200001 (79.9%) chunk=552.29 t/s avg=706.38 t/s 226.144s
1003 01:31:48 ds4-server: chat ctx=0..200001:200001 prefill chunk 161792/200001 (80.9%) chunk=548.14 t/s avg=703.81 t/s 229.880s
1003 01:31:51 ds4-server: chat ctx=0..200001:200001 prefill chunk 163840/200001 (81.9%) chunk=546.99 t/s avg=701.30 t/s 233.624s
1003 01:31:55 ds4-server: chat ctx=0..200001:200001 prefill chunk 165888/200001 (82.9%) chunk=540.70 t/s avg=698.73 t/s 237.412s
1003 01:31:59 ds4-server: chat ctx=0..200001:200001 prefill chunk 167936/200001 (84.0%) chunk=539.62 t/s avg=696.23 t/s 241.207s
1003 01:32:03 ds4-server: chat ctx=0..200001:200001 prefill chunk 169984/200001 (85.0%) chunk=536.58 t/s avg=693.74 t/s 245.024s
1003 01:32:07 ds4-server: chat ctx=0..200001:200001 prefill chunk 172032/200001 (86.0%) chunk=535.32 t/s avg=691.31 t/s 248.850s
1003 01:32:11 ds4-server: chat ctx=0..200001:200001 prefill chunk 174080/200001 (87.0%) chunk=529.84 t/s avg=688.84 t/s 252.715s
1003 01:32:14 ds4-server: chat ctx=0..200001:200001 prefill chunk 176128/200001 (88.1%) chunk=528.81 t/s avg=686.42 t/s 256.588s
1003 01:32:18 ds4-server: chat ctx=0..200001:200001 prefill chunk 178176/200001 (89.1%) chunk=525.20 t/s avg=684.01 t/s 260.487s
1003 01:32:22 ds4-server: chat ctx=0..200001:200001 prefill chunk 180224/200001 (90.1%) chunk=524.13 t/s avg=681.65 t/s 264.395s
1003 01:32:26 ds4-server: chat ctx=0..200001:200001 prefill chunk 182272/200001 (91.1%) chunk=518.18 t/s avg=679.24 t/s 268.347s
1003 01:32:30 ds4-server: chat ctx=0..200001:200001 prefill chunk 184320/200001 (92.2%) chunk=517.59 t/s avg=676.89 t/s 272.304s
1003 01:32:34 ds4-server: chat ctx=0..200001:200001 prefill chunk 186368/200001 (93.2%) chunk=514.32 t/s avg=674.55 t/s 276.286s
1003 01:32:38 ds4-server: chat ctx=0..200001:200001 prefill chunk 188416/200001 (94.2%) chunk=512.35 t/s avg=672.23 t/s 280.283s
1003 01:32:42 ds4-server: chat ctx=0..200001:200001 prefill chunk 190464/200001 (95.2%) chunk=507.58 t/s avg=669.90 t/s 284.318s
1003 01:32:46 ds4-server: chat ctx=0..200001:200001 prefill chunk 192512/200001 (96.3%) chunk=506.90 t/s avg=667.61 t/s 288.358s
1003 01:32:50 ds4-server: chat ctx=0..200001:200001 prefill chunk 194560/200001 (97.3%) chunk=503.41 t/s avg=665.33 t/s 292.427s
1003 01:32:54 ds4-server: chat ctx=0..200001:200001 prefill chunk 196608/200001 (98.3%) chunk=502.23 t/s avg=663.09 t/s 296.504s
1003 01:32:58 ds4-server: chat ctx=0..200001:200001 prefill chunk 198656/200001 (99.3%) chunk=496.45 t/s avg=660.80 t/s 300.630s
1003 01:33:02 ds4-server: chat ctx=0..200001:200001 prefill chunk 200001/200001 (100.0%) chunk=341.96 t/s avg=656.68 t/s 304.563s
1003 01:33:02 ds4-server: chat ctx=0..200001:200001 prompt done 304.563s
1003 01:33:03 ds4-server: chat ctx=200001..200019:18 gen=18 decoding chunk=36.67 t/s avg=36.67 t/s 0.491s
1003 01:33:03 ds4-server: chat ctx=0..200001:200001 gen=18 finish=stop 305.054s
1003 01:33:03 ds4-server: chat ctx=200019..203949:3930 prompt start
1003 01:33:03 ds4-server: chat ctx=200019..203949:3930 prefill chunk 0/3930 (0.0%) chunk=0.00 t/s avg=0.00 t/s 0.000s
1003 01:33:05 ds4-server: chat ctx=200019..203949:3930 prefill chunk 685/3930 (17.4%) chunk=304.44 t/s avg=304.41 t/s 2.250s
1003 01:33:09 ds4-server: chat ctx=200019..203949:3930 prefill chunk 2733/3930 (69.5%) chunk=493.57 t/s avg=427.06 t/s 6.400s
1003 01:33:13 ds4-server: chat ctx=200019..203949:3930 prefill chunk 3930/3930 (100.0%) chunk=334.34 t/s avg=393.79 t/s 9.980s
1003 01:33:13 ds4-server: chat ctx=200019..203949:3930 prompt done 9.980s
1003 01:33:14 ds4-server: chat ctx=203949..203999:50 gen=50 decoding chunk=37.08 t/s avg=37.08 t/s 1.348s
1003 01:33:16 ds4-server: chat ctx=203999..204049:50 gen=100 decoding chunk=37.29 t/s avg=37.19 t/s 2.689s
1003 01:33:17 ds4-server: chat ctx=204049..204099:50 gen=150 decoding chunk=37.36 t/s avg=37.24 t/s 4.027s
1003 01:33:18 ds4-server: chat ctx=204099..204149:50 gen=200 decoding chunk=37.28 t/s avg=37.25 t/s 5.369s
1003 01:33:20 ds4-server: chat ctx=204149..204199:50 gen=250 decoding chunk=37.30 t/s avg=37.26 t/s 6.709s
1003 01:33:21 ds4-server: chat ctx=204199..204249:50 gen=300 decoding chunk=37.28 t/s avg=37.27 t/s 8.050s
1003 01:33:22 ds4-server: chat ctx=204249..204299:50 gen=350 decoding chunk=37.30 t/s avg=37.27 t/s 9.391s
1003 01:33:24 ds4-server: chat ctx=204299..204349:50 gen=400 decoding chunk=37.33 t/s avg=37.28 t/s 10.730s
1003 01:33:24 ds4-server: chat ctx=204349..204367:18 gen=418 decoding chunk=37.33 t/s avg=37.28 t/s 11.212s
1003 01:33:24 ds4-server: chat ctx=200019..203949:3930 gen=418 finish=stop 21.193s
1003 01:33:24 ds4-server: chat ctx=204367..204386:19 prompt start
1003 01:33:24 ds4-server: chat ctx=204367..204386:19 prefill chunk 0/19 (0.0%) chunk=0.00 t/s avg=0.00 t/s 0.000s
1003 01:33:25 ds4-server: chat ctx=204367..204386:19 prefill chunk 19/19 (100.0%) chunk=76.58 t/s avg=76.52 t/s 0.248s
1003 01:33:25 ds4-server: chat ctx=204367..204386:19 prompt done 0.249s
1003 01:33:25 ds4-server: chat ctx=204386..204391:5 gen=5 decoding chunk=36.79 t/s avg=36.79 t/s 0.136s
1003 01:33:25 ds4-server: chat ctx=204367..204386:19 gen=5 finish=stop 0.385s
1003 01:33:29 ds4-server: shutdown requested, draining requests
