<repo>/.venv/lib/python3.12/site-packages/mlx_lm/server.py:1723: UserWarning: mlx_lm.server is not recommended for production as it only implements basic security checks.
  warnings.warn(
2026-10-01 15:36:39,574 - INFO - Starting httpd at 127.0.0.1 on port 18185...
127.0.0.1 - - [01/Oct/2026 15:36:40] "GET /v1/models HTTP/1.1" 200 -
----------------------------------------
Exception occurred during processing of request from ('127.0.0.1', 54800)
Traceback (most recent call last):
  File "<home>/.local/share/uv/python/cpython-3.12.13-macos-aarch64-none/lib/python3.12/socketserver.py", line 697, in process_request_thread
    self.finish_request(request, client_address)
  File "<home>/.local/share/uv/python/cpython-3.12.13-macos-aarch64-none/lib/python3.12/socketserver.py", line 362, in finish_request
    self.RequestHandlerClass(request, client_address, self)
  File "<repo>/.venv/lib/python3.12/site-packages/mlx_lm/server.py", line 1716, in <lambda>
    lambda *args, **kwargs: handler_class(
                            ^^^^^^^^^^^^^^
  File "<repo>/.venv/lib/python3.12/site-packages/mlx_lm/server.py", line 1073, in __init__
    super().__init__(*args, **kwargs)
  File "<home>/.local/share/uv/python/cpython-3.12.13-macos-aarch64-none/lib/python3.12/socketserver.py", line 766, in __init__
    self.handle()
  File "<home>/.local/share/uv/python/cpython-3.12.13-macos-aarch64-none/lib/python3.12/http/server.py", line 440, in handle
    self.handle_one_request()
  File "<home>/.local/share/uv/python/cpython-3.12.13-macos-aarch64-none/lib/python3.12/http/server.py", line 428, in handle_one_request
    method()
  File "<repo>/.venv/lib/python3.12/site-packages/mlx_lm/server.py", line 1625, in do_GET
    self.handle_models_request()
  File "<repo>/.venv/lib/python3.12/site-packages/mlx_lm/server.py", line 1668, in handle_models_request
    hf_cache_info = scan_cache_dir()
                    ^^^^^^^^^^^^^^^^
  File "<repo>/.venv/lib/python3.12/site-packages/huggingface_hub/utils/_cache_manager.py", line 777, in scan_cache_dir
    raise CacheNotFound(
huggingface_hub.errors.CacheNotFound: Cache directory not found: <repo>/.cache/huggingface/hub. Please use `cache_dir` argument or set `HF_HUB_CACHE` environment variable.
----------------------------------------
127.0.0.1 - - [01/Oct/2026 15:36:40] "POST /v1/chat/completions HTTP/1.1" 200 -
2026-10-01 15:36:40,937 - INFO - Prompt Cache: 0 sequences, 0.00 GB
2026-10-01 15:36:40,937 - INFO - - assistant: 0 sequences, 0.00 GB
2026-10-01 15:36:40,937 - INFO - - user: 0 sequences, 0.00 GB
2026-10-01 15:36:40,937 - INFO - - system: 0 sequences, 0.00 GB
2026-10-01 15:36:41,023 - INFO - Prompt processing progress: 0/200001
2026-10-01 15:36:42,196 - INFO - Prompt processing progress: 2048/200001
2026-10-01 15:36:43,378 - INFO - Prompt processing progress: 4096/200001
2026-10-01 15:36:44,581 - INFO - Prompt processing progress: 6144/200001
2026-10-01 15:36:45,810 - INFO - Prompt processing progress: 8192/200001
2026-10-01 15:36:47,053 - INFO - Prompt processing progress: 10240/200001
2026-10-01 15:36:48,315 - INFO - Prompt processing progress: 12288/200001
2026-10-01 15:36:49,595 - INFO - Prompt processing progress: 14336/200001
2026-10-01 15:36:50,905 - INFO - Prompt processing progress: 16384/200001
2026-10-01 15:36:52,236 - INFO - Prompt processing progress: 18432/200001
2026-10-01 15:36:53,584 - INFO - Prompt processing progress: 20480/200001
2026-10-01 15:36:54,954 - INFO - Prompt processing progress: 22528/200001
2026-10-01 15:36:56,344 - INFO - Prompt processing progress: 24576/200001
2026-10-01 15:36:57,752 - INFO - Prompt processing progress: 26624/200001
2026-10-01 15:36:59,184 - INFO - Prompt processing progress: 28672/200001
2026-10-01 15:37:00,641 - INFO - Prompt processing progress: 30720/200001
2026-10-01 15:37:02,122 - INFO - Prompt processing progress: 32768/200001
2026-10-01 15:37:03,620 - INFO - Prompt processing progress: 34816/200001
2026-10-01 15:37:05,136 - INFO - Prompt processing progress: 36864/200001
2026-10-01 15:37:06,667 - INFO - Prompt processing progress: 38912/200001
2026-10-01 15:37:08,219 - INFO - Prompt processing progress: 40960/200001
2026-10-01 15:37:09,796 - INFO - Prompt processing progress: 43008/200001
2026-10-01 15:37:11,405 - INFO - Prompt processing progress: 45056/200001
2026-10-01 15:37:13,033 - INFO - Prompt processing progress: 47104/200001
2026-10-01 15:37:14,690 - INFO - Prompt processing progress: 49152/200001
2026-10-01 15:37:16,332 - INFO - Prompt processing progress: 51200/200001
2026-10-01 15:37:17,994 - INFO - Prompt processing progress: 53248/200001
2026-10-01 15:37:19,675 - INFO - Prompt processing progress: 55296/200001
2026-10-01 15:37:21,385 - INFO - Prompt processing progress: 57344/200001
2026-10-01 15:37:23,102 - INFO - Prompt processing progress: 59392/200001
2026-10-01 15:37:24,846 - INFO - Prompt processing progress: 61440/200001
2026-10-01 15:37:26,610 - INFO - Prompt processing progress: 63488/200001
2026-10-01 15:37:28,400 - INFO - Prompt processing progress: 65536/200001
2026-10-01 15:37:30,215 - INFO - Prompt processing progress: 67584/200001
2026-10-01 15:37:32,054 - INFO - Prompt processing progress: 69632/200001
2026-10-01 15:37:33,918 - INFO - Prompt processing progress: 71680/200001
2026-10-01 15:37:35,795 - INFO - Prompt processing progress: 73728/200001
2026-10-01 15:37:37,678 - INFO - Prompt processing progress: 75776/200001
2026-10-01 15:37:39,587 - INFO - Prompt processing progress: 77824/200001
2026-10-01 15:37:41,513 - INFO - Prompt processing progress: 79872/200001
2026-10-01 15:37:43,464 - INFO - Prompt processing progress: 81920/200001
2026-10-01 15:37:45,435 - INFO - Prompt processing progress: 83968/200001
2026-10-01 15:37:47,426 - INFO - Prompt processing progress: 86016/200001
2026-10-01 15:37:49,457 - INFO - Prompt processing progress: 88064/200001
2026-10-01 15:37:51,486 - INFO - Prompt processing progress: 90112/200001
2026-10-01 15:37:53,540 - INFO - Prompt processing progress: 92160/200001
2026-10-01 15:37:55,627 - INFO - Prompt processing progress: 94208/200001
2026-10-01 15:37:57,730 - INFO - Prompt processing progress: 96256/200001
2026-10-01 15:37:59,852 - INFO - Prompt processing progress: 98304/200001
2026-10-01 15:38:01,994 - INFO - Prompt processing progress: 100352/200001
2026-10-01 15:38:04,152 - INFO - Prompt processing progress: 102400/200001
2026-10-01 15:38:06,342 - INFO - Prompt processing progress: 104448/200001
2026-10-01 15:38:08,541 - INFO - Prompt processing progress: 106496/200001
2026-10-01 15:38:10,776 - INFO - Prompt processing progress: 108544/200001
2026-10-01 15:38:13,028 - INFO - Prompt processing progress: 110592/200001
2026-10-01 15:38:15,281 - INFO - Prompt processing progress: 112640/200001
2026-10-01 15:38:17,555 - INFO - Prompt processing progress: 114688/200001
2026-10-01 15:38:19,876 - INFO - Prompt processing progress: 116736/200001
2026-10-01 15:38:22,192 - INFO - Prompt processing progress: 118784/200001
2026-10-01 15:38:24,549 - INFO - Prompt processing progress: 120832/200001
2026-10-01 15:38:26,913 - INFO - Prompt processing progress: 122880/200001
2026-10-01 15:38:29,282 - INFO - Prompt processing progress: 124928/200001
2026-10-01 15:38:31,725 - INFO - Prompt processing progress: 126976/200001
2026-10-01 15:38:34,142 - INFO - Prompt processing progress: 129024/200001
2026-10-01 15:38:36,591 - INFO - Prompt processing progress: 131072/200001
2026-10-01 15:38:39,073 - INFO - Prompt processing progress: 133120/200001
2026-10-01 15:38:41,561 - INFO - Prompt processing progress: 135168/200001
2026-10-01 15:38:44,067 - INFO - Prompt processing progress: 137216/200001
2026-10-01 15:38:46,628 - INFO - Prompt processing progress: 139264/200001
2026-10-01 15:38:49,174 - INFO - Prompt processing progress: 141312/200001
2026-10-01 15:38:51,756 - INFO - Prompt processing progress: 143360/200001
2026-10-01 15:38:54,361 - INFO - Prompt processing progress: 145408/200001
2026-10-01 15:38:56,971 - INFO - Prompt processing progress: 147456/200001
2026-10-01 15:38:59,613 - INFO - Prompt processing progress: 149504/200001
2026-10-01 15:39:02,279 - INFO - Prompt processing progress: 151552/200001
2026-10-01 15:39:04,939 - INFO - Prompt processing progress: 153600/200001
2026-10-01 15:39:07,663 - INFO - Prompt processing progress: 155648/200001
2026-10-01 15:39:10,376 - INFO - Prompt processing progress: 157696/200001
2026-10-01 15:39:13,132 - INFO - Prompt processing progress: 159744/200001
2026-10-01 15:39:15,933 - INFO - Prompt processing progress: 161792/200001
2026-10-01 15:39:18,720 - INFO - Prompt processing progress: 163840/200001
2026-10-01 15:39:21,522 - INFO - Prompt processing progress: 165888/200001
2026-10-01 15:39:24,364 - INFO - Prompt processing progress: 167936/200001
2026-10-01 15:39:27,209 - INFO - Prompt processing progress: 169984/200001
2026-10-01 15:39:30,079 - INFO - Prompt processing progress: 172032/200001
2026-10-01 15:39:33,010 - INFO - Prompt processing progress: 174080/200001
2026-10-01 15:39:35,916 - INFO - Prompt processing progress: 176128/200001
2026-10-01 15:39:38,855 - INFO - Prompt processing progress: 178176/200001
2026-10-01 15:39:41,806 - INFO - Prompt processing progress: 180224/200001
2026-10-01 15:39:44,775 - INFO - Prompt processing progress: 182272/200001
2026-10-01 15:39:47,772 - INFO - Prompt processing progress: 184320/200001
2026-10-01 15:39:50,797 - INFO - Prompt processing progress: 186368/200001
2026-10-01 15:39:53,827 - INFO - Prompt processing progress: 188416/200001
2026-10-01 15:39:56,907 - INFO - Prompt processing progress: 190464/200001
2026-10-01 15:39:59,953 - INFO - Prompt processing progress: 192512/200001
2026-10-01 15:40:03,050 - INFO - Prompt processing progress: 194560/200001
2026-10-01 15:40:06,171 - INFO - Prompt processing progress: 196608/200001
2026-10-01 15:40:09,351 - INFO - Prompt processing progress: 198656/200001
2026-10-01 15:40:11,715 - INFO - Prompt processing progress: 200000/200001
2026-10-01 15:40:11,807 - INFO - Prompt processing progress: 200001/200001
127.0.0.1 - - [01/Oct/2026 15:40:12] "POST /v1/chat/completions HTTP/1.1" 200 -
2026-10-01 15:40:12,653 - INFO - Prompt Cache: 1 sequences, 13.27 GB
2026-10-01 15:40:12,653 - INFO - - assistant: 1 sequences, 13.27 GB
2026-10-01 15:40:12,653 - INFO - - user: 0 sequences, 0.00 GB
2026-10-01 15:40:12,653 - INFO - - system: 0 sequences, 0.00 GB
2026-10-01 15:40:12,749 - INFO - Prompt processing progress: 0/3645
2026-10-01 15:40:16,087 - INFO - Prompt processing progress: 2048/3645
2026-10-01 15:40:18,867 - INFO - Prompt processing progress: 3644/3645
2026-10-01 15:40:18,967 - INFO - Prompt processing progress: 3645/3645
127.0.0.1 - - [01/Oct/2026 15:40:26] "POST /v1/chat/completions HTTP/1.1" 200 -
2026-10-01 15:40:26,653 - INFO - Prompt Cache: 1 sequences, 13.51 GB
2026-10-01 15:40:26,653 - INFO - - assistant: 1 sequences, 13.51 GB
2026-10-01 15:40:26,653 - INFO - - user: 0 sequences, 0.00 GB
2026-10-01 15:40:26,653 - INFO - - system: 0 sequences, 0.00 GB
2026-10-01 15:40:26,751 - INFO - Prompt processing progress: 0/25
2026-10-01 15:40:27,006 - INFO - Prompt processing progress: 24/25
2026-10-01 15:40:27,114 - INFO - Prompt processing progress: 25/25
