<M5_REPO>/vendor/vlm-runtime/.venv/lib/python3.12/site-packages/mlx_lm/server.py:1723: UserWarning: mlx_lm.server is not recommended for production as it only implements basic security checks.
  warnings.warn(
2026-10-03 06:47:03,911 - INFO - Starting httpd at 127.0.0.1 on port 18185...
127.0.0.1 - - [03/Oct/2026 06:47:04] "GET /v1/models HTTP/1.1" 200 -
[transformers] You are using a model of type `mimo_v2` to instantiate a model of type ``. This may be expected if you are loading a checkpoint that shares a subset of the architecture (e.g., loading a `sam2_video` checkpoint into `Sam2Model`), but is otherwise not supported and can yield errors. Please verify that the checkpoint is compatible with the model you are instantiating.
2026-10-03 06:50:50,453 - INFO - Prompt Cache: 0 sequences, 0.00 GB
2026-10-03 06:50:50,453 - INFO - - assistant: 0 sequences, 0.00 GB
2026-10-03 06:50:50,453 - INFO - - user: 0 sequences, 0.00 GB
2026-10-03 06:50:50,453 - INFO - - system: 0 sequences, 0.00 GB
127.0.0.1 - - [03/Oct/2026 06:50:50] "POST /v1/chat/completions HTTP/1.1" 200 -
2026-10-03 06:50:53,465 - INFO - Prompt processing progress: 19/8219
2026-10-03 06:50:54,584 - INFO - Prompt processing progress: 2067/8219
2026-10-03 06:50:55,756 - INFO - Prompt processing progress: 4115/8219
2026-10-03 06:50:56,973 - INFO - Prompt processing progress: 6163/8219
2026-10-03 06:50:58,231 - INFO - Prompt processing progress: 8211/8219
2026-10-03 06:50:58,285 - INFO - Prompt processing progress: 8217/8219
2026-10-03 06:50:58,309 - INFO - Prompt processing progress: 8218/8219
2026-10-03 06:50:58,332 - INFO - Prompt processing progress: 8219/8219
2026-10-03 06:51:02,477 - INFO - Prompt Cache: 0 sequences, 0.00 GB
2026-10-03 06:51:02,477 - INFO - - assistant: 0 sequences, 0.00 GB
2026-10-03 06:51:02,477 - INFO - - user: 0 sequences, 0.00 GB
2026-10-03 06:51:02,477 - INFO - - system: 0 sequences, 0.00 GB
127.0.0.1 - - [03/Oct/2026 06:51:02] "POST /v1/chat/completions HTTP/1.1" 200 -
2026-10-03 06:51:02,603 - INFO - Prompt processing progress: 19/8219
2026-10-03 06:51:03,715 - INFO - Prompt processing progress: 2067/8219
2026-10-03 06:51:04,891 - INFO - Prompt processing progress: 4115/8219
2026-10-03 06:51:06,114 - INFO - Prompt processing progress: 6163/8219
2026-10-03 06:51:07,383 - INFO - Prompt processing progress: 8211/8219
2026-10-03 06:51:07,432 - INFO - Prompt processing progress: 8217/8219
2026-10-03 06:51:07,455 - INFO - Prompt processing progress: 8218/8219
2026-10-03 06:51:07,478 - INFO - Prompt processing progress: 8219/8219
2026-10-03 06:51:11,632 - INFO - Prompt Cache: 0 sequences, 0.00 GB
2026-10-03 06:51:11,632 - INFO - - assistant: 0 sequences, 0.00 GB
2026-10-03 06:51:11,632 - INFO - - user: 0 sequences, 0.00 GB
2026-10-03 06:51:11,632 - INFO - - system: 0 sequences, 0.00 GB
127.0.0.1 - - [03/Oct/2026 06:51:11] "POST /v1/chat/completions HTTP/1.1" 200 -
2026-10-03 06:51:11,678 - INFO - Prompt Cache: 0 sequences, 0.00 GB
2026-10-03 06:51:11,678 - INFO - - assistant: 0 sequences, 0.00 GB
2026-10-03 06:51:11,678 - INFO - - user: 0 sequences, 0.00 GB
2026-10-03 06:51:11,678 - INFO - - system: 0 sequences, 0.00 GB
127.0.0.1 - - [03/Oct/2026 06:51:11] "POST /v1/chat/completions HTTP/1.1" 200 -
2026-10-03 06:51:11,854 - INFO - Prompt processing progress: 19/8219
2026-10-03 06:51:11,854 - INFO - Prompt processing progress: 19/8219
2026-10-03 06:51:13,858 - INFO - Prompt processing progress: 2067/8219
2026-10-03 06:51:13,858 - INFO - Prompt processing progress: 2067/8219
2026-10-03 06:51:15,993 - INFO - Prompt processing progress: 4115/8219
2026-10-03 06:51:15,993 - INFO - Prompt processing progress: 4115/8219
2026-10-03 06:51:18,229 - INFO - Prompt processing progress: 6163/8219
2026-10-03 06:51:18,229 - INFO - Prompt processing progress: 6163/8219
2026-10-03 06:51:20,596 - INFO - Prompt processing progress: 8211/8219
2026-10-03 06:51:20,596 - INFO - Prompt processing progress: 8211/8219
2026-10-03 06:51:20,682 - INFO - Prompt processing progress: 8217/8219
2026-10-03 06:51:20,682 - INFO - Prompt processing progress: 8217/8219
2026-10-03 06:51:20,737 - INFO - Prompt processing progress: 8218/8219
2026-10-03 06:51:20,737 - INFO - Prompt processing progress: 8218/8219
2026-10-03 06:51:20,766 - INFO - Prompt processing progress: 8219/8219
2026-10-03 06:51:20,766 - INFO - Prompt processing progress: 8219/8219
2026-10-03 06:51:26,194 - INFO - Prompt Cache: 0 sequences, 0.00 GB
2026-10-03 06:51:26,194 - INFO - - assistant: 0 sequences, 0.00 GB
2026-10-03 06:51:26,195 - INFO - - user: 0 sequences, 0.00 GB
2026-10-03 06:51:26,195 - INFO - - system: 0 sequences, 0.00 GB
127.0.0.1 - - [03/Oct/2026 06:51:26] "POST /v1/chat/completions HTTP/1.1" 200 -
2026-10-03 06:51:26,243 - INFO - Prompt Cache: 0 sequences, 0.00 GB
2026-10-03 06:51:26,243 - INFO - - assistant: 0 sequences, 0.00 GB
2026-10-03 06:51:26,243 - INFO - - user: 0 sequences, 0.00 GB
2026-10-03 06:51:26,243 - INFO - - system: 0 sequences, 0.00 GB
127.0.0.1 - - [03/Oct/2026 06:51:26] "POST /v1/chat/completions HTTP/1.1" 200 -
2026-10-03 06:51:26,412 - INFO - Prompt processing progress: 19/8219
2026-10-03 06:51:26,412 - INFO - Prompt processing progress: 19/8219
2026-10-03 06:51:28,420 - INFO - Prompt processing progress: 2067/8219
2026-10-03 06:51:28,420 - INFO - Prompt processing progress: 2067/8219
2026-10-03 06:51:30,571 - INFO - Prompt processing progress: 4115/8219
2026-10-03 06:51:30,572 - INFO - Prompt processing progress: 4115/8219
2026-10-03 06:51:32,806 - INFO - Prompt processing progress: 6163/8219
2026-10-03 06:51:32,806 - INFO - Prompt processing progress: 6163/8219
2026-10-03 06:51:35,150 - INFO - Prompt processing progress: 8211/8219
2026-10-03 06:51:35,150 - INFO - Prompt processing progress: 8211/8219
2026-10-03 06:51:35,237 - INFO - Prompt processing progress: 8217/8219
2026-10-03 06:51:35,237 - INFO - Prompt processing progress: 8217/8219
2026-10-03 06:51:35,270 - INFO - Prompt processing progress: 8218/8219
2026-10-03 06:51:35,270 - INFO - Prompt processing progress: 8218/8219
2026-10-03 06:51:35,299 - INFO - Prompt processing progress: 8219/8219
2026-10-03 06:51:35,299 - INFO - Prompt processing progress: 8219/8219
2026-10-03 06:51:40,736 - INFO - Prompt Cache: 0 sequences, 0.00 GB
2026-10-03 06:51:40,736 - INFO - - assistant: 0 sequences, 0.00 GB
2026-10-03 06:51:40,736 - INFO - - user: 0 sequences, 0.00 GB
2026-10-03 06:51:40,736 - INFO - - system: 0 sequences, 0.00 GB
127.0.0.1 - - [03/Oct/2026 06:51:40] "POST /v1/chat/completions HTTP/1.1" 200 -
2026-10-03 06:51:40,786 - INFO - Prompt Cache: 0 sequences, 0.00 GB
2026-10-03 06:51:40,786 - INFO - - assistant: 0 sequences, 0.00 GB
2026-10-03 06:51:40,786 - INFO - - user: 0 sequences, 0.00 GB
2026-10-03 06:51:40,786 - INFO - - system: 0 sequences, 0.00 GB
127.0.0.1 - - [03/Oct/2026 06:51:40] "POST /v1/chat/completions HTTP/1.1" 200 -
2026-10-03 06:51:40,955 - INFO - Prompt processing progress: 19/8219
2026-10-03 06:51:40,955 - INFO - Prompt processing progress: 19/8219
2026-10-03 06:51:42,961 - INFO - Prompt processing progress: 2067/8219
2026-10-03 06:51:42,961 - INFO - Prompt processing progress: 2067/8219
2026-10-03 06:51:45,097 - INFO - Prompt processing progress: 4115/8219
2026-10-03 06:51:45,097 - INFO - Prompt processing progress: 4115/8219
2026-10-03 06:51:47,331 - INFO - Prompt processing progress: 6163/8219
2026-10-03 06:51:47,331 - INFO - Prompt processing progress: 6163/8219
2026-10-03 06:51:49,674 - INFO - Prompt processing progress: 8211/8219
2026-10-03 06:51:49,675 - INFO - Prompt processing progress: 8211/8219
2026-10-03 06:51:49,760 - INFO - Prompt processing progress: 8217/8219
2026-10-03 06:51:49,760 - INFO - Prompt processing progress: 8217/8219
2026-10-03 06:51:49,794 - INFO - Prompt processing progress: 8218/8219
2026-10-03 06:51:49,794 - INFO - Prompt processing progress: 8218/8219
2026-10-03 06:51:49,822 - INFO - Prompt processing progress: 8219/8219
2026-10-03 06:51:49,823 - INFO - Prompt processing progress: 8219/8219
2026-10-03 06:51:55,289 - INFO - Prompt Cache: 0 sequences, 0.00 GB
2026-10-03 06:51:55,289 - INFO - - assistant: 0 sequences, 0.00 GB
2026-10-03 06:51:55,289 - INFO - - user: 0 sequences, 0.00 GB
2026-10-03 06:51:55,289 - INFO - - system: 0 sequences, 0.00 GB
127.0.0.1 - - [03/Oct/2026 06:51:55] "POST /v1/chat/completions HTTP/1.1" 200 -
2026-10-03 06:51:55,338 - INFO - Prompt Cache: 0 sequences, 0.00 GB
2026-10-03 06:51:55,338 - INFO - - assistant: 0 sequences, 0.00 GB
2026-10-03 06:51:55,338 - INFO - - user: 0 sequences, 0.00 GB
2026-10-03 06:51:55,338 - INFO - - system: 0 sequences, 0.00 GB
127.0.0.1 - - [03/Oct/2026 06:51:55] "POST /v1/chat/completions HTTP/1.1" 200 -
2026-10-03 06:51:55,508 - INFO - Prompt processing progress: 19/8219
2026-10-03 06:51:55,509 - INFO - Prompt processing progress: 19/8219
2026-10-03 06:51:57,519 - INFO - Prompt processing progress: 2067/8219
2026-10-03 06:51:57,519 - INFO - Prompt processing progress: 2067/8219
2026-10-03 06:51:59,659 - INFO - Prompt processing progress: 4115/8219
2026-10-03 06:51:59,659 - INFO - Prompt processing progress: 4115/8219
2026-10-03 06:52:01,901 - INFO - Prompt processing progress: 6163/8219
2026-10-03 06:52:01,901 - INFO - Prompt processing progress: 6163/8219
2026-10-03 06:52:04,255 - INFO - Prompt processing progress: 8211/8219
2026-10-03 06:52:04,255 - INFO - Prompt processing progress: 8211/8219
2026-10-03 06:52:04,341 - INFO - Prompt processing progress: 8217/8219
2026-10-03 06:52:04,341 - INFO - Prompt processing progress: 8217/8219
2026-10-03 06:52:04,375 - INFO - Prompt processing progress: 8218/8219
2026-10-03 06:52:04,375 - INFO - Prompt processing progress: 8218/8219
2026-10-03 06:52:04,404 - INFO - Prompt processing progress: 8219/8219
2026-10-03 06:52:04,404 - INFO - Prompt processing progress: 8219/8219
2026-10-03 06:52:09,885 - INFO - Prompt Cache: 0 sequences, 0.00 GB
2026-10-03 06:52:09,885 - INFO - - assistant: 0 sequences, 0.00 GB
2026-10-03 06:52:09,885 - INFO - - user: 0 sequences, 0.00 GB
2026-10-03 06:52:09,885 - INFO - - system: 0 sequences, 0.00 GB
127.0.0.1 - - [03/Oct/2026 06:52:09] "POST /v1/chat/completions HTTP/1.1" 200 -
2026-10-03 06:52:09,933 - INFO - Prompt Cache: 0 sequences, 0.00 GB
2026-10-03 06:52:09,933 - INFO - - assistant: 0 sequences, 0.00 GB
2026-10-03 06:52:09,933 - INFO - - user: 0 sequences, 0.00 GB
2026-10-03 06:52:09,933 - INFO - - system: 0 sequences, 0.00 GB
127.0.0.1 - - [03/Oct/2026 06:52:09] "POST /v1/chat/completions HTTP/1.1" 200 -
2026-10-03 06:52:10,103 - INFO - Prompt processing progress: 19/8220
2026-10-03 06:52:10,103 - INFO - Prompt processing progress: 19/8220
2026-10-03 06:52:12,118 - INFO - Prompt processing progress: 2067/8220
2026-10-03 06:52:12,118 - INFO - Prompt processing progress: 2067/8220
2026-10-03 06:52:14,262 - INFO - Prompt processing progress: 4115/8220
2026-10-03 06:52:14,262 - INFO - Prompt processing progress: 4115/8220
2026-10-03 06:52:16,514 - INFO - Prompt processing progress: 6163/8220
2026-10-03 06:52:16,514 - INFO - Prompt processing progress: 6163/8220
2026-10-03 06:52:18,868 - INFO - Prompt processing progress: 8211/8220
2026-10-03 06:52:18,868 - INFO - Prompt processing progress: 8211/8220
2026-10-03 06:52:18,985 - INFO - Prompt processing progress: 8218/8220
2026-10-03 06:52:18,985 - INFO - Prompt processing progress: 8218/8220
2026-10-03 06:52:19,031 - INFO - Prompt processing progress: 8219/8220
2026-10-03 06:52:19,031 - INFO - Prompt processing progress: 8219/8220
2026-10-03 06:52:19,060 - INFO - Prompt processing progress: 8220/8220
2026-10-03 06:52:19,060 - INFO - Prompt processing progress: 8220/8220
2026-10-03 06:52:24,528 - INFO - Prompt Cache: 0 sequences, 0.00 GB
2026-10-03 06:52:24,528 - INFO - - assistant: 0 sequences, 0.00 GB
2026-10-03 06:52:24,528 - INFO - - user: 0 sequences, 0.00 GB
2026-10-03 06:52:24,528 - INFO - - system: 0 sequences, 0.00 GB
127.0.0.1 - - [03/Oct/2026 06:52:24] "POST /v1/chat/completions HTTP/1.1" 200 -
2026-10-03 06:52:24,576 - INFO - Prompt Cache: 0 sequences, 0.00 GB
2026-10-03 06:52:24,576 - INFO - - assistant: 0 sequences, 0.00 GB
2026-10-03 06:52:24,576 - INFO - - user: 0 sequences, 0.00 GB
2026-10-03 06:52:24,576 - INFO - - system: 0 sequences, 0.00 GB
127.0.0.1 - - [03/Oct/2026 06:52:24] "POST /v1/chat/completions HTTP/1.1" 200 -
2026-10-03 06:52:24,747 - INFO - Prompt processing progress: 19/8220
2026-10-03 06:52:24,747 - INFO - Prompt processing progress: 19/8220
2026-10-03 06:52:26,761 - INFO - Prompt processing progress: 2067/8220
2026-10-03 06:52:26,761 - INFO - Prompt processing progress: 2067/8220
2026-10-03 06:52:28,906 - INFO - Prompt processing progress: 4115/8220
2026-10-03 06:52:28,906 - INFO - Prompt processing progress: 4115/8220
2026-10-03 06:52:31,155 - INFO - Prompt processing progress: 6163/8220
2026-10-03 06:52:31,155 - INFO - Prompt processing progress: 6163/8220
2026-10-03 06:52:33,514 - INFO - Prompt processing progress: 8211/8220
2026-10-03 06:52:33,514 - INFO - Prompt processing progress: 8211/8220
2026-10-03 06:52:33,609 - INFO - Prompt processing progress: 8218/8220
2026-10-03 06:52:33,609 - INFO - Prompt processing progress: 8218/8220
2026-10-03 06:52:33,642 - INFO - Prompt processing progress: 8219/8220
2026-10-03 06:52:33,642 - INFO - Prompt processing progress: 8219/8220
2026-10-03 06:52:33,671 - INFO - Prompt processing progress: 8220/8220
2026-10-03 06:52:33,671 - INFO - Prompt processing progress: 8220/8220
2026-10-03 06:52:39,132 - INFO - Prompt Cache: 0 sequences, 0.00 GB
2026-10-03 06:52:39,133 - INFO - - assistant: 0 sequences, 0.00 GB
2026-10-03 06:52:39,133 - INFO - - user: 0 sequences, 0.00 GB
2026-10-03 06:52:39,133 - INFO - - system: 0 sequences, 0.00 GB
127.0.0.1 - - [03/Oct/2026 06:52:39] "POST /v1/chat/completions HTTP/1.1" 200 -
2026-10-03 06:52:39,181 - INFO - Prompt Cache: 0 sequences, 0.00 GB
2026-10-03 06:52:39,181 - INFO - - assistant: 0 sequences, 0.00 GB
2026-10-03 06:52:39,181 - INFO - - user: 0 sequences, 0.00 GB
2026-10-03 06:52:39,181 - INFO - - system: 0 sequences, 0.00 GB
127.0.0.1 - - [03/Oct/2026 06:52:39] "POST /v1/chat/completions HTTP/1.1" 200 -
2026-10-03 06:52:39,352 - INFO - Prompt processing progress: 19/8220
2026-10-03 06:52:39,352 - INFO - Prompt processing progress: 19/8220
2026-10-03 06:52:41,367 - INFO - Prompt processing progress: 2067/8220
2026-10-03 06:52:41,367 - INFO - Prompt processing progress: 2067/8220
2026-10-03 06:52:43,508 - INFO - Prompt processing progress: 4115/8220
2026-10-03 06:52:43,508 - INFO - Prompt processing progress: 4115/8220
2026-10-03 06:52:45,756 - INFO - Prompt processing progress: 6163/8220
2026-10-03 06:52:45,756 - INFO - Prompt processing progress: 6163/8220
2026-10-03 06:52:48,110 - INFO - Prompt processing progress: 8211/8220
2026-10-03 06:52:48,110 - INFO - Prompt processing progress: 8211/8220
2026-10-03 06:52:48,204 - INFO - Prompt processing progress: 8218/8220
2026-10-03 06:52:48,204 - INFO - Prompt processing progress: 8218/8220
2026-10-03 06:52:48,249 - INFO - Prompt processing progress: 8219/8220
2026-10-03 06:52:48,249 - INFO - Prompt processing progress: 8219/8220
2026-10-03 06:52:48,278 - INFO - Prompt processing progress: 8220/8220
2026-10-03 06:52:48,278 - INFO - Prompt processing progress: 8220/8220
2026-10-03 06:52:53,720 - INFO - Prompt Cache: 0 sequences, 0.00 GB
2026-10-03 06:52:53,720 - INFO - - assistant: 0 sequences, 0.00 GB
2026-10-03 06:52:53,720 - INFO - - user: 0 sequences, 0.00 GB
2026-10-03 06:52:53,720 - INFO - - system: 0 sequences, 0.00 GB
127.0.0.1 - - [03/Oct/2026 06:52:53] "POST /v1/chat/completions HTTP/1.1" 200 -
2026-10-03 06:52:53,768 - INFO - Prompt Cache: 0 sequences, 0.00 GB
2026-10-03 06:52:53,768 - INFO - - assistant: 0 sequences, 0.00 GB
2026-10-03 06:52:53,768 - INFO - - user: 0 sequences, 0.00 GB
2026-10-03 06:52:53,768 - INFO - - system: 0 sequences, 0.00 GB
127.0.0.1 - - [03/Oct/2026 06:52:53] "POST /v1/chat/completions HTTP/1.1" 200 -
2026-10-03 06:52:53,940 - INFO - Prompt processing progress: 19/8220
2026-10-03 06:52:53,940 - INFO - Prompt processing progress: 19/8220
2026-10-03 06:52:55,956 - INFO - Prompt processing progress: 2067/8220
2026-10-03 06:52:55,956 - INFO - Prompt processing progress: 2067/8220
2026-10-03 06:52:58,104 - INFO - Prompt processing progress: 4115/8220
2026-10-03 06:52:58,104 - INFO - Prompt processing progress: 4115/8220
2026-10-03 06:53:00,344 - INFO - Prompt processing progress: 6163/8220
2026-10-03 06:53:00,344 - INFO - Prompt processing progress: 6163/8220
2026-10-03 06:53:02,698 - INFO - Prompt processing progress: 8211/8220
2026-10-03 06:53:02,698 - INFO - Prompt processing progress: 8211/8220
2026-10-03 06:53:02,793 - INFO - Prompt processing progress: 8218/8220
2026-10-03 06:53:02,793 - INFO - Prompt processing progress: 8218/8220
2026-10-03 06:53:02,827 - INFO - Prompt processing progress: 8219/8220
2026-10-03 06:53:02,827 - INFO - Prompt processing progress: 8219/8220
2026-10-03 06:53:02,856 - INFO - Prompt processing progress: 8220/8220
2026-10-03 06:53:02,856 - INFO - Prompt processing progress: 8220/8220
2026-10-03 06:53:08,340 - INFO - Prompt Cache: 0 sequences, 0.00 GB
2026-10-03 06:53:08,340 - INFO - - assistant: 0 sequences, 0.00 GB
2026-10-03 06:53:08,340 - INFO - - user: 0 sequences, 0.00 GB
2026-10-03 06:53:08,340 - INFO - - system: 0 sequences, 0.00 GB
127.0.0.1 - - [03/Oct/2026 06:53:08] "POST /v1/chat/completions HTTP/1.1" 200 -
2026-10-03 06:53:08,389 - INFO - Prompt Cache: 0 sequences, 0.00 GB
2026-10-03 06:53:08,389 - INFO - - assistant: 0 sequences, 0.00 GB
2026-10-03 06:53:08,389 - INFO - - user: 0 sequences, 0.00 GB
2026-10-03 06:53:08,389 - INFO - - system: 0 sequences, 0.00 GB
127.0.0.1 - - [03/Oct/2026 06:53:08] "POST /v1/chat/completions HTTP/1.1" 200 -
2026-10-03 06:53:08,559 - INFO - Prompt processing progress: 19/8220
2026-10-03 06:53:08,559 - INFO - Prompt processing progress: 19/8220
2026-10-03 06:53:10,575 - INFO - Prompt processing progress: 2067/8220
2026-10-03 06:53:10,575 - INFO - Prompt processing progress: 2067/8220
2026-10-03 06:53:12,725 - INFO - Prompt processing progress: 4115/8220
2026-10-03 06:53:12,725 - INFO - Prompt processing progress: 4115/8220
2026-10-03 06:53:14,970 - INFO - Prompt processing progress: 6163/8220
2026-10-03 06:53:14,970 - INFO - Prompt processing progress: 6163/8220
2026-10-03 06:53:17,328 - INFO - Prompt processing progress: 8211/8220
2026-10-03 06:53:17,328 - INFO - Prompt processing progress: 8211/8220
2026-10-03 06:53:17,422 - INFO - Prompt processing progress: 8218/8220
2026-10-03 06:53:17,422 - INFO - Prompt processing progress: 8218/8220
2026-10-03 06:53:17,455 - INFO - Prompt processing progress: 8219/8220
2026-10-03 06:53:17,455 - INFO - Prompt processing progress: 8219/8220
2026-10-03 06:53:17,483 - INFO - Prompt processing progress: 8220/8220
2026-10-03 06:53:17,484 - INFO - Prompt processing progress: 8220/8220
2026-10-03 06:53:22,930 - INFO - Prompt Cache: 0 sequences, 0.00 GB
2026-10-03 06:53:22,930 - INFO - - assistant: 0 sequences, 0.00 GB
2026-10-03 06:53:22,930 - INFO - - user: 0 sequences, 0.00 GB
2026-10-03 06:53:22,930 - INFO - - system: 0 sequences, 0.00 GB
127.0.0.1 - - [03/Oct/2026 06:53:22] "POST /v1/chat/completions HTTP/1.1" 200 -
2026-10-03 06:53:22,979 - INFO - Prompt Cache: 0 sequences, 0.00 GB
2026-10-03 06:53:22,979 - INFO - - assistant: 0 sequences, 0.00 GB
2026-10-03 06:53:22,979 - INFO - - user: 0 sequences, 0.00 GB
2026-10-03 06:53:22,979 - INFO - - system: 0 sequences, 0.00 GB
127.0.0.1 - - [03/Oct/2026 06:53:22] "POST /v1/chat/completions HTTP/1.1" 200 -
2026-10-03 06:53:23,151 - INFO - Prompt processing progress: 19/8220
2026-10-03 06:53:23,151 - INFO - Prompt processing progress: 19/8220
2026-10-03 06:53:25,164 - INFO - Prompt processing progress: 2067/8220
2026-10-03 06:53:25,164 - INFO - Prompt processing progress: 2067/8220
2026-10-03 06:53:27,310 - INFO - Prompt processing progress: 4115/8220
2026-10-03 06:53:27,310 - INFO - Prompt processing progress: 4115/8220
2026-10-03 06:53:29,557 - INFO - Prompt processing progress: 6163/8220
2026-10-03 06:53:29,558 - INFO - Prompt processing progress: 6163/8220
2026-10-03 06:53:31,912 - INFO - Prompt processing progress: 8211/8220
2026-10-03 06:53:31,912 - INFO - Prompt processing progress: 8211/8220
2026-10-03 06:53:32,006 - INFO - Prompt processing progress: 8218/8220
2026-10-03 06:53:32,006 - INFO - Prompt processing progress: 8218/8220
2026-10-03 06:53:32,039 - INFO - Prompt processing progress: 8219/8220
2026-10-03 06:53:32,039 - INFO - Prompt processing progress: 8219/8220
2026-10-03 06:53:32,068 - INFO - Prompt processing progress: 8220/8220
2026-10-03 06:53:32,068 - INFO - Prompt processing progress: 8220/8220
2026-10-03 06:53:37,561 - INFO - Prompt Cache: 0 sequences, 0.00 GB
2026-10-03 06:53:37,561 - INFO - - assistant: 0 sequences, 0.00 GB
2026-10-03 06:53:37,561 - INFO - - user: 0 sequences, 0.00 GB
2026-10-03 06:53:37,561 - INFO - - system: 0 sequences, 0.00 GB
127.0.0.1 - - [03/Oct/2026 06:53:37] "POST /v1/chat/completions HTTP/1.1" 200 -
2026-10-03 06:53:37,610 - INFO - Prompt Cache: 0 sequences, 0.00 GB
2026-10-03 06:53:37,610 - INFO - - assistant: 0 sequences, 0.00 GB
2026-10-03 06:53:37,610 - INFO - - user: 0 sequences, 0.00 GB
2026-10-03 06:53:37,610 - INFO - - system: 0 sequences, 0.00 GB
127.0.0.1 - - [03/Oct/2026 06:53:37] "POST /v1/chat/completions HTTP/1.1" 200 -
2026-10-03 06:53:37,781 - INFO - Prompt processing progress: 19/8220
2026-10-03 06:53:37,781 - INFO - Prompt processing progress: 19/8220
2026-10-03 06:53:39,867 - INFO - Prompt processing progress: 2067/8220
2026-10-03 06:53:39,867 - INFO - Prompt processing progress: 2067/8220
2026-10-03 06:53:42,090 - INFO - Prompt processing progress: 4115/8220
2026-10-03 06:53:42,090 - INFO - Prompt processing progress: 4115/8220
2026-10-03 06:53:44,394 - INFO - Prompt processing progress: 6163/8220
2026-10-03 06:53:44,394 - INFO - Prompt processing progress: 6163/8220
2026-10-03 06:53:46,822 - INFO - Prompt processing progress: 8211/8220
2026-10-03 06:53:46,822 - INFO - Prompt processing progress: 8211/8220
2026-10-03 06:53:46,917 - INFO - Prompt processing progress: 8218/8220
2026-10-03 06:53:46,917 - INFO - Prompt processing progress: 8218/8220
2026-10-03 06:53:46,949 - INFO - Prompt processing progress: 8219/8220
2026-10-03 06:53:46,950 - INFO - Prompt processing progress: 8219/8220
2026-10-03 06:53:46,979 - INFO - Prompt processing progress: 8220/8220
2026-10-03 06:53:46,979 - INFO - Prompt processing progress: 8220/8220
2026-10-03 06:53:52,413 - INFO - Prompt Cache: 0 sequences, 0.00 GB
2026-10-03 06:53:52,413 - INFO - - assistant: 0 sequences, 0.00 GB
2026-10-03 06:53:52,413 - INFO - - user: 0 sequences, 0.00 GB
2026-10-03 06:53:52,413 - INFO - - system: 0 sequences, 0.00 GB
127.0.0.1 - - [03/Oct/2026 06:53:52] "POST /v1/chat/completions HTTP/1.1" 200 -
2026-10-03 06:53:52,461 - INFO - Prompt Cache: 0 sequences, 0.00 GB
2026-10-03 06:53:52,461 - INFO - - assistant: 0 sequences, 0.00 GB
2026-10-03 06:53:52,461 - INFO - - user: 0 sequences, 0.00 GB
2026-10-03 06:53:52,461 - INFO - - system: 0 sequences, 0.00 GB
127.0.0.1 - - [03/Oct/2026 06:53:52] "POST /v1/chat/completions HTTP/1.1" 200 -
2026-10-03 06:53:52,633 - INFO - Prompt processing progress: 19/8220
2026-10-03 06:53:52,633 - INFO - Prompt processing progress: 19/8220
2026-10-03 06:53:54,648 - INFO - Prompt processing progress: 2067/8220
2026-10-03 06:53:54,648 - INFO - Prompt processing progress: 2067/8220
2026-10-03 06:53:56,794 - INFO - Prompt processing progress: 4115/8220
2026-10-03 06:53:56,794 - INFO - Prompt processing progress: 4115/8220
2026-10-03 06:53:59,042 - INFO - Prompt processing progress: 6163/8220
2026-10-03 06:53:59,042 - INFO - Prompt processing progress: 6163/8220
2026-10-03 06:54:01,412 - INFO - Prompt processing progress: 8211/8220
2026-10-03 06:54:01,412 - INFO - Prompt processing progress: 8211/8220
2026-10-03 06:54:01,510 - INFO - Prompt processing progress: 8218/8220
2026-10-03 06:54:01,510 - INFO - Prompt processing progress: 8218/8220
2026-10-03 06:54:01,544 - INFO - Prompt processing progress: 8219/8220
2026-10-03 06:54:01,544 - INFO - Prompt processing progress: 8219/8220
2026-10-03 06:54:01,573 - INFO - Prompt processing progress: 8220/8220
2026-10-03 06:54:01,573 - INFO - Prompt processing progress: 8220/8220
2026-10-03 06:54:07,062 - INFO - Prompt Cache: 0 sequences, 0.00 GB
2026-10-03 06:54:07,062 - INFO - - assistant: 0 sequences, 0.00 GB
2026-10-03 06:54:07,062 - INFO - - user: 0 sequences, 0.00 GB
2026-10-03 06:54:07,062 - INFO - - system: 0 sequences, 0.00 GB
127.0.0.1 - - [03/Oct/2026 06:54:07] "POST /v1/chat/completions HTTP/1.1" 200 -
2026-10-03 06:54:07,110 - INFO - Prompt Cache: 0 sequences, 0.00 GB
2026-10-03 06:54:07,110 - INFO - - assistant: 0 sequences, 0.00 GB
2026-10-03 06:54:07,110 - INFO - - user: 0 sequences, 0.00 GB
2026-10-03 06:54:07,110 - INFO - - system: 0 sequences, 0.00 GB
127.0.0.1 - - [03/Oct/2026 06:54:07] "POST /v1/chat/completions HTTP/1.1" 200 -
2026-10-03 06:54:07,280 - INFO - Prompt processing progress: 19/8220
2026-10-03 06:54:07,280 - INFO - Prompt processing progress: 19/8220
2026-10-03 06:54:09,293 - INFO - Prompt processing progress: 2067/8220
2026-10-03 06:54:09,293 - INFO - Prompt processing progress: 2067/8220
2026-10-03 06:54:11,436 - INFO - Prompt processing progress: 4115/8220
2026-10-03 06:54:11,436 - INFO - Prompt processing progress: 4115/8220
2026-10-03 06:54:13,670 - INFO - Prompt processing progress: 6163/8220
2026-10-03 06:54:13,671 - INFO - Prompt processing progress: 6163/8220
2026-10-03 06:54:16,023 - INFO - Prompt processing progress: 8211/8220
2026-10-03 06:54:16,023 - INFO - Prompt processing progress: 8211/8220
2026-10-03 06:54:16,118 - INFO - Prompt processing progress: 8218/8220
2026-10-03 06:54:16,118 - INFO - Prompt processing progress: 8218/8220
2026-10-03 06:54:16,151 - INFO - Prompt processing progress: 8219/8220
2026-10-03 06:54:16,151 - INFO - Prompt processing progress: 8219/8220
2026-10-03 06:54:16,180 - INFO - Prompt processing progress: 8220/8220
2026-10-03 06:54:16,180 - INFO - Prompt processing progress: 8220/8220
2026-10-03 06:54:21,656 - INFO - Prompt Cache: 0 sequences, 0.00 GB
2026-10-03 06:54:21,656 - INFO - - assistant: 0 sequences, 0.00 GB
2026-10-03 06:54:21,656 - INFO - - user: 0 sequences, 0.00 GB
2026-10-03 06:54:21,656 - INFO - - system: 0 sequences, 0.00 GB
127.0.0.1 - - [03/Oct/2026 06:54:21] "POST /v1/chat/completions HTTP/1.1" 200 -
2026-10-03 06:54:21,704 - INFO - Prompt Cache: 0 sequences, 0.00 GB
2026-10-03 06:54:21,704 - INFO - - assistant: 0 sequences, 0.00 GB
2026-10-03 06:54:21,704 - INFO - - user: 0 sequences, 0.00 GB
2026-10-03 06:54:21,704 - INFO - - system: 0 sequences, 0.00 GB
127.0.0.1 - - [03/Oct/2026 06:54:21] "POST /v1/chat/completions HTTP/1.1" 200 -
2026-10-03 06:54:21,874 - INFO - Prompt processing progress: 19/8220
2026-10-03 06:54:21,874 - INFO - Prompt processing progress: 19/8220
2026-10-03 06:54:23,902 - INFO - Prompt processing progress: 2067/8220
2026-10-03 06:54:23,902 - INFO - Prompt processing progress: 2067/8220
2026-10-03 06:54:26,095 - INFO - Prompt processing progress: 4115/8220
2026-10-03 06:54:26,095 - INFO - Prompt processing progress: 4115/8220
2026-10-03 06:54:28,351 - INFO - Prompt processing progress: 6163/8220
2026-10-03 06:54:28,351 - INFO - Prompt processing progress: 6163/8220
2026-10-03 06:54:30,720 - INFO - Prompt processing progress: 8211/8220
2026-10-03 06:54:30,720 - INFO - Prompt processing progress: 8211/8220
2026-10-03 06:54:30,814 - INFO - Prompt processing progress: 8218/8220
2026-10-03 06:54:30,814 - INFO - Prompt processing progress: 8218/8220
2026-10-03 06:54:30,847 - INFO - Prompt processing progress: 8219/8220
2026-10-03 06:54:30,848 - INFO - Prompt processing progress: 8219/8220
2026-10-03 06:54:30,877 - INFO - Prompt processing progress: 8220/8220
2026-10-03 06:54:30,877 - INFO - Prompt processing progress: 8220/8220
2026-10-03 06:54:36,368 - INFO - Prompt Cache: 0 sequences, 0.00 GB
2026-10-03 06:54:36,368 - INFO - - assistant: 0 sequences, 0.00 GB
2026-10-03 06:54:36,368 - INFO - - user: 0 sequences, 0.00 GB
2026-10-03 06:54:36,368 - INFO - - system: 0 sequences, 0.00 GB
127.0.0.1 - - [03/Oct/2026 06:54:36] "POST /v1/chat/completions HTTP/1.1" 200 -
2026-10-03 06:54:36,416 - INFO - Prompt Cache: 0 sequences, 0.00 GB
2026-10-03 06:54:36,416 - INFO - - assistant: 0 sequences, 0.00 GB
2026-10-03 06:54:36,416 - INFO - - user: 0 sequences, 0.00 GB
2026-10-03 06:54:36,416 - INFO - - system: 0 sequences, 0.00 GB
127.0.0.1 - - [03/Oct/2026 06:54:36] "POST /v1/chat/completions HTTP/1.1" 200 -
2026-10-03 06:54:36,587 - INFO - Prompt processing progress: 19/8220
2026-10-03 06:54:36,587 - INFO - Prompt processing progress: 19/8220
2026-10-03 06:54:38,599 - INFO - Prompt processing progress: 2067/8220
2026-10-03 06:54:38,599 - INFO - Prompt processing progress: 2067/8220
2026-10-03 06:54:40,745 - INFO - Prompt processing progress: 4115/8220
2026-10-03 06:54:40,745 - INFO - Prompt processing progress: 4115/8220
2026-10-03 06:54:42,995 - INFO - Prompt processing progress: 6163/8220
2026-10-03 06:54:42,995 - INFO - Prompt processing progress: 6163/8220
2026-10-03 06:54:45,352 - INFO - Prompt processing progress: 8211/8220
2026-10-03 06:54:45,352 - INFO - Prompt processing progress: 8211/8220
2026-10-03 06:54:45,447 - INFO - Prompt processing progress: 8218/8220
2026-10-03 06:54:45,447 - INFO - Prompt processing progress: 8218/8220
2026-10-03 06:54:45,480 - INFO - Prompt processing progress: 8219/8220
2026-10-03 06:54:45,480 - INFO - Prompt processing progress: 8219/8220
2026-10-03 06:54:45,509 - INFO - Prompt processing progress: 8220/8220
2026-10-03 06:54:45,509 - INFO - Prompt processing progress: 8220/8220
2026-10-03 06:54:50,966 - INFO - Prompt Cache: 0 sequences, 0.00 GB
2026-10-03 06:54:50,966 - INFO - - assistant: 0 sequences, 0.00 GB
2026-10-03 06:54:50,967 - INFO - - user: 0 sequences, 0.00 GB
2026-10-03 06:54:50,967 - INFO - - system: 0 sequences, 0.00 GB
127.0.0.1 - - [03/Oct/2026 06:54:50] "POST /v1/chat/completions HTTP/1.1" 200 -
2026-10-03 06:54:51,014 - INFO - Prompt Cache: 0 sequences, 0.00 GB
2026-10-03 06:54:51,014 - INFO - - assistant: 0 sequences, 0.00 GB
2026-10-03 06:54:51,014 - INFO - - user: 0 sequences, 0.00 GB
2026-10-03 06:54:51,014 - INFO - - system: 0 sequences, 0.00 GB
127.0.0.1 - - [03/Oct/2026 06:54:51] "POST /v1/chat/completions HTTP/1.1" 200 -
2026-10-03 06:54:51,185 - INFO - Prompt processing progress: 19/8220
2026-10-03 06:54:51,185 - INFO - Prompt processing progress: 19/8220
2026-10-03 06:54:53,202 - INFO - Prompt processing progress: 2067/8220
2026-10-03 06:54:53,202 - INFO - Prompt processing progress: 2067/8220
2026-10-03 06:54:55,344 - INFO - Prompt processing progress: 4115/8220
2026-10-03 06:54:55,344 - INFO - Prompt processing progress: 4115/8220
2026-10-03 06:54:57,587 - INFO - Prompt processing progress: 6163/8220
2026-10-03 06:54:57,587 - INFO - Prompt processing progress: 6163/8220
2026-10-03 06:54:59,939 - INFO - Prompt processing progress: 8211/8220
2026-10-03 06:54:59,939 - INFO - Prompt processing progress: 8211/8220
2026-10-03 06:55:00,034 - INFO - Prompt processing progress: 8218/8220
2026-10-03 06:55:00,034 - INFO - Prompt processing progress: 8218/8220
2026-10-03 06:55:00,068 - INFO - Prompt processing progress: 8219/8220
2026-10-03 06:55:00,068 - INFO - Prompt processing progress: 8219/8220
2026-10-03 06:55:00,097 - INFO - Prompt processing progress: 8220/8220
2026-10-03 06:55:00,097 - INFO - Prompt processing progress: 8220/8220
2026-10-03 06:55:05,561 - INFO - Prompt Cache: 0 sequences, 0.00 GB
2026-10-03 06:55:05,561 - INFO - - assistant: 0 sequences, 0.00 GB
2026-10-03 06:55:05,561 - INFO - - user: 0 sequences, 0.00 GB
2026-10-03 06:55:05,561 - INFO - - system: 0 sequences, 0.00 GB
127.0.0.1 - - [03/Oct/2026 06:55:05] "POST /v1/chat/completions HTTP/1.1" 200 -
2026-10-03 06:55:05,609 - INFO - Prompt Cache: 0 sequences, 0.00 GB
2026-10-03 06:55:05,610 - INFO - - assistant: 0 sequences, 0.00 GB
2026-10-03 06:55:05,610 - INFO - - user: 0 sequences, 0.00 GB
2026-10-03 06:55:05,610 - INFO - - system: 0 sequences, 0.00 GB
127.0.0.1 - - [03/Oct/2026 06:55:05] "POST /v1/chat/completions HTTP/1.1" 200 -
2026-10-03 06:55:05,779 - INFO - Prompt processing progress: 19/8220
2026-10-03 06:55:05,779 - INFO - Prompt processing progress: 19/8220
2026-10-03 06:55:07,791 - INFO - Prompt processing progress: 2067/8220
2026-10-03 06:55:07,791 - INFO - Prompt processing progress: 2067/8220
2026-10-03 06:55:09,932 - INFO - Prompt processing progress: 4115/8220
2026-10-03 06:55:09,932 - INFO - Prompt processing progress: 4115/8220
2026-10-03 06:55:12,180 - INFO - Prompt processing progress: 6163/8220
2026-10-03 06:55:12,180 - INFO - Prompt processing progress: 6163/8220
2026-10-03 06:55:14,532 - INFO - Prompt processing progress: 8211/8220
2026-10-03 06:55:14,532 - INFO - Prompt processing progress: 8211/8220
2026-10-03 06:55:14,628 - INFO - Prompt processing progress: 8218/8220
2026-10-03 06:55:14,628 - INFO - Prompt processing progress: 8218/8220
2026-10-03 06:55:14,661 - INFO - Prompt processing progress: 8219/8220
2026-10-03 06:55:14,661 - INFO - Prompt processing progress: 8219/8220
2026-10-03 06:55:14,690 - INFO - Prompt processing progress: 8220/8220
2026-10-03 06:55:14,690 - INFO - Prompt processing progress: 8220/8220
2026-10-03 06:55:20,137 - INFO - Prompt Cache: 0 sequences, 0.00 GB
2026-10-03 06:55:20,137 - INFO - - assistant: 0 sequences, 0.00 GB
2026-10-03 06:55:20,137 - INFO - - user: 0 sequences, 0.00 GB
2026-10-03 06:55:20,137 - INFO - - system: 0 sequences, 0.00 GB
127.0.0.1 - - [03/Oct/2026 06:55:20] "POST /v1/chat/completions HTTP/1.1" 200 -
2026-10-03 06:55:20,184 - INFO - Prompt Cache: 0 sequences, 0.00 GB
2026-10-03 06:55:20,184 - INFO - - assistant: 0 sequences, 0.00 GB
2026-10-03 06:55:20,184 - INFO - - user: 0 sequences, 0.00 GB
2026-10-03 06:55:20,184 - INFO - - system: 0 sequences, 0.00 GB
127.0.0.1 - - [03/Oct/2026 06:55:20] "POST /v1/chat/completions HTTP/1.1" 200 -
2026-10-03 06:55:20,356 - INFO - Prompt processing progress: 19/8220
2026-10-03 06:55:20,356 - INFO - Prompt processing progress: 19/8220
2026-10-03 06:55:22,370 - INFO - Prompt processing progress: 2067/8220
2026-10-03 06:55:22,370 - INFO - Prompt processing progress: 2067/8220
2026-10-03 06:55:24,512 - INFO - Prompt processing progress: 4115/8220
2026-10-03 06:55:24,512 - INFO - Prompt processing progress: 4115/8220
2026-10-03 06:55:26,762 - INFO - Prompt processing progress: 6163/8220
2026-10-03 06:55:26,762 - INFO - Prompt processing progress: 6163/8220
2026-10-03 06:55:29,117 - INFO - Prompt processing progress: 8211/8220
2026-10-03 06:55:29,117 - INFO - Prompt processing progress: 8211/8220
2026-10-03 06:55:29,211 - INFO - Prompt processing progress: 8218/8220
2026-10-03 06:55:29,211 - INFO - Prompt processing progress: 8218/8220
2026-10-03 06:55:29,244 - INFO - Prompt processing progress: 8219/8220
2026-10-03 06:55:29,244 - INFO - Prompt processing progress: 8219/8220
2026-10-03 06:55:29,273 - INFO - Prompt processing progress: 8220/8220
2026-10-03 06:55:29,273 - INFO - Prompt processing progress: 8220/8220
2026-10-03 06:55:34,773 - INFO - Prompt Cache: 0 sequences, 0.00 GB
2026-10-03 06:55:34,773 - INFO - - assistant: 0 sequences, 0.00 GB
2026-10-03 06:55:34,773 - INFO - - user: 0 sequences, 0.00 GB
2026-10-03 06:55:34,773 - INFO - - system: 0 sequences, 0.00 GB
127.0.0.1 - - [03/Oct/2026 06:55:34] "POST /v1/chat/completions HTTP/1.1" 200 -
2026-10-03 06:55:34,821 - INFO - Prompt Cache: 0 sequences, 0.00 GB
2026-10-03 06:55:34,821 - INFO - - assistant: 0 sequences, 0.00 GB
2026-10-03 06:55:34,821 - INFO - - user: 0 sequences, 0.00 GB
2026-10-03 06:55:34,821 - INFO - - system: 0 sequences, 0.00 GB
127.0.0.1 - - [03/Oct/2026 06:55:34] "POST /v1/chat/completions HTTP/1.1" 200 -
2026-10-03 06:55:34,990 - INFO - Prompt processing progress: 19/8220
2026-10-03 06:55:34,990 - INFO - Prompt processing progress: 19/8220
2026-10-03 06:55:37,003 - INFO - Prompt processing progress: 2067/8220
2026-10-03 06:55:37,003 - INFO - Prompt processing progress: 2067/8220
2026-10-03 06:55:39,159 - INFO - Prompt processing progress: 4115/8220
2026-10-03 06:55:39,159 - INFO - Prompt processing progress: 4115/8220
2026-10-03 06:55:41,418 - INFO - Prompt processing progress: 6163/8220
2026-10-03 06:55:41,419 - INFO - Prompt processing progress: 6163/8220
2026-10-03 06:55:43,782 - INFO - Prompt processing progress: 8211/8220
2026-10-03 06:55:43,782 - INFO - Prompt processing progress: 8211/8220
2026-10-03 06:55:43,876 - INFO - Prompt processing progress: 8218/8220
2026-10-03 06:55:43,876 - INFO - Prompt processing progress: 8218/8220
2026-10-03 06:55:43,909 - INFO - Prompt processing progress: 8219/8220
2026-10-03 06:55:43,909 - INFO - Prompt processing progress: 8219/8220
2026-10-03 06:55:43,938 - INFO - Prompt processing progress: 8220/8220
2026-10-03 06:55:43,938 - INFO - Prompt processing progress: 8220/8220
2026-10-03 06:55:49,377 - INFO - Prompt Cache: 0 sequences, 0.00 GB
2026-10-03 06:55:49,378 - INFO - - assistant: 0 sequences, 0.00 GB
2026-10-03 06:55:49,378 - INFO - - user: 0 sequences, 0.00 GB
2026-10-03 06:55:49,378 - INFO - - system: 0 sequences, 0.00 GB
127.0.0.1 - - [03/Oct/2026 06:55:49] "POST /v1/chat/completions HTTP/1.1" 200 -
2026-10-03 06:55:49,425 - INFO - Prompt Cache: 0 sequences, 0.00 GB
2026-10-03 06:55:49,425 - INFO - - assistant: 0 sequences, 0.00 GB
2026-10-03 06:55:49,425 - INFO - - user: 0 sequences, 0.00 GB
2026-10-03 06:55:49,425 - INFO - - system: 0 sequences, 0.00 GB
127.0.0.1 - - [03/Oct/2026 06:55:49] "POST /v1/chat/completions HTTP/1.1" 200 -
2026-10-03 06:55:49,597 - INFO - Prompt processing progress: 19/8220
2026-10-03 06:55:49,597 - INFO - Prompt processing progress: 19/8220
2026-10-03 06:55:51,613 - INFO - Prompt processing progress: 2067/8220
2026-10-03 06:55:51,613 - INFO - Prompt processing progress: 2067/8220
2026-10-03 06:55:53,760 - INFO - Prompt processing progress: 4115/8220
2026-10-03 06:55:53,760 - INFO - Prompt processing progress: 4115/8220
2026-10-03 06:55:56,013 - INFO - Prompt processing progress: 6163/8220
2026-10-03 06:55:56,013 - INFO - Prompt processing progress: 6163/8220
2026-10-03 06:55:58,370 - INFO - Prompt processing progress: 8211/8220
2026-10-03 06:55:58,370 - INFO - Prompt processing progress: 8211/8220
2026-10-03 06:55:58,463 - INFO - Prompt processing progress: 8218/8220
2026-10-03 06:55:58,463 - INFO - Prompt processing progress: 8218/8220
2026-10-03 06:55:58,497 - INFO - Prompt processing progress: 8219/8220
2026-10-03 06:55:58,497 - INFO - Prompt processing progress: 8219/8220
2026-10-03 06:55:58,526 - INFO - Prompt processing progress: 8220/8220
2026-10-03 06:55:58,526 - INFO - Prompt processing progress: 8220/8220
2026-10-03 06:56:03,976 - INFO - Prompt Cache: 0 sequences, 0.00 GB
2026-10-03 06:56:03,976 - INFO - - assistant: 0 sequences, 0.00 GB
2026-10-03 06:56:03,976 - INFO - - user: 0 sequences, 0.00 GB
2026-10-03 06:56:03,976 - INFO - - system: 0 sequences, 0.00 GB
127.0.0.1 - - [03/Oct/2026 06:56:03] "POST /v1/chat/completions HTTP/1.1" 200 -
2026-10-03 06:56:04,024 - INFO - Prompt Cache: 0 sequences, 0.00 GB
2026-10-03 06:56:04,024 - INFO - - assistant: 0 sequences, 0.00 GB
2026-10-03 06:56:04,024 - INFO - - user: 0 sequences, 0.00 GB
2026-10-03 06:56:04,024 - INFO - - system: 0 sequences, 0.00 GB
127.0.0.1 - - [03/Oct/2026 06:56:04] "POST /v1/chat/completions HTTP/1.1" 200 -
2026-10-03 06:56:04,194 - INFO - Prompt processing progress: 19/8220
2026-10-03 06:56:04,194 - INFO - Prompt processing progress: 19/8220
2026-10-03 06:56:06,211 - INFO - Prompt processing progress: 2067/8220
2026-10-03 06:56:06,211 - INFO - Prompt processing progress: 2067/8220
2026-10-03 06:56:08,356 - INFO - Prompt processing progress: 4115/8220
2026-10-03 06:56:08,356 - INFO - Prompt processing progress: 4115/8220
2026-10-03 06:56:10,612 - INFO - Prompt processing progress: 6163/8220
2026-10-03 06:56:10,612 - INFO - Prompt processing progress: 6163/8220
2026-10-03 06:56:12,969 - INFO - Prompt processing progress: 8211/8220
2026-10-03 06:56:12,970 - INFO - Prompt processing progress: 8211/8220
2026-10-03 06:56:13,063 - INFO - Prompt processing progress: 8218/8220
2026-10-03 06:56:13,063 - INFO - Prompt processing progress: 8218/8220
2026-10-03 06:56:13,096 - INFO - Prompt processing progress: 8219/8220
2026-10-03 06:56:13,096 - INFO - Prompt processing progress: 8219/8220
2026-10-03 06:56:13,125 - INFO - Prompt processing progress: 8220/8220
2026-10-03 06:56:13,125 - INFO - Prompt processing progress: 8220/8220
2026-10-03 06:56:18,607 - INFO - Prompt Cache: 0 sequences, 0.00 GB
2026-10-03 06:56:18,607 - INFO - - assistant: 0 sequences, 0.00 GB
2026-10-03 06:56:18,607 - INFO - - user: 0 sequences, 0.00 GB
2026-10-03 06:56:18,607 - INFO - - system: 0 sequences, 0.00 GB
127.0.0.1 - - [03/Oct/2026 06:56:18] "POST /v1/chat/completions HTTP/1.1" 200 -
2026-10-03 06:56:18,655 - INFO - Prompt Cache: 0 sequences, 0.00 GB
2026-10-03 06:56:18,655 - INFO - - assistant: 0 sequences, 0.00 GB
2026-10-03 06:56:18,655 - INFO - - user: 0 sequences, 0.00 GB
2026-10-03 06:56:18,655 - INFO - - system: 0 sequences, 0.00 GB
127.0.0.1 - - [03/Oct/2026 06:56:18] "POST /v1/chat/completions HTTP/1.1" 200 -
2026-10-03 06:56:18,826 - INFO - Prompt processing progress: 19/8220
2026-10-03 06:56:18,826 - INFO - Prompt processing progress: 19/8220
2026-10-03 06:56:20,842 - INFO - Prompt processing progress: 2067/8220
2026-10-03 06:56:20,842 - INFO - Prompt processing progress: 2067/8220
2026-10-03 06:56:22,985 - INFO - Prompt processing progress: 4115/8220
2026-10-03 06:56:22,985 - INFO - Prompt processing progress: 4115/8220
2026-10-03 06:56:25,236 - INFO - Prompt processing progress: 6163/8220
2026-10-03 06:56:25,236 - INFO - Prompt processing progress: 6163/8220
2026-10-03 06:56:27,594 - INFO - Prompt processing progress: 8211/8220
2026-10-03 06:56:27,594 - INFO - Prompt processing progress: 8211/8220
2026-10-03 06:56:27,688 - INFO - Prompt processing progress: 8218/8220
2026-10-03 06:56:27,688 - INFO - Prompt processing progress: 8218/8220
2026-10-03 06:56:27,722 - INFO - Prompt processing progress: 8219/8220
2026-10-03 06:56:27,722 - INFO - Prompt processing progress: 8219/8220
2026-10-03 06:56:27,767 - INFO - Prompt processing progress: 8220/8220
2026-10-03 06:56:27,767 - INFO - Prompt processing progress: 8220/8220
2026-10-03 06:56:33,201 - INFO - Prompt Cache: 0 sequences, 0.00 GB
2026-10-03 06:56:33,201 - INFO - - assistant: 0 sequences, 0.00 GB
2026-10-03 06:56:33,201 - INFO - - user: 0 sequences, 0.00 GB
2026-10-03 06:56:33,201 - INFO - - system: 0 sequences, 0.00 GB
127.0.0.1 - - [03/Oct/2026 06:56:33] "POST /v1/chat/completions HTTP/1.1" 200 -
2026-10-03 06:56:33,249 - INFO - Prompt Cache: 0 sequences, 0.00 GB
2026-10-03 06:56:33,249 - INFO - - assistant: 0 sequences, 0.00 GB
2026-10-03 06:56:33,249 - INFO - - user: 0 sequences, 0.00 GB
2026-10-03 06:56:33,249 - INFO - - system: 0 sequences, 0.00 GB
127.0.0.1 - - [03/Oct/2026 06:56:33] "POST /v1/chat/completions HTTP/1.1" 200 -
2026-10-03 06:56:33,418 - INFO - Prompt processing progress: 19/8220
2026-10-03 06:56:33,418 - INFO - Prompt processing progress: 19/8220
2026-10-03 06:56:35,432 - INFO - Prompt processing progress: 2067/8220
2026-10-03 06:56:35,432 - INFO - Prompt processing progress: 2067/8220
2026-10-03 06:56:37,576 - INFO - Prompt processing progress: 4115/8220
2026-10-03 06:56:37,577 - INFO - Prompt processing progress: 4115/8220
2026-10-03 06:56:39,824 - INFO - Prompt processing progress: 6163/8220
2026-10-03 06:56:39,824 - INFO - Prompt processing progress: 6163/8220
2026-10-03 06:56:42,173 - INFO - Prompt processing progress: 8211/8220
2026-10-03 06:56:42,173 - INFO - Prompt processing progress: 8211/8220
2026-10-03 06:56:42,266 - INFO - Prompt processing progress: 8218/8220
2026-10-03 06:56:42,266 - INFO - Prompt processing progress: 8218/8220
2026-10-03 06:56:42,299 - INFO - Prompt processing progress: 8219/8220
2026-10-03 06:56:42,299 - INFO - Prompt processing progress: 8219/8220
2026-10-03 06:56:42,328 - INFO - Prompt processing progress: 8220/8220
2026-10-03 06:56:42,328 - INFO - Prompt processing progress: 8220/8220
2026-10-03 06:56:47,815 - INFO - Prompt Cache: 0 sequences, 0.00 GB
2026-10-03 06:56:47,816 - INFO - - assistant: 0 sequences, 0.00 GB
2026-10-03 06:56:47,816 - INFO - - user: 0 sequences, 0.00 GB
2026-10-03 06:56:47,816 - INFO - - system: 0 sequences, 0.00 GB
127.0.0.1 - - [03/Oct/2026 06:56:47] "POST /v1/chat/completions HTTP/1.1" 200 -
2026-10-03 06:56:47,863 - INFO - Prompt Cache: 0 sequences, 0.00 GB
2026-10-03 06:56:47,863 - INFO - - assistant: 0 sequences, 0.00 GB
2026-10-03 06:56:47,863 - INFO - - user: 0 sequences, 0.00 GB
2026-10-03 06:56:47,863 - INFO - - system: 0 sequences, 0.00 GB
127.0.0.1 - - [03/Oct/2026 06:56:47] "POST /v1/chat/completions HTTP/1.1" 200 -
2026-10-03 06:56:48,034 - INFO - Prompt processing progress: 19/8220
2026-10-03 06:56:48,034 - INFO - Prompt processing progress: 19/8220
2026-10-03 06:56:50,047 - INFO - Prompt processing progress: 2067/8220
2026-10-03 06:56:50,047 - INFO - Prompt processing progress: 2067/8220
2026-10-03 06:56:52,191 - INFO - Prompt processing progress: 4115/8220
2026-10-03 06:56:52,191 - INFO - Prompt processing progress: 4115/8220
2026-10-03 06:56:54,441 - INFO - Prompt processing progress: 6163/8220
2026-10-03 06:56:54,441 - INFO - Prompt processing progress: 6163/8220
2026-10-03 06:56:56,800 - INFO - Prompt processing progress: 8211/8220
2026-10-03 06:56:56,800 - INFO - Prompt processing progress: 8211/8220
2026-10-03 06:56:56,894 - INFO - Prompt processing progress: 8218/8220
2026-10-03 06:56:56,894 - INFO - Prompt processing progress: 8218/8220
2026-10-03 06:56:56,927 - INFO - Prompt processing progress: 8219/8220
2026-10-03 06:56:56,927 - INFO - Prompt processing progress: 8219/8220
2026-10-03 06:56:56,971 - INFO - Prompt processing progress: 8220/8220
2026-10-03 06:56:56,971 - INFO - Prompt processing progress: 8220/8220
2026-10-03 06:57:02,456 - INFO - Prompt Cache: 0 sequences, 0.00 GB
2026-10-03 06:57:02,456 - INFO - - assistant: 0 sequences, 0.00 GB
2026-10-03 06:57:02,456 - INFO - - user: 0 sequences, 0.00 GB
2026-10-03 06:57:02,456 - INFO - - system: 0 sequences, 0.00 GB
127.0.0.1 - - [03/Oct/2026 06:57:02] "POST /v1/chat/completions HTTP/1.1" 200 -
2026-10-03 06:57:02,505 - INFO - Prompt Cache: 0 sequences, 0.00 GB
2026-10-03 06:57:02,506 - INFO - - assistant: 0 sequences, 0.00 GB
2026-10-03 06:57:02,506 - INFO - - user: 0 sequences, 0.00 GB
2026-10-03 06:57:02,506 - INFO - - system: 0 sequences, 0.00 GB
127.0.0.1 - - [03/Oct/2026 06:57:02] "POST /v1/chat/completions HTTP/1.1" 200 -
2026-10-03 06:57:02,676 - INFO - Prompt processing progress: 19/8220
2026-10-03 06:57:02,676 - INFO - Prompt processing progress: 19/8220
2026-10-03 06:57:04,689 - INFO - Prompt processing progress: 2067/8220
2026-10-03 06:57:04,689 - INFO - Prompt processing progress: 2067/8220
2026-10-03 06:57:06,835 - INFO - Prompt processing progress: 4115/8220
2026-10-03 06:57:06,835 - INFO - Prompt processing progress: 4115/8220
2026-10-03 06:57:09,083 - INFO - Prompt processing progress: 6163/8220
2026-10-03 06:57:09,083 - INFO - Prompt processing progress: 6163/8220
2026-10-03 06:57:11,435 - INFO - Prompt processing progress: 8211/8220
2026-10-03 06:57:11,435 - INFO - Prompt processing progress: 8211/8220
2026-10-03 06:57:11,529 - INFO - Prompt processing progress: 8218/8220
2026-10-03 06:57:11,529 - INFO - Prompt processing progress: 8218/8220
2026-10-03 06:57:11,563 - INFO - Prompt processing progress: 8219/8220
2026-10-03 06:57:11,563 - INFO - Prompt processing progress: 8219/8220
2026-10-03 06:57:11,592 - INFO - Prompt processing progress: 8220/8220
2026-10-03 06:57:11,592 - INFO - Prompt processing progress: 8220/8220
2026-10-03 06:57:17,026 - INFO - Prompt Cache: 0 sequences, 0.00 GB
2026-10-03 06:57:17,026 - INFO - - assistant: 0 sequences, 0.00 GB
2026-10-03 06:57:17,026 - INFO - - user: 0 sequences, 0.00 GB
2026-10-03 06:57:17,026 - INFO - - system: 0 sequences, 0.00 GB
127.0.0.1 - - [03/Oct/2026 06:57:17] "POST /v1/chat/completions HTTP/1.1" 200 -
2026-10-03 06:57:17,074 - INFO - Prompt Cache: 0 sequences, 0.00 GB
2026-10-03 06:57:17,074 - INFO - - assistant: 0 sequences, 0.00 GB
2026-10-03 06:57:17,074 - INFO - - user: 0 sequences, 0.00 GB
2026-10-03 06:57:17,074 - INFO - - system: 0 sequences, 0.00 GB
127.0.0.1 - - [03/Oct/2026 06:57:17] "POST /v1/chat/completions HTTP/1.1" 200 -
2026-10-03 06:57:17,245 - INFO - Prompt processing progress: 19/8220
2026-10-03 06:57:17,245 - INFO - Prompt processing progress: 19/8220
2026-10-03 06:57:19,258 - INFO - Prompt processing progress: 2067/8220
2026-10-03 06:57:19,258 - INFO - Prompt processing progress: 2067/8220
2026-10-03 06:57:21,402 - INFO - Prompt processing progress: 4115/8220
2026-10-03 06:57:21,402 - INFO - Prompt processing progress: 4115/8220
2026-10-03 06:57:23,648 - INFO - Prompt processing progress: 6163/8220
2026-10-03 06:57:23,648 - INFO - Prompt processing progress: 6163/8220
2026-10-03 06:57:26,003 - INFO - Prompt processing progress: 8211/8220
2026-10-03 06:57:26,003 - INFO - Prompt processing progress: 8211/8220
2026-10-03 06:57:26,096 - INFO - Prompt processing progress: 8218/8220
2026-10-03 06:57:26,096 - INFO - Prompt processing progress: 8218/8220
2026-10-03 06:57:26,130 - INFO - Prompt processing progress: 8219/8220
2026-10-03 06:57:26,130 - INFO - Prompt processing progress: 8219/8220
2026-10-03 06:57:26,174 - INFO - Prompt processing progress: 8220/8220
2026-10-03 06:57:26,174 - INFO - Prompt processing progress: 8220/8220
2026-10-03 06:57:31,663 - INFO - Prompt Cache: 0 sequences, 0.00 GB
2026-10-03 06:57:31,663 - INFO - - assistant: 0 sequences, 0.00 GB
2026-10-03 06:57:31,663 - INFO - - user: 0 sequences, 0.00 GB
2026-10-03 06:57:31,663 - INFO - - system: 0 sequences, 0.00 GB
127.0.0.1 - - [03/Oct/2026 06:57:31] "POST /v1/chat/completions HTTP/1.1" 200 -
2026-10-03 06:57:31,711 - INFO - Prompt Cache: 0 sequences, 0.00 GB
2026-10-03 06:57:31,711 - INFO - - assistant: 0 sequences, 0.00 GB
2026-10-03 06:57:31,711 - INFO - - user: 0 sequences, 0.00 GB
2026-10-03 06:57:31,711 - INFO - - system: 0 sequences, 0.00 GB
127.0.0.1 - - [03/Oct/2026 06:57:31] "POST /v1/chat/completions HTTP/1.1" 200 -
2026-10-03 06:57:31,880 - INFO - Prompt processing progress: 19/8220
2026-10-03 06:57:31,880 - INFO - Prompt processing progress: 19/8220
2026-10-03 06:57:33,894 - INFO - Prompt processing progress: 2067/8220
2026-10-03 06:57:33,894 - INFO - Prompt processing progress: 2067/8220
2026-10-03 06:57:36,043 - INFO - Prompt processing progress: 4115/8220
2026-10-03 06:57:36,043 - INFO - Prompt processing progress: 4115/8220
2026-10-03 06:57:38,297 - INFO - Prompt processing progress: 6163/8220
2026-10-03 06:57:38,297 - INFO - Prompt processing progress: 6163/8220
2026-10-03 06:57:40,651 - INFO - Prompt processing progress: 8211/8220
2026-10-03 06:57:40,651 - INFO - Prompt processing progress: 8211/8220
2026-10-03 06:57:40,746 - INFO - Prompt processing progress: 8218/8220
2026-10-03 06:57:40,746 - INFO - Prompt processing progress: 8218/8220
2026-10-03 06:57:40,779 - INFO - Prompt processing progress: 8219/8220
2026-10-03 06:57:40,779 - INFO - Prompt processing progress: 8219/8220
2026-10-03 06:57:40,808 - INFO - Prompt processing progress: 8220/8220
2026-10-03 06:57:40,808 - INFO - Prompt processing progress: 8220/8220
2026-10-03 06:57:46,281 - INFO - Prompt Cache: 0 sequences, 0.00 GB
2026-10-03 06:57:46,281 - INFO - - assistant: 0 sequences, 0.00 GB
2026-10-03 06:57:46,281 - INFO - - user: 0 sequences, 0.00 GB
2026-10-03 06:57:46,281 - INFO - - system: 0 sequences, 0.00 GB
127.0.0.1 - - [03/Oct/2026 06:57:46] "POST /v1/chat/completions HTTP/1.1" 200 -
2026-10-03 06:57:46,329 - INFO - Prompt Cache: 0 sequences, 0.00 GB
2026-10-03 06:57:46,329 - INFO - - assistant: 0 sequences, 0.00 GB
2026-10-03 06:57:46,329 - INFO - - user: 0 sequences, 0.00 GB
2026-10-03 06:57:46,329 - INFO - - system: 0 sequences, 0.00 GB
127.0.0.1 - - [03/Oct/2026 06:57:46] "POST /v1/chat/completions HTTP/1.1" 200 -
2026-10-03 06:57:46,500 - INFO - Prompt processing progress: 19/8220
2026-10-03 06:57:46,500 - INFO - Prompt processing progress: 19/8220
2026-10-03 06:57:48,516 - INFO - Prompt processing progress: 2067/8220
2026-10-03 06:57:48,516 - INFO - Prompt processing progress: 2067/8220
2026-10-03 06:57:50,661 - INFO - Prompt processing progress: 4115/8220
2026-10-03 06:57:50,661 - INFO - Prompt processing progress: 4115/8220
2026-10-03 06:57:52,912 - INFO - Prompt processing progress: 6163/8220
2026-10-03 06:57:52,912 - INFO - Prompt processing progress: 6163/8220
2026-10-03 06:57:55,269 - INFO - Prompt processing progress: 8211/8220
2026-10-03 06:57:55,269 - INFO - Prompt processing progress: 8211/8220
2026-10-03 06:57:55,363 - INFO - Prompt processing progress: 8218/8220
2026-10-03 06:57:55,363 - INFO - Prompt processing progress: 8218/8220
2026-10-03 06:57:55,396 - INFO - Prompt processing progress: 8219/8220
2026-10-03 06:57:55,396 - INFO - Prompt processing progress: 8219/8220
2026-10-03 06:57:55,440 - INFO - Prompt processing progress: 8220/8220
2026-10-03 06:57:55,440 - INFO - Prompt processing progress: 8220/8220
2026-10-03 06:58:00,923 - INFO - Prompt Cache: 0 sequences, 0.00 GB
2026-10-03 06:58:00,923 - INFO - - assistant: 0 sequences, 0.00 GB
2026-10-03 06:58:00,923 - INFO - - user: 0 sequences, 0.00 GB
2026-10-03 06:58:00,923 - INFO - - system: 0 sequences, 0.00 GB
127.0.0.1 - - [03/Oct/2026 06:58:00] "POST /v1/chat/completions HTTP/1.1" 200 -
2026-10-03 06:58:00,970 - INFO - Prompt Cache: 0 sequences, 0.00 GB
2026-10-03 06:58:00,970 - INFO - - assistant: 0 sequences, 0.00 GB
2026-10-03 06:58:00,970 - INFO - - user: 0 sequences, 0.00 GB
2026-10-03 06:58:00,970 - INFO - - system: 0 sequences, 0.00 GB
127.0.0.1 - - [03/Oct/2026 06:58:00] "POST /v1/chat/completions HTTP/1.1" 200 -
2026-10-03 06:58:01,141 - INFO - Prompt processing progress: 19/8220
2026-10-03 06:58:01,141 - INFO - Prompt processing progress: 19/8220
2026-10-03 06:58:03,151 - INFO - Prompt processing progress: 2067/8220
2026-10-03 06:58:03,151 - INFO - Prompt processing progress: 2067/8220
2026-10-03 06:58:05,297 - INFO - Prompt processing progress: 4115/8220
2026-10-03 06:58:05,297 - INFO - Prompt processing progress: 4115/8220
2026-10-03 06:58:07,541 - INFO - Prompt processing progress: 6163/8220
2026-10-03 06:58:07,541 - INFO - Prompt processing progress: 6163/8220
2026-10-03 06:58:09,894 - INFO - Prompt processing progress: 8211/8220
2026-10-03 06:58:09,894 - INFO - Prompt processing progress: 8211/8220
2026-10-03 06:58:09,987 - INFO - Prompt processing progress: 8218/8220
2026-10-03 06:58:09,987 - INFO - Prompt processing progress: 8218/8220
2026-10-03 06:58:10,020 - INFO - Prompt processing progress: 8219/8220
2026-10-03 06:58:10,021 - INFO - Prompt processing progress: 8219/8220
2026-10-03 06:58:10,050 - INFO - Prompt processing progress: 8220/8220
2026-10-03 06:58:10,050 - INFO - Prompt processing progress: 8220/8220
2026-10-03 06:58:15,523 - INFO - Prompt Cache: 0 sequences, 0.00 GB
2026-10-03 06:58:15,523 - INFO - - assistant: 0 sequences, 0.00 GB
2026-10-03 06:58:15,523 - INFO - - user: 0 sequences, 0.00 GB
2026-10-03 06:58:15,523 - INFO - - system: 0 sequences, 0.00 GB
127.0.0.1 - - [03/Oct/2026 06:58:15] "POST /v1/chat/completions HTTP/1.1" 200 -
2026-10-03 06:58:15,573 - INFO - Prompt Cache: 0 sequences, 0.00 GB
2026-10-03 06:58:15,573 - INFO - - assistant: 0 sequences, 0.00 GB
2026-10-03 06:58:15,573 - INFO - - user: 0 sequences, 0.00 GB
2026-10-03 06:58:15,573 - INFO - - system: 0 sequences, 0.00 GB
127.0.0.1 - - [03/Oct/2026 06:58:15] "POST /v1/chat/completions HTTP/1.1" 200 -
2026-10-03 06:58:15,745 - INFO - Prompt processing progress: 19/8220
2026-10-03 06:58:15,745 - INFO - Prompt processing progress: 19/8220
2026-10-03 06:58:17,755 - INFO - Prompt processing progress: 2067/8220
2026-10-03 06:58:17,755 - INFO - Prompt processing progress: 2067/8220
2026-10-03 06:58:19,901 - INFO - Prompt processing progress: 4115/8220
2026-10-03 06:58:19,901 - INFO - Prompt processing progress: 4115/8220
2026-10-03 06:58:22,142 - INFO - Prompt processing progress: 6163/8220
2026-10-03 06:58:22,142 - INFO - Prompt processing progress: 6163/8220
2026-10-03 06:58:24,494 - INFO - Prompt processing progress: 8211/8220
2026-10-03 06:58:24,494 - INFO - Prompt processing progress: 8211/8220
2026-10-03 06:58:24,587 - INFO - Prompt processing progress: 8218/8220
2026-10-03 06:58:24,587 - INFO - Prompt processing progress: 8218/8220
2026-10-03 06:58:24,621 - INFO - Prompt processing progress: 8219/8220
2026-10-03 06:58:24,621 - INFO - Prompt processing progress: 8219/8220
2026-10-03 06:58:24,665 - INFO - Prompt processing progress: 8220/8220
2026-10-03 06:58:24,665 - INFO - Prompt processing progress: 8220/8220
