<M5_REPO>/.venv/lib/python3.12/site-packages/mlx_lm/server.py:1723: UserWarning: mlx_lm.server is not recommended for production as it only implements basic security checks.
  warnings.warn(
2026-10-03 00:15:37,490 - INFO - Starting httpd at 127.0.0.1 on port 18185...
127.0.0.1 - - [03/Oct/2026 00:15:37] "GET /v1/models HTTP/1.1" 200 -
2026-10-03 00:26:22,264 - INFO - Prompt Cache: 0 sequences, 0.00 GB
2026-10-03 00:26:22,264 - INFO - - assistant: 0 sequences, 0.00 GB
2026-10-03 00:26:22,264 - INFO - - user: 0 sequences, 0.00 GB
2026-10-03 00:26:22,264 - INFO - - system: 0 sequences, 0.00 GB
127.0.0.1 - - [03/Oct/2026 00:26:22] "POST /v1/chat/completions HTTP/1.1" 200 -
2026-10-03 00:26:22,586 - INFO - Prompt processing progress: 21/8207
2026-10-03 00:26:24,027 - INFO - Prompt processing progress: 2069/8207
2026-10-03 00:26:25,556 - INFO - Prompt processing progress: 4117/8207
2026-10-03 00:26:27,116 - INFO - Prompt processing progress: 6165/8207
2026-10-03 00:26:28,736 - INFO - Prompt processing progress: 8203/8207
2026-10-03 00:26:28,797 - INFO - Prompt processing progress: 8206/8207
2026-10-03 00:26:28,848 - INFO - Prompt processing progress: 8207/8207
2026-10-03 00:26:39,048 - INFO - Prompt Cache: 0 sequences, 0.00 GB
2026-10-03 00:26:39,048 - INFO - - assistant: 0 sequences, 0.00 GB
2026-10-03 00:26:39,048 - INFO - - user: 0 sequences, 0.00 GB
2026-10-03 00:26:39,048 - INFO - - system: 0 sequences, 0.00 GB
127.0.0.1 - - [03/Oct/2026 00:26:39] "POST /v1/chat/completions HTTP/1.1" 200 -
2026-10-03 00:26:39,241 - INFO - Prompt processing progress: 21/8207
2026-10-03 00:26:40,687 - INFO - Prompt processing progress: 2069/8207
2026-10-03 00:26:42,218 - INFO - Prompt processing progress: 4117/8207
2026-10-03 00:26:43,782 - INFO - Prompt processing progress: 6165/8207
2026-10-03 00:26:45,404 - INFO - Prompt processing progress: 8203/8207
2026-10-03 00:26:45,464 - INFO - Prompt processing progress: 8206/8207
2026-10-03 00:26:45,514 - INFO - Prompt processing progress: 8207/8207
2026-10-03 00:26:55,731 - INFO - Prompt Cache: 0 sequences, 0.00 GB
2026-10-03 00:26:55,732 - INFO - - assistant: 0 sequences, 0.00 GB
2026-10-03 00:26:55,732 - INFO - - user: 0 sequences, 0.00 GB
2026-10-03 00:26:55,732 - INFO - - system: 0 sequences, 0.00 GB
127.0.0.1 - - [03/Oct/2026 00:26:55] "POST /v1/chat/completions HTTP/1.1" 200 -
2026-10-03 00:26:55,830 - INFO - Prompt Cache: 0 sequences, 0.00 GB
2026-10-03 00:26:55,830 - INFO - - assistant: 0 sequences, 0.00 GB
2026-10-03 00:26:55,830 - INFO - - user: 0 sequences, 0.00 GB
2026-10-03 00:26:55,830 - INFO - - system: 0 sequences, 0.00 GB
127.0.0.1 - - [03/Oct/2026 00:26:55] "POST /v1/chat/completions HTTP/1.1" 200 -
2026-10-03 00:26:56,114 - INFO - Prompt processing progress: 21/8207
2026-10-03 00:26:56,114 - INFO - Prompt processing progress: 21/8207
2026-10-03 00:26:58,913 - INFO - Prompt processing progress: 2069/8207
2026-10-03 00:26:58,913 - INFO - Prompt processing progress: 2069/8207
2026-10-03 00:27:01,880 - INFO - Prompt processing progress: 4117/8207
2026-10-03 00:27:01,880 - INFO - Prompt processing progress: 4117/8207
2026-10-03 00:27:04,909 - INFO - Prompt processing progress: 6165/8207
2026-10-03 00:27:04,909 - INFO - Prompt processing progress: 6165/8207
2026-10-03 00:27:08,045 - INFO - Prompt processing progress: 8203/8207
2026-10-03 00:27:08,045 - INFO - Prompt processing progress: 8203/8207
2026-10-03 00:27:08,144 - INFO - Prompt processing progress: 8206/8207
2026-10-03 00:27:08,144 - INFO - Prompt processing progress: 8206/8207
2026-10-03 00:27:08,236 - INFO - Prompt processing progress: 8207/8207
2026-10-03 00:27:08,236 - INFO - Prompt processing progress: 8207/8207
2026-10-03 00:27:19,493 - INFO - Prompt Cache: 0 sequences, 0.00 GB
2026-10-03 00:27:19,493 - INFO - - assistant: 0 sequences, 0.00 GB
2026-10-03 00:27:19,493 - INFO - - user: 0 sequences, 0.00 GB
2026-10-03 00:27:19,493 - INFO - - system: 0 sequences, 0.00 GB
127.0.0.1 - - [03/Oct/2026 00:27:19] "POST /v1/chat/completions HTTP/1.1" 200 -
2026-10-03 00:27:19,592 - INFO - Prompt Cache: 0 sequences, 0.00 GB
2026-10-03 00:27:19,592 - INFO - - assistant: 0 sequences, 0.00 GB
2026-10-03 00:27:19,592 - INFO - - user: 0 sequences, 0.00 GB
2026-10-03 00:27:19,592 - INFO - - system: 0 sequences, 0.00 GB
127.0.0.1 - - [03/Oct/2026 00:27:19] "POST /v1/chat/completions HTTP/1.1" 200 -
2026-10-03 00:27:19,827 - INFO - Prompt processing progress: 21/8207
2026-10-03 00:27:19,828 - INFO - Prompt processing progress: 21/8207
2026-10-03 00:27:22,631 - INFO - Prompt processing progress: 2069/8207
2026-10-03 00:27:22,631 - INFO - Prompt processing progress: 2069/8207
2026-10-03 00:27:25,594 - INFO - Prompt processing progress: 4117/8207
2026-10-03 00:27:25,594 - INFO - Prompt processing progress: 4117/8207
2026-10-03 00:27:28,627 - INFO - Prompt processing progress: 6165/8207
2026-10-03 00:27:28,627 - INFO - Prompt processing progress: 6165/8207
2026-10-03 00:27:31,765 - INFO - Prompt processing progress: 8203/8207
2026-10-03 00:27:31,766 - INFO - Prompt processing progress: 8203/8207
2026-10-03 00:27:31,858 - INFO - Prompt processing progress: 8206/8207
2026-10-03 00:27:31,858 - INFO - Prompt processing progress: 8206/8207
2026-10-03 00:27:31,921 - INFO - Prompt processing progress: 8207/8207
2026-10-03 00:27:31,921 - INFO - Prompt processing progress: 8207/8207
2026-10-03 00:27:43,195 - INFO - Prompt Cache: 0 sequences, 0.00 GB
2026-10-03 00:27:43,195 - INFO - - assistant: 0 sequences, 0.00 GB
2026-10-03 00:27:43,195 - INFO - - user: 0 sequences, 0.00 GB
2026-10-03 00:27:43,195 - INFO - - system: 0 sequences, 0.00 GB
127.0.0.1 - - [03/Oct/2026 00:27:43] "POST /v1/chat/completions HTTP/1.1" 200 -
2026-10-03 00:27:43,297 - INFO - Prompt Cache: 0 sequences, 0.00 GB
2026-10-03 00:27:43,297 - INFO - - assistant: 0 sequences, 0.00 GB
2026-10-03 00:27:43,297 - INFO - - user: 0 sequences, 0.00 GB
2026-10-03 00:27:43,297 - INFO - - system: 0 sequences, 0.00 GB
127.0.0.1 - - [03/Oct/2026 00:27:43] "POST /v1/chat/completions HTTP/1.1" 200 -
2026-10-03 00:27:43,524 - INFO - Prompt processing progress: 21/8207
2026-10-03 00:27:43,524 - INFO - Prompt processing progress: 21/8207
2026-10-03 00:27:46,325 - INFO - Prompt processing progress: 2069/8207
2026-10-03 00:27:46,325 - INFO - Prompt processing progress: 2069/8207
2026-10-03 00:27:49,286 - INFO - Prompt processing progress: 4117/8207
2026-10-03 00:27:49,286 - INFO - Prompt processing progress: 4117/8207
2026-10-03 00:27:52,319 - INFO - Prompt processing progress: 6165/8207
2026-10-03 00:27:52,319 - INFO - Prompt processing progress: 6165/8207
2026-10-03 00:27:55,454 - INFO - Prompt processing progress: 8203/8207
2026-10-03 00:27:55,454 - INFO - Prompt processing progress: 8203/8207
2026-10-03 00:27:55,547 - INFO - Prompt processing progress: 8206/8207
2026-10-03 00:27:55,547 - INFO - Prompt processing progress: 8206/8207
2026-10-03 00:27:55,610 - INFO - Prompt processing progress: 8207/8207
2026-10-03 00:27:55,610 - INFO - Prompt processing progress: 8207/8207
2026-10-03 00:28:06,899 - INFO - Prompt Cache: 0 sequences, 0.00 GB
2026-10-03 00:28:06,899 - INFO - - assistant: 0 sequences, 0.00 GB
2026-10-03 00:28:06,899 - INFO - - user: 0 sequences, 0.00 GB
2026-10-03 00:28:06,899 - INFO - - system: 0 sequences, 0.00 GB
127.0.0.1 - - [03/Oct/2026 00:28:06] "POST /v1/chat/completions HTTP/1.1" 200 -
2026-10-03 00:28:07,000 - INFO - Prompt Cache: 0 sequences, 0.00 GB
2026-10-03 00:28:07,000 - INFO - - assistant: 0 sequences, 0.00 GB
2026-10-03 00:28:07,000 - INFO - - user: 0 sequences, 0.00 GB
2026-10-03 00:28:07,000 - INFO - - system: 0 sequences, 0.00 GB
127.0.0.1 - - [03/Oct/2026 00:28:07] "POST /v1/chat/completions HTTP/1.1" 200 -
2026-10-03 00:28:07,241 - INFO - Prompt processing progress: 21/8207
2026-10-03 00:28:07,241 - INFO - Prompt processing progress: 21/8207
2026-10-03 00:28:10,038 - INFO - Prompt processing progress: 2069/8207
2026-10-03 00:28:10,038 - INFO - Prompt processing progress: 2069/8207
2026-10-03 00:28:13,003 - INFO - Prompt processing progress: 4117/8207
2026-10-03 00:28:13,003 - INFO - Prompt processing progress: 4117/8207
2026-10-03 00:28:16,036 - INFO - Prompt processing progress: 6165/8207
2026-10-03 00:28:16,036 - INFO - Prompt processing progress: 6165/8207
2026-10-03 00:28:19,176 - INFO - Prompt processing progress: 8203/8207
2026-10-03 00:28:19,176 - INFO - Prompt processing progress: 8203/8207
2026-10-03 00:28:19,269 - INFO - Prompt processing progress: 8206/8207
2026-10-03 00:28:19,269 - INFO - Prompt processing progress: 8206/8207
2026-10-03 00:28:19,332 - INFO - Prompt processing progress: 8207/8207
2026-10-03 00:28:19,332 - INFO - Prompt processing progress: 8207/8207
2026-10-03 00:28:30,593 - INFO - Prompt Cache: 0 sequences, 0.00 GB
2026-10-03 00:28:30,593 - INFO - - assistant: 0 sequences, 0.00 GB
2026-10-03 00:28:30,593 - INFO - - user: 0 sequences, 0.00 GB
2026-10-03 00:28:30,593 - INFO - - system: 0 sequences, 0.00 GB
127.0.0.1 - - [03/Oct/2026 00:28:30] "POST /v1/chat/completions HTTP/1.1" 200 -
2026-10-03 00:28:30,695 - INFO - Prompt Cache: 0 sequences, 0.00 GB
2026-10-03 00:28:30,695 - INFO - - assistant: 0 sequences, 0.00 GB
2026-10-03 00:28:30,695 - INFO - - user: 0 sequences, 0.00 GB
2026-10-03 00:28:30,695 - INFO - - system: 0 sequences, 0.00 GB
127.0.0.1 - - [03/Oct/2026 00:28:30] "POST /v1/chat/completions HTTP/1.1" 200 -
2026-10-03 00:28:30,926 - INFO - Prompt processing progress: 21/8208
2026-10-03 00:28:30,926 - INFO - Prompt processing progress: 21/8208
2026-10-03 00:28:33,726 - INFO - Prompt processing progress: 2069/8208
2026-10-03 00:28:33,726 - INFO - Prompt processing progress: 2069/8208
2026-10-03 00:28:36,685 - INFO - Prompt processing progress: 4117/8208
2026-10-03 00:28:36,685 - INFO - Prompt processing progress: 4117/8208
2026-10-03 00:28:39,717 - INFO - Prompt processing progress: 6165/8208
2026-10-03 00:28:39,717 - INFO - Prompt processing progress: 6165/8208
2026-10-03 00:28:42,856 - INFO - Prompt processing progress: 8204/8208
2026-10-03 00:28:42,856 - INFO - Prompt processing progress: 8204/8208
2026-10-03 00:28:42,948 - INFO - Prompt processing progress: 8207/8208
2026-10-03 00:28:42,948 - INFO - Prompt processing progress: 8207/8208
2026-10-03 00:28:43,012 - INFO - Prompt processing progress: 8208/8208
2026-10-03 00:28:43,012 - INFO - Prompt processing progress: 8208/8208
2026-10-03 00:28:54,275 - INFO - Prompt Cache: 0 sequences, 0.00 GB
2026-10-03 00:28:54,275 - INFO - - assistant: 0 sequences, 0.00 GB
2026-10-03 00:28:54,275 - INFO - - user: 0 sequences, 0.00 GB
2026-10-03 00:28:54,275 - INFO - - system: 0 sequences, 0.00 GB
127.0.0.1 - - [03/Oct/2026 00:28:54] "POST /v1/chat/completions HTTP/1.1" 200 -
2026-10-03 00:28:54,379 - INFO - Prompt Cache: 0 sequences, 0.00 GB
2026-10-03 00:28:54,379 - INFO - - assistant: 0 sequences, 0.00 GB
2026-10-03 00:28:54,379 - INFO - - user: 0 sequences, 0.00 GB
2026-10-03 00:28:54,379 - INFO - - system: 0 sequences, 0.00 GB
127.0.0.1 - - [03/Oct/2026 00:28:54] "POST /v1/chat/completions HTTP/1.1" 200 -
2026-10-03 00:28:54,619 - INFO - Prompt processing progress: 21/8208
2026-10-03 00:28:54,619 - INFO - Prompt processing progress: 21/8208
2026-10-03 00:28:57,421 - INFO - Prompt processing progress: 2069/8208
2026-10-03 00:28:57,421 - INFO - Prompt processing progress: 2069/8208
2026-10-03 00:29:00,381 - INFO - Prompt processing progress: 4117/8208
2026-10-03 00:29:00,381 - INFO - Prompt processing progress: 4117/8208
2026-10-03 00:29:03,413 - INFO - Prompt processing progress: 6165/8208
2026-10-03 00:29:03,413 - INFO - Prompt processing progress: 6165/8208
2026-10-03 00:29:06,555 - INFO - Prompt processing progress: 8204/8208
2026-10-03 00:29:06,556 - INFO - Prompt processing progress: 8204/8208
2026-10-03 00:29:06,648 - INFO - Prompt processing progress: 8207/8208
2026-10-03 00:29:06,648 - INFO - Prompt processing progress: 8207/8208
2026-10-03 00:29:06,712 - INFO - Prompt processing progress: 8208/8208
2026-10-03 00:29:06,712 - INFO - Prompt processing progress: 8208/8208
2026-10-03 00:29:17,990 - INFO - Prompt Cache: 0 sequences, 0.00 GB
2026-10-03 00:29:17,990 - INFO - - assistant: 0 sequences, 0.00 GB
2026-10-03 00:29:17,990 - INFO - - user: 0 sequences, 0.00 GB
2026-10-03 00:29:17,990 - INFO - - system: 0 sequences, 0.00 GB
127.0.0.1 - - [03/Oct/2026 00:29:17] "POST /v1/chat/completions HTTP/1.1" 200 -
2026-10-03 00:29:18,096 - INFO - Prompt Cache: 0 sequences, 0.00 GB
2026-10-03 00:29:18,096 - INFO - - assistant: 0 sequences, 0.00 GB
2026-10-03 00:29:18,096 - INFO - - user: 0 sequences, 0.00 GB
2026-10-03 00:29:18,096 - INFO - - system: 0 sequences, 0.00 GB
127.0.0.1 - - [03/Oct/2026 00:29:18] "POST /v1/chat/completions HTTP/1.1" 200 -
2026-10-03 00:29:18,332 - INFO - Prompt processing progress: 21/8208
2026-10-03 00:29:18,332 - INFO - Prompt processing progress: 21/8208
2026-10-03 00:29:21,133 - INFO - Prompt processing progress: 2069/8208
2026-10-03 00:29:21,133 - INFO - Prompt processing progress: 2069/8208
2026-10-03 00:29:24,097 - INFO - Prompt processing progress: 4117/8208
2026-10-03 00:29:24,097 - INFO - Prompt processing progress: 4117/8208
2026-10-03 00:29:27,133 - INFO - Prompt processing progress: 6165/8208
2026-10-03 00:29:27,133 - INFO - Prompt processing progress: 6165/8208
2026-10-03 00:29:30,267 - INFO - Prompt processing progress: 8204/8208
2026-10-03 00:29:30,267 - INFO - Prompt processing progress: 8204/8208
2026-10-03 00:29:30,360 - INFO - Prompt processing progress: 8207/8208
2026-10-03 00:29:30,361 - INFO - Prompt processing progress: 8207/8208
2026-10-03 00:29:30,423 - INFO - Prompt processing progress: 8208/8208
2026-10-03 00:29:30,424 - INFO - Prompt processing progress: 8208/8208
2026-10-03 00:29:41,687 - INFO - Prompt Cache: 0 sequences, 0.00 GB
2026-10-03 00:29:41,687 - INFO - - assistant: 0 sequences, 0.00 GB
2026-10-03 00:29:41,687 - INFO - - user: 0 sequences, 0.00 GB
2026-10-03 00:29:41,687 - INFO - - system: 0 sequences, 0.00 GB
127.0.0.1 - - [03/Oct/2026 00:29:41] "POST /v1/chat/completions HTTP/1.1" 200 -
2026-10-03 00:29:41,790 - INFO - Prompt Cache: 0 sequences, 0.00 GB
2026-10-03 00:29:41,790 - INFO - - assistant: 0 sequences, 0.00 GB
2026-10-03 00:29:41,790 - INFO - - user: 0 sequences, 0.00 GB
2026-10-03 00:29:41,790 - INFO - - system: 0 sequences, 0.00 GB
127.0.0.1 - - [03/Oct/2026 00:29:41] "POST /v1/chat/completions HTTP/1.1" 200 -
2026-10-03 00:29:42,030 - INFO - Prompt processing progress: 21/8208
2026-10-03 00:29:42,030 - INFO - Prompt processing progress: 21/8208
2026-10-03 00:29:44,832 - INFO - Prompt processing progress: 2069/8208
2026-10-03 00:29:44,832 - INFO - Prompt processing progress: 2069/8208
2026-10-03 00:29:47,798 - INFO - Prompt processing progress: 4117/8208
2026-10-03 00:29:47,798 - INFO - Prompt processing progress: 4117/8208
2026-10-03 00:29:50,828 - INFO - Prompt processing progress: 6165/8208
2026-10-03 00:29:50,828 - INFO - Prompt processing progress: 6165/8208
2026-10-03 00:29:53,968 - INFO - Prompt processing progress: 8204/8208
2026-10-03 00:29:53,968 - INFO - Prompt processing progress: 8204/8208
2026-10-03 00:29:54,061 - INFO - Prompt processing progress: 8207/8208
2026-10-03 00:29:54,061 - INFO - Prompt processing progress: 8207/8208
2026-10-03 00:29:54,124 - INFO - Prompt processing progress: 8208/8208
2026-10-03 00:29:54,124 - INFO - Prompt processing progress: 8208/8208
2026-10-03 00:30:05,397 - INFO - Prompt Cache: 0 sequences, 0.00 GB
2026-10-03 00:30:05,397 - INFO - - assistant: 0 sequences, 0.00 GB
2026-10-03 00:30:05,397 - INFO - - user: 0 sequences, 0.00 GB
2026-10-03 00:30:05,397 - INFO - - system: 0 sequences, 0.00 GB
127.0.0.1 - - [03/Oct/2026 00:30:05] "POST /v1/chat/completions HTTP/1.1" 200 -
2026-10-03 00:30:05,502 - INFO - Prompt Cache: 0 sequences, 0.00 GB
2026-10-03 00:30:05,502 - INFO - - assistant: 0 sequences, 0.00 GB
2026-10-03 00:30:05,502 - INFO - - user: 0 sequences, 0.00 GB
2026-10-03 00:30:05,502 - INFO - - system: 0 sequences, 0.00 GB
127.0.0.1 - - [03/Oct/2026 00:30:05] "POST /v1/chat/completions HTTP/1.1" 200 -
2026-10-03 00:30:05,731 - INFO - Prompt processing progress: 21/8208
2026-10-03 00:30:05,732 - INFO - Prompt processing progress: 21/8208
2026-10-03 00:30:08,533 - INFO - Prompt processing progress: 2069/8208
2026-10-03 00:30:08,533 - INFO - Prompt processing progress: 2069/8208
2026-10-03 00:30:11,495 - INFO - Prompt processing progress: 4117/8208
2026-10-03 00:30:11,496 - INFO - Prompt processing progress: 4117/8208
2026-10-03 00:30:14,527 - INFO - Prompt processing progress: 6165/8208
2026-10-03 00:30:14,527 - INFO - Prompt processing progress: 6165/8208
2026-10-03 00:30:17,665 - INFO - Prompt processing progress: 8204/8208
2026-10-03 00:30:17,665 - INFO - Prompt processing progress: 8204/8208
2026-10-03 00:30:17,758 - INFO - Prompt processing progress: 8207/8208
2026-10-03 00:30:17,758 - INFO - Prompt processing progress: 8207/8208
2026-10-03 00:30:17,822 - INFO - Prompt processing progress: 8208/8208
2026-10-03 00:30:17,822 - INFO - Prompt processing progress: 8208/8208
2026-10-03 00:30:29,092 - INFO - Prompt Cache: 0 sequences, 0.00 GB
2026-10-03 00:30:29,092 - INFO - - assistant: 0 sequences, 0.00 GB
2026-10-03 00:30:29,092 - INFO - - user: 0 sequences, 0.00 GB
2026-10-03 00:30:29,092 - INFO - - system: 0 sequences, 0.00 GB
127.0.0.1 - - [03/Oct/2026 00:30:29] "POST /v1/chat/completions HTTP/1.1" 200 -
2026-10-03 00:30:29,195 - INFO - Prompt Cache: 0 sequences, 0.00 GB
2026-10-03 00:30:29,195 - INFO - - assistant: 0 sequences, 0.00 GB
2026-10-03 00:30:29,195 - INFO - - user: 0 sequences, 0.00 GB
2026-10-03 00:30:29,195 - INFO - - system: 0 sequences, 0.00 GB
127.0.0.1 - - [03/Oct/2026 00:30:29] "POST /v1/chat/completions HTTP/1.1" 200 -
2026-10-03 00:30:29,438 - INFO - Prompt processing progress: 21/8208
2026-10-03 00:30:29,438 - INFO - Prompt processing progress: 21/8208
2026-10-03 00:30:32,252 - INFO - Prompt processing progress: 2069/8208
2026-10-03 00:30:32,252 - INFO - Prompt processing progress: 2069/8208
2026-10-03 00:30:35,212 - INFO - Prompt processing progress: 4117/8208
2026-10-03 00:30:35,212 - INFO - Prompt processing progress: 4117/8208
2026-10-03 00:30:38,247 - INFO - Prompt processing progress: 6165/8208
2026-10-03 00:30:38,247 - INFO - Prompt processing progress: 6165/8208
2026-10-03 00:30:41,380 - INFO - Prompt processing progress: 8204/8208
2026-10-03 00:30:41,380 - INFO - Prompt processing progress: 8204/8208
2026-10-03 00:30:41,473 - INFO - Prompt processing progress: 8207/8208
2026-10-03 00:30:41,473 - INFO - Prompt processing progress: 8207/8208
2026-10-03 00:30:41,536 - INFO - Prompt processing progress: 8208/8208
2026-10-03 00:30:41,536 - INFO - Prompt processing progress: 8208/8208
2026-10-03 00:30:52,805 - INFO - Prompt Cache: 0 sequences, 0.00 GB
2026-10-03 00:30:52,805 - INFO - - assistant: 0 sequences, 0.00 GB
2026-10-03 00:30:52,805 - INFO - - user: 0 sequences, 0.00 GB
2026-10-03 00:30:52,805 - INFO - - system: 0 sequences, 0.00 GB
127.0.0.1 - - [03/Oct/2026 00:30:52] "POST /v1/chat/completions HTTP/1.1" 200 -
2026-10-03 00:30:52,909 - INFO - Prompt Cache: 0 sequences, 0.00 GB
2026-10-03 00:30:52,909 - INFO - - assistant: 0 sequences, 0.00 GB
2026-10-03 00:30:52,909 - INFO - - user: 0 sequences, 0.00 GB
2026-10-03 00:30:52,909 - INFO - - system: 0 sequences, 0.00 GB
127.0.0.1 - - [03/Oct/2026 00:30:52] "POST /v1/chat/completions HTTP/1.1" 200 -
2026-10-03 00:30:53,142 - INFO - Prompt processing progress: 21/8208
2026-10-03 00:30:53,142 - INFO - Prompt processing progress: 21/8208
2026-10-03 00:30:55,943 - INFO - Prompt processing progress: 2069/8208
2026-10-03 00:30:55,943 - INFO - Prompt processing progress: 2069/8208
2026-10-03 00:30:58,907 - INFO - Prompt processing progress: 4117/8208
2026-10-03 00:30:58,907 - INFO - Prompt processing progress: 4117/8208
2026-10-03 00:31:01,942 - INFO - Prompt processing progress: 6165/8208
2026-10-03 00:31:01,942 - INFO - Prompt processing progress: 6165/8208
2026-10-03 00:31:05,076 - INFO - Prompt processing progress: 8204/8208
2026-10-03 00:31:05,076 - INFO - Prompt processing progress: 8204/8208
2026-10-03 00:31:05,166 - INFO - Prompt processing progress: 8207/8208
2026-10-03 00:31:05,166 - INFO - Prompt processing progress: 8207/8208
2026-10-03 00:31:05,229 - INFO - Prompt processing progress: 8208/8208
2026-10-03 00:31:05,229 - INFO - Prompt processing progress: 8208/8208
2026-10-03 00:31:16,492 - INFO - Prompt Cache: 0 sequences, 0.00 GB
2026-10-03 00:31:16,492 - INFO - - assistant: 0 sequences, 0.00 GB
2026-10-03 00:31:16,492 - INFO - - user: 0 sequences, 0.00 GB
2026-10-03 00:31:16,492 - INFO - - system: 0 sequences, 0.00 GB
127.0.0.1 - - [03/Oct/2026 00:31:16] "POST /v1/chat/completions HTTP/1.1" 200 -
2026-10-03 00:31:16,595 - INFO - Prompt Cache: 0 sequences, 0.00 GB
2026-10-03 00:31:16,595 - INFO - - assistant: 0 sequences, 0.00 GB
2026-10-03 00:31:16,595 - INFO - - user: 0 sequences, 0.00 GB
2026-10-03 00:31:16,595 - INFO - - system: 0 sequences, 0.00 GB
127.0.0.1 - - [03/Oct/2026 00:31:16] "POST /v1/chat/completions HTTP/1.1" 200 -
2026-10-03 00:31:16,838 - INFO - Prompt processing progress: 21/8208
2026-10-03 00:31:16,838 - INFO - Prompt processing progress: 21/8208
2026-10-03 00:31:19,638 - INFO - Prompt processing progress: 2069/8208
2026-10-03 00:31:19,638 - INFO - Prompt processing progress: 2069/8208
2026-10-03 00:31:22,602 - INFO - Prompt processing progress: 4117/8208
2026-10-03 00:31:22,602 - INFO - Prompt processing progress: 4117/8208
2026-10-03 00:31:25,641 - INFO - Prompt processing progress: 6165/8208
2026-10-03 00:31:25,641 - INFO - Prompt processing progress: 6165/8208
2026-10-03 00:31:28,778 - INFO - Prompt processing progress: 8204/8208
2026-10-03 00:31:28,778 - INFO - Prompt processing progress: 8204/8208
2026-10-03 00:31:28,872 - INFO - Prompt processing progress: 8207/8208
2026-10-03 00:31:28,872 - INFO - Prompt processing progress: 8207/8208
2026-10-03 00:31:28,935 - INFO - Prompt processing progress: 8208/8208
2026-10-03 00:31:28,935 - INFO - Prompt processing progress: 8208/8208
2026-10-03 00:31:40,201 - INFO - Prompt Cache: 0 sequences, 0.00 GB
2026-10-03 00:31:40,201 - INFO - - assistant: 0 sequences, 0.00 GB
2026-10-03 00:31:40,201 - INFO - - user: 0 sequences, 0.00 GB
2026-10-03 00:31:40,201 - INFO - - system: 0 sequences, 0.00 GB
127.0.0.1 - - [03/Oct/2026 00:31:40] "POST /v1/chat/completions HTTP/1.1" 200 -
2026-10-03 00:31:40,304 - INFO - Prompt Cache: 0 sequences, 0.00 GB
2026-10-03 00:31:40,304 - INFO - - assistant: 0 sequences, 0.00 GB
2026-10-03 00:31:40,304 - INFO - - user: 0 sequences, 0.00 GB
2026-10-03 00:31:40,304 - INFO - - system: 0 sequences, 0.00 GB
127.0.0.1 - - [03/Oct/2026 00:31:40] "POST /v1/chat/completions HTTP/1.1" 200 -
2026-10-03 00:31:40,536 - INFO - Prompt processing progress: 21/8208
2026-10-03 00:31:40,536 - INFO - Prompt processing progress: 21/8208
2026-10-03 00:31:43,339 - INFO - Prompt processing progress: 2069/8208
2026-10-03 00:31:43,339 - INFO - Prompt processing progress: 2069/8208
2026-10-03 00:31:46,302 - INFO - Prompt processing progress: 4117/8208
2026-10-03 00:31:46,302 - INFO - Prompt processing progress: 4117/8208
2026-10-03 00:31:49,335 - INFO - Prompt processing progress: 6165/8208
2026-10-03 00:31:49,335 - INFO - Prompt processing progress: 6165/8208
2026-10-03 00:31:52,471 - INFO - Prompt processing progress: 8204/8208
2026-10-03 00:31:52,471 - INFO - Prompt processing progress: 8204/8208
2026-10-03 00:31:52,564 - INFO - Prompt processing progress: 8207/8208
2026-10-03 00:31:52,564 - INFO - Prompt processing progress: 8207/8208
2026-10-03 00:31:52,627 - INFO - Prompt processing progress: 8208/8208
2026-10-03 00:31:52,627 - INFO - Prompt processing progress: 8208/8208
2026-10-03 00:32:03,894 - INFO - Prompt Cache: 0 sequences, 0.00 GB
2026-10-03 00:32:03,894 - INFO - - assistant: 0 sequences, 0.00 GB
2026-10-03 00:32:03,894 - INFO - - user: 0 sequences, 0.00 GB
2026-10-03 00:32:03,894 - INFO - - system: 0 sequences, 0.00 GB
127.0.0.1 - - [03/Oct/2026 00:32:03] "POST /v1/chat/completions HTTP/1.1" 200 -
2026-10-03 00:32:03,996 - INFO - Prompt Cache: 0 sequences, 0.00 GB
2026-10-03 00:32:03,996 - INFO - - assistant: 0 sequences, 0.00 GB
2026-10-03 00:32:03,996 - INFO - - user: 0 sequences, 0.00 GB
2026-10-03 00:32:03,996 - INFO - - system: 0 sequences, 0.00 GB
127.0.0.1 - - [03/Oct/2026 00:32:03] "POST /v1/chat/completions HTTP/1.1" 200 -
2026-10-03 00:32:04,238 - INFO - Prompt processing progress: 21/8208
2026-10-03 00:32:04,238 - INFO - Prompt processing progress: 21/8208
2026-10-03 00:32:07,033 - INFO - Prompt processing progress: 2069/8208
2026-10-03 00:32:07,033 - INFO - Prompt processing progress: 2069/8208
2026-10-03 00:32:09,993 - INFO - Prompt processing progress: 4117/8208
2026-10-03 00:32:09,993 - INFO - Prompt processing progress: 4117/8208
2026-10-03 00:32:13,025 - INFO - Prompt processing progress: 6165/8208
2026-10-03 00:32:13,025 - INFO - Prompt processing progress: 6165/8208
2026-10-03 00:32:16,161 - INFO - Prompt processing progress: 8204/8208
2026-10-03 00:32:16,161 - INFO - Prompt processing progress: 8204/8208
2026-10-03 00:32:16,254 - INFO - Prompt processing progress: 8207/8208
2026-10-03 00:32:16,254 - INFO - Prompt processing progress: 8207/8208
2026-10-03 00:32:16,317 - INFO - Prompt processing progress: 8208/8208
2026-10-03 00:32:16,317 - INFO - Prompt processing progress: 8208/8208
2026-10-03 00:32:27,588 - INFO - Prompt Cache: 0 sequences, 0.00 GB
2026-10-03 00:32:27,588 - INFO - - assistant: 0 sequences, 0.00 GB
2026-10-03 00:32:27,588 - INFO - - user: 0 sequences, 0.00 GB
2026-10-03 00:32:27,588 - INFO - - system: 0 sequences, 0.00 GB
127.0.0.1 - - [03/Oct/2026 00:32:27] "POST /v1/chat/completions HTTP/1.1" 200 -
2026-10-03 00:32:27,695 - INFO - Prompt Cache: 0 sequences, 0.00 GB
2026-10-03 00:32:27,695 - INFO - - assistant: 0 sequences, 0.00 GB
2026-10-03 00:32:27,695 - INFO - - user: 0 sequences, 0.00 GB
2026-10-03 00:32:27,695 - INFO - - system: 0 sequences, 0.00 GB
127.0.0.1 - - [03/Oct/2026 00:32:27] "POST /v1/chat/completions HTTP/1.1" 200 -
2026-10-03 00:32:27,931 - INFO - Prompt processing progress: 21/8208
2026-10-03 00:32:27,931 - INFO - Prompt processing progress: 21/8208
2026-10-03 00:32:30,729 - INFO - Prompt processing progress: 2069/8208
2026-10-03 00:32:30,729 - INFO - Prompt processing progress: 2069/8208
2026-10-03 00:32:33,690 - INFO - Prompt processing progress: 4117/8208
2026-10-03 00:32:33,690 - INFO - Prompt processing progress: 4117/8208
2026-10-03 00:32:36,722 - INFO - Prompt processing progress: 6165/8208
2026-10-03 00:32:36,723 - INFO - Prompt processing progress: 6165/8208
2026-10-03 00:32:39,858 - INFO - Prompt processing progress: 8204/8208
2026-10-03 00:32:39,858 - INFO - Prompt processing progress: 8204/8208
2026-10-03 00:32:39,951 - INFO - Prompt processing progress: 8207/8208
2026-10-03 00:32:39,951 - INFO - Prompt processing progress: 8207/8208
2026-10-03 00:32:40,030 - INFO - Prompt processing progress: 8208/8208
2026-10-03 00:32:40,030 - INFO - Prompt processing progress: 8208/8208
2026-10-03 00:32:51,285 - INFO - Prompt Cache: 0 sequences, 0.00 GB
2026-10-03 00:32:51,285 - INFO - - assistant: 0 sequences, 0.00 GB
2026-10-03 00:32:51,285 - INFO - - user: 0 sequences, 0.00 GB
2026-10-03 00:32:51,285 - INFO - - system: 0 sequences, 0.00 GB
127.0.0.1 - - [03/Oct/2026 00:32:51] "POST /v1/chat/completions HTTP/1.1" 200 -
2026-10-03 00:32:51,387 - INFO - Prompt Cache: 0 sequences, 0.00 GB
2026-10-03 00:32:51,388 - INFO - - assistant: 0 sequences, 0.00 GB
2026-10-03 00:32:51,388 - INFO - - user: 0 sequences, 0.00 GB
2026-10-03 00:32:51,388 - INFO - - system: 0 sequences, 0.00 GB
127.0.0.1 - - [03/Oct/2026 00:32:51] "POST /v1/chat/completions HTTP/1.1" 200 -
2026-10-03 00:32:51,629 - INFO - Prompt processing progress: 21/8208
2026-10-03 00:32:51,629 - INFO - Prompt processing progress: 21/8208
2026-10-03 00:32:54,429 - INFO - Prompt processing progress: 2069/8208
2026-10-03 00:32:54,429 - INFO - Prompt processing progress: 2069/8208
2026-10-03 00:32:57,393 - INFO - Prompt processing progress: 4117/8208
2026-10-03 00:32:57,393 - INFO - Prompt processing progress: 4117/8208
2026-10-03 00:33:00,428 - INFO - Prompt processing progress: 6165/8208
2026-10-03 00:33:00,428 - INFO - Prompt processing progress: 6165/8208
2026-10-03 00:33:03,566 - INFO - Prompt processing progress: 8204/8208
2026-10-03 00:33:03,566 - INFO - Prompt processing progress: 8204/8208
2026-10-03 00:33:03,659 - INFO - Prompt processing progress: 8207/8208
2026-10-03 00:33:03,659 - INFO - Prompt processing progress: 8207/8208
2026-10-03 00:33:03,722 - INFO - Prompt processing progress: 8208/8208
2026-10-03 00:33:03,722 - INFO - Prompt processing progress: 8208/8208
2026-10-03 00:33:14,988 - INFO - Prompt Cache: 0 sequences, 0.00 GB
2026-10-03 00:33:14,988 - INFO - - assistant: 0 sequences, 0.00 GB
2026-10-03 00:33:14,988 - INFO - - user: 0 sequences, 0.00 GB
2026-10-03 00:33:14,988 - INFO - - system: 0 sequences, 0.00 GB
127.0.0.1 - - [03/Oct/2026 00:33:14] "POST /v1/chat/completions HTTP/1.1" 200 -
2026-10-03 00:33:15,091 - INFO - Prompt Cache: 0 sequences, 0.00 GB
2026-10-03 00:33:15,091 - INFO - - assistant: 0 sequences, 0.00 GB
2026-10-03 00:33:15,091 - INFO - - user: 0 sequences, 0.00 GB
2026-10-03 00:33:15,091 - INFO - - system: 0 sequences, 0.00 GB
127.0.0.1 - - [03/Oct/2026 00:33:15] "POST /v1/chat/completions HTTP/1.1" 200 -
2026-10-03 00:33:15,323 - INFO - Prompt processing progress: 21/8208
2026-10-03 00:33:15,323 - INFO - Prompt processing progress: 21/8208
2026-10-03 00:33:18,123 - INFO - Prompt processing progress: 2069/8208
2026-10-03 00:33:18,123 - INFO - Prompt processing progress: 2069/8208
2026-10-03 00:33:21,088 - INFO - Prompt processing progress: 4117/8208
2026-10-03 00:33:21,088 - INFO - Prompt processing progress: 4117/8208
2026-10-03 00:33:24,122 - INFO - Prompt processing progress: 6165/8208
2026-10-03 00:33:24,122 - INFO - Prompt processing progress: 6165/8208
2026-10-03 00:33:27,258 - INFO - Prompt processing progress: 8204/8208
2026-10-03 00:33:27,258 - INFO - Prompt processing progress: 8204/8208
2026-10-03 00:33:27,351 - INFO - Prompt processing progress: 8207/8208
2026-10-03 00:33:27,351 - INFO - Prompt processing progress: 8207/8208
2026-10-03 00:33:27,430 - INFO - Prompt processing progress: 8208/8208
2026-10-03 00:33:27,430 - INFO - Prompt processing progress: 8208/8208
2026-10-03 00:33:38,684 - INFO - Prompt Cache: 0 sequences, 0.00 GB
2026-10-03 00:33:38,685 - INFO - - assistant: 0 sequences, 0.00 GB
2026-10-03 00:33:38,685 - INFO - - user: 0 sequences, 0.00 GB
2026-10-03 00:33:38,685 - INFO - - system: 0 sequences, 0.00 GB
127.0.0.1 - - [03/Oct/2026 00:33:38] "POST /v1/chat/completions HTTP/1.1" 200 -
2026-10-03 00:33:38,787 - INFO - Prompt Cache: 0 sequences, 0.00 GB
2026-10-03 00:33:38,787 - INFO - - assistant: 0 sequences, 0.00 GB
2026-10-03 00:33:38,787 - INFO - - user: 0 sequences, 0.00 GB
2026-10-03 00:33:38,787 - INFO - - system: 0 sequences, 0.00 GB
127.0.0.1 - - [03/Oct/2026 00:33:38] "POST /v1/chat/completions HTTP/1.1" 200 -
2026-10-03 00:33:39,027 - INFO - Prompt processing progress: 21/8208
2026-10-03 00:33:39,027 - INFO - Prompt processing progress: 21/8208
2026-10-03 00:33:41,827 - INFO - Prompt processing progress: 2069/8208
2026-10-03 00:33:41,827 - INFO - Prompt processing progress: 2069/8208
2026-10-03 00:33:44,793 - INFO - Prompt processing progress: 4117/8208
2026-10-03 00:33:44,793 - INFO - Prompt processing progress: 4117/8208
2026-10-03 00:33:47,830 - INFO - Prompt processing progress: 6165/8208
2026-10-03 00:33:47,830 - INFO - Prompt processing progress: 6165/8208
2026-10-03 00:33:50,966 - INFO - Prompt processing progress: 8204/8208
2026-10-03 00:33:50,966 - INFO - Prompt processing progress: 8204/8208
2026-10-03 00:33:51,060 - INFO - Prompt processing progress: 8207/8208
2026-10-03 00:33:51,060 - INFO - Prompt processing progress: 8207/8208
2026-10-03 00:33:51,123 - INFO - Prompt processing progress: 8208/8208
2026-10-03 00:33:51,123 - INFO - Prompt processing progress: 8208/8208
2026-10-03 00:34:02,394 - INFO - Prompt Cache: 0 sequences, 0.00 GB
2026-10-03 00:34:02,394 - INFO - - assistant: 0 sequences, 0.00 GB
2026-10-03 00:34:02,394 - INFO - - user: 0 sequences, 0.00 GB
2026-10-03 00:34:02,394 - INFO - - system: 0 sequences, 0.00 GB
127.0.0.1 - - [03/Oct/2026 00:34:02] "POST /v1/chat/completions HTTP/1.1" 200 -
2026-10-03 00:34:02,497 - INFO - Prompt Cache: 0 sequences, 0.00 GB
2026-10-03 00:34:02,497 - INFO - - assistant: 0 sequences, 0.00 GB
2026-10-03 00:34:02,497 - INFO - - user: 0 sequences, 0.00 GB
2026-10-03 00:34:02,497 - INFO - - system: 0 sequences, 0.00 GB
127.0.0.1 - - [03/Oct/2026 00:34:02] "POST /v1/chat/completions HTTP/1.1" 200 -
2026-10-03 00:34:02,733 - INFO - Prompt processing progress: 21/8208
2026-10-03 00:34:02,733 - INFO - Prompt processing progress: 21/8208
2026-10-03 00:34:05,533 - INFO - Prompt processing progress: 2069/8208
2026-10-03 00:34:05,533 - INFO - Prompt processing progress: 2069/8208
2026-10-03 00:34:08,498 - INFO - Prompt processing progress: 4117/8208
2026-10-03 00:34:08,498 - INFO - Prompt processing progress: 4117/8208
2026-10-03 00:34:11,531 - INFO - Prompt processing progress: 6165/8208
2026-10-03 00:34:11,531 - INFO - Prompt processing progress: 6165/8208
2026-10-03 00:34:14,665 - INFO - Prompt processing progress: 8204/8208
2026-10-03 00:34:14,665 - INFO - Prompt processing progress: 8204/8208
2026-10-03 00:34:14,758 - INFO - Prompt processing progress: 8207/8208
2026-10-03 00:34:14,758 - INFO - Prompt processing progress: 8207/8208
2026-10-03 00:34:14,838 - INFO - Prompt processing progress: 8208/8208
2026-10-03 00:34:14,838 - INFO - Prompt processing progress: 8208/8208
2026-10-03 00:34:26,097 - INFO - Prompt Cache: 0 sequences, 0.00 GB
2026-10-03 00:34:26,097 - INFO - - assistant: 0 sequences, 0.00 GB
2026-10-03 00:34:26,097 - INFO - - user: 0 sequences, 0.00 GB
2026-10-03 00:34:26,097 - INFO - - system: 0 sequences, 0.00 GB
127.0.0.1 - - [03/Oct/2026 00:34:26] "POST /v1/chat/completions HTTP/1.1" 200 -
2026-10-03 00:34:26,199 - INFO - Prompt Cache: 0 sequences, 0.00 GB
2026-10-03 00:34:26,199 - INFO - - assistant: 0 sequences, 0.00 GB
2026-10-03 00:34:26,199 - INFO - - user: 0 sequences, 0.00 GB
2026-10-03 00:34:26,199 - INFO - - system: 0 sequences, 0.00 GB
127.0.0.1 - - [03/Oct/2026 00:34:26] "POST /v1/chat/completions HTTP/1.1" 200 -
2026-10-03 00:34:26,440 - INFO - Prompt processing progress: 21/8208
2026-10-03 00:34:26,440 - INFO - Prompt processing progress: 21/8208
2026-10-03 00:34:29,239 - INFO - Prompt processing progress: 2069/8208
2026-10-03 00:34:29,239 - INFO - Prompt processing progress: 2069/8208
2026-10-03 00:34:32,197 - INFO - Prompt processing progress: 4117/8208
2026-10-03 00:34:32,197 - INFO - Prompt processing progress: 4117/8208
2026-10-03 00:34:35,232 - INFO - Prompt processing progress: 6165/8208
2026-10-03 00:34:35,232 - INFO - Prompt processing progress: 6165/8208
2026-10-03 00:34:38,370 - INFO - Prompt processing progress: 8204/8208
2026-10-03 00:34:38,370 - INFO - Prompt processing progress: 8204/8208
2026-10-03 00:34:38,463 - INFO - Prompt processing progress: 8207/8208
2026-10-03 00:34:38,463 - INFO - Prompt processing progress: 8207/8208
2026-10-03 00:34:38,526 - INFO - Prompt processing progress: 8208/8208
2026-10-03 00:34:38,526 - INFO - Prompt processing progress: 8208/8208
2026-10-03 00:34:49,786 - INFO - Prompt Cache: 0 sequences, 0.00 GB
2026-10-03 00:34:49,786 - INFO - - assistant: 0 sequences, 0.00 GB
2026-10-03 00:34:49,786 - INFO - - user: 0 sequences, 0.00 GB
2026-10-03 00:34:49,786 - INFO - - system: 0 sequences, 0.00 GB
127.0.0.1 - - [03/Oct/2026 00:34:49] "POST /v1/chat/completions HTTP/1.1" 200 -
2026-10-03 00:34:49,889 - INFO - Prompt Cache: 0 sequences, 0.00 GB
2026-10-03 00:34:49,889 - INFO - - assistant: 0 sequences, 0.00 GB
2026-10-03 00:34:49,889 - INFO - - user: 0 sequences, 0.00 GB
2026-10-03 00:34:49,889 - INFO - - system: 0 sequences, 0.00 GB
127.0.0.1 - - [03/Oct/2026 00:34:49] "POST /v1/chat/completions HTTP/1.1" 200 -
2026-10-03 00:34:50,118 - INFO - Prompt processing progress: 21/8208
2026-10-03 00:34:50,118 - INFO - Prompt processing progress: 21/8208
2026-10-03 00:34:52,919 - INFO - Prompt processing progress: 2069/8208
2026-10-03 00:34:52,919 - INFO - Prompt processing progress: 2069/8208
2026-10-03 00:34:55,882 - INFO - Prompt processing progress: 4117/8208
2026-10-03 00:34:55,882 - INFO - Prompt processing progress: 4117/8208
2026-10-03 00:34:58,916 - INFO - Prompt processing progress: 6165/8208
2026-10-03 00:34:58,916 - INFO - Prompt processing progress: 6165/8208
2026-10-03 00:35:02,050 - INFO - Prompt processing progress: 8204/8208
2026-10-03 00:35:02,050 - INFO - Prompt processing progress: 8204/8208
2026-10-03 00:35:02,143 - INFO - Prompt processing progress: 8207/8208
2026-10-03 00:35:02,143 - INFO - Prompt processing progress: 8207/8208
2026-10-03 00:35:02,222 - INFO - Prompt processing progress: 8208/8208
2026-10-03 00:35:02,222 - INFO - Prompt processing progress: 8208/8208
2026-10-03 00:35:13,487 - INFO - Prompt Cache: 0 sequences, 0.00 GB
2026-10-03 00:35:13,487 - INFO - - assistant: 0 sequences, 0.00 GB
2026-10-03 00:35:13,487 - INFO - - user: 0 sequences, 0.00 GB
2026-10-03 00:35:13,487 - INFO - - system: 0 sequences, 0.00 GB
127.0.0.1 - - [03/Oct/2026 00:35:13] "POST /v1/chat/completions HTTP/1.1" 200 -
2026-10-03 00:35:13,589 - INFO - Prompt Cache: 0 sequences, 0.00 GB
2026-10-03 00:35:13,589 - INFO - - assistant: 0 sequences, 0.00 GB
2026-10-03 00:35:13,589 - INFO - - user: 0 sequences, 0.00 GB
2026-10-03 00:35:13,589 - INFO - - system: 0 sequences, 0.00 GB
127.0.0.1 - - [03/Oct/2026 00:35:13] "POST /v1/chat/completions HTTP/1.1" 200 -
2026-10-03 00:35:13,832 - INFO - Prompt processing progress: 21/8208
2026-10-03 00:35:13,832 - INFO - Prompt processing progress: 21/8208
2026-10-03 00:35:16,630 - INFO - Prompt processing progress: 2069/8208
2026-10-03 00:35:16,630 - INFO - Prompt processing progress: 2069/8208
2026-10-03 00:35:19,590 - INFO - Prompt processing progress: 4117/8208
2026-10-03 00:35:19,590 - INFO - Prompt processing progress: 4117/8208
2026-10-03 00:35:22,625 - INFO - Prompt processing progress: 6165/8208
2026-10-03 00:35:22,625 - INFO - Prompt processing progress: 6165/8208
2026-10-03 00:35:25,761 - INFO - Prompt processing progress: 8204/8208
2026-10-03 00:35:25,761 - INFO - Prompt processing progress: 8204/8208
2026-10-03 00:35:25,855 - INFO - Prompt processing progress: 8207/8208
2026-10-03 00:35:25,855 - INFO - Prompt processing progress: 8207/8208
2026-10-03 00:35:25,918 - INFO - Prompt processing progress: 8208/8208
2026-10-03 00:35:25,918 - INFO - Prompt processing progress: 8208/8208
2026-10-03 00:35:37,188 - INFO - Prompt Cache: 0 sequences, 0.00 GB
2026-10-03 00:35:37,188 - INFO - - assistant: 0 sequences, 0.00 GB
2026-10-03 00:35:37,188 - INFO - - user: 0 sequences, 0.00 GB
2026-10-03 00:35:37,188 - INFO - - system: 0 sequences, 0.00 GB
127.0.0.1 - - [03/Oct/2026 00:35:37] "POST /v1/chat/completions HTTP/1.1" 200 -
2026-10-03 00:35:37,297 - INFO - Prompt Cache: 0 sequences, 0.00 GB
2026-10-03 00:35:37,297 - INFO - - assistant: 0 sequences, 0.00 GB
2026-10-03 00:35:37,297 - INFO - - user: 0 sequences, 0.00 GB
2026-10-03 00:35:37,297 - INFO - - system: 0 sequences, 0.00 GB
127.0.0.1 - - [03/Oct/2026 00:35:37] "POST /v1/chat/completions HTTP/1.1" 200 -
2026-10-03 00:35:37,529 - INFO - Prompt processing progress: 21/8208
2026-10-03 00:35:37,529 - INFO - Prompt processing progress: 21/8208
2026-10-03 00:35:40,329 - INFO - Prompt processing progress: 2069/8208
2026-10-03 00:35:40,329 - INFO - Prompt processing progress: 2069/8208
2026-10-03 00:35:43,294 - INFO - Prompt processing progress: 4117/8208
2026-10-03 00:35:43,294 - INFO - Prompt processing progress: 4117/8208
2026-10-03 00:35:46,328 - INFO - Prompt processing progress: 6165/8208
2026-10-03 00:35:46,328 - INFO - Prompt processing progress: 6165/8208
2026-10-03 00:35:49,463 - INFO - Prompt processing progress: 8204/8208
2026-10-03 00:35:49,463 - INFO - Prompt processing progress: 8204/8208
2026-10-03 00:35:49,556 - INFO - Prompt processing progress: 8207/8208
2026-10-03 00:35:49,556 - INFO - Prompt processing progress: 8207/8208
2026-10-03 00:35:49,637 - INFO - Prompt processing progress: 8208/8208
2026-10-03 00:35:49,637 - INFO - Prompt processing progress: 8208/8208
2026-10-03 00:36:00,898 - INFO - Prompt Cache: 0 sequences, 0.00 GB
2026-10-03 00:36:00,898 - INFO - - assistant: 0 sequences, 0.00 GB
2026-10-03 00:36:00,898 - INFO - - user: 0 sequences, 0.00 GB
2026-10-03 00:36:00,898 - INFO - - system: 0 sequences, 0.00 GB
127.0.0.1 - - [03/Oct/2026 00:36:00] "POST /v1/chat/completions HTTP/1.1" 200 -
2026-10-03 00:36:01,000 - INFO - Prompt Cache: 0 sequences, 0.00 GB
2026-10-03 00:36:01,000 - INFO - - assistant: 0 sequences, 0.00 GB
2026-10-03 00:36:01,000 - INFO - - user: 0 sequences, 0.00 GB
2026-10-03 00:36:01,000 - INFO - - system: 0 sequences, 0.00 GB
127.0.0.1 - - [03/Oct/2026 00:36:01] "POST /v1/chat/completions HTTP/1.1" 200 -
2026-10-03 00:36:01,241 - INFO - Prompt processing progress: 21/8208
2026-10-03 00:36:01,241 - INFO - Prompt processing progress: 21/8208
2026-10-03 00:36:04,039 - INFO - Prompt processing progress: 2069/8208
2026-10-03 00:36:04,039 - INFO - Prompt processing progress: 2069/8208
2026-10-03 00:36:07,000 - INFO - Prompt processing progress: 4117/8208
2026-10-03 00:36:07,000 - INFO - Prompt processing progress: 4117/8208
2026-10-03 00:36:10,030 - INFO - Prompt processing progress: 6165/8208
2026-10-03 00:36:10,030 - INFO - Prompt processing progress: 6165/8208
2026-10-03 00:36:13,168 - INFO - Prompt processing progress: 8204/8208
2026-10-03 00:36:13,168 - INFO - Prompt processing progress: 8204/8208
2026-10-03 00:36:13,261 - INFO - Prompt processing progress: 8207/8208
2026-10-03 00:36:13,261 - INFO - Prompt processing progress: 8207/8208
2026-10-03 00:36:13,324 - INFO - Prompt processing progress: 8208/8208
2026-10-03 00:36:13,324 - INFO - Prompt processing progress: 8208/8208
2026-10-03 00:36:24,596 - INFO - Prompt Cache: 0 sequences, 0.00 GB
2026-10-03 00:36:24,596 - INFO - - assistant: 0 sequences, 0.00 GB
2026-10-03 00:36:24,596 - INFO - - user: 0 sequences, 0.00 GB
2026-10-03 00:36:24,596 - INFO - - system: 0 sequences, 0.00 GB
127.0.0.1 - - [03/Oct/2026 00:36:24] "POST /v1/chat/completions HTTP/1.1" 200 -
2026-10-03 00:36:24,699 - INFO - Prompt Cache: 0 sequences, 0.00 GB
2026-10-03 00:36:24,699 - INFO - - assistant: 0 sequences, 0.00 GB
2026-10-03 00:36:24,699 - INFO - - user: 0 sequences, 0.00 GB
2026-10-03 00:36:24,699 - INFO - - system: 0 sequences, 0.00 GB
127.0.0.1 - - [03/Oct/2026 00:36:24] "POST /v1/chat/completions HTTP/1.1" 200 -
2026-10-03 00:36:24,929 - INFO - Prompt processing progress: 21/8208
2026-10-03 00:36:24,929 - INFO - Prompt processing progress: 21/8208
2026-10-03 00:36:27,730 - INFO - Prompt processing progress: 2069/8208
2026-10-03 00:36:27,730 - INFO - Prompt processing progress: 2069/8208
2026-10-03 00:36:30,693 - INFO - Prompt processing progress: 4117/8208
2026-10-03 00:36:30,693 - INFO - Prompt processing progress: 4117/8208
2026-10-03 00:36:33,727 - INFO - Prompt processing progress: 6165/8208
2026-10-03 00:36:33,727 - INFO - Prompt processing progress: 6165/8208
2026-10-03 00:36:36,861 - INFO - Prompt processing progress: 8204/8208
2026-10-03 00:36:36,861 - INFO - Prompt processing progress: 8204/8208
2026-10-03 00:36:36,955 - INFO - Prompt processing progress: 8207/8208
2026-10-03 00:36:36,955 - INFO - Prompt processing progress: 8207/8208
2026-10-03 00:36:37,034 - INFO - Prompt processing progress: 8208/8208
2026-10-03 00:36:37,034 - INFO - Prompt processing progress: 8208/8208
2026-10-03 00:36:48,295 - INFO - Prompt Cache: 0 sequences, 0.00 GB
2026-10-03 00:36:48,295 - INFO - - assistant: 0 sequences, 0.00 GB
2026-10-03 00:36:48,295 - INFO - - user: 0 sequences, 0.00 GB
2026-10-03 00:36:48,295 - INFO - - system: 0 sequences, 0.00 GB
127.0.0.1 - - [03/Oct/2026 00:36:48] "POST /v1/chat/completions HTTP/1.1" 200 -
2026-10-03 00:36:48,397 - INFO - Prompt Cache: 0 sequences, 0.00 GB
2026-10-03 00:36:48,397 - INFO - - assistant: 0 sequences, 0.00 GB
2026-10-03 00:36:48,397 - INFO - - user: 0 sequences, 0.00 GB
2026-10-03 00:36:48,397 - INFO - - system: 0 sequences, 0.00 GB
127.0.0.1 - - [03/Oct/2026 00:36:48] "POST /v1/chat/completions HTTP/1.1" 200 -
2026-10-03 00:36:48,639 - INFO - Prompt processing progress: 21/8208
2026-10-03 00:36:48,639 - INFO - Prompt processing progress: 21/8208
2026-10-03 00:36:51,439 - INFO - Prompt processing progress: 2069/8208
2026-10-03 00:36:51,439 - INFO - Prompt processing progress: 2069/8208
2026-10-03 00:36:54,403 - INFO - Prompt processing progress: 4117/8208
2026-10-03 00:36:54,403 - INFO - Prompt processing progress: 4117/8208
2026-10-03 00:36:57,435 - INFO - Prompt processing progress: 6165/8208
2026-10-03 00:36:57,435 - INFO - Prompt processing progress: 6165/8208
2026-10-03 00:37:00,568 - INFO - Prompt processing progress: 8204/8208
2026-10-03 00:37:00,568 - INFO - Prompt processing progress: 8204/8208
2026-10-03 00:37:00,661 - INFO - Prompt processing progress: 8207/8208
2026-10-03 00:37:00,661 - INFO - Prompt processing progress: 8207/8208
2026-10-03 00:37:00,724 - INFO - Prompt processing progress: 8208/8208
2026-10-03 00:37:00,724 - INFO - Prompt processing progress: 8208/8208
2026-10-03 00:37:11,993 - INFO - Prompt Cache: 0 sequences, 0.00 GB
2026-10-03 00:37:11,993 - INFO - - assistant: 0 sequences, 0.00 GB
2026-10-03 00:37:11,993 - INFO - - user: 0 sequences, 0.00 GB
2026-10-03 00:37:11,993 - INFO - - system: 0 sequences, 0.00 GB
127.0.0.1 - - [03/Oct/2026 00:37:11] "POST /v1/chat/completions HTTP/1.1" 200 -
2026-10-03 00:37:12,096 - INFO - Prompt Cache: 0 sequences, 0.00 GB
2026-10-03 00:37:12,096 - INFO - - assistant: 0 sequences, 0.00 GB
2026-10-03 00:37:12,096 - INFO - - user: 0 sequences, 0.00 GB
2026-10-03 00:37:12,096 - INFO - - system: 0 sequences, 0.00 GB
127.0.0.1 - - [03/Oct/2026 00:37:12] "POST /v1/chat/completions HTTP/1.1" 200 -
2026-10-03 00:37:12,327 - INFO - Prompt processing progress: 21/8208
2026-10-03 00:37:12,327 - INFO - Prompt processing progress: 21/8208
2026-10-03 00:37:15,125 - INFO - Prompt processing progress: 2069/8208
2026-10-03 00:37:15,125 - INFO - Prompt processing progress: 2069/8208
2026-10-03 00:37:18,087 - INFO - Prompt processing progress: 4117/8208
2026-10-03 00:37:18,087 - INFO - Prompt processing progress: 4117/8208
2026-10-03 00:37:21,118 - INFO - Prompt processing progress: 6165/8208
2026-10-03 00:37:21,118 - INFO - Prompt processing progress: 6165/8208
2026-10-03 00:37:24,252 - INFO - Prompt processing progress: 8204/8208
2026-10-03 00:37:24,252 - INFO - Prompt processing progress: 8204/8208
2026-10-03 00:37:24,359 - INFO - Prompt processing progress: 8207/8208
2026-10-03 00:37:24,359 - INFO - Prompt processing progress: 8207/8208
2026-10-03 00:37:24,422 - INFO - Prompt processing progress: 8208/8208
2026-10-03 00:37:24,422 - INFO - Prompt processing progress: 8208/8208
2026-10-03 00:37:35,670 - INFO - Prompt Cache: 0 sequences, 0.00 GB
2026-10-03 00:37:35,670 - INFO - - assistant: 0 sequences, 0.00 GB
2026-10-03 00:37:35,670 - INFO - - user: 0 sequences, 0.00 GB
2026-10-03 00:37:35,670 - INFO - - system: 0 sequences, 0.00 GB
127.0.0.1 - - [03/Oct/2026 00:37:35] "POST /v1/chat/completions HTTP/1.1" 200 -
2026-10-03 00:37:35,776 - INFO - Prompt Cache: 0 sequences, 0.00 GB
2026-10-03 00:37:35,776 - INFO - - assistant: 0 sequences, 0.00 GB
2026-10-03 00:37:35,776 - INFO - - user: 0 sequences, 0.00 GB
2026-10-03 00:37:35,776 - INFO - - system: 0 sequences, 0.00 GB
127.0.0.1 - - [03/Oct/2026 00:37:35] "POST /v1/chat/completions HTTP/1.1" 200 -
2026-10-03 00:37:36,018 - INFO - Prompt processing progress: 21/8208
2026-10-03 00:37:36,018 - INFO - Prompt processing progress: 21/8208
2026-10-03 00:37:38,821 - INFO - Prompt processing progress: 2069/8208
2026-10-03 00:37:38,821 - INFO - Prompt processing progress: 2069/8208
2026-10-03 00:37:41,784 - INFO - Prompt processing progress: 4117/8208
2026-10-03 00:37:41,784 - INFO - Prompt processing progress: 4117/8208
2026-10-03 00:37:44,834 - INFO - Prompt processing progress: 6165/8208
2026-10-03 00:37:44,834 - INFO - Prompt processing progress: 6165/8208
2026-10-03 00:37:47,974 - INFO - Prompt processing progress: 8204/8208
2026-10-03 00:37:47,974 - INFO - Prompt processing progress: 8204/8208
2026-10-03 00:37:48,067 - INFO - Prompt processing progress: 8207/8208
2026-10-03 00:37:48,067 - INFO - Prompt processing progress: 8207/8208
2026-10-03 00:37:48,129 - INFO - Prompt processing progress: 8208/8208
2026-10-03 00:37:48,129 - INFO - Prompt processing progress: 8208/8208
2026-10-03 00:37:59,398 - INFO - Prompt Cache: 0 sequences, 0.00 GB
2026-10-03 00:37:59,398 - INFO - - assistant: 0 sequences, 0.00 GB
2026-10-03 00:37:59,398 - INFO - - user: 0 sequences, 0.00 GB
2026-10-03 00:37:59,398 - INFO - - system: 0 sequences, 0.00 GB
127.0.0.1 - - [03/Oct/2026 00:37:59] "POST /v1/chat/completions HTTP/1.1" 200 -
2026-10-03 00:37:59,501 - INFO - Prompt Cache: 0 sequences, 0.00 GB
2026-10-03 00:37:59,501 - INFO - - assistant: 0 sequences, 0.00 GB
2026-10-03 00:37:59,501 - INFO - - user: 0 sequences, 0.00 GB
2026-10-03 00:37:59,501 - INFO - - system: 0 sequences, 0.00 GB
127.0.0.1 - - [03/Oct/2026 00:37:59] "POST /v1/chat/completions HTTP/1.1" 200 -
2026-10-03 00:37:59,732 - INFO - Prompt processing progress: 21/8208
2026-10-03 00:37:59,732 - INFO - Prompt processing progress: 21/8208
2026-10-03 00:38:02,534 - INFO - Prompt processing progress: 2069/8208
2026-10-03 00:38:02,534 - INFO - Prompt processing progress: 2069/8208
2026-10-03 00:38:05,493 - INFO - Prompt processing progress: 4117/8208
2026-10-03 00:38:05,493 - INFO - Prompt processing progress: 4117/8208
2026-10-03 00:38:08,525 - INFO - Prompt processing progress: 6165/8208
2026-10-03 00:38:08,525 - INFO - Prompt processing progress: 6165/8208
2026-10-03 00:38:11,656 - INFO - Prompt processing progress: 8204/8208
2026-10-03 00:38:11,656 - INFO - Prompt processing progress: 8204/8208
2026-10-03 00:38:11,762 - INFO - Prompt processing progress: 8207/8208
2026-10-03 00:38:11,762 - INFO - Prompt processing progress: 8207/8208
2026-10-03 00:38:11,825 - INFO - Prompt processing progress: 8208/8208
2026-10-03 00:38:11,825 - INFO - Prompt processing progress: 8208/8208
2026-10-03 00:38:23,080 - INFO - Prompt Cache: 0 sequences, 0.00 GB
2026-10-03 00:38:23,080 - INFO - - assistant: 0 sequences, 0.00 GB
2026-10-03 00:38:23,080 - INFO - - user: 0 sequences, 0.00 GB
2026-10-03 00:38:23,080 - INFO - - system: 0 sequences, 0.00 GB
127.0.0.1 - - [03/Oct/2026 00:38:23] "POST /v1/chat/completions HTTP/1.1" 200 -
2026-10-03 00:38:23,182 - INFO - Prompt Cache: 0 sequences, 0.00 GB
2026-10-03 00:38:23,182 - INFO - - assistant: 0 sequences, 0.00 GB
2026-10-03 00:38:23,182 - INFO - - user: 0 sequences, 0.00 GB
2026-10-03 00:38:23,182 - INFO - - system: 0 sequences, 0.00 GB
127.0.0.1 - - [03/Oct/2026 00:38:23] "POST /v1/chat/completions HTTP/1.1" 200 -
2026-10-03 00:38:23,419 - INFO - Prompt processing progress: 21/8208
2026-10-03 00:38:23,419 - INFO - Prompt processing progress: 21/8208
2026-10-03 00:38:26,217 - INFO - Prompt processing progress: 2069/8208
2026-10-03 00:38:26,217 - INFO - Prompt processing progress: 2069/8208
2026-10-03 00:38:29,183 - INFO - Prompt processing progress: 4117/8208
2026-10-03 00:38:29,183 - INFO - Prompt processing progress: 4117/8208
2026-10-03 00:38:32,243 - INFO - Prompt processing progress: 6165/8208
2026-10-03 00:38:32,243 - INFO - Prompt processing progress: 6165/8208
2026-10-03 00:38:35,402 - INFO - Prompt processing progress: 8204/8208
2026-10-03 00:38:35,402 - INFO - Prompt processing progress: 8204/8208
2026-10-03 00:38:35,494 - INFO - Prompt processing progress: 8207/8208
2026-10-03 00:38:35,494 - INFO - Prompt processing progress: 8207/8208
2026-10-03 00:38:35,557 - INFO - Prompt processing progress: 8208/8208
2026-10-03 00:38:35,557 - INFO - Prompt processing progress: 8208/8208
