<repo>/.venv/lib/python3.12/site-packages/mlx_lm/server.py:1723: UserWarning: mlx_lm.server is not recommended for production as it only implements basic security checks.
  warnings.warn(
2026-10-01 15:24:05,481 - INFO - Starting httpd at 127.0.0.1 on port 18185...
127.0.0.1 - - [01/Oct/2026 15:24:05] "GET /v1/models HTTP/1.1" 200 -
----------------------------------------
Exception occurred during processing of request from ('127.0.0.1', 54273)
Traceback (most recent call last):
  File "<home>/.local/share/uv/python/cpython-3.12.13-macos-aarch64-none/lib/python3.12/socketserver.py", line 697, in process_request_thread
    self.finish_request(request, client_address)
  File "<home>/.local/share/uv/python/cpython-3.12.13-macos-aarch64-none/lib/python3.12/socketserver.py", line 362, in finish_request
    self.RequestHandlerClass(request, client_address, self)
  File "<repo>/.venv/lib/python3.12/site-packages/mlx_lm/server.py", line 1716, in <lambda>
    lambda *args, **kwargs: handler_class(
                            ^^^^^^^^^^^^^^
  File "<repo>/.venv/lib/python3.12/site-packages/mlx_lm/server.py", line 1073, in __init__
    super().__init__(*args, **kwargs)
  File "<home>/.local/share/uv/python/cpython-3.12.13-macos-aarch64-none/lib/python3.12/socketserver.py", line 766, in __init__
    self.handle()
  File "<home>/.local/share/uv/python/cpython-3.12.13-macos-aarch64-none/lib/python3.12/http/server.py", line 440, in handle
    self.handle_one_request()
  File "<home>/.local/share/uv/python/cpython-3.12.13-macos-aarch64-none/lib/python3.12/http/server.py", line 428, in handle_one_request
    method()
  File "<repo>/.venv/lib/python3.12/site-packages/mlx_lm/server.py", line 1625, in do_GET
    self.handle_models_request()
  File "<repo>/.venv/lib/python3.12/site-packages/mlx_lm/server.py", line 1668, in handle_models_request
    hf_cache_info = scan_cache_dir()
                    ^^^^^^^^^^^^^^^^
  File "<repo>/.venv/lib/python3.12/site-packages/huggingface_hub/utils/_cache_manager.py", line 777, in scan_cache_dir
    raise CacheNotFound(
huggingface_hub.errors.CacheNotFound: Cache directory not found: <repo>/.cache/huggingface/hub. Please use `cache_dir` argument or set `HF_HUB_CACHE` environment variable.
----------------------------------------
127.0.0.1 - - [01/Oct/2026 15:24:06] "POST /v1/chat/completions HTTP/1.1" 200 -
2026-10-01 15:24:06,909 - INFO - Prompt Cache: 0 sequences, 0.00 GB
2026-10-01 15:24:06,909 - INFO - - assistant: 0 sequences, 0.00 GB
2026-10-01 15:24:06,909 - INFO - - user: 0 sequences, 0.00 GB
2026-10-01 15:24:06,909 - INFO - - system: 0 sequences, 0.00 GB
2026-10-01 15:24:07,010 - INFO - Prompt processing progress: 0/200001
2026-10-01 15:24:08,166 - INFO - Prompt processing progress: 2048/200001
2026-10-01 15:24:09,337 - INFO - Prompt processing progress: 4096/200001
2026-10-01 15:24:10,528 - INFO - Prompt processing progress: 6144/200001
2026-10-01 15:24:11,740 - INFO - Prompt processing progress: 8192/200001
2026-10-01 15:24:12,971 - INFO - Prompt processing progress: 10240/200001
2026-10-01 15:24:14,224 - INFO - Prompt processing progress: 12288/200001
2026-10-01 15:24:15,499 - INFO - Prompt processing progress: 14336/200001
2026-10-01 15:24:16,795 - INFO - Prompt processing progress: 16384/200001
2026-10-01 15:24:18,111 - INFO - Prompt processing progress: 18432/200001
2026-10-01 15:24:19,442 - INFO - Prompt processing progress: 20480/200001
2026-10-01 15:24:20,804 - INFO - Prompt processing progress: 22528/200001
2026-10-01 15:24:22,183 - INFO - Prompt processing progress: 24576/200001
2026-10-01 15:24:23,583 - INFO - Prompt processing progress: 26624/200001
2026-10-01 15:24:25,001 - INFO - Prompt processing progress: 28672/200001
2026-10-01 15:24:26,439 - INFO - Prompt processing progress: 30720/200001
2026-10-01 15:24:27,898 - INFO - Prompt processing progress: 32768/200001
2026-10-01 15:24:29,373 - INFO - Prompt processing progress: 34816/200001
2026-10-01 15:24:30,870 - INFO - Prompt processing progress: 36864/200001
2026-10-01 15:24:32,394 - INFO - Prompt processing progress: 38912/200001
2026-10-01 15:24:33,934 - INFO - Prompt processing progress: 40960/200001
2026-10-01 15:24:35,492 - INFO - Prompt processing progress: 43008/200001
2026-10-01 15:24:37,071 - INFO - Prompt processing progress: 45056/200001
2026-10-01 15:24:38,671 - INFO - Prompt processing progress: 47104/200001
2026-10-01 15:24:40,290 - INFO - Prompt processing progress: 49152/200001
2026-10-01 15:24:41,927 - INFO - Prompt processing progress: 51200/200001
2026-10-01 15:24:43,587 - INFO - Prompt processing progress: 53248/200001
2026-10-01 15:24:45,267 - INFO - Prompt processing progress: 55296/200001
2026-10-01 15:24:46,970 - INFO - Prompt processing progress: 57344/200001
2026-10-01 15:24:48,689 - INFO - Prompt processing progress: 59392/200001
2026-10-01 15:24:50,430 - INFO - Prompt processing progress: 61440/200001
2026-10-01 15:24:52,186 - INFO - Prompt processing progress: 63488/200001
2026-10-01 15:24:53,969 - INFO - Prompt processing progress: 65536/200001
2026-10-01 15:24:55,770 - INFO - Prompt processing progress: 67584/200001
2026-10-01 15:24:57,595 - INFO - Prompt processing progress: 69632/200001
2026-10-01 15:24:59,443 - INFO - Prompt processing progress: 71680/200001
2026-10-01 15:25:01,313 - INFO - Prompt processing progress: 73728/200001
2026-10-01 15:25:03,221 - INFO - Prompt processing progress: 75776/200001
2026-10-01 15:25:05,131 - INFO - Prompt processing progress: 77824/200001
2026-10-01 15:25:07,058 - INFO - Prompt processing progress: 79872/200001
2026-10-01 15:25:09,004 - INFO - Prompt processing progress: 81920/200001
2026-10-01 15:25:10,976 - INFO - Prompt processing progress: 83968/200001
2026-10-01 15:25:12,967 - INFO - Prompt processing progress: 86016/200001
2026-10-01 15:25:14,978 - INFO - Prompt processing progress: 88064/200001
2026-10-01 15:25:17,017 - INFO - Prompt processing progress: 90112/200001
2026-10-01 15:25:19,073 - INFO - Prompt processing progress: 92160/200001
2026-10-01 15:25:21,150 - INFO - Prompt processing progress: 94208/200001
2026-10-01 15:25:23,270 - INFO - Prompt processing progress: 96256/200001
2026-10-01 15:25:25,381 - INFO - Prompt processing progress: 98304/200001
2026-10-01 15:25:27,520 - INFO - Prompt processing progress: 100352/200001
2026-10-01 15:25:29,680 - INFO - Prompt processing progress: 102400/200001
2026-10-01 15:25:31,878 - INFO - Prompt processing progress: 104448/200001
2026-10-01 15:25:34,070 - INFO - Prompt processing progress: 106496/200001
2026-10-01 15:25:36,315 - INFO - Prompt processing progress: 108544/200001
2026-10-01 15:25:38,555 - INFO - Prompt processing progress: 110592/200001
2026-10-01 15:25:40,815 - INFO - Prompt processing progress: 112640/200001
2026-10-01 15:25:43,095 - INFO - Prompt processing progress: 114688/200001
2026-10-01 15:25:45,414 - INFO - Prompt processing progress: 116736/200001
2026-10-01 15:25:47,757 - INFO - Prompt processing progress: 118784/200001
2026-10-01 15:25:50,092 - INFO - Prompt processing progress: 120832/200001
2026-10-01 15:25:52,467 - INFO - Prompt processing progress: 122880/200001
2026-10-01 15:25:54,854 - INFO - Prompt processing progress: 124928/200001
2026-10-01 15:25:57,263 - INFO - Prompt processing progress: 126976/200001
2026-10-01 15:25:59,693 - INFO - Prompt processing progress: 129024/200001
2026-10-01 15:26:02,129 - INFO - Prompt processing progress: 131072/200001
2026-10-01 15:26:04,619 - INFO - Prompt processing progress: 133120/200001
2026-10-01 15:26:07,105 - INFO - Prompt processing progress: 135168/200001
2026-10-01 15:26:09,650 - INFO - Prompt processing progress: 137216/200001
2026-10-01 15:26:12,190 - INFO - Prompt processing progress: 139264/200001
2026-10-01 15:26:14,734 - INFO - Prompt processing progress: 141312/200001
2026-10-01 15:26:17,340 - INFO - Prompt processing progress: 143360/200001
2026-10-01 15:26:19,922 - INFO - Prompt processing progress: 145408/200001
2026-10-01 15:26:22,538 - INFO - Prompt processing progress: 147456/200001
2026-10-01 15:26:25,179 - INFO - Prompt processing progress: 149504/200001
2026-10-01 15:26:27,853 - INFO - Prompt processing progress: 151552/200001
2026-10-01 15:26:30,533 - INFO - Prompt processing progress: 153600/200001
2026-10-01 15:26:33,225 - INFO - Prompt processing progress: 155648/200001
2026-10-01 15:26:35,996 - INFO - Prompt processing progress: 157696/200001
2026-10-01 15:26:38,742 - INFO - Prompt processing progress: 159744/200001
2026-10-01 15:26:41,523 - INFO - Prompt processing progress: 161792/200001
2026-10-01 15:26:44,297 - INFO - Prompt processing progress: 163840/200001
2026-10-01 15:26:47,095 - INFO - Prompt processing progress: 165888/200001
2026-10-01 15:26:49,910 - INFO - Prompt processing progress: 167936/200001
2026-10-01 15:26:52,773 - INFO - Prompt processing progress: 169984/200001
2026-10-01 15:26:55,643 - INFO - Prompt processing progress: 172032/200001
2026-10-01 15:26:58,507 - INFO - Prompt processing progress: 174080/200001
2026-10-01 15:27:01,426 - INFO - Prompt processing progress: 176128/200001
2026-10-01 15:27:04,349 - INFO - Prompt processing progress: 178176/200001
2026-10-01 15:27:07,312 - INFO - Prompt processing progress: 180224/200001
2026-10-01 15:27:10,293 - INFO - Prompt processing progress: 182272/200001
2026-10-01 15:27:13,301 - INFO - Prompt processing progress: 184320/200001
2026-10-01 15:27:16,341 - INFO - Prompt processing progress: 186368/200001
2026-10-01 15:27:19,371 - INFO - Prompt processing progress: 188416/200001
2026-10-01 15:27:22,447 - INFO - Prompt processing progress: 190464/200001
2026-10-01 15:27:25,501 - INFO - Prompt processing progress: 192512/200001
2026-10-01 15:27:28,614 - INFO - Prompt processing progress: 194560/200001
2026-10-01 15:27:31,727 - INFO - Prompt processing progress: 196608/200001
2026-10-01 15:27:34,863 - INFO - Prompt processing progress: 198656/200001
2026-10-01 15:27:37,231 - INFO - Prompt processing progress: 200000/200001
2026-10-01 15:27:37,334 - INFO - Prompt processing progress: 200001/200001
127.0.0.1 - - [01/Oct/2026 15:27:38] "POST /v1/chat/completions HTTP/1.1" 200 -
2026-10-01 15:27:38,200 - INFO - Prompt Cache: 1 sequences, 13.27 GB
2026-10-01 15:27:38,200 - INFO - - assistant: 1 sequences, 13.27 GB
2026-10-01 15:27:38,200 - INFO - - user: 0 sequences, 0.00 GB
2026-10-01 15:27:38,200 - INFO - - system: 0 sequences, 0.00 GB
2026-10-01 15:27:38,306 - INFO - Prompt processing progress: 0/3645
2026-10-01 15:27:41,624 - INFO - Prompt processing progress: 2048/3645
2026-10-01 15:27:44,404 - INFO - Prompt processing progress: 3644/3645
2026-10-01 15:27:44,507 - INFO - Prompt processing progress: 3645/3645
127.0.0.1 - - [01/Oct/2026 15:27:45] "POST /v1/chat/completions HTTP/1.1" 200 -
2026-10-01 15:27:45,320 - INFO - Prompt Cache: 1 sequences, 13.51 GB
2026-10-01 15:27:45,320 - INFO - - assistant: 1 sequences, 13.51 GB
2026-10-01 15:27:45,321 - INFO - - user: 0 sequences, 0.00 GB
2026-10-01 15:27:45,321 - INFO - - system: 0 sequences, 0.00 GB
2026-10-01 15:27:45,433 - INFO - Prompt processing progress: 0/3515
2026-10-01 15:27:48,815 - INFO - Prompt processing progress: 2048/3515
2026-10-01 15:27:51,325 - INFO - Prompt processing progress: 3514/3515
2026-10-01 15:27:51,429 - INFO - Prompt processing progress: 3515/3515
127.0.0.1 - - [01/Oct/2026 15:27:59] "POST /v1/chat/completions HTTP/1.1" 200 -
2026-10-01 15:27:59,347 - INFO - Prompt Cache: 1 sequences, 13.75 GB
2026-10-01 15:27:59,347 - INFO - - assistant: 1 sequences, 13.75 GB
2026-10-01 15:27:59,347 - INFO - - user: 0 sequences, 0.00 GB
2026-10-01 15:27:59,347 - INFO - - system: 0 sequences, 0.00 GB
2026-10-01 15:27:59,459 - INFO - Prompt processing progress: 0/25
2026-10-01 15:27:59,737 - INFO - Prompt processing progress: 24/25
2026-10-01 15:27:59,841 - INFO - Prompt processing progress: 25/25
