<M5_REPO>/.venv/lib/python3.12/site-packages/mlx_lm/server.py:1723: UserWarning: mlx_lm.server is not recommended for production as it only implements basic security checks.
  warnings.warn(
2026-10-02 07:57:01,345 - INFO - Starting httpd at 127.0.0.1 on port 18185...
127.0.0.1 - - [02/Oct/2026 07:57:01] "GET /v1/models HTTP/1.1" 200 -
127.0.0.1 - - [02/Oct/2026 07:57:11] "POST /v1/chat/completions HTTP/1.1" 200 -
2026-10-02 07:57:11,382 - INFO - Prompt Cache: 0 sequences, 0.00 GB
2026-10-02 07:57:11,382 - INFO - - assistant: 0 sequences, 0.00 GB
2026-10-02 07:57:11,382 - INFO - - user: 0 sequences, 0.00 GB
2026-10-02 07:57:11,382 - INFO - - system: 0 sequences, 0.00 GB
2026-10-02 07:57:11,479 - INFO - Prompt processing progress: 0/200009
2026-10-02 07:57:13,107 - INFO - Prompt processing progress: 2048/200009
2026-10-02 07:57:14,653 - INFO - Prompt processing progress: 4096/200009
2026-10-02 07:57:16,240 - INFO - Prompt processing progress: 6144/200009
2026-10-02 07:57:17,850 - INFO - Prompt processing progress: 8192/200009
2026-10-02 07:57:19,483 - INFO - Prompt processing progress: 10240/200009
2026-10-02 07:57:21,175 - INFO - Prompt processing progress: 12288/200009
2026-10-02 07:57:22,885 - INFO - Prompt processing progress: 14336/200009
2026-10-02 07:57:24,641 - INFO - Prompt processing progress: 16384/200009
2026-10-02 07:57:26,421 - INFO - Prompt processing progress: 18432/200009
2026-10-02 07:57:28,247 - INFO - Prompt processing progress: 20480/200009
2026-10-02 07:57:30,089 - INFO - Prompt processing progress: 22528/200009
2026-10-02 07:57:31,968 - INFO - Prompt processing progress: 24576/200009
2026-10-02 07:57:33,891 - INFO - Prompt processing progress: 26624/200009
2026-10-02 07:57:35,858 - INFO - Prompt processing progress: 28672/200009
2026-10-02 07:57:37,859 - INFO - Prompt processing progress: 30720/200009
2026-10-02 07:57:39,900 - INFO - Prompt processing progress: 32768/200009
2026-10-02 07:57:41,974 - INFO - Prompt processing progress: 34816/200009
2026-10-02 07:57:44,133 - INFO - Prompt processing progress: 36864/200009
2026-10-02 07:57:46,272 - INFO - Prompt processing progress: 38912/200009
2026-10-02 07:57:48,437 - INFO - Prompt processing progress: 40960/200009
2026-10-02 07:57:50,651 - INFO - Prompt processing progress: 43008/200009
2026-10-02 07:57:52,908 - INFO - Prompt processing progress: 45056/200009
2026-10-02 07:57:55,200 - INFO - Prompt processing progress: 47104/200009
2026-10-02 07:57:57,543 - INFO - Prompt processing progress: 49152/200009
2026-10-02 07:57:59,912 - INFO - Prompt processing progress: 51200/200009
2026-10-02 07:58:02,378 - INFO - Prompt processing progress: 53248/200009
2026-10-02 07:58:04,819 - INFO - Prompt processing progress: 55296/200009
2026-10-02 07:58:07,307 - INFO - Prompt processing progress: 57344/200009
2026-10-02 07:58:09,832 - INFO - Prompt processing progress: 59392/200009
2026-10-02 07:58:12,417 - INFO - Prompt processing progress: 61440/200009
2026-10-02 07:58:15,046 - INFO - Prompt processing progress: 63488/200009
2026-10-02 07:58:17,658 - INFO - Prompt processing progress: 65536/200009
2026-10-02 07:58:20,347 - INFO - Prompt processing progress: 67584/200009
2026-10-02 07:58:23,081 - INFO - Prompt processing progress: 69632/200009
2026-10-02 07:58:25,843 - INFO - Prompt processing progress: 71680/200009
2026-10-02 07:58:28,701 - INFO - Prompt processing progress: 73728/200009
2026-10-02 07:58:31,531 - INFO - Prompt processing progress: 75776/200009
2026-10-02 07:58:34,344 - INFO - Prompt processing progress: 77824/200009
2026-10-02 07:58:37,200 - INFO - Prompt processing progress: 79872/200009
2026-10-02 07:58:40,103 - INFO - Prompt processing progress: 81920/200009
2026-10-02 07:58:43,088 - INFO - Prompt processing progress: 83968/200009
2026-10-02 07:58:46,049 - INFO - Prompt processing progress: 86016/200009
2026-10-02 07:58:49,081 - INFO - Prompt processing progress: 88064/200009
2026-10-02 07:58:52,143 - INFO - Prompt processing progress: 90112/200009
2026-10-02 07:58:55,262 - INFO - Prompt processing progress: 92160/200009
2026-10-02 07:58:58,385 - INFO - Prompt processing progress: 94208/200009
2026-10-02 07:59:01,535 - INFO - Prompt processing progress: 96256/200009
2026-10-02 07:59:04,714 - INFO - Prompt processing progress: 98304/200009
2026-10-02 07:59:07,895 - INFO - Prompt processing progress: 100352/200009
2026-10-02 07:59:11,157 - INFO - Prompt processing progress: 102400/200009
2026-10-02 07:59:14,437 - INFO - Prompt processing progress: 104448/200009
2026-10-02 07:59:17,753 - INFO - Prompt processing progress: 106496/200009
2026-10-02 07:59:21,088 - INFO - Prompt processing progress: 108544/200009
2026-10-02 07:59:24,436 - INFO - Prompt processing progress: 110592/200009
2026-10-02 07:59:27,832 - INFO - Prompt processing progress: 112640/200009
2026-10-02 07:59:31,574 - INFO - Prompt processing progress: 114688/200009
2026-10-02 07:59:35,038 - INFO - Prompt processing progress: 116736/200009
2026-10-02 07:59:38,521 - INFO - Prompt processing progress: 118784/200009
2026-10-02 07:59:42,083 - INFO - Prompt processing progress: 120832/200009
2026-10-02 07:59:45,649 - INFO - Prompt processing progress: 122880/200009
2026-10-02 07:59:49,257 - INFO - Prompt processing progress: 124928/200009
2026-10-02 07:59:52,889 - INFO - Prompt processing progress: 126976/200009
2026-10-02 07:59:56,556 - INFO - Prompt processing progress: 129024/200009
2026-10-02 08:00:00,271 - INFO - Prompt processing progress: 131072/200009
2026-10-02 08:00:04,001 - INFO - Prompt processing progress: 133120/200009
2026-10-02 08:00:07,796 - INFO - Prompt processing progress: 135168/200009
2026-10-02 08:00:11,601 - INFO - Prompt processing progress: 137216/200009
2026-10-02 08:00:15,444 - INFO - Prompt processing progress: 139264/200009
2026-10-02 08:00:19,325 - INFO - Prompt processing progress: 141312/200009
2026-10-02 08:00:23,259 - INFO - Prompt processing progress: 143360/200009
2026-10-02 08:00:27,215 - INFO - Prompt processing progress: 145408/200009
2026-10-02 08:00:31,194 - INFO - Prompt processing progress: 147456/200009
2026-10-02 08:00:35,228 - INFO - Prompt processing progress: 149504/200009
2026-10-02 08:00:39,276 - INFO - Prompt processing progress: 151552/200009
2026-10-02 08:00:43,360 - INFO - Prompt processing progress: 153600/200009
2026-10-02 08:00:47,472 - INFO - Prompt processing progress: 155648/200009
2026-10-02 08:00:51,632 - INFO - Prompt processing progress: 157696/200009
2026-10-02 08:00:55,853 - INFO - Prompt processing progress: 159744/200009
2026-10-02 08:01:00,102 - INFO - Prompt processing progress: 161792/200009
2026-10-02 08:01:04,393 - INFO - Prompt processing progress: 163840/200009
2026-10-02 08:01:08,695 - INFO - Prompt processing progress: 165888/200009
2026-10-02 08:01:13,075 - INFO - Prompt processing progress: 167936/200009
2026-10-02 08:01:17,471 - INFO - Prompt processing progress: 169984/200009
2026-10-02 08:01:21,886 - INFO - Prompt processing progress: 172032/200009
2026-10-02 08:01:26,367 - INFO - Prompt processing progress: 174080/200009
2026-10-02 08:01:30,867 - INFO - Prompt processing progress: 176128/200009
2026-10-02 08:01:35,408 - INFO - Prompt processing progress: 178176/200009
2026-10-02 08:01:39,967 - INFO - Prompt processing progress: 180224/200009
2026-10-02 08:01:44,552 - INFO - Prompt processing progress: 182272/200009
2026-10-02 08:01:49,209 - INFO - Prompt processing progress: 184320/200009
2026-10-02 08:01:53,890 - INFO - Prompt processing progress: 186368/200009
2026-10-02 08:01:58,593 - INFO - Prompt processing progress: 188416/200009
2026-10-02 08:02:03,363 - INFO - Prompt processing progress: 190464/200009
2026-10-02 08:02:08,134 - INFO - Prompt processing progress: 192512/200009
2026-10-02 08:02:12,964 - INFO - Prompt processing progress: 194560/200009
2026-10-02 08:02:17,822 - INFO - Prompt processing progress: 196608/200009
2026-10-02 08:02:22,746 - INFO - Prompt processing progress: 198656/200009
2026-10-02 08:02:26,401 - INFO - Prompt processing progress: 200008/200009
2026-10-02 08:02:26,558 - INFO - Prompt processing progress: 200009/200009
127.0.0.1 - - [02/Oct/2026 08:02:28] "POST /v1/chat/completions HTTP/1.1" 200 -
2026-10-02 08:02:28,141 - INFO - Prompt Cache: 1 sequences, 17.24 GB
2026-10-02 08:02:28,141 - INFO - - assistant: 1 sequences, 17.24 GB
2026-10-02 08:02:28,141 - INFO - - user: 0 sequences, 0.00 GB
2026-10-02 08:02:28,141 - INFO - - system: 0 sequences, 0.00 GB
2026-10-02 08:02:28,254 - INFO - Prompt processing progress: 0/204305
2026-10-02 08:02:29,674 - INFO - Prompt processing progress: 2048/204305
2026-10-02 08:02:31,202 - INFO - Prompt processing progress: 4096/204305
2026-10-02 08:02:32,770 - INFO - Prompt processing progress: 6144/204305
2026-10-02 08:02:34,370 - INFO - Prompt processing progress: 8192/204305
2026-10-02 08:02:36,009 - INFO - Prompt processing progress: 10240/204305
2026-10-02 08:02:37,683 - INFO - Prompt processing progress: 12288/204305
2026-10-02 08:02:39,389 - INFO - Prompt processing progress: 14336/204305
2026-10-02 08:02:41,131 - INFO - Prompt processing progress: 16384/204305
2026-10-02 08:02:42,928 - INFO - Prompt processing progress: 18432/204305
2026-10-02 08:02:44,739 - INFO - Prompt processing progress: 20480/204305
2026-10-02 08:02:46,583 - INFO - Prompt processing progress: 22528/204305
2026-10-02 08:02:48,494 - INFO - Prompt processing progress: 24576/204305
2026-10-02 08:02:50,425 - INFO - Prompt processing progress: 26624/204305
2026-10-02 08:02:52,393 - INFO - Prompt processing progress: 28672/204305
2026-10-02 08:02:54,394 - INFO - Prompt processing progress: 30720/204305
2026-10-02 08:02:56,457 - INFO - Prompt processing progress: 32768/204305
2026-10-02 08:02:58,535 - INFO - Prompt processing progress: 34816/204305
2026-10-02 08:03:00,625 - INFO - Prompt processing progress: 36864/204305
2026-10-02 08:03:02,764 - INFO - Prompt processing progress: 38912/204305
2026-10-02 08:03:04,935 - INFO - Prompt processing progress: 40960/204305
2026-10-02 08:03:07,137 - INFO - Prompt processing progress: 43008/204305
2026-10-02 08:03:09,365 - INFO - Prompt processing progress: 45056/204305
2026-10-02 08:03:11,672 - INFO - Prompt processing progress: 47104/204305
2026-10-02 08:03:13,979 - INFO - Prompt processing progress: 49152/204305
2026-10-02 08:03:16,395 - INFO - Prompt processing progress: 51200/204305
2026-10-02 08:03:18,809 - INFO - Prompt processing progress: 53248/204305
2026-10-02 08:03:21,237 - INFO - Prompt processing progress: 55296/204305
2026-10-02 08:03:23,704 - INFO - Prompt processing progress: 57344/204305
2026-10-02 08:03:26,304 - INFO - Prompt processing progress: 59392/204305
2026-10-02 08:03:28,893 - INFO - Prompt processing progress: 61440/204305
2026-10-02 08:03:31,479 - INFO - Prompt processing progress: 63488/204305
2026-10-02 08:03:34,126 - INFO - Prompt processing progress: 65536/204305
2026-10-02 08:03:36,763 - INFO - Prompt processing progress: 67584/204305
2026-10-02 08:03:39,439 - INFO - Prompt processing progress: 69632/204305
2026-10-02 08:03:42,156 - INFO - Prompt processing progress: 71680/204305
2026-10-02 08:03:44,952 - INFO - Prompt processing progress: 73728/204305
2026-10-02 08:03:47,769 - INFO - Prompt processing progress: 75776/204305
2026-10-02 08:03:50,679 - INFO - Prompt processing progress: 77824/204305
2026-10-02 08:03:53,552 - INFO - Prompt processing progress: 79872/204305
2026-10-02 08:03:56,624 - INFO - Prompt processing progress: 81920/204305
2026-10-02 08:03:59,632 - INFO - Prompt processing progress: 83968/204305
2026-10-02 08:04:02,646 - INFO - Prompt processing progress: 86016/204305
2026-10-02 08:04:05,699 - INFO - Prompt processing progress: 88064/204305
2026-10-02 08:04:08,777 - INFO - Prompt processing progress: 90112/204305
2026-10-02 08:04:11,905 - INFO - Prompt processing progress: 92160/204305
2026-10-02 08:04:15,098 - INFO - Prompt processing progress: 94208/204305
2026-10-02 08:04:18,397 - INFO - Prompt processing progress: 96256/204305
2026-10-02 08:04:21,530 - INFO - Prompt processing progress: 98304/204305
2026-10-02 08:04:24,691 - INFO - Prompt processing progress: 100352/204305
2026-10-02 08:04:27,894 - INFO - Prompt processing progress: 102400/204305
2026-10-02 08:04:31,118 - INFO - Prompt processing progress: 104448/204305
2026-10-02 08:04:34,407 - INFO - Prompt processing progress: 106496/204305
2026-10-02 08:04:37,726 - INFO - Prompt processing progress: 108544/204305
2026-10-02 08:04:41,066 - INFO - Prompt processing progress: 110592/204305
2026-10-02 08:04:44,447 - INFO - Prompt processing progress: 112640/204305
2026-10-02 08:04:47,875 - INFO - Prompt processing progress: 114688/204305
2026-10-02 08:04:51,315 - INFO - Prompt processing progress: 116736/204305
2026-10-02 08:04:54,798 - INFO - Prompt processing progress: 118784/204305
2026-10-02 08:04:58,346 - INFO - Prompt processing progress: 120832/204305
2026-10-02 08:05:01,898 - INFO - Prompt processing progress: 122880/204305
2026-10-02 08:05:05,483 - INFO - Prompt processing progress: 124928/204305
2026-10-02 08:05:09,112 - INFO - Prompt processing progress: 126976/204305
2026-10-02 08:05:12,799 - INFO - Prompt processing progress: 129024/204305
2026-10-02 08:05:16,494 - INFO - Prompt processing progress: 131072/204305
2026-10-02 08:05:20,238 - INFO - Prompt processing progress: 133120/204305
2026-10-02 08:05:23,974 - INFO - Prompt processing progress: 135168/204305
2026-10-02 08:05:27,786 - INFO - Prompt processing progress: 137216/204305
2026-10-02 08:05:31,660 - INFO - Prompt processing progress: 139264/204305
2026-10-02 08:05:35,549 - INFO - Prompt processing progress: 141312/204305
2026-10-02 08:05:39,458 - INFO - Prompt processing progress: 143360/204305
2026-10-02 08:05:43,417 - INFO - Prompt processing progress: 145408/204305
2026-10-02 08:05:47,438 - INFO - Prompt processing progress: 147456/204305
2026-10-02 08:05:51,446 - INFO - Prompt processing progress: 149504/204305
2026-10-02 08:05:55,492 - INFO - Prompt processing progress: 151552/204305
2026-10-02 08:05:59,599 - INFO - Prompt processing progress: 153600/204305
2026-10-02 08:06:03,740 - INFO - Prompt processing progress: 155648/204305
2026-10-02 08:06:07,907 - INFO - Prompt processing progress: 157696/204305
2026-10-02 08:06:12,108 - INFO - Prompt processing progress: 159744/204305
2026-10-02 08:06:16,325 - INFO - Prompt processing progress: 161792/204305
2026-10-02 08:06:20,589 - INFO - Prompt processing progress: 163840/204305
2026-10-02 08:06:24,869 - INFO - Prompt processing progress: 165888/204305
2026-10-02 08:06:29,198 - INFO - Prompt processing progress: 167936/204305
2026-10-02 08:06:33,560 - INFO - Prompt processing progress: 169984/204305
2026-10-02 08:06:37,995 - INFO - Prompt processing progress: 172032/204305
2026-10-02 08:06:42,479 - INFO - Prompt processing progress: 174080/204305
2026-10-02 08:06:46,985 - INFO - Prompt processing progress: 176128/204305
2026-10-02 08:06:51,501 - INFO - Prompt processing progress: 178176/204305
2026-10-02 08:06:56,053 - INFO - Prompt processing progress: 180224/204305
2026-10-02 08:07:00,653 - INFO - Prompt processing progress: 182272/204305
2026-10-02 08:07:05,259 - INFO - Prompt processing progress: 184320/204305
2026-10-02 08:07:09,930 - INFO - Prompt processing progress: 186368/204305
2026-10-02 08:07:14,615 - INFO - Prompt processing progress: 188416/204305
2026-10-02 08:07:19,353 - INFO - Prompt processing progress: 190464/204305
2026-10-02 08:07:24,157 - INFO - Prompt processing progress: 192512/204305
2026-10-02 08:07:28,935 - INFO - Prompt processing progress: 194560/204305
2026-10-02 08:07:33,759 - INFO - Prompt processing progress: 196608/204305
2026-10-02 08:07:38,665 - INFO - Prompt processing progress: 198656/204305
2026-10-02 08:07:43,625 - INFO - Prompt processing progress: 200704/204305
2026-10-02 08:07:48,620 - INFO - Prompt processing progress: 202752/204305
2026-10-02 08:07:52,719 - INFO - Prompt processing progress: 204304/204305
2026-10-02 08:07:52,877 - INFO - Prompt processing progress: 204305/204305
127.0.0.1 - - [02/Oct/2026 08:08:27] "POST /v1/chat/completions HTTP/1.1" 200 -
2026-10-02 08:08:27,595 - INFO - Prompt Cache: 1 sequences, 17.64 GB
2026-10-02 08:08:27,595 - INFO - - assistant: 1 sequences, 17.64 GB
2026-10-02 08:08:27,595 - INFO - - user: 0 sequences, 0.00 GB
2026-10-02 08:08:27,595 - INFO - - system: 0 sequences, 0.00 GB
2026-10-02 08:08:27,709 - INFO - Prompt processing progress: 0/204854
2026-10-02 08:08:29,137 - INFO - Prompt processing progress: 2048/204854
2026-10-02 08:08:30,686 - INFO - Prompt processing progress: 4096/204854
2026-10-02 08:08:32,235 - INFO - Prompt processing progress: 6144/204854
2026-10-02 08:08:33,818 - INFO - Prompt processing progress: 8192/204854
2026-10-02 08:08:35,441 - INFO - Prompt processing progress: 10240/204854
2026-10-02 08:08:37,092 - INFO - Prompt processing progress: 12288/204854
2026-10-02 08:08:38,772 - INFO - Prompt processing progress: 14336/204854
2026-10-02 08:08:40,488 - INFO - Prompt processing progress: 16384/204854
2026-10-02 08:08:42,237 - INFO - Prompt processing progress: 18432/204854
2026-10-02 08:08:44,022 - INFO - Prompt processing progress: 20480/204854
2026-10-02 08:08:45,841 - INFO - Prompt processing progress: 22528/204854
2026-10-02 08:08:47,690 - INFO - Prompt processing progress: 24576/204854
2026-10-02 08:08:49,571 - INFO - Prompt processing progress: 26624/204854
2026-10-02 08:08:51,489 - INFO - Prompt processing progress: 28672/204854
2026-10-02 08:08:53,436 - INFO - Prompt processing progress: 30720/204854
2026-10-02 08:08:55,429 - INFO - Prompt processing progress: 32768/204854
2026-10-02 08:08:57,448 - INFO - Prompt processing progress: 34816/204854
2026-10-02 08:08:59,510 - INFO - Prompt processing progress: 36864/204854
2026-10-02 08:09:01,609 - INFO - Prompt processing progress: 38912/204854
2026-10-02 08:09:03,741 - INFO - Prompt processing progress: 40960/204854
2026-10-02 08:09:05,900 - INFO - Prompt processing progress: 43008/204854
2026-10-02 08:09:08,096 - INFO - Prompt processing progress: 45056/204854
2026-10-02 08:09:10,332 - INFO - Prompt processing progress: 47104/204854
2026-10-02 08:09:12,602 - INFO - Prompt processing progress: 49152/204854
2026-10-02 08:09:14,906 - INFO - Prompt processing progress: 51200/204854
2026-10-02 08:09:17,253 - INFO - Prompt processing progress: 53248/204854
2026-10-02 08:09:19,637 - INFO - Prompt processing progress: 55296/204854
2026-10-02 08:09:22,058 - INFO - Prompt processing progress: 57344/204854
2026-10-02 08:09:24,512 - INFO - Prompt processing progress: 59392/204854
2026-10-02 08:09:27,011 - INFO - Prompt processing progress: 61440/204854
2026-10-02 08:09:29,538 - INFO - Prompt processing progress: 63488/204854
2026-10-02 08:09:32,098 - INFO - Prompt processing progress: 65536/204854
2026-10-02 08:09:34,695 - INFO - Prompt processing progress: 67584/204854
2026-10-02 08:09:37,334 - INFO - Prompt processing progress: 69632/204854
2026-10-02 08:09:39,994 - INFO - Prompt processing progress: 71680/204854
2026-10-02 08:09:42,697 - INFO - Prompt processing progress: 73728/204854
2026-10-02 08:09:45,439 - INFO - Prompt processing progress: 75776/204854
2026-10-02 08:09:48,207 - INFO - Prompt processing progress: 77824/204854
2026-10-02 08:09:51,004 - INFO - Prompt processing progress: 79872/204854
2026-10-02 08:09:53,824 - INFO - Prompt processing progress: 81920/204854
2026-10-02 08:09:56,690 - INFO - Prompt processing progress: 83968/204854
2026-10-02 08:09:59,618 - INFO - Prompt processing progress: 86016/204854
2026-10-02 08:10:02,566 - INFO - Prompt processing progress: 88064/204854
2026-10-02 08:10:05,547 - INFO - Prompt processing progress: 90112/204854
2026-10-02 08:10:08,572 - INFO - Prompt processing progress: 92160/204854
2026-10-02 08:10:11,645 - INFO - Prompt processing progress: 94208/204854
2026-10-02 08:10:14,712 - INFO - Prompt processing progress: 96256/204854
2026-10-02 08:10:17,833 - INFO - Prompt processing progress: 98304/204854
2026-10-02 08:10:20,991 - INFO - Prompt processing progress: 100352/204854
2026-10-02 08:10:24,197 - INFO - Prompt processing progress: 102400/204854
2026-10-02 08:10:27,433 - INFO - Prompt processing progress: 104448/204854
2026-10-02 08:10:30,702 - INFO - Prompt processing progress: 106496/204854
2026-10-02 08:10:34,029 - INFO - Prompt processing progress: 108544/204854
2026-10-02 08:10:37,373 - INFO - Prompt processing progress: 110592/204854
2026-10-02 08:10:40,749 - INFO - Prompt processing progress: 112640/204854
2026-10-02 08:10:44,167 - INFO - Prompt processing progress: 114688/204854
2026-10-02 08:10:47,632 - INFO - Prompt processing progress: 116736/204854
2026-10-02 08:10:51,133 - INFO - Prompt processing progress: 118784/204854
2026-10-02 08:10:54,650 - INFO - Prompt processing progress: 120832/204854
2026-10-02 08:10:58,217 - INFO - Prompt processing progress: 122880/204854
2026-10-02 08:11:01,821 - INFO - Prompt processing progress: 124928/204854
2026-10-02 08:11:05,462 - INFO - Prompt processing progress: 126976/204854
2026-10-02 08:11:09,116 - INFO - Prompt processing progress: 129024/204854
2026-10-02 08:11:12,803 - INFO - Prompt processing progress: 131072/204854
2026-10-02 08:11:16,529 - INFO - Prompt processing progress: 133120/204854
2026-10-02 08:11:20,282 - INFO - Prompt processing progress: 135168/204854
2026-10-02 08:11:24,164 - INFO - Prompt processing progress: 137216/204854
2026-10-02 08:11:28,229 - INFO - Prompt processing progress: 139264/204854
2026-10-02 08:11:32,295 - INFO - Prompt processing progress: 141312/204854
2026-10-02 08:11:36,449 - INFO - Prompt processing progress: 143360/204854
2026-10-02 08:11:40,666 - INFO - Prompt processing progress: 145408/204854
2026-10-02 08:11:44,871 - INFO - Prompt processing progress: 147456/204854
2026-10-02 08:11:49,049 - INFO - Prompt processing progress: 149504/204854
2026-10-02 08:11:53,339 - INFO - Prompt processing progress: 151552/204854
2026-10-02 08:11:57,694 - INFO - Prompt processing progress: 153600/204854
2026-10-02 08:12:02,229 - INFO - Prompt processing progress: 155648/204854
2026-10-02 08:12:06,571 - INFO - Prompt processing progress: 157696/204854
2026-10-02 08:12:10,993 - INFO - Prompt processing progress: 159744/204854
2026-10-02 08:12:15,484 - INFO - Prompt processing progress: 161792/204854
2026-10-02 08:12:19,948 - INFO - Prompt processing progress: 163840/204854
2026-10-02 08:12:24,643 - INFO - Prompt processing progress: 165888/204854
2026-10-02 08:12:29,219 - INFO - Prompt processing progress: 167936/204854
2026-10-02 08:12:33,794 - INFO - Prompt processing progress: 169984/204854
2026-10-02 08:12:38,373 - INFO - Prompt processing progress: 172032/204854
2026-10-02 08:12:43,019 - INFO - Prompt processing progress: 174080/204854
2026-10-02 08:12:47,797 - INFO - Prompt processing progress: 176128/204854
2026-10-02 08:12:52,696 - INFO - Prompt processing progress: 178176/204854
2026-10-02 08:12:57,609 - INFO - Prompt processing progress: 180224/204854
2026-10-02 08:13:02,485 - INFO - Prompt processing progress: 182272/204854
2026-10-02 08:13:07,337 - INFO - Prompt processing progress: 184320/204854
2026-10-02 08:13:12,225 - INFO - Prompt processing progress: 186368/204854
2026-10-02 08:13:17,186 - INFO - Prompt processing progress: 188416/204854
2026-10-02 08:13:22,219 - INFO - Prompt processing progress: 190464/204854
2026-10-02 08:13:27,263 - INFO - Prompt processing progress: 192512/204854
2026-10-02 08:13:32,385 - INFO - Prompt processing progress: 194560/204854
2026-10-02 08:13:37,514 - INFO - Prompt processing progress: 196608/204854
2026-10-02 08:13:42,737 - INFO - Prompt processing progress: 198656/204854
2026-10-02 08:13:47,962 - INFO - Prompt processing progress: 200704/204854
2026-10-02 08:13:53,374 - INFO - Prompt processing progress: 202752/204854
2026-10-02 08:13:58,660 - INFO - Prompt processing progress: 204800/204854
2026-10-02 08:13:59,293 - INFO - Prompt processing progress: 204853/204854
2026-10-02 08:13:59,446 - INFO - Prompt processing progress: 204854/204854
