<repo>/vendor/vlm-runtime/.venv/lib/python3.12/site-packages/mlx_lm/server.py:1723: UserWarning: mlx_lm.server is not recommended for production as it only implements basic security checks.
  warnings.warn(
2026-10-01 21:15:03,646 - INFO - Starting httpd at 127.0.0.1 on port 18184...
127.0.0.1 - - [01/Oct/2026 21:15:04] "GET /v1/models HTTP/1.1" 200 -
127.0.0.1 - - [01/Oct/2026 21:15:05] "GET /v1/models HTTP/1.1" 200 -
[transformers] You are using a model of type `mimo_v2` to instantiate a model of type ``. This may be expected if you are loading a checkpoint that shares a subset of the architecture (e.g., loading a `sam2_video` checkpoint into `Sam2Model`), but is otherwise not supported and can yield errors. Please verify that the checkpoint is compatible with the model you are instantiating.
2026-10-01 21:15:14,579 - INFO - Prompt Cache: 0 sequences, 0.00 GB
2026-10-01 21:15:14,579 - INFO - - assistant: 0 sequences, 0.00 GB
2026-10-01 21:15:14,579 - INFO - - user: 0 sequences, 0.00 GB
2026-10-01 21:15:14,579 - INFO - - system: 0 sequences, 0.00 GB
127.0.0.1 - - [01/Oct/2026 21:15:14] "POST /v1/chat/completions HTTP/1.1" 200 -
2026-10-01 21:15:19,617 - INFO - Prompt processing progress: 575/594
2026-10-01 21:15:19,698 - INFO - Prompt processing progress: 593/594
2026-10-01 21:15:19,732 - INFO - Prompt processing progress: 594/594
2026-10-01 21:15:20,332 - INFO - Prompt Cache: 1 sequences, 0.13 GB
2026-10-01 21:15:20,332 - INFO - - assistant: 0 sequences, 0.00 GB
2026-10-01 21:15:20,332 - INFO - - user: 0 sequences, 0.00 GB
2026-10-01 21:15:20,332 - INFO - - system: 1 sequences, 0.13 GB
127.0.0.1 - - [01/Oct/2026 21:15:20] "POST /v1/chat/completions HTTP/1.1" 200 -
2026-10-01 21:15:20,714 - INFO - Prompt processing progress: 124/125
2026-10-01 21:15:20,737 - INFO - Prompt processing progress: 125/125
2026-10-01 21:15:21,433 - INFO - Prompt Cache: 1 sequences, 0.13 GB
2026-10-01 21:15:21,433 - INFO - - assistant: 0 sequences, 0.00 GB
2026-10-01 21:15:21,433 - INFO - - user: 0 sequences, 0.00 GB
2026-10-01 21:15:21,433 - INFO - - system: 1 sequences, 0.13 GB
127.0.0.1 - - [01/Oct/2026 21:15:21] "POST /v1/chat/completions HTTP/1.1" 200 -
2026-10-01 21:15:21,737 - INFO - Prompt processing progress: 215/216
2026-10-01 21:15:21,760 - INFO - Prompt processing progress: 216/216
2026-10-01 21:15:22,360 - INFO - Prompt Cache: 1 sequences, 0.13 GB
2026-10-01 21:15:22,360 - INFO - - assistant: 0 sequences, 0.00 GB
2026-10-01 21:15:22,360 - INFO - - user: 0 sequences, 0.00 GB
2026-10-01 21:15:22,360 - INFO - - system: 1 sequences, 0.13 GB
127.0.0.1 - - [01/Oct/2026 21:15:22] "POST /v1/chat/completions HTTP/1.1" 200 -
2026-10-01 21:15:22,702 - INFO - Prompt processing progress: 309/310
2026-10-01 21:15:22,725 - INFO - Prompt processing progress: 310/310
2026-10-01 21:15:23,774 - INFO - Prompt Cache: 1 sequences, 0.13 GB
2026-10-01 21:15:23,774 - INFO - - assistant: 0 sequences, 0.00 GB
2026-10-01 21:15:23,774 - INFO - - user: 0 sequences, 0.00 GB
2026-10-01 21:15:23,774 - INFO - - system: 1 sequences, 0.13 GB
127.0.0.1 - - [01/Oct/2026 21:15:23] "POST /v1/chat/completions HTTP/1.1" 200 -
2026-10-01 21:15:24,178 - INFO - Prompt processing progress: 462/463
2026-10-01 21:15:24,203 - INFO - Prompt processing progress: 463/463
2026-10-01 21:15:25,056 - INFO - Prompt Cache: 1 sequences, 0.13 GB
2026-10-01 21:15:25,057 - INFO - - assistant: 0 sequences, 0.00 GB
2026-10-01 21:15:25,057 - INFO - - user: 0 sequences, 0.00 GB
2026-10-01 21:15:25,057 - INFO - - system: 1 sequences, 0.13 GB
127.0.0.1 - - [01/Oct/2026 21:15:25] "POST /v1/chat/completions HTTP/1.1" 200 -
2026-10-01 21:15:25,312 - INFO - Prompt processing progress: 129/734
2026-10-01 21:15:25,728 - INFO - Prompt processing progress: 733/734
2026-10-01 21:15:25,751 - INFO - Prompt processing progress: 734/734
