<repo>/vendor/vlm-runtime/.venv/lib/python3.12/site-packages/mlx_lm/server.py:1723: UserWarning: mlx_lm.server is not recommended for production as it only implements basic security checks.
  warnings.warn(
2026-10-01 18:33:36,334 - INFO - Starting httpd at 127.0.0.1 on port 18185...
127.0.0.1 - - [01/Oct/2026 18:33:36] "GET /v1/models HTTP/1.1" 200 -
----------------------------------------
Exception occurred during processing of request from ('127.0.0.1', 59127)
Traceback (most recent call last):
  File "<m5-home>/.local/share/uv/python/cpython-3.12.13-macos-aarch64-none/lib/python3.12/socketserver.py", line 697, in process_request_thread
    self.finish_request(request, client_address)
  File "<m5-home>/.local/share/uv/python/cpython-3.12.13-macos-aarch64-none/lib/python3.12/socketserver.py", line 362, in finish_request
    self.RequestHandlerClass(request, client_address, self)
  File "<repo>/vendor/vlm-runtime/.venv/lib/python3.12/site-packages/mlx_lm/server.py", line 1716, in <lambda>
    lambda *args, **kwargs: handler_class(
                            ^^^^^^^^^^^^^^
  File "<repo>/vendor/vlm-runtime/.venv/lib/python3.12/site-packages/mlx_lm/server.py", line 1073, in __init__
    super().__init__(*args, **kwargs)
  File "<m5-home>/.local/share/uv/python/cpython-3.12.13-macos-aarch64-none/lib/python3.12/socketserver.py", line 766, in __init__
    self.handle()
  File "<m5-home>/.local/share/uv/python/cpython-3.12.13-macos-aarch64-none/lib/python3.12/http/server.py", line 440, in handle
    self.handle_one_request()
  File "<m5-home>/.local/share/uv/python/cpython-3.12.13-macos-aarch64-none/lib/python3.12/http/server.py", line 428, in handle_one_request
    method()
  File "<repo>/vendor/vlm-runtime/.venv/lib/python3.12/site-packages/mlx_lm/server.py", line 1625, in do_GET
    self.handle_models_request()
  File "<repo>/vendor/vlm-runtime/.venv/lib/python3.12/site-packages/mlx_lm/server.py", line 1668, in handle_models_request
    hf_cache_info = scan_cache_dir()
                    ^^^^^^^^^^^^^^^^
  File "<repo>/vendor/vlm-runtime/.venv/lib/python3.12/site-packages/huggingface_hub/utils/_cache_manager.py", line 777, in scan_cache_dir
    raise CacheNotFound(
huggingface_hub.errors.CacheNotFound: Cache directory not found: <repo>/.cache/huggingface/hub. Please use `cache_dir` argument or set `HF_HUB_CACHE` environment variable.
----------------------------------------
127.0.0.1 - - [01/Oct/2026 18:33:37] "POST /v1/chat/completions HTTP/1.1" 200 -
2026-10-01 18:33:37,569 - INFO - Prompt Cache: 0 sequences, 0.00 GB
2026-10-01 18:33:37,569 - INFO - - assistant: 0 sequences, 0.00 GB
2026-10-01 18:33:37,569 - INFO - - user: 0 sequences, 0.00 GB
2026-10-01 18:33:37,569 - INFO - - system: 0 sequences, 0.00 GB
2026-10-01 18:33:37,654 - INFO - Prompt processing progress: 0/200001
2026-10-01 18:33:37,872 - INFO - Prompt processing progress: 2048/200001
2026-10-01 18:33:38,090 - INFO - Prompt processing progress: 4096/200001
2026-10-01 18:33:38,316 - INFO - Prompt processing progress: 6144/200001
2026-10-01 18:33:38,549 - INFO - Prompt processing progress: 8192/200001
2026-10-01 18:33:38,793 - INFO - Prompt processing progress: 10240/200001
2026-10-01 18:33:39,047 - INFO - Prompt processing progress: 12288/200001
2026-10-01 18:33:39,311 - INFO - Prompt processing progress: 14336/200001
2026-10-01 18:33:39,583 - INFO - Prompt processing progress: 16384/200001
2026-10-01 18:33:39,864 - INFO - Prompt processing progress: 18432/200001
2026-10-01 18:33:40,155 - INFO - Prompt processing progress: 20480/200001
2026-10-01 18:33:40,457 - INFO - Prompt processing progress: 22528/200001
2026-10-01 18:33:40,767 - INFO - Prompt processing progress: 24576/200001
2026-10-01 18:33:41,088 - INFO - Prompt processing progress: 26624/200001
2026-10-01 18:33:41,419 - INFO - Prompt processing progress: 28672/200001
2026-10-01 18:33:41,759 - INFO - Prompt processing progress: 30720/200001
2026-10-01 18:33:42,108 - INFO - Prompt processing progress: 32768/200001
2026-10-01 18:33:42,467 - INFO - Prompt processing progress: 34816/200001
2026-10-01 18:33:42,834 - INFO - Prompt processing progress: 36864/200001
2026-10-01 18:33:43,212 - INFO - Prompt processing progress: 38912/200001
2026-10-01 18:33:43,601 - INFO - Prompt processing progress: 40960/200001
2026-10-01 18:33:43,999 - INFO - Prompt processing progress: 43008/200001
2026-10-01 18:33:44,406 - INFO - Prompt processing progress: 45056/200001
2026-10-01 18:33:44,825 - INFO - Prompt processing progress: 47104/200001
2026-10-01 18:33:45,251 - INFO - Prompt processing progress: 49152/200001
2026-10-01 18:33:45,689 - INFO - Prompt processing progress: 51200/200001
2026-10-01 18:33:46,137 - INFO - Prompt processing progress: 53248/200001
2026-10-01 18:33:46,593 - INFO - Prompt processing progress: 55296/200001
2026-10-01 18:33:47,056 - INFO - Prompt processing progress: 57344/200001
2026-10-01 18:33:47,532 - INFO - Prompt processing progress: 59392/200001
2026-10-01 18:33:48,019 - INFO - Prompt processing progress: 61440/200001
2026-10-01 18:33:48,517 - INFO - Prompt processing progress: 63488/200001
2026-10-01 18:33:49,023 - INFO - Prompt processing progress: 65536/200001
2026-10-01 18:33:49,539 - INFO - Prompt processing progress: 67584/200001
2026-10-01 18:33:50,065 - INFO - Prompt processing progress: 69632/200001
2026-10-01 18:33:50,602 - INFO - Prompt processing progress: 71680/200001
2026-10-01 18:33:51,148 - INFO - Prompt processing progress: 73728/200001
2026-10-01 18:33:51,703 - INFO - Prompt processing progress: 75776/200001
2026-10-01 18:33:52,269 - INFO - Prompt processing progress: 77824/200001
2026-10-01 18:33:52,843 - INFO - Prompt processing progress: 79872/200001
2026-10-01 18:33:53,425 - INFO - Prompt processing progress: 81920/200001
2026-10-01 18:33:54,021 - INFO - Prompt processing progress: 83968/200001
2026-10-01 18:33:54,625 - INFO - Prompt processing progress: 86016/200001
2026-10-01 18:33:55,241 - INFO - Prompt processing progress: 88064/200001
2026-10-01 18:33:55,863 - INFO - Prompt processing progress: 90112/200001
2026-10-01 18:33:56,496 - INFO - Prompt processing progress: 92160/200001
2026-10-01 18:33:57,138 - INFO - Prompt processing progress: 94208/200001
2026-10-01 18:33:57,790 - INFO - Prompt processing progress: 96256/200001
2026-10-01 18:33:58,443 - INFO - Prompt processing progress: 98304/200001
2026-10-01 18:33:59,104 - INFO - Prompt processing progress: 100352/200001
2026-10-01 18:33:59,790 - INFO - Prompt processing progress: 102400/200001
2026-10-01 18:34:00,485 - INFO - Prompt processing progress: 104448/200001
2026-10-01 18:34:01,190 - INFO - Prompt processing progress: 106496/200001
2026-10-01 18:34:01,901 - INFO - Prompt processing progress: 108544/200001
2026-10-01 18:34:02,625 - INFO - Prompt processing progress: 110592/200001
2026-10-01 18:34:03,360 - INFO - Prompt processing progress: 112640/200001
2026-10-01 18:34:04,106 - INFO - Prompt processing progress: 114688/200001
2026-10-01 18:34:04,857 - INFO - Prompt processing progress: 116736/200001
2026-10-01 18:34:05,618 - INFO - Prompt processing progress: 118784/200001
2026-10-01 18:34:06,389 - INFO - Prompt processing progress: 120832/200001
2026-10-01 18:34:07,171 - INFO - Prompt processing progress: 122880/200001
2026-10-01 18:34:07,965 - INFO - Prompt processing progress: 124928/200001
2026-10-01 18:34:08,764 - INFO - Prompt processing progress: 126976/200001
2026-10-01 18:34:09,576 - INFO - Prompt processing progress: 129024/200001
2026-10-01 18:34:10,400 - INFO - Prompt processing progress: 131072/200001
2026-10-01 18:34:11,227 - INFO - Prompt processing progress: 133120/200001
2026-10-01 18:34:12,070 - INFO - Prompt processing progress: 135168/200001
2026-10-01 18:34:12,924 - INFO - Prompt processing progress: 137216/200001
2026-10-01 18:34:13,789 - INFO - Prompt processing progress: 139264/200001
2026-10-01 18:34:14,662 - INFO - Prompt processing progress: 141312/200001
2026-10-01 18:34:15,546 - INFO - Prompt processing progress: 143360/200001
2026-10-01 18:34:16,440 - INFO - Prompt processing progress: 145408/200001
2026-10-01 18:34:17,344 - INFO - Prompt processing progress: 147456/200001
2026-10-01 18:34:18,258 - INFO - Prompt processing progress: 149504/200001
2026-10-01 18:34:19,183 - INFO - Prompt processing progress: 151552/200001
2026-10-01 18:34:20,117 - INFO - Prompt processing progress: 153600/200001
2026-10-01 18:34:21,058 - INFO - Prompt processing progress: 155648/200001
2026-10-01 18:34:22,007 - INFO - Prompt processing progress: 157696/200001
2026-10-01 18:34:22,970 - INFO - Prompt processing progress: 159744/200001
2026-10-01 18:34:23,942 - INFO - Prompt processing progress: 161792/200001
2026-10-01 18:34:24,922 - INFO - Prompt processing progress: 163840/200001
2026-10-01 18:34:25,918 - INFO - Prompt processing progress: 165888/200001
2026-10-01 18:34:26,918 - INFO - Prompt processing progress: 167936/200001
2026-10-01 18:34:27,932 - INFO - Prompt processing progress: 169984/200001
2026-10-01 18:34:28,958 - INFO - Prompt processing progress: 172032/200001
2026-10-01 18:34:29,984 - INFO - Prompt processing progress: 174080/200001
2026-10-01 18:34:31,023 - INFO - Prompt processing progress: 176128/200001
2026-10-01 18:34:32,073 - INFO - Prompt processing progress: 178176/200001
2026-10-01 18:34:33,134 - INFO - Prompt processing progress: 180224/200001
2026-10-01 18:34:34,223 - INFO - Prompt processing progress: 182272/200001
2026-10-01 18:34:35,302 - INFO - Prompt processing progress: 184320/200001
2026-10-01 18:34:36,395 - INFO - Prompt processing progress: 186368/200001
2026-10-01 18:34:37,497 - INFO - Prompt processing progress: 188416/200001
2026-10-01 18:34:38,610 - INFO - Prompt processing progress: 190464/200001
2026-10-01 18:34:39,732 - INFO - Prompt processing progress: 192512/200001
2026-10-01 18:34:40,872 - INFO - Prompt processing progress: 194560/200001
2026-10-01 18:34:42,004 - INFO - Prompt processing progress: 196608/200001
2026-10-01 18:34:43,151 - INFO - Prompt processing progress: 198656/200001
2026-10-01 18:34:44,007 - INFO - Prompt processing progress: 200000/200001
2026-10-01 18:34:44,045 - INFO - Prompt processing progress: 200001/200001
127.0.0.1 - - [01/Oct/2026 18:34:44] "POST /v1/chat/completions HTTP/1.1" 200 -
2026-10-01 18:34:44,394 - INFO - Prompt Cache: 1 sequences, 4.16 GB
2026-10-01 18:34:44,394 - INFO - - assistant: 1 sequences, 4.16 GB
2026-10-01 18:34:44,394 - INFO - - user: 0 sequences, 0.00 GB
2026-10-01 18:34:44,394 - INFO - - system: 0 sequences, 0.00 GB
2026-10-01 18:34:44,493 - INFO - Prompt processing progress: 0/203658
2026-10-01 18:34:44,707 - INFO - Prompt processing progress: 2048/203658
2026-10-01 18:34:44,927 - INFO - Prompt processing progress: 4096/203658
2026-10-01 18:34:45,158 - INFO - Prompt processing progress: 6144/203658
2026-10-01 18:34:45,395 - INFO - Prompt processing progress: 8192/203658
2026-10-01 18:34:45,641 - INFO - Prompt processing progress: 10240/203658
2026-10-01 18:34:45,896 - INFO - Prompt processing progress: 12288/203658
2026-10-01 18:34:46,160 - INFO - Prompt processing progress: 14336/203658
2026-10-01 18:34:46,433 - INFO - Prompt processing progress: 16384/203658
2026-10-01 18:34:46,716 - INFO - Prompt processing progress: 18432/203658
2026-10-01 18:34:47,009 - INFO - Prompt processing progress: 20480/203658
2026-10-01 18:34:47,312 - INFO - Prompt processing progress: 22528/203658
2026-10-01 18:34:47,625 - INFO - Prompt processing progress: 24576/203658
2026-10-01 18:34:47,946 - INFO - Prompt processing progress: 26624/203658
2026-10-01 18:34:48,278 - INFO - Prompt processing progress: 28672/203658
2026-10-01 18:34:48,618 - INFO - Prompt processing progress: 30720/203658
2026-10-01 18:34:48,968 - INFO - Prompt processing progress: 32768/203658
2026-10-01 18:34:49,327 - INFO - Prompt processing progress: 34816/203658
2026-10-01 18:34:49,695 - INFO - Prompt processing progress: 36864/203658
2026-10-01 18:34:50,074 - INFO - Prompt processing progress: 38912/203658
2026-10-01 18:34:50,463 - INFO - Prompt processing progress: 40960/203658
2026-10-01 18:34:50,862 - INFO - Prompt processing progress: 43008/203658
2026-10-01 18:34:51,270 - INFO - Prompt processing progress: 45056/203658
2026-10-01 18:34:51,688 - INFO - Prompt processing progress: 47104/203658
2026-10-01 18:34:52,116 - INFO - Prompt processing progress: 49152/203658
2026-10-01 18:34:52,555 - INFO - Prompt processing progress: 51200/203658
2026-10-01 18:34:53,004 - INFO - Prompt processing progress: 53248/203658
2026-10-01 18:34:53,460 - INFO - Prompt processing progress: 55296/203658
2026-10-01 18:34:53,928 - INFO - Prompt processing progress: 57344/203658
2026-10-01 18:34:54,407 - INFO - Prompt processing progress: 59392/203658
2026-10-01 18:34:54,893 - INFO - Prompt processing progress: 61440/203658
2026-10-01 18:34:55,391 - INFO - Prompt processing progress: 63488/203658
2026-10-01 18:34:55,897 - INFO - Prompt processing progress: 65536/203658
2026-10-01 18:34:56,413 - INFO - Prompt processing progress: 67584/203658
2026-10-01 18:34:56,942 - INFO - Prompt processing progress: 69632/203658
2026-10-01 18:34:57,480 - INFO - Prompt processing progress: 71680/203658
2026-10-01 18:34:58,024 - INFO - Prompt processing progress: 73728/203658
2026-10-01 18:34:58,574 - INFO - Prompt processing progress: 75776/203658
2026-10-01 18:34:59,133 - INFO - Prompt processing progress: 77824/203658
2026-10-01 18:34:59,700 - INFO - Prompt processing progress: 79872/203658
2026-10-01 18:35:00,285 - INFO - Prompt processing progress: 81920/203658
2026-10-01 18:35:00,883 - INFO - Prompt processing progress: 83968/203658
2026-10-01 18:35:01,487 - INFO - Prompt processing progress: 86016/203658
2026-10-01 18:35:02,099 - INFO - Prompt processing progress: 88064/203658
2026-10-01 18:35:02,721 - INFO - Prompt processing progress: 90112/203658
2026-10-01 18:35:03,356 - INFO - Prompt processing progress: 92160/203658
2026-10-01 18:35:04,001 - INFO - Prompt processing progress: 94208/203658
2026-10-01 18:35:04,657 - INFO - Prompt processing progress: 96256/203658
2026-10-01 18:35:05,319 - INFO - Prompt processing progress: 98304/203658
2026-10-01 18:35:05,993 - INFO - Prompt processing progress: 100352/203658
2026-10-01 18:35:06,680 - INFO - Prompt processing progress: 102400/203658
2026-10-01 18:35:07,374 - INFO - Prompt processing progress: 104448/203658
2026-10-01 18:35:08,078 - INFO - Prompt processing progress: 106496/203658
2026-10-01 18:35:08,791 - INFO - Prompt processing progress: 108544/203658
2026-10-01 18:35:09,519 - INFO - Prompt processing progress: 110592/203658
2026-10-01 18:35:10,251 - INFO - Prompt processing progress: 112640/203658
2026-10-01 18:35:10,999 - INFO - Prompt processing progress: 114688/203658
2026-10-01 18:35:11,749 - INFO - Prompt processing progress: 116736/203658
2026-10-01 18:35:12,511 - INFO - Prompt processing progress: 118784/203658
2026-10-01 18:35:13,285 - INFO - Prompt processing progress: 120832/203658
2026-10-01 18:35:14,073 - INFO - Prompt processing progress: 122880/203658
2026-10-01 18:35:14,865 - INFO - Prompt processing progress: 124928/203658
2026-10-01 18:35:15,669 - INFO - Prompt processing progress: 126976/203658
2026-10-01 18:35:16,485 - INFO - Prompt processing progress: 129024/203658
2026-10-01 18:35:17,308 - INFO - Prompt processing progress: 131072/203658
2026-10-01 18:35:18,140 - INFO - Prompt processing progress: 133120/203658
2026-10-01 18:35:18,985 - INFO - Prompt processing progress: 135168/203658
2026-10-01 18:35:19,836 - INFO - Prompt processing progress: 137216/203658
2026-10-01 18:35:20,693 - INFO - Prompt processing progress: 139264/203658
2026-10-01 18:35:21,566 - INFO - Prompt processing progress: 141312/203658
2026-10-01 18:35:22,450 - INFO - Prompt processing progress: 143360/203658
2026-10-01 18:35:23,340 - INFO - Prompt processing progress: 145408/203658
2026-10-01 18:35:24,240 - INFO - Prompt processing progress: 147456/203658
2026-10-01 18:35:25,154 - INFO - Prompt processing progress: 149504/203658
2026-10-01 18:35:26,076 - INFO - Prompt processing progress: 151552/203658
2026-10-01 18:35:27,005 - INFO - Prompt processing progress: 153600/203658
2026-10-01 18:35:27,943 - INFO - Prompt processing progress: 155648/203658
2026-10-01 18:35:28,897 - INFO - Prompt processing progress: 157696/203658
2026-10-01 18:35:29,857 - INFO - Prompt processing progress: 159744/203658
2026-10-01 18:35:30,825 - INFO - Prompt processing progress: 161792/203658
2026-10-01 18:35:31,812 - INFO - Prompt processing progress: 163840/203658
2026-10-01 18:35:32,802 - INFO - Prompt processing progress: 165888/203658
2026-10-01 18:35:33,805 - INFO - Prompt processing progress: 167936/203658
2026-10-01 18:35:34,816 - INFO - Prompt processing progress: 169984/203658
2026-10-01 18:35:35,841 - INFO - Prompt processing progress: 172032/203658
2026-10-01 18:35:36,876 - INFO - Prompt processing progress: 174080/203658
2026-10-01 18:35:37,916 - INFO - Prompt processing progress: 176128/203658
2026-10-01 18:35:38,971 - INFO - Prompt processing progress: 178176/203658
2026-10-01 18:35:40,036 - INFO - Prompt processing progress: 180224/203658
2026-10-01 18:35:41,108 - INFO - Prompt processing progress: 182272/203658
2026-10-01 18:35:42,191 - INFO - Prompt processing progress: 184320/203658
2026-10-01 18:35:43,284 - INFO - Prompt processing progress: 186368/203658
2026-10-01 18:35:44,386 - INFO - Prompt processing progress: 188416/203658
2026-10-01 18:35:45,496 - INFO - Prompt processing progress: 190464/203658
2026-10-01 18:35:46,621 - INFO - Prompt processing progress: 192512/203658
2026-10-01 18:35:47,753 - INFO - Prompt processing progress: 194560/203658
2026-10-01 18:35:48,901 - INFO - Prompt processing progress: 196608/203658
2026-10-01 18:35:50,059 - INFO - Prompt processing progress: 198656/203658
2026-10-01 18:35:51,224 - INFO - Prompt processing progress: 200704/203658
2026-10-01 18:35:52,398 - INFO - Prompt processing progress: 202752/203658
2026-10-01 18:35:53,362 - INFO - Prompt processing progress: 203657/203658
2026-10-01 18:35:53,402 - INFO - Prompt processing progress: 203658/203658
127.0.0.1 - - [01/Oct/2026 18:35:57] "POST /v1/chat/completions HTTP/1.1" 200 -
2026-10-01 18:35:57,965 - INFO - Prompt Cache: 1 sequences, 4.24 GB
2026-10-01 18:35:57,965 - INFO - - assistant: 1 sequences, 4.24 GB
2026-10-01 18:35:57,965 - INFO - - user: 0 sequences, 0.00 GB
2026-10-01 18:35:57,965 - INFO - - system: 0 sequences, 0.00 GB
2026-10-01 18:35:58,063 - INFO - Prompt processing progress: 0/204028
2026-10-01 18:35:58,282 - INFO - Prompt processing progress: 2048/204028
2026-10-01 18:35:58,502 - INFO - Prompt processing progress: 4096/204028
2026-10-01 18:35:58,730 - INFO - Prompt processing progress: 6144/204028
2026-10-01 18:35:58,968 - INFO - Prompt processing progress: 8192/204028
2026-10-01 18:35:59,216 - INFO - Prompt processing progress: 10240/204028
2026-10-01 18:35:59,471 - INFO - Prompt processing progress: 12288/204028
2026-10-01 18:35:59,737 - INFO - Prompt processing progress: 14336/204028
2026-10-01 18:36:00,010 - INFO - Prompt processing progress: 16384/204028
2026-10-01 18:36:00,292 - INFO - Prompt processing progress: 18432/204028
2026-10-01 18:36:00,583 - INFO - Prompt processing progress: 20480/204028
2026-10-01 18:36:00,883 - INFO - Prompt processing progress: 22528/204028
2026-10-01 18:36:01,195 - INFO - Prompt processing progress: 24576/204028
2026-10-01 18:36:01,515 - INFO - Prompt processing progress: 26624/204028
2026-10-01 18:36:01,846 - INFO - Prompt processing progress: 28672/204028
2026-10-01 18:36:02,186 - INFO - Prompt processing progress: 30720/204028
2026-10-01 18:36:02,535 - INFO - Prompt processing progress: 32768/204028
2026-10-01 18:36:02,895 - INFO - Prompt processing progress: 34816/204028
2026-10-01 18:36:03,263 - INFO - Prompt processing progress: 36864/204028
2026-10-01 18:36:03,641 - INFO - Prompt processing progress: 38912/204028
2026-10-01 18:36:04,030 - INFO - Prompt processing progress: 40960/204028
2026-10-01 18:36:04,426 - INFO - Prompt processing progress: 43008/204028
2026-10-01 18:36:04,834 - INFO - Prompt processing progress: 45056/204028
2026-10-01 18:36:05,251 - INFO - Prompt processing progress: 47104/204028
2026-10-01 18:36:05,680 - INFO - Prompt processing progress: 49152/204028
2026-10-01 18:36:06,116 - INFO - Prompt processing progress: 51200/204028
2026-10-01 18:36:06,564 - INFO - Prompt processing progress: 53248/204028
2026-10-01 18:36:07,022 - INFO - Prompt processing progress: 55296/204028
2026-10-01 18:36:07,489 - INFO - Prompt processing progress: 57344/204028
2026-10-01 18:36:07,965 - INFO - Prompt processing progress: 59392/204028
2026-10-01 18:36:08,453 - INFO - Prompt processing progress: 61440/204028
2026-10-01 18:36:08,952 - INFO - Prompt processing progress: 63488/204028
2026-10-01 18:36:09,455 - INFO - Prompt processing progress: 65536/204028
2026-10-01 18:36:09,972 - INFO - Prompt processing progress: 67584/204028
2026-10-01 18:36:10,500 - INFO - Prompt processing progress: 69632/204028
2026-10-01 18:36:11,036 - INFO - Prompt processing progress: 71680/204028
2026-10-01 18:36:11,583 - INFO - Prompt processing progress: 73728/204028
2026-10-01 18:36:12,140 - INFO - Prompt processing progress: 75776/204028
2026-10-01 18:36:12,707 - INFO - Prompt processing progress: 77824/204028
2026-10-01 18:36:13,282 - INFO - Prompt processing progress: 79872/204028
2026-10-01 18:36:13,869 - INFO - Prompt processing progress: 81920/204028
2026-10-01 18:36:14,466 - INFO - Prompt processing progress: 83968/204028
2026-10-01 18:36:15,070 - INFO - Prompt processing progress: 86016/204028
2026-10-01 18:36:15,685 - INFO - Prompt processing progress: 88064/204028
2026-10-01 18:36:16,312 - INFO - Prompt processing progress: 90112/204028
2026-10-01 18:36:16,947 - INFO - Prompt processing progress: 92160/204028
2026-10-01 18:36:17,594 - INFO - Prompt processing progress: 94208/204028
2026-10-01 18:36:18,250 - INFO - Prompt processing progress: 96256/204028
2026-10-01 18:36:18,913 - INFO - Prompt processing progress: 98304/204028
2026-10-01 18:36:19,587 - INFO - Prompt processing progress: 100352/204028
2026-10-01 18:36:20,272 - INFO - Prompt processing progress: 102400/204028
2026-10-01 18:36:20,969 - INFO - Prompt processing progress: 104448/204028
2026-10-01 18:36:21,673 - INFO - Prompt processing progress: 106496/204028
2026-10-01 18:36:22,384 - INFO - Prompt processing progress: 108544/204028
2026-10-01 18:36:23,110 - INFO - Prompt processing progress: 110592/204028
2026-10-01 18:36:23,847 - INFO - Prompt processing progress: 112640/204028
2026-10-01 18:36:24,592 - INFO - Prompt processing progress: 114688/204028
2026-10-01 18:36:25,347 - INFO - Prompt processing progress: 116736/204028
2026-10-01 18:36:26,113 - INFO - Prompt processing progress: 118784/204028
2026-10-01 18:36:26,882 - INFO - Prompt processing progress: 120832/204028
2026-10-01 18:36:27,665 - INFO - Prompt processing progress: 122880/204028
2026-10-01 18:36:28,458 - INFO - Prompt processing progress: 124928/204028
2026-10-01 18:36:29,265 - INFO - Prompt processing progress: 126976/204028
2026-10-01 18:36:30,078 - INFO - Prompt processing progress: 129024/204028
2026-10-01 18:36:30,893 - INFO - Prompt processing progress: 131072/204028
2026-10-01 18:36:31,731 - INFO - Prompt processing progress: 133120/204028
2026-10-01 18:36:32,572 - INFO - Prompt processing progress: 135168/204028
2026-10-01 18:36:33,428 - INFO - Prompt processing progress: 137216/204028
2026-10-01 18:36:34,294 - INFO - Prompt processing progress: 139264/204028
2026-10-01 18:36:35,167 - INFO - Prompt processing progress: 141312/204028
2026-10-01 18:36:36,048 - INFO - Prompt processing progress: 143360/204028
2026-10-01 18:36:36,945 - INFO - Prompt processing progress: 145408/204028
2026-10-01 18:36:37,850 - INFO - Prompt processing progress: 147456/204028
2026-10-01 18:36:38,761 - INFO - Prompt processing progress: 149504/204028
2026-10-01 18:36:39,683 - INFO - Prompt processing progress: 151552/204028
2026-10-01 18:36:40,615 - INFO - Prompt processing progress: 153600/204028
2026-10-01 18:36:41,557 - INFO - Prompt processing progress: 155648/204028
2026-10-01 18:36:42,512 - INFO - Prompt processing progress: 157696/204028
2026-10-01 18:36:43,475 - INFO - Prompt processing progress: 159744/204028
2026-10-01 18:36:44,444 - INFO - Prompt processing progress: 161792/204028
2026-10-01 18:36:45,425 - INFO - Prompt processing progress: 163840/204028
2026-10-01 18:36:46,417 - INFO - Prompt processing progress: 165888/204028
2026-10-01 18:36:47,419 - INFO - Prompt processing progress: 167936/204028
2026-10-01 18:36:48,436 - INFO - Prompt processing progress: 169984/204028
2026-10-01 18:36:49,460 - INFO - Prompt processing progress: 172032/204028
2026-10-01 18:36:50,493 - INFO - Prompt processing progress: 174080/204028
2026-10-01 18:36:51,532 - INFO - Prompt processing progress: 176128/204028
2026-10-01 18:36:52,588 - INFO - Prompt processing progress: 178176/204028
2026-10-01 18:36:53,653 - INFO - Prompt processing progress: 180224/204028
2026-10-01 18:36:54,728 - INFO - Prompt processing progress: 182272/204028
2026-10-01 18:36:55,814 - INFO - Prompt processing progress: 184320/204028
2026-10-01 18:36:56,907 - INFO - Prompt processing progress: 186368/204028
2026-10-01 18:36:57,995 - INFO - Prompt processing progress: 188416/204028
2026-10-01 18:36:59,111 - INFO - Prompt processing progress: 190464/204028
2026-10-01 18:37:00,199 - INFO - Prompt processing progress: 192512/204028
2026-10-01 18:37:01,331 - INFO - Prompt processing progress: 194560/204028
2026-10-01 18:37:02,477 - INFO - Prompt processing progress: 196608/204028
2026-10-01 18:37:03,632 - INFO - Prompt processing progress: 198656/204028
2026-10-01 18:37:04,795 - INFO - Prompt processing progress: 200704/204028
2026-10-01 18:37:05,975 - INFO - Prompt processing progress: 202752/204028
2026-10-01 18:37:06,643 - INFO - Prompt processing progress: 204027/204028
2026-10-01 18:37:06,676 - INFO - Prompt processing progress: 204028/204028
127.0.0.1 - - [01/Oct/2026 18:37:09] "POST /v1/chat/completions HTTP/1.1" 200 -
2026-10-01 18:37:09,315 - INFO - Prompt Cache: 1 sequences, 4.25 GB
2026-10-01 18:37:09,315 - INFO - - assistant: 1 sequences, 4.25 GB
2026-10-01 18:37:09,315 - INFO - - user: 0 sequences, 0.00 GB
2026-10-01 18:37:09,315 - INFO - - system: 0 sequences, 0.00 GB
2026-10-01 18:37:09,412 - INFO - Prompt processing progress: 0/204547
2026-10-01 18:37:09,846 - INFO - Prompt processing progress: 2048/204547
2026-10-01 18:37:10,075 - INFO - Prompt processing progress: 4096/204547
2026-10-01 18:37:10,303 - INFO - Prompt processing progress: 6144/204547
2026-10-01 18:37:10,541 - INFO - Prompt processing progress: 8192/204547
2026-10-01 18:37:10,786 - INFO - Prompt processing progress: 10240/204547
2026-10-01 18:37:11,041 - INFO - Prompt processing progress: 12288/204547
2026-10-01 18:37:11,305 - INFO - Prompt processing progress: 14336/204547
2026-10-01 18:37:11,578 - INFO - Prompt processing progress: 16384/204547
2026-10-01 18:37:11,859 - INFO - Prompt processing progress: 18432/204547
2026-10-01 18:37:12,151 - INFO - Prompt processing progress: 20480/204547
2026-10-01 18:37:12,452 - INFO - Prompt processing progress: 22528/204547
2026-10-01 18:37:12,763 - INFO - Prompt processing progress: 24576/204547
2026-10-01 18:37:13,084 - INFO - Prompt processing progress: 26624/204547
2026-10-01 18:37:13,415 - INFO - Prompt processing progress: 28672/204547
2026-10-01 18:37:13,754 - INFO - Prompt processing progress: 30720/204547
2026-10-01 18:37:14,104 - INFO - Prompt processing progress: 32768/204547
2026-10-01 18:37:14,462 - INFO - Prompt processing progress: 34816/204547
2026-10-01 18:37:14,830 - INFO - Prompt processing progress: 36864/204547
2026-10-01 18:37:15,207 - INFO - Prompt processing progress: 38912/204547
2026-10-01 18:37:15,593 - INFO - Prompt processing progress: 40960/204547
2026-10-01 18:37:15,991 - INFO - Prompt processing progress: 43008/204547
2026-10-01 18:37:16,398 - INFO - Prompt processing progress: 45056/204547
2026-10-01 18:37:16,816 - INFO - Prompt processing progress: 47104/204547
2026-10-01 18:37:17,240 - INFO - Prompt processing progress: 49152/204547
2026-10-01 18:37:17,678 - INFO - Prompt processing progress: 51200/204547
2026-10-01 18:37:18,125 - INFO - Prompt processing progress: 53248/204547
2026-10-01 18:37:18,583 - INFO - Prompt processing progress: 55296/204547
2026-10-01 18:37:19,049 - INFO - Prompt processing progress: 57344/204547
2026-10-01 18:37:19,527 - INFO - Prompt processing progress: 59392/204547
2026-10-01 18:37:20,014 - INFO - Prompt processing progress: 61440/204547
2026-10-01 18:37:20,511 - INFO - Prompt processing progress: 63488/204547
2026-10-01 18:37:21,018 - INFO - Prompt processing progress: 65536/204547
2026-10-01 18:37:21,533 - INFO - Prompt processing progress: 67584/204547
2026-10-01 18:37:22,060 - INFO - Prompt processing progress: 69632/204547
2026-10-01 18:37:22,596 - INFO - Prompt processing progress: 71680/204547
2026-10-01 18:37:23,142 - INFO - Prompt processing progress: 73728/204547
2026-10-01 18:37:23,698 - INFO - Prompt processing progress: 75776/204547
2026-10-01 18:37:24,266 - INFO - Prompt processing progress: 77824/204547
2026-10-01 18:37:24,841 - INFO - Prompt processing progress: 79872/204547
2026-10-01 18:37:25,425 - INFO - Prompt processing progress: 81920/204547
2026-10-01 18:37:26,021 - INFO - Prompt processing progress: 83968/204547
2026-10-01 18:37:26,627 - INFO - Prompt processing progress: 86016/204547
2026-10-01 18:37:27,238 - INFO - Prompt processing progress: 88064/204547
2026-10-01 18:37:27,862 - INFO - Prompt processing progress: 90112/204547
2026-10-01 18:37:28,498 - INFO - Prompt processing progress: 92160/204547
2026-10-01 18:37:29,144 - INFO - Prompt processing progress: 94208/204547
2026-10-01 18:37:29,801 - INFO - Prompt processing progress: 96256/204547
2026-10-01 18:37:30,466 - INFO - Prompt processing progress: 98304/204547
2026-10-01 18:37:31,141 - INFO - Prompt processing progress: 100352/204547
2026-10-01 18:37:31,825 - INFO - Prompt processing progress: 102400/204547
2026-10-01 18:37:32,523 - INFO - Prompt processing progress: 104448/204547
2026-10-01 18:37:33,228 - INFO - Prompt processing progress: 106496/204547
2026-10-01 18:37:33,941 - INFO - Prompt processing progress: 108544/204547
2026-10-01 18:37:34,668 - INFO - Prompt processing progress: 110592/204547
2026-10-01 18:37:35,405 - INFO - Prompt processing progress: 112640/204547
2026-10-01 18:37:36,147 - INFO - Prompt processing progress: 114688/204547
2026-10-01 18:37:36,904 - INFO - Prompt processing progress: 116736/204547
2026-10-01 18:37:37,674 - INFO - Prompt processing progress: 118784/204547
2026-10-01 18:37:38,447 - INFO - Prompt processing progress: 120832/204547
2026-10-01 18:37:39,233 - INFO - Prompt processing progress: 122880/204547
2026-10-01 18:37:40,029 - INFO - Prompt processing progress: 124928/204547
2026-10-01 18:37:40,843 - INFO - Prompt processing progress: 126976/204547
2026-10-01 18:37:41,655 - INFO - Prompt processing progress: 129024/204547
2026-10-01 18:37:42,477 - INFO - Prompt processing progress: 131072/204547
2026-10-01 18:37:43,311 - INFO - Prompt processing progress: 133120/204547
2026-10-01 18:37:44,158 - INFO - Prompt processing progress: 135168/204547
2026-10-01 18:37:45,008 - INFO - Prompt processing progress: 137216/204547
2026-10-01 18:37:45,873 - INFO - Prompt processing progress: 139264/204547
2026-10-01 18:37:46,746 - INFO - Prompt processing progress: 141312/204547
2026-10-01 18:37:47,630 - INFO - Prompt processing progress: 143360/204547
2026-10-01 18:37:48,521 - INFO - Prompt processing progress: 145408/204547
2026-10-01 18:37:49,427 - INFO - Prompt processing progress: 147456/204547
2026-10-01 18:37:50,329 - INFO - Prompt processing progress: 149504/204547
2026-10-01 18:37:51,255 - INFO - Prompt processing progress: 151552/204547
2026-10-01 18:37:52,192 - INFO - Prompt processing progress: 153600/204547
2026-10-01 18:37:53,136 - INFO - Prompt processing progress: 155648/204547
2026-10-01 18:37:54,091 - INFO - Prompt processing progress: 157696/204547
2026-10-01 18:37:55,057 - INFO - Prompt processing progress: 159744/204547
2026-10-01 18:37:56,030 - INFO - Prompt processing progress: 161792/204547
2026-10-01 18:37:57,011 - INFO - Prompt processing progress: 163840/204547
2026-10-01 18:37:57,997 - INFO - Prompt processing progress: 165888/204547
2026-10-01 18:37:59,005 - INFO - Prompt processing progress: 167936/204547
2026-10-01 18:38:00,005 - INFO - Prompt processing progress: 169984/204547
2026-10-01 18:38:01,005 - INFO - Prompt processing progress: 172032/204547
2026-10-01 18:38:02,040 - INFO - Prompt processing progress: 174080/204547
2026-10-01 18:38:03,085 - INFO - Prompt processing progress: 176128/204547
2026-10-01 18:38:04,139 - INFO - Prompt processing progress: 178176/204547
2026-10-01 18:38:05,201 - INFO - Prompt processing progress: 180224/204547
2026-10-01 18:38:06,270 - INFO - Prompt processing progress: 182272/204547
2026-10-01 18:38:07,345 - INFO - Prompt processing progress: 184320/204547
2026-10-01 18:38:08,435 - INFO - Prompt processing progress: 186368/204547
2026-10-01 18:38:09,538 - INFO - Prompt processing progress: 188416/204547
2026-10-01 18:38:10,648 - INFO - Prompt processing progress: 190464/204547
2026-10-01 18:38:11,774 - INFO - Prompt processing progress: 192512/204547
2026-10-01 18:38:12,907 - INFO - Prompt processing progress: 194560/204547
2026-10-01 18:38:14,055 - INFO - Prompt processing progress: 196608/204547
2026-10-01 18:38:15,210 - INFO - Prompt processing progress: 198656/204547
2026-10-01 18:38:16,376 - INFO - Prompt processing progress: 200704/204547
2026-10-01 18:38:17,558 - INFO - Prompt processing progress: 202752/204547
2026-10-01 18:38:18,496 - INFO - Prompt processing progress: 204546/204547
2026-10-01 18:38:18,525 - INFO - Prompt processing progress: 204547/204547
127.0.0.1 - - [01/Oct/2026 18:38:25] "POST /v1/chat/completions HTTP/1.1" 200 -
2026-10-01 18:38:25,525 - INFO - Prompt Cache: 1 sequences, 4.27 GB
2026-10-01 18:38:25,525 - INFO - - assistant: 1 sequences, 4.27 GB
2026-10-01 18:38:25,525 - INFO - - user: 0 sequences, 0.00 GB
2026-10-01 18:38:25,525 - INFO - - system: 0 sequences, 0.00 GB
2026-10-01 18:38:25,624 - INFO - Prompt processing progress: 0/205114
2026-10-01 18:38:25,842 - INFO - Prompt processing progress: 2048/205114
2026-10-01 18:38:26,065 - INFO - Prompt processing progress: 4096/205114
2026-10-01 18:38:26,295 - INFO - Prompt processing progress: 6144/205114
2026-10-01 18:38:26,532 - INFO - Prompt processing progress: 8192/205114
2026-10-01 18:38:26,780 - INFO - Prompt processing progress: 10240/205114
2026-10-01 18:38:27,036 - INFO - Prompt processing progress: 12288/205114
2026-10-01 18:38:27,303 - INFO - Prompt processing progress: 14336/205114
2026-10-01 18:38:27,579 - INFO - Prompt processing progress: 16384/205114
2026-10-01 18:38:27,864 - INFO - Prompt processing progress: 18432/205114
2026-10-01 18:38:28,158 - INFO - Prompt processing progress: 20480/205114
2026-10-01 18:38:28,461 - INFO - Prompt processing progress: 22528/205114
2026-10-01 18:38:28,773 - INFO - Prompt processing progress: 24576/205114
2026-10-01 18:38:29,096 - INFO - Prompt processing progress: 26624/205114
2026-10-01 18:38:29,427 - INFO - Prompt processing progress: 28672/205114
2026-10-01 18:38:29,768 - INFO - Prompt processing progress: 30720/205114
2026-10-01 18:38:30,120 - INFO - Prompt processing progress: 32768/205114
2026-10-01 18:38:30,478 - INFO - Prompt processing progress: 34816/205114
2026-10-01 18:38:30,847 - INFO - Prompt processing progress: 36864/205114
2026-10-01 18:38:31,227 - INFO - Prompt processing progress: 38912/205114
2026-10-01 18:38:31,618 - INFO - Prompt processing progress: 40960/205114
2026-10-01 18:38:32,015 - INFO - Prompt processing progress: 43008/205114
2026-10-01 18:38:32,423 - INFO - Prompt processing progress: 45056/205114
2026-10-01 18:38:32,841 - INFO - Prompt processing progress: 47104/205114
2026-10-01 18:38:33,270 - INFO - Prompt processing progress: 49152/205114
2026-10-01 18:38:33,709 - INFO - Prompt processing progress: 51200/205114
2026-10-01 18:38:34,157 - INFO - Prompt processing progress: 53248/205114
2026-10-01 18:38:34,615 - INFO - Prompt processing progress: 55296/205114
2026-10-01 18:38:35,084 - INFO - Prompt processing progress: 57344/205114
2026-10-01 18:38:35,564 - INFO - Prompt processing progress: 59392/205114
2026-10-01 18:38:36,053 - INFO - Prompt processing progress: 61440/205114
2026-10-01 18:38:36,549 - INFO - Prompt processing progress: 63488/205114
2026-10-01 18:38:37,057 - INFO - Prompt processing progress: 65536/205114
2026-10-01 18:38:37,574 - INFO - Prompt processing progress: 67584/205114
2026-10-01 18:38:38,103 - INFO - Prompt processing progress: 69632/205114
2026-10-01 18:38:38,641 - INFO - Prompt processing progress: 71680/205114
2026-10-01 18:38:39,188 - INFO - Prompt processing progress: 73728/205114
2026-10-01 18:38:39,744 - INFO - Prompt processing progress: 75776/205114
2026-10-01 18:38:40,312 - INFO - Prompt processing progress: 77824/205114
2026-10-01 18:38:40,891 - INFO - Prompt processing progress: 79872/205114
2026-10-01 18:38:41,480 - INFO - Prompt processing progress: 81920/205114
2026-10-01 18:38:42,076 - INFO - Prompt processing progress: 83968/205114
2026-10-01 18:38:42,684 - INFO - Prompt processing progress: 86016/205114
2026-10-01 18:38:43,303 - INFO - Prompt processing progress: 88064/205114
2026-10-01 18:38:43,931 - INFO - Prompt processing progress: 90112/205114
2026-10-01 18:38:44,568 - INFO - Prompt processing progress: 92160/205114
2026-10-01 18:38:45,217 - INFO - Prompt processing progress: 94208/205114
2026-10-01 18:38:45,870 - INFO - Prompt processing progress: 96256/205114
2026-10-01 18:38:46,539 - INFO - Prompt processing progress: 98304/205114
2026-10-01 18:38:47,214 - INFO - Prompt processing progress: 100352/205114
2026-10-01 18:38:47,903 - INFO - Prompt processing progress: 102400/205114
2026-10-01 18:38:48,600 - INFO - Prompt processing progress: 104448/205114
2026-10-01 18:38:49,306 - INFO - Prompt processing progress: 106496/205114
2026-10-01 18:38:50,023 - INFO - Prompt processing progress: 108544/205114
2026-10-01 18:38:50,747 - INFO - Prompt processing progress: 110592/205114
2026-10-01 18:38:51,484 - INFO - Prompt processing progress: 112640/205114
2026-10-01 18:38:52,229 - INFO - Prompt processing progress: 114688/205114
2026-10-01 18:38:52,986 - INFO - Prompt processing progress: 116736/205114
2026-10-01 18:38:53,752 - INFO - Prompt processing progress: 118784/205114
2026-10-01 18:38:54,527 - INFO - Prompt processing progress: 120832/205114
2026-10-01 18:38:55,309 - INFO - Prompt processing progress: 122880/205114
2026-10-01 18:38:56,106 - INFO - Prompt processing progress: 124928/205114
2026-10-01 18:38:56,908 - INFO - Prompt processing progress: 126976/205114
2026-10-01 18:38:57,725 - INFO - Prompt processing progress: 129024/205114
2026-10-01 18:38:58,546 - INFO - Prompt processing progress: 131072/205114
2026-10-01 18:38:59,382 - INFO - Prompt processing progress: 133120/205114
2026-10-01 18:39:00,224 - INFO - Prompt processing progress: 135168/205114
2026-10-01 18:39:01,060 - INFO - Prompt processing progress: 137216/205114
2026-10-01 18:39:01,924 - INFO - Prompt processing progress: 139264/205114
2026-10-01 18:39:02,797 - INFO - Prompt processing progress: 141312/205114
2026-10-01 18:39:03,670 - INFO - Prompt processing progress: 143360/205114
2026-10-01 18:39:04,568 - INFO - Prompt processing progress: 145408/205114
2026-10-01 18:39:05,474 - INFO - Prompt processing progress: 147456/205114
2026-10-01 18:39:06,386 - INFO - Prompt processing progress: 149504/205114
2026-10-01 18:39:07,309 - INFO - Prompt processing progress: 151552/205114
2026-10-01 18:39:08,246 - INFO - Prompt processing progress: 153600/205114
2026-10-01 18:39:09,190 - INFO - Prompt processing progress: 155648/205114
2026-10-01 18:39:10,150 - INFO - Prompt processing progress: 157696/205114
2026-10-01 18:39:11,111 - INFO - Prompt processing progress: 159744/205114
2026-10-01 18:39:12,088 - INFO - Prompt processing progress: 161792/205114
2026-10-01 18:39:13,070 - INFO - Prompt processing progress: 163840/205114
2026-10-01 18:39:14,068 - INFO - Prompt processing progress: 165888/205114
2026-10-01 18:39:15,075 - INFO - Prompt processing progress: 167936/205114
2026-10-01 18:39:16,093 - INFO - Prompt processing progress: 169984/205114
2026-10-01 18:39:17,118 - INFO - Prompt processing progress: 172032/205114
2026-10-01 18:39:18,150 - INFO - Prompt processing progress: 174080/205114
2026-10-01 18:39:19,198 - INFO - Prompt processing progress: 176128/205114
2026-10-01 18:39:20,256 - INFO - Prompt processing progress: 178176/205114
2026-10-01 18:39:21,320 - INFO - Prompt processing progress: 180224/205114
2026-10-01 18:39:22,391 - INFO - Prompt processing progress: 182272/205114
2026-10-01 18:39:23,480 - INFO - Prompt processing progress: 184320/205114
2026-10-01 18:39:24,583 - INFO - Prompt processing progress: 186368/205114
2026-10-01 18:39:25,687 - INFO - Prompt processing progress: 188416/205114
2026-10-01 18:39:26,797 - INFO - Prompt processing progress: 190464/205114
2026-10-01 18:39:27,924 - INFO - Prompt processing progress: 192512/205114
2026-10-01 18:39:29,048 - INFO - Prompt processing progress: 194560/205114
2026-10-01 18:39:30,189 - INFO - Prompt processing progress: 196608/205114
2026-10-01 18:39:31,348 - INFO - Prompt processing progress: 198656/205114
2026-10-01 18:39:32,521 - INFO - Prompt processing progress: 200704/205114
2026-10-01 18:39:33,687 - INFO - Prompt processing progress: 202752/205114
2026-10-01 18:39:34,876 - INFO - Prompt processing progress: 204800/205114
2026-10-01 18:39:35,254 - INFO - Prompt processing progress: 205113/205114
2026-10-01 18:39:35,290 - INFO - Prompt processing progress: 205114/205114
127.0.0.1 - - [01/Oct/2026 18:39:37] "POST /v1/chat/completions HTTP/1.1" 200 -
2026-10-01 18:39:37,648 - INFO - Prompt Cache: 1 sequences, 4.27 GB
2026-10-01 18:39:37,648 - INFO - - assistant: 1 sequences, 4.27 GB
2026-10-01 18:39:37,648 - INFO - - user: 0 sequences, 0.00 GB
2026-10-01 18:39:37,648 - INFO - - system: 0 sequences, 0.00 GB
2026-10-01 18:39:37,748 - INFO - Prompt processing progress: 0/205313
2026-10-01 18:39:37,969 - INFO - Prompt processing progress: 2048/205313
2026-10-01 18:39:38,190 - INFO - Prompt processing progress: 4096/205313
2026-10-01 18:39:38,419 - INFO - Prompt processing progress: 6144/205313
2026-10-01 18:39:38,654 - INFO - Prompt processing progress: 8192/205313
2026-10-01 18:39:38,901 - INFO - Prompt processing progress: 10240/205313
2026-10-01 18:39:39,155 - INFO - Prompt processing progress: 12288/205313
2026-10-01 18:39:39,420 - INFO - Prompt processing progress: 14336/205313
2026-10-01 18:39:39,694 - INFO - Prompt processing progress: 16384/205313
2026-10-01 18:39:39,977 - INFO - Prompt processing progress: 18432/205313
2026-10-01 18:39:40,270 - INFO - Prompt processing progress: 20480/205313
2026-10-01 18:39:40,571 - INFO - Prompt processing progress: 22528/205313
2026-10-01 18:39:40,883 - INFO - Prompt processing progress: 24576/205313
2026-10-01 18:39:41,205 - INFO - Prompt processing progress: 26624/205313
2026-10-01 18:39:41,537 - INFO - Prompt processing progress: 28672/205313
2026-10-01 18:39:41,875 - INFO - Prompt processing progress: 30720/205313
2026-10-01 18:39:42,225 - INFO - Prompt processing progress: 32768/205313
2026-10-01 18:39:42,585 - INFO - Prompt processing progress: 34816/205313
2026-10-01 18:39:42,956 - INFO - Prompt processing progress: 36864/205313
2026-10-01 18:39:43,335 - INFO - Prompt processing progress: 38912/205313
2026-10-01 18:39:43,724 - INFO - Prompt processing progress: 40960/205313
2026-10-01 18:39:44,122 - INFO - Prompt processing progress: 43008/205313
2026-10-01 18:39:44,530 - INFO - Prompt processing progress: 45056/205313
2026-10-01 18:39:44,948 - INFO - Prompt processing progress: 47104/205313
2026-10-01 18:39:45,376 - INFO - Prompt processing progress: 49152/205313
2026-10-01 18:39:45,814 - INFO - Prompt processing progress: 51200/205313
2026-10-01 18:39:46,264 - INFO - Prompt processing progress: 53248/205313
2026-10-01 18:39:46,719 - INFO - Prompt processing progress: 55296/205313
2026-10-01 18:39:47,188 - INFO - Prompt processing progress: 57344/205313
2026-10-01 18:39:47,664 - INFO - Prompt processing progress: 59392/205313
2026-10-01 18:39:48,151 - INFO - Prompt processing progress: 61440/205313
2026-10-01 18:39:48,651 - INFO - Prompt processing progress: 63488/205313
2026-10-01 18:39:49,159 - INFO - Prompt processing progress: 65536/205313
2026-10-01 18:39:49,678 - INFO - Prompt processing progress: 67584/205313
2026-10-01 18:39:50,207 - INFO - Prompt processing progress: 69632/205313
2026-10-01 18:39:50,746 - INFO - Prompt processing progress: 71680/205313
2026-10-01 18:39:51,295 - INFO - Prompt processing progress: 73728/205313
2026-10-01 18:39:51,853 - INFO - Prompt processing progress: 75776/205313
2026-10-01 18:39:52,419 - INFO - Prompt processing progress: 77824/205313
2026-10-01 18:39:52,995 - INFO - Prompt processing progress: 79872/205313
2026-10-01 18:39:53,578 - INFO - Prompt processing progress: 81920/205313
2026-10-01 18:39:54,177 - INFO - Prompt processing progress: 83968/205313
2026-10-01 18:39:54,785 - INFO - Prompt processing progress: 86016/205313
2026-10-01 18:39:55,404 - INFO - Prompt processing progress: 88064/205313
2026-10-01 18:39:56,030 - INFO - Prompt processing progress: 90112/205313
2026-10-01 18:39:56,666 - INFO - Prompt processing progress: 92160/205313
2026-10-01 18:39:57,314 - INFO - Prompt processing progress: 94208/205313
2026-10-01 18:39:57,971 - INFO - Prompt processing progress: 96256/205313
2026-10-01 18:39:58,630 - INFO - Prompt processing progress: 98304/205313
2026-10-01 18:39:59,307 - INFO - Prompt processing progress: 100352/205313
2026-10-01 18:39:59,995 - INFO - Prompt processing progress: 102400/205313
2026-10-01 18:40:00,687 - INFO - Prompt processing progress: 104448/205313
2026-10-01 18:40:01,379 - INFO - Prompt processing progress: 106496/205313
2026-10-01 18:40:02,089 - INFO - Prompt processing progress: 108544/205313
2026-10-01 18:40:02,817 - INFO - Prompt processing progress: 110592/205313
2026-10-01 18:40:03,550 - INFO - Prompt processing progress: 112640/205313
2026-10-01 18:40:04,296 - INFO - Prompt processing progress: 114688/205313
2026-10-01 18:40:05,054 - INFO - Prompt processing progress: 116736/205313
2026-10-01 18:40:05,818 - INFO - Prompt processing progress: 118784/205313
2026-10-01 18:40:06,594 - INFO - Prompt processing progress: 120832/205313
2026-10-01 18:40:07,378 - INFO - Prompt processing progress: 122880/205313
2026-10-01 18:40:08,173 - INFO - Prompt processing progress: 124928/205313
2026-10-01 18:40:08,974 - INFO - Prompt processing progress: 126976/205313
2026-10-01 18:40:09,790 - INFO - Prompt processing progress: 129024/205313
2026-10-01 18:40:10,617 - INFO - Prompt processing progress: 131072/205313
2026-10-01 18:40:11,454 - INFO - Prompt processing progress: 133120/205313
2026-10-01 18:40:12,297 - INFO - Prompt processing progress: 135168/205313
2026-10-01 18:40:13,151 - INFO - Prompt processing progress: 137216/205313
2026-10-01 18:40:14,017 - INFO - Prompt processing progress: 139264/205313
2026-10-01 18:40:14,890 - INFO - Prompt processing progress: 141312/205313
2026-10-01 18:40:15,776 - INFO - Prompt processing progress: 143360/205313
2026-10-01 18:40:16,662 - INFO - Prompt processing progress: 145408/205313
2026-10-01 18:40:17,570 - INFO - Prompt processing progress: 147456/205313
2026-10-01 18:40:18,477 - INFO - Prompt processing progress: 149504/205313
2026-10-01 18:40:19,400 - INFO - Prompt processing progress: 151552/205313
2026-10-01 18:40:20,337 - INFO - Prompt processing progress: 153600/205313
2026-10-01 18:40:21,277 - INFO - Prompt processing progress: 155648/205313
2026-10-01 18:40:22,234 - INFO - Prompt processing progress: 157696/205313
2026-10-01 18:40:23,199 - INFO - Prompt processing progress: 159744/205313
2026-10-01 18:40:24,171 - INFO - Prompt processing progress: 161792/205313
2026-10-01 18:40:25,151 - INFO - Prompt processing progress: 163840/205313
2026-10-01 18:40:26,141 - INFO - Prompt processing progress: 165888/205313
2026-10-01 18:40:27,143 - INFO - Prompt processing progress: 167936/205313
2026-10-01 18:40:28,154 - INFO - Prompt processing progress: 169984/205313
2026-10-01 18:40:29,170 - INFO - Prompt processing progress: 172032/205313
2026-10-01 18:40:30,204 - INFO - Prompt processing progress: 174080/205313
2026-10-01 18:40:31,249 - INFO - Prompt processing progress: 176128/205313
2026-10-01 18:40:32,302 - INFO - Prompt processing progress: 178176/205313
2026-10-01 18:40:33,371 - INFO - Prompt processing progress: 180224/205313
2026-10-01 18:40:34,442 - INFO - Prompt processing progress: 182272/205313
2026-10-01 18:40:35,523 - INFO - Prompt processing progress: 184320/205313
2026-10-01 18:40:36,620 - INFO - Prompt processing progress: 186368/205313
2026-10-01 18:40:37,723 - INFO - Prompt processing progress: 188416/205313
2026-10-01 18:40:38,840 - INFO - Prompt processing progress: 190464/205313
2026-10-01 18:40:39,958 - INFO - Prompt processing progress: 192512/205313
2026-10-01 18:40:41,093 - INFO - Prompt processing progress: 194560/205313
2026-10-01 18:40:42,233 - INFO - Prompt processing progress: 196608/205313
2026-10-01 18:40:43,391 - INFO - Prompt processing progress: 198656/205313
2026-10-01 18:40:44,559 - INFO - Prompt processing progress: 200704/205313
2026-10-01 18:40:45,732 - INFO - Prompt processing progress: 202752/205313
2026-10-01 18:40:46,920 - INFO - Prompt processing progress: 204800/205313
2026-10-01 18:40:47,574 - INFO - Prompt processing progress: 205312/205313
2026-10-01 18:40:47,690 - INFO - Prompt processing progress: 205313/205313
