<repo>/vendor/vlm-runtime/.venv/lib/python3.12/site-packages/mlx_lm/server.py:1723: UserWarning: mlx_lm.server is not recommended for production as it only implements basic security checks.
  warnings.warn(
2026-10-01 20:21:42,784 - INFO - Starting httpd at 127.0.0.1 on port 18185...
127.0.0.1 - - [01/Oct/2026 20:21:43] "GET /v1/models HTTP/1.1" 200 -
----------------------------------------
Exception occurred during processing of request from ('127.0.0.1', 62284)
Traceback (most recent call last):
  File "<m5-home>/.local/share/uv/python/cpython-3.12.13-macos-aarch64-none/lib/python3.12/socketserver.py", line 697, in process_request_thread
    self.finish_request(request, client_address)
  File "<m5-home>/.local/share/uv/python/cpython-3.12.13-macos-aarch64-none/lib/python3.12/socketserver.py", line 362, in finish_request
    self.RequestHandlerClass(request, client_address, self)
  File "<repo>/vendor/vlm-runtime/.venv/lib/python3.12/site-packages/mlx_lm/server.py", line 1716, in <lambda>
    lambda *args, **kwargs: handler_class(
                            ^^^^^^^^^^^^^^
  File "<repo>/vendor/vlm-runtime/.venv/lib/python3.12/site-packages/mlx_lm/server.py", line 1073, in __init__
    super().__init__(*args, **kwargs)
  File "<m5-home>/.local/share/uv/python/cpython-3.12.13-macos-aarch64-none/lib/python3.12/socketserver.py", line 766, in __init__
    self.handle()
  File "<m5-home>/.local/share/uv/python/cpython-3.12.13-macos-aarch64-none/lib/python3.12/http/server.py", line 440, in handle
    self.handle_one_request()
  File "<m5-home>/.local/share/uv/python/cpython-3.12.13-macos-aarch64-none/lib/python3.12/http/server.py", line 428, in handle_one_request
    method()
  File "<repo>/vendor/vlm-runtime/.venv/lib/python3.12/site-packages/mlx_lm/server.py", line 1625, in do_GET
    self.handle_models_request()
  File "<repo>/vendor/vlm-runtime/.venv/lib/python3.12/site-packages/mlx_lm/server.py", line 1668, in handle_models_request
    hf_cache_info = scan_cache_dir()
                    ^^^^^^^^^^^^^^^^
  File "<repo>/vendor/vlm-runtime/.venv/lib/python3.12/site-packages/huggingface_hub/utils/_cache_manager.py", line 777, in scan_cache_dir
    raise CacheNotFound(
huggingface_hub.errors.CacheNotFound: Cache directory not found: <repo>/.cache/huggingface/hub. Please use `cache_dir` argument or set `HF_HUB_CACHE` environment variable.
----------------------------------------
[transformers] You are using a model of type `mimo_v2` to instantiate a model of type ``. This may be expected if you are loading a checkpoint that shares a subset of the architecture (e.g., loading a `sam2_video` checkpoint into `Sam2Model`), but is otherwise not supported and can yield errors. Please verify that the checkpoint is compatible with the model you are instantiating.
127.0.0.1 - - [01/Oct/2026 20:21:54] "POST /v1/chat/completions HTTP/1.1" 200 -
2026-10-01 20:21:54,313 - INFO - Prompt Cache: 0 sequences, 0.00 GB
2026-10-01 20:21:54,313 - INFO - - assistant: 0 sequences, 0.00 GB
2026-10-01 20:21:54,314 - INFO - - user: 0 sequences, 0.00 GB
2026-10-01 20:21:54,314 - INFO - - system: 0 sequences, 0.00 GB
2026-10-01 20:21:54,361 - INFO - Prompt processing progress: 0/200001
2026-10-01 20:21:59,579 - INFO - Prompt processing progress: 2048/200001
2026-10-01 20:22:00,750 - INFO - Prompt processing progress: 4096/200001
2026-10-01 20:22:01,965 - INFO - Prompt processing progress: 6144/200001
2026-10-01 20:22:03,224 - INFO - Prompt processing progress: 8192/200001
2026-10-01 20:22:04,534 - INFO - Prompt processing progress: 10240/200001
2026-10-01 20:22:05,895 - INFO - Prompt processing progress: 12288/200001
2026-10-01 20:22:07,302 - INFO - Prompt processing progress: 14336/200001
2026-10-01 20:22:08,752 - INFO - Prompt processing progress: 16384/200001
2026-10-01 20:22:10,256 - INFO - Prompt processing progress: 18432/200001
2026-10-01 20:22:11,806 - INFO - Prompt processing progress: 20480/200001
2026-10-01 20:22:13,402 - INFO - Prompt processing progress: 22528/200001
2026-10-01 20:22:15,049 - INFO - Prompt processing progress: 24576/200001
2026-10-01 20:22:16,742 - INFO - Prompt processing progress: 26624/200001
2026-10-01 20:22:18,491 - INFO - Prompt processing progress: 28672/200001
2026-10-01 20:22:20,280 - INFO - Prompt processing progress: 30720/200001
2026-10-01 20:22:22,121 - INFO - Prompt processing progress: 32768/200001
2026-10-01 20:22:24,004 - INFO - Prompt processing progress: 34816/200001
2026-10-01 20:22:25,948 - INFO - Prompt processing progress: 36864/200001
2026-10-01 20:22:27,940 - INFO - Prompt processing progress: 38912/200001
2026-10-01 20:22:29,999 - INFO - Prompt processing progress: 40960/200001
2026-10-01 20:22:32,096 - INFO - Prompt processing progress: 43008/200001
2026-10-01 20:22:34,239 - INFO - Prompt processing progress: 45056/200001
2026-10-01 20:22:36,440 - INFO - Prompt processing progress: 47104/200001
2026-10-01 20:22:38,693 - INFO - Prompt processing progress: 49152/200001
2026-10-01 20:22:41,002 - INFO - Prompt processing progress: 51200/200001
2026-10-01 20:22:43,380 - INFO - Prompt processing progress: 53248/200001
2026-10-01 20:22:45,804 - INFO - Prompt processing progress: 55296/200001
2026-10-01 20:22:48,301 - INFO - Prompt processing progress: 57344/200001
2026-10-01 20:22:50,854 - INFO - Prompt processing progress: 59392/200001
2026-10-01 20:22:53,474 - INFO - Prompt processing progress: 61440/200001
2026-10-01 20:22:56,143 - INFO - Prompt processing progress: 63488/200001
2026-10-01 20:22:58,869 - INFO - Prompt processing progress: 65536/200001
2026-10-01 20:23:01,653 - INFO - Prompt processing progress: 67584/200001
2026-10-01 20:23:04,505 - INFO - Prompt processing progress: 69632/200001
2026-10-01 20:23:07,407 - INFO - Prompt processing progress: 71680/200001
2026-10-01 20:23:10,361 - INFO - Prompt processing progress: 73728/200001
2026-10-01 20:23:13,373 - INFO - Prompt processing progress: 75776/200001
2026-10-01 20:23:16,456 - INFO - Prompt processing progress: 77824/200001
2026-10-01 20:23:19,562 - INFO - Prompt processing progress: 79872/200001
2026-10-01 20:23:22,736 - INFO - Prompt processing progress: 81920/200001
2026-10-01 20:23:25,974 - INFO - Prompt processing progress: 83968/200001
2026-10-01 20:23:29,268 - INFO - Prompt processing progress: 86016/200001
2026-10-01 20:23:32,588 - INFO - Prompt processing progress: 88064/200001
2026-10-01 20:23:35,971 - INFO - Prompt processing progress: 90112/200001
2026-10-01 20:23:39,424 - INFO - Prompt processing progress: 92160/200001
2026-10-01 20:23:42,892 - INFO - Prompt processing progress: 94208/200001
2026-10-01 20:23:46,429 - INFO - Prompt processing progress: 96256/200001
2026-10-01 20:23:50,015 - INFO - Prompt processing progress: 98304/200001
2026-10-01 20:23:53,660 - INFO - Prompt processing progress: 100352/200001
2026-10-01 20:23:57,361 - INFO - Prompt processing progress: 102400/200001
2026-10-01 20:24:01,101 - INFO - Prompt processing progress: 104448/200001
2026-10-01 20:24:04,914 - INFO - Prompt processing progress: 106496/200001
2026-10-01 20:24:08,779 - INFO - Prompt processing progress: 108544/200001
2026-10-01 20:24:12,689 - INFO - Prompt processing progress: 110592/200001
2026-10-01 20:24:16,653 - INFO - Prompt processing progress: 112640/200001
2026-10-01 20:24:20,687 - INFO - Prompt processing progress: 114688/200001
2026-10-01 20:24:24,776 - INFO - Prompt processing progress: 116736/200001
2026-10-01 20:24:28,916 - INFO - Prompt processing progress: 118784/200001
2026-10-01 20:24:33,107 - INFO - Prompt processing progress: 120832/200001
2026-10-01 20:24:37,367 - INFO - Prompt processing progress: 122880/200001
2026-10-01 20:24:41,660 - INFO - Prompt processing progress: 124928/200001
2026-10-01 20:24:46,029 - INFO - Prompt processing progress: 126976/200001
2026-10-01 20:24:50,470 - INFO - Prompt processing progress: 129024/200001
2026-10-01 20:24:54,922 - INFO - Prompt processing progress: 131072/200001
2026-10-01 20:24:59,441 - INFO - Prompt processing progress: 133120/200001
2026-10-01 20:25:03,998 - INFO - Prompt processing progress: 135168/200001
2026-10-01 20:25:08,646 - INFO - Prompt processing progress: 137216/200001
2026-10-01 20:25:13,385 - INFO - Prompt processing progress: 139264/200001
2026-10-01 20:25:18,102 - INFO - Prompt processing progress: 141312/200001
2026-10-01 20:25:22,920 - INFO - Prompt processing progress: 143360/200001
2026-10-01 20:25:27,788 - INFO - Prompt processing progress: 145408/200001
2026-10-01 20:25:32,686 - INFO - Prompt processing progress: 147456/200001
2026-10-01 20:25:37,660 - INFO - Prompt processing progress: 149504/200001
2026-10-01 20:25:42,700 - INFO - Prompt processing progress: 151552/200001
2026-10-01 20:25:47,765 - INFO - Prompt processing progress: 153600/200001
2026-10-01 20:25:52,926 - INFO - Prompt processing progress: 155648/200001
2026-10-01 20:25:58,112 - INFO - Prompt processing progress: 157696/200001
2026-10-01 20:26:03,322 - INFO - Prompt processing progress: 159744/200001
2026-10-01 20:26:08,619 - INFO - Prompt processing progress: 161792/200001
2026-10-01 20:26:13,954 - INFO - Prompt processing progress: 163840/200001
2026-10-01 20:26:19,347 - INFO - Prompt processing progress: 165888/200001
2026-10-01 20:26:24,853 - INFO - Prompt processing progress: 167936/200001
2026-10-01 20:26:30,382 - INFO - Prompt processing progress: 169984/200001
2026-10-01 20:26:35,947 - INFO - Prompt processing progress: 172032/200001
2026-10-01 20:26:41,574 - INFO - Prompt processing progress: 174080/200001
2026-10-01 20:26:47,277 - INFO - Prompt processing progress: 176128/200001
2026-10-01 20:26:53,054 - INFO - Prompt processing progress: 178176/200001
2026-10-01 20:26:58,848 - INFO - Prompt processing progress: 180224/200001
2026-10-01 20:27:04,703 - INFO - Prompt processing progress: 182272/200001
2026-10-01 20:27:10,633 - INFO - Prompt processing progress: 184320/200001
2026-10-01 20:27:16,583 - INFO - Prompt processing progress: 186368/200001
2026-10-01 20:27:22,585 - INFO - Prompt processing progress: 188416/200001
2026-10-01 20:27:28,656 - INFO - Prompt processing progress: 190464/200001
2026-10-01 20:27:42,960 - INFO - Prompt processing progress: 192512/200001
2026-10-01 20:27:58,794 - INFO - Prompt processing progress: 194560/200001
2026-10-01 20:28:13,795 - INFO - Prompt processing progress: 196608/200001
2026-10-01 20:28:29,795 - INFO - Prompt processing progress: 198656/200001
2026-10-01 20:28:34,002 - INFO - Prompt processing progress: 200000/200001
2026-10-01 20:28:34,136 - INFO - Prompt processing progress: 200001/200001
127.0.0.1 - - [01/Oct/2026 20:28:34] "POST /v1/chat/completions HTTP/1.1" 200 -
2026-10-01 20:28:34,801 - INFO - Prompt Cache: 1 sequences, 4.64 GB
2026-10-01 20:28:34,801 - INFO - - assistant: 1 sequences, 4.64 GB
2026-10-01 20:28:34,801 - INFO - - user: 0 sequences, 0.00 GB
2026-10-01 20:28:34,801 - INFO - - system: 0 sequences, 0.00 GB
2026-10-01 20:28:34,861 - INFO - Prompt processing progress: 0/3646
2026-10-01 20:28:49,462 - INFO - Prompt processing progress: 2048/3646
2026-10-01 20:28:54,837 - INFO - Prompt processing progress: 3645/3646
2026-10-01 20:28:54,989 - INFO - Prompt processing progress: 3646/3646
127.0.0.1 - - [01/Oct/2026 20:28:55] "POST /v1/chat/completions HTTP/1.1" 200 -
2026-10-01 20:28:55,614 - INFO - Prompt Cache: 1 sequences, 4.72 GB
2026-10-01 20:28:55,614 - INFO - - assistant: 1 sequences, 4.72 GB
2026-10-01 20:28:55,614 - INFO - - user: 0 sequences, 0.00 GB
2026-10-01 20:28:55,614 - INFO - - system: 0 sequences, 0.00 GB
2026-10-01 20:28:55,672 - INFO - Prompt processing progress: 0/3513
2026-10-01 20:29:11,684 - INFO - Prompt processing progress: 2048/3513
2026-10-01 20:29:16,434 - INFO - Prompt processing progress: 3512/3513
2026-10-01 20:29:16,587 - INFO - Prompt processing progress: 3513/3513
127.0.0.1 - - [01/Oct/2026 20:29:17] "POST /v1/chat/completions HTTP/1.1" 200 -
2026-10-01 20:29:17,215 - INFO - Prompt Cache: 1 sequences, 4.80 GB
2026-10-01 20:29:17,215 - INFO - - assistant: 1 sequences, 4.80 GB
2026-10-01 20:29:17,215 - INFO - - user: 0 sequences, 0.00 GB
2026-10-01 20:29:17,215 - INFO - - system: 0 sequences, 0.00 GB
2026-10-01 20:29:17,273 - INFO - Prompt processing progress: 0/2972
2026-10-01 20:29:34,516 - INFO - Prompt processing progress: 2048/2972
2026-10-01 20:29:37,756 - INFO - Prompt processing progress: 2971/2972
2026-10-01 20:29:37,870 - INFO - Prompt processing progress: 2972/2972
127.0.0.1 - - [01/Oct/2026 20:30:06] "POST /v1/chat/completions HTTP/1.1" 200 -
2026-10-01 20:30:06,365 - INFO - Prompt Cache: 1 sequences, 4.89 GB
2026-10-01 20:30:06,365 - INFO - - assistant: 1 sequences, 4.89 GB
2026-10-01 20:30:06,365 - INFO - - user: 0 sequences, 0.00 GB
2026-10-01 20:30:06,365 - INFO - - system: 0 sequences, 0.00 GB
2026-10-01 20:30:06,425 - INFO - Prompt processing progress: 0/21
2026-10-01 20:30:06,678 - INFO - Prompt processing progress: 20/21
2026-10-01 20:30:06,739 - INFO - Prompt processing progress: 21/21
127.0.0.1 - - [01/Oct/2026 20:30:22] "POST /v1/chat/completions HTTP/1.1" 200 -
2026-10-01 20:30:22,268 - INFO - Prompt Cache: 1 sequences, 4.91 GB
2026-10-01 20:30:22,268 - INFO - - assistant: 1 sequences, 4.91 GB
2026-10-01 20:30:22,268 - INFO - - user: 0 sequences, 0.00 GB
2026-10-01 20:30:22,268 - INFO - - system: 0 sequences, 0.00 GB
2026-10-01 20:30:22,326 - INFO - Prompt processing progress: 0/23
2026-10-01 20:30:22,579 - INFO - Prompt processing progress: 22/23
2026-10-01 20:30:22,642 - INFO - Prompt processing progress: 23/23
127.0.0.1 - - [01/Oct/2026 20:30:33] "POST /v1/chat/completions HTTP/1.1" 200 -
2026-10-01 20:30:33,661 - INFO - Prompt Cache: 1 sequences, 4.92 GB
2026-10-01 20:30:33,661 - INFO - - assistant: 1 sequences, 4.92 GB
2026-10-01 20:30:33,661 - INFO - - user: 0 sequences, 0.00 GB
2026-10-01 20:30:33,661 - INFO - - system: 0 sequences, 0.00 GB
2026-10-01 20:30:33,721 - INFO - Prompt processing progress: 0/21
2026-10-01 20:30:33,973 - INFO - Prompt processing progress: 20/21
2026-10-01 20:30:34,036 - INFO - Prompt processing progress: 21/21
127.0.0.1 - - [01/Oct/2026 20:30:40] "POST /v1/chat/completions HTTP/1.1" 200 -
2026-10-01 20:30:40,681 - INFO - Prompt Cache: 1 sequences, 4.92 GB
2026-10-01 20:30:40,681 - INFO - - assistant: 1 sequences, 4.92 GB
2026-10-01 20:30:40,681 - INFO - - user: 0 sequences, 0.00 GB
2026-10-01 20:30:40,681 - INFO - - system: 0 sequences, 0.00 GB
2026-10-01 20:30:40,742 - INFO - Prompt processing progress: 0/23
2026-10-01 20:30:41,009 - INFO - Prompt processing progress: 22/23
2026-10-01 20:30:41,069 - INFO - Prompt processing progress: 23/23
