<M5_REPO>/vendor/vlm-runtime/.venv/lib/python3.12/site-packages/mlx_lm/server.py:1723: UserWarning: mlx_lm.server is not recommended for production as it only implements basic security checks.
  warnings.warn(
2026-10-02 02:06:40,864 - INFO - Starting httpd at 127.0.0.1 on port 18185...
127.0.0.1 - - [02/Oct/2026 02:06:41] "GET /v1/models HTTP/1.1" 200 -
127.0.0.1 - - [02/Oct/2026 02:06:48] "POST /v1/chat/completions HTTP/1.1" 200 -
2026-10-02 02:06:48,047 - INFO - Prompt Cache: 0 sequences, 0.00 GB
2026-10-02 02:06:48,047 - INFO - - assistant: 0 sequences, 0.00 GB
2026-10-02 02:06:48,047 - INFO - - user: 0 sequences, 0.00 GB
2026-10-02 02:06:48,047 - INFO - - system: 0 sequences, 0.00 GB
2026-10-02 02:06:48,134 - INFO - Prompt processing progress: 0/200020
2026-10-02 02:06:48,454 - INFO - Prompt processing progress: 2048/200020
2026-10-02 02:06:48,671 - INFO - Prompt processing progress: 4096/200020
2026-10-02 02:06:48,896 - INFO - Prompt processing progress: 6144/200020
2026-10-02 02:06:49,127 - INFO - Prompt processing progress: 8192/200020
2026-10-02 02:06:49,367 - INFO - Prompt processing progress: 10240/200020
2026-10-02 02:06:49,618 - INFO - Prompt processing progress: 12288/200020
2026-10-02 02:06:49,879 - INFO - Prompt processing progress: 14336/200020
2026-10-02 02:06:50,149 - INFO - Prompt processing progress: 16384/200020
2026-10-02 02:06:50,427 - INFO - Prompt processing progress: 18432/200020
2026-10-02 02:06:50,717 - INFO - Prompt processing progress: 20480/200020
2026-10-02 02:06:51,015 - INFO - Prompt processing progress: 22528/200020
2026-10-02 02:06:51,323 - INFO - Prompt processing progress: 24576/200020
2026-10-02 02:06:51,643 - INFO - Prompt processing progress: 26624/200020
2026-10-02 02:06:51,973 - INFO - Prompt processing progress: 28672/200020
2026-10-02 02:06:52,312 - INFO - Prompt processing progress: 30720/200020
2026-10-02 02:06:52,660 - INFO - Prompt processing progress: 32768/200020
2026-10-02 02:06:53,017 - INFO - Prompt processing progress: 34816/200020
2026-10-02 02:06:53,384 - INFO - Prompt processing progress: 36864/200020
2026-10-02 02:06:53,763 - INFO - Prompt processing progress: 38912/200020
2026-10-02 02:06:54,150 - INFO - Prompt processing progress: 40960/200020
2026-10-02 02:06:54,548 - INFO - Prompt processing progress: 43008/200020
2026-10-02 02:06:54,953 - INFO - Prompt processing progress: 45056/200020
2026-10-02 02:06:55,372 - INFO - Prompt processing progress: 47104/200020
2026-10-02 02:06:55,799 - INFO - Prompt processing progress: 49152/200020
2026-10-02 02:06:56,236 - INFO - Prompt processing progress: 51200/200020
2026-10-02 02:06:56,681 - INFO - Prompt processing progress: 53248/200020
2026-10-02 02:06:57,137 - INFO - Prompt processing progress: 55296/200020
2026-10-02 02:06:57,601 - INFO - Prompt processing progress: 57344/200020
2026-10-02 02:06:58,075 - INFO - Prompt processing progress: 59392/200020
2026-10-02 02:06:58,560 - INFO - Prompt processing progress: 61440/200020
2026-10-02 02:06:59,058 - INFO - Prompt processing progress: 63488/200020
2026-10-02 02:06:59,563 - INFO - Prompt processing progress: 65536/200020
2026-10-02 02:07:00,079 - INFO - Prompt processing progress: 67584/200020
2026-10-02 02:07:00,605 - INFO - Prompt processing progress: 69632/200020
2026-10-02 02:07:01,140 - INFO - Prompt processing progress: 71680/200020
2026-10-02 02:07:01,684 - INFO - Prompt processing progress: 73728/200020
2026-10-02 02:07:02,238 - INFO - Prompt processing progress: 75776/200020
2026-10-02 02:07:02,801 - INFO - Prompt processing progress: 77824/200020
2026-10-02 02:07:03,376 - INFO - Prompt processing progress: 79872/200020
2026-10-02 02:07:03,959 - INFO - Prompt processing progress: 81920/200020
2026-10-02 02:07:04,554 - INFO - Prompt processing progress: 83968/200020
2026-10-02 02:07:05,159 - INFO - Prompt processing progress: 86016/200020
2026-10-02 02:07:05,773 - INFO - Prompt processing progress: 88064/200020
2026-10-02 02:07:06,400 - INFO - Prompt processing progress: 90112/200020
2026-10-02 02:07:07,029 - INFO - Prompt processing progress: 92160/200020
2026-10-02 02:07:07,676 - INFO - Prompt processing progress: 94208/200020
2026-10-02 02:07:08,325 - INFO - Prompt processing progress: 96256/200020
2026-10-02 02:07:08,986 - INFO - Prompt processing progress: 98304/200020
2026-10-02 02:07:09,661 - INFO - Prompt processing progress: 100352/200020
2026-10-02 02:07:10,345 - INFO - Prompt processing progress: 102400/200020
2026-10-02 02:07:11,041 - INFO - Prompt processing progress: 104448/200020
2026-10-02 02:07:11,744 - INFO - Prompt processing progress: 106496/200020
2026-10-02 02:07:12,459 - INFO - Prompt processing progress: 108544/200020
2026-10-02 02:07:13,183 - INFO - Prompt processing progress: 110592/200020
2026-10-02 02:07:13,918 - INFO - Prompt processing progress: 112640/200020
2026-10-02 02:07:14,663 - INFO - Prompt processing progress: 114688/200020
2026-10-02 02:07:15,419 - INFO - Prompt processing progress: 116736/200020
2026-10-02 02:07:16,184 - INFO - Prompt processing progress: 118784/200020
2026-10-02 02:07:16,962 - INFO - Prompt processing progress: 120832/200020
2026-10-02 02:07:17,743 - INFO - Prompt processing progress: 122880/200020
2026-10-02 02:07:18,538 - INFO - Prompt processing progress: 124928/200020
2026-10-02 02:07:19,334 - INFO - Prompt processing progress: 126976/200020
2026-10-02 02:07:20,145 - INFO - Prompt processing progress: 129024/200020
2026-10-02 02:07:20,965 - INFO - Prompt processing progress: 131072/200020
2026-10-02 02:07:21,791 - INFO - Prompt processing progress: 133120/200020
2026-10-02 02:07:22,628 - INFO - Prompt processing progress: 135168/200020
2026-10-02 02:07:23,470 - INFO - Prompt processing progress: 137216/200020
2026-10-02 02:07:24,329 - INFO - Prompt processing progress: 139264/200020
2026-10-02 02:07:25,196 - INFO - Prompt processing progress: 141312/200020
2026-10-02 02:07:26,074 - INFO - Prompt processing progress: 143360/200020
2026-10-02 02:07:26,953 - INFO - Prompt processing progress: 145408/200020
2026-10-02 02:07:27,854 - INFO - Prompt processing progress: 147456/200020
2026-10-02 02:07:28,765 - INFO - Prompt processing progress: 149504/200020
2026-10-02 02:07:29,687 - INFO - Prompt processing progress: 151552/200020
2026-10-02 02:07:30,611 - INFO - Prompt processing progress: 153600/200020
2026-10-02 02:07:31,549 - INFO - Prompt processing progress: 155648/200020
2026-10-02 02:07:32,499 - INFO - Prompt processing progress: 157696/200020
2026-10-02 02:07:33,456 - INFO - Prompt processing progress: 159744/200020
2026-10-02 02:07:34,430 - INFO - Prompt processing progress: 161792/200020
2026-10-02 02:07:35,410 - INFO - Prompt processing progress: 163840/200020
2026-10-02 02:07:36,401 - INFO - Prompt processing progress: 165888/200020
2026-10-02 02:07:37,398 - INFO - Prompt processing progress: 167936/200020
2026-10-02 02:07:38,412 - INFO - Prompt processing progress: 169984/200020
2026-10-02 02:07:39,438 - INFO - Prompt processing progress: 172032/200020
2026-10-02 02:07:40,472 - INFO - Prompt processing progress: 174080/200020
2026-10-02 02:07:41,517 - INFO - Prompt processing progress: 176128/200020
2026-10-02 02:07:42,571 - INFO - Prompt processing progress: 178176/200020
2026-10-02 02:07:43,633 - INFO - Prompt processing progress: 180224/200020
2026-10-02 02:07:44,708 - INFO - Prompt processing progress: 182272/200020
2026-10-02 02:07:45,791 - INFO - Prompt processing progress: 184320/200020
2026-10-02 02:07:46,889 - INFO - Prompt processing progress: 186368/200020
2026-10-02 02:07:47,988 - INFO - Prompt processing progress: 188416/200020
2026-10-02 02:07:49,103 - INFO - Prompt processing progress: 190464/200020
2026-10-02 02:07:50,229 - INFO - Prompt processing progress: 192512/200020
2026-10-02 02:07:51,359 - INFO - Prompt processing progress: 194560/200020
2026-10-02 02:07:52,504 - INFO - Prompt processing progress: 196608/200020
2026-10-02 02:07:53,661 - INFO - Prompt processing progress: 198656/200020
2026-10-02 02:07:54,553 - INFO - Prompt processing progress: 200019/200020
2026-10-02 02:07:54,590 - INFO - Prompt processing progress: 200020/200020
127.0.0.1 - - [02/Oct/2026 02:07:54] "POST /v1/chat/completions HTTP/1.1" 200 -
2026-10-02 02:07:54,937 - INFO - Prompt Cache: 1 sequences, 4.16 GB
2026-10-02 02:07:54,937 - INFO - - assistant: 1 sequences, 4.16 GB
2026-10-02 02:07:54,937 - INFO - - user: 0 sequences, 0.00 GB
2026-10-02 02:07:54,937 - INFO - - system: 0 sequences, 0.00 GB
2026-10-02 02:07:55,037 - INFO - Prompt processing progress: 0/203677
2026-10-02 02:07:55,249 - INFO - Prompt processing progress: 2048/203677
2026-10-02 02:07:55,467 - INFO - Prompt processing progress: 4096/203677
2026-10-02 02:07:55,694 - INFO - Prompt processing progress: 6144/203677
2026-10-02 02:07:55,929 - INFO - Prompt processing progress: 8192/203677
2026-10-02 02:07:56,171 - INFO - Prompt processing progress: 10240/203677
2026-10-02 02:07:56,425 - INFO - Prompt processing progress: 12288/203677
2026-10-02 02:07:56,688 - INFO - Prompt processing progress: 14336/203677
2026-10-02 02:07:56,960 - INFO - Prompt processing progress: 16384/203677
2026-10-02 02:07:57,239 - INFO - Prompt processing progress: 18432/203677
2026-10-02 02:07:57,530 - INFO - Prompt processing progress: 20480/203677
2026-10-02 02:07:57,828 - INFO - Prompt processing progress: 22528/203677
2026-10-02 02:07:58,137 - INFO - Prompt processing progress: 24576/203677
2026-10-02 02:07:58,457 - INFO - Prompt processing progress: 26624/203677
2026-10-02 02:07:58,785 - INFO - Prompt processing progress: 28672/203677
2026-10-02 02:07:59,124 - INFO - Prompt processing progress: 30720/203677
2026-10-02 02:07:59,472 - INFO - Prompt processing progress: 32768/203677
2026-10-02 02:07:59,829 - INFO - Prompt processing progress: 34816/203677
2026-10-02 02:08:00,196 - INFO - Prompt processing progress: 36864/203677
2026-10-02 02:08:00,572 - INFO - Prompt processing progress: 38912/203677
2026-10-02 02:08:00,958 - INFO - Prompt processing progress: 40960/203677
2026-10-02 02:08:01,353 - INFO - Prompt processing progress: 43008/203677
2026-10-02 02:08:01,758 - INFO - Prompt processing progress: 45056/203677
2026-10-02 02:08:02,174 - INFO - Prompt processing progress: 47104/203677
2026-10-02 02:08:02,600 - INFO - Prompt processing progress: 49152/203677
2026-10-02 02:08:03,037 - INFO - Prompt processing progress: 51200/203677
2026-10-02 02:08:03,485 - INFO - Prompt processing progress: 53248/203677
2026-10-02 02:08:03,941 - INFO - Prompt processing progress: 55296/203677
2026-10-02 02:08:04,406 - INFO - Prompt processing progress: 57344/203677
2026-10-02 02:08:04,883 - INFO - Prompt processing progress: 59392/203677
2026-10-02 02:08:05,368 - INFO - Prompt processing progress: 61440/203677
2026-10-02 02:08:05,862 - INFO - Prompt processing progress: 63488/203677
2026-10-02 02:08:06,366 - INFO - Prompt processing progress: 65536/203677
2026-10-02 02:08:06,880 - INFO - Prompt processing progress: 67584/203677
2026-10-02 02:08:07,408 - INFO - Prompt processing progress: 69632/203677
2026-10-02 02:08:07,945 - INFO - Prompt processing progress: 71680/203677
2026-10-02 02:08:08,490 - INFO - Prompt processing progress: 73728/203677
2026-10-02 02:08:09,046 - INFO - Prompt processing progress: 75776/203677
2026-10-02 02:08:09,614 - INFO - Prompt processing progress: 77824/203677
2026-10-02 02:08:10,190 - INFO - Prompt processing progress: 79872/203677
2026-10-02 02:08:10,778 - INFO - Prompt processing progress: 81920/203677
2026-10-02 02:08:11,372 - INFO - Prompt processing progress: 83968/203677
2026-10-02 02:08:11,980 - INFO - Prompt processing progress: 86016/203677
2026-10-02 02:08:12,596 - INFO - Prompt processing progress: 88064/203677
2026-10-02 02:08:13,224 - INFO - Prompt processing progress: 90112/203677
2026-10-02 02:08:13,861 - INFO - Prompt processing progress: 92160/203677
2026-10-02 02:08:14,504 - INFO - Prompt processing progress: 94208/203677
2026-10-02 02:08:15,159 - INFO - Prompt processing progress: 96256/203677
2026-10-02 02:08:15,825 - INFO - Prompt processing progress: 98304/203677
2026-10-02 02:08:16,498 - INFO - Prompt processing progress: 100352/203677
2026-10-02 02:08:17,184 - INFO - Prompt processing progress: 102400/203677
2026-10-02 02:08:17,875 - INFO - Prompt processing progress: 104448/203677
2026-10-02 02:08:18,580 - INFO - Prompt processing progress: 106496/203677
2026-10-02 02:08:19,293 - INFO - Prompt processing progress: 108544/203677
2026-10-02 02:08:20,012 - INFO - Prompt processing progress: 110592/203677
2026-10-02 02:08:20,749 - INFO - Prompt processing progress: 112640/203677
2026-10-02 02:08:21,491 - INFO - Prompt processing progress: 114688/203677
2026-10-02 02:08:22,243 - INFO - Prompt processing progress: 116736/203677
2026-10-02 02:08:23,005 - INFO - Prompt processing progress: 118784/203677
2026-10-02 02:08:23,770 - INFO - Prompt processing progress: 120832/203677
2026-10-02 02:08:24,555 - INFO - Prompt processing progress: 122880/203677
2026-10-02 02:08:25,348 - INFO - Prompt processing progress: 124928/203677
2026-10-02 02:08:26,154 - INFO - Prompt processing progress: 126976/203677
2026-10-02 02:08:26,956 - INFO - Prompt processing progress: 129024/203677
2026-10-02 02:08:27,780 - INFO - Prompt processing progress: 131072/203677
2026-10-02 02:08:28,617 - INFO - Prompt processing progress: 133120/203677
2026-10-02 02:08:29,463 - INFO - Prompt processing progress: 135168/203677
2026-10-02 02:08:30,316 - INFO - Prompt processing progress: 137216/203677
2026-10-02 02:08:31,185 - INFO - Prompt processing progress: 139264/203677
2026-10-02 02:08:32,062 - INFO - Prompt processing progress: 141312/203677
2026-10-02 02:08:32,950 - INFO - Prompt processing progress: 143360/203677
2026-10-02 02:08:33,845 - INFO - Prompt processing progress: 145408/203677
2026-10-02 02:08:34,752 - INFO - Prompt processing progress: 147456/203677
2026-10-02 02:08:35,669 - INFO - Prompt processing progress: 149504/203677
2026-10-02 02:08:36,596 - INFO - Prompt processing progress: 151552/203677
2026-10-02 02:08:37,518 - INFO - Prompt processing progress: 153600/203677
2026-10-02 02:08:38,465 - INFO - Prompt processing progress: 155648/203677
2026-10-02 02:08:39,421 - INFO - Prompt processing progress: 157696/203677
2026-10-02 02:08:40,384 - INFO - Prompt processing progress: 159744/203677
2026-10-02 02:08:41,363 - INFO - Prompt processing progress: 161792/203677
2026-10-02 02:08:42,352 - INFO - Prompt processing progress: 163840/203677
2026-10-02 02:08:43,350 - INFO - Prompt processing progress: 165888/203677
2026-10-02 02:08:44,352 - INFO - Prompt processing progress: 167936/203677
2026-10-02 02:08:45,369 - INFO - Prompt processing progress: 169984/203677
2026-10-02 02:08:46,399 - INFO - Prompt processing progress: 172032/203677
2026-10-02 02:08:47,429 - INFO - Prompt processing progress: 174080/203677
2026-10-02 02:08:48,477 - INFO - Prompt processing progress: 176128/203677
2026-10-02 02:08:49,536 - INFO - Prompt processing progress: 178176/203677
2026-10-02 02:08:50,598 - INFO - Prompt processing progress: 180224/203677
2026-10-02 02:08:51,676 - INFO - Prompt processing progress: 182272/203677
2026-10-02 02:08:52,764 - INFO - Prompt processing progress: 184320/203677
2026-10-02 02:08:53,860 - INFO - Prompt processing progress: 186368/203677
2026-10-02 02:08:54,965 - INFO - Prompt processing progress: 188416/203677
2026-10-02 02:08:56,085 - INFO - Prompt processing progress: 190464/203677
2026-10-02 02:08:57,210 - INFO - Prompt processing progress: 192512/203677
2026-10-02 02:08:58,342 - INFO - Prompt processing progress: 194560/203677
2026-10-02 02:08:59,483 - INFO - Prompt processing progress: 196608/203677
2026-10-02 02:09:00,639 - INFO - Prompt processing progress: 198656/203677
2026-10-02 02:09:01,804 - INFO - Prompt processing progress: 200704/203677
2026-10-02 02:09:02,976 - INFO - Prompt processing progress: 202752/203677
2026-10-02 02:09:03,906 - INFO - Prompt processing progress: 203676/203677
2026-10-02 02:09:03,944 - INFO - Prompt processing progress: 203677/203677
127.0.0.1 - - [02/Oct/2026 02:09:08] "POST /v1/chat/completions HTTP/1.1" 200 -
2026-10-02 02:09:08,496 - INFO - Prompt Cache: 1 sequences, 4.24 GB
2026-10-02 02:09:08,496 - INFO - - assistant: 1 sequences, 4.24 GB
2026-10-02 02:09:08,496 - INFO - - user: 0 sequences, 0.00 GB
2026-10-02 02:09:08,496 - INFO - - system: 0 sequences, 0.00 GB
2026-10-02 02:09:08,595 - INFO - Prompt processing progress: 0/204047
2026-10-02 02:09:08,813 - INFO - Prompt processing progress: 2048/204047
2026-10-02 02:09:09,032 - INFO - Prompt processing progress: 4096/204047
2026-10-02 02:09:09,257 - INFO - Prompt processing progress: 6144/204047
2026-10-02 02:09:09,491 - INFO - Prompt processing progress: 8192/204047
2026-10-02 02:09:09,735 - INFO - Prompt processing progress: 10240/204047
2026-10-02 02:09:09,988 - INFO - Prompt processing progress: 12288/204047
2026-10-02 02:09:10,251 - INFO - Prompt processing progress: 14336/204047
2026-10-02 02:09:10,524 - INFO - Prompt processing progress: 16384/204047
2026-10-02 02:09:10,803 - INFO - Prompt processing progress: 18432/204047
2026-10-02 02:09:11,094 - INFO - Prompt processing progress: 20480/204047
2026-10-02 02:09:11,394 - INFO - Prompt processing progress: 22528/204047
2026-10-02 02:09:11,703 - INFO - Prompt processing progress: 24576/204047
2026-10-02 02:09:12,022 - INFO - Prompt processing progress: 26624/204047
2026-10-02 02:09:12,352 - INFO - Prompt processing progress: 28672/204047
2026-10-02 02:09:12,690 - INFO - Prompt processing progress: 30720/204047
2026-10-02 02:09:13,040 - INFO - Prompt processing progress: 32768/204047
2026-10-02 02:09:13,397 - INFO - Prompt processing progress: 34816/204047
2026-10-02 02:09:13,764 - INFO - Prompt processing progress: 36864/204047
2026-10-02 02:09:14,139 - INFO - Prompt processing progress: 38912/204047
2026-10-02 02:09:14,527 - INFO - Prompt processing progress: 40960/204047
2026-10-02 02:09:14,920 - INFO - Prompt processing progress: 43008/204047
2026-10-02 02:09:15,327 - INFO - Prompt processing progress: 45056/204047
2026-10-02 02:09:15,744 - INFO - Prompt processing progress: 47104/204047
2026-10-02 02:09:16,171 - INFO - Prompt processing progress: 49152/204047
2026-10-02 02:09:16,607 - INFO - Prompt processing progress: 51200/204047
2026-10-02 02:09:17,056 - INFO - Prompt processing progress: 53248/204047
2026-10-02 02:09:17,515 - INFO - Prompt processing progress: 55296/204047
2026-10-02 02:09:17,981 - INFO - Prompt processing progress: 57344/204047
2026-10-02 02:09:18,459 - INFO - Prompt processing progress: 59392/204047
2026-10-02 02:09:18,948 - INFO - Prompt processing progress: 61440/204047
2026-10-02 02:09:19,445 - INFO - Prompt processing progress: 63488/204047
2026-10-02 02:09:19,951 - INFO - Prompt processing progress: 65536/204047
2026-10-02 02:09:20,468 - INFO - Prompt processing progress: 67584/204047
2026-10-02 02:09:20,995 - INFO - Prompt processing progress: 69632/204047
2026-10-02 02:09:21,529 - INFO - Prompt processing progress: 71680/204047
2026-10-02 02:09:22,079 - INFO - Prompt processing progress: 73728/204047
2026-10-02 02:09:22,634 - INFO - Prompt processing progress: 75776/204047
2026-10-02 02:09:23,203 - INFO - Prompt processing progress: 77824/204047
2026-10-02 02:09:23,778 - INFO - Prompt processing progress: 79872/204047
2026-10-02 02:09:24,367 - INFO - Prompt processing progress: 81920/204047
2026-10-02 02:09:24,960 - INFO - Prompt processing progress: 83968/204047
2026-10-02 02:09:25,566 - INFO - Prompt processing progress: 86016/204047
2026-10-02 02:09:26,182 - INFO - Prompt processing progress: 88064/204047
2026-10-02 02:09:26,807 - INFO - Prompt processing progress: 90112/204047
2026-10-02 02:09:27,445 - INFO - Prompt processing progress: 92160/204047
2026-10-02 02:09:28,091 - INFO - Prompt processing progress: 94208/204047
2026-10-02 02:09:28,748 - INFO - Prompt processing progress: 96256/204047
2026-10-02 02:09:29,411 - INFO - Prompt processing progress: 98304/204047
2026-10-02 02:09:30,087 - INFO - Prompt processing progress: 100352/204047
2026-10-02 02:09:30,766 - INFO - Prompt processing progress: 102400/204047
2026-10-02 02:09:31,463 - INFO - Prompt processing progress: 104448/204047
2026-10-02 02:09:32,169 - INFO - Prompt processing progress: 106496/204047
2026-10-02 02:09:32,885 - INFO - Prompt processing progress: 108544/204047
2026-10-02 02:09:33,613 - INFO - Prompt processing progress: 110592/204047
2026-10-02 02:09:34,343 - INFO - Prompt processing progress: 112640/204047
2026-10-02 02:09:35,090 - INFO - Prompt processing progress: 114688/204047
2026-10-02 02:09:35,843 - INFO - Prompt processing progress: 116736/204047
2026-10-02 02:09:36,610 - INFO - Prompt processing progress: 118784/204047
2026-10-02 02:09:37,386 - INFO - Prompt processing progress: 120832/204047
2026-10-02 02:09:38,159 - INFO - Prompt processing progress: 122880/204047
2026-10-02 02:09:38,955 - INFO - Prompt processing progress: 124928/204047
2026-10-02 02:09:39,762 - INFO - Prompt processing progress: 126976/204047
2026-10-02 02:09:40,574 - INFO - Prompt processing progress: 129024/204047
2026-10-02 02:09:41,397 - INFO - Prompt processing progress: 131072/204047
2026-10-02 02:09:42,234 - INFO - Prompt processing progress: 133120/204047
2026-10-02 02:09:43,073 - INFO - Prompt processing progress: 135168/204047
2026-10-02 02:09:43,930 - INFO - Prompt processing progress: 137216/204047
2026-10-02 02:09:44,792 - INFO - Prompt processing progress: 139264/204047
2026-10-02 02:09:45,666 - INFO - Prompt processing progress: 141312/204047
2026-10-02 02:09:46,550 - INFO - Prompt processing progress: 143360/204047
2026-10-02 02:09:47,440 - INFO - Prompt processing progress: 145408/204047
2026-10-02 02:09:48,340 - INFO - Prompt processing progress: 147456/204047
2026-10-02 02:09:49,255 - INFO - Prompt processing progress: 149504/204047
2026-10-02 02:09:50,183 - INFO - Prompt processing progress: 151552/204047
2026-10-02 02:09:51,115 - INFO - Prompt processing progress: 153600/204047
2026-10-02 02:09:52,059 - INFO - Prompt processing progress: 155648/204047
2026-10-02 02:09:53,008 - INFO - Prompt processing progress: 157696/204047
2026-10-02 02:09:53,972 - INFO - Prompt processing progress: 159744/204047
2026-10-02 02:09:54,945 - INFO - Prompt processing progress: 161792/204047
2026-10-02 02:09:55,929 - INFO - Prompt processing progress: 163840/204047
2026-10-02 02:09:56,923 - INFO - Prompt processing progress: 165888/204047
2026-10-02 02:09:57,925 - INFO - Prompt processing progress: 167936/204047
2026-10-02 02:09:58,942 - INFO - Prompt processing progress: 169984/204047
2026-10-02 02:09:59,960 - INFO - Prompt processing progress: 172032/204047
2026-10-02 02:10:00,990 - INFO - Prompt processing progress: 174080/204047
2026-10-02 02:10:02,031 - INFO - Prompt processing progress: 176128/204047
2026-10-02 02:10:03,084 - INFO - Prompt processing progress: 178176/204047
2026-10-02 02:10:04,150 - INFO - Prompt processing progress: 180224/204047
2026-10-02 02:10:05,215 - INFO - Prompt processing progress: 182272/204047
2026-10-02 02:10:06,295 - INFO - Prompt processing progress: 184320/204047
2026-10-02 02:10:07,388 - INFO - Prompt processing progress: 186368/204047
2026-10-02 02:10:08,493 - INFO - Prompt processing progress: 188416/204047
2026-10-02 02:10:09,607 - INFO - Prompt processing progress: 190464/204047
2026-10-02 02:10:10,730 - INFO - Prompt processing progress: 192512/204047
2026-10-02 02:10:11,862 - INFO - Prompt processing progress: 194560/204047
2026-10-02 02:10:13,007 - INFO - Prompt processing progress: 196608/204047
2026-10-02 02:10:14,154 - INFO - Prompt processing progress: 198656/204047
2026-10-02 02:10:15,316 - INFO - Prompt processing progress: 200704/204047
2026-10-02 02:10:16,489 - INFO - Prompt processing progress: 202752/204047
2026-10-02 02:10:17,368 - INFO - Prompt processing progress: 204046/204047
2026-10-02 02:10:17,396 - INFO - Prompt processing progress: 204047/204047
127.0.0.1 - - [02/Oct/2026 02:10:19] "POST /v1/chat/completions HTTP/1.1" 200 -
2026-10-02 02:10:19,749 - INFO - Prompt Cache: 1 sequences, 4.25 GB
2026-10-02 02:10:19,749 - INFO - - assistant: 1 sequences, 4.25 GB
2026-10-02 02:10:19,749 - INFO - - user: 0 sequences, 0.00 GB
2026-10-02 02:10:19,749 - INFO - - system: 0 sequences, 0.00 GB
2026-10-02 02:10:19,849 - INFO - Prompt processing progress: 0/204563
2026-10-02 02:10:20,209 - INFO - Prompt processing progress: 2048/204563
2026-10-02 02:10:20,429 - INFO - Prompt processing progress: 4096/204563
2026-10-02 02:10:20,654 - INFO - Prompt processing progress: 6144/204563
2026-10-02 02:10:20,889 - INFO - Prompt processing progress: 8192/204563
2026-10-02 02:10:21,133 - INFO - Prompt processing progress: 10240/204563
2026-10-02 02:10:21,385 - INFO - Prompt processing progress: 12288/204563
2026-10-02 02:10:21,647 - INFO - Prompt processing progress: 14336/204563
2026-10-02 02:10:21,917 - INFO - Prompt processing progress: 16384/204563
2026-10-02 02:10:22,196 - INFO - Prompt processing progress: 18432/204563
2026-10-02 02:10:22,486 - INFO - Prompt processing progress: 20480/204563
2026-10-02 02:10:22,784 - INFO - Prompt processing progress: 22528/204563
2026-10-02 02:10:23,093 - INFO - Prompt processing progress: 24576/204563
2026-10-02 02:10:23,412 - INFO - Prompt processing progress: 26624/204563
2026-10-02 02:10:23,740 - INFO - Prompt processing progress: 28672/204563
2026-10-02 02:10:24,077 - INFO - Prompt processing progress: 30720/204563
2026-10-02 02:10:24,424 - INFO - Prompt processing progress: 32768/204563
2026-10-02 02:10:24,781 - INFO - Prompt processing progress: 34816/204563
2026-10-02 02:10:25,147 - INFO - Prompt processing progress: 36864/204563
2026-10-02 02:10:25,522 - INFO - Prompt processing progress: 38912/204563
2026-10-02 02:10:25,907 - INFO - Prompt processing progress: 40960/204563
2026-10-02 02:10:26,302 - INFO - Prompt processing progress: 43008/204563
2026-10-02 02:10:26,707 - INFO - Prompt processing progress: 45056/204563
2026-10-02 02:10:27,123 - INFO - Prompt processing progress: 47104/204563
2026-10-02 02:10:27,547 - INFO - Prompt processing progress: 49152/204563
2026-10-02 02:10:27,984 - INFO - Prompt processing progress: 51200/204563
2026-10-02 02:10:28,429 - INFO - Prompt processing progress: 53248/204563
2026-10-02 02:10:28,886 - INFO - Prompt processing progress: 55296/204563
2026-10-02 02:10:29,351 - INFO - Prompt processing progress: 57344/204563
2026-10-02 02:10:29,826 - INFO - Prompt processing progress: 59392/204563
2026-10-02 02:10:30,308 - INFO - Prompt processing progress: 61440/204563
2026-10-02 02:10:30,801 - INFO - Prompt processing progress: 63488/204563
2026-10-02 02:10:31,305 - INFO - Prompt processing progress: 65536/204563
2026-10-02 02:10:31,819 - INFO - Prompt processing progress: 67584/204563
2026-10-02 02:10:32,341 - INFO - Prompt processing progress: 69632/204563
2026-10-02 02:10:32,872 - INFO - Prompt processing progress: 71680/204563
2026-10-02 02:10:33,414 - INFO - Prompt processing progress: 73728/204563
2026-10-02 02:10:33,963 - INFO - Prompt processing progress: 75776/204563
2026-10-02 02:10:34,527 - INFO - Prompt processing progress: 77824/204563
2026-10-02 02:10:35,104 - INFO - Prompt processing progress: 79872/204563
2026-10-02 02:10:35,690 - INFO - Prompt processing progress: 81920/204563
2026-10-02 02:10:36,282 - INFO - Prompt processing progress: 83968/204563
2026-10-02 02:10:36,888 - INFO - Prompt processing progress: 86016/204563
2026-10-02 02:10:37,501 - INFO - Prompt processing progress: 88064/204563
2026-10-02 02:10:38,130 - INFO - Prompt processing progress: 90112/204563
2026-10-02 02:10:38,764 - INFO - Prompt processing progress: 92160/204563
2026-10-02 02:10:39,405 - INFO - Prompt processing progress: 94208/204563
2026-10-02 02:10:40,060 - INFO - Prompt processing progress: 96256/204563
2026-10-02 02:10:40,723 - INFO - Prompt processing progress: 98304/204563
2026-10-02 02:10:41,400 - INFO - Prompt processing progress: 100352/204563
2026-10-02 02:10:42,087 - INFO - Prompt processing progress: 102400/204563
2026-10-02 02:10:42,778 - INFO - Prompt processing progress: 104448/204563
2026-10-02 02:10:43,484 - INFO - Prompt processing progress: 106496/204563
2026-10-02 02:10:44,201 - INFO - Prompt processing progress: 108544/204563
2026-10-02 02:10:44,922 - INFO - Prompt processing progress: 110592/204563
2026-10-02 02:10:45,654 - INFO - Prompt processing progress: 112640/204563
2026-10-02 02:10:46,392 - INFO - Prompt processing progress: 114688/204563
2026-10-02 02:10:47,139 - INFO - Prompt processing progress: 116736/204563
2026-10-02 02:10:47,900 - INFO - Prompt processing progress: 118784/204563
2026-10-02 02:10:48,663 - INFO - Prompt processing progress: 120832/204563
2026-10-02 02:10:49,440 - INFO - Prompt processing progress: 122880/204563
2026-10-02 02:10:50,227 - INFO - Prompt processing progress: 124928/204563
2026-10-02 02:10:51,022 - INFO - Prompt processing progress: 126976/204563
2026-10-02 02:10:51,830 - INFO - Prompt processing progress: 129024/204563
2026-10-02 02:10:52,646 - INFO - Prompt processing progress: 131072/204563
2026-10-02 02:10:53,475 - INFO - Prompt processing progress: 133120/204563
2026-10-02 02:10:54,307 - INFO - Prompt processing progress: 135168/204563
2026-10-02 02:10:55,153 - INFO - Prompt processing progress: 137216/204563
2026-10-02 02:10:56,009 - INFO - Prompt processing progress: 139264/204563
2026-10-02 02:10:56,863 - INFO - Prompt processing progress: 141312/204563
2026-10-02 02:10:57,745 - INFO - Prompt processing progress: 143360/204563
2026-10-02 02:10:58,636 - INFO - Prompt processing progress: 145408/204563
2026-10-02 02:10:59,534 - INFO - Prompt processing progress: 147456/204563
2026-10-02 02:11:00,445 - INFO - Prompt processing progress: 149504/204563
2026-10-02 02:11:01,361 - INFO - Prompt processing progress: 151552/204563
2026-10-02 02:11:02,294 - INFO - Prompt processing progress: 153600/204563
2026-10-02 02:11:03,241 - INFO - Prompt processing progress: 155648/204563
2026-10-02 02:11:04,191 - INFO - Prompt processing progress: 157696/204563
2026-10-02 02:11:05,152 - INFO - Prompt processing progress: 159744/204563
2026-10-02 02:11:06,127 - INFO - Prompt processing progress: 161792/204563
2026-10-02 02:11:07,115 - INFO - Prompt processing progress: 163840/204563
2026-10-02 02:11:08,106 - INFO - Prompt processing progress: 165888/204563
2026-10-02 02:11:09,106 - INFO - Prompt processing progress: 167936/204563
2026-10-02 02:11:10,121 - INFO - Prompt processing progress: 169984/204563
2026-10-02 02:11:11,148 - INFO - Prompt processing progress: 172032/204563
2026-10-02 02:11:12,177 - INFO - Prompt processing progress: 174080/204563
2026-10-02 02:11:13,217 - INFO - Prompt processing progress: 176128/204563
2026-10-02 02:11:14,269 - INFO - Prompt processing progress: 178176/204563
2026-10-02 02:11:15,337 - INFO - Prompt processing progress: 180224/204563
2026-10-02 02:11:16,403 - INFO - Prompt processing progress: 182272/204563
2026-10-02 02:11:17,484 - INFO - Prompt processing progress: 184320/204563
2026-10-02 02:11:18,576 - INFO - Prompt processing progress: 186368/204563
2026-10-02 02:11:19,685 - INFO - Prompt processing progress: 188416/204563
2026-10-02 02:11:20,784 - INFO - Prompt processing progress: 190464/204563
2026-10-02 02:11:21,881 - INFO - Prompt processing progress: 192512/204563
2026-10-02 02:11:22,993 - INFO - Prompt processing progress: 194560/204563
2026-10-02 02:11:24,115 - INFO - Prompt processing progress: 196608/204563
2026-10-02 02:11:25,262 - INFO - Prompt processing progress: 198656/204563
2026-10-02 02:11:26,415 - INFO - Prompt processing progress: 200704/204563
2026-10-02 02:11:27,573 - INFO - Prompt processing progress: 202752/204563
2026-10-02 02:11:28,516 - INFO - Prompt processing progress: 204562/204563
2026-10-02 02:11:28,544 - INFO - Prompt processing progress: 204563/204563
127.0.0.1 - - [02/Oct/2026 02:11:49] "POST /v1/chat/completions HTTP/1.1" 200 -
2026-10-02 02:11:49,110 - INFO - Prompt Cache: 1 sequences, 4.29 GB
2026-10-02 02:11:49,110 - INFO - - assistant: 1 sequences, 4.29 GB
2026-10-02 02:11:49,111 - INFO - - user: 0 sequences, 0.00 GB
2026-10-02 02:11:49,111 - INFO - - system: 0 sequences, 0.00 GB
2026-10-02 02:11:49,209 - INFO - Prompt processing progress: 0/206201
2026-10-02 02:11:49,427 - INFO - Prompt processing progress: 2048/206201
2026-10-02 02:11:49,646 - INFO - Prompt processing progress: 4096/206201
2026-10-02 02:11:49,871 - INFO - Prompt processing progress: 6144/206201
2026-10-02 02:11:50,106 - INFO - Prompt processing progress: 8192/206201
2026-10-02 02:11:50,349 - INFO - Prompt processing progress: 10240/206201
2026-10-02 02:11:50,602 - INFO - Prompt processing progress: 12288/206201
2026-10-02 02:11:50,863 - INFO - Prompt processing progress: 14336/206201
2026-10-02 02:11:51,135 - INFO - Prompt processing progress: 16384/206201
2026-10-02 02:11:51,416 - INFO - Prompt processing progress: 18432/206201
2026-10-02 02:11:51,706 - INFO - Prompt processing progress: 20480/206201
2026-10-02 02:11:52,004 - INFO - Prompt processing progress: 22528/206201
2026-10-02 02:11:52,313 - INFO - Prompt processing progress: 24576/206201
2026-10-02 02:11:52,634 - INFO - Prompt processing progress: 26624/206201
2026-10-02 02:11:52,962 - INFO - Prompt processing progress: 28672/206201
2026-10-02 02:11:53,302 - INFO - Prompt processing progress: 30720/206201
2026-10-02 02:11:53,650 - INFO - Prompt processing progress: 32768/206201
2026-10-02 02:11:54,007 - INFO - Prompt processing progress: 34816/206201
2026-10-02 02:11:54,374 - INFO - Prompt processing progress: 36864/206201
2026-10-02 02:11:54,750 - INFO - Prompt processing progress: 38912/206201
2026-10-02 02:11:55,135 - INFO - Prompt processing progress: 40960/206201
2026-10-02 02:11:55,530 - INFO - Prompt processing progress: 43008/206201
2026-10-02 02:11:55,935 - INFO - Prompt processing progress: 45056/206201
2026-10-02 02:11:56,351 - INFO - Prompt processing progress: 47104/206201
2026-10-02 02:11:56,777 - INFO - Prompt processing progress: 49152/206201
2026-10-02 02:11:57,213 - INFO - Prompt processing progress: 51200/206201
2026-10-02 02:11:57,659 - INFO - Prompt processing progress: 53248/206201
2026-10-02 02:11:58,114 - INFO - Prompt processing progress: 55296/206201
2026-10-02 02:11:58,578 - INFO - Prompt processing progress: 57344/206201
2026-10-02 02:11:59,052 - INFO - Prompt processing progress: 59392/206201
2026-10-02 02:11:59,535 - INFO - Prompt processing progress: 61440/206201
2026-10-02 02:12:00,032 - INFO - Prompt processing progress: 63488/206201
2026-10-02 02:12:00,537 - INFO - Prompt processing progress: 65536/206201
2026-10-02 02:12:01,053 - INFO - Prompt processing progress: 67584/206201
2026-10-02 02:12:01,579 - INFO - Prompt processing progress: 69632/206201
2026-10-02 02:12:02,110 - INFO - Prompt processing progress: 71680/206201
2026-10-02 02:12:02,656 - INFO - Prompt processing progress: 73728/206201
2026-10-02 02:12:03,212 - INFO - Prompt processing progress: 75776/206201
2026-10-02 02:12:03,780 - INFO - Prompt processing progress: 77824/206201
2026-10-02 02:12:04,351 - INFO - Prompt processing progress: 79872/206201
2026-10-02 02:12:04,935 - INFO - Prompt processing progress: 81920/206201
2026-10-02 02:12:05,533 - INFO - Prompt processing progress: 83968/206201
2026-10-02 02:12:06,135 - INFO - Prompt processing progress: 86016/206201
2026-10-02 02:12:06,752 - INFO - Prompt processing progress: 88064/206201
2026-10-02 02:12:07,376 - INFO - Prompt processing progress: 90112/206201
2026-10-02 02:12:08,011 - INFO - Prompt processing progress: 92160/206201
2026-10-02 02:12:08,659 - INFO - Prompt processing progress: 94208/206201
2026-10-02 02:12:09,312 - INFO - Prompt processing progress: 96256/206201
2026-10-02 02:12:09,978 - INFO - Prompt processing progress: 98304/206201
2026-10-02 02:12:10,647 - INFO - Prompt processing progress: 100352/206201
2026-10-02 02:12:11,332 - INFO - Prompt processing progress: 102400/206201
2026-10-02 02:12:12,028 - INFO - Prompt processing progress: 104448/206201
2026-10-02 02:12:12,732 - INFO - Prompt processing progress: 106496/206201
2026-10-02 02:12:13,443 - INFO - Prompt processing progress: 108544/206201
2026-10-02 02:12:14,168 - INFO - Prompt processing progress: 110592/206201
2026-10-02 02:12:14,901 - INFO - Prompt processing progress: 112640/206201
2026-10-02 02:12:15,644 - INFO - Prompt processing progress: 114688/206201
2026-10-02 02:12:16,394 - INFO - Prompt processing progress: 116736/206201
2026-10-02 02:12:17,157 - INFO - Prompt processing progress: 118784/206201
2026-10-02 02:12:17,923 - INFO - Prompt processing progress: 120832/206201
2026-10-02 02:12:18,705 - INFO - Prompt processing progress: 122880/206201
2026-10-02 02:12:19,498 - INFO - Prompt processing progress: 124928/206201
2026-10-02 02:12:20,295 - INFO - Prompt processing progress: 126976/206201
2026-10-02 02:12:21,109 - INFO - Prompt processing progress: 129024/206201
2026-10-02 02:12:21,930 - INFO - Prompt processing progress: 131072/206201
2026-10-02 02:12:22,763 - INFO - Prompt processing progress: 133120/206201
2026-10-02 02:12:23,600 - INFO - Prompt processing progress: 135168/206201
2026-10-02 02:12:24,441 - INFO - Prompt processing progress: 137216/206201
2026-10-02 02:12:25,299 - INFO - Prompt processing progress: 139264/206201
2026-10-02 02:12:26,160 - INFO - Prompt processing progress: 141312/206201
2026-10-02 02:12:27,045 - INFO - Prompt processing progress: 143360/206201
2026-10-02 02:12:27,933 - INFO - Prompt processing progress: 145408/206201
2026-10-02 02:12:28,838 - INFO - Prompt processing progress: 147456/206201
2026-10-02 02:12:29,745 - INFO - Prompt processing progress: 149504/206201
2026-10-02 02:12:30,669 - INFO - Prompt processing progress: 151552/206201
2026-10-02 02:12:31,604 - INFO - Prompt processing progress: 153600/206201
2026-10-02 02:12:32,548 - INFO - Prompt processing progress: 155648/206201
2026-10-02 02:12:33,503 - INFO - Prompt processing progress: 157696/206201
2026-10-02 02:12:34,470 - INFO - Prompt processing progress: 159744/206201
2026-10-02 02:12:35,440 - INFO - Prompt processing progress: 161792/206201
2026-10-02 02:12:36,423 - INFO - Prompt processing progress: 163840/206201
2026-10-02 02:12:37,418 - INFO - Prompt processing progress: 165888/206201
2026-10-02 02:12:38,422 - INFO - Prompt processing progress: 167936/206201
2026-10-02 02:12:39,431 - INFO - Prompt processing progress: 169984/206201
2026-10-02 02:12:40,445 - INFO - Prompt processing progress: 172032/206201
2026-10-02 02:12:41,480 - INFO - Prompt processing progress: 174080/206201
2026-10-02 02:12:42,524 - INFO - Prompt processing progress: 176128/206201
2026-10-02 02:12:43,581 - INFO - Prompt processing progress: 178176/206201
2026-10-02 02:12:44,639 - INFO - Prompt processing progress: 180224/206201
2026-10-02 02:12:45,713 - INFO - Prompt processing progress: 182272/206201
2026-10-02 02:12:46,796 - INFO - Prompt processing progress: 184320/206201
2026-10-02 02:12:47,891 - INFO - Prompt processing progress: 186368/206201
2026-10-02 02:12:48,994 - INFO - Prompt processing progress: 188416/206201
2026-10-02 02:12:50,109 - INFO - Prompt processing progress: 190464/206201
2026-10-02 02:12:51,234 - INFO - Prompt processing progress: 192512/206201
2026-10-02 02:12:52,368 - INFO - Prompt processing progress: 194560/206201
2026-10-02 02:12:53,509 - INFO - Prompt processing progress: 196608/206201
2026-10-02 02:12:54,665 - INFO - Prompt processing progress: 198656/206201
2026-10-02 02:12:55,824 - INFO - Prompt processing progress: 200704/206201
2026-10-02 02:12:56,998 - INFO - Prompt processing progress: 202752/206201
2026-10-02 02:12:58,183 - INFO - Prompt processing progress: 204800/206201
2026-10-02 02:12:59,095 - INFO - Prompt processing progress: 206200/206201
2026-10-02 02:12:59,128 - INFO - Prompt processing progress: 206201/206201
127.0.0.1 - - [02/Oct/2026 02:13:01] "POST /v1/chat/completions HTTP/1.1" 200 -
2026-10-02 02:13:01,419 - INFO - Prompt Cache: 1 sequences, 4.29 GB
2026-10-02 02:13:01,419 - INFO - - assistant: 1 sequences, 4.29 GB
2026-10-02 02:13:01,419 - INFO - - user: 0 sequences, 0.00 GB
2026-10-02 02:13:01,420 - INFO - - system: 0 sequences, 0.00 GB
2026-10-02 02:13:01,519 - INFO - Prompt processing progress: 0/206717
2026-10-02 02:13:01,882 - INFO - Prompt processing progress: 2048/206717
2026-10-02 02:13:02,102 - INFO - Prompt processing progress: 4096/206717
2026-10-02 02:13:02,327 - INFO - Prompt processing progress: 6144/206717
2026-10-02 02:13:02,561 - INFO - Prompt processing progress: 8192/206717
2026-10-02 02:13:02,803 - INFO - Prompt processing progress: 10240/206717
2026-10-02 02:13:03,055 - INFO - Prompt processing progress: 12288/206717
2026-10-02 02:13:03,317 - INFO - Prompt processing progress: 14336/206717
2026-10-02 02:13:03,588 - INFO - Prompt processing progress: 16384/206717
2026-10-02 02:13:03,867 - INFO - Prompt processing progress: 18432/206717
2026-10-02 02:13:04,157 - INFO - Prompt processing progress: 20480/206717
2026-10-02 02:13:04,456 - INFO - Prompt processing progress: 22528/206717
2026-10-02 02:13:04,764 - INFO - Prompt processing progress: 24576/206717
2026-10-02 02:13:05,083 - INFO - Prompt processing progress: 26624/206717
2026-10-02 02:13:05,412 - INFO - Prompt processing progress: 28672/206717
2026-10-02 02:13:05,750 - INFO - Prompt processing progress: 30720/206717
2026-10-02 02:13:06,099 - INFO - Prompt processing progress: 32768/206717
2026-10-02 02:13:06,457 - INFO - Prompt processing progress: 34816/206717
2026-10-02 02:13:06,824 - INFO - Prompt processing progress: 36864/206717
2026-10-02 02:13:07,201 - INFO - Prompt processing progress: 38912/206717
2026-10-02 02:13:07,588 - INFO - Prompt processing progress: 40960/206717
2026-10-02 02:13:07,984 - INFO - Prompt processing progress: 43008/206717
2026-10-02 02:13:08,388 - INFO - Prompt processing progress: 45056/206717
2026-10-02 02:13:08,805 - INFO - Prompt processing progress: 47104/206717
2026-10-02 02:13:09,230 - INFO - Prompt processing progress: 49152/206717
2026-10-02 02:13:09,666 - INFO - Prompt processing progress: 51200/206717
2026-10-02 02:13:10,111 - INFO - Prompt processing progress: 53248/206717
2026-10-02 02:13:10,565 - INFO - Prompt processing progress: 55296/206717
2026-10-02 02:13:11,031 - INFO - Prompt processing progress: 57344/206717
2026-10-02 02:13:11,505 - INFO - Prompt processing progress: 59392/206717
2026-10-02 02:13:11,988 - INFO - Prompt processing progress: 61440/206717
2026-10-02 02:13:12,483 - INFO - Prompt processing progress: 63488/206717
2026-10-02 02:13:12,990 - INFO - Prompt processing progress: 65536/206717
2026-10-02 02:13:13,504 - INFO - Prompt processing progress: 67584/206717
2026-10-02 02:13:14,030 - INFO - Prompt processing progress: 69632/206717
2026-10-02 02:13:14,564 - INFO - Prompt processing progress: 71680/206717
2026-10-02 02:13:15,108 - INFO - Prompt processing progress: 73728/206717
2026-10-02 02:13:15,662 - INFO - Prompt processing progress: 75776/206717
2026-10-02 02:13:16,228 - INFO - Prompt processing progress: 77824/206717
2026-10-02 02:13:16,804 - INFO - Prompt processing progress: 79872/206717
2026-10-02 02:13:17,388 - INFO - Prompt processing progress: 81920/206717
2026-10-02 02:13:17,983 - INFO - Prompt processing progress: 83968/206717
2026-10-02 02:13:18,589 - INFO - Prompt processing progress: 86016/206717
2026-10-02 02:13:19,202 - INFO - Prompt processing progress: 88064/206717
2026-10-02 02:13:19,825 - INFO - Prompt processing progress: 90112/206717
2026-10-02 02:13:20,460 - INFO - Prompt processing progress: 92160/206717
2026-10-02 02:13:21,107 - INFO - Prompt processing progress: 94208/206717
2026-10-02 02:13:21,759 - INFO - Prompt processing progress: 96256/206717
2026-10-02 02:13:22,424 - INFO - Prompt processing progress: 98304/206717
2026-10-02 02:13:23,099 - INFO - Prompt processing progress: 100352/206717
2026-10-02 02:13:23,785 - INFO - Prompt processing progress: 102400/206717
2026-10-02 02:13:24,480 - INFO - Prompt processing progress: 104448/206717
2026-10-02 02:13:25,181 - INFO - Prompt processing progress: 106496/206717
2026-10-02 02:13:25,896 - INFO - Prompt processing progress: 108544/206717
2026-10-02 02:13:26,618 - INFO - Prompt processing progress: 110592/206717
2026-10-02 02:13:27,351 - INFO - Prompt processing progress: 112640/206717
2026-10-02 02:13:28,097 - INFO - Prompt processing progress: 114688/206717
2026-10-02 02:13:28,849 - INFO - Prompt processing progress: 116736/206717
2026-10-02 02:13:29,616 - INFO - Prompt processing progress: 118784/206717
2026-10-02 02:13:30,385 - INFO - Prompt processing progress: 120832/206717
2026-10-02 02:13:31,169 - INFO - Prompt processing progress: 122880/206717
2026-10-02 02:13:31,964 - INFO - Prompt processing progress: 124928/206717
2026-10-02 02:13:32,769 - INFO - Prompt processing progress: 126976/206717
2026-10-02 02:13:33,582 - INFO - Prompt processing progress: 129024/206717
2026-10-02 02:13:34,405 - INFO - Prompt processing progress: 131072/206717
2026-10-02 02:13:35,235 - INFO - Prompt processing progress: 133120/206717
2026-10-02 02:13:36,079 - INFO - Prompt processing progress: 135168/206717
2026-10-02 02:13:36,929 - INFO - Prompt processing progress: 137216/206717
2026-10-02 02:13:37,774 - INFO - Prompt processing progress: 139264/206717
2026-10-02 02:13:38,637 - INFO - Prompt processing progress: 141312/206717
2026-10-02 02:13:39,501 - INFO - Prompt processing progress: 143360/206717
2026-10-02 02:13:40,374 - INFO - Prompt processing progress: 145408/206717
2026-10-02 02:13:41,266 - INFO - Prompt processing progress: 147456/206717
2026-10-02 02:13:42,169 - INFO - Prompt processing progress: 149504/206717
2026-10-02 02:13:43,078 - INFO - Prompt processing progress: 151552/206717
2026-10-02 02:13:43,998 - INFO - Prompt processing progress: 153600/206717
2026-10-02 02:13:44,936 - INFO - Prompt processing progress: 155648/206717
2026-10-02 02:13:45,873 - INFO - Prompt processing progress: 157696/206717
2026-10-02 02:13:46,833 - INFO - Prompt processing progress: 159744/206717
2026-10-02 02:13:47,800 - INFO - Prompt processing progress: 161792/206717
2026-10-02 02:13:48,773 - INFO - Prompt processing progress: 163840/206717
2026-10-02 02:13:49,757 - INFO - Prompt processing progress: 165888/206717
2026-10-02 02:13:50,749 - INFO - Prompt processing progress: 167936/206717
2026-10-02 02:13:51,757 - INFO - Prompt processing progress: 169984/206717
2026-10-02 02:13:52,775 - INFO - Prompt processing progress: 172032/206717
2026-10-02 02:13:53,801 - INFO - Prompt processing progress: 174080/206717
2026-10-02 02:13:54,844 - INFO - Prompt processing progress: 176128/206717
2026-10-02 02:13:55,897 - INFO - Prompt processing progress: 178176/206717
2026-10-02 02:13:56,959 - INFO - Prompt processing progress: 180224/206717
2026-10-02 02:13:58,032 - INFO - Prompt processing progress: 182272/206717
2026-10-02 02:13:59,112 - INFO - Prompt processing progress: 184320/206717
2026-10-02 02:14:00,206 - INFO - Prompt processing progress: 186368/206717
2026-10-02 02:14:01,310 - INFO - Prompt processing progress: 188416/206717
2026-10-02 02:14:02,414 - INFO - Prompt processing progress: 190464/206717
2026-10-02 02:14:03,540 - INFO - Prompt processing progress: 192512/206717
2026-10-02 02:14:04,667 - INFO - Prompt processing progress: 194560/206717
2026-10-02 02:14:05,812 - INFO - Prompt processing progress: 196608/206717
2026-10-02 02:14:06,966 - INFO - Prompt processing progress: 198656/206717
2026-10-02 02:14:08,128 - INFO - Prompt processing progress: 200704/206717
2026-10-02 02:14:09,295 - INFO - Prompt processing progress: 202752/206717
2026-10-02 02:14:10,479 - INFO - Prompt processing progress: 204800/206717
2026-10-02 02:14:11,466 - INFO - Prompt processing progress: 206716/206717
2026-10-02 02:14:11,499 - INFO - Prompt processing progress: 206717/206717
127.0.0.1 - - [02/Oct/2026 02:14:12] "POST /v1/chat/completions HTTP/1.1" 200 -
2026-10-02 02:14:12,186 - INFO - Prompt Cache: 1 sequences, 4.30 GB
2026-10-02 02:14:12,186 - INFO - - assistant: 1 sequences, 4.30 GB
2026-10-02 02:14:12,186 - INFO - - user: 0 sequences, 0.00 GB
2026-10-02 02:14:12,186 - INFO - - system: 0 sequences, 0.00 GB
2026-10-02 02:14:12,284 - INFO - Prompt processing progress: 0/206789
2026-10-02 02:14:12,502 - INFO - Prompt processing progress: 2048/206789
2026-10-02 02:14:12,722 - INFO - Prompt processing progress: 4096/206789
2026-10-02 02:14:12,949 - INFO - Prompt processing progress: 6144/206789
2026-10-02 02:14:13,183 - INFO - Prompt processing progress: 8192/206789
2026-10-02 02:14:13,427 - INFO - Prompt processing progress: 10240/206789
2026-10-02 02:14:13,682 - INFO - Prompt processing progress: 12288/206789
2026-10-02 02:14:13,944 - INFO - Prompt processing progress: 14336/206789
2026-10-02 02:14:14,217 - INFO - Prompt processing progress: 16384/206789
2026-10-02 02:14:14,496 - INFO - Prompt processing progress: 18432/206789
2026-10-02 02:14:14,787 - INFO - Prompt processing progress: 20480/206789
2026-10-02 02:14:15,087 - INFO - Prompt processing progress: 22528/206789
2026-10-02 02:14:15,396 - INFO - Prompt processing progress: 24576/206789
2026-10-02 02:14:15,717 - INFO - Prompt processing progress: 26624/206789
2026-10-02 02:14:16,047 - INFO - Prompt processing progress: 28672/206789
2026-10-02 02:14:16,385 - INFO - Prompt processing progress: 30720/206789
2026-10-02 02:14:16,734 - INFO - Prompt processing progress: 32768/206789
2026-10-02 02:14:17,091 - INFO - Prompt processing progress: 34816/206789
2026-10-02 02:14:17,458 - INFO - Prompt processing progress: 36864/206789
2026-10-02 02:14:17,835 - INFO - Prompt processing progress: 38912/206789
2026-10-02 02:14:18,221 - INFO - Prompt processing progress: 40960/206789
2026-10-02 02:14:18,617 - INFO - Prompt processing progress: 43008/206789
2026-10-02 02:14:19,023 - INFO - Prompt processing progress: 45056/206789
2026-10-02 02:14:19,438 - INFO - Prompt processing progress: 47104/206789
2026-10-02 02:14:19,865 - INFO - Prompt processing progress: 49152/206789
2026-10-02 02:14:20,302 - INFO - Prompt processing progress: 51200/206789
2026-10-02 02:14:20,746 - INFO - Prompt processing progress: 53248/206789
2026-10-02 02:14:21,201 - INFO - Prompt processing progress: 55296/206789
2026-10-02 02:14:21,668 - INFO - Prompt processing progress: 57344/206789
2026-10-02 02:14:22,142 - INFO - Prompt processing progress: 59392/206789
2026-10-02 02:14:22,627 - INFO - Prompt processing progress: 61440/206789
2026-10-02 02:14:23,123 - INFO - Prompt processing progress: 63488/206789
2026-10-02 02:14:23,627 - INFO - Prompt processing progress: 65536/206789
2026-10-02 02:14:24,140 - INFO - Prompt processing progress: 67584/206789
2026-10-02 02:14:24,663 - INFO - Prompt processing progress: 69632/206789
2026-10-02 02:14:25,197 - INFO - Prompt processing progress: 71680/206789
2026-10-02 02:14:25,740 - INFO - Prompt processing progress: 73728/206789
2026-10-02 02:14:26,296 - INFO - Prompt processing progress: 75776/206789
2026-10-02 02:14:26,862 - INFO - Prompt processing progress: 77824/206789
2026-10-02 02:14:27,438 - INFO - Prompt processing progress: 79872/206789
2026-10-02 02:14:28,024 - INFO - Prompt processing progress: 81920/206789
2026-10-02 02:14:28,620 - INFO - Prompt processing progress: 83968/206789
2026-10-02 02:14:29,227 - INFO - Prompt processing progress: 86016/206789
2026-10-02 02:14:29,845 - INFO - Prompt processing progress: 88064/206789
2026-10-02 02:14:30,459 - INFO - Prompt processing progress: 90112/206789
2026-10-02 02:14:31,092 - INFO - Prompt processing progress: 92160/206789
2026-10-02 02:14:31,734 - INFO - Prompt processing progress: 94208/206789
2026-10-02 02:14:32,388 - INFO - Prompt processing progress: 96256/206789
2026-10-02 02:14:33,048 - INFO - Prompt processing progress: 98304/206789
2026-10-02 02:14:33,720 - INFO - Prompt processing progress: 100352/206789
2026-10-02 02:14:34,403 - INFO - Prompt processing progress: 102400/206789
2026-10-02 02:14:35,097 - INFO - Prompt processing progress: 104448/206789
2026-10-02 02:14:35,795 - INFO - Prompt processing progress: 106496/206789
2026-10-02 02:14:36,508 - INFO - Prompt processing progress: 108544/206789
2026-10-02 02:14:37,225 - INFO - Prompt processing progress: 110592/206789
2026-10-02 02:14:37,952 - INFO - Prompt processing progress: 112640/206789
2026-10-02 02:14:38,693 - INFO - Prompt processing progress: 114688/206789
2026-10-02 02:14:39,443 - INFO - Prompt processing progress: 116736/206789
2026-10-02 02:14:40,199 - INFO - Prompt processing progress: 118784/206789
2026-10-02 02:14:40,971 - INFO - Prompt processing progress: 120832/206789
2026-10-02 02:14:41,745 - INFO - Prompt processing progress: 122880/206789
2026-10-02 02:14:42,535 - INFO - Prompt processing progress: 124928/206789
2026-10-02 02:14:43,334 - INFO - Prompt processing progress: 126976/206789
2026-10-02 02:14:44,141 - INFO - Prompt processing progress: 129024/206789
2026-10-02 02:14:44,961 - INFO - Prompt processing progress: 131072/206789
2026-10-02 02:14:45,788 - INFO - Prompt processing progress: 133120/206789
2026-10-02 02:14:46,633 - INFO - Prompt processing progress: 135168/206789
2026-10-02 02:14:47,489 - INFO - Prompt processing progress: 137216/206789
2026-10-02 02:14:48,349 - INFO - Prompt processing progress: 139264/206789
2026-10-02 02:14:49,224 - INFO - Prompt processing progress: 141312/206789
2026-10-02 02:14:50,100 - INFO - Prompt processing progress: 143360/206789
2026-10-02 02:14:50,992 - INFO - Prompt processing progress: 145408/206789
2026-10-02 02:14:51,895 - INFO - Prompt processing progress: 147456/206789
2026-10-02 02:14:52,808 - INFO - Prompt processing progress: 149504/206789
2026-10-02 02:14:53,735 - INFO - Prompt processing progress: 151552/206789
2026-10-02 02:14:54,667 - INFO - Prompt processing progress: 153600/206789
2026-10-02 02:14:55,608 - INFO - Prompt processing progress: 155648/206789
2026-10-02 02:14:56,562 - INFO - Prompt processing progress: 157696/206789
2026-10-02 02:14:57,523 - INFO - Prompt processing progress: 159744/206789
2026-10-02 02:14:58,489 - INFO - Prompt processing progress: 161792/206789
2026-10-02 02:14:59,462 - INFO - Prompt processing progress: 163840/206789
2026-10-02 02:15:00,436 - INFO - Prompt processing progress: 165888/206789
2026-10-02 02:15:01,437 - INFO - Prompt processing progress: 167936/206789
2026-10-02 02:15:02,437 - INFO - Prompt processing progress: 169984/206789
2026-10-02 02:15:03,445 - INFO - Prompt processing progress: 172032/206789
2026-10-02 02:15:04,474 - INFO - Prompt processing progress: 174080/206789
2026-10-02 02:15:05,505 - INFO - Prompt processing progress: 176128/206789
2026-10-02 02:15:06,542 - INFO - Prompt processing progress: 178176/206789
2026-10-02 02:15:07,596 - INFO - Prompt processing progress: 180224/206789
2026-10-02 02:15:08,662 - INFO - Prompt processing progress: 182272/206789
2026-10-02 02:15:09,744 - INFO - Prompt processing progress: 184320/206789
2026-10-02 02:15:10,833 - INFO - Prompt processing progress: 186368/206789
2026-10-02 02:15:11,935 - INFO - Prompt processing progress: 188416/206789
2026-10-02 02:15:13,045 - INFO - Prompt processing progress: 190464/206789
2026-10-02 02:15:14,167 - INFO - Prompt processing progress: 192512/206789
2026-10-02 02:15:15,288 - INFO - Prompt processing progress: 194560/206789
2026-10-02 02:15:16,429 - INFO - Prompt processing progress: 196608/206789
2026-10-02 02:15:17,567 - INFO - Prompt processing progress: 198656/206789
2026-10-02 02:15:18,717 - INFO - Prompt processing progress: 200704/206789
2026-10-02 02:15:19,890 - INFO - Prompt processing progress: 202752/206789
2026-10-02 02:15:21,076 - INFO - Prompt processing progress: 204800/206789
2026-10-02 02:15:22,290 - INFO - Prompt processing progress: 206788/206789
2026-10-02 02:15:22,318 - INFO - Prompt processing progress: 206789/206789
127.0.0.1 - - [02/Oct/2026 02:15:22] "POST /v1/chat/completions HTTP/1.1" 200 -
2026-10-02 02:15:22,749 - INFO - Prompt Cache: 1 sequences, 4.30 GB
2026-10-02 02:15:22,749 - INFO - - assistant: 1 sequences, 4.30 GB
2026-10-02 02:15:22,749 - INFO - - user: 0 sequences, 0.00 GB
2026-10-02 02:15:22,749 - INFO - - system: 0 sequences, 0.00 GB
2026-10-02 02:15:22,848 - INFO - Prompt processing progress: 0/214300
2026-10-02 02:15:23,065 - INFO - Prompt processing progress: 2048/214300
2026-10-02 02:15:23,287 - INFO - Prompt processing progress: 4096/214300
2026-10-02 02:15:23,513 - INFO - Prompt processing progress: 6144/214300
2026-10-02 02:15:23,748 - INFO - Prompt processing progress: 8192/214300
2026-10-02 02:15:23,992 - INFO - Prompt processing progress: 10240/214300
2026-10-02 02:15:24,244 - INFO - Prompt processing progress: 12288/214300
2026-10-02 02:15:24,506 - INFO - Prompt processing progress: 14336/214300
2026-10-02 02:15:24,778 - INFO - Prompt processing progress: 16384/214300
2026-10-02 02:15:25,058 - INFO - Prompt processing progress: 18432/214300
2026-10-02 02:15:25,348 - INFO - Prompt processing progress: 20480/214300
2026-10-02 02:15:25,647 - INFO - Prompt processing progress: 22528/214300
2026-10-02 02:15:25,956 - INFO - Prompt processing progress: 24576/214300
2026-10-02 02:15:26,275 - INFO - Prompt processing progress: 26624/214300
2026-10-02 02:15:26,604 - INFO - Prompt processing progress: 28672/214300
2026-10-02 02:15:26,943 - INFO - Prompt processing progress: 30720/214300
2026-10-02 02:15:27,292 - INFO - Prompt processing progress: 32768/214300
2026-10-02 02:15:27,647 - INFO - Prompt processing progress: 34816/214300
2026-10-02 02:15:28,014 - INFO - Prompt processing progress: 36864/214300
2026-10-02 02:15:28,390 - INFO - Prompt processing progress: 38912/214300
2026-10-02 02:15:28,777 - INFO - Prompt processing progress: 40960/214300
2026-10-02 02:15:29,174 - INFO - Prompt processing progress: 43008/214300
2026-10-02 02:15:29,581 - INFO - Prompt processing progress: 45056/214300
2026-10-02 02:15:29,997 - INFO - Prompt processing progress: 47104/214300
2026-10-02 02:15:30,424 - INFO - Prompt processing progress: 49152/214300
2026-10-02 02:15:30,861 - INFO - Prompt processing progress: 51200/214300
2026-10-02 02:15:31,306 - INFO - Prompt processing progress: 53248/214300
2026-10-02 02:15:31,760 - INFO - Prompt processing progress: 55296/214300
2026-10-02 02:15:32,225 - INFO - Prompt processing progress: 57344/214300
2026-10-02 02:15:32,701 - INFO - Prompt processing progress: 59392/214300
2026-10-02 02:15:33,185 - INFO - Prompt processing progress: 61440/214300
2026-10-02 02:15:33,681 - INFO - Prompt processing progress: 63488/214300
2026-10-02 02:15:34,188 - INFO - Prompt processing progress: 65536/214300
2026-10-02 02:15:34,702 - INFO - Prompt processing progress: 67584/214300
2026-10-02 02:15:35,227 - INFO - Prompt processing progress: 69632/214300
2026-10-02 02:15:35,765 - INFO - Prompt processing progress: 71680/214300
2026-10-02 02:15:36,307 - INFO - Prompt processing progress: 73728/214300
2026-10-02 02:15:36,864 - INFO - Prompt processing progress: 75776/214300
2026-10-02 02:15:37,431 - INFO - Prompt processing progress: 77824/214300
2026-10-02 02:15:38,008 - INFO - Prompt processing progress: 79872/214300
2026-10-02 02:15:38,593 - INFO - Prompt processing progress: 81920/214300
2026-10-02 02:15:39,187 - INFO - Prompt processing progress: 83968/214300
2026-10-02 02:15:39,791 - INFO - Prompt processing progress: 86016/214300
2026-10-02 02:15:40,406 - INFO - Prompt processing progress: 88064/214300
2026-10-02 02:15:41,025 - INFO - Prompt processing progress: 90112/214300
2026-10-02 02:15:41,661 - INFO - Prompt processing progress: 92160/214300
2026-10-02 02:15:42,308 - INFO - Prompt processing progress: 94208/214300
2026-10-02 02:15:42,962 - INFO - Prompt processing progress: 96256/214300
2026-10-02 02:15:43,625 - INFO - Prompt processing progress: 98304/214300
2026-10-02 02:15:44,300 - INFO - Prompt processing progress: 100352/214300
2026-10-02 02:15:44,983 - INFO - Prompt processing progress: 102400/214300
2026-10-02 02:15:45,672 - INFO - Prompt processing progress: 104448/214300
2026-10-02 02:15:46,375 - INFO - Prompt processing progress: 106496/214300
2026-10-02 02:15:47,083 - INFO - Prompt processing progress: 108544/214300
2026-10-02 02:15:47,797 - INFO - Prompt processing progress: 110592/214300
2026-10-02 02:15:48,531 - INFO - Prompt processing progress: 112640/214300
2026-10-02 02:15:49,277 - INFO - Prompt processing progress: 114688/214300
2026-10-02 02:15:50,030 - INFO - Prompt processing progress: 116736/214300
2026-10-02 02:15:50,794 - INFO - Prompt processing progress: 118784/214300
2026-10-02 02:15:51,569 - INFO - Prompt processing progress: 120832/214300
2026-10-02 02:15:52,354 - INFO - Prompt processing progress: 122880/214300
2026-10-02 02:15:53,145 - INFO - Prompt processing progress: 124928/214300
2026-10-02 02:15:53,950 - INFO - Prompt processing progress: 126976/214300
2026-10-02 02:15:54,766 - INFO - Prompt processing progress: 129024/214300
2026-10-02 02:15:55,592 - INFO - Prompt processing progress: 131072/214300
2026-10-02 02:15:56,428 - INFO - Prompt processing progress: 133120/214300
2026-10-02 02:15:57,273 - INFO - Prompt processing progress: 135168/214300
2026-10-02 02:15:58,126 - INFO - Prompt processing progress: 137216/214300
2026-10-02 02:15:58,980 - INFO - Prompt processing progress: 139264/214300
2026-10-02 02:15:59,851 - INFO - Prompt processing progress: 141312/214300
2026-10-02 02:16:00,728 - INFO - Prompt processing progress: 143360/214300
2026-10-02 02:16:01,613 - INFO - Prompt processing progress: 145408/214300
2026-10-02 02:16:02,510 - INFO - Prompt processing progress: 147456/214300
2026-10-02 02:16:03,419 - INFO - Prompt processing progress: 149504/214300
2026-10-02 02:16:04,347 - INFO - Prompt processing progress: 151552/214300
2026-10-02 02:16:05,274 - INFO - Prompt processing progress: 153600/214300
2026-10-02 02:16:06,204 - INFO - Prompt processing progress: 155648/214300
2026-10-02 02:16:07,144 - INFO - Prompt processing progress: 157696/214300
2026-10-02 02:16:08,101 - INFO - Prompt processing progress: 159744/214300
2026-10-02 02:16:09,061 - INFO - Prompt processing progress: 161792/214300
2026-10-02 02:16:10,033 - INFO - Prompt processing progress: 163840/214300
2026-10-02 02:16:11,021 - INFO - Prompt processing progress: 165888/214300
2026-10-02 02:16:12,018 - INFO - Prompt processing progress: 167936/214300
2026-10-02 02:16:13,025 - INFO - Prompt processing progress: 169984/214300
2026-10-02 02:16:14,047 - INFO - Prompt processing progress: 172032/214300
2026-10-02 02:16:15,073 - INFO - Prompt processing progress: 174080/214300
2026-10-02 02:16:16,114 - INFO - Prompt processing progress: 176128/214300
2026-10-02 02:16:17,169 - INFO - Prompt processing progress: 178176/214300
2026-10-02 02:16:18,233 - INFO - Prompt processing progress: 180224/214300
2026-10-02 02:16:19,306 - INFO - Prompt processing progress: 182272/214300
2026-10-02 02:16:20,390 - INFO - Prompt processing progress: 184320/214300
2026-10-02 02:16:21,483 - INFO - Prompt processing progress: 186368/214300
2026-10-02 02:16:22,587 - INFO - Prompt processing progress: 188416/214300
2026-10-02 02:16:23,697 - INFO - Prompt processing progress: 190464/214300
2026-10-02 02:16:24,821 - INFO - Prompt processing progress: 192512/214300
2026-10-02 02:16:25,955 - INFO - Prompt processing progress: 194560/214300
2026-10-02 02:16:27,101 - INFO - Prompt processing progress: 196608/214300
2026-10-02 02:16:28,253 - INFO - Prompt processing progress: 198656/214300
2026-10-02 02:16:29,416 - INFO - Prompt processing progress: 200704/214300
2026-10-02 02:16:30,589 - INFO - Prompt processing progress: 202752/214300
2026-10-02 02:16:31,766 - INFO - Prompt processing progress: 204800/214300
2026-10-02 02:16:32,949 - INFO - Prompt processing progress: 206848/214300
2026-10-02 02:16:34,126 - INFO - Prompt processing progress: 208896/214300
2026-10-02 02:16:35,322 - INFO - Prompt processing progress: 210944/214300
2026-10-02 02:16:36,517 - INFO - Prompt processing progress: 212992/214300
2026-10-02 02:16:37,425 - INFO - Prompt processing progress: 214299/214300
2026-10-02 02:16:37,458 - INFO - Prompt processing progress: 214300/214300
