<repo>/.venv/lib/python3.12/site-packages/mlx_lm/server.py:1723: UserWarning: mlx_lm.server is not recommended for production as it only implements basic security checks.
  warnings.warn(
2026-10-01 15:28:07,434 - INFO - Starting httpd at 127.0.0.1 on port 18185...
127.0.0.1 - - [01/Oct/2026 15:28:07] "GET /v1/models HTTP/1.1" 200 -
----------------------------------------
Exception occurred during processing of request from ('127.0.0.1', 54440)
Traceback (most recent call last):
  File "<home>/.local/share/uv/python/cpython-3.12.13-macos-aarch64-none/lib/python3.12/socketserver.py", line 697, in process_request_thread
    self.finish_request(request, client_address)
  File "<home>/.local/share/uv/python/cpython-3.12.13-macos-aarch64-none/lib/python3.12/socketserver.py", line 362, in finish_request
    self.RequestHandlerClass(request, client_address, self)
  File "<repo>/.venv/lib/python3.12/site-packages/mlx_lm/server.py", line 1716, in <lambda>
    lambda *args, **kwargs: handler_class(
                            ^^^^^^^^^^^^^^
  File "<repo>/.venv/lib/python3.12/site-packages/mlx_lm/server.py", line 1073, in __init__
    super().__init__(*args, **kwargs)
  File "<home>/.local/share/uv/python/cpython-3.12.13-macos-aarch64-none/lib/python3.12/socketserver.py", line 766, in __init__
    self.handle()
  File "<home>/.local/share/uv/python/cpython-3.12.13-macos-aarch64-none/lib/python3.12/http/server.py", line 440, in handle
    self.handle_one_request()
  File "<home>/.local/share/uv/python/cpython-3.12.13-macos-aarch64-none/lib/python3.12/http/server.py", line 428, in handle_one_request
    method()
  File "<repo>/.venv/lib/python3.12/site-packages/mlx_lm/server.py", line 1625, in do_GET
    self.handle_models_request()
  File "<repo>/.venv/lib/python3.12/site-packages/mlx_lm/server.py", line 1668, in handle_models_request
    hf_cache_info = scan_cache_dir()
                    ^^^^^^^^^^^^^^^^
  File "<repo>/.venv/lib/python3.12/site-packages/huggingface_hub/utils/_cache_manager.py", line 777, in scan_cache_dir
    raise CacheNotFound(
huggingface_hub.errors.CacheNotFound: Cache directory not found: <repo>/.cache/huggingface/hub. Please use `cache_dir` argument or set `HF_HUB_CACHE` environment variable.
----------------------------------------
127.0.0.1 - - [01/Oct/2026 15:28:08] "POST /v1/chat/completions HTTP/1.1" 200 -
2026-10-01 15:28:08,802 - INFO - Prompt Cache: 0 sequences, 0.00 GB
2026-10-01 15:28:08,803 - INFO - - assistant: 0 sequences, 0.00 GB
2026-10-01 15:28:08,803 - INFO - - user: 0 sequences, 0.00 GB
2026-10-01 15:28:08,803 - INFO - - system: 0 sequences, 0.00 GB
2026-10-01 15:28:08,890 - INFO - Prompt processing progress: 0/200001
2026-10-01 15:28:10,048 - INFO - Prompt processing progress: 2048/200001
2026-10-01 15:28:11,218 - INFO - Prompt processing progress: 4096/200001
2026-10-01 15:28:12,409 - INFO - Prompt processing progress: 6144/200001
2026-10-01 15:28:13,623 - INFO - Prompt processing progress: 8192/200001
2026-10-01 15:28:14,855 - INFO - Prompt processing progress: 10240/200001
2026-10-01 15:28:16,110 - INFO - Prompt processing progress: 12288/200001
2026-10-01 15:28:17,393 - INFO - Prompt processing progress: 14336/200001
2026-10-01 15:28:18,689 - INFO - Prompt processing progress: 16384/200001
2026-10-01 15:28:20,000 - INFO - Prompt processing progress: 18432/200001
2026-10-01 15:28:21,331 - INFO - Prompt processing progress: 20480/200001
2026-10-01 15:28:22,685 - INFO - Prompt processing progress: 22528/200001
2026-10-01 15:28:24,060 - INFO - Prompt processing progress: 24576/200001
2026-10-01 15:28:25,458 - INFO - Prompt processing progress: 26624/200001
2026-10-01 15:28:26,874 - INFO - Prompt processing progress: 28672/200001
2026-10-01 15:28:28,313 - INFO - Prompt processing progress: 30720/200001
2026-10-01 15:28:29,773 - INFO - Prompt processing progress: 32768/200001
2026-10-01 15:28:31,251 - INFO - Prompt processing progress: 34816/200001
2026-10-01 15:28:32,753 - INFO - Prompt processing progress: 36864/200001
2026-10-01 15:28:34,276 - INFO - Prompt processing progress: 38912/200001
2026-10-01 15:28:35,820 - INFO - Prompt processing progress: 40960/200001
2026-10-01 15:28:37,379 - INFO - Prompt processing progress: 43008/200001
2026-10-01 15:28:38,960 - INFO - Prompt processing progress: 45056/200001
2026-10-01 15:28:40,561 - INFO - Prompt processing progress: 47104/200001
2026-10-01 15:28:42,186 - INFO - Prompt processing progress: 49152/200001
2026-10-01 15:28:43,820 - INFO - Prompt processing progress: 51200/200001
2026-10-01 15:28:45,481 - INFO - Prompt processing progress: 53248/200001
2026-10-01 15:28:47,164 - INFO - Prompt processing progress: 55296/200001
2026-10-01 15:28:48,865 - INFO - Prompt processing progress: 57344/200001
2026-10-01 15:28:50,591 - INFO - Prompt processing progress: 59392/200001
2026-10-01 15:28:52,348 - INFO - Prompt processing progress: 61440/200001
2026-10-01 15:28:54,113 - INFO - Prompt processing progress: 63488/200001
2026-10-01 15:28:55,894 - INFO - Prompt processing progress: 65536/200001
2026-10-01 15:28:57,694 - INFO - Prompt processing progress: 67584/200001
2026-10-01 15:28:59,516 - INFO - Prompt processing progress: 69632/200001
2026-10-01 15:29:01,369 - INFO - Prompt processing progress: 71680/200001
2026-10-01 15:29:03,242 - INFO - Prompt processing progress: 73728/200001
2026-10-01 15:29:05,152 - INFO - Prompt processing progress: 75776/200001
2026-10-01 15:29:07,068 - INFO - Prompt processing progress: 77824/200001
2026-10-01 15:29:09,006 - INFO - Prompt processing progress: 79872/200001
2026-10-01 15:29:10,963 - INFO - Prompt processing progress: 81920/200001
2026-10-01 15:29:12,935 - INFO - Prompt processing progress: 83968/200001
2026-10-01 15:29:14,927 - INFO - Prompt processing progress: 86016/200001
2026-10-01 15:29:16,942 - INFO - Prompt processing progress: 88064/200001
2026-10-01 15:29:18,984 - INFO - Prompt processing progress: 90112/200001
2026-10-01 15:29:21,040 - INFO - Prompt processing progress: 92160/200001
2026-10-01 15:29:23,126 - INFO - Prompt processing progress: 94208/200001
2026-10-01 15:29:25,208 - INFO - Prompt processing progress: 96256/200001
2026-10-01 15:29:27,332 - INFO - Prompt processing progress: 98304/200001
2026-10-01 15:29:29,465 - INFO - Prompt processing progress: 100352/200001
2026-10-01 15:29:31,637 - INFO - Prompt processing progress: 102400/200001
2026-10-01 15:29:33,837 - INFO - Prompt processing progress: 104448/200001
2026-10-01 15:29:36,044 - INFO - Prompt processing progress: 106496/200001
2026-10-01 15:29:38,261 - INFO - Prompt processing progress: 108544/200001
2026-10-01 15:29:40,516 - INFO - Prompt processing progress: 110592/200001
2026-10-01 15:29:42,772 - INFO - Prompt processing progress: 112640/200001
2026-10-01 15:29:45,039 - INFO - Prompt processing progress: 114688/200001
2026-10-01 15:29:47,350 - INFO - Prompt processing progress: 116736/200001
2026-10-01 15:29:49,691 - INFO - Prompt processing progress: 118784/200001
2026-10-01 15:29:52,028 - INFO - Prompt processing progress: 120832/200001
2026-10-01 15:29:54,385 - INFO - Prompt processing progress: 122880/200001
2026-10-01 15:29:56,787 - INFO - Prompt processing progress: 124928/200001
2026-10-01 15:29:59,174 - INFO - Prompt processing progress: 126976/200001
2026-10-01 15:30:01,616 - INFO - Prompt processing progress: 129024/200001
2026-10-01 15:30:04,066 - INFO - Prompt processing progress: 131072/200001
2026-10-01 15:30:06,540 - INFO - Prompt processing progress: 133120/200001
2026-10-01 15:30:09,029 - INFO - Prompt processing progress: 135168/200001
2026-10-01 15:30:11,544 - INFO - Prompt processing progress: 137216/200001
2026-10-01 15:30:14,062 - INFO - Prompt processing progress: 139264/200001
2026-10-01 15:30:16,620 - INFO - Prompt processing progress: 141312/200001
2026-10-01 15:30:19,186 - INFO - Prompt processing progress: 143360/200001
2026-10-01 15:30:21,826 - INFO - Prompt processing progress: 145408/200001
2026-10-01 15:30:24,451 - INFO - Prompt processing progress: 147456/200001
2026-10-01 15:30:27,083 - INFO - Prompt processing progress: 149504/200001
2026-10-01 15:30:29,737 - INFO - Prompt processing progress: 151552/200001
2026-10-01 15:30:32,411 - INFO - Prompt processing progress: 153600/200001
2026-10-01 15:30:35,104 - INFO - Prompt processing progress: 155648/200001
2026-10-01 15:30:37,820 - INFO - Prompt processing progress: 157696/200001
2026-10-01 15:30:40,563 - INFO - Prompt processing progress: 159744/200001
2026-10-01 15:30:43,317 - INFO - Prompt processing progress: 161792/200001
2026-10-01 15:30:46,103 - INFO - Prompt processing progress: 163840/200001
2026-10-01 15:30:48,907 - INFO - Prompt processing progress: 165888/200001
2026-10-01 15:30:51,775 - INFO - Prompt processing progress: 167936/200001
2026-10-01 15:30:54,624 - INFO - Prompt processing progress: 169984/200001
2026-10-01 15:30:57,466 - INFO - Prompt processing progress: 172032/200001
2026-10-01 15:31:00,357 - INFO - Prompt processing progress: 174080/200001
2026-10-01 15:31:03,278 - INFO - Prompt processing progress: 176128/200001
2026-10-01 15:31:06,224 - INFO - Prompt processing progress: 178176/200001
2026-10-01 15:31:09,205 - INFO - Prompt processing progress: 180224/200001
2026-10-01 15:31:12,176 - INFO - Prompt processing progress: 182272/200001
2026-10-01 15:31:15,193 - INFO - Prompt processing progress: 184320/200001
2026-10-01 15:31:18,235 - INFO - Prompt processing progress: 186368/200001
2026-10-01 15:31:21,297 - INFO - Prompt processing progress: 188416/200001
2026-10-01 15:31:24,379 - INFO - Prompt processing progress: 190464/200001
2026-10-01 15:31:27,433 - INFO - Prompt processing progress: 192512/200001
2026-10-01 15:31:30,573 - INFO - Prompt processing progress: 194560/200001
2026-10-01 15:31:33,688 - INFO - Prompt processing progress: 196608/200001
2026-10-01 15:31:36,879 - INFO - Prompt processing progress: 198656/200001
2026-10-01 15:31:39,236 - INFO - Prompt processing progress: 200000/200001
2026-10-01 15:31:39,336 - INFO - Prompt processing progress: 200001/200001
127.0.0.1 - - [01/Oct/2026 15:31:40] "POST /v1/chat/completions HTTP/1.1" 200 -
2026-10-01 15:31:40,201 - INFO - Prompt Cache: 1 sequences, 13.27 GB
2026-10-01 15:31:40,201 - INFO - - assistant: 1 sequences, 13.27 GB
2026-10-01 15:31:40,201 - INFO - - user: 0 sequences, 0.00 GB
2026-10-01 15:31:40,201 - INFO - - system: 0 sequences, 0.00 GB
2026-10-01 15:31:40,313 - INFO - Prompt processing progress: 0/3645
2026-10-01 15:31:43,638 - INFO - Prompt processing progress: 2048/3645
2026-10-01 15:31:46,396 - INFO - Prompt processing progress: 3644/3645
2026-10-01 15:31:46,497 - INFO - Prompt processing progress: 3645/3645
127.0.0.1 - - [01/Oct/2026 15:32:06] "POST /v1/chat/completions HTTP/1.1" 200 -
2026-10-01 15:32:06,313 - INFO - Prompt Cache: 1 sequences, 13.53 GB
2026-10-01 15:32:06,313 - INFO - - assistant: 1 sequences, 13.53 GB
2026-10-01 15:32:06,313 - INFO - - user: 0 sequences, 0.00 GB
2026-10-01 15:32:06,313 - INFO - - system: 0 sequences, 0.00 GB
2026-10-01 15:32:06,409 - INFO - Prompt processing progress: 0/25
2026-10-01 15:32:06,657 - INFO - Prompt processing progress: 24/25
2026-10-01 15:32:06,765 - INFO - Prompt processing progress: 25/25
