<M5_REPO>/vendor/vlm-runtime/.venv/lib/python3.12/site-packages/mlx_lm/server.py:1723: UserWarning: mlx_lm.server is not recommended for production as it only implements basic security checks.
  warnings.warn(
2026-10-02 18:10:11,017 - INFO - Starting httpd at 127.0.0.1 on port 18185...
127.0.0.1 - - [02/Oct/2026 18:10:11] "GET /v1/models HTTP/1.1" 200 -
127.0.0.1 - - [02/Oct/2026 18:10:26] "POST /v1/chat/completions HTTP/1.1" 200 -
2026-10-02 18:10:26,558 - INFO - Prompt Cache: 0 sequences, 0.00 GB
2026-10-02 18:10:26,558 - INFO - - assistant: 0 sequences, 0.00 GB
2026-10-02 18:10:26,558 - INFO - - user: 0 sequences, 0.00 GB
2026-10-02 18:10:26,558 - INFO - - system: 0 sequences, 0.00 GB
2026-10-02 18:10:26,644 - INFO - Prompt processing progress: 0/200003
2026-10-02 18:10:26,963 - INFO - Prompt processing progress: 2048/200003
2026-10-02 18:10:27,181 - INFO - Prompt processing progress: 4096/200003
2026-10-02 18:10:27,405 - INFO - Prompt processing progress: 6144/200003
2026-10-02 18:10:27,639 - INFO - Prompt processing progress: 8192/200003
2026-10-02 18:10:27,881 - INFO - Prompt processing progress: 10240/200003
2026-10-02 18:10:28,132 - INFO - Prompt processing progress: 12288/200003
2026-10-02 18:10:28,392 - INFO - Prompt processing progress: 14336/200003
2026-10-02 18:10:28,662 - INFO - Prompt processing progress: 16384/200003
2026-10-02 18:10:28,941 - INFO - Prompt processing progress: 18432/200003
2026-10-02 18:10:29,230 - INFO - Prompt processing progress: 20480/200003
2026-10-02 18:10:29,527 - INFO - Prompt processing progress: 22528/200003
2026-10-02 18:10:29,833 - INFO - Prompt processing progress: 24576/200003
2026-10-02 18:10:30,150 - INFO - Prompt processing progress: 26624/200003
2026-10-02 18:10:30,477 - INFO - Prompt processing progress: 28672/200003
2026-10-02 18:10:30,812 - INFO - Prompt processing progress: 30720/200003
2026-10-02 18:10:31,158 - INFO - Prompt processing progress: 32768/200003
2026-10-02 18:10:31,513 - INFO - Prompt processing progress: 34816/200003
2026-10-02 18:10:31,878 - INFO - Prompt processing progress: 36864/200003
2026-10-02 18:10:32,251 - INFO - Prompt processing progress: 38912/200003
2026-10-02 18:10:32,635 - INFO - Prompt processing progress: 40960/200003
2026-10-02 18:10:33,028 - INFO - Prompt processing progress: 43008/200003
2026-10-02 18:10:33,431 - INFO - Prompt processing progress: 45056/200003
2026-10-02 18:10:33,845 - INFO - Prompt processing progress: 47104/200003
2026-10-02 18:10:34,268 - INFO - Prompt processing progress: 49152/200003
2026-10-02 18:10:34,702 - INFO - Prompt processing progress: 51200/200003
2026-10-02 18:10:35,147 - INFO - Prompt processing progress: 53248/200003
2026-10-02 18:10:35,600 - INFO - Prompt processing progress: 55296/200003
2026-10-02 18:10:36,064 - INFO - Prompt processing progress: 57344/200003
2026-10-02 18:10:36,538 - INFO - Prompt processing progress: 59392/200003
2026-10-02 18:10:37,022 - INFO - Prompt processing progress: 61440/200003
2026-10-02 18:10:37,516 - INFO - Prompt processing progress: 63488/200003
2026-10-02 18:10:38,019 - INFO - Prompt processing progress: 65536/200003
2026-10-02 18:10:38,533 - INFO - Prompt processing progress: 67584/200003
2026-10-02 18:10:39,055 - INFO - Prompt processing progress: 69632/200003
2026-10-02 18:10:39,589 - INFO - Prompt processing progress: 71680/200003
2026-10-02 18:10:40,133 - INFO - Prompt processing progress: 73728/200003
2026-10-02 18:10:40,687 - INFO - Prompt processing progress: 75776/200003
2026-10-02 18:10:41,246 - INFO - Prompt processing progress: 77824/200003
2026-10-02 18:10:41,819 - INFO - Prompt processing progress: 79872/200003
2026-10-02 18:10:42,403 - INFO - Prompt processing progress: 81920/200003
2026-10-02 18:10:42,997 - INFO - Prompt processing progress: 83968/200003
2026-10-02 18:10:43,601 - INFO - Prompt processing progress: 86016/200003
2026-10-02 18:10:44,216 - INFO - Prompt processing progress: 88064/200003
2026-10-02 18:10:44,841 - INFO - Prompt processing progress: 90112/200003
2026-10-02 18:10:45,477 - INFO - Prompt processing progress: 92160/200003
2026-10-02 18:10:46,114 - INFO - Prompt processing progress: 94208/200003
2026-10-02 18:10:46,771 - INFO - Prompt processing progress: 96256/200003
2026-10-02 18:10:47,436 - INFO - Prompt processing progress: 98304/200003
2026-10-02 18:10:48,117 - INFO - Prompt processing progress: 100352/200003
2026-10-02 18:10:48,803 - INFO - Prompt processing progress: 102400/200003
2026-10-02 18:10:49,501 - INFO - Prompt processing progress: 104448/200003
2026-10-02 18:10:50,205 - INFO - Prompt processing progress: 106496/200003
2026-10-02 18:10:50,917 - INFO - Prompt processing progress: 108544/200003
2026-10-02 18:10:51,643 - INFO - Prompt processing progress: 110592/200003
2026-10-02 18:10:52,380 - INFO - Prompt processing progress: 112640/200003
2026-10-02 18:10:53,121 - INFO - Prompt processing progress: 114688/200003
2026-10-02 18:10:53,873 - INFO - Prompt processing progress: 116736/200003
2026-10-02 18:10:54,640 - INFO - Prompt processing progress: 118784/200003
2026-10-02 18:10:55,415 - INFO - Prompt processing progress: 120832/200003
2026-10-02 18:10:56,202 - INFO - Prompt processing progress: 122880/200003
2026-10-02 18:10:56,997 - INFO - Prompt processing progress: 124928/200003
2026-10-02 18:10:57,800 - INFO - Prompt processing progress: 126976/200003
2026-10-02 18:10:58,607 - INFO - Prompt processing progress: 129024/200003
2026-10-02 18:10:59,432 - INFO - Prompt processing progress: 131072/200003
2026-10-02 18:11:00,263 - INFO - Prompt processing progress: 133120/200003
2026-10-02 18:11:01,108 - INFO - Prompt processing progress: 135168/200003
2026-10-02 18:11:01,955 - INFO - Prompt processing progress: 137216/200003
2026-10-02 18:11:02,806 - INFO - Prompt processing progress: 139264/200003
2026-10-02 18:11:03,684 - INFO - Prompt processing progress: 141312/200003
2026-10-02 18:11:04,566 - INFO - Prompt processing progress: 143360/200003
2026-10-02 18:11:05,463 - INFO - Prompt processing progress: 145408/200003
2026-10-02 18:11:06,369 - INFO - Prompt processing progress: 147456/200003
2026-10-02 18:11:07,280 - INFO - Prompt processing progress: 149504/200003
2026-10-02 18:11:08,206 - INFO - Prompt processing progress: 151552/200003
2026-10-02 18:11:09,136 - INFO - Prompt processing progress: 153600/200003
2026-10-02 18:11:10,084 - INFO - Prompt processing progress: 155648/200003
2026-10-02 18:11:11,043 - INFO - Prompt processing progress: 157696/200003
2026-10-02 18:11:12,008 - INFO - Prompt processing progress: 159744/200003
2026-10-02 18:11:12,980 - INFO - Prompt processing progress: 161792/200003
2026-10-02 18:11:13,960 - INFO - Prompt processing progress: 163840/200003
2026-10-02 18:11:14,956 - INFO - Prompt processing progress: 165888/200003
2026-10-02 18:11:15,956 - INFO - Prompt processing progress: 167936/200003
2026-10-02 18:11:16,972 - INFO - Prompt processing progress: 169984/200003
2026-10-02 18:11:17,991 - INFO - Prompt processing progress: 172032/200003
2026-10-02 18:11:19,027 - INFO - Prompt processing progress: 174080/200003
2026-10-02 18:11:20,072 - INFO - Prompt processing progress: 176128/200003
2026-10-02 18:11:21,121 - INFO - Prompt processing progress: 178176/200003
2026-10-02 18:11:22,188 - INFO - Prompt processing progress: 180224/200003
2026-10-02 18:11:23,264 - INFO - Prompt processing progress: 182272/200003
2026-10-02 18:11:24,348 - INFO - Prompt processing progress: 184320/200003
2026-10-02 18:11:25,441 - INFO - Prompt processing progress: 186368/200003
2026-10-02 18:11:26,545 - INFO - Prompt processing progress: 188416/200003
2026-10-02 18:11:27,664 - INFO - Prompt processing progress: 190464/200003
2026-10-02 18:11:28,792 - INFO - Prompt processing progress: 192512/200003
2026-10-02 18:11:29,927 - INFO - Prompt processing progress: 194560/200003
2026-10-02 18:11:31,076 - INFO - Prompt processing progress: 196608/200003
2026-10-02 18:11:32,228 - INFO - Prompt processing progress: 198656/200003
2026-10-02 18:11:33,117 - INFO - Prompt processing progress: 200002/200003
2026-10-02 18:11:33,158 - INFO - Prompt processing progress: 200003/200003
127.0.0.1 - - [02/Oct/2026 18:11:48] "POST /v1/chat/completions HTTP/1.1" 200 -
2026-10-02 18:11:48,477 - INFO - Prompt Cache: 0 sequences, 0.00 GB
2026-10-02 18:11:48,477 - INFO - - assistant: 0 sequences, 0.00 GB
2026-10-02 18:11:48,477 - INFO - - user: 0 sequences, 0.00 GB
2026-10-02 18:11:48,477 - INFO - - system: 0 sequences, 0.00 GB
2026-10-02 18:11:48,561 - INFO - Prompt processing progress: 0/200004
2026-10-02 18:11:48,901 - INFO - Prompt processing progress: 2048/200004
2026-10-02 18:11:49,119 - INFO - Prompt processing progress: 4096/200004
2026-10-02 18:11:49,344 - INFO - Prompt processing progress: 6144/200004
2026-10-02 18:11:49,577 - INFO - Prompt processing progress: 8192/200004
2026-10-02 18:11:49,820 - INFO - Prompt processing progress: 10240/200004
2026-10-02 18:11:50,073 - INFO - Prompt processing progress: 12288/200004
2026-10-02 18:11:50,333 - INFO - Prompt processing progress: 14336/200004
2026-10-02 18:11:50,605 - INFO - Prompt processing progress: 16384/200004
2026-10-02 18:11:50,885 - INFO - Prompt processing progress: 18432/200004
2026-10-02 18:11:51,174 - INFO - Prompt processing progress: 20480/200004
2026-10-02 18:11:51,472 - INFO - Prompt processing progress: 22528/200004
2026-10-02 18:11:51,780 - INFO - Prompt processing progress: 24576/200004
2026-10-02 18:11:52,098 - INFO - Prompt processing progress: 26624/200004
2026-10-02 18:11:52,426 - INFO - Prompt processing progress: 28672/200004
2026-10-02 18:11:52,764 - INFO - Prompt processing progress: 30720/200004
2026-10-02 18:11:53,111 - INFO - Prompt processing progress: 32768/200004
2026-10-02 18:11:53,466 - INFO - Prompt processing progress: 34816/200004
2026-10-02 18:11:53,832 - INFO - Prompt processing progress: 36864/200004
2026-10-02 18:11:54,208 - INFO - Prompt processing progress: 38912/200004
2026-10-02 18:11:54,593 - INFO - Prompt processing progress: 40960/200004
2026-10-02 18:11:54,988 - INFO - Prompt processing progress: 43008/200004
2026-10-02 18:11:55,392 - INFO - Prompt processing progress: 45056/200004
2026-10-02 18:11:55,807 - INFO - Prompt processing progress: 47104/200004
2026-10-02 18:11:56,230 - INFO - Prompt processing progress: 49152/200004
2026-10-02 18:11:56,665 - INFO - Prompt processing progress: 51200/200004
2026-10-02 18:11:57,111 - INFO - Prompt processing progress: 53248/200004
2026-10-02 18:11:57,567 - INFO - Prompt processing progress: 55296/200004
2026-10-02 18:11:58,032 - INFO - Prompt processing progress: 57344/200004
2026-10-02 18:11:58,509 - INFO - Prompt processing progress: 59392/200004
2026-10-02 18:11:58,994 - INFO - Prompt processing progress: 61440/200004
2026-10-02 18:11:59,490 - INFO - Prompt processing progress: 63488/200004
2026-10-02 18:11:59,995 - INFO - Prompt processing progress: 65536/200004
2026-10-02 18:12:00,510 - INFO - Prompt processing progress: 67584/200004
2026-10-02 18:12:01,036 - INFO - Prompt processing progress: 69632/200004
2026-10-02 18:12:01,571 - INFO - Prompt processing progress: 71680/200004
2026-10-02 18:12:02,113 - INFO - Prompt processing progress: 73728/200004
2026-10-02 18:12:02,657 - INFO - Prompt processing progress: 75776/200004
2026-10-02 18:12:03,221 - INFO - Prompt processing progress: 77824/200004
2026-10-02 18:12:03,796 - INFO - Prompt processing progress: 79872/200004
2026-10-02 18:12:04,382 - INFO - Prompt processing progress: 81920/200004
2026-10-02 18:12:04,979 - INFO - Prompt processing progress: 83968/200004
2026-10-02 18:12:05,586 - INFO - Prompt processing progress: 86016/200004
2026-10-02 18:12:06,204 - INFO - Prompt processing progress: 88064/200004
2026-10-02 18:12:06,828 - INFO - Prompt processing progress: 90112/200004
2026-10-02 18:12:07,465 - INFO - Prompt processing progress: 92160/200004
2026-10-02 18:12:08,111 - INFO - Prompt processing progress: 94208/200004
2026-10-02 18:12:08,770 - INFO - Prompt processing progress: 96256/200004
2026-10-02 18:12:09,436 - INFO - Prompt processing progress: 98304/200004
2026-10-02 18:12:10,111 - INFO - Prompt processing progress: 100352/200004
2026-10-02 18:12:10,800 - INFO - Prompt processing progress: 102400/200004
2026-10-02 18:12:11,501 - INFO - Prompt processing progress: 104448/200004
2026-10-02 18:12:12,203 - INFO - Prompt processing progress: 106496/200004
2026-10-02 18:12:12,919 - INFO - Prompt processing progress: 108544/200004
2026-10-02 18:12:13,645 - INFO - Prompt processing progress: 110592/200004
2026-10-02 18:12:14,382 - INFO - Prompt processing progress: 112640/200004
2026-10-02 18:12:15,128 - INFO - Prompt processing progress: 114688/200004
2026-10-02 18:12:15,880 - INFO - Prompt processing progress: 116736/200004
2026-10-02 18:12:16,646 - INFO - Prompt processing progress: 118784/200004
2026-10-02 18:12:17,423 - INFO - Prompt processing progress: 120832/200004
2026-10-02 18:12:18,208 - INFO - Prompt processing progress: 122880/200004
2026-10-02 18:12:19,005 - INFO - Prompt processing progress: 124928/200004
2026-10-02 18:12:19,811 - INFO - Prompt processing progress: 126976/200004
2026-10-02 18:12:20,625 - INFO - Prompt processing progress: 129024/200004
2026-10-02 18:12:21,451 - INFO - Prompt processing progress: 131072/200004
2026-10-02 18:12:22,288 - INFO - Prompt processing progress: 133120/200004
2026-10-02 18:12:23,134 - INFO - Prompt processing progress: 135168/200004
2026-10-02 18:12:23,988 - INFO - Prompt processing progress: 137216/200004
2026-10-02 18:12:24,848 - INFO - Prompt processing progress: 139264/200004
2026-10-02 18:12:25,725 - INFO - Prompt processing progress: 141312/200004
2026-10-02 18:12:26,610 - INFO - Prompt processing progress: 143360/200004
2026-10-02 18:12:27,507 - INFO - Prompt processing progress: 145408/200004
2026-10-02 18:12:28,414 - INFO - Prompt processing progress: 147456/200004
2026-10-02 18:12:29,331 - INFO - Prompt processing progress: 149504/200004
2026-10-02 18:12:30,259 - INFO - Prompt processing progress: 151552/200004
2026-10-02 18:12:31,195 - INFO - Prompt processing progress: 153600/200004
2026-10-02 18:12:32,145 - INFO - Prompt processing progress: 155648/200004
2026-10-02 18:12:33,103 - INFO - Prompt processing progress: 157696/200004
2026-10-02 18:12:34,069 - INFO - Prompt processing progress: 159744/200004
2026-10-02 18:12:35,046 - INFO - Prompt processing progress: 161792/200004
2026-10-02 18:12:36,026 - INFO - Prompt processing progress: 163840/200004
2026-10-02 18:12:37,024 - INFO - Prompt processing progress: 165888/200004
2026-10-02 18:12:38,027 - INFO - Prompt processing progress: 167936/200004
2026-10-02 18:12:39,034 - INFO - Prompt processing progress: 169984/200004
2026-10-02 18:12:40,061 - INFO - Prompt processing progress: 172032/200004
2026-10-02 18:12:41,091 - INFO - Prompt processing progress: 174080/200004
2026-10-02 18:12:42,133 - INFO - Prompt processing progress: 176128/200004
2026-10-02 18:12:43,188 - INFO - Prompt processing progress: 178176/200004
2026-10-02 18:12:44,258 - INFO - Prompt processing progress: 180224/200004
2026-10-02 18:12:45,338 - INFO - Prompt processing progress: 182272/200004
2026-10-02 18:12:46,422 - INFO - Prompt processing progress: 184320/200004
2026-10-02 18:12:47,523 - INFO - Prompt processing progress: 186368/200004
2026-10-02 18:12:48,635 - INFO - Prompt processing progress: 188416/200004
2026-10-02 18:12:49,745 - INFO - Prompt processing progress: 190464/200004
2026-10-02 18:12:50,872 - INFO - Prompt processing progress: 192512/200004
2026-10-02 18:12:52,012 - INFO - Prompt processing progress: 194560/200004
2026-10-02 18:12:53,163 - INFO - Prompt processing progress: 196608/200004
2026-10-02 18:12:54,311 - INFO - Prompt processing progress: 198656/200004
2026-10-02 18:12:55,204 - INFO - Prompt processing progress: 200003/200004
2026-10-02 18:12:55,236 - INFO - Prompt processing progress: 200004/200004
127.0.0.1 - - [02/Oct/2026 18:13:10] "POST /v1/chat/completions HTTP/1.1" 200 -
2026-10-02 18:13:10,688 - INFO - Prompt Cache: 0 sequences, 0.00 GB
2026-10-02 18:13:10,689 - INFO - - assistant: 0 sequences, 0.00 GB
2026-10-02 18:13:10,689 - INFO - - user: 0 sequences, 0.00 GB
2026-10-02 18:13:10,689 - INFO - - system: 0 sequences, 0.00 GB
2026-10-02 18:13:10,771 - INFO - Prompt processing progress: 0/200005
2026-10-02 18:13:11,110 - INFO - Prompt processing progress: 2048/200005
2026-10-02 18:13:11,327 - INFO - Prompt processing progress: 4096/200005
2026-10-02 18:13:11,552 - INFO - Prompt processing progress: 6144/200005
2026-10-02 18:13:11,785 - INFO - Prompt processing progress: 8192/200005
2026-10-02 18:13:12,028 - INFO - Prompt processing progress: 10240/200005
2026-10-02 18:13:12,280 - INFO - Prompt processing progress: 12288/200005
2026-10-02 18:13:12,542 - INFO - Prompt processing progress: 14336/200005
2026-10-02 18:13:12,813 - INFO - Prompt processing progress: 16384/200005
2026-10-02 18:13:13,094 - INFO - Prompt processing progress: 18432/200005
2026-10-02 18:13:13,385 - INFO - Prompt processing progress: 20480/200005
2026-10-02 18:13:13,682 - INFO - Prompt processing progress: 22528/200005
2026-10-02 18:13:13,991 - INFO - Prompt processing progress: 24576/200005
2026-10-02 18:13:14,310 - INFO - Prompt processing progress: 26624/200005
2026-10-02 18:13:14,638 - INFO - Prompt processing progress: 28672/200005
2026-10-02 18:13:14,976 - INFO - Prompt processing progress: 30720/200005
2026-10-02 18:13:15,324 - INFO - Prompt processing progress: 32768/200005
2026-10-02 18:13:15,680 - INFO - Prompt processing progress: 34816/200005
2026-10-02 18:13:16,047 - INFO - Prompt processing progress: 36864/200005
2026-10-02 18:13:16,423 - INFO - Prompt processing progress: 38912/200005
2026-10-02 18:13:16,809 - INFO - Prompt processing progress: 40960/200005
2026-10-02 18:13:17,204 - INFO - Prompt processing progress: 43008/200005
2026-10-02 18:13:17,609 - INFO - Prompt processing progress: 45056/200005
2026-10-02 18:13:18,024 - INFO - Prompt processing progress: 47104/200005
2026-10-02 18:13:18,450 - INFO - Prompt processing progress: 49152/200005
2026-10-02 18:13:18,887 - INFO - Prompt processing progress: 51200/200005
2026-10-02 18:13:19,334 - INFO - Prompt processing progress: 53248/200005
2026-10-02 18:13:19,791 - INFO - Prompt processing progress: 55296/200005
2026-10-02 18:13:20,257 - INFO - Prompt processing progress: 57344/200005
2026-10-02 18:13:20,734 - INFO - Prompt processing progress: 59392/200005
2026-10-02 18:13:21,220 - INFO - Prompt processing progress: 61440/200005
2026-10-02 18:13:21,717 - INFO - Prompt processing progress: 63488/200005
2026-10-02 18:13:22,216 - INFO - Prompt processing progress: 65536/200005
2026-10-02 18:13:22,734 - INFO - Prompt processing progress: 67584/200005
2026-10-02 18:13:23,256 - INFO - Prompt processing progress: 69632/200005
2026-10-02 18:13:23,792 - INFO - Prompt processing progress: 71680/200005
2026-10-02 18:13:24,337 - INFO - Prompt processing progress: 73728/200005
2026-10-02 18:13:24,895 - INFO - Prompt processing progress: 75776/200005
2026-10-02 18:13:25,459 - INFO - Prompt processing progress: 77824/200005
2026-10-02 18:13:26,032 - INFO - Prompt processing progress: 79872/200005
2026-10-02 18:13:26,615 - INFO - Prompt processing progress: 81920/200005
2026-10-02 18:13:27,207 - INFO - Prompt processing progress: 83968/200005
2026-10-02 18:13:27,814 - INFO - Prompt processing progress: 86016/200005
2026-10-02 18:13:28,429 - INFO - Prompt processing progress: 88064/200005
2026-10-02 18:13:29,055 - INFO - Prompt processing progress: 90112/200005
2026-10-02 18:13:29,692 - INFO - Prompt processing progress: 92160/200005
2026-10-02 18:13:30,334 - INFO - Prompt processing progress: 94208/200005
2026-10-02 18:13:30,992 - INFO - Prompt processing progress: 96256/200005
2026-10-02 18:13:31,658 - INFO - Prompt processing progress: 98304/200005
2026-10-02 18:13:32,332 - INFO - Prompt processing progress: 100352/200005
2026-10-02 18:13:33,017 - INFO - Prompt processing progress: 102400/200005
2026-10-02 18:13:33,713 - INFO - Prompt processing progress: 104448/200005
2026-10-02 18:13:34,416 - INFO - Prompt processing progress: 106496/200005
2026-10-02 18:13:35,133 - INFO - Prompt processing progress: 108544/200005
2026-10-02 18:13:35,854 - INFO - Prompt processing progress: 110592/200005
2026-10-02 18:13:36,587 - INFO - Prompt processing progress: 112640/200005
2026-10-02 18:13:37,333 - INFO - Prompt processing progress: 114688/200005
2026-10-02 18:13:38,090 - INFO - Prompt processing progress: 116736/200005
2026-10-02 18:13:38,856 - INFO - Prompt processing progress: 118784/200005
2026-10-02 18:13:39,633 - INFO - Prompt processing progress: 120832/200005
2026-10-02 18:13:40,420 - INFO - Prompt processing progress: 122880/200005
2026-10-02 18:13:41,214 - INFO - Prompt processing progress: 124928/200005
2026-10-02 18:13:42,016 - INFO - Prompt processing progress: 126976/200005
2026-10-02 18:13:42,828 - INFO - Prompt processing progress: 129024/200005
2026-10-02 18:13:43,655 - INFO - Prompt processing progress: 131072/200005
2026-10-02 18:13:44,488 - INFO - Prompt processing progress: 133120/200005
2026-10-02 18:13:45,329 - INFO - Prompt processing progress: 135168/200005
2026-10-02 18:13:46,179 - INFO - Prompt processing progress: 137216/200005
2026-10-02 18:13:47,042 - INFO - Prompt processing progress: 139264/200005
2026-10-02 18:13:47,918 - INFO - Prompt processing progress: 141312/200005
2026-10-02 18:13:48,800 - INFO - Prompt processing progress: 143360/200005
2026-10-02 18:13:49,698 - INFO - Prompt processing progress: 145408/200005
2026-10-02 18:13:50,600 - INFO - Prompt processing progress: 147456/200005
2026-10-02 18:13:51,516 - INFO - Prompt processing progress: 149504/200005
2026-10-02 18:13:52,439 - INFO - Prompt processing progress: 151552/200005
2026-10-02 18:13:53,371 - INFO - Prompt processing progress: 153600/200005
2026-10-02 18:13:54,317 - INFO - Prompt processing progress: 155648/200005
2026-10-02 18:13:55,273 - INFO - Prompt processing progress: 157696/200005
2026-10-02 18:13:56,238 - INFO - Prompt processing progress: 159744/200005
2026-10-02 18:13:57,212 - INFO - Prompt processing progress: 161792/200005
2026-10-02 18:13:58,199 - INFO - Prompt processing progress: 163840/200005
2026-10-02 18:13:59,189 - INFO - Prompt processing progress: 165888/200005
2026-10-02 18:14:00,196 - INFO - Prompt processing progress: 167936/200005
2026-10-02 18:14:01,205 - INFO - Prompt processing progress: 169984/200005
2026-10-02 18:14:02,224 - INFO - Prompt processing progress: 172032/200005
2026-10-02 18:14:03,243 - INFO - Prompt processing progress: 174080/200005
2026-10-02 18:14:04,286 - INFO - Prompt processing progress: 176128/200005
2026-10-02 18:14:05,341 - INFO - Prompt processing progress: 178176/200005
2026-10-02 18:14:06,406 - INFO - Prompt processing progress: 180224/200005
2026-10-02 18:14:07,478 - INFO - Prompt processing progress: 182272/200005
2026-10-02 18:14:08,560 - INFO - Prompt processing progress: 184320/200005
2026-10-02 18:14:09,655 - INFO - Prompt processing progress: 186368/200005
2026-10-02 18:14:10,760 - INFO - Prompt processing progress: 188416/200005
2026-10-02 18:14:11,872 - INFO - Prompt processing progress: 190464/200005
2026-10-02 18:14:12,995 - INFO - Prompt processing progress: 192512/200005
2026-10-02 18:14:14,124 - INFO - Prompt processing progress: 194560/200005
2026-10-02 18:14:15,267 - INFO - Prompt processing progress: 196608/200005
2026-10-02 18:14:16,419 - INFO - Prompt processing progress: 198656/200005
2026-10-02 18:14:17,309 - INFO - Prompt processing progress: 200004/200005
2026-10-02 18:14:17,340 - INFO - Prompt processing progress: 200005/200005
127.0.0.1 - - [02/Oct/2026 18:14:32] "POST /v1/chat/completions HTTP/1.1" 200 -
2026-10-02 18:14:32,738 - INFO - Prompt Cache: 0 sequences, 0.00 GB
2026-10-02 18:14:32,738 - INFO - - assistant: 0 sequences, 0.00 GB
2026-10-02 18:14:32,738 - INFO - - user: 0 sequences, 0.00 GB
2026-10-02 18:14:32,738 - INFO - - system: 0 sequences, 0.00 GB
2026-10-02 18:14:32,819 - INFO - Prompt processing progress: 0/200004
2026-10-02 18:14:33,155 - INFO - Prompt processing progress: 2048/200004
2026-10-02 18:14:33,372 - INFO - Prompt processing progress: 4096/200004
2026-10-02 18:14:33,598 - INFO - Prompt processing progress: 6144/200004
2026-10-02 18:14:33,832 - INFO - Prompt processing progress: 8192/200004
2026-10-02 18:14:34,075 - INFO - Prompt processing progress: 10240/200004
2026-10-02 18:14:34,328 - INFO - Prompt processing progress: 12288/200004
2026-10-02 18:14:34,590 - INFO - Prompt processing progress: 14336/200004
2026-10-02 18:14:34,862 - INFO - Prompt processing progress: 16384/200004
2026-10-02 18:14:35,143 - INFO - Prompt processing progress: 18432/200004
2026-10-02 18:14:35,433 - INFO - Prompt processing progress: 20480/200004
2026-10-02 18:14:35,730 - INFO - Prompt processing progress: 22528/200004
2026-10-02 18:14:36,038 - INFO - Prompt processing progress: 24576/200004
2026-10-02 18:14:36,356 - INFO - Prompt processing progress: 26624/200004
2026-10-02 18:14:36,684 - INFO - Prompt processing progress: 28672/200004
2026-10-02 18:14:37,021 - INFO - Prompt processing progress: 30720/200004
2026-10-02 18:14:37,369 - INFO - Prompt processing progress: 32768/200004
2026-10-02 18:14:37,723 - INFO - Prompt processing progress: 34816/200004
2026-10-02 18:14:38,090 - INFO - Prompt processing progress: 36864/200004
2026-10-02 18:14:38,464 - INFO - Prompt processing progress: 38912/200004
2026-10-02 18:14:38,849 - INFO - Prompt processing progress: 40960/200004
2026-10-02 18:14:39,243 - INFO - Prompt processing progress: 43008/200004
2026-10-02 18:14:39,648 - INFO - Prompt processing progress: 45056/200004
2026-10-02 18:14:40,063 - INFO - Prompt processing progress: 47104/200004
2026-10-02 18:14:40,487 - INFO - Prompt processing progress: 49152/200004
2026-10-02 18:14:40,920 - INFO - Prompt processing progress: 51200/200004
2026-10-02 18:14:41,366 - INFO - Prompt processing progress: 53248/200004
2026-10-02 18:14:41,820 - INFO - Prompt processing progress: 55296/200004
2026-10-02 18:14:42,287 - INFO - Prompt processing progress: 57344/200004
2026-10-02 18:14:42,761 - INFO - Prompt processing progress: 59392/200004
2026-10-02 18:14:43,244 - INFO - Prompt processing progress: 61440/200004
2026-10-02 18:14:43,740 - INFO - Prompt processing progress: 63488/200004
2026-10-02 18:14:44,243 - INFO - Prompt processing progress: 65536/200004
2026-10-02 18:14:44,755 - INFO - Prompt processing progress: 67584/200004
2026-10-02 18:14:45,280 - INFO - Prompt processing progress: 69632/200004
2026-10-02 18:14:45,817 - INFO - Prompt processing progress: 71680/200004
2026-10-02 18:14:46,361 - INFO - Prompt processing progress: 73728/200004
2026-10-02 18:14:46,918 - INFO - Prompt processing progress: 75776/200004
2026-10-02 18:14:47,481 - INFO - Prompt processing progress: 77824/200004
2026-10-02 18:14:48,055 - INFO - Prompt processing progress: 79872/200004
2026-10-02 18:14:48,640 - INFO - Prompt processing progress: 81920/200004
2026-10-02 18:14:49,235 - INFO - Prompt processing progress: 83968/200004
2026-10-02 18:14:49,840 - INFO - Prompt processing progress: 86016/200004
2026-10-02 18:14:50,453 - INFO - Prompt processing progress: 88064/200004
2026-10-02 18:14:51,076 - INFO - Prompt processing progress: 90112/200004
2026-10-02 18:14:51,711 - INFO - Prompt processing progress: 92160/200004
2026-10-02 18:14:52,359 - INFO - Prompt processing progress: 94208/200004
2026-10-02 18:14:53,016 - INFO - Prompt processing progress: 96256/200004
2026-10-02 18:14:53,685 - INFO - Prompt processing progress: 98304/200004
2026-10-02 18:14:54,360 - INFO - Prompt processing progress: 100352/200004
2026-10-02 18:14:55,043 - INFO - Prompt processing progress: 102400/200004
2026-10-02 18:14:55,742 - INFO - Prompt processing progress: 104448/200004
2026-10-02 18:14:56,442 - INFO - Prompt processing progress: 106496/200004
2026-10-02 18:14:57,157 - INFO - Prompt processing progress: 108544/200004
2026-10-02 18:14:57,885 - INFO - Prompt processing progress: 110592/200004
2026-10-02 18:14:58,620 - INFO - Prompt processing progress: 112640/200004
2026-10-02 18:14:59,369 - INFO - Prompt processing progress: 114688/200004
2026-10-02 18:15:00,125 - INFO - Prompt processing progress: 116736/200004
2026-10-02 18:15:00,893 - INFO - Prompt processing progress: 118784/200004
2026-10-02 18:15:01,653 - INFO - Prompt processing progress: 120832/200004
2026-10-02 18:15:02,421 - INFO - Prompt processing progress: 122880/200004
2026-10-02 18:15:03,215 - INFO - Prompt processing progress: 124928/200004
2026-10-02 18:15:04,016 - INFO - Prompt processing progress: 126976/200004
2026-10-02 18:15:04,828 - INFO - Prompt processing progress: 129024/200004
2026-10-02 18:15:05,651 - INFO - Prompt processing progress: 131072/200004
2026-10-02 18:15:06,488 - INFO - Prompt processing progress: 133120/200004
2026-10-02 18:15:07,336 - INFO - Prompt processing progress: 135168/200004
2026-10-02 18:15:08,189 - INFO - Prompt processing progress: 137216/200004
2026-10-02 18:15:09,051 - INFO - Prompt processing progress: 139264/200004
2026-10-02 18:15:09,926 - INFO - Prompt processing progress: 141312/200004
2026-10-02 18:15:10,810 - INFO - Prompt processing progress: 143360/200004
2026-10-02 18:15:11,706 - INFO - Prompt processing progress: 145408/200004
2026-10-02 18:15:12,613 - INFO - Prompt processing progress: 147456/200004
2026-10-02 18:15:13,527 - INFO - Prompt processing progress: 149504/200004
2026-10-02 18:15:14,455 - INFO - Prompt processing progress: 151552/200004
2026-10-02 18:15:15,387 - INFO - Prompt processing progress: 153600/200004
2026-10-02 18:15:16,333 - INFO - Prompt processing progress: 155648/200004
2026-10-02 18:15:17,285 - INFO - Prompt processing progress: 157696/200004
2026-10-02 18:15:18,250 - INFO - Prompt processing progress: 159744/200004
2026-10-02 18:15:19,226 - INFO - Prompt processing progress: 161792/200004
2026-10-02 18:15:20,211 - INFO - Prompt processing progress: 163840/200004
2026-10-02 18:15:21,203 - INFO - Prompt processing progress: 165888/200004
2026-10-02 18:15:22,206 - INFO - Prompt processing progress: 167936/200004
2026-10-02 18:15:23,224 - INFO - Prompt processing progress: 169984/200004
2026-10-02 18:15:24,244 - INFO - Prompt processing progress: 172032/200004
2026-10-02 18:15:25,282 - INFO - Prompt processing progress: 174080/200004
2026-10-02 18:15:26,319 - INFO - Prompt processing progress: 176128/200004
2026-10-02 18:15:27,371 - INFO - Prompt processing progress: 178176/200004
2026-10-02 18:15:28,429 - INFO - Prompt processing progress: 180224/200004
2026-10-02 18:15:29,504 - INFO - Prompt processing progress: 182272/200004
2026-10-02 18:15:30,590 - INFO - Prompt processing progress: 184320/200004
2026-10-02 18:15:31,689 - INFO - Prompt processing progress: 186368/200004
2026-10-02 18:15:32,785 - INFO - Prompt processing progress: 188416/200004
2026-10-02 18:15:33,900 - INFO - Prompt processing progress: 190464/200004
2026-10-02 18:15:35,022 - INFO - Prompt processing progress: 192512/200004
2026-10-02 18:15:36,156 - INFO - Prompt processing progress: 194560/200004
2026-10-02 18:15:37,301 - INFO - Prompt processing progress: 196608/200004
2026-10-02 18:15:38,450 - INFO - Prompt processing progress: 198656/200004
2026-10-02 18:15:39,337 - INFO - Prompt processing progress: 200003/200004
2026-10-02 18:15:39,368 - INFO - Prompt processing progress: 200004/200004
127.0.0.1 - - [02/Oct/2026 18:15:54] "POST /v1/chat/completions HTTP/1.1" 200 -
2026-10-02 18:15:54,700 - INFO - Prompt Cache: 0 sequences, 0.00 GB
2026-10-02 18:15:54,700 - INFO - - assistant: 0 sequences, 0.00 GB
2026-10-02 18:15:54,700 - INFO - - user: 0 sequences, 0.00 GB
2026-10-02 18:15:54,700 - INFO - - system: 0 sequences, 0.00 GB
2026-10-02 18:15:54,782 - INFO - Prompt processing progress: 0/200005
2026-10-02 18:15:55,115 - INFO - Prompt processing progress: 2048/200005
2026-10-02 18:15:55,339 - INFO - Prompt processing progress: 4096/200005
2026-10-02 18:15:55,565 - INFO - Prompt processing progress: 6144/200005
2026-10-02 18:15:55,800 - INFO - Prompt processing progress: 8192/200005
2026-10-02 18:15:56,045 - INFO - Prompt processing progress: 10240/200005
2026-10-02 18:15:56,298 - INFO - Prompt processing progress: 12288/200005
2026-10-02 18:15:56,561 - INFO - Prompt processing progress: 14336/200005
2026-10-02 18:15:56,833 - INFO - Prompt processing progress: 16384/200005
2026-10-02 18:15:57,114 - INFO - Prompt processing progress: 18432/200005
2026-10-02 18:15:57,405 - INFO - Prompt processing progress: 20480/200005
2026-10-02 18:15:57,707 - INFO - Prompt processing progress: 22528/200005
2026-10-02 18:15:58,016 - INFO - Prompt processing progress: 24576/200005
2026-10-02 18:15:58,335 - INFO - Prompt processing progress: 26624/200005
2026-10-02 18:15:58,663 - INFO - Prompt processing progress: 28672/200005
2026-10-02 18:15:59,001 - INFO - Prompt processing progress: 30720/200005
2026-10-02 18:15:59,348 - INFO - Prompt processing progress: 32768/200005
2026-10-02 18:15:59,704 - INFO - Prompt processing progress: 34816/200005
2026-10-02 18:16:00,070 - INFO - Prompt processing progress: 36864/200005
2026-10-02 18:16:00,447 - INFO - Prompt processing progress: 38912/200005
2026-10-02 18:16:00,831 - INFO - Prompt processing progress: 40960/200005
2026-10-02 18:16:01,227 - INFO - Prompt processing progress: 43008/200005
2026-10-02 18:16:01,632 - INFO - Prompt processing progress: 45056/200005
2026-10-02 18:16:02,046 - INFO - Prompt processing progress: 47104/200005
2026-10-02 18:16:02,468 - INFO - Prompt processing progress: 49152/200005
2026-10-02 18:16:02,902 - INFO - Prompt processing progress: 51200/200005
2026-10-02 18:16:03,347 - INFO - Prompt processing progress: 53248/200005
2026-10-02 18:16:03,799 - INFO - Prompt processing progress: 55296/200005
2026-10-02 18:16:04,265 - INFO - Prompt processing progress: 57344/200005
2026-10-02 18:16:04,741 - INFO - Prompt processing progress: 59392/200005
2026-10-02 18:16:05,227 - INFO - Prompt processing progress: 61440/200005
2026-10-02 18:16:05,720 - INFO - Prompt processing progress: 63488/200005
2026-10-02 18:16:06,223 - INFO - Prompt processing progress: 65536/200005
2026-10-02 18:16:06,737 - INFO - Prompt processing progress: 67584/200005
2026-10-02 18:16:07,262 - INFO - Prompt processing progress: 69632/200005
2026-10-02 18:16:07,799 - INFO - Prompt processing progress: 71680/200005
2026-10-02 18:16:08,344 - INFO - Prompt processing progress: 73728/200005
2026-10-02 18:16:08,901 - INFO - Prompt processing progress: 75776/200005
2026-10-02 18:16:09,464 - INFO - Prompt processing progress: 77824/200005
2026-10-02 18:16:10,041 - INFO - Prompt processing progress: 79872/200005
2026-10-02 18:16:10,623 - INFO - Prompt processing progress: 81920/200005
2026-10-02 18:16:11,216 - INFO - Prompt processing progress: 83968/200005
2026-10-02 18:16:11,819 - INFO - Prompt processing progress: 86016/200005
2026-10-02 18:16:12,435 - INFO - Prompt processing progress: 88064/200005
2026-10-02 18:16:13,062 - INFO - Prompt processing progress: 90112/200005
2026-10-02 18:16:13,697 - INFO - Prompt processing progress: 92160/200005
2026-10-02 18:16:14,342 - INFO - Prompt processing progress: 94208/200005
2026-10-02 18:16:14,998 - INFO - Prompt processing progress: 96256/200005
2026-10-02 18:16:15,665 - INFO - Prompt processing progress: 98304/200005
2026-10-02 18:16:16,339 - INFO - Prompt processing progress: 100352/200005
2026-10-02 18:16:17,019 - INFO - Prompt processing progress: 102400/200005
2026-10-02 18:16:17,714 - INFO - Prompt processing progress: 104448/200005
2026-10-02 18:16:18,418 - INFO - Prompt processing progress: 106496/200005
2026-10-02 18:16:19,134 - INFO - Prompt processing progress: 108544/200005
2026-10-02 18:16:19,859 - INFO - Prompt processing progress: 110592/200005
2026-10-02 18:16:20,594 - INFO - Prompt processing progress: 112640/200005
2026-10-02 18:16:21,341 - INFO - Prompt processing progress: 114688/200005
2026-10-02 18:16:22,098 - INFO - Prompt processing progress: 116736/200005
2026-10-02 18:16:22,864 - INFO - Prompt processing progress: 118784/200005
2026-10-02 18:16:23,642 - INFO - Prompt processing progress: 120832/200005
2026-10-02 18:16:24,427 - INFO - Prompt processing progress: 122880/200005
2026-10-02 18:16:25,217 - INFO - Prompt processing progress: 124928/200005
2026-10-02 18:16:26,024 - INFO - Prompt processing progress: 126976/200005
2026-10-02 18:16:26,842 - INFO - Prompt processing progress: 129024/200005
2026-10-02 18:16:27,662 - INFO - Prompt processing progress: 131072/200005
2026-10-02 18:16:28,499 - INFO - Prompt processing progress: 133120/200005
2026-10-02 18:16:29,344 - INFO - Prompt processing progress: 135168/200005
2026-10-02 18:16:30,199 - INFO - Prompt processing progress: 137216/200005
2026-10-02 18:16:31,065 - INFO - Prompt processing progress: 139264/200005
2026-10-02 18:16:31,940 - INFO - Prompt processing progress: 141312/200005
2026-10-02 18:16:32,826 - INFO - Prompt processing progress: 143360/200005
2026-10-02 18:16:33,717 - INFO - Prompt processing progress: 145408/200005
2026-10-02 18:16:34,617 - INFO - Prompt processing progress: 147456/200005
2026-10-02 18:16:35,530 - INFO - Prompt processing progress: 149504/200005
2026-10-02 18:16:36,455 - INFO - Prompt processing progress: 151552/200005
2026-10-02 18:16:37,394 - INFO - Prompt processing progress: 153600/200005
2026-10-02 18:16:38,330 - INFO - Prompt processing progress: 155648/200005
2026-10-02 18:16:39,286 - INFO - Prompt processing progress: 157696/200005
2026-10-02 18:16:40,251 - INFO - Prompt processing progress: 159744/200005
2026-10-02 18:16:41,226 - INFO - Prompt processing progress: 161792/200005
2026-10-02 18:16:42,209 - INFO - Prompt processing progress: 163840/200005
2026-10-02 18:16:43,203 - INFO - Prompt processing progress: 165888/200005
2026-10-02 18:16:44,206 - INFO - Prompt processing progress: 167936/200005
2026-10-02 18:16:45,219 - INFO - Prompt processing progress: 169984/200005
2026-10-02 18:16:46,241 - INFO - Prompt processing progress: 172032/200005
2026-10-02 18:16:47,279 - INFO - Prompt processing progress: 174080/200005
2026-10-02 18:16:48,320 - INFO - Prompt processing progress: 176128/200005
2026-10-02 18:16:49,373 - INFO - Prompt processing progress: 178176/200005
2026-10-02 18:16:50,445 - INFO - Prompt processing progress: 180224/200005
2026-10-02 18:16:51,520 - INFO - Prompt processing progress: 182272/200005
2026-10-02 18:16:52,608 - INFO - Prompt processing progress: 184320/200005
2026-10-02 18:16:53,700 - INFO - Prompt processing progress: 186368/200005
2026-10-02 18:16:54,802 - INFO - Prompt processing progress: 188416/200005
2026-10-02 18:16:55,919 - INFO - Prompt processing progress: 190464/200005
2026-10-02 18:16:57,044 - INFO - Prompt processing progress: 192512/200005
2026-10-02 18:16:58,186 - INFO - Prompt processing progress: 194560/200005
2026-10-02 18:16:59,324 - INFO - Prompt processing progress: 196608/200005
2026-10-02 18:17:00,485 - INFO - Prompt processing progress: 198656/200005
2026-10-02 18:17:01,373 - INFO - Prompt processing progress: 200004/200005
2026-10-02 18:17:01,406 - INFO - Prompt processing progress: 200005/200005
127.0.0.1 - - [02/Oct/2026 18:17:16] "POST /v1/chat/completions HTTP/1.1" 200 -
2026-10-02 18:17:16,732 - INFO - Prompt Cache: 0 sequences, 0.00 GB
2026-10-02 18:17:16,732 - INFO - - assistant: 0 sequences, 0.00 GB
2026-10-02 18:17:16,732 - INFO - - user: 0 sequences, 0.00 GB
2026-10-02 18:17:16,732 - INFO - - system: 0 sequences, 0.00 GB
2026-10-02 18:17:16,815 - INFO - Prompt processing progress: 0/200001
2026-10-02 18:17:17,158 - INFO - Prompt processing progress: 2048/200001
2026-10-02 18:17:17,375 - INFO - Prompt processing progress: 4096/200001
2026-10-02 18:17:17,600 - INFO - Prompt processing progress: 6144/200001
2026-10-02 18:17:17,834 - INFO - Prompt processing progress: 8192/200001
2026-10-02 18:17:18,077 - INFO - Prompt processing progress: 10240/200001
2026-10-02 18:17:18,329 - INFO - Prompt processing progress: 12288/200001
2026-10-02 18:17:18,591 - INFO - Prompt processing progress: 14336/200001
2026-10-02 18:17:18,862 - INFO - Prompt processing progress: 16384/200001
2026-10-02 18:17:19,142 - INFO - Prompt processing progress: 18432/200001
2026-10-02 18:17:19,432 - INFO - Prompt processing progress: 20480/200001
2026-10-02 18:17:19,730 - INFO - Prompt processing progress: 22528/200001
2026-10-02 18:17:20,039 - INFO - Prompt processing progress: 24576/200001
2026-10-02 18:17:20,358 - INFO - Prompt processing progress: 26624/200001
2026-10-02 18:17:20,687 - INFO - Prompt processing progress: 28672/200001
2026-10-02 18:17:21,024 - INFO - Prompt processing progress: 30720/200001
2026-10-02 18:17:21,371 - INFO - Prompt processing progress: 32768/200001
2026-10-02 18:17:21,727 - INFO - Prompt processing progress: 34816/200001
2026-10-02 18:17:22,092 - INFO - Prompt processing progress: 36864/200001
2026-10-02 18:17:22,467 - INFO - Prompt processing progress: 38912/200001
2026-10-02 18:17:22,852 - INFO - Prompt processing progress: 40960/200001
2026-10-02 18:17:23,246 - INFO - Prompt processing progress: 43008/200001
2026-10-02 18:17:23,650 - INFO - Prompt processing progress: 45056/200001
2026-10-02 18:17:24,065 - INFO - Prompt processing progress: 47104/200001
2026-10-02 18:17:24,489 - INFO - Prompt processing progress: 49152/200001
2026-10-02 18:17:24,923 - INFO - Prompt processing progress: 51200/200001
2026-10-02 18:17:25,369 - INFO - Prompt processing progress: 53248/200001
2026-10-02 18:17:25,823 - INFO - Prompt processing progress: 55296/200001
2026-10-02 18:17:26,288 - INFO - Prompt processing progress: 57344/200001
2026-10-02 18:17:26,763 - INFO - Prompt processing progress: 59392/200001
2026-10-02 18:17:27,248 - INFO - Prompt processing progress: 61440/200001
2026-10-02 18:17:27,744 - INFO - Prompt processing progress: 63488/200001
2026-10-02 18:17:28,249 - INFO - Prompt processing progress: 65536/200001
2026-10-02 18:17:28,764 - INFO - Prompt processing progress: 67584/200001
2026-10-02 18:17:29,288 - INFO - Prompt processing progress: 69632/200001
2026-10-02 18:17:29,824 - INFO - Prompt processing progress: 71680/200001
2026-10-02 18:17:30,368 - INFO - Prompt processing progress: 73728/200001
2026-10-02 18:17:30,923 - INFO - Prompt processing progress: 75776/200001
2026-10-02 18:17:31,487 - INFO - Prompt processing progress: 77824/200001
2026-10-02 18:17:32,062 - INFO - Prompt processing progress: 79872/200001
2026-10-02 18:17:32,644 - INFO - Prompt processing progress: 81920/200001
2026-10-02 18:17:33,241 - INFO - Prompt processing progress: 83968/200001
2026-10-02 18:17:33,844 - INFO - Prompt processing progress: 86016/200001
2026-10-02 18:17:34,460 - INFO - Prompt processing progress: 88064/200001
2026-10-02 18:17:35,086 - INFO - Prompt processing progress: 90112/200001
2026-10-02 18:17:35,722 - INFO - Prompt processing progress: 92160/200001
2026-10-02 18:17:36,367 - INFO - Prompt processing progress: 94208/200001
2026-10-02 18:17:37,026 - INFO - Prompt processing progress: 96256/200001
2026-10-02 18:17:37,693 - INFO - Prompt processing progress: 98304/200001
2026-10-02 18:17:38,369 - INFO - Prompt processing progress: 100352/200001
2026-10-02 18:17:39,052 - INFO - Prompt processing progress: 102400/200001
2026-10-02 18:17:39,745 - INFO - Prompt processing progress: 104448/200001
2026-10-02 18:17:40,450 - INFO - Prompt processing progress: 106496/200001
2026-10-02 18:17:41,166 - INFO - Prompt processing progress: 108544/200001
2026-10-02 18:17:41,890 - INFO - Prompt processing progress: 110592/200001
2026-10-02 18:17:42,625 - INFO - Prompt processing progress: 112640/200001
2026-10-02 18:17:43,374 - INFO - Prompt processing progress: 114688/200001
2026-10-02 18:17:44,123 - INFO - Prompt processing progress: 116736/200001
2026-10-02 18:17:44,889 - INFO - Prompt processing progress: 118784/200001
2026-10-02 18:17:45,664 - INFO - Prompt processing progress: 120832/200001
2026-10-02 18:17:46,452 - INFO - Prompt processing progress: 122880/200001
2026-10-02 18:17:47,242 - INFO - Prompt processing progress: 124928/200001
2026-10-02 18:17:48,046 - INFO - Prompt processing progress: 126976/200001
2026-10-02 18:17:48,863 - INFO - Prompt processing progress: 129024/200001
2026-10-02 18:17:49,682 - INFO - Prompt processing progress: 131072/200001
2026-10-02 18:17:50,519 - INFO - Prompt processing progress: 133120/200001
2026-10-02 18:17:51,360 - INFO - Prompt processing progress: 135168/200001
2026-10-02 18:17:52,211 - INFO - Prompt processing progress: 137216/200001
2026-10-02 18:17:53,076 - INFO - Prompt processing progress: 139264/200001
2026-10-02 18:17:53,951 - INFO - Prompt processing progress: 141312/200001
2026-10-02 18:17:54,836 - INFO - Prompt processing progress: 143360/200001
2026-10-02 18:17:55,724 - INFO - Prompt processing progress: 145408/200001
2026-10-02 18:17:56,631 - INFO - Prompt processing progress: 147456/200001
2026-10-02 18:17:57,550 - INFO - Prompt processing progress: 149504/200001
2026-10-02 18:17:58,471 - INFO - Prompt processing progress: 151552/200001
2026-10-02 18:17:59,408 - INFO - Prompt processing progress: 153600/200001
2026-10-02 18:18:00,347 - INFO - Prompt processing progress: 155648/200001
2026-10-02 18:18:01,306 - INFO - Prompt processing progress: 157696/200001
2026-10-02 18:18:02,241 - INFO - Prompt processing progress: 159744/200001
2026-10-02 18:18:03,220 - INFO - Prompt processing progress: 161792/200001
2026-10-02 18:18:04,201 - INFO - Prompt processing progress: 163840/200001
2026-10-02 18:18:05,195 - INFO - Prompt processing progress: 165888/200001
2026-10-02 18:18:06,196 - INFO - Prompt processing progress: 167936/200001
2026-10-02 18:18:07,208 - INFO - Prompt processing progress: 169984/200001
2026-10-02 18:18:08,233 - INFO - Prompt processing progress: 172032/200001
2026-10-02 18:18:09,271 - INFO - Prompt processing progress: 174080/200001
2026-10-02 18:18:10,310 - INFO - Prompt processing progress: 176128/200001
2026-10-02 18:18:11,364 - INFO - Prompt processing progress: 178176/200001
2026-10-02 18:18:12,432 - INFO - Prompt processing progress: 180224/200001
2026-10-02 18:18:13,507 - INFO - Prompt processing progress: 182272/200001
2026-10-02 18:18:14,586 - INFO - Prompt processing progress: 184320/200001
2026-10-02 18:18:15,682 - INFO - Prompt processing progress: 186368/200001
2026-10-02 18:18:16,791 - INFO - Prompt processing progress: 188416/200001
2026-10-02 18:18:17,904 - INFO - Prompt processing progress: 190464/200001
2026-10-02 18:18:19,028 - INFO - Prompt processing progress: 192512/200001
2026-10-02 18:18:20,161 - INFO - Prompt processing progress: 194560/200001
2026-10-02 18:18:21,312 - INFO - Prompt processing progress: 196608/200001
2026-10-02 18:18:22,464 - INFO - Prompt processing progress: 198656/200001
2026-10-02 18:18:23,318 - INFO - Prompt processing progress: 200000/200001
2026-10-02 18:18:23,346 - INFO - Prompt processing progress: 200001/200001
127.0.0.1 - - [02/Oct/2026 18:18:38] "POST /v1/chat/completions HTTP/1.1" 200 -
2026-10-02 18:18:38,700 - INFO - Prompt Cache: 0 sequences, 0.00 GB
2026-10-02 18:18:38,700 - INFO - - assistant: 0 sequences, 0.00 GB
2026-10-02 18:18:38,700 - INFO - - user: 0 sequences, 0.00 GB
2026-10-02 18:18:38,700 - INFO - - system: 0 sequences, 0.00 GB
2026-10-02 18:18:38,783 - INFO - Prompt processing progress: 0/200002
2026-10-02 18:18:39,123 - INFO - Prompt processing progress: 2048/200002
2026-10-02 18:18:39,341 - INFO - Prompt processing progress: 4096/200002
2026-10-02 18:18:39,566 - INFO - Prompt processing progress: 6144/200002
2026-10-02 18:18:39,800 - INFO - Prompt processing progress: 8192/200002
2026-10-02 18:18:40,043 - INFO - Prompt processing progress: 10240/200002
2026-10-02 18:18:40,296 - INFO - Prompt processing progress: 12288/200002
2026-10-02 18:18:40,557 - INFO - Prompt processing progress: 14336/200002
2026-10-02 18:18:40,829 - INFO - Prompt processing progress: 16384/200002
2026-10-02 18:18:41,110 - INFO - Prompt processing progress: 18432/200002
2026-10-02 18:18:41,400 - INFO - Prompt processing progress: 20480/200002
2026-10-02 18:18:41,700 - INFO - Prompt processing progress: 22528/200002
2026-10-02 18:18:42,008 - INFO - Prompt processing progress: 24576/200002
2026-10-02 18:18:42,326 - INFO - Prompt processing progress: 26624/200002
2026-10-02 18:18:42,654 - INFO - Prompt processing progress: 28672/200002
2026-10-02 18:18:42,993 - INFO - Prompt processing progress: 30720/200002
2026-10-02 18:18:43,341 - INFO - Prompt processing progress: 32768/200002
2026-10-02 18:18:43,697 - INFO - Prompt processing progress: 34816/200002
2026-10-02 18:18:44,064 - INFO - Prompt processing progress: 36864/200002
2026-10-02 18:18:44,440 - INFO - Prompt processing progress: 38912/200002
2026-10-02 18:18:44,825 - INFO - Prompt processing progress: 40960/200002
2026-10-02 18:18:45,218 - INFO - Prompt processing progress: 43008/200002
2026-10-02 18:18:45,624 - INFO - Prompt processing progress: 45056/200002
2026-10-02 18:18:46,038 - INFO - Prompt processing progress: 47104/200002
2026-10-02 18:18:46,463 - INFO - Prompt processing progress: 49152/200002
2026-10-02 18:18:46,897 - INFO - Prompt processing progress: 51200/200002
2026-10-02 18:18:47,343 - INFO - Prompt processing progress: 53248/200002
2026-10-02 18:18:47,799 - INFO - Prompt processing progress: 55296/200002
2026-10-02 18:18:48,261 - INFO - Prompt processing progress: 57344/200002
2026-10-02 18:18:48,734 - INFO - Prompt processing progress: 59392/200002
2026-10-02 18:18:49,215 - INFO - Prompt processing progress: 61440/200002
2026-10-02 18:18:49,710 - INFO - Prompt processing progress: 63488/200002
2026-10-02 18:18:50,214 - INFO - Prompt processing progress: 65536/200002
2026-10-02 18:18:50,730 - INFO - Prompt processing progress: 67584/200002
2026-10-02 18:18:51,256 - INFO - Prompt processing progress: 69632/200002
2026-10-02 18:18:51,790 - INFO - Prompt processing progress: 71680/200002
2026-10-02 18:18:52,338 - INFO - Prompt processing progress: 73728/200002
2026-10-02 18:18:52,892 - INFO - Prompt processing progress: 75776/200002
2026-10-02 18:18:53,454 - INFO - Prompt processing progress: 77824/200002
2026-10-02 18:18:54,030 - INFO - Prompt processing progress: 79872/200002
2026-10-02 18:18:54,617 - INFO - Prompt processing progress: 81920/200002
2026-10-02 18:18:55,214 - INFO - Prompt processing progress: 83968/200002
2026-10-02 18:18:55,820 - INFO - Prompt processing progress: 86016/200002
2026-10-02 18:18:56,437 - INFO - Prompt processing progress: 88064/200002
2026-10-02 18:18:57,063 - INFO - Prompt processing progress: 90112/200002
2026-10-02 18:18:57,698 - INFO - Prompt processing progress: 92160/200002
2026-10-02 18:18:58,344 - INFO - Prompt processing progress: 94208/200002
2026-10-02 18:18:58,997 - INFO - Prompt processing progress: 96256/200002
2026-10-02 18:18:59,659 - INFO - Prompt processing progress: 98304/200002
2026-10-02 18:19:00,338 - INFO - Prompt processing progress: 100352/200002
2026-10-02 18:19:01,022 - INFO - Prompt processing progress: 102400/200002
2026-10-02 18:19:01,710 - INFO - Prompt processing progress: 104448/200002
2026-10-02 18:19:02,414 - INFO - Prompt processing progress: 106496/200002
2026-10-02 18:19:03,129 - INFO - Prompt processing progress: 108544/200002
2026-10-02 18:19:03,852 - INFO - Prompt processing progress: 110592/200002
2026-10-02 18:19:04,587 - INFO - Prompt processing progress: 112640/200002
2026-10-02 18:19:05,334 - INFO - Prompt processing progress: 114688/200002
2026-10-02 18:19:06,089 - INFO - Prompt processing progress: 116736/200002
2026-10-02 18:19:06,857 - INFO - Prompt processing progress: 118784/200002
2026-10-02 18:19:07,629 - INFO - Prompt processing progress: 120832/200002
2026-10-02 18:19:08,414 - INFO - Prompt processing progress: 122880/200002
2026-10-02 18:19:09,207 - INFO - Prompt processing progress: 124928/200002
2026-10-02 18:19:10,015 - INFO - Prompt processing progress: 126976/200002
2026-10-02 18:19:10,829 - INFO - Prompt processing progress: 129024/200002
2026-10-02 18:19:11,653 - INFO - Prompt processing progress: 131072/200002
2026-10-02 18:19:12,492 - INFO - Prompt processing progress: 133120/200002
2026-10-02 18:19:13,333 - INFO - Prompt processing progress: 135168/200002
2026-10-02 18:19:14,186 - INFO - Prompt processing progress: 137216/200002
2026-10-02 18:19:15,052 - INFO - Prompt processing progress: 139264/200002
2026-10-02 18:19:15,923 - INFO - Prompt processing progress: 141312/200002
2026-10-02 18:19:16,811 - INFO - Prompt processing progress: 143360/200002
2026-10-02 18:19:17,707 - INFO - Prompt processing progress: 145408/200002
2026-10-02 18:19:18,605 - INFO - Prompt processing progress: 147456/200002
2026-10-02 18:19:19,519 - INFO - Prompt processing progress: 149504/200002
2026-10-02 18:19:20,442 - INFO - Prompt processing progress: 151552/200002
2026-10-02 18:19:21,377 - INFO - Prompt processing progress: 153600/200002
2026-10-02 18:19:22,321 - INFO - Prompt processing progress: 155648/200002
2026-10-02 18:19:23,267 - INFO - Prompt processing progress: 157696/200002
2026-10-02 18:19:24,228 - INFO - Prompt processing progress: 159744/200002
2026-10-02 18:19:25,205 - INFO - Prompt processing progress: 161792/200002
2026-10-02 18:19:26,185 - INFO - Prompt processing progress: 163840/200002
2026-10-02 18:19:27,182 - INFO - Prompt processing progress: 165888/200002
2026-10-02 18:19:28,190 - INFO - Prompt processing progress: 167936/200002
2026-10-02 18:19:29,205 - INFO - Prompt processing progress: 169984/200002
2026-10-02 18:19:30,230 - INFO - Prompt processing progress: 172032/200002
2026-10-02 18:19:31,264 - INFO - Prompt processing progress: 174080/200002
2026-10-02 18:19:32,308 - INFO - Prompt processing progress: 176128/200002
2026-10-02 18:19:33,362 - INFO - Prompt processing progress: 178176/200002
2026-10-02 18:19:34,427 - INFO - Prompt processing progress: 180224/200002
2026-10-02 18:19:35,496 - INFO - Prompt processing progress: 182272/200002
2026-10-02 18:19:36,580 - INFO - Prompt processing progress: 184320/200002
2026-10-02 18:19:37,673 - INFO - Prompt processing progress: 186368/200002
2026-10-02 18:19:38,772 - INFO - Prompt processing progress: 188416/200002
2026-10-02 18:19:39,886 - INFO - Prompt processing progress: 190464/200002
2026-10-02 18:19:41,007 - INFO - Prompt processing progress: 192512/200002
2026-10-02 18:19:42,143 - INFO - Prompt processing progress: 194560/200002
2026-10-02 18:19:43,284 - INFO - Prompt processing progress: 196608/200002
2026-10-02 18:19:44,442 - INFO - Prompt processing progress: 198656/200002
2026-10-02 18:19:45,332 - INFO - Prompt processing progress: 200001/200002
2026-10-02 18:19:45,364 - INFO - Prompt processing progress: 200002/200002
127.0.0.1 - - [02/Oct/2026 18:20:00] "POST /v1/chat/completions HTTP/1.1" 200 -
2026-10-02 18:20:00,780 - INFO - Prompt Cache: 0 sequences, 0.00 GB
2026-10-02 18:20:00,780 - INFO - - assistant: 0 sequences, 0.00 GB
2026-10-02 18:20:00,780 - INFO - - user: 0 sequences, 0.00 GB
2026-10-02 18:20:00,780 - INFO - - system: 0 sequences, 0.00 GB
2026-10-02 18:20:00,861 - INFO - Prompt processing progress: 0/200004
2026-10-02 18:20:01,198 - INFO - Prompt processing progress: 2048/200004
2026-10-02 18:20:01,416 - INFO - Prompt processing progress: 4096/200004
2026-10-02 18:20:01,640 - INFO - Prompt processing progress: 6144/200004
2026-10-02 18:20:01,874 - INFO - Prompt processing progress: 8192/200004
2026-10-02 18:20:02,117 - INFO - Prompt processing progress: 10240/200004
2026-10-02 18:20:02,369 - INFO - Prompt processing progress: 12288/200004
2026-10-02 18:20:02,630 - INFO - Prompt processing progress: 14336/200004
2026-10-02 18:20:02,901 - INFO - Prompt processing progress: 16384/200004
2026-10-02 18:20:03,181 - INFO - Prompt processing progress: 18432/200004
2026-10-02 18:20:03,471 - INFO - Prompt processing progress: 20480/200004
2026-10-02 18:20:03,769 - INFO - Prompt processing progress: 22528/200004
2026-10-02 18:20:04,077 - INFO - Prompt processing progress: 24576/200004
2026-10-02 18:20:04,396 - INFO - Prompt processing progress: 26624/200004
2026-10-02 18:20:04,724 - INFO - Prompt processing progress: 28672/200004
2026-10-02 18:20:05,062 - INFO - Prompt processing progress: 30720/200004
2026-10-02 18:20:05,410 - INFO - Prompt processing progress: 32768/200004
2026-10-02 18:20:05,766 - INFO - Prompt processing progress: 34816/200004
2026-10-02 18:20:06,132 - INFO - Prompt processing progress: 36864/200004
2026-10-02 18:20:06,506 - INFO - Prompt processing progress: 38912/200004
2026-10-02 18:20:06,892 - INFO - Prompt processing progress: 40960/200004
2026-10-02 18:20:07,287 - INFO - Prompt processing progress: 43008/200004
2026-10-02 18:20:07,691 - INFO - Prompt processing progress: 45056/200004
2026-10-02 18:20:08,106 - INFO - Prompt processing progress: 47104/200004
2026-10-02 18:20:08,531 - INFO - Prompt processing progress: 49152/200004
2026-10-02 18:20:08,965 - INFO - Prompt processing progress: 51200/200004
2026-10-02 18:20:09,410 - INFO - Prompt processing progress: 53248/200004
2026-10-02 18:20:09,865 - INFO - Prompt processing progress: 55296/200004
2026-10-02 18:20:10,330 - INFO - Prompt processing progress: 57344/200004
2026-10-02 18:20:10,804 - INFO - Prompt processing progress: 59392/200004
2026-10-02 18:20:11,291 - INFO - Prompt processing progress: 61440/200004
2026-10-02 18:20:11,786 - INFO - Prompt processing progress: 63488/200004
2026-10-02 18:20:12,289 - INFO - Prompt processing progress: 65536/200004
2026-10-02 18:20:12,804 - INFO - Prompt processing progress: 67584/200004
2026-10-02 18:20:13,327 - INFO - Prompt processing progress: 69632/200004
2026-10-02 18:20:13,862 - INFO - Prompt processing progress: 71680/200004
2026-10-02 18:20:14,408 - INFO - Prompt processing progress: 73728/200004
2026-10-02 18:20:14,963 - INFO - Prompt processing progress: 75776/200004
2026-10-02 18:20:15,532 - INFO - Prompt processing progress: 77824/200004
2026-10-02 18:20:16,105 - INFO - Prompt processing progress: 79872/200004
2026-10-02 18:20:16,692 - INFO - Prompt processing progress: 81920/200004
2026-10-02 18:20:17,286 - INFO - Prompt processing progress: 83968/200004
2026-10-02 18:20:17,894 - INFO - Prompt processing progress: 86016/200004
2026-10-02 18:20:18,505 - INFO - Prompt processing progress: 88064/200004
2026-10-02 18:20:19,128 - INFO - Prompt processing progress: 90112/200004
2026-10-02 18:20:19,768 - INFO - Prompt processing progress: 92160/200004
2026-10-02 18:20:20,415 - INFO - Prompt processing progress: 94208/200004
2026-10-02 18:20:21,071 - INFO - Prompt processing progress: 96256/200004
2026-10-02 18:20:21,736 - INFO - Prompt processing progress: 98304/200004
2026-10-02 18:20:22,411 - INFO - Prompt processing progress: 100352/200004
2026-10-02 18:20:23,098 - INFO - Prompt processing progress: 102400/200004
2026-10-02 18:20:23,796 - INFO - Prompt processing progress: 104448/200004
2026-10-02 18:20:24,495 - INFO - Prompt processing progress: 106496/200004
2026-10-02 18:20:25,212 - INFO - Prompt processing progress: 108544/200004
2026-10-02 18:20:25,932 - INFO - Prompt processing progress: 110592/200004
2026-10-02 18:20:26,667 - INFO - Prompt processing progress: 112640/200004
2026-10-02 18:20:27,409 - INFO - Prompt processing progress: 114688/200004
2026-10-02 18:20:28,165 - INFO - Prompt processing progress: 116736/200004
2026-10-02 18:20:28,927 - INFO - Prompt processing progress: 118784/200004
2026-10-02 18:20:29,701 - INFO - Prompt processing progress: 120832/200004
2026-10-02 18:20:30,480 - INFO - Prompt processing progress: 122880/200004
2026-10-02 18:20:31,273 - INFO - Prompt processing progress: 124928/200004
2026-10-02 18:20:32,077 - INFO - Prompt processing progress: 126976/200004
2026-10-02 18:20:32,890 - INFO - Prompt processing progress: 129024/200004
2026-10-02 18:20:33,708 - INFO - Prompt processing progress: 131072/200004
2026-10-02 18:20:34,540 - INFO - Prompt processing progress: 133120/200004
2026-10-02 18:20:35,394 - INFO - Prompt processing progress: 135168/200004
2026-10-02 18:20:36,249 - INFO - Prompt processing progress: 137216/200004
2026-10-02 18:20:37,111 - INFO - Prompt processing progress: 139264/200004
2026-10-02 18:20:37,987 - INFO - Prompt processing progress: 141312/200004
2026-10-02 18:20:38,876 - INFO - Prompt processing progress: 143360/200004
2026-10-02 18:20:39,765 - INFO - Prompt processing progress: 145408/200004
2026-10-02 18:20:40,673 - INFO - Prompt processing progress: 147456/200004
2026-10-02 18:20:41,590 - INFO - Prompt processing progress: 149504/200004
2026-10-02 18:20:42,514 - INFO - Prompt processing progress: 151552/200004
2026-10-02 18:20:43,451 - INFO - Prompt processing progress: 153600/200004
2026-10-02 18:20:44,390 - INFO - Prompt processing progress: 155648/200004
2026-10-02 18:20:45,340 - INFO - Prompt processing progress: 157696/200004
2026-10-02 18:20:46,306 - INFO - Prompt processing progress: 159744/200004
2026-10-02 18:20:47,284 - INFO - Prompt processing progress: 161792/200004
2026-10-02 18:20:48,269 - INFO - Prompt processing progress: 163840/200004
2026-10-02 18:20:49,256 - INFO - Prompt processing progress: 165888/200004
2026-10-02 18:20:50,262 - INFO - Prompt processing progress: 167936/200004
2026-10-02 18:20:51,276 - INFO - Prompt processing progress: 169984/200004
2026-10-02 18:20:52,297 - INFO - Prompt processing progress: 172032/200004
2026-10-02 18:20:53,334 - INFO - Prompt processing progress: 174080/200004
2026-10-02 18:20:54,378 - INFO - Prompt processing progress: 176128/200004
2026-10-02 18:20:55,438 - INFO - Prompt processing progress: 178176/200004
2026-10-02 18:20:56,502 - INFO - Prompt processing progress: 180224/200004
2026-10-02 18:20:57,570 - INFO - Prompt processing progress: 182272/200004
2026-10-02 18:20:58,656 - INFO - Prompt processing progress: 184320/200004
2026-10-02 18:20:59,753 - INFO - Prompt processing progress: 186368/200004
2026-10-02 18:21:00,858 - INFO - Prompt processing progress: 188416/200004
2026-10-02 18:21:01,978 - INFO - Prompt processing progress: 190464/200004
2026-10-02 18:21:03,100 - INFO - Prompt processing progress: 192512/200004
2026-10-02 18:21:04,237 - INFO - Prompt processing progress: 194560/200004
2026-10-02 18:21:05,386 - INFO - Prompt processing progress: 196608/200004
2026-10-02 18:21:06,531 - INFO - Prompt processing progress: 198656/200004
2026-10-02 18:21:07,421 - INFO - Prompt processing progress: 200003/200004
2026-10-02 18:21:07,452 - INFO - Prompt processing progress: 200004/200004
127.0.0.1 - - [02/Oct/2026 18:21:22] "POST /v1/chat/completions HTTP/1.1" 200 -
2026-10-02 18:21:22,929 - INFO - Prompt Cache: 0 sequences, 0.00 GB
2026-10-02 18:21:22,929 - INFO - - assistant: 0 sequences, 0.00 GB
2026-10-02 18:21:22,929 - INFO - - user: 0 sequences, 0.00 GB
2026-10-02 18:21:22,929 - INFO - - system: 0 sequences, 0.00 GB
2026-10-02 18:21:23,010 - INFO - Prompt processing progress: 0/200003
2026-10-02 18:21:23,349 - INFO - Prompt processing progress: 2048/200003
2026-10-02 18:21:23,568 - INFO - Prompt processing progress: 4096/200003
2026-10-02 18:21:23,793 - INFO - Prompt processing progress: 6144/200003
2026-10-02 18:21:24,026 - INFO - Prompt processing progress: 8192/200003
2026-10-02 18:21:24,270 - INFO - Prompt processing progress: 10240/200003
2026-10-02 18:21:24,523 - INFO - Prompt processing progress: 12288/200003
2026-10-02 18:21:24,784 - INFO - Prompt processing progress: 14336/200003
2026-10-02 18:21:25,056 - INFO - Prompt processing progress: 16384/200003
2026-10-02 18:21:25,336 - INFO - Prompt processing progress: 18432/200003
2026-10-02 18:21:25,627 - INFO - Prompt processing progress: 20480/200003
2026-10-02 18:21:25,925 - INFO - Prompt processing progress: 22528/200003
2026-10-02 18:21:26,234 - INFO - Prompt processing progress: 24576/200003
2026-10-02 18:21:26,553 - INFO - Prompt processing progress: 26624/200003
2026-10-02 18:21:26,880 - INFO - Prompt processing progress: 28672/200003
2026-10-02 18:21:27,218 - INFO - Prompt processing progress: 30720/200003
2026-10-02 18:21:27,566 - INFO - Prompt processing progress: 32768/200003
2026-10-02 18:21:27,921 - INFO - Prompt processing progress: 34816/200003
2026-10-02 18:21:28,288 - INFO - Prompt processing progress: 36864/200003
2026-10-02 18:21:28,663 - INFO - Prompt processing progress: 38912/200003
2026-10-02 18:21:29,048 - INFO - Prompt processing progress: 40960/200003
2026-10-02 18:21:29,442 - INFO - Prompt processing progress: 43008/200003
2026-10-02 18:21:29,847 - INFO - Prompt processing progress: 45056/200003
2026-10-02 18:21:30,262 - INFO - Prompt processing progress: 47104/200003
2026-10-02 18:21:30,687 - INFO - Prompt processing progress: 49152/200003
2026-10-02 18:21:31,122 - INFO - Prompt processing progress: 51200/200003
2026-10-02 18:21:31,567 - INFO - Prompt processing progress: 53248/200003
2026-10-02 18:21:32,023 - INFO - Prompt processing progress: 55296/200003
2026-10-02 18:21:32,487 - INFO - Prompt processing progress: 57344/200003
2026-10-02 18:21:32,962 - INFO - Prompt processing progress: 59392/200003
2026-10-02 18:21:33,447 - INFO - Prompt processing progress: 61440/200003
2026-10-02 18:21:33,942 - INFO - Prompt processing progress: 63488/200003
2026-10-02 18:21:34,448 - INFO - Prompt processing progress: 65536/200003
2026-10-02 18:21:34,964 - INFO - Prompt processing progress: 67584/200003
2026-10-02 18:21:35,488 - INFO - Prompt processing progress: 69632/200003
2026-10-02 18:21:36,023 - INFO - Prompt processing progress: 71680/200003
2026-10-02 18:21:36,569 - INFO - Prompt processing progress: 73728/200003
2026-10-02 18:21:37,123 - INFO - Prompt processing progress: 75776/200003
2026-10-02 18:21:37,691 - INFO - Prompt processing progress: 77824/200003
2026-10-02 18:21:38,265 - INFO - Prompt processing progress: 79872/200003
2026-10-02 18:21:38,848 - INFO - Prompt processing progress: 81920/200003
2026-10-02 18:21:39,442 - INFO - Prompt processing progress: 83968/200003
2026-10-02 18:21:40,048 - INFO - Prompt processing progress: 86016/200003
2026-10-02 18:21:40,665 - INFO - Prompt processing progress: 88064/200003
2026-10-02 18:21:41,291 - INFO - Prompt processing progress: 90112/200003
2026-10-02 18:21:41,926 - INFO - Prompt processing progress: 92160/200003
2026-10-02 18:21:42,569 - INFO - Prompt processing progress: 94208/200003
2026-10-02 18:21:43,224 - INFO - Prompt processing progress: 96256/200003
2026-10-02 18:21:43,890 - INFO - Prompt processing progress: 98304/200003
2026-10-02 18:21:44,568 - INFO - Prompt processing progress: 100352/200003
2026-10-02 18:21:45,253 - INFO - Prompt processing progress: 102400/200003
2026-10-02 18:21:45,946 - INFO - Prompt processing progress: 104448/200003
2026-10-02 18:21:46,653 - INFO - Prompt processing progress: 106496/200003
2026-10-02 18:21:47,361 - INFO - Prompt processing progress: 108544/200003
2026-10-02 18:21:48,080 - INFO - Prompt processing progress: 110592/200003
2026-10-02 18:21:48,816 - INFO - Prompt processing progress: 112640/200003
2026-10-02 18:21:49,559 - INFO - Prompt processing progress: 114688/200003
2026-10-02 18:21:50,313 - INFO - Prompt processing progress: 116736/200003
2026-10-02 18:21:51,079 - INFO - Prompt processing progress: 118784/200003
2026-10-02 18:21:51,858 - INFO - Prompt processing progress: 120832/200003
2026-10-02 18:21:52,641 - INFO - Prompt processing progress: 122880/200003
2026-10-02 18:21:53,440 - INFO - Prompt processing progress: 124928/200003
2026-10-02 18:21:54,239 - INFO - Prompt processing progress: 126976/200003
2026-10-02 18:21:55,048 - INFO - Prompt processing progress: 129024/200003
2026-10-02 18:21:55,874 - INFO - Prompt processing progress: 131072/200003
2026-10-02 18:21:56,706 - INFO - Prompt processing progress: 133120/200003
2026-10-02 18:21:57,550 - INFO - Prompt processing progress: 135168/200003
2026-10-02 18:21:58,405 - INFO - Prompt processing progress: 137216/200003
2026-10-02 18:21:59,272 - INFO - Prompt processing progress: 139264/200003
2026-10-02 18:22:00,152 - INFO - Prompt processing progress: 141312/200003
2026-10-02 18:22:01,034 - INFO - Prompt processing progress: 143360/200003
2026-10-02 18:22:01,926 - INFO - Prompt processing progress: 145408/200003
2026-10-02 18:22:02,833 - INFO - Prompt processing progress: 147456/200003
2026-10-02 18:22:03,744 - INFO - Prompt processing progress: 149504/200003
2026-10-02 18:22:04,665 - INFO - Prompt processing progress: 151552/200003
2026-10-02 18:22:05,598 - INFO - Prompt processing progress: 153600/200003
2026-10-02 18:22:06,541 - INFO - Prompt processing progress: 155648/200003
2026-10-02 18:22:07,492 - INFO - Prompt processing progress: 157696/200003
2026-10-02 18:22:08,452 - INFO - Prompt processing progress: 159744/200003
2026-10-02 18:22:09,426 - INFO - Prompt processing progress: 161792/200003
2026-10-02 18:22:10,414 - INFO - Prompt processing progress: 163840/200003
2026-10-02 18:22:11,410 - INFO - Prompt processing progress: 165888/200003
2026-10-02 18:22:12,413 - INFO - Prompt processing progress: 167936/200003
2026-10-02 18:22:13,423 - INFO - Prompt processing progress: 169984/200003
2026-10-02 18:22:14,450 - INFO - Prompt processing progress: 172032/200003
2026-10-02 18:22:15,481 - INFO - Prompt processing progress: 174080/200003
2026-10-02 18:22:16,528 - INFO - Prompt processing progress: 176128/200003
2026-10-02 18:22:17,577 - INFO - Prompt processing progress: 178176/200003
2026-10-02 18:22:18,642 - INFO - Prompt processing progress: 180224/200003
2026-10-02 18:22:19,718 - INFO - Prompt processing progress: 182272/200003
2026-10-02 18:22:20,806 - INFO - Prompt processing progress: 184320/200003
2026-10-02 18:22:21,901 - INFO - Prompt processing progress: 186368/200003
2026-10-02 18:22:23,001 - INFO - Prompt processing progress: 188416/200003
2026-10-02 18:22:24,111 - INFO - Prompt processing progress: 190464/200003
2026-10-02 18:22:25,235 - INFO - Prompt processing progress: 192512/200003
2026-10-02 18:22:26,367 - INFO - Prompt processing progress: 194560/200003
2026-10-02 18:22:27,510 - INFO - Prompt processing progress: 196608/200003
2026-10-02 18:22:28,663 - INFO - Prompt processing progress: 198656/200003
2026-10-02 18:22:29,549 - INFO - Prompt processing progress: 200002/200003
2026-10-02 18:22:29,581 - INFO - Prompt processing progress: 200003/200003
