<M5_REPO>/.venv/lib/python3.12/site-packages/mlx_lm/server.py:1723: UserWarning: mlx_lm.server is not recommended for production as it only implements basic security checks.
  warnings.warn(
2026-10-02 02:00:17,470 - INFO - Starting httpd at 127.0.0.1 on port 18185...
127.0.0.1 - - [02/Oct/2026 02:00:17] "GET /v1/models HTTP/1.1" 200 -
127.0.0.1 - - [02/Oct/2026 02:00:24] "POST /v1/chat/completions HTTP/1.1" 200 -
2026-10-02 02:00:24,618 - INFO - Prompt Cache: 0 sequences, 0.00 GB
2026-10-02 02:00:24,618 - INFO - - assistant: 0 sequences, 0.00 GB
2026-10-02 02:00:24,618 - INFO - - user: 0 sequences, 0.00 GB
2026-10-02 02:00:24,618 - INFO - - system: 0 sequences, 0.00 GB
2026-10-02 02:00:24,703 - INFO - Prompt processing progress: 0/200020
2026-10-02 02:00:25,997 - INFO - Prompt processing progress: 2048/200020
2026-10-02 02:00:27,168 - INFO - Prompt processing progress: 4096/200020
2026-10-02 02:00:28,359 - INFO - Prompt processing progress: 6144/200020
2026-10-02 02:00:29,570 - INFO - Prompt processing progress: 8192/200020
2026-10-02 02:00:30,799 - INFO - Prompt processing progress: 10240/200020
2026-10-02 02:00:32,052 - INFO - Prompt processing progress: 12288/200020
2026-10-02 02:00:33,330 - INFO - Prompt processing progress: 14336/200020
2026-10-02 02:00:34,626 - INFO - Prompt processing progress: 16384/200020
2026-10-02 02:00:35,940 - INFO - Prompt processing progress: 18432/200020
2026-10-02 02:00:37,274 - INFO - Prompt processing progress: 20480/200020
2026-10-02 02:00:38,631 - INFO - Prompt processing progress: 22528/200020
2026-10-02 02:00:40,004 - INFO - Prompt processing progress: 24576/200020
2026-10-02 02:00:41,402 - INFO - Prompt processing progress: 26624/200020
2026-10-02 02:00:42,816 - INFO - Prompt processing progress: 28672/200020
2026-10-02 02:00:44,250 - INFO - Prompt processing progress: 30720/200020
2026-10-02 02:00:45,706 - INFO - Prompt processing progress: 32768/200020
2026-10-02 02:00:47,181 - INFO - Prompt processing progress: 34816/200020
2026-10-02 02:00:48,680 - INFO - Prompt processing progress: 36864/200020
2026-10-02 02:00:50,197 - INFO - Prompt processing progress: 38912/200020
2026-10-02 02:00:51,732 - INFO - Prompt processing progress: 40960/200020
2026-10-02 02:00:53,284 - INFO - Prompt processing progress: 43008/200020
2026-10-02 02:00:54,865 - INFO - Prompt processing progress: 45056/200020
2026-10-02 02:00:56,465 - INFO - Prompt processing progress: 47104/200020
2026-10-02 02:00:58,085 - INFO - Prompt processing progress: 49152/200020
2026-10-02 02:00:59,718 - INFO - Prompt processing progress: 51200/200020
2026-10-02 02:01:01,375 - INFO - Prompt processing progress: 53248/200020
2026-10-02 02:01:03,047 - INFO - Prompt processing progress: 55296/200020
2026-10-02 02:01:04,745 - INFO - Prompt processing progress: 57344/200020
2026-10-02 02:01:06,468 - INFO - Prompt processing progress: 59392/200020
2026-10-02 02:01:08,212 - INFO - Prompt processing progress: 61440/200020
2026-10-02 02:01:09,977 - INFO - Prompt processing progress: 63488/200020
2026-10-02 02:01:11,767 - INFO - Prompt processing progress: 65536/200020
2026-10-02 02:01:13,579 - INFO - Prompt processing progress: 67584/200020
2026-10-02 02:01:15,406 - INFO - Prompt processing progress: 69632/200020
2026-10-02 02:01:17,255 - INFO - Prompt processing progress: 71680/200020
2026-10-02 02:01:19,127 - INFO - Prompt processing progress: 73728/200020
2026-10-02 02:01:21,028 - INFO - Prompt processing progress: 75776/200020
2026-10-02 02:01:22,928 - INFO - Prompt processing progress: 77824/200020
2026-10-02 02:01:24,851 - INFO - Prompt processing progress: 79872/200020
2026-10-02 02:01:26,794 - INFO - Prompt processing progress: 81920/200020
2026-10-02 02:01:28,758 - INFO - Prompt processing progress: 83968/200020
2026-10-02 02:01:30,740 - INFO - Prompt processing progress: 86016/200020
2026-10-02 02:01:32,743 - INFO - Prompt processing progress: 88064/200020
2026-10-02 02:01:34,798 - INFO - Prompt processing progress: 90112/200020
2026-10-02 02:01:36,845 - INFO - Prompt processing progress: 92160/200020
2026-10-02 02:01:38,918 - INFO - Prompt processing progress: 94208/200020
2026-10-02 02:01:41,002 - INFO - Prompt processing progress: 96256/200020
2026-10-02 02:01:43,109 - INFO - Prompt processing progress: 98304/200020
2026-10-02 02:01:45,243 - INFO - Prompt processing progress: 100352/200020
2026-10-02 02:01:47,392 - INFO - Prompt processing progress: 102400/200020
2026-10-02 02:01:49,559 - INFO - Prompt processing progress: 104448/200020
2026-10-02 02:01:51,756 - INFO - Prompt processing progress: 106496/200020
2026-10-02 02:01:53,971 - INFO - Prompt processing progress: 108544/200020
2026-10-02 02:01:56,200 - INFO - Prompt processing progress: 110592/200020
2026-10-02 02:01:58,456 - INFO - Prompt processing progress: 112640/200020
2026-10-02 02:02:00,734 - INFO - Prompt processing progress: 114688/200020
2026-10-02 02:02:03,028 - INFO - Prompt processing progress: 116736/200020
2026-10-02 02:02:05,337 - INFO - Prompt processing progress: 118784/200020
2026-10-02 02:02:07,672 - INFO - Prompt processing progress: 120832/200020
2026-10-02 02:02:10,058 - INFO - Prompt processing progress: 122880/200020
2026-10-02 02:02:12,470 - INFO - Prompt processing progress: 124928/200020
2026-10-02 02:02:14,893 - INFO - Prompt processing progress: 126976/200020
2026-10-02 02:02:17,350 - INFO - Prompt processing progress: 129024/200020
2026-10-02 02:02:19,821 - INFO - Prompt processing progress: 131072/200020
2026-10-02 02:02:22,316 - INFO - Prompt processing progress: 133120/200020
2026-10-02 02:02:24,824 - INFO - Prompt processing progress: 135168/200020
2026-10-02 02:02:27,344 - INFO - Prompt processing progress: 137216/200020
2026-10-02 02:02:29,873 - INFO - Prompt processing progress: 139264/200020
2026-10-02 02:02:32,406 - INFO - Prompt processing progress: 141312/200020
2026-10-02 02:02:34,989 - INFO - Prompt processing progress: 143360/200020
2026-10-02 02:02:37,584 - INFO - Prompt processing progress: 145408/200020
2026-10-02 02:02:40,186 - INFO - Prompt processing progress: 147456/200020
2026-10-02 02:02:42,815 - INFO - Prompt processing progress: 149504/200020
2026-10-02 02:02:45,447 - INFO - Prompt processing progress: 151552/200020
2026-10-02 02:02:48,117 - INFO - Prompt processing progress: 153600/200020
2026-10-02 02:02:50,804 - INFO - Prompt processing progress: 155648/200020
2026-10-02 02:02:53,527 - INFO - Prompt processing progress: 157696/200020
2026-10-02 02:02:56,249 - INFO - Prompt processing progress: 159744/200020
2026-10-02 02:02:58,986 - INFO - Prompt processing progress: 161792/200020
2026-10-02 02:03:01,763 - INFO - Prompt processing progress: 163840/200020
2026-10-02 02:03:04,629 - INFO - Prompt processing progress: 165888/200020
2026-10-02 02:03:07,539 - INFO - Prompt processing progress: 167936/200020
2026-10-02 02:03:10,452 - INFO - Prompt processing progress: 169984/200020
2026-10-02 02:03:13,351 - INFO - Prompt processing progress: 172032/200020
2026-10-02 02:03:16,349 - INFO - Prompt processing progress: 174080/200020
2026-10-02 02:03:19,277 - INFO - Prompt processing progress: 176128/200020
2026-10-02 02:03:22,199 - INFO - Prompt processing progress: 178176/200020
2026-10-02 02:03:25,117 - INFO - Prompt processing progress: 180224/200020
2026-10-02 02:03:28,075 - INFO - Prompt processing progress: 182272/200020
2026-10-02 02:03:31,051 - INFO - Prompt processing progress: 184320/200020
2026-10-02 02:03:34,034 - INFO - Prompt processing progress: 186368/200020
2026-10-02 02:03:37,060 - INFO - Prompt processing progress: 188416/200020
2026-10-02 02:03:40,105 - INFO - Prompt processing progress: 190464/200020
2026-10-02 02:03:43,189 - INFO - Prompt processing progress: 192512/200020
2026-10-02 02:03:46,253 - INFO - Prompt processing progress: 194560/200020
2026-10-02 02:03:49,378 - INFO - Prompt processing progress: 196608/200020
2026-10-02 02:03:52,485 - INFO - Prompt processing progress: 198656/200020
2026-10-02 02:03:54,901 - INFO - Prompt processing progress: 200019/200020
2026-10-02 02:03:55,003 - INFO - Prompt processing progress: 200020/200020
127.0.0.1 - - [02/Oct/2026 02:03:55] "POST /v1/chat/completions HTTP/1.1" 200 -
2026-10-02 02:03:55,850 - INFO - Prompt Cache: 1 sequences, 13.27 GB
2026-10-02 02:03:55,850 - INFO - - assistant: 1 sequences, 13.27 GB
2026-10-02 02:03:55,850 - INFO - - user: 0 sequences, 0.00 GB
2026-10-02 02:03:55,850 - INFO - - system: 0 sequences, 0.00 GB
2026-10-02 02:03:55,947 - INFO - Prompt processing progress: 0/3645
2026-10-02 02:03:59,232 - INFO - Prompt processing progress: 2048/3645
2026-10-02 02:04:01,976 - INFO - Prompt processing progress: 3644/3645
2026-10-02 02:04:02,080 - INFO - Prompt processing progress: 3645/3645
127.0.0.1 - - [02/Oct/2026 02:04:09] "POST /v1/chat/completions HTTP/1.1" 200 -
2026-10-02 02:04:09,789 - INFO - Prompt Cache: 1 sequences, 13.52 GB
2026-10-02 02:04:09,789 - INFO - - assistant: 1 sequences, 13.52 GB
2026-10-02 02:04:09,789 - INFO - - user: 0 sequences, 0.00 GB
2026-10-02 02:04:09,789 - INFO - - system: 0 sequences, 0.00 GB
2026-10-02 02:04:09,889 - INFO - Prompt processing progress: 0/25
2026-10-02 02:04:10,139 - INFO - Prompt processing progress: 24/25
2026-10-02 02:04:10,247 - INFO - Prompt processing progress: 25/25
