<repo>/vendor/vlm-runtime/.venv/lib/python3.12/site-packages/mlx_lm/server.py:1723: UserWarning: mlx_lm.server is not recommended for production as it only implements basic security checks.
  warnings.warn(
2026-10-01 18:05:01,030 - INFO - Starting httpd at 127.0.0.1 on port 18185...
127.0.0.1 - - [01/Oct/2026 18:05:01] "GET /v1/models HTTP/1.1" 200 -
----------------------------------------
Exception occurred during processing of request from ('127.0.0.1', 58179)
Traceback (most recent call last):
  File "<m5-home>/.local/share/uv/python/cpython-3.12.13-macos-aarch64-none/lib/python3.12/socketserver.py", line 697, in process_request_thread
    self.finish_request(request, client_address)
  File "<m5-home>/.local/share/uv/python/cpython-3.12.13-macos-aarch64-none/lib/python3.12/socketserver.py", line 362, in finish_request
    self.RequestHandlerClass(request, client_address, self)
  File "<repo>/vendor/vlm-runtime/.venv/lib/python3.12/site-packages/mlx_lm/server.py", line 1716, in <lambda>
    lambda *args, **kwargs: handler_class(
                            ^^^^^^^^^^^^^^
  File "<repo>/vendor/vlm-runtime/.venv/lib/python3.12/site-packages/mlx_lm/server.py", line 1073, in __init__
    super().__init__(*args, **kwargs)
  File "<m5-home>/.local/share/uv/python/cpython-3.12.13-macos-aarch64-none/lib/python3.12/socketserver.py", line 766, in __init__
    self.handle()
  File "<m5-home>/.local/share/uv/python/cpython-3.12.13-macos-aarch64-none/lib/python3.12/http/server.py", line 440, in handle
    self.handle_one_request()
  File "<m5-home>/.local/share/uv/python/cpython-3.12.13-macos-aarch64-none/lib/python3.12/http/server.py", line 428, in handle_one_request
    method()
  File "<repo>/vendor/vlm-runtime/.venv/lib/python3.12/site-packages/mlx_lm/server.py", line 1625, in do_GET
    self.handle_models_request()
  File "<repo>/vendor/vlm-runtime/.venv/lib/python3.12/site-packages/mlx_lm/server.py", line 1668, in handle_models_request
    hf_cache_info = scan_cache_dir()
                    ^^^^^^^^^^^^^^^^
  File "<repo>/vendor/vlm-runtime/.venv/lib/python3.12/site-packages/huggingface_hub/utils/_cache_manager.py", line 777, in scan_cache_dir
    raise CacheNotFound(
huggingface_hub.errors.CacheNotFound: Cache directory not found: <repo>/.cache/huggingface/hub. Please use `cache_dir` argument or set `HF_HUB_CACHE` environment variable.
----------------------------------------
127.0.0.1 - - [01/Oct/2026 18:05:02] "POST /v1/chat/completions HTTP/1.1" 200 -
2026-10-01 18:05:02,326 - INFO - Prompt Cache: 0 sequences, 0.00 GB
2026-10-01 18:05:02,327 - INFO - - assistant: 0 sequences, 0.00 GB
2026-10-01 18:05:02,327 - INFO - - user: 0 sequences, 0.00 GB
2026-10-01 18:05:02,327 - INFO - - system: 0 sequences, 0.00 GB
2026-10-01 18:05:02,427 - INFO - Prompt processing progress: 0/200001
2026-10-01 18:05:02,644 - INFO - Prompt processing progress: 2048/200001
2026-10-01 18:05:02,867 - INFO - Prompt processing progress: 4096/200001
2026-10-01 18:05:03,097 - INFO - Prompt processing progress: 6144/200001
2026-10-01 18:05:03,337 - INFO - Prompt processing progress: 8192/200001
2026-10-01 18:05:03,585 - INFO - Prompt processing progress: 10240/200001
2026-10-01 18:05:03,841 - INFO - Prompt processing progress: 12288/200001
2026-10-01 18:05:04,110 - INFO - Prompt processing progress: 14336/200001
2026-10-01 18:05:04,388 - INFO - Prompt processing progress: 16384/200001
2026-10-01 18:05:04,673 - INFO - Prompt processing progress: 18432/200001
2026-10-01 18:05:04,970 - INFO - Prompt processing progress: 20480/200001
2026-10-01 18:05:05,274 - INFO - Prompt processing progress: 22528/200001
2026-10-01 18:05:05,588 - INFO - Prompt processing progress: 24576/200001
2026-10-01 18:05:05,915 - INFO - Prompt processing progress: 26624/200001
2026-10-01 18:05:06,252 - INFO - Prompt processing progress: 28672/200001
2026-10-01 18:05:06,598 - INFO - Prompt processing progress: 30720/200001
2026-10-01 18:05:06,955 - INFO - Prompt processing progress: 32768/200001
2026-10-01 18:05:07,321 - INFO - Prompt processing progress: 34816/200001
2026-10-01 18:05:07,695 - INFO - Prompt processing progress: 36864/200001
2026-10-01 18:05:08,080 - INFO - Prompt processing progress: 38912/200001
2026-10-01 18:05:08,475 - INFO - Prompt processing progress: 40960/200001
2026-10-01 18:05:08,877 - INFO - Prompt processing progress: 43008/200001
2026-10-01 18:05:09,289 - INFO - Prompt processing progress: 45056/200001
2026-10-01 18:05:09,710 - INFO - Prompt processing progress: 47104/200001
2026-10-01 18:05:10,143 - INFO - Prompt processing progress: 49152/200001
2026-10-01 18:05:10,585 - INFO - Prompt processing progress: 51200/200001
2026-10-01 18:05:11,036 - INFO - Prompt processing progress: 53248/200001
2026-10-01 18:05:11,499 - INFO - Prompt processing progress: 55296/200001
2026-10-01 18:05:11,971 - INFO - Prompt processing progress: 57344/200001
2026-10-01 18:05:12,451 - INFO - Prompt processing progress: 59392/200001
2026-10-01 18:05:12,942 - INFO - Prompt processing progress: 61440/200001
2026-10-01 18:05:13,439 - INFO - Prompt processing progress: 63488/200001
2026-10-01 18:05:13,947 - INFO - Prompt processing progress: 65536/200001
2026-10-01 18:05:14,463 - INFO - Prompt processing progress: 67584/200001
2026-10-01 18:05:14,993 - INFO - Prompt processing progress: 69632/200001
2026-10-01 18:05:15,530 - INFO - Prompt processing progress: 71680/200001
2026-10-01 18:05:16,081 - INFO - Prompt processing progress: 73728/200001
2026-10-01 18:05:16,643 - INFO - Prompt processing progress: 75776/200001
2026-10-01 18:05:17,211 - INFO - Prompt processing progress: 77824/200001
2026-10-01 18:05:17,789 - INFO - Prompt processing progress: 79872/200001
2026-10-01 18:05:18,378 - INFO - Prompt processing progress: 81920/200001
2026-10-01 18:05:18,974 - INFO - Prompt processing progress: 83968/200001
2026-10-01 18:05:19,585 - INFO - Prompt processing progress: 86016/200001
2026-10-01 18:05:20,203 - INFO - Prompt processing progress: 88064/200001
2026-10-01 18:05:20,835 - INFO - Prompt processing progress: 90112/200001
2026-10-01 18:05:21,470 - INFO - Prompt processing progress: 92160/200001
2026-10-01 18:05:22,115 - INFO - Prompt processing progress: 94208/200001
2026-10-01 18:05:22,772 - INFO - Prompt processing progress: 96256/200001
2026-10-01 18:05:23,433 - INFO - Prompt processing progress: 98304/200001
2026-10-01 18:05:24,107 - INFO - Prompt processing progress: 100352/200001
2026-10-01 18:05:24,792 - INFO - Prompt processing progress: 102400/200001
2026-10-01 18:05:25,485 - INFO - Prompt processing progress: 104448/200001
2026-10-01 18:05:26,186 - INFO - Prompt processing progress: 106496/200001
2026-10-01 18:05:26,895 - INFO - Prompt processing progress: 108544/200001
2026-10-01 18:05:27,623 - INFO - Prompt processing progress: 110592/200001
2026-10-01 18:05:28,357 - INFO - Prompt processing progress: 112640/200001
2026-10-01 18:05:29,101 - INFO - Prompt processing progress: 114688/200001
2026-10-01 18:05:29,857 - INFO - Prompt processing progress: 116736/200001
2026-10-01 18:05:30,619 - INFO - Prompt processing progress: 118784/200001
2026-10-01 18:05:31,395 - INFO - Prompt processing progress: 120832/200001
2026-10-01 18:05:32,179 - INFO - Prompt processing progress: 122880/200001
2026-10-01 18:05:32,974 - INFO - Prompt processing progress: 124928/200001
2026-10-01 18:05:33,780 - INFO - Prompt processing progress: 126976/200001
2026-10-01 18:05:34,584 - INFO - Prompt processing progress: 129024/200001
2026-10-01 18:05:35,402 - INFO - Prompt processing progress: 131072/200001
2026-10-01 18:05:36,228 - INFO - Prompt processing progress: 133120/200001
2026-10-01 18:05:37,070 - INFO - Prompt processing progress: 135168/200001
2026-10-01 18:05:37,918 - INFO - Prompt processing progress: 137216/200001
2026-10-01 18:05:38,778 - INFO - Prompt processing progress: 139264/200001
2026-10-01 18:05:39,653 - INFO - Prompt processing progress: 141312/200001
2026-10-01 18:05:40,531 - INFO - Prompt processing progress: 143360/200001
2026-10-01 18:05:41,416 - INFO - Prompt processing progress: 145408/200001
2026-10-01 18:05:42,319 - INFO - Prompt processing progress: 147456/200001
2026-10-01 18:05:43,211 - INFO - Prompt processing progress: 149504/200001
2026-10-01 18:05:44,133 - INFO - Prompt processing progress: 151552/200001
2026-10-01 18:05:45,068 - INFO - Prompt processing progress: 153600/200001
2026-10-01 18:05:46,009 - INFO - Prompt processing progress: 155648/200001
2026-10-01 18:05:46,963 - INFO - Prompt processing progress: 157696/200001
2026-10-01 18:05:47,925 - INFO - Prompt processing progress: 159744/200001
2026-10-01 18:05:48,894 - INFO - Prompt processing progress: 161792/200001
2026-10-01 18:05:49,875 - INFO - Prompt processing progress: 163840/200001
2026-10-01 18:05:50,860 - INFO - Prompt processing progress: 165888/200001
2026-10-01 18:05:51,857 - INFO - Prompt processing progress: 167936/200001
2026-10-01 18:05:52,856 - INFO - Prompt processing progress: 169984/200001
2026-10-01 18:05:53,879 - INFO - Prompt processing progress: 172032/200001
2026-10-01 18:05:54,903 - INFO - Prompt processing progress: 174080/200001
2026-10-01 18:05:55,949 - INFO - Prompt processing progress: 176128/200001
2026-10-01 18:05:57,000 - INFO - Prompt processing progress: 178176/200001
2026-10-01 18:05:58,053 - INFO - Prompt processing progress: 180224/200001
2026-10-01 18:05:59,122 - INFO - Prompt processing progress: 182272/200001
2026-10-01 18:06:00,202 - INFO - Prompt processing progress: 184320/200001
2026-10-01 18:06:01,289 - INFO - Prompt processing progress: 186368/200001
2026-10-01 18:06:02,378 - INFO - Prompt processing progress: 188416/200001
2026-10-01 18:06:03,476 - INFO - Prompt processing progress: 190464/200001
2026-10-01 18:06:04,581 - INFO - Prompt processing progress: 192512/200001
2026-10-01 18:06:05,703 - INFO - Prompt processing progress: 194560/200001
2026-10-01 18:06:06,834 - INFO - Prompt processing progress: 196608/200001
2026-10-01 18:06:07,970 - INFO - Prompt processing progress: 198656/200001
2026-10-01 18:06:08,827 - INFO - Prompt processing progress: 200000/200001
2026-10-01 18:06:08,870 - INFO - Prompt processing progress: 200001/200001
127.0.0.1 - - [01/Oct/2026 18:06:09] "POST /v1/chat/completions HTTP/1.1" 200 -
2026-10-01 18:06:09,221 - INFO - Prompt Cache: 1 sequences, 4.16 GB
2026-10-01 18:06:09,221 - INFO - - assistant: 1 sequences, 4.16 GB
2026-10-01 18:06:09,221 - INFO - - user: 0 sequences, 0.00 GB
2026-10-01 18:06:09,222 - INFO - - system: 0 sequences, 0.00 GB
2026-10-01 18:06:09,329 - INFO - Prompt processing progress: 0/203658
2026-10-01 18:06:09,544 - INFO - Prompt processing progress: 2048/203658
2026-10-01 18:06:09,768 - INFO - Prompt processing progress: 4096/203658
2026-10-01 18:06:10,003 - INFO - Prompt processing progress: 6144/203658
2026-10-01 18:06:10,246 - INFO - Prompt processing progress: 8192/203658
2026-10-01 18:06:10,498 - INFO - Prompt processing progress: 10240/203658
2026-10-01 18:06:10,762 - INFO - Prompt processing progress: 12288/203658
2026-10-01 18:06:11,033 - INFO - Prompt processing progress: 14336/203658
2026-10-01 18:06:11,316 - INFO - Prompt processing progress: 16384/203658
2026-10-01 18:06:11,605 - INFO - Prompt processing progress: 18432/203658
2026-10-01 18:06:11,905 - INFO - Prompt processing progress: 20480/203658
2026-10-01 18:06:12,210 - INFO - Prompt processing progress: 22528/203658
2026-10-01 18:06:12,527 - INFO - Prompt processing progress: 24576/203658
2026-10-01 18:06:12,856 - INFO - Prompt processing progress: 26624/203658
2026-10-01 18:06:13,195 - INFO - Prompt processing progress: 28672/203658
2026-10-01 18:06:13,544 - INFO - Prompt processing progress: 30720/203658
2026-10-01 18:06:13,901 - INFO - Prompt processing progress: 32768/203658
2026-10-01 18:06:14,265 - INFO - Prompt processing progress: 34816/203658
2026-10-01 18:06:14,639 - INFO - Prompt processing progress: 36864/203658
2026-10-01 18:06:15,025 - INFO - Prompt processing progress: 38912/203658
2026-10-01 18:06:15,422 - INFO - Prompt processing progress: 40960/203658
2026-10-01 18:06:15,826 - INFO - Prompt processing progress: 43008/203658
2026-10-01 18:06:16,238 - INFO - Prompt processing progress: 45056/203658
2026-10-01 18:06:16,660 - INFO - Prompt processing progress: 47104/203658
2026-10-01 18:06:17,095 - INFO - Prompt processing progress: 49152/203658
2026-10-01 18:06:17,538 - INFO - Prompt processing progress: 51200/203658
2026-10-01 18:06:17,994 - INFO - Prompt processing progress: 53248/203658
2026-10-01 18:06:18,459 - INFO - Prompt processing progress: 55296/203658
2026-10-01 18:06:18,932 - INFO - Prompt processing progress: 57344/203658
2026-10-01 18:06:19,413 - INFO - Prompt processing progress: 59392/203658
2026-10-01 18:06:19,907 - INFO - Prompt processing progress: 61440/203658
2026-10-01 18:06:20,406 - INFO - Prompt processing progress: 63488/203658
2026-10-01 18:06:20,919 - INFO - Prompt processing progress: 65536/203658
2026-10-01 18:06:21,437 - INFO - Prompt processing progress: 67584/203658
2026-10-01 18:06:21,967 - INFO - Prompt processing progress: 69632/203658
2026-10-01 18:06:22,509 - INFO - Prompt processing progress: 71680/203658
2026-10-01 18:06:23,057 - INFO - Prompt processing progress: 73728/203658
2026-10-01 18:06:23,612 - INFO - Prompt processing progress: 75776/203658
2026-10-01 18:06:24,179 - INFO - Prompt processing progress: 77824/203658
2026-10-01 18:06:24,759 - INFO - Prompt processing progress: 79872/203658
2026-10-01 18:06:25,349 - INFO - Prompt processing progress: 81920/203658
2026-10-01 18:06:25,948 - INFO - Prompt processing progress: 83968/203658
2026-10-01 18:06:26,558 - INFO - Prompt processing progress: 86016/203658
2026-10-01 18:06:27,178 - INFO - Prompt processing progress: 88064/203658
2026-10-01 18:06:27,810 - INFO - Prompt processing progress: 90112/203658
2026-10-01 18:06:28,448 - INFO - Prompt processing progress: 92160/203658
2026-10-01 18:06:29,095 - INFO - Prompt processing progress: 94208/203658
2026-10-01 18:06:29,753 - INFO - Prompt processing progress: 96256/203658
2026-10-01 18:06:30,421 - INFO - Prompt processing progress: 98304/203658
2026-10-01 18:06:31,098 - INFO - Prompt processing progress: 100352/203658
2026-10-01 18:06:31,788 - INFO - Prompt processing progress: 102400/203658
2026-10-01 18:06:32,482 - INFO - Prompt processing progress: 104448/203658
2026-10-01 18:06:33,182 - INFO - Prompt processing progress: 106496/203658
2026-10-01 18:06:33,903 - INFO - Prompt processing progress: 108544/203658
2026-10-01 18:06:34,634 - INFO - Prompt processing progress: 110592/203658
2026-10-01 18:06:35,366 - INFO - Prompt processing progress: 112640/203658
2026-10-01 18:06:36,105 - INFO - Prompt processing progress: 114688/203658
2026-10-01 18:06:36,861 - INFO - Prompt processing progress: 116736/203658
2026-10-01 18:06:37,625 - INFO - Prompt processing progress: 118784/203658
2026-10-01 18:06:38,398 - INFO - Prompt processing progress: 120832/203658
2026-10-01 18:06:39,185 - INFO - Prompt processing progress: 122880/203658
2026-10-01 18:06:39,982 - INFO - Prompt processing progress: 124928/203658
2026-10-01 18:06:40,789 - INFO - Prompt processing progress: 126976/203658
2026-10-01 18:06:41,605 - INFO - Prompt processing progress: 129024/203658
2026-10-01 18:06:42,433 - INFO - Prompt processing progress: 131072/203658
2026-10-01 18:06:43,259 - INFO - Prompt processing progress: 133120/203658
2026-10-01 18:06:44,103 - INFO - Prompt processing progress: 135168/203658
2026-10-01 18:06:44,961 - INFO - Prompt processing progress: 137216/203658
2026-10-01 18:06:45,814 - INFO - Prompt processing progress: 139264/203658
2026-10-01 18:06:46,684 - INFO - Prompt processing progress: 141312/203658
2026-10-01 18:06:47,563 - INFO - Prompt processing progress: 143360/203658
2026-10-01 18:06:48,448 - INFO - Prompt processing progress: 145408/203658
2026-10-01 18:06:49,361 - INFO - Prompt processing progress: 147456/203658
2026-10-01 18:06:50,269 - INFO - Prompt processing progress: 149504/203658
2026-10-01 18:06:51,188 - INFO - Prompt processing progress: 151552/203658
2026-10-01 18:06:52,119 - INFO - Prompt processing progress: 153600/203658
2026-10-01 18:06:53,055 - INFO - Prompt processing progress: 155648/203658
2026-10-01 18:06:54,002 - INFO - Prompt processing progress: 157696/203658
2026-10-01 18:06:54,957 - INFO - Prompt processing progress: 159744/203658
2026-10-01 18:06:55,920 - INFO - Prompt processing progress: 161792/203658
2026-10-01 18:06:56,894 - INFO - Prompt processing progress: 163840/203658
2026-10-01 18:06:57,876 - INFO - Prompt processing progress: 165888/203658
2026-10-01 18:06:58,871 - INFO - Prompt processing progress: 167936/203658
2026-10-01 18:06:59,876 - INFO - Prompt processing progress: 169984/203658
2026-10-01 18:07:00,900 - INFO - Prompt processing progress: 172032/203658
2026-10-01 18:07:01,946 - INFO - Prompt processing progress: 174080/203658
2026-10-01 18:07:02,984 - INFO - Prompt processing progress: 176128/203658
2026-10-01 18:07:04,032 - INFO - Prompt processing progress: 178176/203658
2026-10-01 18:07:05,098 - INFO - Prompt processing progress: 180224/203658
2026-10-01 18:07:06,167 - INFO - Prompt processing progress: 182272/203658
2026-10-01 18:07:07,259 - INFO - Prompt processing progress: 184320/203658
2026-10-01 18:07:08,352 - INFO - Prompt processing progress: 186368/203658
2026-10-01 18:07:09,452 - INFO - Prompt processing progress: 188416/203658
2026-10-01 18:07:10,559 - INFO - Prompt processing progress: 190464/203658
2026-10-01 18:07:11,681 - INFO - Prompt processing progress: 192512/203658
2026-10-01 18:07:12,813 - INFO - Prompt processing progress: 194560/203658
2026-10-01 18:07:13,963 - INFO - Prompt processing progress: 196608/203658
2026-10-01 18:07:15,109 - INFO - Prompt processing progress: 198656/203658
2026-10-01 18:07:16,277 - INFO - Prompt processing progress: 200704/203658
2026-10-01 18:07:17,440 - INFO - Prompt processing progress: 202752/203658
2026-10-01 18:07:18,435 - INFO - Prompt processing progress: 203657/203658
2026-10-01 18:07:18,476 - INFO - Prompt processing progress: 203658/203658
127.0.0.1 - - [01/Oct/2026 18:07:23] "POST /v1/chat/completions HTTP/1.1" 200 -
2026-10-01 18:07:23,021 - INFO - Prompt Cache: 1 sequences, 4.24 GB
2026-10-01 18:07:23,021 - INFO - - assistant: 1 sequences, 4.24 GB
2026-10-01 18:07:23,021 - INFO - - user: 0 sequences, 0.00 GB
2026-10-01 18:07:23,021 - INFO - - system: 0 sequences, 0.00 GB
2026-10-01 18:07:23,128 - INFO - Prompt processing progress: 0/204018
2026-10-01 18:07:23,344 - INFO - Prompt processing progress: 2048/204018
2026-10-01 18:07:23,567 - INFO - Prompt processing progress: 4096/204018
2026-10-01 18:07:23,801 - INFO - Prompt processing progress: 6144/204018
2026-10-01 18:07:24,039 - INFO - Prompt processing progress: 8192/204018
2026-10-01 18:07:24,290 - INFO - Prompt processing progress: 10240/204018
2026-10-01 18:07:24,549 - INFO - Prompt processing progress: 12288/204018
2026-10-01 18:07:24,820 - INFO - Prompt processing progress: 14336/204018
2026-10-01 18:07:25,098 - INFO - Prompt processing progress: 16384/204018
2026-10-01 18:07:25,386 - INFO - Prompt processing progress: 18432/204018
2026-10-01 18:07:25,682 - INFO - Prompt processing progress: 20480/204018
2026-10-01 18:07:25,989 - INFO - Prompt processing progress: 22528/204018
2026-10-01 18:07:26,308 - INFO - Prompt processing progress: 24576/204018
2026-10-01 18:07:26,637 - INFO - Prompt processing progress: 26624/204018
2026-10-01 18:07:26,976 - INFO - Prompt processing progress: 28672/204018
2026-10-01 18:07:27,325 - INFO - Prompt processing progress: 30720/204018
2026-10-01 18:07:27,682 - INFO - Prompt processing progress: 32768/204018
2026-10-01 18:07:28,048 - INFO - Prompt processing progress: 34816/204018
2026-10-01 18:07:28,423 - INFO - Prompt processing progress: 36864/204018
2026-10-01 18:07:28,807 - INFO - Prompt processing progress: 38912/204018
2026-10-01 18:07:29,202 - INFO - Prompt processing progress: 40960/204018
2026-10-01 18:07:29,607 - INFO - Prompt processing progress: 43008/204018
2026-10-01 18:07:30,024 - INFO - Prompt processing progress: 45056/204018
2026-10-01 18:07:30,448 - INFO - Prompt processing progress: 47104/204018
2026-10-01 18:07:30,882 - INFO - Prompt processing progress: 49152/204018
2026-10-01 18:07:31,326 - INFO - Prompt processing progress: 51200/204018
2026-10-01 18:07:31,779 - INFO - Prompt processing progress: 53248/204018
2026-10-01 18:07:32,242 - INFO - Prompt processing progress: 55296/204018
2026-10-01 18:07:32,715 - INFO - Prompt processing progress: 57344/204018
2026-10-01 18:07:33,198 - INFO - Prompt processing progress: 59392/204018
2026-10-01 18:07:33,688 - INFO - Prompt processing progress: 61440/204018
2026-10-01 18:07:34,189 - INFO - Prompt processing progress: 63488/204018
2026-10-01 18:07:34,700 - INFO - Prompt processing progress: 65536/204018
2026-10-01 18:07:35,222 - INFO - Prompt processing progress: 67584/204018
2026-10-01 18:07:35,754 - INFO - Prompt processing progress: 69632/204018
2026-10-01 18:07:36,295 - INFO - Prompt processing progress: 71680/204018
2026-10-01 18:07:36,845 - INFO - Prompt processing progress: 73728/204018
2026-10-01 18:07:37,409 - INFO - Prompt processing progress: 75776/204018
2026-10-01 18:07:37,979 - INFO - Prompt processing progress: 77824/204018
2026-10-01 18:07:38,560 - INFO - Prompt processing progress: 79872/204018
2026-10-01 18:07:39,148 - INFO - Prompt processing progress: 81920/204018
2026-10-01 18:07:39,744 - INFO - Prompt processing progress: 83968/204018
2026-10-01 18:07:40,352 - INFO - Prompt processing progress: 86016/204018
2026-10-01 18:07:40,975 - INFO - Prompt processing progress: 88064/204018
2026-10-01 18:07:41,602 - INFO - Prompt processing progress: 90112/204018
2026-10-01 18:07:42,241 - INFO - Prompt processing progress: 92160/204018
2026-10-01 18:07:42,889 - INFO - Prompt processing progress: 94208/204018
2026-10-01 18:07:43,542 - INFO - Prompt processing progress: 96256/204018
2026-10-01 18:07:44,208 - INFO - Prompt processing progress: 98304/204018
2026-10-01 18:07:44,887 - INFO - Prompt processing progress: 100352/204018
2026-10-01 18:07:45,576 - INFO - Prompt processing progress: 102400/204018
2026-10-01 18:07:46,273 - INFO - Prompt processing progress: 104448/204018
2026-10-01 18:07:46,979 - INFO - Prompt processing progress: 106496/204018
2026-10-01 18:07:47,695 - INFO - Prompt processing progress: 108544/204018
2026-10-01 18:07:48,425 - INFO - Prompt processing progress: 110592/204018
2026-10-01 18:07:49,162 - INFO - Prompt processing progress: 112640/204018
2026-10-01 18:07:49,913 - INFO - Prompt processing progress: 114688/204018
2026-10-01 18:07:50,675 - INFO - Prompt processing progress: 116736/204018
2026-10-01 18:07:51,444 - INFO - Prompt processing progress: 118784/204018
2026-10-01 18:07:52,223 - INFO - Prompt processing progress: 120832/204018
2026-10-01 18:07:53,004 - INFO - Prompt processing progress: 122880/204018
2026-10-01 18:07:53,801 - INFO - Prompt processing progress: 124928/204018
2026-10-01 18:07:54,603 - INFO - Prompt processing progress: 126976/204018
2026-10-01 18:07:55,410 - INFO - Prompt processing progress: 129024/204018
2026-10-01 18:07:56,239 - INFO - Prompt processing progress: 131072/204018
2026-10-01 18:07:57,068 - INFO - Prompt processing progress: 133120/204018
2026-10-01 18:07:57,909 - INFO - Prompt processing progress: 135168/204018
2026-10-01 18:07:58,752 - INFO - Prompt processing progress: 137216/204018
2026-10-01 18:07:59,617 - INFO - Prompt processing progress: 139264/204018
2026-10-01 18:08:00,495 - INFO - Prompt processing progress: 141312/204018
2026-10-01 18:08:01,385 - INFO - Prompt processing progress: 143360/204018
2026-10-01 18:08:02,274 - INFO - Prompt processing progress: 145408/204018
2026-10-01 18:08:03,171 - INFO - Prompt processing progress: 147456/204018
2026-10-01 18:08:04,082 - INFO - Prompt processing progress: 149504/204018
2026-10-01 18:08:05,001 - INFO - Prompt processing progress: 151552/204018
2026-10-01 18:08:05,926 - INFO - Prompt processing progress: 153600/204018
2026-10-01 18:08:06,873 - INFO - Prompt processing progress: 155648/204018
2026-10-01 18:08:07,824 - INFO - Prompt processing progress: 157696/204018
2026-10-01 18:08:08,791 - INFO - Prompt processing progress: 159744/204018
2026-10-01 18:08:09,755 - INFO - Prompt processing progress: 161792/204018
2026-10-01 18:08:10,723 - INFO - Prompt processing progress: 163840/204018
2026-10-01 18:08:11,709 - INFO - Prompt processing progress: 165888/204018
2026-10-01 18:08:12,709 - INFO - Prompt processing progress: 167936/204018
2026-10-01 18:08:13,721 - INFO - Prompt processing progress: 169984/204018
2026-10-01 18:08:14,736 - INFO - Prompt processing progress: 172032/204018
2026-10-01 18:08:15,769 - INFO - Prompt processing progress: 174080/204018
2026-10-01 18:08:16,815 - INFO - Prompt processing progress: 176128/204018
2026-10-01 18:08:17,867 - INFO - Prompt processing progress: 178176/204018
2026-10-01 18:08:18,931 - INFO - Prompt processing progress: 180224/204018
2026-10-01 18:08:20,002 - INFO - Prompt processing progress: 182272/204018
2026-10-01 18:08:21,092 - INFO - Prompt processing progress: 184320/204018
2026-10-01 18:08:22,176 - INFO - Prompt processing progress: 186368/204018
2026-10-01 18:08:23,267 - INFO - Prompt processing progress: 188416/204018
2026-10-01 18:08:24,377 - INFO - Prompt processing progress: 190464/204018
2026-10-01 18:08:25,495 - INFO - Prompt processing progress: 192512/204018
2026-10-01 18:08:26,627 - INFO - Prompt processing progress: 194560/204018
2026-10-01 18:08:27,765 - INFO - Prompt processing progress: 196608/204018
2026-10-01 18:08:28,909 - INFO - Prompt processing progress: 198656/204018
2026-10-01 18:08:30,055 - INFO - Prompt processing progress: 200704/204018
2026-10-01 18:08:31,215 - INFO - Prompt processing progress: 202752/204018
2026-10-01 18:08:31,928 - INFO - Prompt processing progress: 204017/204018
2026-10-01 18:08:31,957 - INFO - Prompt processing progress: 204018/204018
127.0.0.1 - - [01/Oct/2026 18:08:34] "POST /v1/chat/completions HTTP/1.1" 200 -
2026-10-01 18:08:34,371 - INFO - Prompt Cache: 1 sequences, 4.24 GB
2026-10-01 18:08:34,371 - INFO - - assistant: 1 sequences, 4.24 GB
2026-10-01 18:08:34,371 - INFO - - user: 0 sequences, 0.00 GB
2026-10-01 18:08:34,371 - INFO - - system: 0 sequences, 0.00 GB
2026-10-01 18:08:34,484 - INFO - Prompt processing progress: 0/204537
2026-10-01 18:08:34,895 - INFO - Prompt processing progress: 2048/204537
2026-10-01 18:08:35,125 - INFO - Prompt processing progress: 4096/204537
2026-10-01 18:08:35,360 - INFO - Prompt processing progress: 6144/204537
2026-10-01 18:08:35,602 - INFO - Prompt processing progress: 8192/204537
2026-10-01 18:08:35,855 - INFO - Prompt processing progress: 10240/204537
2026-10-01 18:08:36,115 - INFO - Prompt processing progress: 12288/204537
2026-10-01 18:08:36,385 - INFO - Prompt processing progress: 14336/204537
2026-10-01 18:08:36,665 - INFO - Prompt processing progress: 16384/204537
2026-10-01 18:08:36,954 - INFO - Prompt processing progress: 18432/204537
2026-10-01 18:08:37,254 - INFO - Prompt processing progress: 20480/204537
2026-10-01 18:08:37,562 - INFO - Prompt processing progress: 22528/204537
2026-10-01 18:08:37,879 - INFO - Prompt processing progress: 24576/204537
2026-10-01 18:08:38,207 - INFO - Prompt processing progress: 26624/204537
2026-10-01 18:08:38,547 - INFO - Prompt processing progress: 28672/204537
2026-10-01 18:08:38,895 - INFO - Prompt processing progress: 30720/204537
2026-10-01 18:08:39,256 - INFO - Prompt processing progress: 32768/204537
2026-10-01 18:08:39,621 - INFO - Prompt processing progress: 34816/204537
2026-10-01 18:08:39,998 - INFO - Prompt processing progress: 36864/204537
2026-10-01 18:08:40,382 - INFO - Prompt processing progress: 38912/204537
2026-10-01 18:08:40,775 - INFO - Prompt processing progress: 40960/204537
2026-10-01 18:08:41,180 - INFO - Prompt processing progress: 43008/204537
2026-10-01 18:08:41,593 - INFO - Prompt processing progress: 45056/204537
2026-10-01 18:08:42,017 - INFO - Prompt processing progress: 47104/204537
2026-10-01 18:08:42,452 - INFO - Prompt processing progress: 49152/204537
2026-10-01 18:08:42,894 - INFO - Prompt processing progress: 51200/204537
2026-10-01 18:08:43,347 - INFO - Prompt processing progress: 53248/204537
2026-10-01 18:08:43,815 - INFO - Prompt processing progress: 55296/204537
2026-10-01 18:08:44,287 - INFO - Prompt processing progress: 57344/204537
2026-10-01 18:08:44,765 - INFO - Prompt processing progress: 59392/204537
2026-10-01 18:08:45,259 - INFO - Prompt processing progress: 61440/204537
2026-10-01 18:08:45,762 - INFO - Prompt processing progress: 63488/204537
2026-10-01 18:08:46,272 - INFO - Prompt processing progress: 65536/204537
2026-10-01 18:08:46,793 - INFO - Prompt processing progress: 67584/204537
2026-10-01 18:08:47,319 - INFO - Prompt processing progress: 69632/204537
2026-10-01 18:08:47,862 - INFO - Prompt processing progress: 71680/204537
2026-10-01 18:08:48,413 - INFO - Prompt processing progress: 73728/204537
2026-10-01 18:08:48,970 - INFO - Prompt processing progress: 75776/204537
2026-10-01 18:08:49,541 - INFO - Prompt processing progress: 77824/204537
2026-10-01 18:08:50,125 - INFO - Prompt processing progress: 79872/204537
2026-10-01 18:08:50,710 - INFO - Prompt processing progress: 81920/204537
2026-10-01 18:08:51,310 - INFO - Prompt processing progress: 83968/204537
2026-10-01 18:08:51,923 - INFO - Prompt processing progress: 86016/204537
2026-10-01 18:08:52,545 - INFO - Prompt processing progress: 88064/204537
2026-10-01 18:08:53,173 - INFO - Prompt processing progress: 90112/204537
2026-10-01 18:08:53,802 - INFO - Prompt processing progress: 92160/204537
2026-10-01 18:08:54,450 - INFO - Prompt processing progress: 94208/204537
2026-10-01 18:08:55,111 - INFO - Prompt processing progress: 96256/204537
2026-10-01 18:08:55,777 - INFO - Prompt processing progress: 98304/204537
2026-10-01 18:08:56,453 - INFO - Prompt processing progress: 100352/204537
2026-10-01 18:08:57,139 - INFO - Prompt processing progress: 102400/204537
2026-10-01 18:08:57,837 - INFO - Prompt processing progress: 104448/204537
2026-10-01 18:08:58,542 - INFO - Prompt processing progress: 106496/204537
2026-10-01 18:08:59,258 - INFO - Prompt processing progress: 108544/204537
2026-10-01 18:08:59,982 - INFO - Prompt processing progress: 110592/204537
2026-10-01 18:09:00,714 - INFO - Prompt processing progress: 112640/204537
2026-10-01 18:09:01,453 - INFO - Prompt processing progress: 114688/204537
2026-10-01 18:09:02,208 - INFO - Prompt processing progress: 116736/204537
2026-10-01 18:09:02,974 - INFO - Prompt processing progress: 118784/204537
2026-10-01 18:09:03,754 - INFO - Prompt processing progress: 120832/204537
2026-10-01 18:09:04,536 - INFO - Prompt processing progress: 122880/204537
2026-10-01 18:09:05,333 - INFO - Prompt processing progress: 124928/204537
2026-10-01 18:09:06,135 - INFO - Prompt processing progress: 126976/204537
2026-10-01 18:09:06,943 - INFO - Prompt processing progress: 129024/204537
2026-10-01 18:09:07,764 - INFO - Prompt processing progress: 131072/204537
2026-10-01 18:09:08,594 - INFO - Prompt processing progress: 133120/204537
2026-10-01 18:09:09,433 - INFO - Prompt processing progress: 135168/204537
2026-10-01 18:09:10,285 - INFO - Prompt processing progress: 137216/204537
2026-10-01 18:09:11,147 - INFO - Prompt processing progress: 139264/204537
2026-10-01 18:09:12,018 - INFO - Prompt processing progress: 141312/204537
2026-10-01 18:09:12,900 - INFO - Prompt processing progress: 143360/204537
2026-10-01 18:09:13,790 - INFO - Prompt processing progress: 145408/204537
2026-10-01 18:09:14,685 - INFO - Prompt processing progress: 147456/204537
2026-10-01 18:09:15,595 - INFO - Prompt processing progress: 149504/204537
2026-10-01 18:09:16,515 - INFO - Prompt processing progress: 151552/204537
2026-10-01 18:09:17,443 - INFO - Prompt processing progress: 153600/204537
2026-10-01 18:09:18,385 - INFO - Prompt processing progress: 155648/204537
2026-10-01 18:09:19,330 - INFO - Prompt processing progress: 157696/204537
2026-10-01 18:09:20,281 - INFO - Prompt processing progress: 159744/204537
2026-10-01 18:09:21,248 - INFO - Prompt processing progress: 161792/204537
2026-10-01 18:09:22,228 - INFO - Prompt processing progress: 163840/204537
2026-10-01 18:09:23,207 - INFO - Prompt processing progress: 165888/204537
2026-10-01 18:09:24,209 - INFO - Prompt processing progress: 167936/204537
2026-10-01 18:09:25,220 - INFO - Prompt processing progress: 169984/204537
2026-10-01 18:09:26,241 - INFO - Prompt processing progress: 172032/204537
2026-10-01 18:09:27,275 - INFO - Prompt processing progress: 174080/204537
2026-10-01 18:09:28,314 - INFO - Prompt processing progress: 176128/204537
2026-10-01 18:09:29,356 - INFO - Prompt processing progress: 178176/204537
2026-10-01 18:09:30,416 - INFO - Prompt processing progress: 180224/204537
2026-10-01 18:09:31,484 - INFO - Prompt processing progress: 182272/204537
2026-10-01 18:09:32,552 - INFO - Prompt processing progress: 184320/204537
2026-10-01 18:09:33,647 - INFO - Prompt processing progress: 186368/204537
2026-10-01 18:09:34,730 - INFO - Prompt processing progress: 188416/204537
2026-10-01 18:09:35,833 - INFO - Prompt processing progress: 190464/204537
2026-10-01 18:09:36,946 - INFO - Prompt processing progress: 192512/204537
2026-10-01 18:09:38,070 - INFO - Prompt processing progress: 194560/204537
2026-10-01 18:09:39,213 - INFO - Prompt processing progress: 196608/204537
2026-10-01 18:09:40,342 - INFO - Prompt processing progress: 198656/204537
2026-10-01 18:09:41,503 - INFO - Prompt processing progress: 200704/204537
2026-10-01 18:09:42,655 - INFO - Prompt processing progress: 202752/204537
2026-10-01 18:09:43,655 - INFO - Prompt processing progress: 204536/204537
2026-10-01 18:09:43,689 - INFO - Prompt processing progress: 204537/204537
127.0.0.1 - - [01/Oct/2026 18:09:58] "POST /v1/chat/completions HTTP/1.1" 200 -
2026-10-01 18:09:58,960 - INFO - Prompt Cache: 1 sequences, 4.28 GB
2026-10-01 18:09:58,960 - INFO - - assistant: 1 sequences, 4.28 GB
2026-10-01 18:09:58,960 - INFO - - user: 0 sequences, 0.00 GB
2026-10-01 18:09:58,960 - INFO - - system: 0 sequences, 0.00 GB
2026-10-01 18:09:59,066 - INFO - Prompt processing progress: 0/205739
2026-10-01 18:09:59,282 - INFO - Prompt processing progress: 2048/205739
2026-10-01 18:09:59,517 - INFO - Prompt processing progress: 4096/205739
2026-10-01 18:09:59,750 - INFO - Prompt processing progress: 6144/205739
2026-10-01 18:09:59,996 - INFO - Prompt processing progress: 8192/205739
2026-10-01 18:10:00,248 - INFO - Prompt processing progress: 10240/205739
2026-10-01 18:10:00,512 - INFO - Prompt processing progress: 12288/205739
2026-10-01 18:10:00,782 - INFO - Prompt processing progress: 14336/205739
2026-10-01 18:10:01,060 - INFO - Prompt processing progress: 16384/205739
2026-10-01 18:10:01,349 - INFO - Prompt processing progress: 18432/205739
2026-10-01 18:10:01,648 - INFO - Prompt processing progress: 20480/205739
2026-10-01 18:10:01,955 - INFO - Prompt processing progress: 22528/205739
2026-10-01 18:10:02,272 - INFO - Prompt processing progress: 24576/205739
2026-10-01 18:10:02,602 - INFO - Prompt processing progress: 26624/205739
2026-10-01 18:10:02,941 - INFO - Prompt processing progress: 28672/205739
2026-10-01 18:10:03,288 - INFO - Prompt processing progress: 30720/205739
2026-10-01 18:10:03,643 - INFO - Prompt processing progress: 32768/205739
2026-10-01 18:10:04,009 - INFO - Prompt processing progress: 34816/205739
2026-10-01 18:10:04,383 - INFO - Prompt processing progress: 36864/205739
2026-10-01 18:10:04,771 - INFO - Prompt processing progress: 38912/205739
2026-10-01 18:10:05,167 - INFO - Prompt processing progress: 40960/205739
2026-10-01 18:10:05,570 - INFO - Prompt processing progress: 43008/205739
2026-10-01 18:10:05,982 - INFO - Prompt processing progress: 45056/205739
2026-10-01 18:10:06,405 - INFO - Prompt processing progress: 47104/205739
2026-10-01 18:10:06,840 - INFO - Prompt processing progress: 49152/205739
2026-10-01 18:10:07,284 - INFO - Prompt processing progress: 51200/205739
2026-10-01 18:10:07,736 - INFO - Prompt processing progress: 53248/205739
2026-10-01 18:10:08,201 - INFO - Prompt processing progress: 55296/205739
2026-10-01 18:10:08,673 - INFO - Prompt processing progress: 57344/205739
2026-10-01 18:10:09,155 - INFO - Prompt processing progress: 59392/205739
2026-10-01 18:10:09,645 - INFO - Prompt processing progress: 61440/205739
2026-10-01 18:10:10,149 - INFO - Prompt processing progress: 63488/205739
2026-10-01 18:10:10,662 - INFO - Prompt processing progress: 65536/205739
2026-10-01 18:10:11,182 - INFO - Prompt processing progress: 67584/205739
2026-10-01 18:10:11,712 - INFO - Prompt processing progress: 69632/205739
2026-10-01 18:10:12,251 - INFO - Prompt processing progress: 71680/205739
2026-10-01 18:10:12,798 - INFO - Prompt processing progress: 73728/205739
2026-10-01 18:10:13,357 - INFO - Prompt processing progress: 75776/205739
2026-10-01 18:10:13,925 - INFO - Prompt processing progress: 77824/205739
2026-10-01 18:10:14,504 - INFO - Prompt processing progress: 79872/205739
2026-10-01 18:10:15,093 - INFO - Prompt processing progress: 81920/205739
2026-10-01 18:10:15,691 - INFO - Prompt processing progress: 83968/205739
2026-10-01 18:10:16,300 - INFO - Prompt processing progress: 86016/205739
2026-10-01 18:10:16,913 - INFO - Prompt processing progress: 88064/205739
2026-10-01 18:10:17,540 - INFO - Prompt processing progress: 90112/205739
2026-10-01 18:10:18,179 - INFO - Prompt processing progress: 92160/205739
2026-10-01 18:10:18,829 - INFO - Prompt processing progress: 94208/205739
2026-10-01 18:10:19,485 - INFO - Prompt processing progress: 96256/205739
2026-10-01 18:10:20,150 - INFO - Prompt processing progress: 98304/205739
2026-10-01 18:10:20,828 - INFO - Prompt processing progress: 100352/205739
2026-10-01 18:10:21,515 - INFO - Prompt processing progress: 102400/205739
2026-10-01 18:10:22,210 - INFO - Prompt processing progress: 104448/205739
2026-10-01 18:10:22,910 - INFO - Prompt processing progress: 106496/205739
2026-10-01 18:10:23,623 - INFO - Prompt processing progress: 108544/205739
2026-10-01 18:10:24,350 - INFO - Prompt processing progress: 110592/205739
2026-10-01 18:10:25,084 - INFO - Prompt processing progress: 112640/205739
2026-10-01 18:10:25,834 - INFO - Prompt processing progress: 114688/205739
2026-10-01 18:10:26,589 - INFO - Prompt processing progress: 116736/205739
2026-10-01 18:10:27,352 - INFO - Prompt processing progress: 118784/205739
2026-10-01 18:10:28,127 - INFO - Prompt processing progress: 120832/205739
2026-10-01 18:10:28,905 - INFO - Prompt processing progress: 122880/205739
2026-10-01 18:10:29,697 - INFO - Prompt processing progress: 124928/205739
2026-10-01 18:10:30,502 - INFO - Prompt processing progress: 126976/205739
2026-10-01 18:10:31,314 - INFO - Prompt processing progress: 129024/205739
2026-10-01 18:10:32,139 - INFO - Prompt processing progress: 131072/205739
2026-10-01 18:10:32,974 - INFO - Prompt processing progress: 133120/205739
2026-10-01 18:10:33,815 - INFO - Prompt processing progress: 135168/205739
2026-10-01 18:10:34,658 - INFO - Prompt processing progress: 137216/205739
2026-10-01 18:10:35,510 - INFO - Prompt processing progress: 139264/205739
2026-10-01 18:10:36,374 - INFO - Prompt processing progress: 141312/205739
2026-10-01 18:10:37,249 - INFO - Prompt processing progress: 143360/205739
2026-10-01 18:10:38,138 - INFO - Prompt processing progress: 145408/205739
2026-10-01 18:10:39,039 - INFO - Prompt processing progress: 147456/205739
2026-10-01 18:10:39,948 - INFO - Prompt processing progress: 149504/205739
2026-10-01 18:10:40,871 - INFO - Prompt processing progress: 151552/205739
2026-10-01 18:10:41,798 - INFO - Prompt processing progress: 153600/205739
2026-10-01 18:10:42,742 - INFO - Prompt processing progress: 155648/205739
2026-10-01 18:10:43,684 - INFO - Prompt processing progress: 157696/205739
2026-10-01 18:10:44,638 - INFO - Prompt processing progress: 159744/205739
2026-10-01 18:10:45,603 - INFO - Prompt processing progress: 161792/205739
2026-10-01 18:10:46,579 - INFO - Prompt processing progress: 163840/205739
2026-10-01 18:10:47,565 - INFO - Prompt processing progress: 165888/205739
2026-10-01 18:10:48,561 - INFO - Prompt processing progress: 167936/205739
2026-10-01 18:10:49,564 - INFO - Prompt processing progress: 169984/205739
2026-10-01 18:10:50,580 - INFO - Prompt processing progress: 172032/205739
2026-10-01 18:10:51,607 - INFO - Prompt processing progress: 174080/205739
2026-10-01 18:10:52,649 - INFO - Prompt processing progress: 176128/205739
2026-10-01 18:10:53,690 - INFO - Prompt processing progress: 178176/205739
2026-10-01 18:10:54,750 - INFO - Prompt processing progress: 180224/205739
2026-10-01 18:10:55,811 - INFO - Prompt processing progress: 182272/205739
2026-10-01 18:10:56,892 - INFO - Prompt processing progress: 184320/205739
2026-10-01 18:10:57,970 - INFO - Prompt processing progress: 186368/205739
2026-10-01 18:10:59,064 - INFO - Prompt processing progress: 188416/205739
2026-10-01 18:11:00,167 - INFO - Prompt processing progress: 190464/205739
2026-10-01 18:11:01,282 - INFO - Prompt processing progress: 192512/205739
2026-10-01 18:11:02,400 - INFO - Prompt processing progress: 194560/205739
2026-10-01 18:11:03,531 - INFO - Prompt processing progress: 196608/205739
2026-10-01 18:11:04,677 - INFO - Prompt processing progress: 198656/205739
2026-10-01 18:11:05,827 - INFO - Prompt processing progress: 200704/205739
2026-10-01 18:11:06,990 - INFO - Prompt processing progress: 202752/205739
2026-10-01 18:11:08,163 - INFO - Prompt processing progress: 204800/205739
2026-10-01 18:11:09,175 - INFO - Prompt processing progress: 205738/205739
2026-10-01 18:11:09,218 - INFO - Prompt processing progress: 205739/205739
127.0.0.1 - - [01/Oct/2026 18:11:16] "POST /v1/chat/completions HTTP/1.1" 200 -
2026-10-01 18:11:16,212 - INFO - Prompt Cache: 1 sequences, 4.29 GB
2026-10-01 18:11:16,212 - INFO - - assistant: 1 sequences, 4.29 GB
2026-10-01 18:11:16,212 - INFO - - user: 0 sequences, 0.00 GB
2026-10-01 18:11:16,212 - INFO - - system: 0 sequences, 0.00 GB
2026-10-01 18:11:16,317 - INFO - Prompt processing progress: 0/206300
2026-10-01 18:11:16,535 - INFO - Prompt processing progress: 2048/206300
2026-10-01 18:11:16,762 - INFO - Prompt processing progress: 4096/206300
2026-10-01 18:11:16,995 - INFO - Prompt processing progress: 6144/206300
2026-10-01 18:11:17,237 - INFO - Prompt processing progress: 8192/206300
2026-10-01 18:11:17,490 - INFO - Prompt processing progress: 10240/206300
2026-10-01 18:11:17,752 - INFO - Prompt processing progress: 12288/206300
2026-10-01 18:11:18,025 - INFO - Prompt processing progress: 14336/206300
2026-10-01 18:11:18,308 - INFO - Prompt processing progress: 16384/206300
2026-10-01 18:11:18,597 - INFO - Prompt processing progress: 18432/206300
2026-10-01 18:11:18,897 - INFO - Prompt processing progress: 20480/206300
2026-10-01 18:11:19,206 - INFO - Prompt processing progress: 22528/206300
2026-10-01 18:11:19,524 - INFO - Prompt processing progress: 24576/206300
2026-10-01 18:11:19,854 - INFO - Prompt processing progress: 26624/206300
2026-10-01 18:11:20,195 - INFO - Prompt processing progress: 28672/206300
2026-10-01 18:11:20,542 - INFO - Prompt processing progress: 30720/206300
2026-10-01 18:11:20,902 - INFO - Prompt processing progress: 32768/206300
2026-10-01 18:11:21,266 - INFO - Prompt processing progress: 34816/206300
2026-10-01 18:11:21,640 - INFO - Prompt processing progress: 36864/206300
2026-10-01 18:11:22,024 - INFO - Prompt processing progress: 38912/206300
2026-10-01 18:11:22,419 - INFO - Prompt processing progress: 40960/206300
2026-10-01 18:11:22,823 - INFO - Prompt processing progress: 43008/206300
2026-10-01 18:11:23,237 - INFO - Prompt processing progress: 45056/206300
2026-10-01 18:11:23,662 - INFO - Prompt processing progress: 47104/206300
2026-10-01 18:11:24,098 - INFO - Prompt processing progress: 49152/206300
2026-10-01 18:11:24,546 - INFO - Prompt processing progress: 51200/206300
2026-10-01 18:11:25,000 - INFO - Prompt processing progress: 53248/206300
2026-10-01 18:11:25,460 - INFO - Prompt processing progress: 55296/206300
2026-10-01 18:11:25,935 - INFO - Prompt processing progress: 57344/206300
2026-10-01 18:11:26,421 - INFO - Prompt processing progress: 59392/206300
2026-10-01 18:11:26,913 - INFO - Prompt processing progress: 61440/206300
2026-10-01 18:11:27,416 - INFO - Prompt processing progress: 63488/206300
2026-10-01 18:11:27,928 - INFO - Prompt processing progress: 65536/206300
2026-10-01 18:11:28,452 - INFO - Prompt processing progress: 67584/206300
2026-10-01 18:11:28,980 - INFO - Prompt processing progress: 69632/206300
2026-10-01 18:11:29,523 - INFO - Prompt processing progress: 71680/206300
2026-10-01 18:11:30,077 - INFO - Prompt processing progress: 73728/206300
2026-10-01 18:11:30,639 - INFO - Prompt processing progress: 75776/206300
2026-10-01 18:11:31,209 - INFO - Prompt processing progress: 77824/206300
2026-10-01 18:11:31,788 - INFO - Prompt processing progress: 79872/206300
2026-10-01 18:11:32,377 - INFO - Prompt processing progress: 81920/206300
2026-10-01 18:11:32,977 - INFO - Prompt processing progress: 83968/206300
2026-10-01 18:11:33,586 - INFO - Prompt processing progress: 86016/206300
2026-10-01 18:11:34,209 - INFO - Prompt processing progress: 88064/206300
2026-10-01 18:11:34,839 - INFO - Prompt processing progress: 90112/206300
2026-10-01 18:11:35,475 - INFO - Prompt processing progress: 92160/206300
2026-10-01 18:11:36,125 - INFO - Prompt processing progress: 94208/206300
2026-10-01 18:11:36,783 - INFO - Prompt processing progress: 96256/206300
2026-10-01 18:11:37,449 - INFO - Prompt processing progress: 98304/206300
2026-10-01 18:11:38,127 - INFO - Prompt processing progress: 100352/206300
2026-10-01 18:11:38,821 - INFO - Prompt processing progress: 102400/206300
2026-10-01 18:11:39,516 - INFO - Prompt processing progress: 104448/206300
2026-10-01 18:11:40,226 - INFO - Prompt processing progress: 106496/206300
2026-10-01 18:11:40,944 - INFO - Prompt processing progress: 108544/206300
2026-10-01 18:11:41,669 - INFO - Prompt processing progress: 110592/206300
2026-10-01 18:11:42,405 - INFO - Prompt processing progress: 112640/206300
2026-10-01 18:11:43,150 - INFO - Prompt processing progress: 114688/206300
2026-10-01 18:11:43,912 - INFO - Prompt processing progress: 116736/206300
2026-10-01 18:11:44,679 - INFO - Prompt processing progress: 118784/206300
2026-10-01 18:11:45,456 - INFO - Prompt processing progress: 120832/206300
2026-10-01 18:11:46,242 - INFO - Prompt processing progress: 122880/206300
2026-10-01 18:11:47,040 - INFO - Prompt processing progress: 124928/206300
2026-10-01 18:11:47,846 - INFO - Prompt processing progress: 126976/206300
2026-10-01 18:11:48,663 - INFO - Prompt processing progress: 129024/206300
2026-10-01 18:11:49,491 - INFO - Prompt processing progress: 131072/206300
2026-10-01 18:11:50,321 - INFO - Prompt processing progress: 133120/206300
2026-10-01 18:11:51,166 - INFO - Prompt processing progress: 135168/206300
2026-10-01 18:11:52,020 - INFO - Prompt processing progress: 137216/206300
2026-10-01 18:11:52,885 - INFO - Prompt processing progress: 139264/206300
2026-10-01 18:11:53,747 - INFO - Prompt processing progress: 141312/206300
2026-10-01 18:11:54,634 - INFO - Prompt processing progress: 143360/206300
2026-10-01 18:11:55,536 - INFO - Prompt processing progress: 145408/206300
2026-10-01 18:11:56,430 - INFO - Prompt processing progress: 147456/206300
2026-10-01 18:11:57,347 - INFO - Prompt processing progress: 149504/206300
2026-10-01 18:11:58,260 - INFO - Prompt processing progress: 151552/206300
2026-10-01 18:11:59,184 - INFO - Prompt processing progress: 153600/206300
2026-10-01 18:12:00,113 - INFO - Prompt processing progress: 155648/206300
2026-10-01 18:12:01,070 - INFO - Prompt processing progress: 157696/206300
2026-10-01 18:12:02,028 - INFO - Prompt processing progress: 159744/206300
2026-10-01 18:12:02,996 - INFO - Prompt processing progress: 161792/206300
2026-10-01 18:12:03,978 - INFO - Prompt processing progress: 163840/206300
2026-10-01 18:12:04,967 - INFO - Prompt processing progress: 165888/206300
2026-10-01 18:12:05,955 - INFO - Prompt processing progress: 167936/206300
2026-10-01 18:12:06,957 - INFO - Prompt processing progress: 169984/206300
2026-10-01 18:12:07,980 - INFO - Prompt processing progress: 172032/206300
2026-10-01 18:12:09,013 - INFO - Prompt processing progress: 174080/206300
2026-10-01 18:12:10,050 - INFO - Prompt processing progress: 176128/206300
2026-10-01 18:12:11,103 - INFO - Prompt processing progress: 178176/206300
2026-10-01 18:12:12,164 - INFO - Prompt processing progress: 180224/206300
2026-10-01 18:12:13,237 - INFO - Prompt processing progress: 182272/206300
2026-10-01 18:12:14,312 - INFO - Prompt processing progress: 184320/206300
2026-10-01 18:12:15,413 - INFO - Prompt processing progress: 186368/206300
2026-10-01 18:12:16,503 - INFO - Prompt processing progress: 188416/206300
2026-10-01 18:12:17,605 - INFO - Prompt processing progress: 190464/206300
2026-10-01 18:12:18,721 - INFO - Prompt processing progress: 192512/206300
2026-10-01 18:12:19,848 - INFO - Prompt processing progress: 194560/206300
2026-10-01 18:12:20,983 - INFO - Prompt processing progress: 196608/206300
2026-10-01 18:12:22,142 - INFO - Prompt processing progress: 198656/206300
2026-10-01 18:12:23,303 - INFO - Prompt processing progress: 200704/206300
2026-10-01 18:12:24,473 - INFO - Prompt processing progress: 202752/206300
2026-10-01 18:12:25,639 - INFO - Prompt processing progress: 204800/206300
2026-10-01 18:12:26,571 - INFO - Prompt processing progress: 206299/206300
2026-10-01 18:12:26,604 - INFO - Prompt processing progress: 206300/206300
127.0.0.1 - - [01/Oct/2026 18:12:31] "POST /v1/chat/completions HTTP/1.1" 200 -
2026-10-01 18:12:31,934 - INFO - Prompt Cache: 1 sequences, 4.30 GB
2026-10-01 18:12:31,934 - INFO - - assistant: 1 sequences, 4.30 GB
2026-10-01 18:12:31,934 - INFO - - user: 0 sequences, 0.00 GB
2026-10-01 18:12:31,934 - INFO - - system: 0 sequences, 0.00 GB
2026-10-01 18:12:32,038 - INFO - Prompt processing progress: 0/206718
2026-10-01 18:12:32,259 - INFO - Prompt processing progress: 2048/206718
2026-10-01 18:12:32,497 - INFO - Prompt processing progress: 4096/206718
2026-10-01 18:12:32,730 - INFO - Prompt processing progress: 6144/206718
2026-10-01 18:12:32,971 - INFO - Prompt processing progress: 8192/206718
2026-10-01 18:12:33,225 - INFO - Prompt processing progress: 10240/206718
2026-10-01 18:12:33,486 - INFO - Prompt processing progress: 12288/206718
2026-10-01 18:12:33,760 - INFO - Prompt processing progress: 14336/206718
2026-10-01 18:12:34,039 - INFO - Prompt processing progress: 16384/206718
2026-10-01 18:12:34,328 - INFO - Prompt processing progress: 18432/206718
2026-10-01 18:12:34,629 - INFO - Prompt processing progress: 20480/206718
2026-10-01 18:12:34,939 - INFO - Prompt processing progress: 22528/206718
2026-10-01 18:12:35,258 - INFO - Prompt processing progress: 24576/206718
2026-10-01 18:12:35,591 - INFO - Prompt processing progress: 26624/206718
2026-10-01 18:12:35,931 - INFO - Prompt processing progress: 28672/206718
2026-10-01 18:12:36,280 - INFO - Prompt processing progress: 30720/206718
2026-10-01 18:12:36,640 - INFO - Prompt processing progress: 32768/206718
2026-10-01 18:12:37,008 - INFO - Prompt processing progress: 34816/206718
2026-10-01 18:12:37,383 - INFO - Prompt processing progress: 36864/206718
2026-10-01 18:12:37,769 - INFO - Prompt processing progress: 38912/206718
2026-10-01 18:12:38,163 - INFO - Prompt processing progress: 40960/206718
2026-10-01 18:12:38,566 - INFO - Prompt processing progress: 43008/206718
2026-10-01 18:12:38,980 - INFO - Prompt processing progress: 45056/206718
2026-10-01 18:12:39,405 - INFO - Prompt processing progress: 47104/206718
2026-10-01 18:12:39,840 - INFO - Prompt processing progress: 49152/206718
2026-10-01 18:12:40,286 - INFO - Prompt processing progress: 51200/206718
2026-10-01 18:12:40,743 - INFO - Prompt processing progress: 53248/206718
2026-10-01 18:12:41,209 - INFO - Prompt processing progress: 55296/206718
2026-10-01 18:12:41,684 - INFO - Prompt processing progress: 57344/206718
2026-10-01 18:12:42,165 - INFO - Prompt processing progress: 59392/206718
2026-10-01 18:12:42,656 - INFO - Prompt processing progress: 61440/206718
2026-10-01 18:12:43,159 - INFO - Prompt processing progress: 63488/206718
2026-10-01 18:12:43,672 - INFO - Prompt processing progress: 65536/206718
2026-10-01 18:12:44,194 - INFO - Prompt processing progress: 67584/206718
2026-10-01 18:12:44,728 - INFO - Prompt processing progress: 69632/206718
2026-10-01 18:12:45,270 - INFO - Prompt processing progress: 71680/206718
2026-10-01 18:12:45,820 - INFO - Prompt processing progress: 73728/206718
2026-10-01 18:12:46,381 - INFO - Prompt processing progress: 75776/206718
2026-10-01 18:12:46,952 - INFO - Prompt processing progress: 77824/206718
2026-10-01 18:12:47,527 - INFO - Prompt processing progress: 79872/206718
2026-10-01 18:12:48,113 - INFO - Prompt processing progress: 81920/206718
2026-10-01 18:12:48,709 - INFO - Prompt processing progress: 83968/206718
2026-10-01 18:12:49,326 - INFO - Prompt processing progress: 86016/206718
2026-10-01 18:12:49,943 - INFO - Prompt processing progress: 88064/206718
2026-10-01 18:12:50,577 - INFO - Prompt processing progress: 90112/206718
2026-10-01 18:12:51,217 - INFO - Prompt processing progress: 92160/206718
2026-10-01 18:12:51,865 - INFO - Prompt processing progress: 94208/206718
2026-10-01 18:12:52,521 - INFO - Prompt processing progress: 96256/206718
2026-10-01 18:12:53,183 - INFO - Prompt processing progress: 98304/206718
2026-10-01 18:12:53,858 - INFO - Prompt processing progress: 100352/206718
2026-10-01 18:12:54,541 - INFO - Prompt processing progress: 102400/206718
2026-10-01 18:12:55,242 - INFO - Prompt processing progress: 104448/206718
2026-10-01 18:12:55,948 - INFO - Prompt processing progress: 106496/206718
2026-10-01 18:12:56,666 - INFO - Prompt processing progress: 108544/206718
2026-10-01 18:12:57,392 - INFO - Prompt processing progress: 110592/206718
2026-10-01 18:12:58,131 - INFO - Prompt processing progress: 112640/206718
2026-10-01 18:12:58,877 - INFO - Prompt processing progress: 114688/206718
2026-10-01 18:12:59,637 - INFO - Prompt processing progress: 116736/206718
2026-10-01 18:13:00,408 - INFO - Prompt processing progress: 118784/206718
2026-10-01 18:13:01,179 - INFO - Prompt processing progress: 120832/206718
2026-10-01 18:13:01,965 - INFO - Prompt processing progress: 122880/206718
2026-10-01 18:13:02,762 - INFO - Prompt processing progress: 124928/206718
2026-10-01 18:13:03,567 - INFO - Prompt processing progress: 126976/206718
2026-10-01 18:13:04,385 - INFO - Prompt processing progress: 129024/206718
2026-10-01 18:13:05,207 - INFO - Prompt processing progress: 131072/206718
2026-10-01 18:13:06,047 - INFO - Prompt processing progress: 133120/206718
2026-10-01 18:13:06,893 - INFO - Prompt processing progress: 135168/206718
2026-10-01 18:13:07,749 - INFO - Prompt processing progress: 137216/206718
2026-10-01 18:13:08,614 - INFO - Prompt processing progress: 139264/206718
2026-10-01 18:13:09,493 - INFO - Prompt processing progress: 141312/206718
2026-10-01 18:13:10,384 - INFO - Prompt processing progress: 143360/206718
2026-10-01 18:13:11,268 - INFO - Prompt processing progress: 145408/206718
2026-10-01 18:13:12,165 - INFO - Prompt processing progress: 147456/206718
2026-10-01 18:13:13,082 - INFO - Prompt processing progress: 149504/206718
2026-10-01 18:13:14,002 - INFO - Prompt processing progress: 151552/206718
2026-10-01 18:13:14,935 - INFO - Prompt processing progress: 153600/206718
2026-10-01 18:13:15,879 - INFO - Prompt processing progress: 155648/206718
2026-10-01 18:13:16,826 - INFO - Prompt processing progress: 157696/206718
2026-10-01 18:13:17,785 - INFO - Prompt processing progress: 159744/206718
2026-10-01 18:13:18,760 - INFO - Prompt processing progress: 161792/206718
2026-10-01 18:13:19,748 - INFO - Prompt processing progress: 163840/206718
2026-10-01 18:13:20,745 - INFO - Prompt processing progress: 165888/206718
2026-10-01 18:13:21,750 - INFO - Prompt processing progress: 167936/206718
2026-10-01 18:13:22,762 - INFO - Prompt processing progress: 169984/206718
2026-10-01 18:13:23,785 - INFO - Prompt processing progress: 172032/206718
2026-10-01 18:13:24,813 - INFO - Prompt processing progress: 174080/206718
2026-10-01 18:13:25,857 - INFO - Prompt processing progress: 176128/206718
2026-10-01 18:13:26,905 - INFO - Prompt processing progress: 178176/206718
2026-10-01 18:13:27,956 - INFO - Prompt processing progress: 180224/206718
2026-10-01 18:13:29,028 - INFO - Prompt processing progress: 182272/206718
2026-10-01 18:13:30,107 - INFO - Prompt processing progress: 184320/206718
2026-10-01 18:13:31,195 - INFO - Prompt processing progress: 186368/206718
2026-10-01 18:13:32,295 - INFO - Prompt processing progress: 188416/206718
2026-10-01 18:13:33,391 - INFO - Prompt processing progress: 190464/206718
2026-10-01 18:13:34,504 - INFO - Prompt processing progress: 192512/206718
2026-10-01 18:13:35,622 - INFO - Prompt processing progress: 194560/206718
2026-10-01 18:13:36,762 - INFO - Prompt processing progress: 196608/206718
2026-10-01 18:13:37,909 - INFO - Prompt processing progress: 198656/206718
2026-10-01 18:13:39,062 - INFO - Prompt processing progress: 200704/206718
2026-10-01 18:13:40,230 - INFO - Prompt processing progress: 202752/206718
2026-10-01 18:13:41,401 - INFO - Prompt processing progress: 204800/206718
2026-10-01 18:13:42,487 - INFO - Prompt processing progress: 206717/206718
2026-10-01 18:13:42,516 - INFO - Prompt processing progress: 206718/206718
