ds4: Metal device Apple M5 Ultra, 256.00 GiB RAM
ds4: Metal 4 tensor API enabled for Tensor kernels
ds4: drift-patch flags hc_stable=on norm_unify=on kv_raw_f32=off rope_exp2_log2=off math_safe=off tensor_matmul=on
ds4: Metal model views created in 5.809 ms, residency requested in 873.175 ms, warmup 5.878 ms (mapped 157001.67 MiB from offset 5.09 MiB)
ds4: Metal mapped mmaped model as 1 overlapping shared buffers
ds4: metal backend initialized for graph diagnostics
ds4: memory: KV 2.20 GiB (raw 0.19 + compressed 2.01) + buffers 1.00 GiB + resident model 153.32 GiB = 156.52 GiB planned
ds4: memory detail: ctx=262144 prefill_cap=2048 raw_kv_rows=2304 compressed_kv_rows=65538 backend=metal
1002 11:30:12 ds4-server: context buffers 3274.64 MiB (ctx=262144, backend=metal, prefill_chunk=2048, raw_kv_rows=2304, compressed_kv_rows=65538)
1002 11:30:12 ds4-server: listening on http://127.0.0.1:18185
1002 11:30:12 ds4-server: chat ctx=0..200001:200001 prompt start
1002 11:30:12 ds4-server: chat ctx=0..200001:200001 prefill chunk 0/200001 (0.0%) chunk=0.00 t/s avg=0.00 t/s 0.000s
1002 11:30:14 ds4-server: chat ctx=0..200001:200001 prefill chunk 2048/200001 (1.0%) chunk=997.48 t/s avg=997.40 t/s 2.053s
1002 11:30:16 ds4-server: chat ctx=0..200001:200001 prefill chunk 4096/200001 (2.0%) chunk=954.18 t/s avg=975.31 t/s 4.200s
1002 11:30:18 ds4-server: chat ctx=0..200001:200001 prefill chunk 6144/200001 (3.1%) chunk=952.35 t/s avg=967.54 t/s 6.350s
1002 11:30:21 ds4-server: chat ctx=0..200001:200001 prefill chunk 8192/200001 (4.1%) chunk=948.48 t/s avg=962.70 t/s 8.509s
1002 11:30:23 ds4-server: chat ctx=0..200001:200001 prefill chunk 10240/200001 (5.1%) chunk=931.81 t/s avg=956.36 t/s 10.707s
1002 11:30:25 ds4-server: chat ctx=0..200001:200001 prefill chunk 12288/200001 (6.1%) chunk=926.37 t/s avg=951.23 t/s 12.918s
1002 11:30:27 ds4-server: chat ctx=0..200001:200001 prefill chunk 14336/200001 (7.2%) chunk=920.05 t/s avg=946.65 t/s 15.144s
1002 11:30:30 ds4-server: chat ctx=0..200001:200001 prefill chunk 16384/200001 (8.2%) chunk=915.03 t/s avg=942.57 t/s 17.382s
1002 11:30:32 ds4-server: chat ctx=0..200001:200001 prefill chunk 18432/200001 (9.2%) chunk=904.13 t/s avg=938.14 t/s 19.647s
1002 11:30:34 ds4-server: chat ctx=0..200001:200001 prefill chunk 20480/200001 (10.2%) chunk=895.55 t/s avg=933.70 t/s 21.934s
1002 11:30:36 ds4-server: chat ctx=0..200001:200001 prefill chunk 22528/200001 (11.3%) chunk=889.45 t/s avg=929.50 t/s 24.237s
1002 11:30:39 ds4-server: chat ctx=0..200001:200001 prefill chunk 24576/200001 (12.3%) chunk=883.14 t/s avg=925.45 t/s 26.556s
1002 11:30:41 ds4-server: chat ctx=0..200001:200001 prefill chunk 26624/200001 (13.3%) chunk=869.20 t/s avg=920.87 t/s 28.912s
1002 11:30:43 ds4-server: chat ctx=0..200001:200001 prefill chunk 28672/200001 (14.3%) chunk=866.00 t/s avg=916.72 t/s 31.277s
1002 11:30:46 ds4-server: chat ctx=0..200001:200001 prefill chunk 30720/200001 (15.4%) chunk=857.27 t/s avg=912.50 t/s 33.666s
1002 11:30:48 ds4-server: chat ctx=0..200001:200001 prefill chunk 32768/200001 (16.4%) chunk=853.87 t/s avg=908.60 t/s 36.064s
1002 11:30:51 ds4-server: chat ctx=0..200001:200001 prefill chunk 34816/200001 (17.4%) chunk=838.20 t/s avg=904.13 t/s 38.508s
1002 11:30:53 ds4-server: chat ctx=0..200001:200001 prefill chunk 36864/200001 (18.4%) chunk=834.32 t/s avg=899.95 t/s 40.962s
1002 11:30:56 ds4-server: chat ctx=0..200001:200001 prefill chunk 38912/200001 (19.5%) chunk=827.82 t/s avg=895.84 t/s 43.436s
1002 11:30:58 ds4-server: chat ctx=0..200001:200001 prefill chunk 40960/200001 (20.5%) chunk=823.81 t/s avg=891.94 t/s 45.922s
1002 11:31:01 ds4-server: chat ctx=0..200001:200001 prefill chunk 43008/200001 (21.5%) chunk=811.26 t/s avg=887.74 t/s 48.447s
1002 11:31:03 ds4-server: chat ctx=0..200001:200001 prefill chunk 45056/200001 (22.5%) chunk=806.95 t/s avg=883.72 t/s 50.985s
1002 11:31:06 ds4-server: chat ctx=0..200001:200001 prefill chunk 47104/200001 (23.6%) chunk=800.28 t/s avg=879.73 t/s 53.544s
1002 11:31:08 ds4-server: chat ctx=0..200001:200001 prefill chunk 49152/200001 (24.6%) chunk=797.83 t/s avg=875.98 t/s 56.111s
1002 11:31:11 ds4-server: chat ctx=0..200001:200001 prefill chunk 51200/200001 (25.6%) chunk=786.80 t/s avg=872.03 t/s 58.714s
1002 11:31:13 ds4-server: chat ctx=0..200001:200001 prefill chunk 53248/200001 (26.6%) chunk=782.27 t/s avg=868.20 t/s 61.332s
1002 11:31:16 ds4-server: chat ctx=0..200001:200001 prefill chunk 55296/200001 (27.6%) chunk=777.66 t/s avg=864.47 t/s 63.965s
1002 11:31:19 ds4-server: chat ctx=0..200001:200001 prefill chunk 57344/200001 (28.7%) chunk=773.46 t/s avg=860.85 t/s 66.613s
1002 11:31:21 ds4-server: chat ctx=0..200001:200001 prefill chunk 59392/200001 (29.7%) chunk=760.15 t/s avg=856.94 t/s 69.307s
1002 11:31:24 ds4-server: chat ctx=0..200001:200001 prefill chunk 61440/200001 (30.7%) chunk=757.39 t/s avg=853.20 t/s 72.011s
1002 11:31:27 ds4-server: chat ctx=0..200001:200001 prefill chunk 63488/200001 (31.7%) chunk=752.80 t/s avg=849.54 t/s 74.732s
1002 11:31:30 ds4-server: chat ctx=0..200001:200001 prefill chunk 65536/200001 (32.8%) chunk=750.44 t/s avg=846.05 t/s 77.461s
1002 11:31:32 ds4-server: chat ctx=0..200001:200001 prefill chunk 67584/200001 (33.8%) chunk=737.34 t/s avg=842.29 t/s 80.238s
1002 11:31:35 ds4-server: chat ctx=0..200001:200001 prefill chunk 69632/200001 (34.8%) chunk=734.25 t/s avg=838.66 t/s 83.028s
1002 11:31:38 ds4-server: chat ctx=0..200001:200001 prefill chunk 71680/200001 (35.8%) chunk=727.96 t/s avg=835.03 t/s 85.841s
1002 11:31:41 ds4-server: chat ctx=0..200001:200001 prefill chunk 73728/200001 (36.9%) chunk=726.30 t/s avg=831.57 t/s 88.661s
1002 11:31:44 ds4-server: chat ctx=0..200001:200001 prefill chunk 75776/200001 (37.9%) chunk=715.29 t/s avg=827.94 t/s 91.524s
1002 11:31:47 ds4-server: chat ctx=0..200001:200001 prefill chunk 77824/200001 (38.9%) chunk=712.98 t/s avg=824.44 t/s 94.396s
1002 11:31:49 ds4-server: chat ctx=0..200001:200001 prefill chunk 79872/200001 (39.9%) chunk=707.24 t/s avg=820.95 t/s 97.292s
1002 11:31:52 ds4-server: chat ctx=0..200001:200001 prefill chunk 81920/200001 (41.0%) chunk=704.70 t/s avg=817.58 t/s 100.198s
1002 11:31:55 ds4-server: chat ctx=0..200001:200001 prefill chunk 83968/200001 (42.0%) chunk=694.90 t/s avg=814.07 t/s 103.146s
1002 11:31:58 ds4-server: chat ctx=0..200001:200001 prefill chunk 86016/200001 (43.0%) chunk=692.23 t/s avg=810.67 t/s 106.104s
1002 11:32:01 ds4-server: chat ctx=0..200001:200001 prefill chunk 88064/200001 (44.0%) chunk=687.08 t/s avg=807.30 t/s 109.085s
1002 11:32:04 ds4-server: chat ctx=0..200001:200001 prefill chunk 90112/200001 (45.1%) chunk=685.67 t/s avg=804.06 t/s 112.072s
1002 11:32:07 ds4-server: chat ctx=0..200001:200001 prefill chunk 92160/200001 (46.1%) chunk=675.49 t/s avg=800.67 t/s 115.104s
1002 11:32:10 ds4-server: chat ctx=0..200001:200001 prefill chunk 94208/200001 (47.1%) chunk=674.71 t/s avg=797.43 t/s 118.139s
1002 11:32:13 ds4-server: chat ctx=0..200001:200001 prefill chunk 96256/200001 (48.1%) chunk=669.24 t/s avg=794.20 t/s 121.199s
1002 11:32:16 ds4-server: chat ctx=0..200001:200001 prefill chunk 98304/200001 (49.2%) chunk=668.09 t/s avg=791.09 t/s 124.265s
1002 11:32:20 ds4-server: chat ctx=0..200001:200001 prefill chunk 100352/200001 (50.2%) chunk=658.36 t/s avg=787.84 t/s 127.376s
1002 11:32:23 ds4-server: chat ctx=0..200001:200001 prefill chunk 102400/200001 (51.2%) chunk=655.81 t/s avg=784.68 t/s 130.498s
1002 11:32:26 ds4-server: chat ctx=0..200001:200001 prefill chunk 104448/200001 (52.2%) chunk=651.37 t/s avg=781.55 t/s 133.643s
1002 11:32:29 ds4-server: chat ctx=0..200001:200001 prefill chunk 106496/200001 (53.2%) chunk=649.63 t/s avg=778.51 t/s 136.795s
1002 11:32:32 ds4-server: chat ctx=0..200001:200001 prefill chunk 108544/200001 (54.3%) chunk=641.93 t/s avg=775.40 t/s 139.985s
1002 11:32:35 ds4-server: chat ctx=0..200001:200001 prefill chunk 110592/200001 (55.3%) chunk=639.65 t/s avg=772.36 t/s 143.187s
1002 11:32:39 ds4-server: chat ctx=0..200001:200001 prefill chunk 112640/200001 (56.3%) chunk=634.54 t/s avg=769.32 t/s 146.415s
1002 11:32:42 ds4-server: chat ctx=0..200001:200001 prefill chunk 114688/200001 (57.3%) chunk=632.62 t/s avg=766.36 t/s 149.652s
1002 11:32:45 ds4-server: chat ctx=0..200001:200001 prefill chunk 116736/200001 (58.4%) chunk=624.55 t/s avg=763.32 t/s 152.931s
1002 11:32:48 ds4-server: chat ctx=0..200001:200001 prefill chunk 118784/200001 (59.4%) chunk=624.26 t/s avg=760.40 t/s 156.212s
1002 11:32:52 ds4-server: chat ctx=0..200001:200001 prefill chunk 120832/200001 (60.4%) chunk=618.63 t/s avg=757.46 t/s 159.522s
1002 11:32:55 ds4-server: chat ctx=0..200001:200001 prefill chunk 122880/200001 (61.4%) chunk=617.99 t/s avg=754.62 t/s 162.836s
1002 11:32:58 ds4-server: chat ctx=0..200001:200001 prefill chunk 124928/200001 (62.5%) chunk=610.07 t/s avg=751.70 t/s 166.193s
1002 11:33:02 ds4-server: chat ctx=0..200001:200001 prefill chunk 126976/200001 (63.5%) chunk=608.24 t/s avg=748.85 t/s 169.560s
1002 11:33:05 ds4-server: chat ctx=0..200001:200001 prefill chunk 129024/200001 (64.5%) chunk=604.35 t/s avg=746.02 t/s 172.949s
1002 11:33:08 ds4-server: chat ctx=0..200001:200001 prefill chunk 131072/200001 (65.5%) chunk=602.39 t/s avg=743.25 t/s 176.349s
1002 11:33:12 ds4-server: chat ctx=0..200001:200001 prefill chunk 133120/200001 (66.6%) chunk=591.42 t/s avg=740.33 t/s 179.812s
1002 11:33:15 ds4-server: chat ctx=0..200001:200001 prefill chunk 135168/200001 (67.6%) chunk=589.93 t/s avg=737.48 t/s 183.283s
1002 11:33:19 ds4-server: chat ctx=0..200001:200001 prefill chunk 137216/200001 (68.6%) chunk=585.58 t/s avg=734.64 t/s 186.781s
1002 11:33:22 ds4-server: chat ctx=0..200001:200001 prefill chunk 139264/200001 (69.6%) chunk=584.99 t/s avg=731.88 t/s 190.282s
1002 11:33:26 ds4-server: chat ctx=0..200001:200001 prefill chunk 141312/200001 (70.7%) chunk=577.71 t/s avg=729.06 t/s 193.827s
1002 11:33:30 ds4-server: chat ctx=0..200001:200001 prefill chunk 143360/200001 (71.7%) chunk=577.07 t/s avg=726.33 t/s 197.376s
1002 11:33:33 ds4-server: chat ctx=0..200001:200001 prefill chunk 145408/200001 (72.7%) chunk=572.96 t/s avg=723.60 t/s 200.950s
1002 11:33:37 ds4-server: chat ctx=0..200001:200001 prefill chunk 147456/200001 (73.7%) chunk=571.06 t/s avg=720.93 t/s 204.536s
1002 11:33:40 ds4-server: chat ctx=0..200001:200001 prefill chunk 149504/200001 (74.8%) chunk=564.79 t/s avg=718.21 t/s 208.163s
1002 11:33:44 ds4-server: chat ctx=0..200001:200001 prefill chunk 151552/200001 (75.8%) chunk=563.65 t/s avg=715.56 t/s 211.796s
1002 11:33:48 ds4-server: chat ctx=0..200001:200001 prefill chunk 153600/200001 (76.8%) chunk=560.01 t/s avg=712.92 t/s 215.453s
1002 11:33:51 ds4-server: chat ctx=0..200001:200001 prefill chunk 155648/200001 (77.8%) chunk=558.86 t/s avg=710.34 t/s 219.118s
1002 11:33:55 ds4-server: chat ctx=0..200001:200001 prefill chunk 157696/200001 (78.8%) chunk=552.30 t/s avg=707.71 t/s 222.826s
1002 11:33:59 ds4-server: chat ctx=0..200001:200001 prefill chunk 159744/200001 (79.9%) chunk=551.34 t/s avg=705.15 t/s 226.540s
1002 11:34:02 ds4-server: chat ctx=0..200001:200001 prefill chunk 161792/200001 (80.9%) chunk=547.86 t/s avg=702.59 t/s 230.279s
1002 11:34:06 ds4-server: chat ctx=0..200001:200001 prefill chunk 163840/200001 (81.9%) chunk=546.50 t/s avg=700.09 t/s 234.026s
1002 11:34:10 ds4-server: chat ctx=0..200001:200001 prefill chunk 165888/200001 (82.9%) chunk=540.14 t/s avg=697.54 t/s 237.818s
1002 11:34:14 ds4-server: chat ctx=0..200001:200001 prefill chunk 167936/200001 (84.0%) chunk=538.94 t/s avg=695.05 t/s 241.618s
1002 11:34:18 ds4-server: chat ctx=0..200001:200001 prefill chunk 169984/200001 (85.0%) chunk=535.87 t/s avg=692.57 t/s 245.440s
1002 11:34:21 ds4-server: chat ctx=0..200001:200001 prefill chunk 172032/200001 (86.0%) chunk=534.39 t/s avg=690.14 t/s 249.272s
1002 11:34:25 ds4-server: chat ctx=0..200001:200001 prefill chunk 174080/200001 (87.0%) chunk=529.02 t/s avg=687.67 t/s 253.143s
1002 11:34:29 ds4-server: chat ctx=0..200001:200001 prefill chunk 176128/200001 (88.1%) chunk=527.78 t/s avg=685.26 t/s 257.024s
1002 11:34:33 ds4-server: chat ctx=0..200001:200001 prefill chunk 178176/200001 (89.1%) chunk=524.39 t/s avg=682.85 t/s 260.929s
1002 11:34:37 ds4-server: chat ctx=0..200001:200001 prefill chunk 180224/200001 (90.1%) chunk=523.38 t/s avg=680.50 t/s 264.842s
1002 11:34:41 ds4-server: chat ctx=0..200001:200001 prefill chunk 182272/200001 (91.1%) chunk=517.09 t/s avg=678.09 t/s 268.803s
1002 11:34:45 ds4-server: chat ctx=0..200001:200001 prefill chunk 184320/200001 (92.2%) chunk=516.10 t/s avg=675.73 t/s 272.771s
1002 11:34:49 ds4-server: chat ctx=0..200001:200001 prefill chunk 186368/200001 (93.2%) chunk=512.97 t/s avg=673.38 t/s 276.764s
1002 11:34:53 ds4-server: chat ctx=0..200001:200001 prefill chunk 188416/200001 (94.2%) chunk=511.69 t/s avg=671.08 t/s 280.766s
1002 11:34:57 ds4-server: chat ctx=0..200001:200001 prefill chunk 190464/200001 (95.2%) chunk=506.25 t/s avg=668.74 t/s 284.811s
1002 11:35:01 ds4-server: chat ctx=0..200001:200001 prefill chunk 192512/200001 (96.3%) chunk=505.59 t/s avg=666.45 t/s 288.862s
1002 11:35:05 ds4-server: chat ctx=0..200001:200001 prefill chunk 194560/200001 (97.3%) chunk=502.04 t/s avg=664.16 t/s 292.941s
1002 11:35:09 ds4-server: chat ctx=0..200001:200001 prefill chunk 196608/200001 (98.3%) chunk=501.54 t/s avg=661.92 t/s 297.025s
1002 11:35:13 ds4-server: chat ctx=0..200001:200001 prefill chunk 198656/200001 (99.3%) chunk=495.66 t/s avg=659.64 t/s 301.157s
1002 11:35:17 ds4-server: chat ctx=0..200001:200001 prefill chunk 200001/200001 (100.0%) chunk=342.55 t/s avg=655.56 t/s 305.083s
1002 11:35:17 ds4-server: chat ctx=0..200001:200001 prompt done 305.084s
1002 11:35:18 ds4-server: chat ctx=200001..200019:18 gen=18 decoding chunk=36.57 t/s avg=36.57 t/s 0.492s
1002 11:35:18 ds4-server: chat ctx=0..200001:200001 gen=18 finish=stop 305.576s
1002 11:35:18 ds4-server: chat ctx=200019..203949:3930 prompt start
1002 11:35:18 ds4-server: chat ctx=200019..203949:3930 prefill chunk 0/3930 (0.0%) chunk=0.00 t/s avg=0.00 t/s 0.000s
1002 11:35:20 ds4-server: chat ctx=200019..203949:3930 prefill chunk 685/3930 (17.4%) chunk=304.82 t/s avg=304.80 t/s 2.247s
1002 11:35:24 ds4-server: chat ctx=200019..203949:3930 prefill chunk 2733/3930 (69.5%) chunk=492.81 t/s avg=426.82 t/s 6.403s
1002 11:35:28 ds4-server: chat ctx=200019..203949:3930 prefill chunk 3930/3930 (100.0%) chunk=334.57 t/s avg=393.75 t/s 9.981s
1002 11:35:28 ds4-server: chat ctx=200019..203949:3930 prompt done 9.981s
1002 11:35:29 ds4-server: chat ctx=203949..203999:50 gen=50 decoding chunk=37.04 t/s avg=37.04 t/s 1.350s
1002 11:35:30 ds4-server: chat ctx=203999..204049:50 gen=100 decoding chunk=37.25 t/s avg=37.14 t/s 2.692s
1002 11:35:32 ds4-server: chat ctx=204049..204099:50 gen=150 decoding chunk=37.30 t/s avg=37.19 t/s 4.033s
1002 11:35:33 ds4-server: chat ctx=204099..204149:50 gen=200 decoding chunk=37.33 t/s avg=37.23 t/s 5.372s
1002 11:35:33 ds4-server: chat ctx=204149..204151:2 gen=202 decoding chunk=37.02 t/s avg=37.23 t/s 5.426s
1002 11:35:33 ds4-server: chat ctx=200019..203949:3930 gen=202 finish=stop 15.408s
1002 11:35:33 ds4-server: chat ctx=204151..204170:19 prompt start
1002 11:35:33 ds4-server: chat ctx=204151..204170:19 prefill chunk 0/19 (0.0%) chunk=0.00 t/s avg=0.00 t/s 0.000s
1002 11:35:34 ds4-server: chat ctx=204151..204170:19 prefill chunk 19/19 (100.0%) chunk=74.97 t/s avg=74.91 t/s 0.254s
1002 11:35:34 ds4-server: chat ctx=204151..204170:19 prompt done 0.254s
1002 11:35:34 ds4-server: chat ctx=204170..204175:5 gen=5 decoding chunk=36.77 t/s avg=36.77 t/s 0.136s
1002 11:35:34 ds4-server: chat ctx=204151..204170:19 gen=5 finish=stop 0.390s
1002 11:35:38 ds4-server: shutdown requested, draining requests
