<M5_REPO>/.venv/lib/python3.12/site-packages/mlx_lm/server.py:1723: UserWarning: mlx_lm.server is not recommended for production as it only implements basic security checks.
  warnings.warn(
2026-10-02 15:58:47,477 - INFO - Starting httpd at 127.0.0.1 on port 18185...
127.0.0.1 - - [02/Oct/2026 15:58:47] "GET /v1/models HTTP/1.1" 200 -
127.0.0.1 - - [02/Oct/2026 15:58:54] "POST /v1/chat/completions HTTP/1.1" 200 -
2026-10-02 15:58:54,788 - INFO - Prompt Cache: 0 sequences, 0.00 GB
2026-10-02 15:58:54,788 - INFO - - assistant: 0 sequences, 0.00 GB
2026-10-02 15:58:54,788 - INFO - - user: 0 sequences, 0.00 GB
2026-10-02 15:58:54,788 - INFO - - system: 0 sequences, 0.00 GB
2026-10-02 15:58:54,876 - INFO - Prompt processing progress: 0/200020
2026-10-02 15:58:56,291 - INFO - Prompt processing progress: 2048/200020
2026-10-02 15:58:57,461 - INFO - Prompt processing progress: 4096/200020
2026-10-02 15:58:58,653 - INFO - Prompt processing progress: 6144/200020
2026-10-02 15:58:59,868 - INFO - Prompt processing progress: 8192/200020
2026-10-02 15:59:01,099 - INFO - Prompt processing progress: 10240/200020
2026-10-02 15:59:02,351 - INFO - Prompt processing progress: 12288/200020
2026-10-02 15:59:03,626 - INFO - Prompt processing progress: 14336/200020
2026-10-02 15:59:04,920 - INFO - Prompt processing progress: 16384/200020
2026-10-02 15:59:06,235 - INFO - Prompt processing progress: 18432/200020
2026-10-02 15:59:07,567 - INFO - Prompt processing progress: 20480/200020
2026-10-02 15:59:08,922 - INFO - Prompt processing progress: 22528/200020
2026-10-02 15:59:10,294 - INFO - Prompt processing progress: 24576/200020
2026-10-02 15:59:11,697 - INFO - Prompt processing progress: 26624/200020
2026-10-02 15:59:13,125 - INFO - Prompt processing progress: 28672/200020
2026-10-02 15:59:14,567 - INFO - Prompt processing progress: 30720/200020
2026-10-02 15:59:16,037 - INFO - Prompt processing progress: 32768/200020
2026-10-02 15:59:17,535 - INFO - Prompt processing progress: 34816/200020
2026-10-02 15:59:19,045 - INFO - Prompt processing progress: 36864/200020
2026-10-02 15:59:20,582 - INFO - Prompt processing progress: 38912/200020
2026-10-02 15:59:22,152 - INFO - Prompt processing progress: 40960/200020
2026-10-02 15:59:23,743 - INFO - Prompt processing progress: 43008/200020
2026-10-02 15:59:25,351 - INFO - Prompt processing progress: 45056/200020
2026-10-02 15:59:26,965 - INFO - Prompt processing progress: 47104/200020
2026-10-02 15:59:28,596 - INFO - Prompt processing progress: 49152/200020
2026-10-02 15:59:30,257 - INFO - Prompt processing progress: 51200/200020
2026-10-02 15:59:31,952 - INFO - Prompt processing progress: 53248/200020
2026-10-02 15:59:33,652 - INFO - Prompt processing progress: 55296/200020
2026-10-02 15:59:35,373 - INFO - Prompt processing progress: 57344/200020
2026-10-02 15:59:37,129 - INFO - Prompt processing progress: 59392/200020
2026-10-02 15:59:38,885 - INFO - Prompt processing progress: 61440/200020
2026-10-02 15:59:40,662 - INFO - Prompt processing progress: 63488/200020
2026-10-02 15:59:42,469 - INFO - Prompt processing progress: 65536/200020
2026-10-02 15:59:44,310 - INFO - Prompt processing progress: 67584/200020
2026-10-02 15:59:46,157 - INFO - Prompt processing progress: 69632/200020
2026-10-02 15:59:48,020 - INFO - Prompt processing progress: 71680/200020
2026-10-02 15:59:49,919 - INFO - Prompt processing progress: 73728/200020
2026-10-02 15:59:51,865 - INFO - Prompt processing progress: 75776/200020
2026-10-02 15:59:53,834 - INFO - Prompt processing progress: 77824/200020
2026-10-02 15:59:55,824 - INFO - Prompt processing progress: 79872/200020
2026-10-02 15:59:57,781 - INFO - Prompt processing progress: 81920/200020
2026-10-02 15:59:59,796 - INFO - Prompt processing progress: 83968/200020
2026-10-02 16:00:01,854 - INFO - Prompt processing progress: 86016/200020
2026-10-02 16:00:03,909 - INFO - Prompt processing progress: 88064/200020
2026-10-02 16:00:05,992 - INFO - Prompt processing progress: 90112/200020
2026-10-02 16:00:08,066 - INFO - Prompt processing progress: 92160/200020
2026-10-02 16:00:10,159 - INFO - Prompt processing progress: 94208/200020
2026-10-02 16:00:12,284 - INFO - Prompt processing progress: 96256/200020
2026-10-02 16:00:14,464 - INFO - Prompt processing progress: 98304/200020
2026-10-02 16:00:16,643 - INFO - Prompt processing progress: 100352/200020
2026-10-02 16:00:18,811 - INFO - Prompt processing progress: 102400/200020
2026-10-02 16:00:20,987 - INFO - Prompt processing progress: 104448/200020
2026-10-02 16:00:23,192 - INFO - Prompt processing progress: 106496/200020
2026-10-02 16:00:25,429 - INFO - Prompt processing progress: 108544/200020
2026-10-02 16:00:27,685 - INFO - Prompt processing progress: 110592/200020
2026-10-02 16:00:29,973 - INFO - Prompt processing progress: 112640/200020
2026-10-02 16:00:32,291 - INFO - Prompt processing progress: 114688/200020
2026-10-02 16:00:34,592 - INFO - Prompt processing progress: 116736/200020
2026-10-02 16:00:36,933 - INFO - Prompt processing progress: 118784/200020
2026-10-02 16:00:39,332 - INFO - Prompt processing progress: 120832/200020
2026-10-02 16:00:41,779 - INFO - Prompt processing progress: 122880/200020
2026-10-02 16:00:44,235 - INFO - Prompt processing progress: 124928/200020
2026-10-02 16:00:46,696 - INFO - Prompt processing progress: 126976/200020
2026-10-02 16:00:49,152 - INFO - Prompt processing progress: 129024/200020
2026-10-02 16:00:51,668 - INFO - Prompt processing progress: 131072/200020
2026-10-02 16:00:54,180 - INFO - Prompt processing progress: 133120/200020
2026-10-02 16:00:56,679 - INFO - Prompt processing progress: 135168/200020
2026-10-02 16:00:59,245 - INFO - Prompt processing progress: 137216/200020
2026-10-02 16:01:01,851 - INFO - Prompt processing progress: 139264/200020
2026-10-02 16:01:04,485 - INFO - Prompt processing progress: 141312/200020
2026-10-02 16:01:07,114 - INFO - Prompt processing progress: 143360/200020
2026-10-02 16:01:09,763 - INFO - Prompt processing progress: 145408/200020
2026-10-02 16:01:12,446 - INFO - Prompt processing progress: 147456/200020
2026-10-02 16:01:15,091 - INFO - Prompt processing progress: 149504/200020
2026-10-02 16:01:17,812 - INFO - Prompt processing progress: 151552/200020
2026-10-02 16:01:20,473 - INFO - Prompt processing progress: 153600/200020
2026-10-02 16:01:23,253 - INFO - Prompt processing progress: 155648/200020
2026-10-02 16:01:26,047 - INFO - Prompt processing progress: 157696/200020
2026-10-02 16:01:28,830 - INFO - Prompt processing progress: 159744/200020
2026-10-02 16:01:31,601 - INFO - Prompt processing progress: 161792/200020
2026-10-02 16:01:34,446 - INFO - Prompt processing progress: 163840/200020
2026-10-02 16:01:37,251 - INFO - Prompt processing progress: 165888/200020
2026-10-02 16:01:40,159 - INFO - Prompt processing progress: 167936/200020
2026-10-02 16:01:43,053 - INFO - Prompt processing progress: 169984/200020
2026-10-02 16:01:46,069 - INFO - Prompt processing progress: 172032/200020
2026-10-02 16:01:49,109 - INFO - Prompt processing progress: 174080/200020
2026-10-02 16:01:52,088 - INFO - Prompt processing progress: 176128/200020
2026-10-02 16:01:55,004 - INFO - Prompt processing progress: 178176/200020
2026-10-02 16:01:57,966 - INFO - Prompt processing progress: 180224/200020
2026-10-02 16:02:00,907 - INFO - Prompt processing progress: 182272/200020
2026-10-02 16:02:03,937 - INFO - Prompt processing progress: 184320/200020
2026-10-02 16:02:07,018 - INFO - Prompt processing progress: 186368/200020
2026-10-02 16:02:10,099 - INFO - Prompt processing progress: 188416/200020
2026-10-02 16:02:13,185 - INFO - Prompt processing progress: 190464/200020
2026-10-02 16:02:16,288 - INFO - Prompt processing progress: 192512/200020
2026-10-02 16:02:19,453 - INFO - Prompt processing progress: 194560/200020
2026-10-02 16:02:22,663 - INFO - Prompt processing progress: 196608/200020
2026-10-02 16:02:25,872 - INFO - Prompt processing progress: 198656/200020
2026-10-02 16:02:28,280 - INFO - Prompt processing progress: 200019/200020
2026-10-02 16:02:28,389 - INFO - Prompt processing progress: 200020/200020
127.0.0.1 - - [02/Oct/2026 16:02:29] "POST /v1/chat/completions HTTP/1.1" 200 -
2026-10-02 16:02:29,247 - INFO - Prompt Cache: 1 sequences, 13.27 GB
2026-10-02 16:02:29,247 - INFO - - assistant: 1 sequences, 13.27 GB
2026-10-02 16:02:29,247 - INFO - - user: 0 sequences, 0.00 GB
2026-10-02 16:02:29,247 - INFO - - system: 0 sequences, 0.00 GB
2026-10-02 16:02:29,347 - INFO - Prompt processing progress: 0/3645
2026-10-02 16:02:32,676 - INFO - Prompt processing progress: 2048/3645
2026-10-02 16:02:35,397 - INFO - Prompt processing progress: 3644/3645
2026-10-02 16:02:35,509 - INFO - Prompt processing progress: 3645/3645
127.0.0.1 - - [02/Oct/2026 16:02:36] "POST /v1/chat/completions HTTP/1.1" 200 -
2026-10-02 16:02:36,313 - INFO - Prompt Cache: 1 sequences, 13.52 GB
2026-10-02 16:02:36,313 - INFO - - assistant: 1 sequences, 13.52 GB
2026-10-02 16:02:36,313 - INFO - - user: 0 sequences, 0.00 GB
2026-10-02 16:02:36,313 - INFO - - system: 0 sequences, 0.00 GB
2026-10-02 16:02:36,411 - INFO - Prompt processing progress: 0/3515
2026-10-02 16:02:39,779 - INFO - Prompt processing progress: 2048/3515
2026-10-02 16:02:42,277 - INFO - Prompt processing progress: 3514/3515
2026-10-02 16:02:42,383 - INFO - Prompt processing progress: 3515/3515
127.0.0.1 - - [02/Oct/2026 16:02:43] "POST /v1/chat/completions HTTP/1.1" 200 -
2026-10-02 16:02:43,240 - INFO - Prompt Cache: 1 sequences, 13.74 GB
2026-10-02 16:02:43,240 - INFO - - assistant: 1 sequences, 13.74 GB
2026-10-02 16:02:43,240 - INFO - - user: 0 sequences, 0.00 GB
2026-10-02 16:02:43,240 - INFO - - system: 0 sequences, 0.00 GB
2026-10-02 16:02:43,357 - INFO - Prompt processing progress: 0/823
2026-10-02 16:02:45,742 - INFO - Prompt processing progress: 822/823
2026-10-02 16:02:45,868 - INFO - Prompt processing progress: 823/823
127.0.0.1 - - [02/Oct/2026 16:02:48] "POST /v1/chat/completions HTTP/1.1" 200 -
2026-10-02 16:02:48,430 - INFO - Prompt Cache: 1 sequences, 13.80 GB
2026-10-02 16:02:48,430 - INFO - - assistant: 1 sequences, 13.80 GB
2026-10-02 16:02:48,430 - INFO - - user: 0 sequences, 0.00 GB
2026-10-02 16:02:48,430 - INFO - - system: 0 sequences, 0.00 GB
2026-10-02 16:02:48,529 - INFO - Prompt processing progress: 0/520
2026-10-02 16:02:50,273 - INFO - Prompt processing progress: 519/520
2026-10-02 16:02:50,388 - INFO - Prompt processing progress: 520/520
127.0.0.1 - - [02/Oct/2026 16:02:51] "POST /v1/chat/completions HTTP/1.1" 200 -
2026-10-02 16:02:51,205 - INFO - Prompt Cache: 1 sequences, 13.84 GB
2026-10-02 16:02:51,205 - INFO - - assistant: 1 sequences, 13.84 GB
2026-10-02 16:02:51,205 - INFO - - user: 0 sequences, 0.00 GB
2026-10-02 16:02:51,205 - INFO - - system: 0 sequences, 0.00 GB
2026-10-02 16:02:51,303 - INFO - Prompt processing progress: 0/7493
2026-10-02 16:02:54,709 - INFO - Prompt processing progress: 2048/7493
2026-10-02 16:02:58,180 - INFO - Prompt processing progress: 4096/7493
2026-10-02 16:03:01,678 - INFO - Prompt processing progress: 6144/7493
2026-10-02 16:03:04,213 - INFO - Prompt processing progress: 7492/7493
2026-10-02 16:03:04,308 - INFO - Prompt processing progress: 7493/7493
127.0.0.1 - - [02/Oct/2026 16:03:05] "POST /v1/chat/completions HTTP/1.1" 200 -
2026-10-02 16:03:05,322 - INFO - Prompt Cache: 1 sequences, 14.33 GB
2026-10-02 16:03:05,322 - INFO - - assistant: 1 sequences, 14.33 GB
2026-10-02 16:03:05,322 - INFO - - user: 0 sequences, 0.00 GB
2026-10-02 16:03:05,322 - INFO - - system: 0 sequences, 0.00 GB
2026-10-02 16:03:05,421 - INFO - Prompt processing progress: 0/25
2026-10-02 16:03:05,699 - INFO - Prompt processing progress: 24/25
2026-10-02 16:03:05,806 - INFO - Prompt processing progress: 25/25
127.0.0.1 - - [02/Oct/2026 16:03:07] "POST /v1/chat/completions HTTP/1.1" 200 -
2026-10-02 16:03:07,438 - INFO - Prompt Cache: 1 sequences, 14.33 GB
2026-10-02 16:03:07,438 - INFO - - assistant: 1 sequences, 14.33 GB
2026-10-02 16:03:07,438 - INFO - - user: 0 sequences, 0.00 GB
2026-10-02 16:03:07,438 - INFO - - system: 0 sequences, 0.00 GB
2026-10-02 16:03:07,539 - INFO - Prompt processing progress: 0/267
2026-10-02 16:03:08,420 - INFO - Prompt processing progress: 266/267
2026-10-02 16:03:08,536 - INFO - Prompt processing progress: 267/267
