<repo>/vendor/vlm-runtime/.venv/lib/python3.12/site-packages/mlx_lm/server.py:1723: UserWarning: mlx_lm.server is not recommended for production as it only implements basic security checks.
  warnings.warn(
2026-10-01 18:41:01,752 - INFO - Starting httpd at 127.0.0.1 on port 18184...
127.0.0.1 - - [01/Oct/2026 18:41:02] "GET /v1/models HTTP/1.1" 200 -
127.0.0.1 - - [01/Oct/2026 18:41:02] "GET /v1/models HTTP/1.1" 200 -
2026-10-01 18:41:03,089 - INFO - Prompt Cache: 0 sequences, 0.00 GB
2026-10-01 18:41:03,089 - INFO - - assistant: 0 sequences, 0.00 GB
2026-10-01 18:41:03,089 - INFO - - user: 0 sequences, 0.00 GB
2026-10-01 18:41:03,089 - INFO - - system: 0 sequences, 0.00 GB
127.0.0.1 - - [01/Oct/2026 18:41:03] "POST /v1/chat/completions HTTP/1.1" 200 -
2026-10-01 18:41:03,401 - INFO - Prompt processing progress: 756/778
2026-10-01 18:41:03,463 - INFO - Prompt processing progress: 776/778
2026-10-01 18:41:03,514 - INFO - Prompt processing progress: 777/778
2026-10-01 18:41:04,025 - INFO - Prompt processing progress: 778/778
2026-10-01 18:41:04,958 - INFO - Prompt Cache: 1 sequences, 0.08 GB
2026-10-01 18:41:04,958 - INFO - - assistant: 0 sequences, 0.00 GB
2026-10-01 18:41:04,958 - INFO - - user: 0 sequences, 0.00 GB
2026-10-01 18:41:04,958 - INFO - - system: 1 sequences, 0.08 GB
127.0.0.1 - - [01/Oct/2026 18:41:04] "POST /v1/chat/completions HTTP/1.1" 200 -
2026-10-01 18:41:05,102 - INFO - Prompt processing progress: 143/145
2026-10-01 18:41:05,115 - INFO - Prompt processing progress: 144/145
2026-10-01 18:41:05,129 - INFO - Prompt processing progress: 145/145
2026-10-01 18:41:06,184 - INFO - Prompt Cache: 1 sequences, 0.08 GB
2026-10-01 18:41:06,184 - INFO - - assistant: 0 sequences, 0.00 GB
2026-10-01 18:41:06,184 - INFO - - user: 0 sequences, 0.00 GB
2026-10-01 18:41:06,185 - INFO - - system: 1 sequences, 0.08 GB
127.0.0.1 - - [01/Oct/2026 18:41:06] "POST /v1/chat/completions HTTP/1.1" 200 -
2026-10-01 18:41:06,340 - INFO - Prompt processing progress: 251/253
2026-10-01 18:41:06,353 - INFO - Prompt processing progress: 252/253
2026-10-01 18:41:06,368 - INFO - Prompt processing progress: 253/253
2026-10-01 18:41:07,304 - INFO - Prompt Cache: 1 sequences, 0.08 GB
2026-10-01 18:41:07,304 - INFO - - assistant: 0 sequences, 0.00 GB
2026-10-01 18:41:07,304 - INFO - - user: 0 sequences, 0.00 GB
2026-10-01 18:41:07,304 - INFO - - system: 1 sequences, 0.08 GB
127.0.0.1 - - [01/Oct/2026 18:41:07] "POST /v1/chat/completions HTTP/1.1" 200 -
2026-10-01 18:41:07,467 - INFO - Prompt processing progress: 362/364
2026-10-01 18:41:07,481 - INFO - Prompt processing progress: 363/364
2026-10-01 18:41:07,496 - INFO - Prompt processing progress: 364/364
2026-10-01 18:41:09,479 - INFO - Prompt Cache: 1 sequences, 0.08 GB
2026-10-01 18:41:09,479 - INFO - - assistant: 0 sequences, 0.00 GB
2026-10-01 18:41:09,479 - INFO - - user: 0 sequences, 0.00 GB
2026-10-01 18:41:09,479 - INFO - - system: 1 sequences, 0.08 GB
127.0.0.1 - - [01/Oct/2026 18:41:09] "POST /v1/chat/completions HTTP/1.1" 200 -
2026-10-01 18:41:09,661 - INFO - Prompt processing progress: 540/542
2026-10-01 18:41:09,676 - INFO - Prompt processing progress: 541/542
2026-10-01 18:41:09,692 - INFO - Prompt processing progress: 542/542
2026-10-01 18:41:11,121 - INFO - Prompt Cache: 1 sequences, 0.08 GB
2026-10-01 18:41:11,121 - INFO - - assistant: 0 sequences, 0.00 GB
2026-10-01 18:41:11,121 - INFO - - user: 0 sequences, 0.00 GB
2026-10-01 18:41:11,121 - INFO - - system: 1 sequences, 0.08 GB
127.0.0.1 - - [01/Oct/2026 18:41:11] "POST /v1/chat/completions HTTP/1.1" 200 -
2026-10-01 18:41:11,257 - INFO - Prompt processing progress: 131/832
2026-10-01 18:41:11,361 - INFO - Prompt processing progress: 830/832
2026-10-01 18:41:11,374 - INFO - Prompt processing progress: 831/832
2026-10-01 18:41:11,391 - INFO - Prompt processing progress: 832/832
