<M5_REPO>/.venv/lib/python3.12/site-packages/mlx_lm/server.py:1723: UserWarning: mlx_lm.server is not recommended for production as it only implements basic security checks.
  warnings.warn(
2026-10-02 01:55:49,186 - INFO - Starting httpd at 127.0.0.1 on port 18185...
127.0.0.1 - - [02/Oct/2026 01:55:49] "GET /v1/models HTTP/1.1" 200 -
127.0.0.1 - - [02/Oct/2026 01:55:50] "POST /v1/chat/completions HTTP/1.1" 200 -
2026-10-02 01:55:50,387 - INFO - Prompt Cache: 0 sequences, 0.00 GB
2026-10-02 01:55:50,387 - INFO - - assistant: 0 sequences, 0.00 GB
2026-10-02 01:55:50,387 - INFO - - user: 0 sequences, 0.00 GB
2026-10-02 01:55:50,387 - INFO - - system: 0 sequences, 0.00 GB
2026-10-02 01:55:50,469 - INFO - Prompt processing progress: 0/32
2026-10-02 01:55:50,557 - INFO - Prompt processing progress: 31/32
2026-10-02 01:55:50,616 - INFO - Prompt processing progress: 32/32
127.0.0.1 - - [02/Oct/2026 01:55:50] "POST /v1/chat/completions HTTP/1.1" 200 -
2026-10-02 01:55:50,875 - INFO - Prompt Cache: 0 sequences, 0.00 GB
2026-10-02 01:55:50,875 - INFO - - assistant: 0 sequences, 0.00 GB
2026-10-02 01:55:50,875 - INFO - - user: 0 sequences, 0.00 GB
2026-10-02 01:55:50,875 - INFO - - system: 0 sequences, 0.00 GB
2026-10-02 01:55:50,959 - INFO - Prompt processing progress: 0/44
2026-10-02 01:55:51,058 - INFO - Prompt processing progress: 43/44
2026-10-02 01:55:51,117 - INFO - Prompt processing progress: 44/44
127.0.0.1 - - [02/Oct/2026 01:55:52] "POST /v1/chat/completions HTTP/1.1" 200 -
2026-10-02 01:55:52,061 - INFO - Prompt Cache: 0 sequences, 0.00 GB
2026-10-02 01:55:52,061 - INFO - - assistant: 0 sequences, 0.00 GB
2026-10-02 01:55:52,061 - INFO - - user: 0 sequences, 0.00 GB
2026-10-02 01:55:52,061 - INFO - - system: 0 sequences, 0.00 GB
2026-10-02 01:55:52,142 - INFO - Prompt processing progress: 0/41
2026-10-02 01:55:52,240 - INFO - Prompt processing progress: 40/41
2026-10-02 01:55:52,299 - INFO - Prompt processing progress: 41/41
127.0.0.1 - - [02/Oct/2026 01:55:52] "POST /v1/chat/completions HTTP/1.1" 200 -
2026-10-02 01:55:52,590 - INFO - Prompt Cache: 0 sequences, 0.00 GB
2026-10-02 01:55:52,590 - INFO - - assistant: 0 sequences, 0.00 GB
2026-10-02 01:55:52,590 - INFO - - user: 0 sequences, 0.00 GB
2026-10-02 01:55:52,590 - INFO - - system: 0 sequences, 0.00 GB
2026-10-02 01:55:52,670 - INFO - Prompt processing progress: 0/44
2026-10-02 01:55:52,770 - INFO - Prompt processing progress: 43/44
2026-10-02 01:55:52,829 - INFO - Prompt processing progress: 44/44
127.0.0.1 - - [02/Oct/2026 01:55:53] "POST /v1/chat/completions HTTP/1.1" 200 -
2026-10-02 01:55:53,057 - INFO - Prompt Cache: 0 sequences, 0.00 GB
2026-10-02 01:55:53,057 - INFO - - assistant: 0 sequences, 0.00 GB
2026-10-02 01:55:53,057 - INFO - - user: 0 sequences, 0.00 GB
2026-10-02 01:55:53,057 - INFO - - system: 0 sequences, 0.00 GB
2026-10-02 01:55:53,138 - INFO - Prompt processing progress: 0/46
2026-10-02 01:55:53,238 - INFO - Prompt processing progress: 45/46
2026-10-02 01:55:53,297 - INFO - Prompt processing progress: 46/46
2026-10-02 01:55:53,866 - INFO - Prompt Cache: 0 sequences, 0.00 GB
127.0.0.1 - - [02/Oct/2026 01:55:53] "POST /v1/chat/completions HTTP/1.1" 200 -
2026-10-02 01:55:53,866 - INFO - - assistant: 0 sequences, 0.00 GB
2026-10-02 01:55:53,866 - INFO - - user: 0 sequences, 0.00 GB
2026-10-02 01:55:53,866 - INFO - - system: 0 sequences, 0.00 GB
2026-10-02 01:55:53,946 - INFO - Prompt processing progress: 0/55
2026-10-02 01:55:54,050 - INFO - Prompt processing progress: 54/55
2026-10-02 01:55:54,109 - INFO - Prompt processing progress: 55/55
2026-10-02 01:55:54,338 - INFO - Prompt Cache: 0 sequences, 0.00 GB
127.0.0.1 - - [02/Oct/2026 01:55:54] "POST /v1/chat/completions HTTP/1.1" 200 -
2026-10-02 01:55:54,338 - INFO - - assistant: 0 sequences, 0.00 GB
2026-10-02 01:55:54,338 - INFO - - user: 0 sequences, 0.00 GB
2026-10-02 01:55:54,338 - INFO - - system: 0 sequences, 0.00 GB
2026-10-02 01:55:54,419 - INFO - Prompt processing progress: 0/36
2026-10-02 01:55:54,515 - INFO - Prompt processing progress: 35/36
2026-10-02 01:55:54,573 - INFO - Prompt processing progress: 36/36
2026-10-02 01:55:55,297 - INFO - Prompt Cache: 0 sequences, 0.00 GB
127.0.0.1 - - [02/Oct/2026 01:55:55] "POST /v1/chat/completions HTTP/1.1" 200 -
2026-10-02 01:55:55,297 - INFO - - assistant: 0 sequences, 0.00 GB
2026-10-02 01:55:55,297 - INFO - - user: 0 sequences, 0.00 GB
2026-10-02 01:55:55,297 - INFO - - system: 0 sequences, 0.00 GB
2026-10-02 01:55:55,378 - INFO - Prompt processing progress: 0/52
2026-10-02 01:55:55,480 - INFO - Prompt processing progress: 51/52
2026-10-02 01:55:55,539 - INFO - Prompt processing progress: 52/52
127.0.0.1 - - [02/Oct/2026 01:55:55] "POST /v1/chat/completions HTTP/1.1" 200 -
2026-10-02 01:55:55,922 - INFO - Prompt Cache: 0 sequences, 0.00 GB
2026-10-02 01:55:55,922 - INFO - - assistant: 0 sequences, 0.00 GB
2026-10-02 01:55:55,922 - INFO - - user: 0 sequences, 0.00 GB
2026-10-02 01:55:55,922 - INFO - - system: 0 sequences, 0.00 GB
2026-10-02 01:55:56,004 - INFO - Prompt processing progress: 0/32
2026-10-02 01:55:56,083 - INFO - Prompt processing progress: 31/32
2026-10-02 01:55:56,143 - INFO - Prompt processing progress: 32/32
127.0.0.1 - - [02/Oct/2026 01:55:56] "POST /v1/chat/completions HTTP/1.1" 200 -
2026-10-02 01:55:56,401 - INFO - Prompt Cache: 0 sequences, 0.00 GB
2026-10-02 01:55:56,401 - INFO - - assistant: 0 sequences, 0.00 GB
2026-10-02 01:55:56,401 - INFO - - user: 0 sequences, 0.00 GB
2026-10-02 01:55:56,401 - INFO - - system: 0 sequences, 0.00 GB
2026-10-02 01:55:56,482 - INFO - Prompt processing progress: 0/44
2026-10-02 01:55:56,582 - INFO - Prompt processing progress: 43/44
2026-10-02 01:55:56,640 - INFO - Prompt processing progress: 44/44
127.0.0.1 - - [02/Oct/2026 01:55:57] "POST /v1/chat/completions HTTP/1.1" 200 -
2026-10-02 01:55:57,427 - INFO - Prompt Cache: 0 sequences, 0.00 GB
2026-10-02 01:55:57,427 - INFO - - assistant: 0 sequences, 0.00 GB
2026-10-02 01:55:57,427 - INFO - - user: 0 sequences, 0.00 GB
2026-10-02 01:55:57,427 - INFO - - system: 0 sequences, 0.00 GB
2026-10-02 01:55:57,509 - INFO - Prompt processing progress: 0/41
2026-10-02 01:55:57,606 - INFO - Prompt processing progress: 40/41
2026-10-02 01:55:57,665 - INFO - Prompt processing progress: 41/41
127.0.0.1 - - [02/Oct/2026 01:55:57] "POST /v1/chat/completions HTTP/1.1" 200 -
2026-10-02 01:55:57,956 - INFO - Prompt Cache: 0 sequences, 0.00 GB
2026-10-02 01:55:57,956 - INFO - - assistant: 0 sequences, 0.00 GB
2026-10-02 01:55:57,956 - INFO - - user: 0 sequences, 0.00 GB
2026-10-02 01:55:57,956 - INFO - - system: 0 sequences, 0.00 GB
2026-10-02 01:55:58,036 - INFO - Prompt processing progress: 0/44
2026-10-02 01:55:58,136 - INFO - Prompt processing progress: 43/44
2026-10-02 01:55:58,195 - INFO - Prompt processing progress: 44/44
2026-10-02 01:55:58,422 - INFO - Prompt Cache: 0 sequences, 0.00 GB
127.0.0.1 - - [02/Oct/2026 01:55:58] "POST /v1/chat/completions HTTP/1.1" 200 -
2026-10-02 01:55:58,422 - INFO - - assistant: 0 sequences, 0.00 GB
2026-10-02 01:55:58,422 - INFO - - user: 0 sequences, 0.00 GB
2026-10-02 01:55:58,422 - INFO - - system: 0 sequences, 0.00 GB
2026-10-02 01:55:58,504 - INFO - Prompt processing progress: 0/46
2026-10-02 01:55:58,604 - INFO - Prompt processing progress: 45/46
2026-10-02 01:55:58,663 - INFO - Prompt processing progress: 46/46
127.0.0.1 - - [02/Oct/2026 01:55:59] "POST /v1/chat/completions HTTP/1.1" 200 -
2026-10-02 01:55:59,233 - INFO - Prompt Cache: 0 sequences, 0.00 GB
2026-10-02 01:55:59,233 - INFO - - assistant: 0 sequences, 0.00 GB
2026-10-02 01:55:59,233 - INFO - - user: 0 sequences, 0.00 GB
2026-10-02 01:55:59,233 - INFO - - system: 0 sequences, 0.00 GB
2026-10-02 01:55:59,315 - INFO - Prompt processing progress: 0/55
2026-10-02 01:55:59,418 - INFO - Prompt processing progress: 54/55
2026-10-02 01:55:59,477 - INFO - Prompt processing progress: 55/55
2026-10-02 01:55:59,705 - INFO - Prompt Cache: 0 sequences, 0.00 GB
127.0.0.1 - - [02/Oct/2026 01:55:59] "POST /v1/chat/completions HTTP/1.1" 200 -
2026-10-02 01:55:59,705 - INFO - - assistant: 0 sequences, 0.00 GB
2026-10-02 01:55:59,705 - INFO - - user: 0 sequences, 0.00 GB
2026-10-02 01:55:59,705 - INFO - - system: 0 sequences, 0.00 GB
2026-10-02 01:55:59,788 - INFO - Prompt processing progress: 0/36
2026-10-02 01:55:59,884 - INFO - Prompt processing progress: 35/36
2026-10-02 01:55:59,943 - INFO - Prompt processing progress: 36/36
2026-10-02 01:56:00,234 - INFO - Prompt Cache: 0 sequences, 0.00 GB
127.0.0.1 - - [02/Oct/2026 01:56:00] "POST /v1/chat/completions HTTP/1.1" 200 -
2026-10-02 01:56:00,234 - INFO - - assistant: 0 sequences, 0.00 GB
2026-10-02 01:56:00,234 - INFO - - user: 0 sequences, 0.00 GB
2026-10-02 01:56:00,234 - INFO - - system: 0 sequences, 0.00 GB
2026-10-02 01:56:00,318 - INFO - Prompt processing progress: 0/52
2026-10-02 01:56:00,421 - INFO - Prompt processing progress: 51/52
2026-10-02 01:56:00,479 - INFO - Prompt processing progress: 52/52
127.0.0.1 - - [02/Oct/2026 01:56:00] "POST /v1/chat/completions HTTP/1.1" 200 -
2026-10-02 01:56:00,863 - INFO - Prompt Cache: 0 sequences, 0.00 GB
2026-10-02 01:56:00,863 - INFO - - assistant: 0 sequences, 0.00 GB
2026-10-02 01:56:00,863 - INFO - - user: 0 sequences, 0.00 GB
2026-10-02 01:56:00,863 - INFO - - system: 0 sequences, 0.00 GB
2026-10-02 01:56:00,946 - INFO - Prompt processing progress: 0/32
2026-10-02 01:56:01,026 - INFO - Prompt processing progress: 31/32
2026-10-02 01:56:01,084 - INFO - Prompt processing progress: 32/32
127.0.0.1 - - [02/Oct/2026 01:56:01] "POST /v1/chat/completions HTTP/1.1" 200 -
2026-10-02 01:56:01,344 - INFO - Prompt Cache: 0 sequences, 0.00 GB
2026-10-02 01:56:01,344 - INFO - - assistant: 0 sequences, 0.00 GB
2026-10-02 01:56:01,344 - INFO - - user: 0 sequences, 0.00 GB
2026-10-02 01:56:01,344 - INFO - - system: 0 sequences, 0.00 GB
2026-10-02 01:56:01,426 - INFO - Prompt processing progress: 0/44
2026-10-02 01:56:01,525 - INFO - Prompt processing progress: 43/44
2026-10-02 01:56:01,584 - INFO - Prompt processing progress: 44/44
2026-10-02 01:56:02,371 - INFO - Prompt Cache: 0 sequences, 0.00 GB
127.0.0.1 - - [02/Oct/2026 01:56:02] "POST /v1/chat/completions HTTP/1.1" 200 -
2026-10-02 01:56:02,371 - INFO - - assistant: 0 sequences, 0.00 GB
2026-10-02 01:56:02,371 - INFO - - user: 0 sequences, 0.00 GB
2026-10-02 01:56:02,371 - INFO - - system: 0 sequences, 0.00 GB
2026-10-02 01:56:02,453 - INFO - Prompt processing progress: 0/41
2026-10-02 01:56:02,551 - INFO - Prompt processing progress: 40/41
2026-10-02 01:56:02,609 - INFO - Prompt processing progress: 41/41
2026-10-02 01:56:02,900 - INFO - Prompt Cache: 0 sequences, 0.00 GB
127.0.0.1 - - [02/Oct/2026 01:56:02] "POST /v1/chat/completions HTTP/1.1" 200 -
2026-10-02 01:56:02,900 - INFO - - assistant: 0 sequences, 0.00 GB
2026-10-02 01:56:02,900 - INFO - - user: 0 sequences, 0.00 GB
2026-10-02 01:56:02,900 - INFO - - system: 0 sequences, 0.00 GB
2026-10-02 01:56:02,983 - INFO - Prompt processing progress: 0/44
2026-10-02 01:56:03,083 - INFO - Prompt processing progress: 43/44
2026-10-02 01:56:03,142 - INFO - Prompt processing progress: 44/44
127.0.0.1 - - [02/Oct/2026 01:56:03] "POST /v1/chat/completions HTTP/1.1" 200 -
2026-10-02 01:56:03,370 - INFO - Prompt Cache: 0 sequences, 0.00 GB
2026-10-02 01:56:03,371 - INFO - - assistant: 0 sequences, 0.00 GB
2026-10-02 01:56:03,371 - INFO - - user: 0 sequences, 0.00 GB
2026-10-02 01:56:03,371 - INFO - - system: 0 sequences, 0.00 GB
2026-10-02 01:56:03,454 - INFO - Prompt processing progress: 0/46
2026-10-02 01:56:03,554 - INFO - Prompt processing progress: 45/46
2026-10-02 01:56:03,613 - INFO - Prompt processing progress: 46/46
2026-10-02 01:56:04,185 - INFO - Prompt Cache: 0 sequences, 0.00 GB
127.0.0.1 - - [02/Oct/2026 01:56:04] "POST /v1/chat/completions HTTP/1.1" 200 -
2026-10-02 01:56:04,185 - INFO - - assistant: 0 sequences, 0.00 GB
2026-10-02 01:56:04,185 - INFO - - user: 0 sequences, 0.00 GB
2026-10-02 01:56:04,185 - INFO - - system: 0 sequences, 0.00 GB
2026-10-02 01:56:04,267 - INFO - Prompt processing progress: 0/55
2026-10-02 01:56:04,370 - INFO - Prompt processing progress: 54/55
2026-10-02 01:56:04,429 - INFO - Prompt processing progress: 55/55
127.0.0.1 - - [02/Oct/2026 01:56:04] "POST /v1/chat/completions HTTP/1.1" 200 -
2026-10-02 01:56:04,657 - INFO - Prompt Cache: 0 sequences, 0.00 GB
2026-10-02 01:56:04,657 - INFO - - assistant: 0 sequences, 0.00 GB
2026-10-02 01:56:04,657 - INFO - - user: 0 sequences, 0.00 GB
2026-10-02 01:56:04,657 - INFO - - system: 0 sequences, 0.00 GB
2026-10-02 01:56:04,738 - INFO - Prompt processing progress: 0/36
2026-10-02 01:56:04,834 - INFO - Prompt processing progress: 35/36
2026-10-02 01:56:04,894 - INFO - Prompt processing progress: 36/36
2026-10-02 01:56:05,184 - INFO - Prompt Cache: 0 sequences, 0.00 GB
127.0.0.1 - - [02/Oct/2026 01:56:05] "POST /v1/chat/completions HTTP/1.1" 200 -
2026-10-02 01:56:05,184 - INFO - - assistant: 0 sequences, 0.00 GB
2026-10-02 01:56:05,184 - INFO - - user: 0 sequences, 0.00 GB
2026-10-02 01:56:05,184 - INFO - - system: 0 sequences, 0.00 GB
2026-10-02 01:56:05,266 - INFO - Prompt processing progress: 0/52
2026-10-02 01:56:05,368 - INFO - Prompt processing progress: 51/52
2026-10-02 01:56:05,427 - INFO - Prompt processing progress: 52/52
