ds4: Metal device Apple M5 Ultra, 256.00 GiB RAM
ds4: Metal 4 tensor API enabled for Tensor kernels
ds4: drift-patch flags hc_stable=on norm_unify=on kv_raw_f32=off rope_exp2_log2=off math_safe=off tensor_matmul=on
ds4: Metal model views created in 4.768 ms, residency requested in 742.330 ms, warmup 6.817 ms (mapped 157001.67 MiB from offset 5.09 MiB)
ds4: Metal mapped mmaped model as 1 overlapping shared buffers
ds4: metal backend initialized for graph diagnostics
ds4: memory: KV 0.25 GiB (raw 0.19 + compressed 0.06) + buffers 0.03 GiB + resident model 153.32 GiB = 153.61 GiB planned
ds4: memory detail: ctx=8192 prefill_cap=2048 raw_kv_rows=2304 compressed_kv_rows=2050 backend=metal
1001 13:55:02 ds4-server: context buffers 290.89 MiB (ctx=8192, backend=metal, prefill_chunk=2048, raw_kv_rows=2304, compressed_kv_rows=2050)
1001 13:55:02 ds4-server: listening on http://127.0.0.1:18183
1001 13:55:02 ds4-server: chat ctx=0..78:78 prompt start
1001 13:55:03 ds4-server: chat ctx=0..78:78 prompt done 0.590s
1001 13:55:04 ds4-server: chat ctx=78..128:50 gen=50 decoding chunk=56.81 t/s avg=56.81 t/s 0.880s
1001 13:55:04 ds4-server: chat ctx=128..178:50 gen=100 decoding chunk=64.24 t/s avg=60.29 t/s 1.659s
1001 13:55:05 ds4-server: chat ctx=178..228:50 gen=150 decoding chunk=64.30 t/s avg=61.57 t/s 2.436s
1001 13:55:06 ds4-server: chat ctx=228..278:50 gen=200 decoding chunk=64.23 t/s avg=62.22 t/s 3.215s
1001 13:55:07 ds4-server: chat ctx=278..328:50 gen=250 decoding chunk=64.23 t/s avg=62.61 t/s 3.993s
1001 13:55:07 ds4-server: chat ctx=328..360:32 gen=282 decoding chunk=63.76 t/s avg=62.74 t/s 4.495s
1001 13:55:07 ds4-server: chat ctx=0..78:78 gen=282 finish=stop 5.085s
1001 13:55:07 ds4-server: shutdown requested, draining requests
