<M5_REPO>/.venv/lib/python3.12/site-packages/mlx_lm/server.py:1723: UserWarning: mlx_lm.server is not recommended for production as it only implements basic security checks.
  warnings.warn(
2026-10-02 22:35:10,976 - INFO - Starting httpd at 127.0.0.1 on port 18185...
127.0.0.1 - - [02/Oct/2026 22:35:11] "GET /v1/models HTTP/1.1" 200 -
127.0.0.1 - - [02/Oct/2026 22:35:20] "POST /v1/chat/completions HTTP/1.1" 200 -
2026-10-02 22:35:20,521 - INFO - Prompt Cache: 0 sequences, 0.00 GB
2026-10-02 22:35:20,521 - INFO - - assistant: 0 sequences, 0.00 GB
2026-10-02 22:35:20,521 - INFO - - user: 0 sequences, 0.00 GB
2026-10-02 22:35:20,521 - INFO - - system: 0 sequences, 0.00 GB
2026-10-02 22:35:20,616 - INFO - Prompt processing progress: 0/200010
2026-10-02 22:35:22,181 - INFO - Prompt processing progress: 2048/200010
2026-10-02 22:35:23,697 - INFO - Prompt processing progress: 4096/200010
2026-10-02 22:35:25,235 - INFO - Prompt processing progress: 6144/200010
2026-10-02 22:35:26,810 - INFO - Prompt processing progress: 8192/200010
2026-10-02 22:35:28,415 - INFO - Prompt processing progress: 10240/200010
2026-10-02 22:35:30,058 - INFO - Prompt processing progress: 12288/200010
2026-10-02 22:35:31,733 - INFO - Prompt processing progress: 14336/200010
2026-10-02 22:35:33,445 - INFO - Prompt processing progress: 16384/200010
2026-10-02 22:35:35,191 - INFO - Prompt processing progress: 18432/200010
2026-10-02 22:35:36,974 - INFO - Prompt processing progress: 20480/200010
2026-10-02 22:35:38,789 - INFO - Prompt processing progress: 22528/200010
2026-10-02 22:35:40,633 - INFO - Prompt processing progress: 24576/200010
2026-10-02 22:35:42,510 - INFO - Prompt processing progress: 26624/200010
2026-10-02 22:35:44,425 - INFO - Prompt processing progress: 28672/200010
2026-10-02 22:35:46,372 - INFO - Prompt processing progress: 30720/200010
2026-10-02 22:35:48,358 - INFO - Prompt processing progress: 32768/200010
2026-10-02 22:35:50,375 - INFO - Prompt processing progress: 34816/200010
2026-10-02 22:35:52,417 - INFO - Prompt processing progress: 36864/200010
2026-10-02 22:35:54,498 - INFO - Prompt processing progress: 38912/200010
2026-10-02 22:35:56,611 - INFO - Prompt processing progress: 40960/200010
2026-10-02 22:35:58,777 - INFO - Prompt processing progress: 43008/200010
2026-10-02 22:36:00,966 - INFO - Prompt processing progress: 45056/200010
2026-10-02 22:36:03,200 - INFO - Prompt processing progress: 47104/200010
2026-10-02 22:36:05,469 - INFO - Prompt processing progress: 49152/200010
2026-10-02 22:36:07,772 - INFO - Prompt processing progress: 51200/200010
2026-10-02 22:36:10,101 - INFO - Prompt processing progress: 53248/200010
2026-10-02 22:36:12,474 - INFO - Prompt processing progress: 55296/200010
2026-10-02 22:36:14,876 - INFO - Prompt processing progress: 57344/200010
2026-10-02 22:36:17,331 - INFO - Prompt processing progress: 59392/200010
2026-10-02 22:36:19,818 - INFO - Prompt processing progress: 61440/200010
2026-10-02 22:36:22,335 - INFO - Prompt processing progress: 63488/200010
2026-10-02 22:36:24,886 - INFO - Prompt processing progress: 65536/200010
2026-10-02 22:36:27,463 - INFO - Prompt processing progress: 67584/200010
2026-10-02 22:36:30,090 - INFO - Prompt processing progress: 69632/200010
2026-10-02 22:36:32,747 - INFO - Prompt processing progress: 71680/200010
2026-10-02 22:36:35,451 - INFO - Prompt processing progress: 73728/200010
2026-10-02 22:36:38,186 - INFO - Prompt processing progress: 75776/200010
2026-10-02 22:36:40,944 - INFO - Prompt processing progress: 77824/200010
2026-10-02 22:36:43,754 - INFO - Prompt processing progress: 79872/200010
2026-10-02 22:36:46,585 - INFO - Prompt processing progress: 81920/200010
2026-10-02 22:36:49,466 - INFO - Prompt processing progress: 83968/200010
2026-10-02 22:36:52,368 - INFO - Prompt processing progress: 86016/200010
2026-10-02 22:36:55,315 - INFO - Prompt processing progress: 88064/200010
2026-10-02 22:36:58,332 - INFO - Prompt processing progress: 90112/200010
2026-10-02 22:37:01,367 - INFO - Prompt processing progress: 92160/200010
2026-10-02 22:37:04,418 - INFO - Prompt processing progress: 94208/200010
2026-10-02 22:37:07,515 - INFO - Prompt processing progress: 96256/200010
2026-10-02 22:37:10,659 - INFO - Prompt processing progress: 98304/200010
2026-10-02 22:37:13,835 - INFO - Prompt processing progress: 100352/200010
2026-10-02 22:37:17,031 - INFO - Prompt processing progress: 102400/200010
2026-10-02 22:37:20,286 - INFO - Prompt processing progress: 104448/200010
2026-10-02 22:37:23,570 - INFO - Prompt processing progress: 106496/200010
2026-10-02 22:37:26,892 - INFO - Prompt processing progress: 108544/200010
2026-10-02 22:37:30,238 - INFO - Prompt processing progress: 110592/200010
2026-10-02 22:37:33,639 - INFO - Prompt processing progress: 112640/200010
2026-10-02 22:37:37,045 - INFO - Prompt processing progress: 114688/200010
2026-10-02 22:37:40,496 - INFO - Prompt processing progress: 116736/200010
2026-10-02 22:37:43,985 - INFO - Prompt processing progress: 118784/200010
2026-10-02 22:37:47,518 - INFO - Prompt processing progress: 120832/200010
2026-10-02 22:37:51,081 - INFO - Prompt processing progress: 122880/200010
2026-10-02 22:37:54,673 - INFO - Prompt processing progress: 124928/200010
2026-10-02 22:37:58,275 - INFO - Prompt processing progress: 126976/200010
2026-10-02 22:38:01,968 - INFO - Prompt processing progress: 129024/200010
2026-10-02 22:38:05,667 - INFO - Prompt processing progress: 131072/200010
2026-10-02 22:38:09,398 - INFO - Prompt processing progress: 133120/200010
2026-10-02 22:38:13,171 - INFO - Prompt processing progress: 135168/200010
2026-10-02 22:38:16,985 - INFO - Prompt processing progress: 137216/200010
2026-10-02 22:38:20,838 - INFO - Prompt processing progress: 139264/200010
2026-10-02 22:38:24,719 - INFO - Prompt processing progress: 141312/200010
2026-10-02 22:38:28,653 - INFO - Prompt processing progress: 143360/200010
2026-10-02 22:38:32,592 - INFO - Prompt processing progress: 145408/200010
2026-10-02 22:38:36,573 - INFO - Prompt processing progress: 147456/200010
2026-10-02 22:38:40,585 - INFO - Prompt processing progress: 149504/200010
2026-10-02 22:38:44,666 - INFO - Prompt processing progress: 151552/200010
2026-10-02 22:38:48,789 - INFO - Prompt processing progress: 153600/200010
2026-10-02 22:38:52,954 - INFO - Prompt processing progress: 155648/200010
2026-10-02 22:38:57,127 - INFO - Prompt processing progress: 157696/200010
2026-10-02 22:39:01,346 - INFO - Prompt processing progress: 159744/200010
2026-10-02 22:39:05,618 - INFO - Prompt processing progress: 161792/200010
2026-10-02 22:39:09,908 - INFO - Prompt processing progress: 163840/200010
2026-10-02 22:39:14,202 - INFO - Prompt processing progress: 165888/200010
2026-10-02 22:39:18,569 - INFO - Prompt processing progress: 167936/200010
2026-10-02 22:39:22,957 - INFO - Prompt processing progress: 169984/200010
2026-10-02 22:39:27,377 - INFO - Prompt processing progress: 172032/200010
2026-10-02 22:39:31,850 - INFO - Prompt processing progress: 174080/200010
2026-10-02 22:39:36,348 - INFO - Prompt processing progress: 176128/200010
2026-10-02 22:39:40,906 - INFO - Prompt processing progress: 178176/200010
2026-10-02 22:39:45,485 - INFO - Prompt processing progress: 180224/200010
2026-10-02 22:39:50,102 - INFO - Prompt processing progress: 182272/200010
2026-10-02 22:39:54,729 - INFO - Prompt processing progress: 184320/200010
2026-10-02 22:39:59,403 - INFO - Prompt processing progress: 186368/200010
2026-10-02 22:40:04,117 - INFO - Prompt processing progress: 188416/200010
2026-10-02 22:40:08,874 - INFO - Prompt processing progress: 190464/200010
2026-10-02 22:40:13,646 - INFO - Prompt processing progress: 192512/200010
2026-10-02 22:40:18,471 - INFO - Prompt processing progress: 194560/200010
2026-10-02 22:40:23,359 - INFO - Prompt processing progress: 196608/200010
2026-10-02 22:40:28,245 - INFO - Prompt processing progress: 198656/200010
2026-10-02 22:40:31,864 - INFO - Prompt processing progress: 200009/200010
2026-10-02 22:40:32,027 - INFO - Prompt processing progress: 200010/200010
127.0.0.1 - - [02/Oct/2026 22:40:33] "POST /v1/chat/completions HTTP/1.1" 200 -
2026-10-02 22:40:33,608 - INFO - Prompt Cache: 1 sequences, 17.24 GB
2026-10-02 22:40:33,608 - INFO - - assistant: 1 sequences, 17.24 GB
2026-10-02 22:40:33,608 - INFO - - user: 0 sequences, 0.00 GB
2026-10-02 22:40:33,608 - INFO - - system: 0 sequences, 0.00 GB
2026-10-02 22:40:33,721 - INFO - Prompt processing progress: 0/204306
2026-10-02 22:40:35,139 - INFO - Prompt processing progress: 2048/204306
2026-10-02 22:40:36,651 - INFO - Prompt processing progress: 4096/204306
2026-10-02 22:40:38,191 - INFO - Prompt processing progress: 6144/204306
2026-10-02 22:40:39,767 - INFO - Prompt processing progress: 8192/204306
2026-10-02 22:40:41,379 - INFO - Prompt processing progress: 10240/204306
2026-10-02 22:40:43,021 - INFO - Prompt processing progress: 12288/204306
2026-10-02 22:40:44,696 - INFO - Prompt processing progress: 14336/204306
2026-10-02 22:40:46,410 - INFO - Prompt processing progress: 16384/204306
2026-10-02 22:40:48,154 - INFO - Prompt processing progress: 18432/204306
2026-10-02 22:40:49,933 - INFO - Prompt processing progress: 20480/204306
2026-10-02 22:40:51,744 - INFO - Prompt processing progress: 22528/204306
2026-10-02 22:40:53,589 - INFO - Prompt processing progress: 24576/204306
2026-10-02 22:40:55,472 - INFO - Prompt processing progress: 26624/204306
2026-10-02 22:40:57,382 - INFO - Prompt processing progress: 28672/204306
2026-10-02 22:40:59,330 - INFO - Prompt processing progress: 30720/204306
2026-10-02 22:41:01,314 - INFO - Prompt processing progress: 32768/204306
2026-10-02 22:41:03,333 - INFO - Prompt processing progress: 34816/204306
2026-10-02 22:41:05,383 - INFO - Prompt processing progress: 36864/204306
2026-10-02 22:41:07,474 - INFO - Prompt processing progress: 38912/204306
2026-10-02 22:41:09,596 - INFO - Prompt processing progress: 40960/204306
2026-10-02 22:41:11,763 - INFO - Prompt processing progress: 43008/204306
2026-10-02 22:41:13,960 - INFO - Prompt processing progress: 45056/204306
2026-10-02 22:41:16,187 - INFO - Prompt processing progress: 47104/204306
2026-10-02 22:41:18,471 - INFO - Prompt processing progress: 49152/204306
2026-10-02 22:41:20,778 - INFO - Prompt processing progress: 51200/204306
2026-10-02 22:41:23,124 - INFO - Prompt processing progress: 53248/204306
2026-10-02 22:41:25,499 - INFO - Prompt processing progress: 55296/204306
2026-10-02 22:41:27,916 - INFO - Prompt processing progress: 57344/204306
2026-10-02 22:41:30,368 - INFO - Prompt processing progress: 59392/204306
2026-10-02 22:41:32,854 - INFO - Prompt processing progress: 61440/204306
2026-10-02 22:41:35,368 - INFO - Prompt processing progress: 63488/204306
2026-10-02 22:41:37,926 - INFO - Prompt processing progress: 65536/204306
2026-10-02 22:41:40,519 - INFO - Prompt processing progress: 67584/204306
2026-10-02 22:41:43,143 - INFO - Prompt processing progress: 69632/204306
2026-10-02 22:41:45,799 - INFO - Prompt processing progress: 71680/204306
2026-10-02 22:41:48,491 - INFO - Prompt processing progress: 73728/204306
2026-10-02 22:41:51,233 - INFO - Prompt processing progress: 75776/204306
2026-10-02 22:41:53,991 - INFO - Prompt processing progress: 77824/204306
2026-10-02 22:41:56,800 - INFO - Prompt processing progress: 79872/204306
2026-10-02 22:41:59,636 - INFO - Prompt processing progress: 81920/204306
2026-10-02 22:42:02,507 - INFO - Prompt processing progress: 83968/204306
2026-10-02 22:42:05,413 - INFO - Prompt processing progress: 86016/204306
2026-10-02 22:42:08,382 - INFO - Prompt processing progress: 88064/204306
2026-10-02 22:42:11,366 - INFO - Prompt processing progress: 90112/204306
2026-10-02 22:42:14,400 - INFO - Prompt processing progress: 92160/204306
2026-10-02 22:42:17,450 - INFO - Prompt processing progress: 94208/204306
2026-10-02 22:42:20,537 - INFO - Prompt processing progress: 96256/204306
2026-10-02 22:42:23,686 - INFO - Prompt processing progress: 98304/204306
2026-10-02 22:42:26,840 - INFO - Prompt processing progress: 100352/204306
2026-10-02 22:42:30,056 - INFO - Prompt processing progress: 102400/204306
2026-10-02 22:42:33,290 - INFO - Prompt processing progress: 104448/204306
2026-10-02 22:42:36,560 - INFO - Prompt processing progress: 106496/204306
2026-10-02 22:42:39,884 - INFO - Prompt processing progress: 108544/204306
2026-10-02 22:42:43,231 - INFO - Prompt processing progress: 110592/204306
2026-10-02 22:42:46,593 - INFO - Prompt processing progress: 112640/204306
2026-10-02 22:42:50,013 - INFO - Prompt processing progress: 114688/204306
2026-10-02 22:42:53,460 - INFO - Prompt processing progress: 116736/204306
2026-10-02 22:42:56,953 - INFO - Prompt processing progress: 118784/204306
2026-10-02 22:43:00,463 - INFO - Prompt processing progress: 120832/204306
2026-10-02 22:43:04,020 - INFO - Prompt processing progress: 122880/204306
2026-10-02 22:43:07,632 - INFO - Prompt processing progress: 124928/204306
2026-10-02 22:43:11,260 - INFO - Prompt processing progress: 126976/204306
2026-10-02 22:43:14,953 - INFO - Prompt processing progress: 129024/204306
2026-10-02 22:43:18,675 - INFO - Prompt processing progress: 131072/204306
2026-10-02 22:43:22,419 - INFO - Prompt processing progress: 133120/204306
2026-10-02 22:43:26,219 - INFO - Prompt processing progress: 135168/204306
2026-10-02 22:43:30,053 - INFO - Prompt processing progress: 137216/204306
2026-10-02 22:43:33,910 - INFO - Prompt processing progress: 139264/204306
2026-10-02 22:43:37,789 - INFO - Prompt processing progress: 141312/204306
2026-10-02 22:43:41,719 - INFO - Prompt processing progress: 143360/204306
2026-10-02 22:43:45,654 - INFO - Prompt processing progress: 145408/204306
2026-10-02 22:43:49,647 - INFO - Prompt processing progress: 147456/204306
2026-10-02 22:43:53,653 - INFO - Prompt processing progress: 149504/204306
2026-10-02 22:43:57,704 - INFO - Prompt processing progress: 151552/204306
2026-10-02 22:44:01,808 - INFO - Prompt processing progress: 153600/204306
2026-10-02 22:44:05,927 - INFO - Prompt processing progress: 155648/204306
2026-10-02 22:44:10,107 - INFO - Prompt processing progress: 157696/204306
2026-10-02 22:44:14,317 - INFO - Prompt processing progress: 159744/204306
2026-10-02 22:44:18,568 - INFO - Prompt processing progress: 161792/204306
2026-10-02 22:44:22,853 - INFO - Prompt processing progress: 163840/204306
2026-10-02 22:44:27,138 - INFO - Prompt processing progress: 165888/204306
2026-10-02 22:44:31,515 - INFO - Prompt processing progress: 167936/204306
2026-10-02 22:44:35,873 - INFO - Prompt processing progress: 169984/204306
2026-10-02 22:44:40,305 - INFO - Prompt processing progress: 172032/204306
2026-10-02 22:44:44,788 - INFO - Prompt processing progress: 174080/204306
2026-10-02 22:44:49,312 - INFO - Prompt processing progress: 176128/204306
2026-10-02 22:44:53,860 - INFO - Prompt processing progress: 178176/204306
2026-10-02 22:44:58,441 - INFO - Prompt processing progress: 180224/204306
2026-10-02 22:45:03,007 - INFO - Prompt processing progress: 182272/204306
2026-10-02 22:45:07,648 - INFO - Prompt processing progress: 184320/204306
2026-10-02 22:45:12,328 - INFO - Prompt processing progress: 186368/204306
2026-10-02 22:45:17,050 - INFO - Prompt processing progress: 188416/204306
2026-10-02 22:45:21,789 - INFO - Prompt processing progress: 190464/204306
2026-10-02 22:45:26,608 - INFO - Prompt processing progress: 192512/204306
2026-10-02 22:45:31,435 - INFO - Prompt processing progress: 194560/204306
2026-10-02 22:45:36,285 - INFO - Prompt processing progress: 196608/204306
2026-10-02 22:45:41,206 - INFO - Prompt processing progress: 198656/204306
2026-10-02 22:45:46,142 - INFO - Prompt processing progress: 200704/204306
2026-10-02 22:45:51,097 - INFO - Prompt processing progress: 202752/204306
2026-10-02 22:45:55,232 - INFO - Prompt processing progress: 204305/204306
2026-10-02 22:45:55,389 - INFO - Prompt processing progress: 204306/204306
127.0.0.1 - - [02/Oct/2026 22:46:30] "POST /v1/chat/completions HTTP/1.1" 200 -
2026-10-02 22:46:30,046 - INFO - Prompt Cache: 1 sequences, 17.64 GB
2026-10-02 22:46:30,046 - INFO - - assistant: 1 sequences, 17.64 GB
2026-10-02 22:46:30,047 - INFO - - user: 0 sequences, 0.00 GB
2026-10-02 22:46:30,047 - INFO - - system: 0 sequences, 0.00 GB
2026-10-02 22:46:30,162 - INFO - Prompt processing progress: 0/204854
2026-10-02 22:46:31,585 - INFO - Prompt processing progress: 2048/204854
2026-10-02 22:46:33,126 - INFO - Prompt processing progress: 4096/204854
2026-10-02 22:46:34,664 - INFO - Prompt processing progress: 6144/204854
2026-10-02 22:46:36,238 - INFO - Prompt processing progress: 8192/204854
2026-10-02 22:46:37,850 - INFO - Prompt processing progress: 10240/204854
2026-10-02 22:46:39,492 - INFO - Prompt processing progress: 12288/204854
2026-10-02 22:46:41,165 - INFO - Prompt processing progress: 14336/204854
2026-10-02 22:46:42,880 - INFO - Prompt processing progress: 16384/204854
2026-10-02 22:46:44,624 - INFO - Prompt processing progress: 18432/204854
2026-10-02 22:46:46,415 - INFO - Prompt processing progress: 20480/204854
2026-10-02 22:46:48,229 - INFO - Prompt processing progress: 22528/204854
2026-10-02 22:46:50,082 - INFO - Prompt processing progress: 24576/204854
2026-10-02 22:46:51,969 - INFO - Prompt processing progress: 26624/204854
2026-10-02 22:46:53,887 - INFO - Prompt processing progress: 28672/204854
2026-10-02 22:46:55,838 - INFO - Prompt processing progress: 30720/204854
2026-10-02 22:46:57,828 - INFO - Prompt processing progress: 32768/204854
2026-10-02 22:46:59,846 - INFO - Prompt processing progress: 34816/204854
2026-10-02 22:47:01,898 - INFO - Prompt processing progress: 36864/204854
2026-10-02 22:47:03,986 - INFO - Prompt processing progress: 38912/204854
2026-10-02 22:47:06,120 - INFO - Prompt processing progress: 40960/204854
2026-10-02 22:47:08,278 - INFO - Prompt processing progress: 43008/204854
2026-10-02 22:47:10,482 - INFO - Prompt processing progress: 45056/204854
2026-10-02 22:47:12,719 - INFO - Prompt processing progress: 47104/204854
2026-10-02 22:47:14,983 - INFO - Prompt processing progress: 49152/204854
2026-10-02 22:47:17,289 - INFO - Prompt processing progress: 51200/204854
2026-10-02 22:47:19,625 - INFO - Prompt processing progress: 53248/204854
2026-10-02 22:47:21,996 - INFO - Prompt processing progress: 55296/204854
2026-10-02 22:47:24,403 - INFO - Prompt processing progress: 57344/204854
2026-10-02 22:47:26,843 - INFO - Prompt processing progress: 59392/204854
2026-10-02 22:47:29,338 - INFO - Prompt processing progress: 61440/204854
2026-10-02 22:47:31,856 - INFO - Prompt processing progress: 63488/204854
2026-10-02 22:47:34,418 - INFO - Prompt processing progress: 65536/204854
2026-10-02 22:47:37,007 - INFO - Prompt processing progress: 67584/204854
2026-10-02 22:47:39,626 - INFO - Prompt processing progress: 69632/204854
2026-10-02 22:47:42,298 - INFO - Prompt processing progress: 71680/204854
2026-10-02 22:47:45,001 - INFO - Prompt processing progress: 73728/204854
2026-10-02 22:47:47,727 - INFO - Prompt processing progress: 75776/204854
2026-10-02 22:47:50,491 - INFO - Prompt processing progress: 77824/204854
2026-10-02 22:47:53,289 - INFO - Prompt processing progress: 79872/204854
2026-10-02 22:47:56,135 - INFO - Prompt processing progress: 81920/204854
2026-10-02 22:47:58,992 - INFO - Prompt processing progress: 83968/204854
2026-10-02 22:48:01,908 - INFO - Prompt processing progress: 86016/204854
2026-10-02 22:48:04,873 - INFO - Prompt processing progress: 88064/204854
2026-10-02 22:48:07,861 - INFO - Prompt processing progress: 90112/204854
2026-10-02 22:48:10,883 - INFO - Prompt processing progress: 92160/204854
2026-10-02 22:48:13,944 - INFO - Prompt processing progress: 94208/204854
2026-10-02 22:48:17,038 - INFO - Prompt processing progress: 96256/204854
2026-10-02 22:48:20,162 - INFO - Prompt processing progress: 98304/204854
2026-10-02 22:48:23,332 - INFO - Prompt processing progress: 100352/204854
2026-10-02 22:48:26,519 - INFO - Prompt processing progress: 102400/204854
2026-10-02 22:48:29,763 - INFO - Prompt processing progress: 104448/204854
2026-10-02 22:48:33,037 - INFO - Prompt processing progress: 106496/204854
2026-10-02 22:48:36,333 - INFO - Prompt processing progress: 108544/204854
2026-10-02 22:48:39,665 - INFO - Prompt processing progress: 110592/204854
2026-10-02 22:48:43,041 - INFO - Prompt processing progress: 112640/204854
2026-10-02 22:48:46,464 - INFO - Prompt processing progress: 114688/204854
2026-10-02 22:48:49,918 - INFO - Prompt processing progress: 116736/204854
2026-10-02 22:48:53,410 - INFO - Prompt processing progress: 118784/204854
2026-10-02 22:48:56,927 - INFO - Prompt processing progress: 120832/204854
2026-10-02 22:49:00,503 - INFO - Prompt processing progress: 122880/204854
2026-10-02 22:49:04,085 - INFO - Prompt processing progress: 124928/204854
2026-10-02 22:49:07,735 - INFO - Prompt processing progress: 126976/204854
2026-10-02 22:49:11,404 - INFO - Prompt processing progress: 129024/204854
2026-10-02 22:49:15,128 - INFO - Prompt processing progress: 131072/204854
2026-10-02 22:49:18,860 - INFO - Prompt processing progress: 133120/204854
2026-10-02 22:49:22,630 - INFO - Prompt processing progress: 135168/204854
2026-10-02 22:49:26,443 - INFO - Prompt processing progress: 137216/204854
2026-10-02 22:49:30,289 - INFO - Prompt processing progress: 139264/204854
2026-10-02 22:49:34,153 - INFO - Prompt processing progress: 141312/204854
2026-10-02 22:49:38,051 - INFO - Prompt processing progress: 143360/204854
2026-10-02 22:49:41,996 - INFO - Prompt processing progress: 145408/204854
2026-10-02 22:49:45,985 - INFO - Prompt processing progress: 147456/204854
2026-10-02 22:49:50,011 - INFO - Prompt processing progress: 149504/204854
2026-10-02 22:49:54,065 - INFO - Prompt processing progress: 151552/204854
2026-10-02 22:49:58,158 - INFO - Prompt processing progress: 153600/204854
2026-10-02 22:50:02,300 - INFO - Prompt processing progress: 155648/204854
2026-10-02 22:50:06,469 - INFO - Prompt processing progress: 157696/204854
2026-10-02 22:50:10,692 - INFO - Prompt processing progress: 159744/204854
2026-10-02 22:50:14,941 - INFO - Prompt processing progress: 161792/204854
2026-10-02 22:50:19,218 - INFO - Prompt processing progress: 163840/204854
2026-10-02 22:50:23,536 - INFO - Prompt processing progress: 165888/204854
2026-10-02 22:50:27,903 - INFO - Prompt processing progress: 167936/204854
2026-10-02 22:50:32,274 - INFO - Prompt processing progress: 169984/204854
2026-10-02 22:50:36,720 - INFO - Prompt processing progress: 172032/204854
2026-10-02 22:50:41,167 - INFO - Prompt processing progress: 174080/204854
2026-10-02 22:50:45,659 - INFO - Prompt processing progress: 176128/204854
2026-10-02 22:50:50,185 - INFO - Prompt processing progress: 178176/204854
2026-10-02 22:50:54,734 - INFO - Prompt processing progress: 180224/204854
2026-10-02 22:50:59,331 - INFO - Prompt processing progress: 182272/204854
2026-10-02 22:51:03,991 - INFO - Prompt processing progress: 184320/204854
2026-10-02 22:51:08,651 - INFO - Prompt processing progress: 186368/204854
2026-10-02 22:51:13,363 - INFO - Prompt processing progress: 188416/204854
2026-10-02 22:51:18,117 - INFO - Prompt processing progress: 190464/204854
2026-10-02 22:51:22,895 - INFO - Prompt processing progress: 192512/204854
2026-10-02 22:51:27,725 - INFO - Prompt processing progress: 194560/204854
2026-10-02 22:51:32,590 - INFO - Prompt processing progress: 196608/204854
2026-10-02 22:51:37,484 - INFO - Prompt processing progress: 198656/204854
2026-10-02 22:51:42,412 - INFO - Prompt processing progress: 200704/204854
2026-10-02 22:51:47,372 - INFO - Prompt processing progress: 202752/204854
2026-10-02 22:51:52,355 - INFO - Prompt processing progress: 204800/204854
2026-10-02 22:51:52,950 - INFO - Prompt processing progress: 204853/204854
2026-10-02 22:51:53,096 - INFO - Prompt processing progress: 204854/204854
