<M5_REPO>/.venv/lib/python3.12/site-packages/mlx_lm/server.py:1723: UserWarning: mlx_lm.server is not recommended for production as it only implements basic security checks.
  warnings.warn(
2026-10-02 23:28:34,125 - INFO - Starting httpd at 127.0.0.1 on port 18185...
127.0.0.1 - - [02/Oct/2026 23:28:34] "GET /v1/models HTTP/1.1" 200 -
127.0.0.1 - - [02/Oct/2026 23:28:43] "POST /v1/chat/completions HTTP/1.1" 200 -
2026-10-02 23:28:43,715 - INFO - Prompt Cache: 0 sequences, 0.00 GB
2026-10-02 23:28:43,715 - INFO - - assistant: 0 sequences, 0.00 GB
2026-10-02 23:28:43,715 - INFO - - user: 0 sequences, 0.00 GB
2026-10-02 23:28:43,715 - INFO - - system: 0 sequences, 0.00 GB
2026-10-02 23:28:43,811 - INFO - Prompt processing progress: 0/200010
2026-10-02 23:28:45,392 - INFO - Prompt processing progress: 2048/200010
2026-10-02 23:28:46,909 - INFO - Prompt processing progress: 4096/200010
2026-10-02 23:28:48,451 - INFO - Prompt processing progress: 6144/200010
2026-10-02 23:28:50,026 - INFO - Prompt processing progress: 8192/200010
2026-10-02 23:28:51,638 - INFO - Prompt processing progress: 10240/200010
2026-10-02 23:28:53,281 - INFO - Prompt processing progress: 12288/200010
2026-10-02 23:28:54,958 - INFO - Prompt processing progress: 14336/200010
2026-10-02 23:28:56,670 - INFO - Prompt processing progress: 16384/200010
2026-10-02 23:28:58,415 - INFO - Prompt processing progress: 18432/200010
2026-10-02 23:29:00,196 - INFO - Prompt processing progress: 20480/200010
2026-10-02 23:29:02,004 - INFO - Prompt processing progress: 22528/200010
2026-10-02 23:29:03,848 - INFO - Prompt processing progress: 24576/200010
2026-10-02 23:29:05,723 - INFO - Prompt processing progress: 26624/200010
2026-10-02 23:29:07,635 - INFO - Prompt processing progress: 28672/200010
2026-10-02 23:29:09,587 - INFO - Prompt processing progress: 30720/200010
2026-10-02 23:29:11,573 - INFO - Prompt processing progress: 32768/200010
2026-10-02 23:29:13,591 - INFO - Prompt processing progress: 34816/200010
2026-10-02 23:29:15,643 - INFO - Prompt processing progress: 36864/200010
2026-10-02 23:29:17,731 - INFO - Prompt processing progress: 38912/200010
2026-10-02 23:29:19,859 - INFO - Prompt processing progress: 40960/200010
2026-10-02 23:29:22,015 - INFO - Prompt processing progress: 43008/200010
2026-10-02 23:29:24,217 - INFO - Prompt processing progress: 45056/200010
2026-10-02 23:29:26,439 - INFO - Prompt processing progress: 47104/200010
2026-10-02 23:29:28,698 - INFO - Prompt processing progress: 49152/200010
2026-10-02 23:29:31,009 - INFO - Prompt processing progress: 51200/200010
2026-10-02 23:29:33,340 - INFO - Prompt processing progress: 53248/200010
2026-10-02 23:29:35,707 - INFO - Prompt processing progress: 55296/200010
2026-10-02 23:29:38,124 - INFO - Prompt processing progress: 57344/200010
2026-10-02 23:29:40,576 - INFO - Prompt processing progress: 59392/200010
2026-10-02 23:29:43,061 - INFO - Prompt processing progress: 61440/200010
2026-10-02 23:29:45,583 - INFO - Prompt processing progress: 63488/200010
2026-10-02 23:29:48,146 - INFO - Prompt processing progress: 65536/200010
2026-10-02 23:29:50,745 - INFO - Prompt processing progress: 67584/200010
2026-10-02 23:29:53,371 - INFO - Prompt processing progress: 69632/200010
2026-10-02 23:29:56,033 - INFO - Prompt processing progress: 71680/200010
2026-10-02 23:29:58,733 - INFO - Prompt processing progress: 73728/200010
2026-10-02 23:30:01,473 - INFO - Prompt processing progress: 75776/200010
2026-10-02 23:30:04,251 - INFO - Prompt processing progress: 77824/200010
2026-10-02 23:30:07,062 - INFO - Prompt processing progress: 79872/200010
2026-10-02 23:30:09,910 - INFO - Prompt processing progress: 81920/200010
2026-10-02 23:30:12,787 - INFO - Prompt processing progress: 83968/200010
2026-10-02 23:30:15,709 - INFO - Prompt processing progress: 86016/200010
2026-10-02 23:30:18,680 - INFO - Prompt processing progress: 88064/200010
2026-10-02 23:30:21,669 - INFO - Prompt processing progress: 90112/200010
2026-10-02 23:30:24,701 - INFO - Prompt processing progress: 92160/200010
2026-10-02 23:30:27,754 - INFO - Prompt processing progress: 94208/200010
2026-10-02 23:30:30,870 - INFO - Prompt processing progress: 96256/200010
2026-10-02 23:30:33,980 - INFO - Prompt processing progress: 98304/200010
2026-10-02 23:30:37,160 - INFO - Prompt processing progress: 100352/200010
2026-10-02 23:30:40,355 - INFO - Prompt processing progress: 102400/200010
2026-10-02 23:30:43,578 - INFO - Prompt processing progress: 104448/200010
2026-10-02 23:30:46,856 - INFO - Prompt processing progress: 106496/200010
2026-10-02 23:30:50,155 - INFO - Prompt processing progress: 108544/200010
2026-10-02 23:30:53,512 - INFO - Prompt processing progress: 110592/200010
2026-10-02 23:30:56,879 - INFO - Prompt processing progress: 112640/200010
2026-10-02 23:31:00,302 - INFO - Prompt processing progress: 114688/200010
2026-10-02 23:31:03,759 - INFO - Prompt processing progress: 116736/200010
2026-10-02 23:31:07,244 - INFO - Prompt processing progress: 118784/200010
2026-10-02 23:31:10,781 - INFO - Prompt processing progress: 120832/200010
2026-10-02 23:31:14,358 - INFO - Prompt processing progress: 122880/200010
2026-10-02 23:31:17,937 - INFO - Prompt processing progress: 124928/200010
2026-10-02 23:31:21,566 - INFO - Prompt processing progress: 126976/200010
2026-10-02 23:31:25,249 - INFO - Prompt processing progress: 129024/200010
2026-10-02 23:31:28,968 - INFO - Prompt processing progress: 131072/200010
2026-10-02 23:31:32,697 - INFO - Prompt processing progress: 133120/200010
2026-10-02 23:31:36,496 - INFO - Prompt processing progress: 135168/200010
2026-10-02 23:31:40,322 - INFO - Prompt processing progress: 137216/200010
2026-10-02 23:31:44,171 - INFO - Prompt processing progress: 139264/200010
2026-10-02 23:31:48,056 - INFO - Prompt processing progress: 141312/200010
2026-10-02 23:31:51,983 - INFO - Prompt processing progress: 143360/200010
2026-10-02 23:31:55,944 - INFO - Prompt processing progress: 145408/200010
2026-10-02 23:31:59,935 - INFO - Prompt processing progress: 147456/200010
2026-10-02 23:32:03,985 - INFO - Prompt processing progress: 149504/200010
2026-10-02 23:32:08,054 - INFO - Prompt processing progress: 151552/200010
2026-10-02 23:32:12,147 - INFO - Prompt processing progress: 153600/200010
2026-10-02 23:32:16,258 - INFO - Prompt processing progress: 155648/200010
2026-10-02 23:32:20,418 - INFO - Prompt processing progress: 157696/200010
2026-10-02 23:32:24,631 - INFO - Prompt processing progress: 159744/200010
2026-10-02 23:32:28,852 - INFO - Prompt processing progress: 161792/200010
2026-10-02 23:32:33,135 - INFO - Prompt processing progress: 163840/200010
2026-10-02 23:32:37,462 - INFO - Prompt processing progress: 165888/200010
2026-10-02 23:32:41,811 - INFO - Prompt processing progress: 167936/200010
2026-10-02 23:32:46,201 - INFO - Prompt processing progress: 169984/200010
2026-10-02 23:32:50,640 - INFO - Prompt processing progress: 172032/200010
2026-10-02 23:32:55,096 - INFO - Prompt processing progress: 174080/200010
2026-10-02 23:32:59,588 - INFO - Prompt processing progress: 176128/200010
2026-10-02 23:33:04,106 - INFO - Prompt processing progress: 178176/200010
2026-10-02 23:33:08,670 - INFO - Prompt processing progress: 180224/200010
2026-10-02 23:33:13,282 - INFO - Prompt processing progress: 182272/200010
2026-10-02 23:33:17,954 - INFO - Prompt processing progress: 184320/200010
2026-10-02 23:33:22,634 - INFO - Prompt processing progress: 186368/200010
2026-10-02 23:33:27,359 - INFO - Prompt processing progress: 188416/200010
2026-10-02 23:33:32,101 - INFO - Prompt processing progress: 190464/200010
2026-10-02 23:33:36,890 - INFO - Prompt processing progress: 192512/200010
2026-10-02 23:33:41,713 - INFO - Prompt processing progress: 194560/200010
2026-10-02 23:33:46,521 - INFO - Prompt processing progress: 196608/200010
2026-10-02 23:33:51,381 - INFO - Prompt processing progress: 198656/200010
2026-10-02 23:33:55,010 - INFO - Prompt processing progress: 200009/200010
2026-10-02 23:33:55,167 - INFO - Prompt processing progress: 200010/200010
127.0.0.1 - - [02/Oct/2026 23:33:56] "POST /v1/chat/completions HTTP/1.1" 200 -
2026-10-02 23:33:56,750 - INFO - Prompt Cache: 1 sequences, 17.24 GB
2026-10-02 23:33:56,751 - INFO - - assistant: 1 sequences, 17.24 GB
2026-10-02 23:33:56,751 - INFO - - user: 0 sequences, 0.00 GB
2026-10-02 23:33:56,751 - INFO - - system: 0 sequences, 0.00 GB
2026-10-02 23:33:56,864 - INFO - Prompt processing progress: 0/204306
2026-10-02 23:33:58,285 - INFO - Prompt processing progress: 2048/204306
2026-10-02 23:33:59,800 - INFO - Prompt processing progress: 4096/204306
2026-10-02 23:34:01,343 - INFO - Prompt processing progress: 6144/204306
2026-10-02 23:34:02,920 - INFO - Prompt processing progress: 8192/204306
2026-10-02 23:34:04,531 - INFO - Prompt processing progress: 10240/204306
2026-10-02 23:34:06,175 - INFO - Prompt processing progress: 12288/204306
2026-10-02 23:34:07,855 - INFO - Prompt processing progress: 14336/204306
2026-10-02 23:34:09,570 - INFO - Prompt processing progress: 16384/204306
2026-10-02 23:34:11,320 - INFO - Prompt processing progress: 18432/204306
2026-10-02 23:34:13,108 - INFO - Prompt processing progress: 20480/204306
2026-10-02 23:34:14,920 - INFO - Prompt processing progress: 22528/204306
2026-10-02 23:34:16,765 - INFO - Prompt processing progress: 24576/204306
2026-10-02 23:34:18,642 - INFO - Prompt processing progress: 26624/204306
2026-10-02 23:34:20,556 - INFO - Prompt processing progress: 28672/204306
2026-10-02 23:34:22,503 - INFO - Prompt processing progress: 30720/204306
2026-10-02 23:34:24,494 - INFO - Prompt processing progress: 32768/204306
2026-10-02 23:34:26,512 - INFO - Prompt processing progress: 34816/204306
2026-10-02 23:34:28,559 - INFO - Prompt processing progress: 36864/204306
2026-10-02 23:34:30,645 - INFO - Prompt processing progress: 38912/204306
2026-10-02 23:34:32,769 - INFO - Prompt processing progress: 40960/204306
2026-10-02 23:34:34,929 - INFO - Prompt processing progress: 43008/204306
2026-10-02 23:34:37,129 - INFO - Prompt processing progress: 45056/204306
2026-10-02 23:34:39,363 - INFO - Prompt processing progress: 47104/204306
2026-10-02 23:34:41,632 - INFO - Prompt processing progress: 49152/204306
2026-10-02 23:34:43,934 - INFO - Prompt processing progress: 51200/204306
2026-10-02 23:34:46,267 - INFO - Prompt processing progress: 53248/204306
2026-10-02 23:34:48,645 - INFO - Prompt processing progress: 55296/204306
2026-10-02 23:34:51,059 - INFO - Prompt processing progress: 57344/204306
2026-10-02 23:34:53,508 - INFO - Prompt processing progress: 59392/204306
2026-10-02 23:34:55,993 - INFO - Prompt processing progress: 61440/204306
2026-10-02 23:34:58,510 - INFO - Prompt processing progress: 63488/204306
2026-10-02 23:35:01,057 - INFO - Prompt processing progress: 65536/204306
2026-10-02 23:35:03,647 - INFO - Prompt processing progress: 67584/204306
2026-10-02 23:35:06,270 - INFO - Prompt processing progress: 69632/204306
2026-10-02 23:35:08,922 - INFO - Prompt processing progress: 71680/204306
2026-10-02 23:35:11,609 - INFO - Prompt processing progress: 73728/204306
2026-10-02 23:35:14,339 - INFO - Prompt processing progress: 75776/204306
2026-10-02 23:35:17,112 - INFO - Prompt processing progress: 77824/204306
2026-10-02 23:35:19,919 - INFO - Prompt processing progress: 79872/204306
2026-10-02 23:35:22,751 - INFO - Prompt processing progress: 81920/204306
2026-10-02 23:35:25,637 - INFO - Prompt processing progress: 83968/204306
2026-10-02 23:35:28,534 - INFO - Prompt processing progress: 86016/204306
2026-10-02 23:35:31,487 - INFO - Prompt processing progress: 88064/204306
2026-10-02 23:35:34,455 - INFO - Prompt processing progress: 90112/204306
2026-10-02 23:35:37,479 - INFO - Prompt processing progress: 92160/204306
2026-10-02 23:35:40,531 - INFO - Prompt processing progress: 94208/204306
2026-10-02 23:35:43,615 - INFO - Prompt processing progress: 96256/204306
2026-10-02 23:35:46,736 - INFO - Prompt processing progress: 98304/204306
2026-10-02 23:35:49,902 - INFO - Prompt processing progress: 100352/204306
2026-10-02 23:35:53,111 - INFO - Prompt processing progress: 102400/204306
2026-10-02 23:35:56,350 - INFO - Prompt processing progress: 104448/204306
2026-10-02 23:35:59,620 - INFO - Prompt processing progress: 106496/204306
2026-10-02 23:36:02,920 - INFO - Prompt processing progress: 108544/204306
2026-10-02 23:36:06,267 - INFO - Prompt processing progress: 110592/204306
2026-10-02 23:36:09,654 - INFO - Prompt processing progress: 112640/204306
2026-10-02 23:36:13,059 - INFO - Prompt processing progress: 114688/204306
2026-10-02 23:36:16,520 - INFO - Prompt processing progress: 116736/204306
2026-10-02 23:36:19,988 - INFO - Prompt processing progress: 118784/204306
2026-10-02 23:36:23,511 - INFO - Prompt processing progress: 120832/204306
2026-10-02 23:36:27,041 - INFO - Prompt processing progress: 122880/204306
2026-10-02 23:36:30,629 - INFO - Prompt processing progress: 124928/204306
2026-10-02 23:36:34,235 - INFO - Prompt processing progress: 126976/204306
2026-10-02 23:36:37,917 - INFO - Prompt processing progress: 129024/204306
2026-10-02 23:36:41,596 - INFO - Prompt processing progress: 131072/204306
2026-10-02 23:36:45,334 - INFO - Prompt processing progress: 133120/204306
2026-10-02 23:36:49,114 - INFO - Prompt processing progress: 135168/204306
2026-10-02 23:36:52,911 - INFO - Prompt processing progress: 137216/204306
2026-10-02 23:36:56,754 - INFO - Prompt processing progress: 139264/204306
2026-10-02 23:37:00,632 - INFO - Prompt processing progress: 141312/204306
2026-10-02 23:37:04,541 - INFO - Prompt processing progress: 143360/204306
2026-10-02 23:37:08,485 - INFO - Prompt processing progress: 145408/204306
2026-10-02 23:37:12,471 - INFO - Prompt processing progress: 147456/204306
2026-10-02 23:37:16,506 - INFO - Prompt processing progress: 149504/204306
2026-10-02 23:37:20,588 - INFO - Prompt processing progress: 151552/204306
2026-10-02 23:37:24,680 - INFO - Prompt processing progress: 153600/204306
2026-10-02 23:37:28,810 - INFO - Prompt processing progress: 155648/204306
2026-10-02 23:37:32,992 - INFO - Prompt processing progress: 157696/204306
2026-10-02 23:37:37,196 - INFO - Prompt processing progress: 159744/204306
2026-10-02 23:37:41,453 - INFO - Prompt processing progress: 161792/204306
2026-10-02 23:37:45,737 - INFO - Prompt processing progress: 163840/204306
2026-10-02 23:37:50,040 - INFO - Prompt processing progress: 165888/204306
2026-10-02 23:37:54,387 - INFO - Prompt processing progress: 167936/204306
2026-10-02 23:37:58,745 - INFO - Prompt processing progress: 169984/204306
2026-10-02 23:38:03,182 - INFO - Prompt processing progress: 172032/204306
2026-10-02 23:38:07,642 - INFO - Prompt processing progress: 174080/204306
2026-10-02 23:38:12,137 - INFO - Prompt processing progress: 176128/204306
2026-10-02 23:38:16,673 - INFO - Prompt processing progress: 178176/204306
2026-10-02 23:38:21,200 - INFO - Prompt processing progress: 180224/204306
2026-10-02 23:38:25,806 - INFO - Prompt processing progress: 182272/204306
2026-10-02 23:38:30,456 - INFO - Prompt processing progress: 184320/204306
2026-10-02 23:38:35,140 - INFO - Prompt processing progress: 186368/204306
2026-10-02 23:38:39,860 - INFO - Prompt processing progress: 188416/204306
2026-10-02 23:38:44,636 - INFO - Prompt processing progress: 190464/204306
2026-10-02 23:38:49,449 - INFO - Prompt processing progress: 192512/204306
2026-10-02 23:38:54,308 - INFO - Prompt processing progress: 194560/204306
2026-10-02 23:38:59,182 - INFO - Prompt processing progress: 196608/204306
2026-10-02 23:39:04,098 - INFO - Prompt processing progress: 198656/204306
2026-10-02 23:39:09,000 - INFO - Prompt processing progress: 200704/204306
2026-10-02 23:39:13,967 - INFO - Prompt processing progress: 202752/204306
2026-10-02 23:39:18,096 - INFO - Prompt processing progress: 204305/204306
2026-10-02 23:39:18,255 - INFO - Prompt processing progress: 204306/204306
127.0.0.1 - - [02/Oct/2026 23:39:52] "POST /v1/chat/completions HTTP/1.1" 200 -
2026-10-02 23:39:52,710 - INFO - Prompt Cache: 1 sequences, 17.64 GB
2026-10-02 23:39:52,711 - INFO - - assistant: 1 sequences, 17.64 GB
2026-10-02 23:39:52,711 - INFO - - user: 0 sequences, 0.00 GB
2026-10-02 23:39:52,711 - INFO - - system: 0 sequences, 0.00 GB
2026-10-02 23:39:52,824 - INFO - Prompt processing progress: 0/204850
2026-10-02 23:39:54,247 - INFO - Prompt processing progress: 2048/204850
2026-10-02 23:39:55,791 - INFO - Prompt processing progress: 4096/204850
2026-10-02 23:39:57,335 - INFO - Prompt processing progress: 6144/204850
2026-10-02 23:39:58,910 - INFO - Prompt processing progress: 8192/204850
2026-10-02 23:40:00,518 - INFO - Prompt processing progress: 10240/204850
2026-10-02 23:40:02,161 - INFO - Prompt processing progress: 12288/204850
2026-10-02 23:40:03,837 - INFO - Prompt processing progress: 14336/204850
2026-10-02 23:40:05,552 - INFO - Prompt processing progress: 16384/204850
2026-10-02 23:40:07,306 - INFO - Prompt processing progress: 18432/204850
2026-10-02 23:40:09,088 - INFO - Prompt processing progress: 20480/204850
2026-10-02 23:40:10,910 - INFO - Prompt processing progress: 22528/204850
2026-10-02 23:40:12,763 - INFO - Prompt processing progress: 24576/204850
2026-10-02 23:40:14,651 - INFO - Prompt processing progress: 26624/204850
2026-10-02 23:40:16,574 - INFO - Prompt processing progress: 28672/204850
2026-10-02 23:40:18,524 - INFO - Prompt processing progress: 30720/204850
2026-10-02 23:40:20,514 - INFO - Prompt processing progress: 32768/204850
2026-10-02 23:40:22,536 - INFO - Prompt processing progress: 34816/204850
2026-10-02 23:40:24,598 - INFO - Prompt processing progress: 36864/204850
2026-10-02 23:40:26,694 - INFO - Prompt processing progress: 38912/204850
2026-10-02 23:40:28,818 - INFO - Prompt processing progress: 40960/204850
2026-10-02 23:40:30,985 - INFO - Prompt processing progress: 43008/204850
2026-10-02 23:40:33,178 - INFO - Prompt processing progress: 45056/204850
2026-10-02 23:40:35,410 - INFO - Prompt processing progress: 47104/204850
2026-10-02 23:40:37,696 - INFO - Prompt processing progress: 49152/204850
2026-10-02 23:40:40,002 - INFO - Prompt processing progress: 51200/204850
2026-10-02 23:40:42,339 - INFO - Prompt processing progress: 53248/204850
2026-10-02 23:40:44,722 - INFO - Prompt processing progress: 55296/204850
2026-10-02 23:40:47,125 - INFO - Prompt processing progress: 57344/204850
2026-10-02 23:40:49,602 - INFO - Prompt processing progress: 59392/204850
2026-10-02 23:40:52,094 - INFO - Prompt processing progress: 61440/204850
2026-10-02 23:40:54,611 - INFO - Prompt processing progress: 63488/204850
2026-10-02 23:40:57,162 - INFO - Prompt processing progress: 65536/204850
2026-10-02 23:40:59,749 - INFO - Prompt processing progress: 67584/204850
2026-10-02 23:41:02,373 - INFO - Prompt processing progress: 69632/204850
2026-10-02 23:41:05,030 - INFO - Prompt processing progress: 71680/204850
2026-10-02 23:41:07,740 - INFO - Prompt processing progress: 73728/204850
2026-10-02 23:41:10,483 - INFO - Prompt processing progress: 75776/204850
2026-10-02 23:41:13,244 - INFO - Prompt processing progress: 77824/204850
2026-10-02 23:41:16,065 - INFO - Prompt processing progress: 79872/204850
2026-10-02 23:41:18,898 - INFO - Prompt processing progress: 81920/204850
2026-10-02 23:41:21,791 - INFO - Prompt processing progress: 83968/204850
2026-10-02 23:41:24,697 - INFO - Prompt processing progress: 86016/204850
2026-10-02 23:41:27,643 - INFO - Prompt processing progress: 88064/204850
2026-10-02 23:41:30,630 - INFO - Prompt processing progress: 90112/204850
2026-10-02 23:41:33,647 - INFO - Prompt processing progress: 92160/204850
2026-10-02 23:41:36,695 - INFO - Prompt processing progress: 94208/204850
2026-10-02 23:41:39,792 - INFO - Prompt processing progress: 96256/204850
2026-10-02 23:41:42,924 - INFO - Prompt processing progress: 98304/204850
2026-10-02 23:41:46,079 - INFO - Prompt processing progress: 100352/204850
2026-10-02 23:41:49,277 - INFO - Prompt processing progress: 102400/204850
2026-10-02 23:41:52,519 - INFO - Prompt processing progress: 104448/204850
2026-10-02 23:41:55,802 - INFO - Prompt processing progress: 106496/204850
2026-10-02 23:41:59,102 - INFO - Prompt processing progress: 108544/204850
2026-10-02 23:42:02,456 - INFO - Prompt processing progress: 110592/204850
2026-10-02 23:42:05,849 - INFO - Prompt processing progress: 112640/204850
2026-10-02 23:42:09,275 - INFO - Prompt processing progress: 114688/204850
2026-10-02 23:42:12,744 - INFO - Prompt processing progress: 116736/204850
2026-10-02 23:42:16,244 - INFO - Prompt processing progress: 118784/204850
2026-10-02 23:42:19,788 - INFO - Prompt processing progress: 120832/204850
2026-10-02 23:42:23,361 - INFO - Prompt processing progress: 122880/204850
2026-10-02 23:42:26,961 - INFO - Prompt processing progress: 124928/204850
2026-10-02 23:42:30,576 - INFO - Prompt processing progress: 126976/204850
2026-10-02 23:42:34,260 - INFO - Prompt processing progress: 129024/204850
2026-10-02 23:42:37,941 - INFO - Prompt processing progress: 131072/204850
2026-10-02 23:42:41,690 - INFO - Prompt processing progress: 133120/204850
2026-10-02 23:42:45,457 - INFO - Prompt processing progress: 135168/204850
2026-10-02 23:42:49,280 - INFO - Prompt processing progress: 137216/204850
2026-10-02 23:42:53,133 - INFO - Prompt processing progress: 139264/204850
2026-10-02 23:42:57,002 - INFO - Prompt processing progress: 141312/204850
2026-10-02 23:43:00,920 - INFO - Prompt processing progress: 143360/204850
2026-10-02 23:43:04,870 - INFO - Prompt processing progress: 145408/204850
2026-10-02 23:43:08,828 - INFO - Prompt processing progress: 147456/204850
2026-10-02 23:43:12,867 - INFO - Prompt processing progress: 149504/204850
2026-10-02 23:43:16,929 - INFO - Prompt processing progress: 151552/204850
2026-10-02 23:43:21,028 - INFO - Prompt processing progress: 153600/204850
2026-10-02 23:43:25,150 - INFO - Prompt processing progress: 155648/204850
2026-10-02 23:43:29,320 - INFO - Prompt processing progress: 157696/204850
2026-10-02 23:43:33,533 - INFO - Prompt processing progress: 159744/204850
2026-10-02 23:43:37,767 - INFO - Prompt processing progress: 161792/204850
2026-10-02 23:43:42,048 - INFO - Prompt processing progress: 163840/204850
2026-10-02 23:43:46,363 - INFO - Prompt processing progress: 165888/204850
2026-10-02 23:43:50,717 - INFO - Prompt processing progress: 167936/204850
2026-10-02 23:43:55,109 - INFO - Prompt processing progress: 169984/204850
2026-10-02 23:43:59,531 - INFO - Prompt processing progress: 172032/204850
2026-10-02 23:44:04,013 - INFO - Prompt processing progress: 174080/204850
2026-10-02 23:44:08,519 - INFO - Prompt processing progress: 176128/204850
2026-10-02 23:44:13,080 - INFO - Prompt processing progress: 178176/204850
2026-10-02 23:44:17,637 - INFO - Prompt processing progress: 180224/204850
2026-10-02 23:44:22,248 - INFO - Prompt processing progress: 182272/204850
2026-10-02 23:44:26,934 - INFO - Prompt processing progress: 184320/204850
2026-10-02 23:44:31,636 - INFO - Prompt processing progress: 186368/204850
2026-10-02 23:44:36,375 - INFO - Prompt processing progress: 188416/204850
2026-10-02 23:44:41,160 - INFO - Prompt processing progress: 190464/204850
2026-10-02 23:44:45,951 - INFO - Prompt processing progress: 192512/204850
2026-10-02 23:44:50,786 - INFO - Prompt processing progress: 194560/204850
2026-10-02 23:44:55,661 - INFO - Prompt processing progress: 196608/204850
2026-10-02 23:45:00,522 - INFO - Prompt processing progress: 198656/204850
2026-10-02 23:45:05,417 - INFO - Prompt processing progress: 200704/204850
2026-10-02 23:45:10,398 - INFO - Prompt processing progress: 202752/204850
2026-10-02 23:45:15,407 - INFO - Prompt processing progress: 204800/204850
2026-10-02 23:45:15,993 - INFO - Prompt processing progress: 204849/204850
2026-10-02 23:45:16,139 - INFO - Prompt processing progress: 204850/204850
