<M5_REPO>/.venv/lib/python3.12/site-packages/mlx_lm/server.py:1723: UserWarning: mlx_lm.server is not recommended for production as it only implements basic security checks.
  warnings.warn(
2026-10-02 23:46:34,140 - INFO - Starting httpd at 127.0.0.1 on port 18185...
127.0.0.1 - - [02/Oct/2026 23:46:34] "GET /v1/models HTTP/1.1" 200 -
2026-10-02 23:57:08,436 - INFO - Prompt Cache: 0 sequences, 0.00 GB
2026-10-02 23:57:08,437 - INFO - - assistant: 0 sequences, 0.00 GB
2026-10-02 23:57:08,437 - INFO - - user: 0 sequences, 0.00 GB
2026-10-02 23:57:08,437 - INFO - - system: 0 sequences, 0.00 GB
127.0.0.1 - - [02/Oct/2026 23:57:08] "POST /v1/chat/completions HTTP/1.1" 200 -
2026-10-02 23:57:08,759 - INFO - Prompt processing progress: 21/8207
2026-10-02 23:57:10,197 - INFO - Prompt processing progress: 2069/8207
2026-10-02 23:57:11,727 - INFO - Prompt processing progress: 4117/8207
2026-10-02 23:57:13,280 - INFO - Prompt processing progress: 6165/8207
2026-10-02 23:57:14,899 - INFO - Prompt processing progress: 8203/8207
2026-10-02 23:57:14,958 - INFO - Prompt processing progress: 8206/8207
2026-10-02 23:57:15,013 - INFO - Prompt processing progress: 8207/8207
2026-10-02 23:57:25,212 - INFO - Prompt Cache: 0 sequences, 0.00 GB
2026-10-02 23:57:25,212 - INFO - - assistant: 0 sequences, 0.00 GB
2026-10-02 23:57:25,212 - INFO - - user: 0 sequences, 0.00 GB
2026-10-02 23:57:25,212 - INFO - - system: 0 sequences, 0.00 GB
127.0.0.1 - - [02/Oct/2026 23:57:25] "POST /v1/chat/completions HTTP/1.1" 200 -
2026-10-02 23:57:25,408 - INFO - Prompt processing progress: 21/8207
2026-10-02 23:57:26,855 - INFO - Prompt processing progress: 2069/8207
2026-10-02 23:57:28,383 - INFO - Prompt processing progress: 4117/8207
2026-10-02 23:57:29,943 - INFO - Prompt processing progress: 6165/8207
2026-10-02 23:57:31,567 - INFO - Prompt processing progress: 8203/8207
2026-10-02 23:57:31,626 - INFO - Prompt processing progress: 8206/8207
2026-10-02 23:57:31,676 - INFO - Prompt processing progress: 8207/8207
2026-10-02 23:57:41,893 - INFO - Prompt Cache: 0 sequences, 0.00 GB
2026-10-02 23:57:41,893 - INFO - - assistant: 0 sequences, 0.00 GB
2026-10-02 23:57:41,893 - INFO - - user: 0 sequences, 0.00 GB
2026-10-02 23:57:41,893 - INFO - - system: 0 sequences, 0.00 GB
127.0.0.1 - - [02/Oct/2026 23:57:41] "POST /v1/chat/completions HTTP/1.1" 200 -
2026-10-02 23:57:42,081 - INFO - Prompt processing progress: 21/8207
2026-10-02 23:57:43,527 - INFO - Prompt processing progress: 2069/8207
2026-10-02 23:57:45,051 - INFO - Prompt processing progress: 4117/8207
2026-10-02 23:57:46,608 - INFO - Prompt processing progress: 6165/8207
2026-10-02 23:57:48,228 - INFO - Prompt processing progress: 8203/8207
2026-10-02 23:57:48,288 - INFO - Prompt processing progress: 8206/8207
2026-10-02 23:57:48,338 - INFO - Prompt processing progress: 8207/8207
2026-10-02 23:57:58,554 - INFO - Prompt Cache: 0 sequences, 0.00 GB
2026-10-02 23:57:58,554 - INFO - - assistant: 0 sequences, 0.00 GB
2026-10-02 23:57:58,554 - INFO - - user: 0 sequences, 0.00 GB
2026-10-02 23:57:58,554 - INFO - - system: 0 sequences, 0.00 GB
127.0.0.1 - - [02/Oct/2026 23:57:58] "POST /v1/chat/completions HTTP/1.1" 200 -
2026-10-02 23:57:58,749 - INFO - Prompt processing progress: 21/8207
2026-10-02 23:58:00,194 - INFO - Prompt processing progress: 2069/8207
2026-10-02 23:58:01,724 - INFO - Prompt processing progress: 4117/8207
2026-10-02 23:58:03,284 - INFO - Prompt processing progress: 6165/8207
2026-10-02 23:58:04,902 - INFO - Prompt processing progress: 8203/8207
2026-10-02 23:58:04,961 - INFO - Prompt processing progress: 8206/8207
2026-10-02 23:58:05,011 - INFO - Prompt processing progress: 8207/8207
2026-10-02 23:58:15,242 - INFO - Prompt Cache: 0 sequences, 0.00 GB
2026-10-02 23:58:15,242 - INFO - - assistant: 0 sequences, 0.00 GB
2026-10-02 23:58:15,242 - INFO - - user: 0 sequences, 0.00 GB
2026-10-02 23:58:15,242 - INFO - - system: 0 sequences, 0.00 GB
127.0.0.1 - - [02/Oct/2026 23:58:15] "POST /v1/chat/completions HTTP/1.1" 200 -
2026-10-02 23:58:15,435 - INFO - Prompt processing progress: 21/8207
2026-10-02 23:58:16,875 - INFO - Prompt processing progress: 2069/8207
2026-10-02 23:58:18,405 - INFO - Prompt processing progress: 4117/8207
2026-10-02 23:58:19,963 - INFO - Prompt processing progress: 6165/8207
2026-10-02 23:58:21,585 - INFO - Prompt processing progress: 8203/8207
2026-10-02 23:58:21,644 - INFO - Prompt processing progress: 8206/8207
2026-10-02 23:58:21,695 - INFO - Prompt processing progress: 8207/8207
2026-10-02 23:58:31,925 - INFO - Prompt Cache: 0 sequences, 0.00 GB
2026-10-02 23:58:31,926 - INFO - - assistant: 0 sequences, 0.00 GB
2026-10-02 23:58:31,926 - INFO - - user: 0 sequences, 0.00 GB
2026-10-02 23:58:31,926 - INFO - - system: 0 sequences, 0.00 GB
127.0.0.1 - - [02/Oct/2026 23:58:31] "POST /v1/chat/completions HTTP/1.1" 200 -
2026-10-02 23:58:32,124 - INFO - Prompt processing progress: 21/8207
2026-10-02 23:58:33,565 - INFO - Prompt processing progress: 2069/8207
2026-10-02 23:58:35,091 - INFO - Prompt processing progress: 4117/8207
2026-10-02 23:58:36,651 - INFO - Prompt processing progress: 6165/8207
2026-10-02 23:58:38,269 - INFO - Prompt processing progress: 8203/8207
2026-10-02 23:58:38,328 - INFO - Prompt processing progress: 8206/8207
2026-10-02 23:58:38,378 - INFO - Prompt processing progress: 8207/8207
2026-10-02 23:58:48,634 - INFO - Prompt Cache: 0 sequences, 0.00 GB
2026-10-02 23:58:48,634 - INFO - - assistant: 0 sequences, 0.00 GB
2026-10-02 23:58:48,634 - INFO - - user: 0 sequences, 0.00 GB
2026-10-02 23:58:48,634 - INFO - - system: 0 sequences, 0.00 GB
127.0.0.1 - - [02/Oct/2026 23:58:48] "POST /v1/chat/completions HTTP/1.1" 200 -
2026-10-02 23:58:48,826 - INFO - Prompt processing progress: 21/8207
2026-10-02 23:58:50,272 - INFO - Prompt processing progress: 2069/8207
2026-10-02 23:58:51,801 - INFO - Prompt processing progress: 4117/8207
2026-10-02 23:58:53,359 - INFO - Prompt processing progress: 6165/8207
2026-10-02 23:58:54,983 - INFO - Prompt processing progress: 8203/8207
2026-10-02 23:58:55,043 - INFO - Prompt processing progress: 8206/8207
2026-10-02 23:58:55,093 - INFO - Prompt processing progress: 8207/8207
2026-10-02 23:59:05,351 - INFO - Prompt Cache: 0 sequences, 0.00 GB
2026-10-02 23:59:05,352 - INFO - - assistant: 0 sequences, 0.00 GB
2026-10-02 23:59:05,352 - INFO - - user: 0 sequences, 0.00 GB
2026-10-02 23:59:05,352 - INFO - - system: 0 sequences, 0.00 GB
127.0.0.1 - - [02/Oct/2026 23:59:05] "POST /v1/chat/completions HTTP/1.1" 200 -
2026-10-02 23:59:05,543 - INFO - Prompt processing progress: 21/8207
2026-10-02 23:59:06,997 - INFO - Prompt processing progress: 2069/8207
2026-10-02 23:59:08,522 - INFO - Prompt processing progress: 4117/8207
2026-10-02 23:59:10,082 - INFO - Prompt processing progress: 6165/8207
2026-10-02 23:59:11,711 - INFO - Prompt processing progress: 8203/8207
2026-10-02 23:59:11,772 - INFO - Prompt processing progress: 8206/8207
2026-10-02 23:59:11,822 - INFO - Prompt processing progress: 8207/8207
2026-10-02 23:59:22,079 - INFO - Prompt Cache: 0 sequences, 0.00 GB
2026-10-02 23:59:22,079 - INFO - - assistant: 0 sequences, 0.00 GB
2026-10-02 23:59:22,079 - INFO - - user: 0 sequences, 0.00 GB
2026-10-02 23:59:22,079 - INFO - - system: 0 sequences, 0.00 GB
127.0.0.1 - - [02/Oct/2026 23:59:22] "POST /v1/chat/completions HTTP/1.1" 200 -
2026-10-02 23:59:22,271 - INFO - Prompt processing progress: 21/8207
2026-10-02 23:59:23,712 - INFO - Prompt processing progress: 2069/8207
2026-10-02 23:59:25,235 - INFO - Prompt processing progress: 4117/8207
2026-10-02 23:59:26,793 - INFO - Prompt processing progress: 6165/8207
2026-10-02 23:59:28,415 - INFO - Prompt processing progress: 8203/8207
2026-10-02 23:59:28,474 - INFO - Prompt processing progress: 8206/8207
2026-10-02 23:59:28,525 - INFO - Prompt processing progress: 8207/8207
2026-10-02 23:59:38,755 - INFO - Prompt Cache: 0 sequences, 0.00 GB
2026-10-02 23:59:38,755 - INFO - - assistant: 0 sequences, 0.00 GB
2026-10-02 23:59:38,755 - INFO - - user: 0 sequences, 0.00 GB
2026-10-02 23:59:38,755 - INFO - - system: 0 sequences, 0.00 GB
127.0.0.1 - - [02/Oct/2026 23:59:38] "POST /v1/chat/completions HTTP/1.1" 200 -
2026-10-02 23:59:38,954 - INFO - Prompt processing progress: 21/8207
2026-10-02 23:59:40,395 - INFO - Prompt processing progress: 2069/8207
2026-10-02 23:59:41,924 - INFO - Prompt processing progress: 4117/8207
2026-10-02 23:59:43,485 - INFO - Prompt processing progress: 6165/8207
2026-10-02 23:59:45,102 - INFO - Prompt processing progress: 8203/8207
2026-10-02 23:59:45,162 - INFO - Prompt processing progress: 8206/8207
2026-10-02 23:59:45,211 - INFO - Prompt processing progress: 8207/8207
2026-10-02 23:59:55,443 - INFO - Prompt Cache: 0 sequences, 0.00 GB
2026-10-02 23:59:55,443 - INFO - - assistant: 0 sequences, 0.00 GB
2026-10-02 23:59:55,443 - INFO - - user: 0 sequences, 0.00 GB
2026-10-02 23:59:55,443 - INFO - - system: 0 sequences, 0.00 GB
127.0.0.1 - - [02/Oct/2026 23:59:55] "POST /v1/chat/completions HTTP/1.1" 200 -
2026-10-02 23:59:55,642 - INFO - Prompt processing progress: 21/8208
2026-10-02 23:59:57,086 - INFO - Prompt processing progress: 2069/8208
2026-10-02 23:59:58,612 - INFO - Prompt processing progress: 4117/8208
2026-10-03 00:00:00,173 - INFO - Prompt processing progress: 6165/8208
2026-10-03 00:00:01,803 - INFO - Prompt processing progress: 8204/8208
2026-10-03 00:00:01,864 - INFO - Prompt processing progress: 8207/8208
2026-10-03 00:00:01,915 - INFO - Prompt processing progress: 8208/8208
2026-10-03 00:00:12,151 - INFO - Prompt Cache: 0 sequences, 0.00 GB
2026-10-03 00:00:12,151 - INFO - - assistant: 0 sequences, 0.00 GB
2026-10-03 00:00:12,151 - INFO - - user: 0 sequences, 0.00 GB
2026-10-03 00:00:12,151 - INFO - - system: 0 sequences, 0.00 GB
127.0.0.1 - - [03/Oct/2026 00:00:12] "POST /v1/chat/completions HTTP/1.1" 200 -
2026-10-03 00:00:12,351 - INFO - Prompt processing progress: 21/8208
2026-10-03 00:00:13,791 - INFO - Prompt processing progress: 2069/8208
2026-10-03 00:00:15,318 - INFO - Prompt processing progress: 4117/8208
2026-10-03 00:00:16,877 - INFO - Prompt processing progress: 6165/8208
2026-10-03 00:00:18,494 - INFO - Prompt processing progress: 8204/8208
2026-10-03 00:00:18,556 - INFO - Prompt processing progress: 8207/8208
2026-10-03 00:00:18,607 - INFO - Prompt processing progress: 8208/8208
2026-10-03 00:00:28,843 - INFO - Prompt Cache: 0 sequences, 0.00 GB
2026-10-03 00:00:28,843 - INFO - - assistant: 0 sequences, 0.00 GB
2026-10-03 00:00:28,843 - INFO - - user: 0 sequences, 0.00 GB
2026-10-03 00:00:28,843 - INFO - - system: 0 sequences, 0.00 GB
127.0.0.1 - - [03/Oct/2026 00:00:28] "POST /v1/chat/completions HTTP/1.1" 200 -
2026-10-03 00:00:29,035 - INFO - Prompt processing progress: 21/8208
2026-10-03 00:00:30,475 - INFO - Prompt processing progress: 2069/8208
2026-10-03 00:00:32,003 - INFO - Prompt processing progress: 4117/8208
2026-10-03 00:00:33,563 - INFO - Prompt processing progress: 6165/8208
2026-10-03 00:00:35,180 - INFO - Prompt processing progress: 8204/8208
2026-10-03 00:00:35,240 - INFO - Prompt processing progress: 8207/8208
2026-10-03 00:00:35,291 - INFO - Prompt processing progress: 8208/8208
2026-10-03 00:00:45,519 - INFO - Prompt Cache: 0 sequences, 0.00 GB
2026-10-03 00:00:45,519 - INFO - - assistant: 0 sequences, 0.00 GB
2026-10-03 00:00:45,519 - INFO - - user: 0 sequences, 0.00 GB
2026-10-03 00:00:45,519 - INFO - - system: 0 sequences, 0.00 GB
127.0.0.1 - - [03/Oct/2026 00:00:45] "POST /v1/chat/completions HTTP/1.1" 200 -
2026-10-03 00:00:45,723 - INFO - Prompt processing progress: 21/8208
2026-10-03 00:00:47,166 - INFO - Prompt processing progress: 2069/8208
2026-10-03 00:00:48,693 - INFO - Prompt processing progress: 4117/8208
2026-10-03 00:00:50,250 - INFO - Prompt processing progress: 6165/8208
2026-10-03 00:00:51,869 - INFO - Prompt processing progress: 8204/8208
2026-10-03 00:00:51,929 - INFO - Prompt processing progress: 8207/8208
2026-10-03 00:00:51,979 - INFO - Prompt processing progress: 8208/8208
2026-10-03 00:01:02,218 - INFO - Prompt Cache: 0 sequences, 0.00 GB
2026-10-03 00:01:02,218 - INFO - - assistant: 0 sequences, 0.00 GB
2026-10-03 00:01:02,218 - INFO - - user: 0 sequences, 0.00 GB
2026-10-03 00:01:02,218 - INFO - - system: 0 sequences, 0.00 GB
127.0.0.1 - - [03/Oct/2026 00:01:02] "POST /v1/chat/completions HTTP/1.1" 200 -
2026-10-03 00:01:02,415 - INFO - Prompt processing progress: 21/8208
2026-10-03 00:01:03,858 - INFO - Prompt processing progress: 2069/8208
2026-10-03 00:01:05,385 - INFO - Prompt processing progress: 4117/8208
2026-10-03 00:01:06,948 - INFO - Prompt processing progress: 6165/8208
2026-10-03 00:01:08,569 - INFO - Prompt processing progress: 8204/8208
2026-10-03 00:01:08,629 - INFO - Prompt processing progress: 8207/8208
2026-10-03 00:01:08,679 - INFO - Prompt processing progress: 8208/8208
2026-10-03 00:01:18,906 - INFO - Prompt Cache: 0 sequences, 0.00 GB
2026-10-03 00:01:18,906 - INFO - - assistant: 0 sequences, 0.00 GB
2026-10-03 00:01:18,906 - INFO - - user: 0 sequences, 0.00 GB
2026-10-03 00:01:18,906 - INFO - - system: 0 sequences, 0.00 GB
127.0.0.1 - - [03/Oct/2026 00:01:18] "POST /v1/chat/completions HTTP/1.1" 200 -
2026-10-03 00:01:19,109 - INFO - Prompt processing progress: 21/8208
2026-10-03 00:01:20,555 - INFO - Prompt processing progress: 2069/8208
2026-10-03 00:01:22,084 - INFO - Prompt processing progress: 4117/8208
2026-10-03 00:01:23,640 - INFO - Prompt processing progress: 6165/8208
2026-10-03 00:01:25,260 - INFO - Prompt processing progress: 8204/8208
2026-10-03 00:01:25,320 - INFO - Prompt processing progress: 8207/8208
2026-10-03 00:01:25,370 - INFO - Prompt processing progress: 8208/8208
2026-10-03 00:01:35,604 - INFO - Prompt Cache: 0 sequences, 0.00 GB
2026-10-03 00:01:35,604 - INFO - - assistant: 0 sequences, 0.00 GB
2026-10-03 00:01:35,604 - INFO - - user: 0 sequences, 0.00 GB
2026-10-03 00:01:35,605 - INFO - - system: 0 sequences, 0.00 GB
127.0.0.1 - - [03/Oct/2026 00:01:35] "POST /v1/chat/completions HTTP/1.1" 200 -
2026-10-03 00:01:35,798 - INFO - Prompt processing progress: 21/8208
2026-10-03 00:01:37,239 - INFO - Prompt processing progress: 2069/8208
2026-10-03 00:01:38,762 - INFO - Prompt processing progress: 4117/8208
2026-10-03 00:01:40,318 - INFO - Prompt processing progress: 6165/8208
2026-10-03 00:01:41,939 - INFO - Prompt processing progress: 8204/8208
2026-10-03 00:01:41,999 - INFO - Prompt processing progress: 8207/8208
2026-10-03 00:01:42,049 - INFO - Prompt processing progress: 8208/8208
2026-10-03 00:01:52,274 - INFO - Prompt Cache: 0 sequences, 0.00 GB
2026-10-03 00:01:52,274 - INFO - - assistant: 0 sequences, 0.00 GB
2026-10-03 00:01:52,274 - INFO - - user: 0 sequences, 0.00 GB
2026-10-03 00:01:52,274 - INFO - - system: 0 sequences, 0.00 GB
127.0.0.1 - - [03/Oct/2026 00:01:52] "POST /v1/chat/completions HTTP/1.1" 200 -
2026-10-03 00:01:52,473 - INFO - Prompt processing progress: 21/8208
2026-10-03 00:01:53,914 - INFO - Prompt processing progress: 2069/8208
2026-10-03 00:01:55,439 - INFO - Prompt processing progress: 4117/8208
2026-10-03 00:01:57,000 - INFO - Prompt processing progress: 6165/8208
2026-10-03 00:01:58,618 - INFO - Prompt processing progress: 8204/8208
2026-10-03 00:01:58,679 - INFO - Prompt processing progress: 8207/8208
2026-10-03 00:01:58,729 - INFO - Prompt processing progress: 8208/8208
2026-10-03 00:02:08,971 - INFO - Prompt Cache: 0 sequences, 0.00 GB
2026-10-03 00:02:08,971 - INFO - - assistant: 0 sequences, 0.00 GB
2026-10-03 00:02:08,971 - INFO - - user: 0 sequences, 0.00 GB
2026-10-03 00:02:08,971 - INFO - - system: 0 sequences, 0.00 GB
127.0.0.1 - - [03/Oct/2026 00:02:08] "POST /v1/chat/completions HTTP/1.1" 200 -
2026-10-03 00:02:09,167 - INFO - Prompt processing progress: 21/8208
2026-10-03 00:02:10,611 - INFO - Prompt processing progress: 2069/8208
2026-10-03 00:02:12,140 - INFO - Prompt processing progress: 4117/8208
2026-10-03 00:02:13,698 - INFO - Prompt processing progress: 6165/8208
2026-10-03 00:02:15,318 - INFO - Prompt processing progress: 8204/8208
2026-10-03 00:02:15,378 - INFO - Prompt processing progress: 8207/8208
2026-10-03 00:02:15,429 - INFO - Prompt processing progress: 8208/8208
2026-10-03 00:02:25,655 - INFO - Prompt Cache: 0 sequences, 0.00 GB
2026-10-03 00:02:25,655 - INFO - - assistant: 0 sequences, 0.00 GB
2026-10-03 00:02:25,655 - INFO - - user: 0 sequences, 0.00 GB
2026-10-03 00:02:25,655 - INFO - - system: 0 sequences, 0.00 GB
127.0.0.1 - - [03/Oct/2026 00:02:25] "POST /v1/chat/completions HTTP/1.1" 200 -
2026-10-03 00:02:25,855 - INFO - Prompt processing progress: 21/8208
2026-10-03 00:02:27,296 - INFO - Prompt processing progress: 2069/8208
2026-10-03 00:02:28,825 - INFO - Prompt processing progress: 4117/8208
2026-10-03 00:02:30,380 - INFO - Prompt processing progress: 6165/8208
2026-10-03 00:02:32,001 - INFO - Prompt processing progress: 8204/8208
2026-10-03 00:02:32,061 - INFO - Prompt processing progress: 8207/8208
2026-10-03 00:02:32,111 - INFO - Prompt processing progress: 8208/8208
2026-10-03 00:02:42,340 - INFO - Prompt Cache: 0 sequences, 0.00 GB
2026-10-03 00:02:42,340 - INFO - - assistant: 0 sequences, 0.00 GB
2026-10-03 00:02:42,340 - INFO - - user: 0 sequences, 0.00 GB
2026-10-03 00:02:42,340 - INFO - - system: 0 sequences, 0.00 GB
127.0.0.1 - - [03/Oct/2026 00:02:42] "POST /v1/chat/completions HTTP/1.1" 200 -
2026-10-03 00:02:42,533 - INFO - Prompt processing progress: 21/8208
2026-10-03 00:02:43,975 - INFO - Prompt processing progress: 2069/8208
2026-10-03 00:02:45,505 - INFO - Prompt processing progress: 4117/8208
2026-10-03 00:02:47,066 - INFO - Prompt processing progress: 6165/8208
2026-10-03 00:02:48,689 - INFO - Prompt processing progress: 8204/8208
2026-10-03 00:02:48,750 - INFO - Prompt processing progress: 8207/8208
2026-10-03 00:02:48,800 - INFO - Prompt processing progress: 8208/8208
2026-10-03 00:02:59,022 - INFO - Prompt Cache: 0 sequences, 0.00 GB
2026-10-03 00:02:59,022 - INFO - - assistant: 0 sequences, 0.00 GB
2026-10-03 00:02:59,022 - INFO - - user: 0 sequences, 0.00 GB
2026-10-03 00:02:59,022 - INFO - - system: 0 sequences, 0.00 GB
127.0.0.1 - - [03/Oct/2026 00:02:59] "POST /v1/chat/completions HTTP/1.1" 200 -
2026-10-03 00:02:59,220 - INFO - Prompt processing progress: 21/8208
2026-10-03 00:03:00,663 - INFO - Prompt processing progress: 2069/8208
2026-10-03 00:03:02,195 - INFO - Prompt processing progress: 4117/8208
2026-10-03 00:03:03,753 - INFO - Prompt processing progress: 6165/8208
2026-10-03 00:03:05,367 - INFO - Prompt processing progress: 8204/8208
2026-10-03 00:03:05,430 - INFO - Prompt processing progress: 8207/8208
2026-10-03 00:03:05,481 - INFO - Prompt processing progress: 8208/8208
2026-10-03 00:03:15,711 - INFO - Prompt Cache: 0 sequences, 0.00 GB
2026-10-03 00:03:15,711 - INFO - - assistant: 0 sequences, 0.00 GB
2026-10-03 00:03:15,711 - INFO - - user: 0 sequences, 0.00 GB
2026-10-03 00:03:15,711 - INFO - - system: 0 sequences, 0.00 GB
127.0.0.1 - - [03/Oct/2026 00:03:15] "POST /v1/chat/completions HTTP/1.1" 200 -
2026-10-03 00:03:15,904 - INFO - Prompt processing progress: 21/8208
2026-10-03 00:03:17,353 - INFO - Prompt processing progress: 2069/8208
2026-10-03 00:03:18,880 - INFO - Prompt processing progress: 4117/8208
2026-10-03 00:03:20,441 - INFO - Prompt processing progress: 6165/8208
2026-10-03 00:03:22,063 - INFO - Prompt processing progress: 8204/8208
2026-10-03 00:03:22,122 - INFO - Prompt processing progress: 8207/8208
2026-10-03 00:03:22,172 - INFO - Prompt processing progress: 8208/8208
2026-10-03 00:03:32,397 - INFO - Prompt Cache: 0 sequences, 0.00 GB
2026-10-03 00:03:32,397 - INFO - - assistant: 0 sequences, 0.00 GB
2026-10-03 00:03:32,397 - INFO - - user: 0 sequences, 0.00 GB
2026-10-03 00:03:32,397 - INFO - - system: 0 sequences, 0.00 GB
127.0.0.1 - - [03/Oct/2026 00:03:32] "POST /v1/chat/completions HTTP/1.1" 200 -
2026-10-03 00:03:32,596 - INFO - Prompt processing progress: 21/8208
2026-10-03 00:03:34,036 - INFO - Prompt processing progress: 2069/8208
2026-10-03 00:03:35,565 - INFO - Prompt processing progress: 4117/8208
2026-10-03 00:03:37,123 - INFO - Prompt processing progress: 6165/8208
2026-10-03 00:03:38,747 - INFO - Prompt processing progress: 8204/8208
2026-10-03 00:03:38,807 - INFO - Prompt processing progress: 8207/8208
2026-10-03 00:03:38,858 - INFO - Prompt processing progress: 8208/8208
2026-10-03 00:03:49,088 - INFO - Prompt Cache: 0 sequences, 0.00 GB
2026-10-03 00:03:49,088 - INFO - - assistant: 0 sequences, 0.00 GB
2026-10-03 00:03:49,088 - INFO - - user: 0 sequences, 0.00 GB
2026-10-03 00:03:49,088 - INFO - - system: 0 sequences, 0.00 GB
127.0.0.1 - - [03/Oct/2026 00:03:49] "POST /v1/chat/completions HTTP/1.1" 200 -
2026-10-03 00:03:49,281 - INFO - Prompt processing progress: 21/8208
2026-10-03 00:03:50,724 - INFO - Prompt processing progress: 2069/8208
2026-10-03 00:03:52,252 - INFO - Prompt processing progress: 4117/8208
2026-10-03 00:03:53,811 - INFO - Prompt processing progress: 6165/8208
2026-10-03 00:03:55,429 - INFO - Prompt processing progress: 8204/8208
2026-10-03 00:03:55,488 - INFO - Prompt processing progress: 8207/8208
2026-10-03 00:03:55,538 - INFO - Prompt processing progress: 8208/8208
2026-10-03 00:04:05,768 - INFO - Prompt Cache: 0 sequences, 0.00 GB
2026-10-03 00:04:05,768 - INFO - - assistant: 0 sequences, 0.00 GB
2026-10-03 00:04:05,768 - INFO - - user: 0 sequences, 0.00 GB
2026-10-03 00:04:05,768 - INFO - - system: 0 sequences, 0.00 GB
127.0.0.1 - - [03/Oct/2026 00:04:05] "POST /v1/chat/completions HTTP/1.1" 200 -
2026-10-03 00:04:05,967 - INFO - Prompt processing progress: 21/8208
2026-10-03 00:04:07,410 - INFO - Prompt processing progress: 2069/8208
2026-10-03 00:04:08,940 - INFO - Prompt processing progress: 4117/8208
2026-10-03 00:04:10,493 - INFO - Prompt processing progress: 6165/8208
2026-10-03 00:04:12,113 - INFO - Prompt processing progress: 8204/8208
2026-10-03 00:04:12,173 - INFO - Prompt processing progress: 8207/8208
2026-10-03 00:04:12,224 - INFO - Prompt processing progress: 8208/8208
2026-10-03 00:04:22,452 - INFO - Prompt Cache: 0 sequences, 0.00 GB
2026-10-03 00:04:22,452 - INFO - - assistant: 0 sequences, 0.00 GB
2026-10-03 00:04:22,453 - INFO - - user: 0 sequences, 0.00 GB
2026-10-03 00:04:22,453 - INFO - - system: 0 sequences, 0.00 GB
127.0.0.1 - - [03/Oct/2026 00:04:22] "POST /v1/chat/completions HTTP/1.1" 200 -
2026-10-03 00:04:22,647 - INFO - Prompt processing progress: 21/8208
2026-10-03 00:04:24,089 - INFO - Prompt processing progress: 2069/8208
2026-10-03 00:04:25,618 - INFO - Prompt processing progress: 4117/8208
2026-10-03 00:04:27,177 - INFO - Prompt processing progress: 6165/8208
2026-10-03 00:04:28,797 - INFO - Prompt processing progress: 8204/8208
2026-10-03 00:04:28,857 - INFO - Prompt processing progress: 8207/8208
2026-10-03 00:04:28,907 - INFO - Prompt processing progress: 8208/8208
2026-10-03 00:04:39,138 - INFO - Prompt Cache: 0 sequences, 0.00 GB
2026-10-03 00:04:39,138 - INFO - - assistant: 0 sequences, 0.00 GB
2026-10-03 00:04:39,138 - INFO - - user: 0 sequences, 0.00 GB
2026-10-03 00:04:39,138 - INFO - - system: 0 sequences, 0.00 GB
127.0.0.1 - - [03/Oct/2026 00:04:39] "POST /v1/chat/completions HTTP/1.1" 200 -
2026-10-03 00:04:39,336 - INFO - Prompt processing progress: 21/8208
2026-10-03 00:04:40,782 - INFO - Prompt processing progress: 2069/8208
2026-10-03 00:04:42,313 - INFO - Prompt processing progress: 4117/8208
2026-10-03 00:04:43,875 - INFO - Prompt processing progress: 6165/8208
2026-10-03 00:04:45,495 - INFO - Prompt processing progress: 8204/8208
2026-10-03 00:04:45,555 - INFO - Prompt processing progress: 8207/8208
2026-10-03 00:04:45,605 - INFO - Prompt processing progress: 8208/8208
2026-10-03 00:04:55,842 - INFO - Prompt Cache: 0 sequences, 0.00 GB
2026-10-03 00:04:55,842 - INFO - - assistant: 0 sequences, 0.00 GB
2026-10-03 00:04:55,842 - INFO - - user: 0 sequences, 0.00 GB
2026-10-03 00:04:55,842 - INFO - - system: 0 sequences, 0.00 GB
127.0.0.1 - - [03/Oct/2026 00:04:55] "POST /v1/chat/completions HTTP/1.1" 200 -
2026-10-03 00:04:56,037 - INFO - Prompt processing progress: 21/8208
2026-10-03 00:04:57,478 - INFO - Prompt processing progress: 2069/8208
2026-10-03 00:04:59,005 - INFO - Prompt processing progress: 4117/8208
2026-10-03 00:05:00,558 - INFO - Prompt processing progress: 6165/8208
2026-10-03 00:05:02,180 - INFO - Prompt processing progress: 8204/8208
2026-10-03 00:05:02,241 - INFO - Prompt processing progress: 8207/8208
2026-10-03 00:05:02,291 - INFO - Prompt processing progress: 8208/8208
2026-10-03 00:05:12,524 - INFO - Prompt Cache: 0 sequences, 0.00 GB
2026-10-03 00:05:12,524 - INFO - - assistant: 0 sequences, 0.00 GB
2026-10-03 00:05:12,524 - INFO - - user: 0 sequences, 0.00 GB
2026-10-03 00:05:12,524 - INFO - - system: 0 sequences, 0.00 GB
127.0.0.1 - - [03/Oct/2026 00:05:12] "POST /v1/chat/completions HTTP/1.1" 200 -
2026-10-03 00:05:12,722 - INFO - Prompt processing progress: 21/8208
2026-10-03 00:05:14,163 - INFO - Prompt processing progress: 2069/8208
2026-10-03 00:05:15,689 - INFO - Prompt processing progress: 4117/8208
2026-10-03 00:05:17,251 - INFO - Prompt processing progress: 6165/8208
2026-10-03 00:05:18,870 - INFO - Prompt processing progress: 8204/8208
2026-10-03 00:05:18,931 - INFO - Prompt processing progress: 8207/8208
2026-10-03 00:05:18,981 - INFO - Prompt processing progress: 8208/8208
2026-10-03 00:05:29,217 - INFO - Prompt Cache: 0 sequences, 0.00 GB
2026-10-03 00:05:29,217 - INFO - - assistant: 0 sequences, 0.00 GB
2026-10-03 00:05:29,217 - INFO - - user: 0 sequences, 0.00 GB
2026-10-03 00:05:29,217 - INFO - - system: 0 sequences, 0.00 GB
127.0.0.1 - - [03/Oct/2026 00:05:29] "POST /v1/chat/completions HTTP/1.1" 200 -
2026-10-03 00:05:29,410 - INFO - Prompt processing progress: 21/8208
2026-10-03 00:05:30,853 - INFO - Prompt processing progress: 2069/8208
2026-10-03 00:05:32,383 - INFO - Prompt processing progress: 4117/8208
2026-10-03 00:05:33,937 - INFO - Prompt processing progress: 6165/8208
2026-10-03 00:05:35,558 - INFO - Prompt processing progress: 8204/8208
2026-10-03 00:05:35,618 - INFO - Prompt processing progress: 8207/8208
2026-10-03 00:05:35,668 - INFO - Prompt processing progress: 8208/8208
2026-10-03 00:05:45,900 - INFO - Prompt Cache: 0 sequences, 0.00 GB
2026-10-03 00:05:45,900 - INFO - - assistant: 0 sequences, 0.00 GB
2026-10-03 00:05:45,900 - INFO - - user: 0 sequences, 0.00 GB
2026-10-03 00:05:45,900 - INFO - - system: 0 sequences, 0.00 GB
127.0.0.1 - - [03/Oct/2026 00:05:45] "POST /v1/chat/completions HTTP/1.1" 200 -
2026-10-03 00:05:46,098 - INFO - Prompt processing progress: 21/8208
2026-10-03 00:05:47,540 - INFO - Prompt processing progress: 2069/8208
2026-10-03 00:05:49,071 - INFO - Prompt processing progress: 4117/8208
2026-10-03 00:05:50,629 - INFO - Prompt processing progress: 6165/8208
2026-10-03 00:05:52,250 - INFO - Prompt processing progress: 8204/8208
2026-10-03 00:05:52,309 - INFO - Prompt processing progress: 8207/8208
2026-10-03 00:05:52,359 - INFO - Prompt processing progress: 8208/8208
2026-10-03 00:06:02,612 - INFO - Prompt Cache: 0 sequences, 0.00 GB
2026-10-03 00:06:02,612 - INFO - - assistant: 0 sequences, 0.00 GB
2026-10-03 00:06:02,612 - INFO - - user: 0 sequences, 0.00 GB
2026-10-03 00:06:02,612 - INFO - - system: 0 sequences, 0.00 GB
127.0.0.1 - - [03/Oct/2026 00:06:02] "POST /v1/chat/completions HTTP/1.1" 200 -
2026-10-03 00:06:02,806 - INFO - Prompt processing progress: 21/8208
2026-10-03 00:06:04,249 - INFO - Prompt processing progress: 2069/8208
2026-10-03 00:06:05,776 - INFO - Prompt processing progress: 4117/8208
2026-10-03 00:06:07,342 - INFO - Prompt processing progress: 6165/8208
2026-10-03 00:06:08,959 - INFO - Prompt processing progress: 8204/8208
2026-10-03 00:06:09,019 - INFO - Prompt processing progress: 8207/8208
2026-10-03 00:06:09,069 - INFO - Prompt processing progress: 8208/8208
2026-10-03 00:06:19,298 - INFO - Prompt Cache: 0 sequences, 0.00 GB
2026-10-03 00:06:19,298 - INFO - - assistant: 0 sequences, 0.00 GB
2026-10-03 00:06:19,298 - INFO - - user: 0 sequences, 0.00 GB
2026-10-03 00:06:19,298 - INFO - - system: 0 sequences, 0.00 GB
127.0.0.1 - - [03/Oct/2026 00:06:19] "POST /v1/chat/completions HTTP/1.1" 200 -
2026-10-03 00:06:19,497 - INFO - Prompt processing progress: 21/8208
2026-10-03 00:06:20,943 - INFO - Prompt processing progress: 2069/8208
2026-10-03 00:06:22,470 - INFO - Prompt processing progress: 4117/8208
2026-10-03 00:06:24,030 - INFO - Prompt processing progress: 6165/8208
2026-10-03 00:06:25,647 - INFO - Prompt processing progress: 8204/8208
2026-10-03 00:06:25,706 - INFO - Prompt processing progress: 8207/8208
2026-10-03 00:06:25,756 - INFO - Prompt processing progress: 8208/8208
2026-10-03 00:06:35,992 - INFO - Prompt Cache: 0 sequences, 0.00 GB
2026-10-03 00:06:35,992 - INFO - - assistant: 0 sequences, 0.00 GB
2026-10-03 00:06:35,992 - INFO - - user: 0 sequences, 0.00 GB
2026-10-03 00:06:35,992 - INFO - - system: 0 sequences, 0.00 GB
127.0.0.1 - - [03/Oct/2026 00:06:35] "POST /v1/chat/completions HTTP/1.1" 200 -
2026-10-03 00:06:36,186 - INFO - Prompt processing progress: 21/8208
2026-10-03 00:06:37,631 - INFO - Prompt processing progress: 2069/8208
2026-10-03 00:06:39,160 - INFO - Prompt processing progress: 4117/8208
2026-10-03 00:06:40,718 - INFO - Prompt processing progress: 6165/8208
2026-10-03 00:06:42,337 - INFO - Prompt processing progress: 8204/8208
2026-10-03 00:06:42,398 - INFO - Prompt processing progress: 8207/8208
2026-10-03 00:06:42,448 - INFO - Prompt processing progress: 8208/8208
2026-10-03 00:06:52,677 - INFO - Prompt Cache: 0 sequences, 0.00 GB
2026-10-03 00:06:52,677 - INFO - - assistant: 0 sequences, 0.00 GB
2026-10-03 00:06:52,677 - INFO - - user: 0 sequences, 0.00 GB
2026-10-03 00:06:52,677 - INFO - - system: 0 sequences, 0.00 GB
127.0.0.1 - - [03/Oct/2026 00:06:52] "POST /v1/chat/completions HTTP/1.1" 200 -
2026-10-03 00:06:52,875 - INFO - Prompt processing progress: 21/8208
2026-10-03 00:06:54,317 - INFO - Prompt processing progress: 2069/8208
2026-10-03 00:06:55,846 - INFO - Prompt processing progress: 4117/8208
2026-10-03 00:06:57,404 - INFO - Prompt processing progress: 6165/8208
2026-10-03 00:06:59,024 - INFO - Prompt processing progress: 8204/8208
2026-10-03 00:06:59,084 - INFO - Prompt processing progress: 8207/8208
2026-10-03 00:06:59,134 - INFO - Prompt processing progress: 8208/8208
2026-10-03 00:07:09,383 - INFO - Prompt Cache: 0 sequences, 0.00 GB
2026-10-03 00:07:09,383 - INFO - - assistant: 0 sequences, 0.00 GB
2026-10-03 00:07:09,383 - INFO - - user: 0 sequences, 0.00 GB
2026-10-03 00:07:09,383 - INFO - - system: 0 sequences, 0.00 GB
127.0.0.1 - - [03/Oct/2026 00:07:09] "POST /v1/chat/completions HTTP/1.1" 200 -
2026-10-03 00:07:09,576 - INFO - Prompt processing progress: 21/8208
2026-10-03 00:07:11,017 - INFO - Prompt processing progress: 2069/8208
2026-10-03 00:07:12,548 - INFO - Prompt processing progress: 4117/8208
2026-10-03 00:07:14,102 - INFO - Prompt processing progress: 6165/8208
2026-10-03 00:07:15,719 - INFO - Prompt processing progress: 8204/8208
2026-10-03 00:07:15,779 - INFO - Prompt processing progress: 8207/8208
2026-10-03 00:07:15,830 - INFO - Prompt processing progress: 8208/8208
2026-10-03 00:07:26,062 - INFO - Prompt Cache: 0 sequences, 0.00 GB
2026-10-03 00:07:26,062 - INFO - - assistant: 0 sequences, 0.00 GB
2026-10-03 00:07:26,062 - INFO - - user: 0 sequences, 0.00 GB
2026-10-03 00:07:26,062 - INFO - - system: 0 sequences, 0.00 GB
127.0.0.1 - - [03/Oct/2026 00:07:26] "POST /v1/chat/completions HTTP/1.1" 200 -
2026-10-03 00:07:26,259 - INFO - Prompt processing progress: 21/8208
2026-10-03 00:07:27,703 - INFO - Prompt processing progress: 2069/8208
2026-10-03 00:07:29,232 - INFO - Prompt processing progress: 4117/8208
2026-10-03 00:07:30,792 - INFO - Prompt processing progress: 6165/8208
2026-10-03 00:07:32,412 - INFO - Prompt processing progress: 8204/8208
2026-10-03 00:07:32,471 - INFO - Prompt processing progress: 8207/8208
2026-10-03 00:07:32,521 - INFO - Prompt processing progress: 8208/8208
2026-10-03 00:07:42,761 - INFO - Prompt Cache: 0 sequences, 0.00 GB
2026-10-03 00:07:42,761 - INFO - - assistant: 0 sequences, 0.00 GB
2026-10-03 00:07:42,761 - INFO - - user: 0 sequences, 0.00 GB
2026-10-03 00:07:42,761 - INFO - - system: 0 sequences, 0.00 GB
127.0.0.1 - - [03/Oct/2026 00:07:42] "POST /v1/chat/completions HTTP/1.1" 200 -
2026-10-03 00:07:42,955 - INFO - Prompt processing progress: 21/8208
2026-10-03 00:07:44,394 - INFO - Prompt processing progress: 2069/8208
2026-10-03 00:07:45,923 - INFO - Prompt processing progress: 4117/8208
2026-10-03 00:07:47,480 - INFO - Prompt processing progress: 6165/8208
2026-10-03 00:07:49,104 - INFO - Prompt processing progress: 8204/8208
2026-10-03 00:07:49,163 - INFO - Prompt processing progress: 8207/8208
2026-10-03 00:07:49,214 - INFO - Prompt processing progress: 8208/8208
2026-10-03 00:07:59,444 - INFO - Prompt Cache: 0 sequences, 0.00 GB
2026-10-03 00:07:59,444 - INFO - - assistant: 0 sequences, 0.00 GB
2026-10-03 00:07:59,444 - INFO - - user: 0 sequences, 0.00 GB
2026-10-03 00:07:59,444 - INFO - - system: 0 sequences, 0.00 GB
127.0.0.1 - - [03/Oct/2026 00:07:59] "POST /v1/chat/completions HTTP/1.1" 200 -
2026-10-03 00:07:59,642 - INFO - Prompt processing progress: 21/8208
2026-10-03 00:08:01,086 - INFO - Prompt processing progress: 2069/8208
2026-10-03 00:08:02,613 - INFO - Prompt processing progress: 4117/8208
2026-10-03 00:08:04,173 - INFO - Prompt processing progress: 6165/8208
2026-10-03 00:08:05,790 - INFO - Prompt processing progress: 8204/8208
2026-10-03 00:08:05,849 - INFO - Prompt processing progress: 8207/8208
2026-10-03 00:08:05,899 - INFO - Prompt processing progress: 8208/8208
2026-10-03 00:08:16,153 - INFO - Prompt Cache: 0 sequences, 0.00 GB
2026-10-03 00:08:16,153 - INFO - - assistant: 0 sequences, 0.00 GB
2026-10-03 00:08:16,153 - INFO - - user: 0 sequences, 0.00 GB
2026-10-03 00:08:16,153 - INFO - - system: 0 sequences, 0.00 GB
127.0.0.1 - - [03/Oct/2026 00:08:16] "POST /v1/chat/completions HTTP/1.1" 200 -
2026-10-03 00:08:16,345 - INFO - Prompt processing progress: 21/8208
2026-10-03 00:08:17,791 - INFO - Prompt processing progress: 2069/8208
2026-10-03 00:08:19,318 - INFO - Prompt processing progress: 4117/8208
2026-10-03 00:08:20,876 - INFO - Prompt processing progress: 6165/8208
2026-10-03 00:08:22,499 - INFO - Prompt processing progress: 8204/8208
2026-10-03 00:08:22,559 - INFO - Prompt processing progress: 8207/8208
2026-10-03 00:08:22,609 - INFO - Prompt processing progress: 8208/8208
2026-10-03 00:08:32,843 - INFO - Prompt Cache: 0 sequences, 0.00 GB
2026-10-03 00:08:32,843 - INFO - - assistant: 0 sequences, 0.00 GB
2026-10-03 00:08:32,843 - INFO - - user: 0 sequences, 0.00 GB
2026-10-03 00:08:32,843 - INFO - - system: 0 sequences, 0.00 GB
127.0.0.1 - - [03/Oct/2026 00:08:32] "POST /v1/chat/completions HTTP/1.1" 200 -
2026-10-03 00:08:33,042 - INFO - Prompt processing progress: 21/8208
2026-10-03 00:08:34,488 - INFO - Prompt processing progress: 2069/8208
2026-10-03 00:08:36,012 - INFO - Prompt processing progress: 4117/8208
2026-10-03 00:08:37,573 - INFO - Prompt processing progress: 6165/8208
2026-10-03 00:08:39,195 - INFO - Prompt processing progress: 8204/8208
2026-10-03 00:08:39,254 - INFO - Prompt processing progress: 8207/8208
2026-10-03 00:08:39,305 - INFO - Prompt processing progress: 8208/8208
2026-10-03 00:08:49,544 - INFO - Prompt Cache: 0 sequences, 0.00 GB
2026-10-03 00:08:49,544 - INFO - - assistant: 0 sequences, 0.00 GB
2026-10-03 00:08:49,544 - INFO - - user: 0 sequences, 0.00 GB
2026-10-03 00:08:49,544 - INFO - - system: 0 sequences, 0.00 GB
127.0.0.1 - - [03/Oct/2026 00:08:49] "POST /v1/chat/completions HTTP/1.1" 200 -
2026-10-03 00:08:49,736 - INFO - Prompt processing progress: 21/8208
2026-10-03 00:08:51,180 - INFO - Prompt processing progress: 2069/8208
2026-10-03 00:08:52,707 - INFO - Prompt processing progress: 4117/8208
2026-10-03 00:08:54,260 - INFO - Prompt processing progress: 6165/8208
2026-10-03 00:08:55,882 - INFO - Prompt processing progress: 8204/8208
2026-10-03 00:08:55,943 - INFO - Prompt processing progress: 8207/8208
2026-10-03 00:08:55,993 - INFO - Prompt processing progress: 8208/8208
2026-10-03 00:09:06,227 - INFO - Prompt Cache: 0 sequences, 0.00 GB
2026-10-03 00:09:06,227 - INFO - - assistant: 0 sequences, 0.00 GB
2026-10-03 00:09:06,227 - INFO - - user: 0 sequences, 0.00 GB
2026-10-03 00:09:06,227 - INFO - - system: 0 sequences, 0.00 GB
127.0.0.1 - - [03/Oct/2026 00:09:06] "POST /v1/chat/completions HTTP/1.1" 200 -
2026-10-03 00:09:06,425 - INFO - Prompt processing progress: 21/8208
2026-10-03 00:09:07,869 - INFO - Prompt processing progress: 2069/8208
2026-10-03 00:09:09,393 - INFO - Prompt processing progress: 4117/8208
2026-10-03 00:09:10,957 - INFO - Prompt processing progress: 6165/8208
2026-10-03 00:09:12,578 - INFO - Prompt processing progress: 8204/8208
2026-10-03 00:09:12,638 - INFO - Prompt processing progress: 8207/8208
2026-10-03 00:09:12,688 - INFO - Prompt processing progress: 8208/8208
2026-10-03 00:09:22,935 - INFO - Prompt Cache: 0 sequences, 0.00 GB
2026-10-03 00:09:22,935 - INFO - - assistant: 0 sequences, 0.00 GB
2026-10-03 00:09:22,935 - INFO - - user: 0 sequences, 0.00 GB
2026-10-03 00:09:22,935 - INFO - - system: 0 sequences, 0.00 GB
127.0.0.1 - - [03/Oct/2026 00:09:22] "POST /v1/chat/completions HTTP/1.1" 200 -
2026-10-03 00:09:23,129 - INFO - Prompt processing progress: 21/8208
2026-10-03 00:09:24,569 - INFO - Prompt processing progress: 2069/8208
2026-10-03 00:09:26,096 - INFO - Prompt processing progress: 4117/8208
2026-10-03 00:09:27,654 - INFO - Prompt processing progress: 6165/8208
2026-10-03 00:09:29,272 - INFO - Prompt processing progress: 8204/8208
2026-10-03 00:09:29,332 - INFO - Prompt processing progress: 8207/8208
2026-10-03 00:09:29,382 - INFO - Prompt processing progress: 8208/8208
2026-10-03 00:09:39,614 - INFO - Prompt Cache: 0 sequences, 0.00 GB
2026-10-03 00:09:39,614 - INFO - - assistant: 0 sequences, 0.00 GB
2026-10-03 00:09:39,615 - INFO - - user: 0 sequences, 0.00 GB
2026-10-03 00:09:39,615 - INFO - - system: 0 sequences, 0.00 GB
127.0.0.1 - - [03/Oct/2026 00:09:39] "POST /v1/chat/completions HTTP/1.1" 200 -
2026-10-03 00:09:39,813 - INFO - Prompt processing progress: 21/8208
2026-10-03 00:09:41,255 - INFO - Prompt processing progress: 2069/8208
2026-10-03 00:09:42,786 - INFO - Prompt processing progress: 4117/8208
2026-10-03 00:09:44,344 - INFO - Prompt processing progress: 6165/8208
2026-10-03 00:09:45,965 - INFO - Prompt processing progress: 8204/8208
2026-10-03 00:09:46,025 - INFO - Prompt processing progress: 8207/8208
2026-10-03 00:09:46,076 - INFO - Prompt processing progress: 8208/8208
2026-10-03 00:09:56,311 - INFO - Prompt Cache: 0 sequences, 0.00 GB
2026-10-03 00:09:56,311 - INFO - - assistant: 0 sequences, 0.00 GB
2026-10-03 00:09:56,311 - INFO - - user: 0 sequences, 0.00 GB
2026-10-03 00:09:56,311 - INFO - - system: 0 sequences, 0.00 GB
127.0.0.1 - - [03/Oct/2026 00:09:56] "POST /v1/chat/completions HTTP/1.1" 200 -
2026-10-03 00:09:56,502 - INFO - Prompt processing progress: 21/8208
2026-10-03 00:09:57,943 - INFO - Prompt processing progress: 2069/8208
2026-10-03 00:09:59,470 - INFO - Prompt processing progress: 4117/8208
2026-10-03 00:10:01,029 - INFO - Prompt processing progress: 6165/8208
2026-10-03 00:10:02,647 - INFO - Prompt processing progress: 8204/8208
2026-10-03 00:10:02,707 - INFO - Prompt processing progress: 8207/8208
2026-10-03 00:10:02,757 - INFO - Prompt processing progress: 8208/8208
2026-10-03 00:10:12,980 - INFO - Prompt Cache: 0 sequences, 0.00 GB
2026-10-03 00:10:12,980 - INFO - - assistant: 0 sequences, 0.00 GB
2026-10-03 00:10:12,980 - INFO - - user: 0 sequences, 0.00 GB
2026-10-03 00:10:12,980 - INFO - - system: 0 sequences, 0.00 GB
127.0.0.1 - - [03/Oct/2026 00:10:13] "POST /v1/chat/completions HTTP/1.1" 200 -
2026-10-03 00:10:13,176 - INFO - Prompt processing progress: 21/8208
2026-10-03 00:10:14,618 - INFO - Prompt processing progress: 2069/8208
2026-10-03 00:10:16,147 - INFO - Prompt processing progress: 4117/8208
2026-10-03 00:10:17,706 - INFO - Prompt processing progress: 6165/8208
2026-10-03 00:10:19,327 - INFO - Prompt processing progress: 8204/8208
2026-10-03 00:10:19,388 - INFO - Prompt processing progress: 8207/8208
2026-10-03 00:10:19,438 - INFO - Prompt processing progress: 8208/8208
2026-10-03 00:10:29,685 - INFO - Prompt Cache: 0 sequences, 0.00 GB
2026-10-03 00:10:29,685 - INFO - - assistant: 0 sequences, 0.00 GB
2026-10-03 00:10:29,685 - INFO - - user: 0 sequences, 0.00 GB
2026-10-03 00:10:29,685 - INFO - - system: 0 sequences, 0.00 GB
127.0.0.1 - - [03/Oct/2026 00:10:29] "POST /v1/chat/completions HTTP/1.1" 200 -
2026-10-03 00:10:29,879 - INFO - Prompt processing progress: 21/8208
2026-10-03 00:10:31,321 - INFO - Prompt processing progress: 2069/8208
2026-10-03 00:10:32,846 - INFO - Prompt processing progress: 4117/8208
2026-10-03 00:10:34,408 - INFO - Prompt processing progress: 6165/8208
2026-10-03 00:10:36,025 - INFO - Prompt processing progress: 8204/8208
2026-10-03 00:10:36,086 - INFO - Prompt processing progress: 8207/8208
2026-10-03 00:10:36,136 - INFO - Prompt processing progress: 8208/8208
2026-10-03 00:10:46,360 - INFO - Prompt Cache: 0 sequences, 0.00 GB
2026-10-03 00:10:46,360 - INFO - - assistant: 0 sequences, 0.00 GB
2026-10-03 00:10:46,360 - INFO - - user: 0 sequences, 0.00 GB
2026-10-03 00:10:46,360 - INFO - - system: 0 sequences, 0.00 GB
127.0.0.1 - - [03/Oct/2026 00:10:46] "POST /v1/chat/completions HTTP/1.1" 200 -
2026-10-03 00:10:46,558 - INFO - Prompt processing progress: 21/8208
2026-10-03 00:10:48,002 - INFO - Prompt processing progress: 2069/8208
2026-10-03 00:10:49,528 - INFO - Prompt processing progress: 4117/8208
2026-10-03 00:10:51,085 - INFO - Prompt processing progress: 6165/8208
2026-10-03 00:10:52,705 - INFO - Prompt processing progress: 8204/8208
2026-10-03 00:10:52,765 - INFO - Prompt processing progress: 8207/8208
2026-10-03 00:10:52,816 - INFO - Prompt processing progress: 8208/8208
2026-10-03 00:11:03,049 - INFO - Prompt Cache: 0 sequences, 0.00 GB
2026-10-03 00:11:03,050 - INFO - - assistant: 0 sequences, 0.00 GB
2026-10-03 00:11:03,050 - INFO - - user: 0 sequences, 0.00 GB
2026-10-03 00:11:03,050 - INFO - - system: 0 sequences, 0.00 GB
127.0.0.1 - - [03/Oct/2026 00:11:03] "POST /v1/chat/completions HTTP/1.1" 200 -
2026-10-03 00:11:03,241 - INFO - Prompt processing progress: 21/8208
2026-10-03 00:11:04,686 - INFO - Prompt processing progress: 2069/8208
2026-10-03 00:11:06,216 - INFO - Prompt processing progress: 4117/8208
2026-10-03 00:11:07,777 - INFO - Prompt processing progress: 6165/8208
2026-10-03 00:11:09,397 - INFO - Prompt processing progress: 8204/8208
2026-10-03 00:11:09,457 - INFO - Prompt processing progress: 8207/8208
2026-10-03 00:11:09,507 - INFO - Prompt processing progress: 8208/8208
2026-10-03 00:11:19,739 - INFO - Prompt Cache: 0 sequences, 0.00 GB
2026-10-03 00:11:19,739 - INFO - - assistant: 0 sequences, 0.00 GB
2026-10-03 00:11:19,739 - INFO - - user: 0 sequences, 0.00 GB
2026-10-03 00:11:19,739 - INFO - - system: 0 sequences, 0.00 GB
127.0.0.1 - - [03/Oct/2026 00:11:19] "POST /v1/chat/completions HTTP/1.1" 200 -
2026-10-03 00:11:19,939 - INFO - Prompt processing progress: 21/8208
2026-10-03 00:11:21,381 - INFO - Prompt processing progress: 2069/8208
2026-10-03 00:11:22,908 - INFO - Prompt processing progress: 4117/8208
2026-10-03 00:11:24,461 - INFO - Prompt processing progress: 6165/8208
2026-10-03 00:11:26,085 - INFO - Prompt processing progress: 8204/8208
2026-10-03 00:11:26,146 - INFO - Prompt processing progress: 8207/8208
2026-10-03 00:11:26,196 - INFO - Prompt processing progress: 8208/8208
2026-10-03 00:11:36,443 - INFO - Prompt Cache: 0 sequences, 0.00 GB
2026-10-03 00:11:36,443 - INFO - - assistant: 0 sequences, 0.00 GB
2026-10-03 00:11:36,443 - INFO - - user: 0 sequences, 0.00 GB
2026-10-03 00:11:36,443 - INFO - - system: 0 sequences, 0.00 GB
127.0.0.1 - - [03/Oct/2026 00:11:36] "POST /v1/chat/completions HTTP/1.1" 200 -
2026-10-03 00:11:36,638 - INFO - Prompt processing progress: 21/8208
2026-10-03 00:11:38,082 - INFO - Prompt processing progress: 2069/8208
2026-10-03 00:11:39,615 - INFO - Prompt processing progress: 4117/8208
2026-10-03 00:11:41,175 - INFO - Prompt processing progress: 6165/8208
2026-10-03 00:11:42,796 - INFO - Prompt processing progress: 8204/8208
2026-10-03 00:11:42,856 - INFO - Prompt processing progress: 8207/8208
2026-10-03 00:11:42,906 - INFO - Prompt processing progress: 8208/8208
2026-10-03 00:11:53,134 - INFO - Prompt Cache: 0 sequences, 0.00 GB
2026-10-03 00:11:53,134 - INFO - - assistant: 0 sequences, 0.00 GB
2026-10-03 00:11:53,134 - INFO - - user: 0 sequences, 0.00 GB
2026-10-03 00:11:53,134 - INFO - - system: 0 sequences, 0.00 GB
127.0.0.1 - - [03/Oct/2026 00:11:53] "POST /v1/chat/completions HTTP/1.1" 200 -
2026-10-03 00:11:53,335 - INFO - Prompt processing progress: 21/8208
2026-10-03 00:11:54,778 - INFO - Prompt processing progress: 2069/8208
2026-10-03 00:11:56,303 - INFO - Prompt processing progress: 4117/8208
2026-10-03 00:11:57,864 - INFO - Prompt processing progress: 6165/8208
2026-10-03 00:11:59,479 - INFO - Prompt processing progress: 8204/8208
2026-10-03 00:11:59,540 - INFO - Prompt processing progress: 8207/8208
2026-10-03 00:11:59,590 - INFO - Prompt processing progress: 8208/8208
2026-10-03 00:12:09,834 - INFO - Prompt Cache: 0 sequences, 0.00 GB
2026-10-03 00:12:09,834 - INFO - - assistant: 0 sequences, 0.00 GB
2026-10-03 00:12:09,834 - INFO - - user: 0 sequences, 0.00 GB
2026-10-03 00:12:09,834 - INFO - - system: 0 sequences, 0.00 GB
127.0.0.1 - - [03/Oct/2026 00:12:09] "POST /v1/chat/completions HTTP/1.1" 200 -
2026-10-03 00:12:10,029 - INFO - Prompt processing progress: 21/8208
2026-10-03 00:12:11,473 - INFO - Prompt processing progress: 2069/8208
2026-10-03 00:12:13,003 - INFO - Prompt processing progress: 4117/8208
2026-10-03 00:12:14,559 - INFO - Prompt processing progress: 6165/8208
2026-10-03 00:12:16,183 - INFO - Prompt processing progress: 8204/8208
2026-10-03 00:12:16,243 - INFO - Prompt processing progress: 8207/8208
2026-10-03 00:12:16,294 - INFO - Prompt processing progress: 8208/8208
2026-10-03 00:12:26,529 - INFO - Prompt Cache: 0 sequences, 0.00 GB
2026-10-03 00:12:26,529 - INFO - - assistant: 0 sequences, 0.00 GB
2026-10-03 00:12:26,529 - INFO - - user: 0 sequences, 0.00 GB
2026-10-03 00:12:26,529 - INFO - - system: 0 sequences, 0.00 GB
127.0.0.1 - - [03/Oct/2026 00:12:26] "POST /v1/chat/completions HTTP/1.1" 200 -
2026-10-03 00:12:26,728 - INFO - Prompt processing progress: 21/8208
2026-10-03 00:12:28,173 - INFO - Prompt processing progress: 2069/8208
2026-10-03 00:12:29,697 - INFO - Prompt processing progress: 4117/8208
2026-10-03 00:12:31,253 - INFO - Prompt processing progress: 6165/8208
2026-10-03 00:12:32,871 - INFO - Prompt processing progress: 8204/8208
2026-10-03 00:12:32,931 - INFO - Prompt processing progress: 8207/8208
2026-10-03 00:12:32,981 - INFO - Prompt processing progress: 8208/8208
2026-10-03 00:12:43,225 - INFO - Prompt Cache: 0 sequences, 0.00 GB
2026-10-03 00:12:43,225 - INFO - - assistant: 0 sequences, 0.00 GB
2026-10-03 00:12:43,225 - INFO - - user: 0 sequences, 0.00 GB
2026-10-03 00:12:43,225 - INFO - - system: 0 sequences, 0.00 GB
127.0.0.1 - - [03/Oct/2026 00:12:43] "POST /v1/chat/completions HTTP/1.1" 200 -
2026-10-03 00:12:43,417 - INFO - Prompt processing progress: 21/8208
2026-10-03 00:12:44,858 - INFO - Prompt processing progress: 2069/8208
2026-10-03 00:12:46,387 - INFO - Prompt processing progress: 4117/8208
2026-10-03 00:12:47,946 - INFO - Prompt processing progress: 6165/8208
2026-10-03 00:12:49,564 - INFO - Prompt processing progress: 8204/8208
2026-10-03 00:12:49,623 - INFO - Prompt processing progress: 8207/8208
2026-10-03 00:12:49,674 - INFO - Prompt processing progress: 8208/8208
2026-10-03 00:12:59,902 - INFO - Prompt Cache: 0 sequences, 0.00 GB
2026-10-03 00:12:59,902 - INFO - - assistant: 0 sequences, 0.00 GB
2026-10-03 00:12:59,902 - INFO - - user: 0 sequences, 0.00 GB
2026-10-03 00:12:59,902 - INFO - - system: 0 sequences, 0.00 GB
127.0.0.1 - - [03/Oct/2026 00:12:59] "POST /v1/chat/completions HTTP/1.1" 200 -
2026-10-03 00:13:00,100 - INFO - Prompt processing progress: 21/8208
2026-10-03 00:13:01,545 - INFO - Prompt processing progress: 2069/8208
2026-10-03 00:13:03,067 - INFO - Prompt processing progress: 4117/8208
2026-10-03 00:13:04,624 - INFO - Prompt processing progress: 6165/8208
2026-10-03 00:13:06,244 - INFO - Prompt processing progress: 8204/8208
2026-10-03 00:13:06,304 - INFO - Prompt processing progress: 8207/8208
2026-10-03 00:13:06,354 - INFO - Prompt processing progress: 8208/8208
2026-10-03 00:13:16,590 - INFO - Prompt Cache: 0 sequences, 0.00 GB
2026-10-03 00:13:16,590 - INFO - - assistant: 0 sequences, 0.00 GB
2026-10-03 00:13:16,590 - INFO - - user: 0 sequences, 0.00 GB
2026-10-03 00:13:16,590 - INFO - - system: 0 sequences, 0.00 GB
127.0.0.1 - - [03/Oct/2026 00:13:16] "POST /v1/chat/completions HTTP/1.1" 200 -
2026-10-03 00:13:16,785 - INFO - Prompt processing progress: 21/8208
2026-10-03 00:13:18,228 - INFO - Prompt processing progress: 2069/8208
2026-10-03 00:13:19,753 - INFO - Prompt processing progress: 4117/8208
2026-10-03 00:13:21,316 - INFO - Prompt processing progress: 6165/8208
2026-10-03 00:13:22,934 - INFO - Prompt processing progress: 8204/8208
2026-10-03 00:13:22,993 - INFO - Prompt processing progress: 8207/8208
2026-10-03 00:13:23,043 - INFO - Prompt processing progress: 8208/8208
2026-10-03 00:13:33,276 - INFO - Prompt Cache: 0 sequences, 0.00 GB
2026-10-03 00:13:33,276 - INFO - - assistant: 0 sequences, 0.00 GB
2026-10-03 00:13:33,276 - INFO - - user: 0 sequences, 0.00 GB
2026-10-03 00:13:33,276 - INFO - - system: 0 sequences, 0.00 GB
127.0.0.1 - - [03/Oct/2026 00:13:33] "POST /v1/chat/completions HTTP/1.1" 200 -
2026-10-03 00:13:33,474 - INFO - Prompt processing progress: 21/8208
2026-10-03 00:13:34,918 - INFO - Prompt processing progress: 2069/8208
2026-10-03 00:13:36,447 - INFO - Prompt processing progress: 4117/8208
2026-10-03 00:13:38,012 - INFO - Prompt processing progress: 6165/8208
2026-10-03 00:13:39,632 - INFO - Prompt processing progress: 8204/8208
2026-10-03 00:13:39,691 - INFO - Prompt processing progress: 8207/8208
2026-10-03 00:13:39,741 - INFO - Prompt processing progress: 8208/8208
2026-10-03 00:13:49,990 - INFO - Prompt Cache: 0 sequences, 0.00 GB
2026-10-03 00:13:49,990 - INFO - - assistant: 0 sequences, 0.00 GB
2026-10-03 00:13:49,990 - INFO - - user: 0 sequences, 0.00 GB
2026-10-03 00:13:49,990 - INFO - - system: 0 sequences, 0.00 GB
127.0.0.1 - - [03/Oct/2026 00:13:49] "POST /v1/chat/completions HTTP/1.1" 200 -
2026-10-03 00:13:50,182 - INFO - Prompt processing progress: 21/8208
2026-10-03 00:13:51,629 - INFO - Prompt processing progress: 2069/8208
2026-10-03 00:13:53,153 - INFO - Prompt processing progress: 4117/8208
2026-10-03 00:13:54,710 - INFO - Prompt processing progress: 6165/8208
2026-10-03 00:13:56,332 - INFO - Prompt processing progress: 8204/8208
2026-10-03 00:13:56,392 - INFO - Prompt processing progress: 8207/8208
2026-10-03 00:13:56,443 - INFO - Prompt processing progress: 8208/8208
2026-10-03 00:14:06,676 - INFO - Prompt Cache: 0 sequences, 0.00 GB
2026-10-03 00:14:06,676 - INFO - - assistant: 0 sequences, 0.00 GB
2026-10-03 00:14:06,676 - INFO - - user: 0 sequences, 0.00 GB
2026-10-03 00:14:06,676 - INFO - - system: 0 sequences, 0.00 GB
127.0.0.1 - - [03/Oct/2026 00:14:06] "POST /v1/chat/completions HTTP/1.1" 200 -
2026-10-03 00:14:06,874 - INFO - Prompt processing progress: 21/8208
2026-10-03 00:14:08,313 - INFO - Prompt processing progress: 2069/8208
2026-10-03 00:14:09,842 - INFO - Prompt processing progress: 4117/8208
2026-10-03 00:14:11,397 - INFO - Prompt processing progress: 6165/8208
2026-10-03 00:14:13,019 - INFO - Prompt processing progress: 8204/8208
2026-10-03 00:14:13,079 - INFO - Prompt processing progress: 8207/8208
2026-10-03 00:14:13,130 - INFO - Prompt processing progress: 8208/8208
