<M5_REPO>/.venv/lib/python3.12/site-packages/mlx_lm/server.py:1723: UserWarning: mlx_lm.server is not recommended for production as it only implements basic security checks.
  warnings.warn(
2026-10-02 15:54:25,450 - INFO - Starting httpd at 127.0.0.1 on port 18185...
127.0.0.1 - - [02/Oct/2026 15:54:25] "GET /v1/models HTTP/1.1" 200 -
127.0.0.1 - - [02/Oct/2026 15:54:32] "POST /v1/chat/completions HTTP/1.1" 200 -
2026-10-02 15:54:32,818 - INFO - Prompt Cache: 0 sequences, 0.00 GB
2026-10-02 15:54:32,818 - INFO - - assistant: 0 sequences, 0.00 GB
2026-10-02 15:54:32,818 - INFO - - user: 0 sequences, 0.00 GB
2026-10-02 15:54:32,818 - INFO - - system: 0 sequences, 0.00 GB
2026-10-02 15:54:32,907 - INFO - Prompt processing progress: 0/200020
2026-10-02 15:54:34,226 - INFO - Prompt processing progress: 2048/200020
2026-10-02 15:54:35,396 - INFO - Prompt processing progress: 4096/200020
2026-10-02 15:54:36,588 - INFO - Prompt processing progress: 6144/200020
2026-10-02 15:54:37,801 - INFO - Prompt processing progress: 8192/200020
2026-10-02 15:54:39,032 - INFO - Prompt processing progress: 10240/200020
2026-10-02 15:54:40,287 - INFO - Prompt processing progress: 12288/200020
2026-10-02 15:54:41,563 - INFO - Prompt processing progress: 14336/200020
2026-10-02 15:54:42,856 - INFO - Prompt processing progress: 16384/200020
2026-10-02 15:54:44,170 - INFO - Prompt processing progress: 18432/200020
2026-10-02 15:54:45,503 - INFO - Prompt processing progress: 20480/200020
2026-10-02 15:54:46,859 - INFO - Prompt processing progress: 22528/200020
2026-10-02 15:54:48,233 - INFO - Prompt processing progress: 24576/200020
2026-10-02 15:54:49,630 - INFO - Prompt processing progress: 26624/200020
2026-10-02 15:54:51,047 - INFO - Prompt processing progress: 28672/200020
2026-10-02 15:54:52,484 - INFO - Prompt processing progress: 30720/200020
2026-10-02 15:54:53,942 - INFO - Prompt processing progress: 32768/200020
2026-10-02 15:54:55,417 - INFO - Prompt processing progress: 34816/200020
2026-10-02 15:54:56,917 - INFO - Prompt processing progress: 36864/200020
2026-10-02 15:54:58,431 - INFO - Prompt processing progress: 38912/200020
2026-10-02 15:54:59,973 - INFO - Prompt processing progress: 40960/200020
2026-10-02 15:55:01,533 - INFO - Prompt processing progress: 43008/200020
2026-10-02 15:55:03,109 - INFO - Prompt processing progress: 45056/200020
2026-10-02 15:55:04,712 - INFO - Prompt processing progress: 47104/200020
2026-10-02 15:55:06,331 - INFO - Prompt processing progress: 49152/200020
2026-10-02 15:55:07,968 - INFO - Prompt processing progress: 51200/200020
2026-10-02 15:55:09,628 - INFO - Prompt processing progress: 53248/200020
2026-10-02 15:55:11,310 - INFO - Prompt processing progress: 55296/200020
2026-10-02 15:55:13,011 - INFO - Prompt processing progress: 57344/200020
2026-10-02 15:55:14,733 - INFO - Prompt processing progress: 59392/200020
2026-10-02 15:55:16,474 - INFO - Prompt processing progress: 61440/200020
2026-10-02 15:55:18,236 - INFO - Prompt processing progress: 63488/200020
2026-10-02 15:55:20,021 - INFO - Prompt processing progress: 65536/200020
2026-10-02 15:55:21,825 - INFO - Prompt processing progress: 67584/200020
2026-10-02 15:55:23,658 - INFO - Prompt processing progress: 69632/200020
2026-10-02 15:55:25,503 - INFO - Prompt processing progress: 71680/200020
2026-10-02 15:55:27,370 - INFO - Prompt processing progress: 73728/200020
2026-10-02 15:55:29,256 - INFO - Prompt processing progress: 75776/200020
2026-10-02 15:55:31,165 - INFO - Prompt processing progress: 77824/200020
2026-10-02 15:55:33,094 - INFO - Prompt processing progress: 79872/200020
2026-10-02 15:55:35,043 - INFO - Prompt processing progress: 81920/200020
2026-10-02 15:55:37,013 - INFO - Prompt processing progress: 83968/200020
2026-10-02 15:55:39,008 - INFO - Prompt processing progress: 86016/200020
2026-10-02 15:55:41,047 - INFO - Prompt processing progress: 88064/200020
2026-10-02 15:55:43,076 - INFO - Prompt processing progress: 90112/200020
2026-10-02 15:55:45,129 - INFO - Prompt processing progress: 92160/200020
2026-10-02 15:55:47,207 - INFO - Prompt processing progress: 94208/200020
2026-10-02 15:55:49,293 - INFO - Prompt processing progress: 96256/200020
2026-10-02 15:55:51,410 - INFO - Prompt processing progress: 98304/200020
2026-10-02 15:55:53,549 - INFO - Prompt processing progress: 100352/200020
2026-10-02 15:55:55,701 - INFO - Prompt processing progress: 102400/200020
2026-10-02 15:55:57,877 - INFO - Prompt processing progress: 104448/200020
2026-10-02 15:56:00,063 - INFO - Prompt processing progress: 106496/200020
2026-10-02 15:56:02,285 - INFO - Prompt processing progress: 108544/200020
2026-10-02 15:56:04,516 - INFO - Prompt processing progress: 110592/200020
2026-10-02 15:56:06,774 - INFO - Prompt processing progress: 112640/200020
2026-10-02 15:56:09,061 - INFO - Prompt processing progress: 114688/200020
2026-10-02 15:56:11,392 - INFO - Prompt processing progress: 116736/200020
2026-10-02 15:56:13,814 - INFO - Prompt processing progress: 118784/200020
2026-10-02 15:56:16,304 - INFO - Prompt processing progress: 120832/200020
2026-10-02 15:56:18,807 - INFO - Prompt processing progress: 122880/200020
2026-10-02 15:56:21,318 - INFO - Prompt processing progress: 124928/200020
2026-10-02 15:56:23,851 - INFO - Prompt processing progress: 126976/200020
2026-10-02 15:56:26,384 - INFO - Prompt processing progress: 129024/200020
2026-10-02 15:56:28,836 - INFO - Prompt processing progress: 131072/200020
2026-10-02 15:56:31,290 - INFO - Prompt processing progress: 133120/200020
2026-10-02 15:56:33,773 - INFO - Prompt processing progress: 135168/200020
2026-10-02 15:56:36,276 - INFO - Prompt processing progress: 137216/200020
2026-10-02 15:56:38,825 - INFO - Prompt processing progress: 139264/200020
2026-10-02 15:56:41,405 - INFO - Prompt processing progress: 141312/200020
2026-10-02 15:56:43,959 - INFO - Prompt processing progress: 143360/200020
2026-10-02 15:56:46,547 - INFO - Prompt processing progress: 145408/200020
2026-10-02 15:56:49,153 - INFO - Prompt processing progress: 147456/200020
2026-10-02 15:56:51,778 - INFO - Prompt processing progress: 149504/200020
2026-10-02 15:56:54,438 - INFO - Prompt processing progress: 151552/200020
2026-10-02 15:56:57,103 - INFO - Prompt processing progress: 153600/200020
2026-10-02 15:56:59,785 - INFO - Prompt processing progress: 155648/200020
2026-10-02 15:57:02,494 - INFO - Prompt processing progress: 157696/200020
2026-10-02 15:57:05,236 - INFO - Prompt processing progress: 159744/200020
2026-10-02 15:57:07,975 - INFO - Prompt processing progress: 161792/200020
2026-10-02 15:57:10,754 - INFO - Prompt processing progress: 163840/200020
2026-10-02 15:57:13,537 - INFO - Prompt processing progress: 165888/200020
2026-10-02 15:57:16,361 - INFO - Prompt processing progress: 167936/200020
2026-10-02 15:57:19,186 - INFO - Prompt processing progress: 169984/200020
2026-10-02 15:57:22,060 - INFO - Prompt processing progress: 172032/200020
2026-10-02 15:57:24,924 - INFO - Prompt processing progress: 174080/200020
2026-10-02 15:57:27,812 - INFO - Prompt processing progress: 176128/200020
2026-10-02 15:57:30,735 - INFO - Prompt processing progress: 178176/200020
2026-10-02 15:57:33,660 - INFO - Prompt processing progress: 180224/200020
2026-10-02 15:57:36,612 - INFO - Prompt processing progress: 182272/200020
2026-10-02 15:57:39,584 - INFO - Prompt processing progress: 184320/200020
2026-10-02 15:57:42,633 - INFO - Prompt processing progress: 186368/200020
2026-10-02 15:57:45,660 - INFO - Prompt processing progress: 188416/200020
2026-10-02 15:57:48,682 - INFO - Prompt processing progress: 190464/200020
2026-10-02 15:57:51,755 - INFO - Prompt processing progress: 192512/200020
2026-10-02 15:57:54,813 - INFO - Prompt processing progress: 194560/200020
2026-10-02 15:57:57,921 - INFO - Prompt processing progress: 196608/200020
2026-10-02 15:58:01,041 - INFO - Prompt processing progress: 198656/200020
2026-10-02 15:58:03,454 - INFO - Prompt processing progress: 200019/200020
2026-10-02 15:58:03,562 - INFO - Prompt processing progress: 200020/200020
127.0.0.1 - - [02/Oct/2026 15:58:04] "POST /v1/chat/completions HTTP/1.1" 200 -
2026-10-02 15:58:04,411 - INFO - Prompt Cache: 1 sequences, 13.27 GB
2026-10-02 15:58:04,411 - INFO - - assistant: 1 sequences, 13.27 GB
2026-10-02 15:58:04,412 - INFO - - user: 0 sequences, 0.00 GB
2026-10-02 15:58:04,412 - INFO - - system: 0 sequences, 0.00 GB
2026-10-02 15:58:04,511 - INFO - Prompt processing progress: 0/3645
2026-10-02 15:58:07,816 - INFO - Prompt processing progress: 2048/3645
2026-10-02 15:58:10,579 - INFO - Prompt processing progress: 3644/3645
2026-10-02 15:58:10,695 - INFO - Prompt processing progress: 3645/3645
127.0.0.1 - - [02/Oct/2026 15:58:30] "POST /v1/chat/completions HTTP/1.1" 200 -
2026-10-02 15:58:30,552 - INFO - Prompt Cache: 1 sequences, 13.53 GB
2026-10-02 15:58:30,552 - INFO - - assistant: 1 sequences, 13.53 GB
2026-10-02 15:58:30,552 - INFO - - user: 0 sequences, 0.00 GB
2026-10-02 15:58:30,552 - INFO - - system: 0 sequences, 0.00 GB
2026-10-02 15:58:30,652 - INFO - Prompt processing progress: 0/25
2026-10-02 15:58:30,910 - INFO - Prompt processing progress: 24/25
2026-10-02 15:58:31,019 - INFO - Prompt processing progress: 25/25
