<repo>/vendor/vlm-runtime/.venv/lib/python3.12/site-packages/mlx_lm/server.py:1723: UserWarning: mlx_lm.server is not recommended for production as it only implements basic security checks.
  warnings.warn(
2026-10-01 18:13:59,789 - INFO - Starting httpd at 127.0.0.1 on port 18185...
127.0.0.1 - - [01/Oct/2026 18:14:00] "GET /v1/models HTTP/1.1" 200 -
----------------------------------------
Exception occurred during processing of request from ('127.0.0.1', 58309)
Traceback (most recent call last):
  File "<m5-home>/.local/share/uv/python/cpython-3.12.13-macos-aarch64-none/lib/python3.12/socketserver.py", line 697, in process_request_thread
    self.finish_request(request, client_address)
  File "<m5-home>/.local/share/uv/python/cpython-3.12.13-macos-aarch64-none/lib/python3.12/socketserver.py", line 362, in finish_request
    self.RequestHandlerClass(request, client_address, self)
  File "<repo>/vendor/vlm-runtime/.venv/lib/python3.12/site-packages/mlx_lm/server.py", line 1716, in <lambda>
    lambda *args, **kwargs: handler_class(
                            ^^^^^^^^^^^^^^
  File "<repo>/vendor/vlm-runtime/.venv/lib/python3.12/site-packages/mlx_lm/server.py", line 1073, in __init__
    super().__init__(*args, **kwargs)
  File "<m5-home>/.local/share/uv/python/cpython-3.12.13-macos-aarch64-none/lib/python3.12/socketserver.py", line 766, in __init__
    self.handle()
  File "<m5-home>/.local/share/uv/python/cpython-3.12.13-macos-aarch64-none/lib/python3.12/http/server.py", line 440, in handle
    self.handle_one_request()
  File "<m5-home>/.local/share/uv/python/cpython-3.12.13-macos-aarch64-none/lib/python3.12/http/server.py", line 428, in handle_one_request
    method()
  File "<repo>/vendor/vlm-runtime/.venv/lib/python3.12/site-packages/mlx_lm/server.py", line 1625, in do_GET
    self.handle_models_request()
  File "<repo>/vendor/vlm-runtime/.venv/lib/python3.12/site-packages/mlx_lm/server.py", line 1668, in handle_models_request
    hf_cache_info = scan_cache_dir()
                    ^^^^^^^^^^^^^^^^
  File "<repo>/vendor/vlm-runtime/.venv/lib/python3.12/site-packages/huggingface_hub/utils/_cache_manager.py", line 777, in scan_cache_dir
    raise CacheNotFound(
huggingface_hub.errors.CacheNotFound: Cache directory not found: <repo>/.cache/huggingface/hub. Please use `cache_dir` argument or set `HF_HUB_CACHE` environment variable.
----------------------------------------
127.0.0.1 - - [01/Oct/2026 18:14:01] "POST /v1/chat/completions HTTP/1.1" 200 -
2026-10-01 18:14:01,069 - INFO - Prompt Cache: 0 sequences, 0.00 GB
2026-10-01 18:14:01,069 - INFO - - assistant: 0 sequences, 0.00 GB
2026-10-01 18:14:01,069 - INFO - - user: 0 sequences, 0.00 GB
2026-10-01 18:14:01,069 - INFO - - system: 0 sequences, 0.00 GB
2026-10-01 18:14:01,161 - INFO - Prompt processing progress: 0/200001
2026-10-01 18:14:01,389 - INFO - Prompt processing progress: 2048/200001
2026-10-01 18:14:01,613 - INFO - Prompt processing progress: 4096/200001
2026-10-01 18:14:01,845 - INFO - Prompt processing progress: 6144/200001
2026-10-01 18:14:02,086 - INFO - Prompt processing progress: 8192/200001
2026-10-01 18:14:02,334 - INFO - Prompt processing progress: 10240/200001
2026-10-01 18:14:02,591 - INFO - Prompt processing progress: 12288/200001
2026-10-01 18:14:02,857 - INFO - Prompt processing progress: 14336/200001
2026-10-01 18:14:03,139 - INFO - Prompt processing progress: 16384/200001
2026-10-01 18:14:03,424 - INFO - Prompt processing progress: 18432/200001
2026-10-01 18:14:03,721 - INFO - Prompt processing progress: 20480/200001
2026-10-01 18:14:04,027 - INFO - Prompt processing progress: 22528/200001
2026-10-01 18:14:04,343 - INFO - Prompt processing progress: 24576/200001
2026-10-01 18:14:04,671 - INFO - Prompt processing progress: 26624/200001
2026-10-01 18:14:05,006 - INFO - Prompt processing progress: 28672/200001
2026-10-01 18:14:05,352 - INFO - Prompt processing progress: 30720/200001
2026-10-01 18:14:05,708 - INFO - Prompt processing progress: 32768/200001
2026-10-01 18:14:06,070 - INFO - Prompt processing progress: 34816/200001
2026-10-01 18:14:06,446 - INFO - Prompt processing progress: 36864/200001
2026-10-01 18:14:06,829 - INFO - Prompt processing progress: 38912/200001
2026-10-01 18:14:07,223 - INFO - Prompt processing progress: 40960/200001
2026-10-01 18:14:07,627 - INFO - Prompt processing progress: 43008/200001
2026-10-01 18:14:08,041 - INFO - Prompt processing progress: 45056/200001
2026-10-01 18:14:08,465 - INFO - Prompt processing progress: 47104/200001
2026-10-01 18:14:08,897 - INFO - Prompt processing progress: 49152/200001
2026-10-01 18:14:09,339 - INFO - Prompt processing progress: 51200/200001
2026-10-01 18:14:09,792 - INFO - Prompt processing progress: 53248/200001
2026-10-01 18:14:10,254 - INFO - Prompt processing progress: 55296/200001
2026-10-01 18:14:10,724 - INFO - Prompt processing progress: 57344/200001
2026-10-01 18:14:11,204 - INFO - Prompt processing progress: 59392/200001
2026-10-01 18:14:11,698 - INFO - Prompt processing progress: 61440/200001
2026-10-01 18:14:12,199 - INFO - Prompt processing progress: 63488/200001
2026-10-01 18:14:12,713 - INFO - Prompt processing progress: 65536/200001
2026-10-01 18:14:13,234 - INFO - Prompt processing progress: 67584/200001
2026-10-01 18:14:13,765 - INFO - Prompt processing progress: 69632/200001
2026-10-01 18:14:14,307 - INFO - Prompt processing progress: 71680/200001
2026-10-01 18:14:14,859 - INFO - Prompt processing progress: 73728/200001
2026-10-01 18:14:15,420 - INFO - Prompt processing progress: 75776/200001
2026-10-01 18:14:15,994 - INFO - Prompt processing progress: 77824/200001
2026-10-01 18:14:16,576 - INFO - Prompt processing progress: 79872/200001
2026-10-01 18:14:17,162 - INFO - Prompt processing progress: 81920/200001
2026-10-01 18:14:17,762 - INFO - Prompt processing progress: 83968/200001
2026-10-01 18:14:18,371 - INFO - Prompt processing progress: 86016/200001
2026-10-01 18:14:18,985 - INFO - Prompt processing progress: 88064/200001
2026-10-01 18:14:19,613 - INFO - Prompt processing progress: 90112/200001
2026-10-01 18:14:20,252 - INFO - Prompt processing progress: 92160/200001
2026-10-01 18:14:20,894 - INFO - Prompt processing progress: 94208/200001
2026-10-01 18:14:21,552 - INFO - Prompt processing progress: 96256/200001
2026-10-01 18:14:22,223 - INFO - Prompt processing progress: 98304/200001
2026-10-01 18:14:22,899 - INFO - Prompt processing progress: 100352/200001
2026-10-01 18:14:23,585 - INFO - Prompt processing progress: 102400/200001
2026-10-01 18:14:24,281 - INFO - Prompt processing progress: 104448/200001
2026-10-01 18:14:24,984 - INFO - Prompt processing progress: 106496/200001
2026-10-01 18:14:25,699 - INFO - Prompt processing progress: 108544/200001
2026-10-01 18:14:26,425 - INFO - Prompt processing progress: 110592/200001
2026-10-01 18:14:27,157 - INFO - Prompt processing progress: 112640/200001
2026-10-01 18:14:27,900 - INFO - Prompt processing progress: 114688/200001
2026-10-01 18:14:28,659 - INFO - Prompt processing progress: 116736/200001
2026-10-01 18:14:29,429 - INFO - Prompt processing progress: 118784/200001
2026-10-01 18:14:30,208 - INFO - Prompt processing progress: 120832/200001
2026-10-01 18:14:30,995 - INFO - Prompt processing progress: 122880/200001
2026-10-01 18:14:31,786 - INFO - Prompt processing progress: 124928/200001
2026-10-01 18:14:32,585 - INFO - Prompt processing progress: 126976/200001
2026-10-01 18:14:33,400 - INFO - Prompt processing progress: 129024/200001
2026-10-01 18:14:34,224 - INFO - Prompt processing progress: 131072/200001
2026-10-01 18:14:35,057 - INFO - Prompt processing progress: 133120/200001
2026-10-01 18:14:35,889 - INFO - Prompt processing progress: 135168/200001
2026-10-01 18:14:36,738 - INFO - Prompt processing progress: 137216/200001
2026-10-01 18:14:37,595 - INFO - Prompt processing progress: 139264/200001
2026-10-01 18:14:38,455 - INFO - Prompt processing progress: 141312/200001
2026-10-01 18:14:39,339 - INFO - Prompt processing progress: 143360/200001
2026-10-01 18:14:40,235 - INFO - Prompt processing progress: 145408/200001
2026-10-01 18:14:41,131 - INFO - Prompt processing progress: 147456/200001
2026-10-01 18:14:42,049 - INFO - Prompt processing progress: 149504/200001
2026-10-01 18:14:42,967 - INFO - Prompt processing progress: 151552/200001
2026-10-01 18:14:43,891 - INFO - Prompt processing progress: 153600/200001
2026-10-01 18:14:44,832 - INFO - Prompt processing progress: 155648/200001
2026-10-01 18:14:45,779 - INFO - Prompt processing progress: 157696/200001
2026-10-01 18:14:46,741 - INFO - Prompt processing progress: 159744/200001
2026-10-01 18:14:47,703 - INFO - Prompt processing progress: 161792/200001
2026-10-01 18:14:48,676 - INFO - Prompt processing progress: 163840/200001
2026-10-01 18:14:49,657 - INFO - Prompt processing progress: 165888/200001
2026-10-01 18:14:50,641 - INFO - Prompt processing progress: 167936/200001
2026-10-01 18:14:51,638 - INFO - Prompt processing progress: 169984/200001
2026-10-01 18:14:52,646 - INFO - Prompt processing progress: 172032/200001
2026-10-01 18:14:53,668 - INFO - Prompt processing progress: 174080/200001
2026-10-01 18:14:54,705 - INFO - Prompt processing progress: 176128/200001
2026-10-01 18:14:55,766 - INFO - Prompt processing progress: 178176/200001
2026-10-01 18:14:56,821 - INFO - Prompt processing progress: 180224/200001
2026-10-01 18:14:57,880 - INFO - Prompt processing progress: 182272/200001
2026-10-01 18:14:58,959 - INFO - Prompt processing progress: 184320/200001
2026-10-01 18:15:00,044 - INFO - Prompt processing progress: 186368/200001
2026-10-01 18:15:01,144 - INFO - Prompt processing progress: 188416/200001
2026-10-01 18:15:02,247 - INFO - Prompt processing progress: 190464/200001
2026-10-01 18:15:03,370 - INFO - Prompt processing progress: 192512/200001
2026-10-01 18:15:04,497 - INFO - Prompt processing progress: 194560/200001
2026-10-01 18:15:05,638 - INFO - Prompt processing progress: 196608/200001
2026-10-01 18:15:06,786 - INFO - Prompt processing progress: 198656/200001
2026-10-01 18:15:07,644 - INFO - Prompt processing progress: 200000/200001
2026-10-01 18:15:07,684 - INFO - Prompt processing progress: 200001/200001
127.0.0.1 - - [01/Oct/2026 18:15:08] "POST /v1/chat/completions HTTP/1.1" 200 -
2026-10-01 18:15:08,044 - INFO - Prompt Cache: 1 sequences, 4.16 GB
2026-10-01 18:15:08,044 - INFO - - assistant: 1 sequences, 4.16 GB
2026-10-01 18:15:08,044 - INFO - - user: 0 sequences, 0.00 GB
2026-10-01 18:15:08,044 - INFO - - system: 0 sequences, 0.00 GB
2026-10-01 18:15:08,147 - INFO - Prompt processing progress: 0/203658
2026-10-01 18:15:08,361 - INFO - Prompt processing progress: 2048/203658
2026-10-01 18:15:08,582 - INFO - Prompt processing progress: 4096/203658
2026-10-01 18:15:08,809 - INFO - Prompt processing progress: 6144/203658
2026-10-01 18:15:09,044 - INFO - Prompt processing progress: 8192/203658
2026-10-01 18:15:09,291 - INFO - Prompt processing progress: 10240/203658
2026-10-01 18:15:09,546 - INFO - Prompt processing progress: 12288/203658
2026-10-01 18:15:09,812 - INFO - Prompt processing progress: 14336/203658
2026-10-01 18:15:10,087 - INFO - Prompt processing progress: 16384/203658
2026-10-01 18:15:10,370 - INFO - Prompt processing progress: 18432/203658
2026-10-01 18:15:10,663 - INFO - Prompt processing progress: 20480/203658
2026-10-01 18:15:10,967 - INFO - Prompt processing progress: 22528/203658
2026-10-01 18:15:11,279 - INFO - Prompt processing progress: 24576/203658
2026-10-01 18:15:11,602 - INFO - Prompt processing progress: 26624/203658
2026-10-01 18:15:11,934 - INFO - Prompt processing progress: 28672/203658
2026-10-01 18:15:12,275 - INFO - Prompt processing progress: 30720/203658
2026-10-01 18:15:12,626 - INFO - Prompt processing progress: 32768/203658
2026-10-01 18:15:12,986 - INFO - Prompt processing progress: 34816/203658
2026-10-01 18:15:13,357 - INFO - Prompt processing progress: 36864/203658
2026-10-01 18:15:13,737 - INFO - Prompt processing progress: 38912/203658
2026-10-01 18:15:14,127 - INFO - Prompt processing progress: 40960/203658
2026-10-01 18:15:14,525 - INFO - Prompt processing progress: 43008/203658
2026-10-01 18:15:14,934 - INFO - Prompt processing progress: 45056/203658
2026-10-01 18:15:15,352 - INFO - Prompt processing progress: 47104/203658
2026-10-01 18:15:15,783 - INFO - Prompt processing progress: 49152/203658
2026-10-01 18:15:16,223 - INFO - Prompt processing progress: 51200/203658
2026-10-01 18:15:16,672 - INFO - Prompt processing progress: 53248/203658
2026-10-01 18:15:17,130 - INFO - Prompt processing progress: 55296/203658
2026-10-01 18:15:17,598 - INFO - Prompt processing progress: 57344/203658
2026-10-01 18:15:18,078 - INFO - Prompt processing progress: 59392/203658
2026-10-01 18:15:18,563 - INFO - Prompt processing progress: 61440/203658
2026-10-01 18:15:19,064 - INFO - Prompt processing progress: 63488/203658
2026-10-01 18:15:19,572 - INFO - Prompt processing progress: 65536/203658
2026-10-01 18:15:20,091 - INFO - Prompt processing progress: 67584/203658
2026-10-01 18:15:20,620 - INFO - Prompt processing progress: 69632/203658
2026-10-01 18:15:21,159 - INFO - Prompt processing progress: 71680/203658
2026-10-01 18:15:21,709 - INFO - Prompt processing progress: 73728/203658
2026-10-01 18:15:22,267 - INFO - Prompt processing progress: 75776/203658
2026-10-01 18:15:22,837 - INFO - Prompt processing progress: 77824/203658
2026-10-01 18:15:23,415 - INFO - Prompt processing progress: 79872/203658
2026-10-01 18:15:24,003 - INFO - Prompt processing progress: 81920/203658
2026-10-01 18:15:24,602 - INFO - Prompt processing progress: 83968/203658
2026-10-01 18:15:25,209 - INFO - Prompt processing progress: 86016/203658
2026-10-01 18:15:25,828 - INFO - Prompt processing progress: 88064/203658
2026-10-01 18:15:26,457 - INFO - Prompt processing progress: 90112/203658
2026-10-01 18:15:27,094 - INFO - Prompt processing progress: 92160/203658
2026-10-01 18:15:27,741 - INFO - Prompt processing progress: 94208/203658
2026-10-01 18:15:28,398 - INFO - Prompt processing progress: 96256/203658
2026-10-01 18:15:29,068 - INFO - Prompt processing progress: 98304/203658
2026-10-01 18:15:29,744 - INFO - Prompt processing progress: 100352/203658
2026-10-01 18:15:30,433 - INFO - Prompt processing progress: 102400/203658
2026-10-01 18:15:31,130 - INFO - Prompt processing progress: 104448/203658
2026-10-01 18:15:31,838 - INFO - Prompt processing progress: 106496/203658
2026-10-01 18:15:32,553 - INFO - Prompt processing progress: 108544/203658
2026-10-01 18:15:33,282 - INFO - Prompt processing progress: 110592/203658
2026-10-01 18:15:34,019 - INFO - Prompt processing progress: 112640/203658
2026-10-01 18:15:34,767 - INFO - Prompt processing progress: 114688/203658
2026-10-01 18:15:35,523 - INFO - Prompt processing progress: 116736/203658
2026-10-01 18:15:36,290 - INFO - Prompt processing progress: 118784/203658
2026-10-01 18:15:37,066 - INFO - Prompt processing progress: 120832/203658
2026-10-01 18:15:37,852 - INFO - Prompt processing progress: 122880/203658
2026-10-01 18:15:38,650 - INFO - Prompt processing progress: 124928/203658
2026-10-01 18:15:39,456 - INFO - Prompt processing progress: 126976/203658
2026-10-01 18:15:40,271 - INFO - Prompt processing progress: 129024/203658
2026-10-01 18:15:41,102 - INFO - Prompt processing progress: 131072/203658
2026-10-01 18:15:41,940 - INFO - Prompt processing progress: 133120/203658
2026-10-01 18:15:42,791 - INFO - Prompt processing progress: 135168/203658
2026-10-01 18:15:43,647 - INFO - Prompt processing progress: 137216/203658
2026-10-01 18:15:44,516 - INFO - Prompt processing progress: 139264/203658
2026-10-01 18:15:45,390 - INFO - Prompt processing progress: 141312/203658
2026-10-01 18:15:46,275 - INFO - Prompt processing progress: 143360/203658
2026-10-01 18:15:47,171 - INFO - Prompt processing progress: 145408/203658
2026-10-01 18:15:48,079 - INFO - Prompt processing progress: 147456/203658
2026-10-01 18:15:48,993 - INFO - Prompt processing progress: 149504/203658
2026-10-01 18:15:49,915 - INFO - Prompt processing progress: 151552/203658
2026-10-01 18:15:50,844 - INFO - Prompt processing progress: 153600/203658
2026-10-01 18:15:51,786 - INFO - Prompt processing progress: 155648/203658
2026-10-01 18:15:52,740 - INFO - Prompt processing progress: 157696/203658
2026-10-01 18:15:53,706 - INFO - Prompt processing progress: 159744/203658
2026-10-01 18:15:54,685 - INFO - Prompt processing progress: 161792/203658
2026-10-01 18:15:55,674 - INFO - Prompt processing progress: 163840/203658
2026-10-01 18:15:56,668 - INFO - Prompt processing progress: 165888/203658
2026-10-01 18:15:57,675 - INFO - Prompt processing progress: 167936/203658
2026-10-01 18:15:58,689 - INFO - Prompt processing progress: 169984/203658
2026-10-01 18:15:59,710 - INFO - Prompt processing progress: 172032/203658
2026-10-01 18:16:00,744 - INFO - Prompt processing progress: 174080/203658
2026-10-01 18:16:01,789 - INFO - Prompt processing progress: 176128/203658
2026-10-01 18:16:02,842 - INFO - Prompt processing progress: 178176/203658
2026-10-01 18:16:03,910 - INFO - Prompt processing progress: 180224/203658
2026-10-01 18:16:04,991 - INFO - Prompt processing progress: 182272/203658
2026-10-01 18:16:06,071 - INFO - Prompt processing progress: 184320/203658
2026-10-01 18:16:07,166 - INFO - Prompt processing progress: 186368/203658
2026-10-01 18:16:08,273 - INFO - Prompt processing progress: 188416/203658
2026-10-01 18:16:09,367 - INFO - Prompt processing progress: 190464/203658
2026-10-01 18:16:10,478 - INFO - Prompt processing progress: 192512/203658
2026-10-01 18:16:11,601 - INFO - Prompt processing progress: 194560/203658
2026-10-01 18:16:12,734 - INFO - Prompt processing progress: 196608/203658
2026-10-01 18:16:13,872 - INFO - Prompt processing progress: 198656/203658
2026-10-01 18:16:15,033 - INFO - Prompt processing progress: 200704/203658
2026-10-01 18:16:16,204 - INFO - Prompt processing progress: 202752/203658
2026-10-01 18:16:17,196 - INFO - Prompt processing progress: 203657/203658
2026-10-01 18:16:17,240 - INFO - Prompt processing progress: 203658/203658
127.0.0.1 - - [01/Oct/2026 18:16:21] "POST /v1/chat/completions HTTP/1.1" 200 -
2026-10-01 18:16:21,853 - INFO - Prompt Cache: 1 sequences, 4.24 GB
2026-10-01 18:16:21,853 - INFO - - assistant: 1 sequences, 4.24 GB
2026-10-01 18:16:21,853 - INFO - - user: 0 sequences, 0.00 GB
2026-10-01 18:16:21,853 - INFO - - system: 0 sequences, 0.00 GB
2026-10-01 18:16:21,958 - INFO - Prompt processing progress: 0/204028
2026-10-01 18:16:22,175 - INFO - Prompt processing progress: 2048/204028
2026-10-01 18:16:22,401 - INFO - Prompt processing progress: 4096/204028
2026-10-01 18:16:22,635 - INFO - Prompt processing progress: 6144/204028
2026-10-01 18:16:22,878 - INFO - Prompt processing progress: 8192/204028
2026-10-01 18:16:23,130 - INFO - Prompt processing progress: 10240/204028
2026-10-01 18:16:23,391 - INFO - Prompt processing progress: 12288/204028
2026-10-01 18:16:23,663 - INFO - Prompt processing progress: 14336/204028
2026-10-01 18:16:23,946 - INFO - Prompt processing progress: 16384/204028
2026-10-01 18:16:24,232 - INFO - Prompt processing progress: 18432/204028
2026-10-01 18:16:24,531 - INFO - Prompt processing progress: 20480/204028
2026-10-01 18:16:24,840 - INFO - Prompt processing progress: 22528/204028
2026-10-01 18:16:25,158 - INFO - Prompt processing progress: 24576/204028
2026-10-01 18:16:25,486 - INFO - Prompt processing progress: 26624/204028
2026-10-01 18:16:25,826 - INFO - Prompt processing progress: 28672/204028
2026-10-01 18:16:26,174 - INFO - Prompt processing progress: 30720/204028
2026-10-01 18:16:26,533 - INFO - Prompt processing progress: 32768/204028
2026-10-01 18:16:26,899 - INFO - Prompt processing progress: 34816/204028
2026-10-01 18:16:27,273 - INFO - Prompt processing progress: 36864/204028
2026-10-01 18:16:27,657 - INFO - Prompt processing progress: 38912/204028
2026-10-01 18:16:28,052 - INFO - Prompt processing progress: 40960/204028
2026-10-01 18:16:28,454 - INFO - Prompt processing progress: 43008/204028
2026-10-01 18:16:28,872 - INFO - Prompt processing progress: 45056/204028
2026-10-01 18:16:29,297 - INFO - Prompt processing progress: 47104/204028
2026-10-01 18:16:29,732 - INFO - Prompt processing progress: 49152/204028
2026-10-01 18:16:30,177 - INFO - Prompt processing progress: 51200/204028
2026-10-01 18:16:30,628 - INFO - Prompt processing progress: 53248/204028
2026-10-01 18:16:31,092 - INFO - Prompt processing progress: 55296/204028
2026-10-01 18:16:31,569 - INFO - Prompt processing progress: 57344/204028
2026-10-01 18:16:32,050 - INFO - Prompt processing progress: 59392/204028
2026-10-01 18:16:32,543 - INFO - Prompt processing progress: 61440/204028
2026-10-01 18:16:33,044 - INFO - Prompt processing progress: 63488/204028
2026-10-01 18:16:33,557 - INFO - Prompt processing progress: 65536/204028
2026-10-01 18:16:34,077 - INFO - Prompt processing progress: 67584/204028
2026-10-01 18:16:34,610 - INFO - Prompt processing progress: 69632/204028
2026-10-01 18:16:35,152 - INFO - Prompt processing progress: 71680/204028
2026-10-01 18:16:35,703 - INFO - Prompt processing progress: 73728/204028
2026-10-01 18:16:36,264 - INFO - Prompt processing progress: 75776/204028
2026-10-01 18:16:36,835 - INFO - Prompt processing progress: 77824/204028
2026-10-01 18:16:37,420 - INFO - Prompt processing progress: 79872/204028
2026-10-01 18:16:38,018 - INFO - Prompt processing progress: 81920/204028
2026-10-01 18:16:38,621 - INFO - Prompt processing progress: 83968/204028
2026-10-01 18:16:39,231 - INFO - Prompt processing progress: 86016/204028
2026-10-01 18:16:39,852 - INFO - Prompt processing progress: 88064/204028
2026-10-01 18:16:40,481 - INFO - Prompt processing progress: 90112/204028
2026-10-01 18:16:41,119 - INFO - Prompt processing progress: 92160/204028
2026-10-01 18:16:41,770 - INFO - Prompt processing progress: 94208/204028
2026-10-01 18:16:42,428 - INFO - Prompt processing progress: 96256/204028
2026-10-01 18:16:43,092 - INFO - Prompt processing progress: 98304/204028
2026-10-01 18:16:43,771 - INFO - Prompt processing progress: 100352/204028
2026-10-01 18:16:44,455 - INFO - Prompt processing progress: 102400/204028
2026-10-01 18:16:45,145 - INFO - Prompt processing progress: 104448/204028
2026-10-01 18:16:45,856 - INFO - Prompt processing progress: 106496/204028
2026-10-01 18:16:46,569 - INFO - Prompt processing progress: 108544/204028
2026-10-01 18:16:47,295 - INFO - Prompt processing progress: 110592/204028
2026-10-01 18:16:48,033 - INFO - Prompt processing progress: 112640/204028
2026-10-01 18:16:48,780 - INFO - Prompt processing progress: 114688/204028
2026-10-01 18:16:49,542 - INFO - Prompt processing progress: 116736/204028
2026-10-01 18:16:50,302 - INFO - Prompt processing progress: 118784/204028
2026-10-01 18:16:51,071 - INFO - Prompt processing progress: 120832/204028
2026-10-01 18:16:51,859 - INFO - Prompt processing progress: 122880/204028
2026-10-01 18:16:52,657 - INFO - Prompt processing progress: 124928/204028
2026-10-01 18:16:53,468 - INFO - Prompt processing progress: 126976/204028
2026-10-01 18:16:54,283 - INFO - Prompt processing progress: 129024/204028
2026-10-01 18:16:55,107 - INFO - Prompt processing progress: 131072/204028
2026-10-01 18:16:55,947 - INFO - Prompt processing progress: 133120/204028
2026-10-01 18:16:56,785 - INFO - Prompt processing progress: 135168/204028
2026-10-01 18:16:57,635 - INFO - Prompt processing progress: 137216/204028
2026-10-01 18:16:58,499 - INFO - Prompt processing progress: 139264/204028
2026-10-01 18:16:59,365 - INFO - Prompt processing progress: 141312/204028
2026-10-01 18:17:00,243 - INFO - Prompt processing progress: 143360/204028
2026-10-01 18:17:01,140 - INFO - Prompt processing progress: 145408/204028
2026-10-01 18:17:02,041 - INFO - Prompt processing progress: 147456/204028
2026-10-01 18:17:02,949 - INFO - Prompt processing progress: 149504/204028
2026-10-01 18:17:03,867 - INFO - Prompt processing progress: 151552/204028
2026-10-01 18:17:04,808 - INFO - Prompt processing progress: 153600/204028
2026-10-01 18:17:05,742 - INFO - Prompt processing progress: 155648/204028
2026-10-01 18:17:06,687 - INFO - Prompt processing progress: 157696/204028
2026-10-01 18:17:07,649 - INFO - Prompt processing progress: 159744/204028
2026-10-01 18:17:08,619 - INFO - Prompt processing progress: 161792/204028
2026-10-01 18:17:09,597 - INFO - Prompt processing progress: 163840/204028
2026-10-01 18:17:10,581 - INFO - Prompt processing progress: 165888/204028
2026-10-01 18:17:11,586 - INFO - Prompt processing progress: 167936/204028
2026-10-01 18:17:12,607 - INFO - Prompt processing progress: 169984/204028
2026-10-01 18:17:13,625 - INFO - Prompt processing progress: 172032/204028
2026-10-01 18:17:14,655 - INFO - Prompt processing progress: 174080/204028
2026-10-01 18:17:15,701 - INFO - Prompt processing progress: 176128/204028
2026-10-01 18:17:16,754 - INFO - Prompt processing progress: 178176/204028
2026-10-01 18:17:17,819 - INFO - Prompt processing progress: 180224/204028
2026-10-01 18:17:18,883 - INFO - Prompt processing progress: 182272/204028
2026-10-01 18:17:19,964 - INFO - Prompt processing progress: 184320/204028
2026-10-01 18:17:21,054 - INFO - Prompt processing progress: 186368/204028
2026-10-01 18:17:22,157 - INFO - Prompt processing progress: 188416/204028
2026-10-01 18:17:23,266 - INFO - Prompt processing progress: 190464/204028
2026-10-01 18:17:24,382 - INFO - Prompt processing progress: 192512/204028
2026-10-01 18:17:25,517 - INFO - Prompt processing progress: 194560/204028
2026-10-01 18:17:26,656 - INFO - Prompt processing progress: 196608/204028
2026-10-01 18:17:27,803 - INFO - Prompt processing progress: 198656/204028
2026-10-01 18:17:28,956 - INFO - Prompt processing progress: 200704/204028
2026-10-01 18:17:30,121 - INFO - Prompt processing progress: 202752/204028
2026-10-01 18:17:30,824 - INFO - Prompt processing progress: 204027/204028
2026-10-01 18:17:30,858 - INFO - Prompt processing progress: 204028/204028
127.0.0.1 - - [01/Oct/2026 18:17:33] "POST /v1/chat/completions HTTP/1.1" 200 -
2026-10-01 18:17:33,351 - INFO - Prompt Cache: 1 sequences, 4.25 GB
2026-10-01 18:17:33,351 - INFO - - assistant: 1 sequences, 4.25 GB
2026-10-01 18:17:33,351 - INFO - - user: 0 sequences, 0.00 GB
2026-10-01 18:17:33,351 - INFO - - system: 0 sequences, 0.00 GB
2026-10-01 18:17:33,459 - INFO - Prompt processing progress: 0/204547
2026-10-01 18:17:33,913 - INFO - Prompt processing progress: 2048/204547
2026-10-01 18:17:34,149 - INFO - Prompt processing progress: 4096/204547
2026-10-01 18:17:34,380 - INFO - Prompt processing progress: 6144/204547
2026-10-01 18:17:34,620 - INFO - Prompt processing progress: 8192/204547
2026-10-01 18:17:34,870 - INFO - Prompt processing progress: 10240/204547
2026-10-01 18:17:35,132 - INFO - Prompt processing progress: 12288/204547
2026-10-01 18:17:35,404 - INFO - Prompt processing progress: 14336/204547
2026-10-01 18:17:35,686 - INFO - Prompt processing progress: 16384/204547
2026-10-01 18:17:35,975 - INFO - Prompt processing progress: 18432/204547
2026-10-01 18:17:36,274 - INFO - Prompt processing progress: 20480/204547
2026-10-01 18:17:36,584 - INFO - Prompt processing progress: 22528/204547
2026-10-01 18:17:36,902 - INFO - Prompt processing progress: 24576/204547
2026-10-01 18:17:37,231 - INFO - Prompt processing progress: 26624/204547
2026-10-01 18:17:37,571 - INFO - Prompt processing progress: 28672/204547
2026-10-01 18:17:37,920 - INFO - Prompt processing progress: 30720/204547
2026-10-01 18:17:38,278 - INFO - Prompt processing progress: 32768/204547
2026-10-01 18:17:38,643 - INFO - Prompt processing progress: 34816/204547
2026-10-01 18:17:39,021 - INFO - Prompt processing progress: 36864/204547
2026-10-01 18:17:39,409 - INFO - Prompt processing progress: 38912/204547
2026-10-01 18:17:39,806 - INFO - Prompt processing progress: 40960/204547
2026-10-01 18:17:40,210 - INFO - Prompt processing progress: 43008/204547
2026-10-01 18:17:40,624 - INFO - Prompt processing progress: 45056/204547
2026-10-01 18:17:41,050 - INFO - Prompt processing progress: 47104/204547
2026-10-01 18:17:41,484 - INFO - Prompt processing progress: 49152/204547
2026-10-01 18:17:41,928 - INFO - Prompt processing progress: 51200/204547
2026-10-01 18:17:42,380 - INFO - Prompt processing progress: 53248/204547
2026-10-01 18:17:42,844 - INFO - Prompt processing progress: 55296/204547
2026-10-01 18:17:43,318 - INFO - Prompt processing progress: 57344/204547
2026-10-01 18:17:43,804 - INFO - Prompt processing progress: 59392/204547
2026-10-01 18:17:44,297 - INFO - Prompt processing progress: 61440/204547
2026-10-01 18:17:44,797 - INFO - Prompt processing progress: 63488/204547
2026-10-01 18:17:45,310 - INFO - Prompt processing progress: 65536/204547
2026-10-01 18:17:45,831 - INFO - Prompt processing progress: 67584/204547
2026-10-01 18:17:46,364 - INFO - Prompt processing progress: 69632/204547
2026-10-01 18:17:46,904 - INFO - Prompt processing progress: 71680/204547
2026-10-01 18:17:47,454 - INFO - Prompt processing progress: 73728/204547
2026-10-01 18:17:48,013 - INFO - Prompt processing progress: 75776/204547
2026-10-01 18:17:48,580 - INFO - Prompt processing progress: 77824/204547
2026-10-01 18:17:49,161 - INFO - Prompt processing progress: 79872/204547
2026-10-01 18:17:49,748 - INFO - Prompt processing progress: 81920/204547
2026-10-01 18:17:50,350 - INFO - Prompt processing progress: 83968/204547
2026-10-01 18:17:50,958 - INFO - Prompt processing progress: 86016/204547
2026-10-01 18:17:51,575 - INFO - Prompt processing progress: 88064/204547
2026-10-01 18:17:52,204 - INFO - Prompt processing progress: 90112/204547
2026-10-01 18:17:52,839 - INFO - Prompt processing progress: 92160/204547
2026-10-01 18:17:53,489 - INFO - Prompt processing progress: 94208/204547
2026-10-01 18:17:54,143 - INFO - Prompt processing progress: 96256/204547
2026-10-01 18:17:54,811 - INFO - Prompt processing progress: 98304/204547
2026-10-01 18:17:55,493 - INFO - Prompt processing progress: 100352/204547
2026-10-01 18:17:56,187 - INFO - Prompt processing progress: 102400/204547
2026-10-01 18:17:56,884 - INFO - Prompt processing progress: 104448/204547
2026-10-01 18:17:57,590 - INFO - Prompt processing progress: 106496/204547
2026-10-01 18:17:58,303 - INFO - Prompt processing progress: 108544/204547
2026-10-01 18:17:59,036 - INFO - Prompt processing progress: 110592/204547
2026-10-01 18:17:59,775 - INFO - Prompt processing progress: 112640/204547
2026-10-01 18:18:00,520 - INFO - Prompt processing progress: 114688/204547
2026-10-01 18:18:01,278 - INFO - Prompt processing progress: 116736/204547
2026-10-01 18:18:02,049 - INFO - Prompt processing progress: 118784/204547
2026-10-01 18:18:02,822 - INFO - Prompt processing progress: 120832/204547
2026-10-01 18:18:03,607 - INFO - Prompt processing progress: 122880/204547
2026-10-01 18:18:04,401 - INFO - Prompt processing progress: 124928/204547
2026-10-01 18:18:05,205 - INFO - Prompt processing progress: 126976/204547
2026-10-01 18:18:06,015 - INFO - Prompt processing progress: 129024/204547
2026-10-01 18:18:06,842 - INFO - Prompt processing progress: 131072/204547
2026-10-01 18:18:07,679 - INFO - Prompt processing progress: 133120/204547
2026-10-01 18:18:08,520 - INFO - Prompt processing progress: 135168/204547
2026-10-01 18:18:09,371 - INFO - Prompt processing progress: 137216/204547
2026-10-01 18:18:10,232 - INFO - Prompt processing progress: 139264/204547
2026-10-01 18:18:11,106 - INFO - Prompt processing progress: 141312/204547
2026-10-01 18:18:11,990 - INFO - Prompt processing progress: 143360/204547
2026-10-01 18:18:12,881 - INFO - Prompt processing progress: 145408/204547
2026-10-01 18:18:13,779 - INFO - Prompt processing progress: 147456/204547
2026-10-01 18:18:14,689 - INFO - Prompt processing progress: 149504/204547
2026-10-01 18:18:15,610 - INFO - Prompt processing progress: 151552/204547
2026-10-01 18:18:16,540 - INFO - Prompt processing progress: 153600/204547
2026-10-01 18:18:17,481 - INFO - Prompt processing progress: 155648/204547
2026-10-01 18:18:18,429 - INFO - Prompt processing progress: 157696/204547
2026-10-01 18:18:19,383 - INFO - Prompt processing progress: 159744/204547
2026-10-01 18:18:20,359 - INFO - Prompt processing progress: 161792/204547
2026-10-01 18:18:21,347 - INFO - Prompt processing progress: 163840/204547
2026-10-01 18:18:22,337 - INFO - Prompt processing progress: 165888/204547
2026-10-01 18:18:23,343 - INFO - Prompt processing progress: 167936/204547
2026-10-01 18:18:24,353 - INFO - Prompt processing progress: 169984/204547
2026-10-01 18:18:25,375 - INFO - Prompt processing progress: 172032/204547
2026-10-01 18:18:26,402 - INFO - Prompt processing progress: 174080/204547
2026-10-01 18:18:27,447 - INFO - Prompt processing progress: 176128/204547
2026-10-01 18:18:28,502 - INFO - Prompt processing progress: 178176/204547
2026-10-01 18:18:29,558 - INFO - Prompt processing progress: 180224/204547
2026-10-01 18:18:30,619 - INFO - Prompt processing progress: 182272/204547
2026-10-01 18:18:31,688 - INFO - Prompt processing progress: 184320/204547
2026-10-01 18:18:32,777 - INFO - Prompt processing progress: 186368/204547
2026-10-01 18:18:33,870 - INFO - Prompt processing progress: 188416/204547
2026-10-01 18:18:34,981 - INFO - Prompt processing progress: 190464/204547
2026-10-01 18:18:36,093 - INFO - Prompt processing progress: 192512/204547
2026-10-01 18:18:37,201 - INFO - Prompt processing progress: 194560/204547
2026-10-01 18:18:38,332 - INFO - Prompt processing progress: 196608/204547
2026-10-01 18:18:39,478 - INFO - Prompt processing progress: 198656/204547
2026-10-01 18:18:40,638 - INFO - Prompt processing progress: 200704/204547
2026-10-01 18:18:41,800 - INFO - Prompt processing progress: 202752/204547
2026-10-01 18:18:42,835 - INFO - Prompt processing progress: 204546/204547
2026-10-01 18:18:42,869 - INFO - Prompt processing progress: 204547/204547
127.0.0.1 - - [01/Oct/2026 18:19:05] "POST /v1/chat/completions HTTP/1.1" 200 -
2026-10-01 18:19:05,461 - INFO - Prompt Cache: 1 sequences, 4.29 GB
2026-10-01 18:19:05,461 - INFO - - assistant: 1 sequences, 4.29 GB
2026-10-01 18:19:05,461 - INFO - - user: 0 sequences, 0.00 GB
2026-10-01 18:19:05,461 - INFO - - system: 0 sequences, 0.00 GB
2026-10-01 18:19:05,567 - INFO - Prompt processing progress: 0/206322
2026-10-01 18:19:05,785 - INFO - Prompt processing progress: 2048/206322
2026-10-01 18:19:06,008 - INFO - Prompt processing progress: 4096/206322
2026-10-01 18:19:06,238 - INFO - Prompt processing progress: 6144/206322
2026-10-01 18:19:06,477 - INFO - Prompt processing progress: 8192/206322
2026-10-01 18:19:06,725 - INFO - Prompt processing progress: 10240/206322
2026-10-01 18:19:06,980 - INFO - Prompt processing progress: 12288/206322
2026-10-01 18:19:07,246 - INFO - Prompt processing progress: 14336/206322
2026-10-01 18:19:07,520 - INFO - Prompt processing progress: 16384/206322
2026-10-01 18:19:07,803 - INFO - Prompt processing progress: 18432/206322
2026-10-01 18:19:08,096 - INFO - Prompt processing progress: 20480/206322
2026-10-01 18:19:08,400 - INFO - Prompt processing progress: 22528/206322
2026-10-01 18:19:08,710 - INFO - Prompt processing progress: 24576/206322
2026-10-01 18:19:09,034 - INFO - Prompt processing progress: 26624/206322
2026-10-01 18:19:09,369 - INFO - Prompt processing progress: 28672/206322
2026-10-01 18:19:09,711 - INFO - Prompt processing progress: 30720/206322
2026-10-01 18:19:10,063 - INFO - Prompt processing progress: 32768/206322
2026-10-01 18:19:10,423 - INFO - Prompt processing progress: 34816/206322
2026-10-01 18:19:10,794 - INFO - Prompt processing progress: 36864/206322
2026-10-01 18:19:11,177 - INFO - Prompt processing progress: 38912/206322
2026-10-01 18:19:11,569 - INFO - Prompt processing progress: 40960/206322
2026-10-01 18:19:11,969 - INFO - Prompt processing progress: 43008/206322
2026-10-01 18:19:12,379 - INFO - Prompt processing progress: 45056/206322
2026-10-01 18:19:12,799 - INFO - Prompt processing progress: 47104/206322
2026-10-01 18:19:13,231 - INFO - Prompt processing progress: 49152/206322
2026-10-01 18:19:13,672 - INFO - Prompt processing progress: 51200/206322
2026-10-01 18:19:14,124 - INFO - Prompt processing progress: 53248/206322
2026-10-01 18:19:14,586 - INFO - Prompt processing progress: 55296/206322
2026-10-01 18:19:15,058 - INFO - Prompt processing progress: 57344/206322
2026-10-01 18:19:15,539 - INFO - Prompt processing progress: 59392/206322
2026-10-01 18:19:16,031 - INFO - Prompt processing progress: 61440/206322
2026-10-01 18:19:16,532 - INFO - Prompt processing progress: 63488/206322
2026-10-01 18:19:17,043 - INFO - Prompt processing progress: 65536/206322
2026-10-01 18:19:17,564 - INFO - Prompt processing progress: 67584/206322
2026-10-01 18:19:18,097 - INFO - Prompt processing progress: 69632/206322
2026-10-01 18:19:18,638 - INFO - Prompt processing progress: 71680/206322
2026-10-01 18:19:19,188 - INFO - Prompt processing progress: 73728/206322
2026-10-01 18:19:19,747 - INFO - Prompt processing progress: 75776/206322
2026-10-01 18:19:20,317 - INFO - Prompt processing progress: 77824/206322
2026-10-01 18:19:20,896 - INFO - Prompt processing progress: 79872/206322
2026-10-01 18:19:21,485 - INFO - Prompt processing progress: 81920/206322
2026-10-01 18:19:22,084 - INFO - Prompt processing progress: 83968/206322
2026-10-01 18:19:22,692 - INFO - Prompt processing progress: 86016/206322
2026-10-01 18:19:23,311 - INFO - Prompt processing progress: 88064/206322
2026-10-01 18:19:23,943 - INFO - Prompt processing progress: 90112/206322
2026-10-01 18:19:24,581 - INFO - Prompt processing progress: 92160/206322
2026-10-01 18:19:25,230 - INFO - Prompt processing progress: 94208/206322
2026-10-01 18:19:25,889 - INFO - Prompt processing progress: 96256/206322
2026-10-01 18:19:26,558 - INFO - Prompt processing progress: 98304/206322
2026-10-01 18:19:27,237 - INFO - Prompt processing progress: 100352/206322
2026-10-01 18:19:27,926 - INFO - Prompt processing progress: 102400/206322
2026-10-01 18:19:28,624 - INFO - Prompt processing progress: 104448/206322
2026-10-01 18:19:29,333 - INFO - Prompt processing progress: 106496/206322
2026-10-01 18:19:30,052 - INFO - Prompt processing progress: 108544/206322
2026-10-01 18:19:30,779 - INFO - Prompt processing progress: 110592/206322
2026-10-01 18:19:31,515 - INFO - Prompt processing progress: 112640/206322
2026-10-01 18:19:32,265 - INFO - Prompt processing progress: 114688/206322
2026-10-01 18:19:33,022 - INFO - Prompt processing progress: 116736/206322
2026-10-01 18:19:33,791 - INFO - Prompt processing progress: 118784/206322
2026-10-01 18:19:34,568 - INFO - Prompt processing progress: 120832/206322
2026-10-01 18:19:35,354 - INFO - Prompt processing progress: 122880/206322
2026-10-01 18:19:36,152 - INFO - Prompt processing progress: 124928/206322
2026-10-01 18:19:36,958 - INFO - Prompt processing progress: 126976/206322
2026-10-01 18:19:37,774 - INFO - Prompt processing progress: 129024/206322
2026-10-01 18:19:38,600 - INFO - Prompt processing progress: 131072/206322
2026-10-01 18:19:39,438 - INFO - Prompt processing progress: 133120/206322
2026-10-01 18:19:40,286 - INFO - Prompt processing progress: 135168/206322
2026-10-01 18:19:41,144 - INFO - Prompt processing progress: 137216/206322
2026-10-01 18:19:42,012 - INFO - Prompt processing progress: 139264/206322
2026-10-01 18:19:42,890 - INFO - Prompt processing progress: 141312/206322
2026-10-01 18:19:43,778 - INFO - Prompt processing progress: 143360/206322
2026-10-01 18:19:44,676 - INFO - Prompt processing progress: 145408/206322
2026-10-01 18:19:45,584 - INFO - Prompt processing progress: 147456/206322
2026-10-01 18:19:46,501 - INFO - Prompt processing progress: 149504/206322
2026-10-01 18:19:47,429 - INFO - Prompt processing progress: 151552/206322
2026-10-01 18:19:48,366 - INFO - Prompt processing progress: 153600/206322
2026-10-01 18:19:49,314 - INFO - Prompt processing progress: 155648/206322
2026-10-01 18:19:50,275 - INFO - Prompt processing progress: 157696/206322
2026-10-01 18:19:51,239 - INFO - Prompt processing progress: 159744/206322
2026-10-01 18:19:52,202 - INFO - Prompt processing progress: 161792/206322
2026-10-01 18:19:53,190 - INFO - Prompt processing progress: 163840/206322
2026-10-01 18:19:54,187 - INFO - Prompt processing progress: 165888/206322
2026-10-01 18:19:55,195 - INFO - Prompt processing progress: 167936/206322
2026-10-01 18:19:56,208 - INFO - Prompt processing progress: 169984/206322
2026-10-01 18:19:57,228 - INFO - Prompt processing progress: 172032/206322
2026-10-01 18:19:58,255 - INFO - Prompt processing progress: 174080/206322
2026-10-01 18:19:59,295 - INFO - Prompt processing progress: 176128/206322
2026-10-01 18:20:00,343 - INFO - Prompt processing progress: 178176/206322
2026-10-01 18:20:01,405 - INFO - Prompt processing progress: 180224/206322
2026-10-01 18:20:02,475 - INFO - Prompt processing progress: 182272/206322
2026-10-01 18:20:03,545 - INFO - Prompt processing progress: 184320/206322
2026-10-01 18:20:04,635 - INFO - Prompt processing progress: 186368/206322
2026-10-01 18:20:05,727 - INFO - Prompt processing progress: 188416/206322
2026-10-01 18:20:06,836 - INFO - Prompt processing progress: 190464/206322
2026-10-01 18:20:07,961 - INFO - Prompt processing progress: 192512/206322
2026-10-01 18:20:09,102 - INFO - Prompt processing progress: 194560/206322
2026-10-01 18:20:10,237 - INFO - Prompt processing progress: 196608/206322
2026-10-01 18:20:11,386 - INFO - Prompt processing progress: 198656/206322
2026-10-01 18:20:12,547 - INFO - Prompt processing progress: 200704/206322
2026-10-01 18:20:13,705 - INFO - Prompt processing progress: 202752/206322
2026-10-01 18:20:14,883 - INFO - Prompt processing progress: 204800/206322
2026-10-01 18:20:15,809 - INFO - Prompt processing progress: 206321/206322
2026-10-01 18:20:15,844 - INFO - Prompt processing progress: 206322/206322
127.0.0.1 - - [01/Oct/2026 18:20:19] "POST /v1/chat/completions HTTP/1.1" 200 -
2026-10-01 18:20:19,290 - INFO - Prompt Cache: 1 sequences, 4.30 GB
2026-10-01 18:20:19,290 - INFO - - assistant: 1 sequences, 4.30 GB
2026-10-01 18:20:19,290 - INFO - - user: 0 sequences, 0.00 GB
2026-10-01 18:20:19,290 - INFO - - system: 0 sequences, 0.00 GB
2026-10-01 18:20:19,393 - INFO - Prompt processing progress: 0/206607
2026-10-01 18:20:19,613 - INFO - Prompt processing progress: 2048/206607
2026-10-01 18:20:19,848 - INFO - Prompt processing progress: 4096/206607
2026-10-01 18:20:20,082 - INFO - Prompt processing progress: 6144/206607
2026-10-01 18:20:20,325 - INFO - Prompt processing progress: 8192/206607
2026-10-01 18:20:20,576 - INFO - Prompt processing progress: 10240/206607
2026-10-01 18:20:20,839 - INFO - Prompt processing progress: 12288/206607
2026-10-01 18:20:21,109 - INFO - Prompt processing progress: 14336/206607
2026-10-01 18:20:21,388 - INFO - Prompt processing progress: 16384/206607
2026-10-01 18:20:21,679 - INFO - Prompt processing progress: 18432/206607
2026-10-01 18:20:21,976 - INFO - Prompt processing progress: 20480/206607
2026-10-01 18:20:22,285 - INFO - Prompt processing progress: 22528/206607
2026-10-01 18:20:22,602 - INFO - Prompt processing progress: 24576/206607
2026-10-01 18:20:22,931 - INFO - Prompt processing progress: 26624/206607
2026-10-01 18:20:23,269 - INFO - Prompt processing progress: 28672/206607
2026-10-01 18:20:23,617 - INFO - Prompt processing progress: 30720/206607
2026-10-01 18:20:23,976 - INFO - Prompt processing progress: 32768/206607
2026-10-01 18:20:24,341 - INFO - Prompt processing progress: 34816/206607
2026-10-01 18:20:24,716 - INFO - Prompt processing progress: 36864/206607
2026-10-01 18:20:25,101 - INFO - Prompt processing progress: 38912/206607
2026-10-01 18:20:25,498 - INFO - Prompt processing progress: 40960/206607
2026-10-01 18:20:25,903 - INFO - Prompt processing progress: 43008/206607
2026-10-01 18:20:26,319 - INFO - Prompt processing progress: 45056/206607
2026-10-01 18:20:26,744 - INFO - Prompt processing progress: 47104/206607
2026-10-01 18:20:27,175 - INFO - Prompt processing progress: 49152/206607
2026-10-01 18:20:27,618 - INFO - Prompt processing progress: 51200/206607
2026-10-01 18:20:28,070 - INFO - Prompt processing progress: 53248/206607
2026-10-01 18:20:28,534 - INFO - Prompt processing progress: 55296/206607
2026-10-01 18:20:29,009 - INFO - Prompt processing progress: 57344/206607
2026-10-01 18:20:29,493 - INFO - Prompt processing progress: 59392/206607
2026-10-01 18:20:29,987 - INFO - Prompt processing progress: 61440/206607
2026-10-01 18:20:30,494 - INFO - Prompt processing progress: 63488/206607
2026-10-01 18:20:31,006 - INFO - Prompt processing progress: 65536/206607
2026-10-01 18:20:31,527 - INFO - Prompt processing progress: 67584/206607
2026-10-01 18:20:32,059 - INFO - Prompt processing progress: 69632/206607
2026-10-01 18:20:32,599 - INFO - Prompt processing progress: 71680/206607
2026-10-01 18:20:33,149 - INFO - Prompt processing progress: 73728/206607
2026-10-01 18:20:33,709 - INFO - Prompt processing progress: 75776/206607
2026-10-01 18:20:34,283 - INFO - Prompt processing progress: 77824/206607
2026-10-01 18:20:34,863 - INFO - Prompt processing progress: 79872/206607
2026-10-01 18:20:35,450 - INFO - Prompt processing progress: 81920/206607
2026-10-01 18:20:36,047 - INFO - Prompt processing progress: 83968/206607
2026-10-01 18:20:36,659 - INFO - Prompt processing progress: 86016/206607
2026-10-01 18:20:37,277 - INFO - Prompt processing progress: 88064/206607
2026-10-01 18:20:37,907 - INFO - Prompt processing progress: 90112/206607
2026-10-01 18:20:38,550 - INFO - Prompt processing progress: 92160/206607
2026-10-01 18:20:39,199 - INFO - Prompt processing progress: 94208/206607
2026-10-01 18:20:39,854 - INFO - Prompt processing progress: 96256/206607
2026-10-01 18:20:40,519 - INFO - Prompt processing progress: 98304/206607
2026-10-01 18:20:41,193 - INFO - Prompt processing progress: 100352/206607
2026-10-01 18:20:41,882 - INFO - Prompt processing progress: 102400/206607
2026-10-01 18:20:42,576 - INFO - Prompt processing progress: 104448/206607
2026-10-01 18:20:43,279 - INFO - Prompt processing progress: 106496/206607
2026-10-01 18:20:43,994 - INFO - Prompt processing progress: 108544/206607
2026-10-01 18:20:44,712 - INFO - Prompt processing progress: 110592/206607
2026-10-01 18:20:45,442 - INFO - Prompt processing progress: 112640/206607
2026-10-01 18:20:46,190 - INFO - Prompt processing progress: 114688/206607
2026-10-01 18:20:46,946 - INFO - Prompt processing progress: 116736/206607
2026-10-01 18:20:47,710 - INFO - Prompt processing progress: 118784/206607
2026-10-01 18:20:48,475 - INFO - Prompt processing progress: 120832/206607
2026-10-01 18:20:49,260 - INFO - Prompt processing progress: 122880/206607
2026-10-01 18:20:50,057 - INFO - Prompt processing progress: 124928/206607
2026-10-01 18:20:50,856 - INFO - Prompt processing progress: 126976/206607
2026-10-01 18:20:51,661 - INFO - Prompt processing progress: 129024/206607
2026-10-01 18:20:52,478 - INFO - Prompt processing progress: 131072/206607
2026-10-01 18:20:53,314 - INFO - Prompt processing progress: 133120/206607
2026-10-01 18:20:54,158 - INFO - Prompt processing progress: 135168/206607
2026-10-01 18:20:55,017 - INFO - Prompt processing progress: 137216/206607
2026-10-01 18:20:55,877 - INFO - Prompt processing progress: 139264/206607
2026-10-01 18:20:56,742 - INFO - Prompt processing progress: 141312/206607
2026-10-01 18:20:57,620 - INFO - Prompt processing progress: 143360/206607
2026-10-01 18:20:58,510 - INFO - Prompt processing progress: 145408/206607
2026-10-01 18:20:59,409 - INFO - Prompt processing progress: 147456/206607
2026-10-01 18:21:00,323 - INFO - Prompt processing progress: 149504/206607
2026-10-01 18:21:01,248 - INFO - Prompt processing progress: 151552/206607
2026-10-01 18:21:02,180 - INFO - Prompt processing progress: 153600/206607
2026-10-01 18:21:03,121 - INFO - Prompt processing progress: 155648/206607
2026-10-01 18:21:04,064 - INFO - Prompt processing progress: 157696/206607
2026-10-01 18:21:05,024 - INFO - Prompt processing progress: 159744/206607
2026-10-01 18:21:05,989 - INFO - Prompt processing progress: 161792/206607
2026-10-01 18:21:06,975 - INFO - Prompt processing progress: 163840/206607
2026-10-01 18:21:07,959 - INFO - Prompt processing progress: 165888/206607
2026-10-01 18:21:08,966 - INFO - Prompt processing progress: 167936/206607
2026-10-01 18:21:09,979 - INFO - Prompt processing progress: 169984/206607
2026-10-01 18:21:11,001 - INFO - Prompt processing progress: 172032/206607
2026-10-01 18:21:12,039 - INFO - Prompt processing progress: 174080/206607
2026-10-01 18:21:13,081 - INFO - Prompt processing progress: 176128/206607
2026-10-01 18:21:14,129 - INFO - Prompt processing progress: 178176/206607
2026-10-01 18:21:15,192 - INFO - Prompt processing progress: 180224/206607
2026-10-01 18:21:16,261 - INFO - Prompt processing progress: 182272/206607
2026-10-01 18:21:17,342 - INFO - Prompt processing progress: 184320/206607
2026-10-01 18:21:18,442 - INFO - Prompt processing progress: 186368/206607
2026-10-01 18:21:19,540 - INFO - Prompt processing progress: 188416/206607
2026-10-01 18:21:20,643 - INFO - Prompt processing progress: 190464/206607
2026-10-01 18:21:21,772 - INFO - Prompt processing progress: 192512/206607
2026-10-01 18:21:22,895 - INFO - Prompt processing progress: 194560/206607
2026-10-01 18:21:24,019 - INFO - Prompt processing progress: 196608/206607
2026-10-01 18:21:25,161 - INFO - Prompt processing progress: 198656/206607
2026-10-01 18:21:26,300 - INFO - Prompt processing progress: 200704/206607
2026-10-01 18:21:27,460 - INFO - Prompt processing progress: 202752/206607
2026-10-01 18:21:28,637 - INFO - Prompt processing progress: 204800/206607
2026-10-01 18:21:29,686 - INFO - Prompt processing progress: 206606/206607
2026-10-01 18:21:29,717 - INFO - Prompt processing progress: 206607/206607
127.0.0.1 - - [01/Oct/2026 18:21:32] "POST /v1/chat/completions HTTP/1.1" 200 -
2026-10-01 18:21:32,112 - INFO - Prompt Cache: 1 sequences, 4.30 GB
2026-10-01 18:21:32,112 - INFO - - assistant: 1 sequences, 4.30 GB
2026-10-01 18:21:32,112 - INFO - - user: 0 sequences, 0.00 GB
2026-10-01 18:21:32,112 - INFO - - system: 0 sequences, 0.00 GB
2026-10-01 18:21:32,219 - INFO - Prompt processing progress: 0/206806
2026-10-01 18:21:32,440 - INFO - Prompt processing progress: 2048/206806
2026-10-01 18:21:32,672 - INFO - Prompt processing progress: 4096/206806
2026-10-01 18:21:32,908 - INFO - Prompt processing progress: 6144/206806
2026-10-01 18:21:33,154 - INFO - Prompt processing progress: 8192/206806
2026-10-01 18:21:33,410 - INFO - Prompt processing progress: 10240/206806
2026-10-01 18:21:33,671 - INFO - Prompt processing progress: 12288/206806
2026-10-01 18:21:33,943 - INFO - Prompt processing progress: 14336/206806
2026-10-01 18:21:34,229 - INFO - Prompt processing progress: 16384/206806
2026-10-01 18:21:34,519 - INFO - Prompt processing progress: 18432/206806
2026-10-01 18:21:34,819 - INFO - Prompt processing progress: 20480/206806
2026-10-01 18:21:35,130 - INFO - Prompt processing progress: 22528/206806
2026-10-01 18:21:35,451 - INFO - Prompt processing progress: 24576/206806
2026-10-01 18:21:35,783 - INFO - Prompt processing progress: 26624/206806
2026-10-01 18:21:36,122 - INFO - Prompt processing progress: 28672/206806
2026-10-01 18:21:36,473 - INFO - Prompt processing progress: 30720/206806
2026-10-01 18:21:36,833 - INFO - Prompt processing progress: 32768/206806
2026-10-01 18:21:37,200 - INFO - Prompt processing progress: 34816/206806
2026-10-01 18:21:37,576 - INFO - Prompt processing progress: 36864/206806
2026-10-01 18:21:37,962 - INFO - Prompt processing progress: 38912/206806
2026-10-01 18:21:38,356 - INFO - Prompt processing progress: 40960/206806
2026-10-01 18:21:38,760 - INFO - Prompt processing progress: 43008/206806
2026-10-01 18:21:39,175 - INFO - Prompt processing progress: 45056/206806
2026-10-01 18:21:39,600 - INFO - Prompt processing progress: 47104/206806
2026-10-01 18:21:40,032 - INFO - Prompt processing progress: 49152/206806
2026-10-01 18:21:40,476 - INFO - Prompt processing progress: 51200/206806
2026-10-01 18:21:40,930 - INFO - Prompt processing progress: 53248/206806
2026-10-01 18:21:41,396 - INFO - Prompt processing progress: 55296/206806
2026-10-01 18:21:41,871 - INFO - Prompt processing progress: 57344/206806
2026-10-01 18:21:42,356 - INFO - Prompt processing progress: 59392/206806
2026-10-01 18:21:42,848 - INFO - Prompt processing progress: 61440/206806
2026-10-01 18:21:43,351 - INFO - Prompt processing progress: 63488/206806
2026-10-01 18:21:43,865 - INFO - Prompt processing progress: 65536/206806
2026-10-01 18:21:44,389 - INFO - Prompt processing progress: 67584/206806
2026-10-01 18:21:44,921 - INFO - Prompt processing progress: 69632/206806
2026-10-01 18:21:45,466 - INFO - Prompt processing progress: 71680/206806
2026-10-01 18:21:46,020 - INFO - Prompt processing progress: 73728/206806
2026-10-01 18:21:46,583 - INFO - Prompt processing progress: 75776/206806
2026-10-01 18:21:47,156 - INFO - Prompt processing progress: 77824/206806
2026-10-01 18:21:47,739 - INFO - Prompt processing progress: 79872/206806
2026-10-01 18:21:48,331 - INFO - Prompt processing progress: 81920/206806
2026-10-01 18:21:48,931 - INFO - Prompt processing progress: 83968/206806
2026-10-01 18:21:49,546 - INFO - Prompt processing progress: 86016/206806
2026-10-01 18:21:50,162 - INFO - Prompt processing progress: 88064/206806
2026-10-01 18:21:50,792 - INFO - Prompt processing progress: 90112/206806
2026-10-01 18:21:51,432 - INFO - Prompt processing progress: 92160/206806
2026-10-01 18:21:52,078 - INFO - Prompt processing progress: 94208/206806
2026-10-01 18:21:52,735 - INFO - Prompt processing progress: 96256/206806
2026-10-01 18:21:53,395 - INFO - Prompt processing progress: 98304/206806
2026-10-01 18:21:54,078 - INFO - Prompt processing progress: 100352/206806
2026-10-01 18:21:54,766 - INFO - Prompt processing progress: 102400/206806
2026-10-01 18:21:55,462 - INFO - Prompt processing progress: 104448/206806
2026-10-01 18:21:56,168 - INFO - Prompt processing progress: 106496/206806
2026-10-01 18:21:56,886 - INFO - Prompt processing progress: 108544/206806
2026-10-01 18:21:57,611 - INFO - Prompt processing progress: 110592/206806
2026-10-01 18:21:58,349 - INFO - Prompt processing progress: 112640/206806
2026-10-01 18:21:59,091 - INFO - Prompt processing progress: 114688/206806
2026-10-01 18:21:59,848 - INFO - Prompt processing progress: 116736/206806
2026-10-01 18:22:00,614 - INFO - Prompt processing progress: 118784/206806
2026-10-01 18:22:01,385 - INFO - Prompt processing progress: 120832/206806
2026-10-01 18:22:02,168 - INFO - Prompt processing progress: 122880/206806
2026-10-01 18:22:02,966 - INFO - Prompt processing progress: 124928/206806
2026-10-01 18:22:03,769 - INFO - Prompt processing progress: 126976/206806
2026-10-01 18:22:04,575 - INFO - Prompt processing progress: 129024/206806
2026-10-01 18:22:05,405 - INFO - Prompt processing progress: 131072/206806
2026-10-01 18:22:06,247 - INFO - Prompt processing progress: 133120/206806
2026-10-01 18:22:07,097 - INFO - Prompt processing progress: 135168/206806
2026-10-01 18:22:07,943 - INFO - Prompt processing progress: 137216/206806
2026-10-01 18:22:08,805 - INFO - Prompt processing progress: 139264/206806
2026-10-01 18:22:09,673 - INFO - Prompt processing progress: 141312/206806
2026-10-01 18:22:10,556 - INFO - Prompt processing progress: 143360/206806
2026-10-01 18:22:11,439 - INFO - Prompt processing progress: 145408/206806
2026-10-01 18:22:12,345 - INFO - Prompt processing progress: 147456/206806
2026-10-01 18:22:13,261 - INFO - Prompt processing progress: 149504/206806
2026-10-01 18:22:14,184 - INFO - Prompt processing progress: 151552/206806
2026-10-01 18:22:15,117 - INFO - Prompt processing progress: 153600/206806
2026-10-01 18:22:16,060 - INFO - Prompt processing progress: 155648/206806
2026-10-01 18:22:17,008 - INFO - Prompt processing progress: 157696/206806
2026-10-01 18:22:17,968 - INFO - Prompt processing progress: 159744/206806
2026-10-01 18:22:18,940 - INFO - Prompt processing progress: 161792/206806
2026-10-01 18:22:19,914 - INFO - Prompt processing progress: 163840/206806
2026-10-01 18:22:20,900 - INFO - Prompt processing progress: 165888/206806
2026-10-01 18:22:21,904 - INFO - Prompt processing progress: 167936/206806
2026-10-01 18:22:22,917 - INFO - Prompt processing progress: 169984/206806
2026-10-01 18:22:23,945 - INFO - Prompt processing progress: 172032/206806
2026-10-01 18:22:24,971 - INFO - Prompt processing progress: 174080/206806
2026-10-01 18:22:26,011 - INFO - Prompt processing progress: 176128/206806
2026-10-01 18:22:27,074 - INFO - Prompt processing progress: 178176/206806
2026-10-01 18:22:28,135 - INFO - Prompt processing progress: 180224/206806
2026-10-01 18:22:29,207 - INFO - Prompt processing progress: 182272/206806
2026-10-01 18:22:30,294 - INFO - Prompt processing progress: 184320/206806
2026-10-01 18:22:31,390 - INFO - Prompt processing progress: 186368/206806
2026-10-01 18:22:32,491 - INFO - Prompt processing progress: 188416/206806
2026-10-01 18:22:33,590 - INFO - Prompt processing progress: 190464/206806
2026-10-01 18:22:34,699 - INFO - Prompt processing progress: 192512/206806
2026-10-01 18:22:35,825 - INFO - Prompt processing progress: 194560/206806
2026-10-01 18:22:36,969 - INFO - Prompt processing progress: 196608/206806
2026-10-01 18:22:38,121 - INFO - Prompt processing progress: 198656/206806
2026-10-01 18:22:39,286 - INFO - Prompt processing progress: 200704/206806
2026-10-01 18:22:40,454 - INFO - Prompt processing progress: 202752/206806
2026-10-01 18:22:41,643 - INFO - Prompt processing progress: 204800/206806
2026-10-01 18:22:42,849 - INFO - Prompt processing progress: 206805/206806
2026-10-01 18:22:42,885 - INFO - Prompt processing progress: 206806/206806
