<repo>/vendor/vlm-runtime/.venv/lib/python3.12/site-packages/mlx_lm/server.py:1723: UserWarning: mlx_lm.server is not recommended for production as it only implements basic security checks.
  warnings.warn(
2026-10-01 17:57:21,329 - INFO - Starting httpd at 127.0.0.1 on port 18185...
127.0.0.1 - - [01/Oct/2026 17:57:21] "GET /v1/models HTTP/1.1" 200 -
----------------------------------------
Exception occurred during processing of request from ('127.0.0.1', 57990)
Traceback (most recent call last):
  File "<m5-home>/.local/share/uv/python/cpython-3.12.13-macos-aarch64-none/lib/python3.12/socketserver.py", line 697, in process_request_thread
    self.finish_request(request, client_address)
  File "<m5-home>/.local/share/uv/python/cpython-3.12.13-macos-aarch64-none/lib/python3.12/socketserver.py", line 362, in finish_request
    self.RequestHandlerClass(request, client_address, self)
  File "<repo>/vendor/vlm-runtime/.venv/lib/python3.12/site-packages/mlx_lm/server.py", line 1716, in <lambda>
    lambda *args, **kwargs: handler_class(
                            ^^^^^^^^^^^^^^
  File "<repo>/vendor/vlm-runtime/.venv/lib/python3.12/site-packages/mlx_lm/server.py", line 1073, in __init__
    super().__init__(*args, **kwargs)
  File "<m5-home>/.local/share/uv/python/cpython-3.12.13-macos-aarch64-none/lib/python3.12/socketserver.py", line 766, in __init__
    self.handle()
  File "<m5-home>/.local/share/uv/python/cpython-3.12.13-macos-aarch64-none/lib/python3.12/http/server.py", line 440, in handle
    self.handle_one_request()
  File "<m5-home>/.local/share/uv/python/cpython-3.12.13-macos-aarch64-none/lib/python3.12/http/server.py", line 428, in handle_one_request
    method()
  File "<repo>/vendor/vlm-runtime/.venv/lib/python3.12/site-packages/mlx_lm/server.py", line 1625, in do_GET
    self.handle_models_request()
  File "<repo>/vendor/vlm-runtime/.venv/lib/python3.12/site-packages/mlx_lm/server.py", line 1668, in handle_models_request
    hf_cache_info = scan_cache_dir()
                    ^^^^^^^^^^^^^^^^
  File "<repo>/vendor/vlm-runtime/.venv/lib/python3.12/site-packages/huggingface_hub/utils/_cache_manager.py", line 777, in scan_cache_dir
    raise CacheNotFound(
huggingface_hub.errors.CacheNotFound: Cache directory not found: <repo>/.cache/huggingface/hub. Please use `cache_dir` argument or set `HF_HUB_CACHE` environment variable.
----------------------------------------
127.0.0.1 - - [01/Oct/2026 17:57:22] "POST /v1/chat/completions HTTP/1.1" 200 -
2026-10-01 17:57:22,578 - INFO - Prompt Cache: 0 sequences, 0.00 GB
2026-10-01 17:57:22,578 - INFO - - assistant: 0 sequences, 0.00 GB
2026-10-01 17:57:22,578 - INFO - - user: 0 sequences, 0.00 GB
2026-10-01 17:57:22,578 - INFO - - system: 0 sequences, 0.00 GB
2026-10-01 17:57:22,669 - INFO - Prompt processing progress: 0/200001
2026-10-01 17:57:22,890 - INFO - Prompt processing progress: 2048/200001
2026-10-01 17:57:23,114 - INFO - Prompt processing progress: 4096/200001
2026-10-01 17:57:23,344 - INFO - Prompt processing progress: 6144/200001
2026-10-01 17:57:23,583 - INFO - Prompt processing progress: 8192/200001
2026-10-01 17:57:23,830 - INFO - Prompt processing progress: 10240/200001
2026-10-01 17:57:24,092 - INFO - Prompt processing progress: 12288/200001
2026-10-01 17:57:24,360 - INFO - Prompt processing progress: 14336/200001
2026-10-01 17:57:24,637 - INFO - Prompt processing progress: 16384/200001
2026-10-01 17:57:24,924 - INFO - Prompt processing progress: 18432/200001
2026-10-01 17:57:25,221 - INFO - Prompt processing progress: 20480/200001
2026-10-01 17:57:25,527 - INFO - Prompt processing progress: 22528/200001
2026-10-01 17:57:25,844 - INFO - Prompt processing progress: 24576/200001
2026-10-01 17:57:26,171 - INFO - Prompt processing progress: 26624/200001
2026-10-01 17:57:26,507 - INFO - Prompt processing progress: 28672/200001
2026-10-01 17:57:26,852 - INFO - Prompt processing progress: 30720/200001
2026-10-01 17:57:27,209 - INFO - Prompt processing progress: 32768/200001
2026-10-01 17:57:27,572 - INFO - Prompt processing progress: 34816/200001
2026-10-01 17:57:27,945 - INFO - Prompt processing progress: 36864/200001
2026-10-01 17:57:28,327 - INFO - Prompt processing progress: 38912/200001
2026-10-01 17:57:28,719 - INFO - Prompt processing progress: 40960/200001
2026-10-01 17:57:29,120 - INFO - Prompt processing progress: 43008/200001
2026-10-01 17:57:29,533 - INFO - Prompt processing progress: 45056/200001
2026-10-01 17:57:29,956 - INFO - Prompt processing progress: 47104/200001
2026-10-01 17:57:30,391 - INFO - Prompt processing progress: 49152/200001
2026-10-01 17:57:30,837 - INFO - Prompt processing progress: 51200/200001
2026-10-01 17:57:31,287 - INFO - Prompt processing progress: 53248/200001
2026-10-01 17:57:31,749 - INFO - Prompt processing progress: 55296/200001
2026-10-01 17:57:32,219 - INFO - Prompt processing progress: 57344/200001
2026-10-01 17:57:32,702 - INFO - Prompt processing progress: 59392/200001
2026-10-01 17:57:33,191 - INFO - Prompt processing progress: 61440/200001
2026-10-01 17:57:33,694 - INFO - Prompt processing progress: 63488/200001
2026-10-01 17:57:34,204 - INFO - Prompt processing progress: 65536/200001
2026-10-01 17:57:34,721 - INFO - Prompt processing progress: 67584/200001
2026-10-01 17:57:35,249 - INFO - Prompt processing progress: 69632/200001
2026-10-01 17:57:35,788 - INFO - Prompt processing progress: 71680/200001
2026-10-01 17:57:36,336 - INFO - Prompt processing progress: 73728/200001
2026-10-01 17:57:36,894 - INFO - Prompt processing progress: 75776/200001
2026-10-01 17:57:37,459 - INFO - Prompt processing progress: 77824/200001
2026-10-01 17:57:38,043 - INFO - Prompt processing progress: 79872/200001
2026-10-01 17:57:38,629 - INFO - Prompt processing progress: 81920/200001
2026-10-01 17:57:39,231 - INFO - Prompt processing progress: 83968/200001
2026-10-01 17:57:39,835 - INFO - Prompt processing progress: 86016/200001
2026-10-01 17:57:40,447 - INFO - Prompt processing progress: 88064/200001
2026-10-01 17:57:41,079 - INFO - Prompt processing progress: 90112/200001
2026-10-01 17:57:41,709 - INFO - Prompt processing progress: 92160/200001
2026-10-01 17:57:42,355 - INFO - Prompt processing progress: 94208/200001
2026-10-01 17:57:43,014 - INFO - Prompt processing progress: 96256/200001
2026-10-01 17:57:43,680 - INFO - Prompt processing progress: 98304/200001
2026-10-01 17:57:44,351 - INFO - Prompt processing progress: 100352/200001
2026-10-01 17:57:45,036 - INFO - Prompt processing progress: 102400/200001
2026-10-01 17:57:45,734 - INFO - Prompt processing progress: 104448/200001
2026-10-01 17:57:46,433 - INFO - Prompt processing progress: 106496/200001
2026-10-01 17:57:47,150 - INFO - Prompt processing progress: 108544/200001
2026-10-01 17:57:47,875 - INFO - Prompt processing progress: 110592/200001
2026-10-01 17:57:48,598 - INFO - Prompt processing progress: 112640/200001
2026-10-01 17:57:49,339 - INFO - Prompt processing progress: 114688/200001
2026-10-01 17:57:50,086 - INFO - Prompt processing progress: 116736/200001
2026-10-01 17:57:50,854 - INFO - Prompt processing progress: 118784/200001
2026-10-01 17:57:51,632 - INFO - Prompt processing progress: 120832/200001
2026-10-01 17:57:52,417 - INFO - Prompt processing progress: 122880/200001
2026-10-01 17:57:53,213 - INFO - Prompt processing progress: 124928/200001
2026-10-01 17:57:54,021 - INFO - Prompt processing progress: 126976/200001
2026-10-01 17:57:54,841 - INFO - Prompt processing progress: 129024/200001
2026-10-01 17:57:55,667 - INFO - Prompt processing progress: 131072/200001
2026-10-01 17:57:56,503 - INFO - Prompt processing progress: 133120/200001
2026-10-01 17:57:57,347 - INFO - Prompt processing progress: 135168/200001
2026-10-01 17:57:58,201 - INFO - Prompt processing progress: 137216/200001
2026-10-01 17:57:59,069 - INFO - Prompt processing progress: 139264/200001
2026-10-01 17:57:59,940 - INFO - Prompt processing progress: 141312/200001
2026-10-01 17:58:00,817 - INFO - Prompt processing progress: 143360/200001
2026-10-01 17:58:01,710 - INFO - Prompt processing progress: 145408/200001
2026-10-01 17:58:02,612 - INFO - Prompt processing progress: 147456/200001
2026-10-01 17:58:03,529 - INFO - Prompt processing progress: 149504/200001
2026-10-01 17:58:04,448 - INFO - Prompt processing progress: 151552/200001
2026-10-01 17:58:05,381 - INFO - Prompt processing progress: 153600/200001
2026-10-01 17:58:06,324 - INFO - Prompt processing progress: 155648/200001
2026-10-01 17:58:07,274 - INFO - Prompt processing progress: 157696/200001
2026-10-01 17:58:08,235 - INFO - Prompt processing progress: 159744/200001
2026-10-01 17:58:09,207 - INFO - Prompt processing progress: 161792/200001
2026-10-01 17:58:10,188 - INFO - Prompt processing progress: 163840/200001
2026-10-01 17:58:11,180 - INFO - Prompt processing progress: 165888/200001
2026-10-01 17:58:12,175 - INFO - Prompt processing progress: 167936/200001
2026-10-01 17:58:13,192 - INFO - Prompt processing progress: 169984/200001
2026-10-01 17:58:14,211 - INFO - Prompt processing progress: 172032/200001
2026-10-01 17:58:15,240 - INFO - Prompt processing progress: 174080/200001
2026-10-01 17:58:16,284 - INFO - Prompt processing progress: 176128/200001
2026-10-01 17:58:17,335 - INFO - Prompt processing progress: 178176/200001
2026-10-01 17:58:18,400 - INFO - Prompt processing progress: 180224/200001
2026-10-01 17:58:19,476 - INFO - Prompt processing progress: 182272/200001
2026-10-01 17:58:20,562 - INFO - Prompt processing progress: 184320/200001
2026-10-01 17:58:21,644 - INFO - Prompt processing progress: 186368/200001
2026-10-01 17:58:22,741 - INFO - Prompt processing progress: 188416/200001
2026-10-01 17:58:23,846 - INFO - Prompt processing progress: 190464/200001
2026-10-01 17:58:24,959 - INFO - Prompt processing progress: 192512/200001
2026-10-01 17:58:26,084 - INFO - Prompt processing progress: 194560/200001
2026-10-01 17:58:27,216 - INFO - Prompt processing progress: 196608/200001
2026-10-01 17:58:28,356 - INFO - Prompt processing progress: 198656/200001
2026-10-01 17:58:29,210 - INFO - Prompt processing progress: 200000/200001
2026-10-01 17:58:29,777 - INFO - Prompt processing progress: 200001/200001
127.0.0.1 - - [01/Oct/2026 17:58:30] "POST /v1/chat/completions HTTP/1.1" 200 -
2026-10-01 17:58:30,156 - INFO - Prompt Cache: 1 sequences, 4.16 GB
2026-10-01 17:58:30,156 - INFO - - assistant: 1 sequences, 4.16 GB
2026-10-01 17:58:30,156 - INFO - - user: 0 sequences, 0.00 GB
2026-10-01 17:58:30,156 - INFO - - system: 0 sequences, 0.00 GB
2026-10-01 17:58:30,261 - INFO - Prompt processing progress: 0/203658
2026-10-01 17:58:30,475 - INFO - Prompt processing progress: 2048/203658
2026-10-01 17:58:30,699 - INFO - Prompt processing progress: 4096/203658
2026-10-01 17:58:30,932 - INFO - Prompt processing progress: 6144/203658
2026-10-01 17:58:31,175 - INFO - Prompt processing progress: 8192/203658
2026-10-01 17:58:31,425 - INFO - Prompt processing progress: 10240/203658
2026-10-01 17:58:31,686 - INFO - Prompt processing progress: 12288/203658
2026-10-01 17:58:31,956 - INFO - Prompt processing progress: 14336/203658
2026-10-01 17:58:32,236 - INFO - Prompt processing progress: 16384/203658
2026-10-01 17:58:32,525 - INFO - Prompt processing progress: 18432/203658
2026-10-01 17:58:32,822 - INFO - Prompt processing progress: 20480/203658
2026-10-01 17:58:33,132 - INFO - Prompt processing progress: 22528/203658
2026-10-01 17:58:33,448 - INFO - Prompt processing progress: 24576/203658
2026-10-01 17:58:33,777 - INFO - Prompt processing progress: 26624/203658
2026-10-01 17:58:34,115 - INFO - Prompt processing progress: 28672/203658
2026-10-01 17:58:34,464 - INFO - Prompt processing progress: 30720/203658
2026-10-01 17:58:34,823 - INFO - Prompt processing progress: 32768/203658
2026-10-01 17:58:35,193 - INFO - Prompt processing progress: 34816/203658
2026-10-01 17:58:35,566 - INFO - Prompt processing progress: 36864/203658
2026-10-01 17:58:35,957 - INFO - Prompt processing progress: 38912/203658
2026-10-01 17:58:36,356 - INFO - Prompt processing progress: 40960/203658
2026-10-01 17:58:36,759 - INFO - Prompt processing progress: 43008/203658
2026-10-01 17:58:37,173 - INFO - Prompt processing progress: 45056/203658
2026-10-01 17:58:37,596 - INFO - Prompt processing progress: 47104/203658
2026-10-01 17:58:38,031 - INFO - Prompt processing progress: 49152/203658
2026-10-01 17:58:38,473 - INFO - Prompt processing progress: 51200/203658
2026-10-01 17:58:38,927 - INFO - Prompt processing progress: 53248/203658
2026-10-01 17:58:39,389 - INFO - Prompt processing progress: 55296/203658
2026-10-01 17:58:39,863 - INFO - Prompt processing progress: 57344/203658
2026-10-01 17:58:40,345 - INFO - Prompt processing progress: 59392/203658
2026-10-01 17:58:40,840 - INFO - Prompt processing progress: 61440/203658
2026-10-01 17:58:41,342 - INFO - Prompt processing progress: 63488/203658
2026-10-01 17:58:41,854 - INFO - Prompt processing progress: 65536/203658
2026-10-01 17:58:42,376 - INFO - Prompt processing progress: 67584/203658
2026-10-01 17:58:42,904 - INFO - Prompt processing progress: 69632/203658
2026-10-01 17:58:43,445 - INFO - Prompt processing progress: 71680/203658
2026-10-01 17:58:43,995 - INFO - Prompt processing progress: 73728/203658
2026-10-01 17:58:44,555 - INFO - Prompt processing progress: 75776/203658
2026-10-01 17:58:45,123 - INFO - Prompt processing progress: 77824/203658
2026-10-01 17:58:45,705 - INFO - Prompt processing progress: 79872/203658
2026-10-01 17:58:46,296 - INFO - Prompt processing progress: 81920/203658
2026-10-01 17:58:46,901 - INFO - Prompt processing progress: 83968/203658
2026-10-01 17:58:47,514 - INFO - Prompt processing progress: 86016/203658
2026-10-01 17:58:48,132 - INFO - Prompt processing progress: 88064/203658
2026-10-01 17:58:48,762 - INFO - Prompt processing progress: 90112/203658
2026-10-01 17:58:49,395 - INFO - Prompt processing progress: 92160/203658
2026-10-01 17:58:50,045 - INFO - Prompt processing progress: 94208/203658
2026-10-01 17:58:50,699 - INFO - Prompt processing progress: 96256/203658
2026-10-01 17:58:51,369 - INFO - Prompt processing progress: 98304/203658
2026-10-01 17:58:52,043 - INFO - Prompt processing progress: 100352/203658
2026-10-01 17:58:52,731 - INFO - Prompt processing progress: 102400/203658
2026-10-01 17:58:53,430 - INFO - Prompt processing progress: 104448/203658
2026-10-01 17:58:54,140 - INFO - Prompt processing progress: 106496/203658
2026-10-01 17:58:54,858 - INFO - Prompt processing progress: 108544/203658
2026-10-01 17:58:55,588 - INFO - Prompt processing progress: 110592/203658
2026-10-01 17:58:56,328 - INFO - Prompt processing progress: 112640/203658
2026-10-01 17:58:57,074 - INFO - Prompt processing progress: 114688/203658
2026-10-01 17:58:57,834 - INFO - Prompt processing progress: 116736/203658
2026-10-01 17:58:58,604 - INFO - Prompt processing progress: 118784/203658
2026-10-01 17:58:59,380 - INFO - Prompt processing progress: 120832/203658
2026-10-01 17:59:00,170 - INFO - Prompt processing progress: 122880/203658
2026-10-01 17:59:00,965 - INFO - Prompt processing progress: 124928/203658
2026-10-01 17:59:01,771 - INFO - Prompt processing progress: 126976/203658
2026-10-01 17:59:02,588 - INFO - Prompt processing progress: 129024/203658
2026-10-01 17:59:03,418 - INFO - Prompt processing progress: 131072/203658
2026-10-01 17:59:04,251 - INFO - Prompt processing progress: 133120/203658
2026-10-01 17:59:05,095 - INFO - Prompt processing progress: 135168/203658
2026-10-01 17:59:05,941 - INFO - Prompt processing progress: 137216/203658
2026-10-01 17:59:06,805 - INFO - Prompt processing progress: 139264/203658
2026-10-01 17:59:07,675 - INFO - Prompt processing progress: 141312/203658
2026-10-01 17:59:08,548 - INFO - Prompt processing progress: 143360/203658
2026-10-01 17:59:09,441 - INFO - Prompt processing progress: 145408/203658
2026-10-01 17:59:10,341 - INFO - Prompt processing progress: 147456/203658
2026-10-01 17:59:11,252 - INFO - Prompt processing progress: 149504/203658
2026-10-01 17:59:12,176 - INFO - Prompt processing progress: 151552/203658
2026-10-01 17:59:13,109 - INFO - Prompt processing progress: 153600/203658
2026-10-01 17:59:14,050 - INFO - Prompt processing progress: 155648/203658
2026-10-01 17:59:14,993 - INFO - Prompt processing progress: 157696/203658
2026-10-01 17:59:15,957 - INFO - Prompt processing progress: 159744/203658
2026-10-01 17:59:16,936 - INFO - Prompt processing progress: 161792/203658
2026-10-01 17:59:17,914 - INFO - Prompt processing progress: 163840/203658
2026-10-01 17:59:18,914 - INFO - Prompt processing progress: 165888/203658
2026-10-01 17:59:19,913 - INFO - Prompt processing progress: 167936/203658
2026-10-01 17:59:20,916 - INFO - Prompt processing progress: 169984/203658
2026-10-01 17:59:21,940 - INFO - Prompt processing progress: 172032/203658
2026-10-01 17:59:22,973 - INFO - Prompt processing progress: 174080/203658
2026-10-01 17:59:24,018 - INFO - Prompt processing progress: 176128/203658
2026-10-01 17:59:25,059 - INFO - Prompt processing progress: 178176/203658
2026-10-01 17:59:26,117 - INFO - Prompt processing progress: 180224/203658
2026-10-01 17:59:27,183 - INFO - Prompt processing progress: 182272/203658
2026-10-01 17:59:28,262 - INFO - Prompt processing progress: 184320/203658
2026-10-01 17:59:29,337 - INFO - Prompt processing progress: 186368/203658
2026-10-01 17:59:30,432 - INFO - Prompt processing progress: 188416/203658
2026-10-01 17:59:31,532 - INFO - Prompt processing progress: 190464/203658
2026-10-01 17:59:32,643 - INFO - Prompt processing progress: 192512/203658
2026-10-01 17:59:33,772 - INFO - Prompt processing progress: 194560/203658
2026-10-01 17:59:34,918 - INFO - Prompt processing progress: 196608/203658
2026-10-01 17:59:36,062 - INFO - Prompt processing progress: 198656/203658
2026-10-01 17:59:37,218 - INFO - Prompt processing progress: 200704/203658
2026-10-01 17:59:38,388 - INFO - Prompt processing progress: 202752/203658
2026-10-01 17:59:39,384 - INFO - Prompt processing progress: 203657/203658
2026-10-01 17:59:39,426 - INFO - Prompt processing progress: 203658/203658
127.0.0.1 - - [01/Oct/2026 17:59:44] "POST /v1/chat/completions HTTP/1.1" 200 -
2026-10-01 17:59:44,031 - INFO - Prompt Cache: 1 sequences, 4.24 GB
2026-10-01 17:59:44,031 - INFO - - assistant: 1 sequences, 4.24 GB
2026-10-01 17:59:44,031 - INFO - - user: 0 sequences, 0.00 GB
2026-10-01 17:59:44,031 - INFO - - system: 0 sequences, 0.00 GB
2026-10-01 17:59:44,136 - INFO - Prompt processing progress: 0/204028
2026-10-01 17:59:44,358 - INFO - Prompt processing progress: 2048/204028
2026-10-01 17:59:44,584 - INFO - Prompt processing progress: 4096/204028
2026-10-01 17:59:44,820 - INFO - Prompt processing progress: 6144/204028
2026-10-01 17:59:45,061 - INFO - Prompt processing progress: 8192/204028
2026-10-01 17:59:45,313 - INFO - Prompt processing progress: 10240/204028
2026-10-01 17:59:45,573 - INFO - Prompt processing progress: 12288/204028
2026-10-01 17:59:45,842 - INFO - Prompt processing progress: 14336/204028
2026-10-01 17:59:46,121 - INFO - Prompt processing progress: 16384/204028
2026-10-01 17:59:46,409 - INFO - Prompt processing progress: 18432/204028
2026-10-01 17:59:46,710 - INFO - Prompt processing progress: 20480/204028
2026-10-01 17:59:47,017 - INFO - Prompt processing progress: 22528/204028
2026-10-01 17:59:47,337 - INFO - Prompt processing progress: 24576/204028
2026-10-01 17:59:47,668 - INFO - Prompt processing progress: 26624/204028
2026-10-01 17:59:48,008 - INFO - Prompt processing progress: 28672/204028
2026-10-01 17:59:48,354 - INFO - Prompt processing progress: 30720/204028
2026-10-01 17:59:48,713 - INFO - Prompt processing progress: 32768/204028
2026-10-01 17:59:49,079 - INFO - Prompt processing progress: 34816/204028
2026-10-01 17:59:49,455 - INFO - Prompt processing progress: 36864/204028
2026-10-01 17:59:49,837 - INFO - Prompt processing progress: 38912/204028
2026-10-01 17:59:50,230 - INFO - Prompt processing progress: 40960/204028
2026-10-01 17:59:50,635 - INFO - Prompt processing progress: 43008/204028
2026-10-01 17:59:51,049 - INFO - Prompt processing progress: 45056/204028
2026-10-01 17:59:51,474 - INFO - Prompt processing progress: 47104/204028
2026-10-01 17:59:51,906 - INFO - Prompt processing progress: 49152/204028
2026-10-01 17:59:52,346 - INFO - Prompt processing progress: 51200/204028
2026-10-01 17:59:52,797 - INFO - Prompt processing progress: 53248/204028
2026-10-01 17:59:53,258 - INFO - Prompt processing progress: 55296/204028
2026-10-01 17:59:53,731 - INFO - Prompt processing progress: 57344/204028
2026-10-01 17:59:54,214 - INFO - Prompt processing progress: 59392/204028
2026-10-01 17:59:54,704 - INFO - Prompt processing progress: 61440/204028
2026-10-01 17:59:55,206 - INFO - Prompt processing progress: 63488/204028
2026-10-01 17:59:55,717 - INFO - Prompt processing progress: 65536/204028
2026-10-01 17:59:56,238 - INFO - Prompt processing progress: 67584/204028
2026-10-01 17:59:56,772 - INFO - Prompt processing progress: 69632/204028
2026-10-01 17:59:57,309 - INFO - Prompt processing progress: 71680/204028
2026-10-01 17:59:57,861 - INFO - Prompt processing progress: 73728/204028
2026-10-01 17:59:58,420 - INFO - Prompt processing progress: 75776/204028
2026-10-01 17:59:58,992 - INFO - Prompt processing progress: 77824/204028
2026-10-01 17:59:59,575 - INFO - Prompt processing progress: 79872/204028
2026-10-01 18:00:00,163 - INFO - Prompt processing progress: 81920/204028
2026-10-01 18:00:00,765 - INFO - Prompt processing progress: 83968/204028
2026-10-01 18:00:01,370 - INFO - Prompt processing progress: 86016/204028
2026-10-01 18:00:01,986 - INFO - Prompt processing progress: 88064/204028
2026-10-01 18:00:02,613 - INFO - Prompt processing progress: 90112/204028
2026-10-01 18:00:03,252 - INFO - Prompt processing progress: 92160/204028
2026-10-01 18:00:03,902 - INFO - Prompt processing progress: 94208/204028
2026-10-01 18:00:04,557 - INFO - Prompt processing progress: 96256/204028
2026-10-01 18:00:05,227 - INFO - Prompt processing progress: 98304/204028
2026-10-01 18:00:05,907 - INFO - Prompt processing progress: 100352/204028
2026-10-01 18:00:06,588 - INFO - Prompt processing progress: 102400/204028
2026-10-01 18:00:07,284 - INFO - Prompt processing progress: 104448/204028
2026-10-01 18:00:07,984 - INFO - Prompt processing progress: 106496/204028
2026-10-01 18:00:08,701 - INFO - Prompt processing progress: 108544/204028
2026-10-01 18:00:09,429 - INFO - Prompt processing progress: 110592/204028
2026-10-01 18:00:10,167 - INFO - Prompt processing progress: 112640/204028
2026-10-01 18:00:10,910 - INFO - Prompt processing progress: 114688/204028
2026-10-01 18:00:11,668 - INFO - Prompt processing progress: 116736/204028
2026-10-01 18:00:12,431 - INFO - Prompt processing progress: 118784/204028
2026-10-01 18:00:13,202 - INFO - Prompt processing progress: 120832/204028
2026-10-01 18:00:13,980 - INFO - Prompt processing progress: 122880/204028
2026-10-01 18:00:14,774 - INFO - Prompt processing progress: 124928/204028
2026-10-01 18:00:15,579 - INFO - Prompt processing progress: 126976/204028
2026-10-01 18:00:16,394 - INFO - Prompt processing progress: 129024/204028
2026-10-01 18:00:17,214 - INFO - Prompt processing progress: 131072/204028
2026-10-01 18:00:18,057 - INFO - Prompt processing progress: 133120/204028
2026-10-01 18:00:18,901 - INFO - Prompt processing progress: 135168/204028
2026-10-01 18:00:19,749 - INFO - Prompt processing progress: 137216/204028
2026-10-01 18:00:20,608 - INFO - Prompt processing progress: 139264/204028
2026-10-01 18:00:21,482 - INFO - Prompt processing progress: 141312/204028
2026-10-01 18:00:22,361 - INFO - Prompt processing progress: 143360/204028
2026-10-01 18:00:23,248 - INFO - Prompt processing progress: 145408/204028
2026-10-01 18:00:24,151 - INFO - Prompt processing progress: 147456/204028
2026-10-01 18:00:25,061 - INFO - Prompt processing progress: 149504/204028
2026-10-01 18:00:25,984 - INFO - Prompt processing progress: 151552/204028
2026-10-01 18:00:26,920 - INFO - Prompt processing progress: 153600/204028
2026-10-01 18:00:27,858 - INFO - Prompt processing progress: 155648/204028
2026-10-01 18:00:28,804 - INFO - Prompt processing progress: 157696/204028
2026-10-01 18:00:29,773 - INFO - Prompt processing progress: 159744/204028
2026-10-01 18:00:30,740 - INFO - Prompt processing progress: 161792/204028
2026-10-01 18:00:31,718 - INFO - Prompt processing progress: 163840/204028
2026-10-01 18:00:32,704 - INFO - Prompt processing progress: 165888/204028
2026-10-01 18:00:33,691 - INFO - Prompt processing progress: 167936/204028
2026-10-01 18:00:34,706 - INFO - Prompt processing progress: 169984/204028
2026-10-01 18:00:35,723 - INFO - Prompt processing progress: 172032/204028
2026-10-01 18:00:36,752 - INFO - Prompt processing progress: 174080/204028
2026-10-01 18:00:37,792 - INFO - Prompt processing progress: 176128/204028
2026-10-01 18:00:38,842 - INFO - Prompt processing progress: 178176/204028
2026-10-01 18:00:39,900 - INFO - Prompt processing progress: 180224/204028
2026-10-01 18:00:40,958 - INFO - Prompt processing progress: 182272/204028
2026-10-01 18:00:42,035 - INFO - Prompt processing progress: 184320/204028
2026-10-01 18:00:43,120 - INFO - Prompt processing progress: 186368/204028
2026-10-01 18:00:44,212 - INFO - Prompt processing progress: 188416/204028
2026-10-01 18:00:45,323 - INFO - Prompt processing progress: 190464/204028
2026-10-01 18:00:46,443 - INFO - Prompt processing progress: 192512/204028
2026-10-01 18:00:47,566 - INFO - Prompt processing progress: 194560/204028
2026-10-01 18:00:48,685 - INFO - Prompt processing progress: 196608/204028
2026-10-01 18:00:49,831 - INFO - Prompt processing progress: 198656/204028
2026-10-01 18:00:50,986 - INFO - Prompt processing progress: 200704/204028
2026-10-01 18:00:52,137 - INFO - Prompt processing progress: 202752/204028
2026-10-01 18:00:52,836 - INFO - Prompt processing progress: 204027/204028
2026-10-01 18:00:52,869 - INFO - Prompt processing progress: 204028/204028
127.0.0.1 - - [01/Oct/2026 18:00:55] "POST /v1/chat/completions HTTP/1.1" 200 -
2026-10-01 18:00:55,503 - INFO - Prompt Cache: 1 sequences, 4.25 GB
2026-10-01 18:00:55,503 - INFO - - assistant: 1 sequences, 4.25 GB
2026-10-01 18:00:55,503 - INFO - - user: 0 sequences, 0.00 GB
2026-10-01 18:00:55,503 - INFO - - system: 0 sequences, 0.00 GB
2026-10-01 18:00:55,607 - INFO - Prompt processing progress: 0/204547
2026-10-01 18:00:56,029 - INFO - Prompt processing progress: 2048/204547
2026-10-01 18:00:56,261 - INFO - Prompt processing progress: 4096/204547
2026-10-01 18:00:56,493 - INFO - Prompt processing progress: 6144/204547
2026-10-01 18:00:56,733 - INFO - Prompt processing progress: 8192/204547
2026-10-01 18:00:56,985 - INFO - Prompt processing progress: 10240/204547
2026-10-01 18:00:57,247 - INFO - Prompt processing progress: 12288/204547
2026-10-01 18:00:57,518 - INFO - Prompt processing progress: 14336/204547
2026-10-01 18:00:57,796 - INFO - Prompt processing progress: 16384/204547
2026-10-01 18:00:58,084 - INFO - Prompt processing progress: 18432/204547
2026-10-01 18:00:58,382 - INFO - Prompt processing progress: 20480/204547
2026-10-01 18:00:58,691 - INFO - Prompt processing progress: 22528/204547
2026-10-01 18:00:59,008 - INFO - Prompt processing progress: 24576/204547
2026-10-01 18:00:59,335 - INFO - Prompt processing progress: 26624/204547
2026-10-01 18:00:59,673 - INFO - Prompt processing progress: 28672/204547
2026-10-01 18:01:00,018 - INFO - Prompt processing progress: 30720/204547
2026-10-01 18:01:00,376 - INFO - Prompt processing progress: 32768/204547
2026-10-01 18:01:00,740 - INFO - Prompt processing progress: 34816/204547
2026-10-01 18:01:01,115 - INFO - Prompt processing progress: 36864/204547
2026-10-01 18:01:01,501 - INFO - Prompt processing progress: 38912/204547
2026-10-01 18:01:01,895 - INFO - Prompt processing progress: 40960/204547
2026-10-01 18:01:02,297 - INFO - Prompt processing progress: 43008/204547
2026-10-01 18:01:02,710 - INFO - Prompt processing progress: 45056/204547
2026-10-01 18:01:03,135 - INFO - Prompt processing progress: 47104/204547
2026-10-01 18:01:03,566 - INFO - Prompt processing progress: 49152/204547
2026-10-01 18:01:04,006 - INFO - Prompt processing progress: 51200/204547
2026-10-01 18:01:04,460 - INFO - Prompt processing progress: 53248/204547
2026-10-01 18:01:04,921 - INFO - Prompt processing progress: 55296/204547
2026-10-01 18:01:05,390 - INFO - Prompt processing progress: 57344/204547
2026-10-01 18:01:05,871 - INFO - Prompt processing progress: 59392/204547
2026-10-01 18:01:06,365 - INFO - Prompt processing progress: 61440/204547
2026-10-01 18:01:06,867 - INFO - Prompt processing progress: 63488/204547
2026-10-01 18:01:07,373 - INFO - Prompt processing progress: 65536/204547
2026-10-01 18:01:07,892 - INFO - Prompt processing progress: 67584/204547
2026-10-01 18:01:08,421 - INFO - Prompt processing progress: 69632/204547
2026-10-01 18:01:08,959 - INFO - Prompt processing progress: 71680/204547
2026-10-01 18:01:09,503 - INFO - Prompt processing progress: 73728/204547
2026-10-01 18:01:10,065 - INFO - Prompt processing progress: 75776/204547
2026-10-01 18:01:10,634 - INFO - Prompt processing progress: 77824/204547
2026-10-01 18:01:11,213 - INFO - Prompt processing progress: 79872/204547
2026-10-01 18:01:11,803 - INFO - Prompt processing progress: 81920/204547
2026-10-01 18:01:12,401 - INFO - Prompt processing progress: 83968/204547
2026-10-01 18:01:13,004 - INFO - Prompt processing progress: 86016/204547
2026-10-01 18:01:13,621 - INFO - Prompt processing progress: 88064/204547
2026-10-01 18:01:14,249 - INFO - Prompt processing progress: 90112/204547
2026-10-01 18:01:14,889 - INFO - Prompt processing progress: 92160/204547
2026-10-01 18:01:15,536 - INFO - Prompt processing progress: 94208/204547
2026-10-01 18:01:16,188 - INFO - Prompt processing progress: 96256/204547
2026-10-01 18:01:16,846 - INFO - Prompt processing progress: 98304/204547
2026-10-01 18:01:17,522 - INFO - Prompt processing progress: 100352/204547
2026-10-01 18:01:18,206 - INFO - Prompt processing progress: 102400/204547
2026-10-01 18:01:18,897 - INFO - Prompt processing progress: 104448/204547
2026-10-01 18:01:19,603 - INFO - Prompt processing progress: 106496/204547
2026-10-01 18:01:20,318 - INFO - Prompt processing progress: 108544/204547
2026-10-01 18:01:21,044 - INFO - Prompt processing progress: 110592/204547
2026-10-01 18:01:21,776 - INFO - Prompt processing progress: 112640/204547
2026-10-01 18:01:22,517 - INFO - Prompt processing progress: 114688/204547
2026-10-01 18:01:23,265 - INFO - Prompt processing progress: 116736/204547
2026-10-01 18:01:24,027 - INFO - Prompt processing progress: 118784/204547
2026-10-01 18:01:24,804 - INFO - Prompt processing progress: 120832/204547
2026-10-01 18:01:25,579 - INFO - Prompt processing progress: 122880/204547
2026-10-01 18:01:26,368 - INFO - Prompt processing progress: 124928/204547
2026-10-01 18:01:27,165 - INFO - Prompt processing progress: 126976/204547
2026-10-01 18:01:27,984 - INFO - Prompt processing progress: 129024/204547
2026-10-01 18:01:28,806 - INFO - Prompt processing progress: 131072/204547
2026-10-01 18:01:29,641 - INFO - Prompt processing progress: 133120/204547
2026-10-01 18:01:30,483 - INFO - Prompt processing progress: 135168/204547
2026-10-01 18:01:31,331 - INFO - Prompt processing progress: 137216/204547
2026-10-01 18:01:32,189 - INFO - Prompt processing progress: 139264/204547
2026-10-01 18:01:33,061 - INFO - Prompt processing progress: 141312/204547
2026-10-01 18:01:33,938 - INFO - Prompt processing progress: 143360/204547
2026-10-01 18:01:34,831 - INFO - Prompt processing progress: 145408/204547
2026-10-01 18:01:35,733 - INFO - Prompt processing progress: 147456/204547
2026-10-01 18:01:36,649 - INFO - Prompt processing progress: 149504/204547
2026-10-01 18:01:37,572 - INFO - Prompt processing progress: 151552/204547
2026-10-01 18:01:38,504 - INFO - Prompt processing progress: 153600/204547
2026-10-01 18:01:39,442 - INFO - Prompt processing progress: 155648/204547
2026-10-01 18:01:40,396 - INFO - Prompt processing progress: 157696/204547
2026-10-01 18:01:41,356 - INFO - Prompt processing progress: 159744/204547
2026-10-01 18:01:42,332 - INFO - Prompt processing progress: 161792/204547
2026-10-01 18:01:43,314 - INFO - Prompt processing progress: 163840/204547
2026-10-01 18:01:44,292 - INFO - Prompt processing progress: 165888/204547
2026-10-01 18:01:45,304 - INFO - Prompt processing progress: 167936/204547
2026-10-01 18:01:46,323 - INFO - Prompt processing progress: 169984/204547
2026-10-01 18:01:47,344 - INFO - Prompt processing progress: 172032/204547
2026-10-01 18:01:48,374 - INFO - Prompt processing progress: 174080/204547
2026-10-01 18:01:49,403 - INFO - Prompt processing progress: 176128/204547
2026-10-01 18:01:50,445 - INFO - Prompt processing progress: 178176/204547
2026-10-01 18:01:51,504 - INFO - Prompt processing progress: 180224/204547
2026-10-01 18:01:52,569 - INFO - Prompt processing progress: 182272/204547
2026-10-01 18:01:53,642 - INFO - Prompt processing progress: 184320/204547
2026-10-01 18:01:54,724 - INFO - Prompt processing progress: 186368/204547
2026-10-01 18:01:55,817 - INFO - Prompt processing progress: 188416/204547
2026-10-01 18:01:56,921 - INFO - Prompt processing progress: 190464/204547
2026-10-01 18:01:58,034 - INFO - Prompt processing progress: 192512/204547
2026-10-01 18:01:59,151 - INFO - Prompt processing progress: 194560/204547
2026-10-01 18:02:00,272 - INFO - Prompt processing progress: 196608/204547
2026-10-01 18:02:01,402 - INFO - Prompt processing progress: 198656/204547
2026-10-01 18:02:02,556 - INFO - Prompt processing progress: 200704/204547
2026-10-01 18:02:03,709 - INFO - Prompt processing progress: 202752/204547
2026-10-01 18:02:04,733 - INFO - Prompt processing progress: 204546/204547
2026-10-01 18:02:04,767 - INFO - Prompt processing progress: 204547/204547
127.0.0.1 - - [01/Oct/2026 18:02:21] "POST /v1/chat/completions HTTP/1.1" 200 -
2026-10-01 18:02:21,885 - INFO - Prompt Cache: 1 sequences, 4.28 GB
2026-10-01 18:02:21,885 - INFO - - assistant: 1 sequences, 4.28 GB
2026-10-01 18:02:21,885 - INFO - - user: 0 sequences, 0.00 GB
2026-10-01 18:02:21,885 - INFO - - system: 0 sequences, 0.00 GB
2026-10-01 18:02:21,985 - INFO - Prompt processing progress: 0/205893
2026-10-01 18:02:22,204 - INFO - Prompt processing progress: 2048/205893
2026-10-01 18:02:22,428 - INFO - Prompt processing progress: 4096/205893
2026-10-01 18:02:22,659 - INFO - Prompt processing progress: 6144/205893
2026-10-01 18:02:22,894 - INFO - Prompt processing progress: 8192/205893
2026-10-01 18:02:23,146 - INFO - Prompt processing progress: 10240/205893
2026-10-01 18:02:23,405 - INFO - Prompt processing progress: 12288/205893
2026-10-01 18:02:23,673 - INFO - Prompt processing progress: 14336/205893
2026-10-01 18:02:23,955 - INFO - Prompt processing progress: 16384/205893
2026-10-01 18:02:24,242 - INFO - Prompt processing progress: 18432/205893
2026-10-01 18:02:24,540 - INFO - Prompt processing progress: 20480/205893
2026-10-01 18:02:24,846 - INFO - Prompt processing progress: 22528/205893
2026-10-01 18:02:25,165 - INFO - Prompt processing progress: 24576/205893
2026-10-01 18:02:25,492 - INFO - Prompt processing progress: 26624/205893
2026-10-01 18:02:25,827 - INFO - Prompt processing progress: 28672/205893
2026-10-01 18:02:26,176 - INFO - Prompt processing progress: 30720/205893
2026-10-01 18:02:26,535 - INFO - Prompt processing progress: 32768/205893
2026-10-01 18:02:26,900 - INFO - Prompt processing progress: 34816/205893
2026-10-01 18:02:27,274 - INFO - Prompt processing progress: 36864/205893
2026-10-01 18:02:27,659 - INFO - Prompt processing progress: 38912/205893
2026-10-01 18:02:28,055 - INFO - Prompt processing progress: 40960/205893
2026-10-01 18:02:28,459 - INFO - Prompt processing progress: 43008/205893
2026-10-01 18:02:28,872 - INFO - Prompt processing progress: 45056/205893
2026-10-01 18:02:29,299 - INFO - Prompt processing progress: 47104/205893
2026-10-01 18:02:29,735 - INFO - Prompt processing progress: 49152/205893
2026-10-01 18:02:30,179 - INFO - Prompt processing progress: 51200/205893
2026-10-01 18:02:30,631 - INFO - Prompt processing progress: 53248/205893
2026-10-01 18:02:31,096 - INFO - Prompt processing progress: 55296/205893
2026-10-01 18:02:31,570 - INFO - Prompt processing progress: 57344/205893
2026-10-01 18:02:32,053 - INFO - Prompt processing progress: 59392/205893
2026-10-01 18:02:32,545 - INFO - Prompt processing progress: 61440/205893
2026-10-01 18:02:33,048 - INFO - Prompt processing progress: 63488/205893
2026-10-01 18:02:33,557 - INFO - Prompt processing progress: 65536/205893
2026-10-01 18:02:34,081 - INFO - Prompt processing progress: 67584/205893
2026-10-01 18:02:34,614 - INFO - Prompt processing progress: 69632/205893
2026-10-01 18:02:35,158 - INFO - Prompt processing progress: 71680/205893
2026-10-01 18:02:35,707 - INFO - Prompt processing progress: 73728/205893
2026-10-01 18:02:36,267 - INFO - Prompt processing progress: 75776/205893
2026-10-01 18:02:36,840 - INFO - Prompt processing progress: 77824/205893
2026-10-01 18:02:37,421 - INFO - Prompt processing progress: 79872/205893
2026-10-01 18:02:38,007 - INFO - Prompt processing progress: 81920/205893
2026-10-01 18:02:38,608 - INFO - Prompt processing progress: 83968/205893
2026-10-01 18:02:39,213 - INFO - Prompt processing progress: 86016/205893
2026-10-01 18:02:39,829 - INFO - Prompt processing progress: 88064/205893
2026-10-01 18:02:40,455 - INFO - Prompt processing progress: 90112/205893
2026-10-01 18:02:41,091 - INFO - Prompt processing progress: 92160/205893
2026-10-01 18:02:41,741 - INFO - Prompt processing progress: 94208/205893
2026-10-01 18:02:42,398 - INFO - Prompt processing progress: 96256/205893
2026-10-01 18:02:43,069 - INFO - Prompt processing progress: 98304/205893
2026-10-01 18:02:43,743 - INFO - Prompt processing progress: 100352/205893
2026-10-01 18:02:44,432 - INFO - Prompt processing progress: 102400/205893
2026-10-01 18:02:45,124 - INFO - Prompt processing progress: 104448/205893
2026-10-01 18:02:45,831 - INFO - Prompt processing progress: 106496/205893
2026-10-01 18:02:46,548 - INFO - Prompt processing progress: 108544/205893
2026-10-01 18:02:47,273 - INFO - Prompt processing progress: 110592/205893
2026-10-01 18:02:48,003 - INFO - Prompt processing progress: 112640/205893
2026-10-01 18:02:48,750 - INFO - Prompt processing progress: 114688/205893
2026-10-01 18:02:49,502 - INFO - Prompt processing progress: 116736/205893
2026-10-01 18:02:50,266 - INFO - Prompt processing progress: 118784/205893
2026-10-01 18:02:51,042 - INFO - Prompt processing progress: 120832/205893
2026-10-01 18:02:51,817 - INFO - Prompt processing progress: 122880/205893
2026-10-01 18:02:52,610 - INFO - Prompt processing progress: 124928/205893
2026-10-01 18:02:53,413 - INFO - Prompt processing progress: 126976/205893
2026-10-01 18:02:54,228 - INFO - Prompt processing progress: 129024/205893
2026-10-01 18:02:55,053 - INFO - Prompt processing progress: 131072/205893
2026-10-01 18:02:55,884 - INFO - Prompt processing progress: 133120/205893
2026-10-01 18:02:56,723 - INFO - Prompt processing progress: 135168/205893
2026-10-01 18:02:57,580 - INFO - Prompt processing progress: 137216/205893
2026-10-01 18:02:58,450 - INFO - Prompt processing progress: 139264/205893
2026-10-01 18:02:59,322 - INFO - Prompt processing progress: 141312/205893
2026-10-01 18:03:00,208 - INFO - Prompt processing progress: 143360/205893
2026-10-01 18:03:01,097 - INFO - Prompt processing progress: 145408/205893
2026-10-01 18:03:02,003 - INFO - Prompt processing progress: 147456/205893
2026-10-01 18:03:02,908 - INFO - Prompt processing progress: 149504/205893
2026-10-01 18:03:03,826 - INFO - Prompt processing progress: 151552/205893
2026-10-01 18:03:04,755 - INFO - Prompt processing progress: 153600/205893
2026-10-01 18:03:05,692 - INFO - Prompt processing progress: 155648/205893
2026-10-01 18:03:06,645 - INFO - Prompt processing progress: 157696/205893
2026-10-01 18:03:07,604 - INFO - Prompt processing progress: 159744/205893
2026-10-01 18:03:08,566 - INFO - Prompt processing progress: 161792/205893
2026-10-01 18:03:09,546 - INFO - Prompt processing progress: 163840/205893
2026-10-01 18:03:10,527 - INFO - Prompt processing progress: 165888/205893
2026-10-01 18:03:11,519 - INFO - Prompt processing progress: 167936/205893
2026-10-01 18:03:12,531 - INFO - Prompt processing progress: 169984/205893
2026-10-01 18:03:13,550 - INFO - Prompt processing progress: 172032/205893
2026-10-01 18:03:14,568 - INFO - Prompt processing progress: 174080/205893
2026-10-01 18:03:15,615 - INFO - Prompt processing progress: 176128/205893
2026-10-01 18:03:16,658 - INFO - Prompt processing progress: 178176/205893
2026-10-01 18:03:17,712 - INFO - Prompt processing progress: 180224/205893
2026-10-01 18:03:18,779 - INFO - Prompt processing progress: 182272/205893
2026-10-01 18:03:19,863 - INFO - Prompt processing progress: 184320/205893
2026-10-01 18:03:20,944 - INFO - Prompt processing progress: 186368/205893
2026-10-01 18:03:22,045 - INFO - Prompt processing progress: 188416/205893
2026-10-01 18:03:23,156 - INFO - Prompt processing progress: 190464/205893
2026-10-01 18:03:24,265 - INFO - Prompt processing progress: 192512/205893
2026-10-01 18:03:25,397 - INFO - Prompt processing progress: 194560/205893
2026-10-01 18:03:26,540 - INFO - Prompt processing progress: 196608/205893
2026-10-01 18:03:27,682 - INFO - Prompt processing progress: 198656/205893
2026-10-01 18:03:28,843 - INFO - Prompt processing progress: 200704/205893
2026-10-01 18:03:29,997 - INFO - Prompt processing progress: 202752/205893
2026-10-01 18:03:31,175 - INFO - Prompt processing progress: 204800/205893
2026-10-01 18:03:31,854 - INFO - Prompt processing progress: 205892/205893
2026-10-01 18:03:31,884 - INFO - Prompt processing progress: 205893/205893
127.0.0.1 - - [01/Oct/2026 18:03:34] "POST /v1/chat/completions HTTP/1.1" 200 -
2026-10-01 18:03:34,285 - INFO - Prompt Cache: 1 sequences, 4.28 GB
2026-10-01 18:03:34,285 - INFO - - assistant: 1 sequences, 4.28 GB
2026-10-01 18:03:34,286 - INFO - - user: 0 sequences, 0.00 GB
2026-10-01 18:03:34,286 - INFO - - system: 0 sequences, 0.00 GB
2026-10-01 18:03:34,393 - INFO - Prompt processing progress: 0/206092
2026-10-01 18:03:34,612 - INFO - Prompt processing progress: 2048/206092
2026-10-01 18:03:34,841 - INFO - Prompt processing progress: 4096/206092
2026-10-01 18:03:35,077 - INFO - Prompt processing progress: 6144/206092
2026-10-01 18:03:35,320 - INFO - Prompt processing progress: 8192/206092
2026-10-01 18:03:35,573 - INFO - Prompt processing progress: 10240/206092
2026-10-01 18:03:35,836 - INFO - Prompt processing progress: 12288/206092
2026-10-01 18:03:36,108 - INFO - Prompt processing progress: 14336/206092
2026-10-01 18:03:36,390 - INFO - Prompt processing progress: 16384/206092
2026-10-01 18:03:36,679 - INFO - Prompt processing progress: 18432/206092
2026-10-01 18:03:36,979 - INFO - Prompt processing progress: 20480/206092
2026-10-01 18:03:37,287 - INFO - Prompt processing progress: 22528/206092
2026-10-01 18:03:37,605 - INFO - Prompt processing progress: 24576/206092
2026-10-01 18:03:37,933 - INFO - Prompt processing progress: 26624/206092
2026-10-01 18:03:38,274 - INFO - Prompt processing progress: 28672/206092
2026-10-01 18:03:38,623 - INFO - Prompt processing progress: 30720/206092
2026-10-01 18:03:38,984 - INFO - Prompt processing progress: 32768/206092
2026-10-01 18:03:39,349 - INFO - Prompt processing progress: 34816/206092
2026-10-01 18:03:39,727 - INFO - Prompt processing progress: 36864/206092
2026-10-01 18:03:40,112 - INFO - Prompt processing progress: 38912/206092
2026-10-01 18:03:40,507 - INFO - Prompt processing progress: 40960/206092
2026-10-01 18:03:40,911 - INFO - Prompt processing progress: 43008/206092
2026-10-01 18:03:41,324 - INFO - Prompt processing progress: 45056/206092
2026-10-01 18:03:41,749 - INFO - Prompt processing progress: 47104/206092
2026-10-01 18:03:42,182 - INFO - Prompt processing progress: 49152/206092
2026-10-01 18:03:42,626 - INFO - Prompt processing progress: 51200/206092
2026-10-01 18:03:43,081 - INFO - Prompt processing progress: 53248/206092
2026-10-01 18:03:43,543 - INFO - Prompt processing progress: 55296/206092
2026-10-01 18:03:44,016 - INFO - Prompt processing progress: 57344/206092
2026-10-01 18:03:44,499 - INFO - Prompt processing progress: 59392/206092
2026-10-01 18:03:44,993 - INFO - Prompt processing progress: 61440/206092
2026-10-01 18:03:45,498 - INFO - Prompt processing progress: 63488/206092
2026-10-01 18:03:46,009 - INFO - Prompt processing progress: 65536/206092
2026-10-01 18:03:46,532 - INFO - Prompt processing progress: 67584/206092
2026-10-01 18:03:47,065 - INFO - Prompt processing progress: 69632/206092
2026-10-01 18:03:47,605 - INFO - Prompt processing progress: 71680/206092
2026-10-01 18:03:48,157 - INFO - Prompt processing progress: 73728/206092
2026-10-01 18:03:48,717 - INFO - Prompt processing progress: 75776/206092
2026-10-01 18:03:49,285 - INFO - Prompt processing progress: 77824/206092
2026-10-01 18:03:49,865 - INFO - Prompt processing progress: 79872/206092
2026-10-01 18:03:50,458 - INFO - Prompt processing progress: 81920/206092
2026-10-01 18:03:51,058 - INFO - Prompt processing progress: 83968/206092
2026-10-01 18:03:51,665 - INFO - Prompt processing progress: 86016/206092
2026-10-01 18:03:52,285 - INFO - Prompt processing progress: 88064/206092
2026-10-01 18:03:52,913 - INFO - Prompt processing progress: 90112/206092
2026-10-01 18:03:53,552 - INFO - Prompt processing progress: 92160/206092
2026-10-01 18:03:54,203 - INFO - Prompt processing progress: 94208/206092
2026-10-01 18:03:54,858 - INFO - Prompt processing progress: 96256/206092
2026-10-01 18:03:55,522 - INFO - Prompt processing progress: 98304/206092
2026-10-01 18:03:56,204 - INFO - Prompt processing progress: 100352/206092
2026-10-01 18:03:56,893 - INFO - Prompt processing progress: 102400/206092
2026-10-01 18:03:57,578 - INFO - Prompt processing progress: 104448/206092
2026-10-01 18:03:58,286 - INFO - Prompt processing progress: 106496/206092
2026-10-01 18:03:59,004 - INFO - Prompt processing progress: 108544/206092
2026-10-01 18:03:59,729 - INFO - Prompt processing progress: 110592/206092
2026-10-01 18:04:00,466 - INFO - Prompt processing progress: 112640/206092
2026-10-01 18:04:01,210 - INFO - Prompt processing progress: 114688/206092
2026-10-01 18:04:01,965 - INFO - Prompt processing progress: 116736/206092
2026-10-01 18:04:02,725 - INFO - Prompt processing progress: 118784/206092
2026-10-01 18:04:03,499 - INFO - Prompt processing progress: 120832/206092
2026-10-01 18:04:04,286 - INFO - Prompt processing progress: 122880/206092
2026-10-01 18:04:05,081 - INFO - Prompt processing progress: 124928/206092
2026-10-01 18:04:05,885 - INFO - Prompt processing progress: 126976/206092
2026-10-01 18:04:06,695 - INFO - Prompt processing progress: 129024/206092
2026-10-01 18:04:07,517 - INFO - Prompt processing progress: 131072/206092
2026-10-01 18:04:08,346 - INFO - Prompt processing progress: 133120/206092
2026-10-01 18:04:09,185 - INFO - Prompt processing progress: 135168/206092
2026-10-01 18:04:10,045 - INFO - Prompt processing progress: 137216/206092
2026-10-01 18:04:10,908 - INFO - Prompt processing progress: 139264/206092
2026-10-01 18:04:11,796 - INFO - Prompt processing progress: 141312/206092
2026-10-01 18:04:12,681 - INFO - Prompt processing progress: 143360/206092
2026-10-01 18:04:13,578 - INFO - Prompt processing progress: 145408/206092
2026-10-01 18:04:14,478 - INFO - Prompt processing progress: 147456/206092
2026-10-01 18:04:15,389 - INFO - Prompt processing progress: 149504/206092
2026-10-01 18:04:16,312 - INFO - Prompt processing progress: 151552/206092
2026-10-01 18:04:17,238 - INFO - Prompt processing progress: 153600/206092
2026-10-01 18:04:18,179 - INFO - Prompt processing progress: 155648/206092
2026-10-01 18:04:19,129 - INFO - Prompt processing progress: 157696/206092
2026-10-01 18:04:20,088 - INFO - Prompt processing progress: 159744/206092
2026-10-01 18:04:21,047 - INFO - Prompt processing progress: 161792/206092
2026-10-01 18:04:22,019 - INFO - Prompt processing progress: 163840/206092
2026-10-01 18:04:23,007 - INFO - Prompt processing progress: 165888/206092
2026-10-01 18:04:24,004 - INFO - Prompt processing progress: 167936/206092
2026-10-01 18:04:25,005 - INFO - Prompt processing progress: 169984/206092
2026-10-01 18:04:26,031 - INFO - Prompt processing progress: 172032/206092
2026-10-01 18:04:27,057 - INFO - Prompt processing progress: 174080/206092
2026-10-01 18:04:28,089 - INFO - Prompt processing progress: 176128/206092
2026-10-01 18:04:29,133 - INFO - Prompt processing progress: 178176/206092
2026-10-01 18:04:30,183 - INFO - Prompt processing progress: 180224/206092
2026-10-01 18:04:31,240 - INFO - Prompt processing progress: 182272/206092
2026-10-01 18:04:32,310 - INFO - Prompt processing progress: 184320/206092
2026-10-01 18:04:33,397 - INFO - Prompt processing progress: 186368/206092
2026-10-01 18:04:34,494 - INFO - Prompt processing progress: 188416/206092
2026-10-01 18:04:35,599 - INFO - Prompt processing progress: 190464/206092
2026-10-01 18:04:36,723 - INFO - Prompt processing progress: 192512/206092
2026-10-01 18:04:37,854 - INFO - Prompt processing progress: 194560/206092
2026-10-01 18:04:38,999 - INFO - Prompt processing progress: 196608/206092
2026-10-01 18:04:40,142 - INFO - Prompt processing progress: 198656/206092
2026-10-01 18:04:41,296 - INFO - Prompt processing progress: 200704/206092
2026-10-01 18:04:42,469 - INFO - Prompt processing progress: 202752/206092
2026-10-01 18:04:43,645 - INFO - Prompt processing progress: 204800/206092
2026-10-01 18:04:44,532 - INFO - Prompt processing progress: 206091/206092
2026-10-01 18:04:44,566 - INFO - Prompt processing progress: 206092/206092
