<M5_REPO>/.venv/lib/python3.12/site-packages/mlx_lm/server.py:1723: UserWarning: mlx_lm.server is not recommended for production as it only implements basic security checks.
  warnings.warn(
2026-10-02 00:52:37,021 - INFO - Starting httpd at 127.0.0.1 on port 18185...
127.0.0.1 - - [02/Oct/2026 00:52:37] "GET /v1/models HTTP/1.1" 200 -
127.0.0.1 - - [02/Oct/2026 00:52:46] "POST /v1/chat/completions HTTP/1.1" 200 -
2026-10-02 00:52:46,660 - INFO - Prompt Cache: 0 sequences, 0.00 GB
2026-10-02 00:52:46,660 - INFO - - assistant: 0 sequences, 0.00 GB
2026-10-02 00:52:46,660 - INFO - - user: 0 sequences, 0.00 GB
2026-10-02 00:52:46,660 - INFO - - system: 0 sequences, 0.00 GB
2026-10-02 00:52:46,757 - INFO - Prompt processing progress: 0/200009
2026-10-02 00:52:48,323 - INFO - Prompt processing progress: 2048/200009
2026-10-02 00:52:49,842 - INFO - Prompt processing progress: 4096/200009
2026-10-02 00:52:51,382 - INFO - Prompt processing progress: 6144/200009
2026-10-02 00:52:52,953 - INFO - Prompt processing progress: 8192/200009
2026-10-02 00:52:54,560 - INFO - Prompt processing progress: 10240/200009
2026-10-02 00:52:56,197 - INFO - Prompt processing progress: 12288/200009
2026-10-02 00:52:57,869 - INFO - Prompt processing progress: 14336/200009
2026-10-02 00:52:59,582 - INFO - Prompt processing progress: 16384/200009
2026-10-02 00:53:01,327 - INFO - Prompt processing progress: 18432/200009
2026-10-02 00:53:03,111 - INFO - Prompt processing progress: 20480/200009
2026-10-02 00:53:04,930 - INFO - Prompt processing progress: 22528/200009
2026-10-02 00:53:06,781 - INFO - Prompt processing progress: 24576/200009
2026-10-02 00:53:08,670 - INFO - Prompt processing progress: 26624/200009
2026-10-02 00:53:10,590 - INFO - Prompt processing progress: 28672/200009
2026-10-02 00:53:12,538 - INFO - Prompt processing progress: 30720/200009
2026-10-02 00:53:14,528 - INFO - Prompt processing progress: 32768/200009
2026-10-02 00:53:16,554 - INFO - Prompt processing progress: 34816/200009
2026-10-02 00:53:18,616 - INFO - Prompt processing progress: 36864/200009
2026-10-02 00:53:20,719 - INFO - Prompt processing progress: 38912/200009
2026-10-02 00:53:22,849 - INFO - Prompt processing progress: 40960/200009
2026-10-02 00:53:25,001 - INFO - Prompt processing progress: 43008/200009
2026-10-02 00:53:27,194 - INFO - Prompt processing progress: 45056/200009
2026-10-02 00:53:29,418 - INFO - Prompt processing progress: 47104/200009
2026-10-02 00:53:31,675 - INFO - Prompt processing progress: 49152/200009
2026-10-02 00:53:33,974 - INFO - Prompt processing progress: 51200/200009
2026-10-02 00:53:36,318 - INFO - Prompt processing progress: 53248/200009
2026-10-02 00:53:38,698 - INFO - Prompt processing progress: 55296/200009
2026-10-02 00:53:41,103 - INFO - Prompt processing progress: 57344/200009
2026-10-02 00:53:43,540 - INFO - Prompt processing progress: 59392/200009
2026-10-02 00:53:46,030 - INFO - Prompt processing progress: 61440/200009
2026-10-02 00:53:48,535 - INFO - Prompt processing progress: 63488/200009
2026-10-02 00:53:51,075 - INFO - Prompt processing progress: 65536/200009
2026-10-02 00:53:53,666 - INFO - Prompt processing progress: 67584/200009
2026-10-02 00:53:56,285 - INFO - Prompt processing progress: 69632/200009
2026-10-02 00:53:58,961 - INFO - Prompt processing progress: 71680/200009
2026-10-02 00:54:01,669 - INFO - Prompt processing progress: 73728/200009
2026-10-02 00:54:04,404 - INFO - Prompt processing progress: 75776/200009
2026-10-02 00:54:07,183 - INFO - Prompt processing progress: 77824/200009
2026-10-02 00:54:09,993 - INFO - Prompt processing progress: 79872/200009
2026-10-02 00:54:12,818 - INFO - Prompt processing progress: 81920/200009
2026-10-02 00:54:15,689 - INFO - Prompt processing progress: 83968/200009
2026-10-02 00:54:18,594 - INFO - Prompt processing progress: 86016/200009
2026-10-02 00:54:21,521 - INFO - Prompt processing progress: 88064/200009
2026-10-02 00:54:24,504 - INFO - Prompt processing progress: 90112/200009
2026-10-02 00:54:27,533 - INFO - Prompt processing progress: 92160/200009
2026-10-02 00:54:30,591 - INFO - Prompt processing progress: 94208/200009
2026-10-02 00:54:33,675 - INFO - Prompt processing progress: 96256/200009
2026-10-02 00:54:36,781 - INFO - Prompt processing progress: 98304/200009
2026-10-02 00:54:39,933 - INFO - Prompt processing progress: 100352/200009
2026-10-02 00:54:43,135 - INFO - Prompt processing progress: 102400/200009
2026-10-02 00:54:46,349 - INFO - Prompt processing progress: 104448/200009
2026-10-02 00:54:49,598 - INFO - Prompt processing progress: 106496/200009
2026-10-02 00:54:52,886 - INFO - Prompt processing progress: 108544/200009
2026-10-02 00:54:56,228 - INFO - Prompt processing progress: 110592/200009
2026-10-02 00:54:59,587 - INFO - Prompt processing progress: 112640/200009
2026-10-02 00:55:03,000 - INFO - Prompt processing progress: 114688/200009
2026-10-02 00:55:06,426 - INFO - Prompt processing progress: 116736/200009
2026-10-02 00:55:09,899 - INFO - Prompt processing progress: 118784/200009
2026-10-02 00:55:13,412 - INFO - Prompt processing progress: 120832/200009
2026-10-02 00:55:16,953 - INFO - Prompt processing progress: 122880/200009
2026-10-02 00:55:20,534 - INFO - Prompt processing progress: 124928/200009
2026-10-02 00:55:24,160 - INFO - Prompt processing progress: 126976/200009
2026-10-02 00:55:27,806 - INFO - Prompt processing progress: 129024/200009
2026-10-02 00:55:31,481 - INFO - Prompt processing progress: 131072/200009
2026-10-02 00:55:35,217 - INFO - Prompt processing progress: 133120/200009
2026-10-02 00:55:38,953 - INFO - Prompt processing progress: 135168/200009
2026-10-02 00:55:42,766 - INFO - Prompt processing progress: 137216/200009
2026-10-02 00:55:46,618 - INFO - Prompt processing progress: 139264/200009
2026-10-02 00:55:50,502 - INFO - Prompt processing progress: 141312/200009
2026-10-02 00:55:54,399 - INFO - Prompt processing progress: 143360/200009
2026-10-02 00:55:58,343 - INFO - Prompt processing progress: 145408/200009
2026-10-02 00:56:02,349 - INFO - Prompt processing progress: 147456/200009
2026-10-02 00:56:06,355 - INFO - Prompt processing progress: 149504/200009
2026-10-02 00:56:10,371 - INFO - Prompt processing progress: 151552/200009
2026-10-02 00:56:14,461 - INFO - Prompt processing progress: 153600/200009
2026-10-02 00:56:18,573 - INFO - Prompt processing progress: 155648/200009
2026-10-02 00:56:22,742 - INFO - Prompt processing progress: 157696/200009
2026-10-02 00:56:26,936 - INFO - Prompt processing progress: 159744/200009
2026-10-02 00:56:31,156 - INFO - Prompt processing progress: 161792/200009
2026-10-02 00:56:35,435 - INFO - Prompt processing progress: 163840/200009
2026-10-02 00:56:39,686 - INFO - Prompt processing progress: 165888/200009
2026-10-02 00:56:44,015 - INFO - Prompt processing progress: 167936/200009
2026-10-02 00:56:48,565 - INFO - Prompt processing progress: 169984/200009
2026-10-02 00:56:52,984 - INFO - Prompt processing progress: 172032/200009
2026-10-02 00:56:57,385 - INFO - Prompt processing progress: 174080/200009
2026-10-02 00:57:01,884 - INFO - Prompt processing progress: 176128/200009
2026-10-02 00:57:06,544 - INFO - Prompt processing progress: 178176/200009
2026-10-02 00:57:11,426 - INFO - Prompt processing progress: 180224/200009
2026-10-02 00:57:16,251 - INFO - Prompt processing progress: 182272/200009
2026-10-02 00:57:21,214 - INFO - Prompt processing progress: 184320/200009
2026-10-02 00:57:26,034 - INFO - Prompt processing progress: 186368/200009
2026-10-02 00:57:31,059 - INFO - Prompt processing progress: 188416/200009
2026-10-02 00:57:36,141 - INFO - Prompt processing progress: 190464/200009
2026-10-02 00:57:41,219 - INFO - Prompt processing progress: 192512/200009
2026-10-02 00:57:46,345 - INFO - Prompt processing progress: 194560/200009
2026-10-02 00:57:51,471 - INFO - Prompt processing progress: 196608/200009
2026-10-02 00:57:56,642 - INFO - Prompt processing progress: 198656/200009
2026-10-02 00:58:00,309 - INFO - Prompt processing progress: 200008/200009
2026-10-02 00:58:00,465 - INFO - Prompt processing progress: 200009/200009
127.0.0.1 - - [02/Oct/2026 00:58:02] "POST /v1/chat/completions HTTP/1.1" 200 -
2026-10-02 00:58:02,081 - INFO - Prompt Cache: 1 sequences, 17.24 GB
2026-10-02 00:58:02,081 - INFO - - assistant: 1 sequences, 17.24 GB
2026-10-02 00:58:02,081 - INFO - - user: 0 sequences, 0.00 GB
2026-10-02 00:58:02,081 - INFO - - system: 0 sequences, 0.00 GB
2026-10-02 00:58:02,195 - INFO - Prompt processing progress: 0/204305
2026-10-02 00:58:03,630 - INFO - Prompt processing progress: 2048/204305
2026-10-02 00:58:05,174 - INFO - Prompt processing progress: 4096/204305
2026-10-02 00:58:06,749 - INFO - Prompt processing progress: 6144/204305
2026-10-02 00:58:08,352 - INFO - Prompt processing progress: 8192/204305
2026-10-02 00:58:09,969 - INFO - Prompt processing progress: 10240/204305
2026-10-02 00:58:11,624 - INFO - Prompt processing progress: 12288/204305
2026-10-02 00:58:13,326 - INFO - Prompt processing progress: 14336/204305
2026-10-02 00:58:15,081 - INFO - Prompt processing progress: 16384/204305
2026-10-02 00:58:16,865 - INFO - Prompt processing progress: 18432/204305
2026-10-02 00:58:18,686 - INFO - Prompt processing progress: 20480/204305
2026-10-02 00:58:20,529 - INFO - Prompt processing progress: 22528/204305
2026-10-02 00:58:22,410 - INFO - Prompt processing progress: 24576/204305
2026-10-02 00:58:24,332 - INFO - Prompt processing progress: 26624/204305
2026-10-02 00:58:26,271 - INFO - Prompt processing progress: 28672/204305
2026-10-02 00:58:28,281 - INFO - Prompt processing progress: 30720/204305
2026-10-02 00:58:30,308 - INFO - Prompt processing progress: 32768/204305
2026-10-02 00:58:32,370 - INFO - Prompt processing progress: 34816/204305
2026-10-02 00:58:34,460 - INFO - Prompt processing progress: 36864/204305
2026-10-02 00:58:36,625 - INFO - Prompt processing progress: 38912/204305
2026-10-02 00:58:38,778 - INFO - Prompt processing progress: 40960/204305
2026-10-02 00:58:40,969 - INFO - Prompt processing progress: 43008/204305
2026-10-02 00:58:43,192 - INFO - Prompt processing progress: 45056/204305
2026-10-02 00:58:45,488 - INFO - Prompt processing progress: 47104/204305
2026-10-02 00:58:47,791 - INFO - Prompt processing progress: 49152/204305
2026-10-02 00:58:50,137 - INFO - Prompt processing progress: 51200/204305
2026-10-02 00:58:52,541 - INFO - Prompt processing progress: 53248/204305
2026-10-02 00:58:55,004 - INFO - Prompt processing progress: 55296/204305
2026-10-02 00:58:57,437 - INFO - Prompt processing progress: 57344/204305
2026-10-02 00:58:59,947 - INFO - Prompt processing progress: 59392/204305
2026-10-02 00:59:02,483 - INFO - Prompt processing progress: 61440/204305
2026-10-02 00:59:05,060 - INFO - Prompt processing progress: 63488/204305
2026-10-02 00:59:07,666 - INFO - Prompt processing progress: 65536/204305
2026-10-02 00:59:10,331 - INFO - Prompt processing progress: 67584/204305
2026-10-02 00:59:13,059 - INFO - Prompt processing progress: 69632/204305
2026-10-02 00:59:15,913 - INFO - Prompt processing progress: 71680/204305
2026-10-02 00:59:18,720 - INFO - Prompt processing progress: 73728/204305
2026-10-02 00:59:21,576 - INFO - Prompt processing progress: 75776/204305
2026-10-02 00:59:24,446 - INFO - Prompt processing progress: 77824/204305
2026-10-02 00:59:27,358 - INFO - Prompt processing progress: 79872/204305
2026-10-02 00:59:30,323 - INFO - Prompt processing progress: 81920/204305
2026-10-02 00:59:33,350 - INFO - Prompt processing progress: 83968/204305
2026-10-02 00:59:36,394 - INFO - Prompt processing progress: 86016/204305
2026-10-02 00:59:39,463 - INFO - Prompt processing progress: 88064/204305
2026-10-02 00:59:42,555 - INFO - Prompt processing progress: 90112/204305
2026-10-02 00:59:45,562 - INFO - Prompt processing progress: 92160/204305
2026-10-02 00:59:48,611 - INFO - Prompt processing progress: 94208/204305
2026-10-02 00:59:51,727 - INFO - Prompt processing progress: 96256/204305
2026-10-02 00:59:54,849 - INFO - Prompt processing progress: 98304/204305
2026-10-02 00:59:58,015 - INFO - Prompt processing progress: 100352/204305
2026-10-02 01:00:01,218 - INFO - Prompt processing progress: 102400/204305
2026-10-02 01:00:04,457 - INFO - Prompt processing progress: 104448/204305
2026-10-02 01:00:07,714 - INFO - Prompt processing progress: 106496/204305
2026-10-02 01:00:11,017 - INFO - Prompt processing progress: 108544/204305
2026-10-02 01:00:14,336 - INFO - Prompt processing progress: 110592/204305
2026-10-02 01:00:17,724 - INFO - Prompt processing progress: 112640/204305
2026-10-02 01:00:21,144 - INFO - Prompt processing progress: 114688/204305
2026-10-02 01:00:24,596 - INFO - Prompt processing progress: 116736/204305
2026-10-02 01:00:28,079 - INFO - Prompt processing progress: 118784/204305
2026-10-02 01:00:31,593 - INFO - Prompt processing progress: 120832/204305
2026-10-02 01:00:35,147 - INFO - Prompt processing progress: 122880/204305
2026-10-02 01:00:38,719 - INFO - Prompt processing progress: 124928/204305
2026-10-02 01:00:42,353 - INFO - Prompt processing progress: 126976/204305
2026-10-02 01:00:46,022 - INFO - Prompt processing progress: 129024/204305
2026-10-02 01:00:49,725 - INFO - Prompt processing progress: 131072/204305
2026-10-02 01:00:53,440 - INFO - Prompt processing progress: 133120/204305
2026-10-02 01:00:57,196 - INFO - Prompt processing progress: 135168/204305
2026-10-02 01:01:00,995 - INFO - Prompt processing progress: 137216/204305
2026-10-02 01:01:04,848 - INFO - Prompt processing progress: 139264/204305
2026-10-02 01:01:08,735 - INFO - Prompt processing progress: 141312/204305
2026-10-02 01:01:12,641 - INFO - Prompt processing progress: 143360/204305
2026-10-02 01:01:16,602 - INFO - Prompt processing progress: 145408/204305
2026-10-02 01:01:20,589 - INFO - Prompt processing progress: 147456/204305
2026-10-02 01:01:24,570 - INFO - Prompt processing progress: 149504/204305
2026-10-02 01:01:28,617 - INFO - Prompt processing progress: 151552/204305
2026-10-02 01:01:32,712 - INFO - Prompt processing progress: 153600/204305
2026-10-02 01:01:36,828 - INFO - Prompt processing progress: 155648/204305
2026-10-02 01:01:40,976 - INFO - Prompt processing progress: 157696/204305
2026-10-02 01:01:45,170 - INFO - Prompt processing progress: 159744/204305
2026-10-02 01:01:49,385 - INFO - Prompt processing progress: 161792/204305
2026-10-02 01:01:53,619 - INFO - Prompt processing progress: 163840/204305
2026-10-02 01:01:57,935 - INFO - Prompt processing progress: 165888/204305
2026-10-02 01:02:02,281 - INFO - Prompt processing progress: 167936/204305
2026-10-02 01:02:06,634 - INFO - Prompt processing progress: 169984/204305
2026-10-02 01:02:11,051 - INFO - Prompt processing progress: 172032/204305
2026-10-02 01:02:15,457 - INFO - Prompt processing progress: 174080/204305
2026-10-02 01:02:19,943 - INFO - Prompt processing progress: 176128/204305
2026-10-02 01:02:24,475 - INFO - Prompt processing progress: 178176/204305
2026-10-02 01:02:29,007 - INFO - Prompt processing progress: 180224/204305
2026-10-02 01:02:33,574 - INFO - Prompt processing progress: 182272/204305
2026-10-02 01:02:38,199 - INFO - Prompt processing progress: 184320/204305
2026-10-02 01:02:42,884 - INFO - Prompt processing progress: 186368/204305
2026-10-02 01:02:47,585 - INFO - Prompt processing progress: 188416/204305
2026-10-02 01:02:52,316 - INFO - Prompt processing progress: 190464/204305
2026-10-02 01:02:57,059 - INFO - Prompt processing progress: 192512/204305
2026-10-02 01:03:02,088 - INFO - Prompt processing progress: 194560/204305
2026-10-02 01:03:07,129 - INFO - Prompt processing progress: 196608/204305
2026-10-02 01:03:12,210 - INFO - Prompt processing progress: 198656/204305
2026-10-02 01:03:17,103 - INFO - Prompt processing progress: 200704/204305
2026-10-02 01:03:21,999 - INFO - Prompt processing progress: 202752/204305
2026-10-02 01:03:26,091 - INFO - Prompt processing progress: 204304/204305
2026-10-02 01:03:26,251 - INFO - Prompt processing progress: 204305/204305
127.0.0.1 - - [02/Oct/2026 01:04:01] "POST /v1/chat/completions HTTP/1.1" 200 -
2026-10-02 01:04:01,030 - INFO - Prompt Cache: 1 sequences, 17.64 GB
2026-10-02 01:04:01,030 - INFO - - assistant: 1 sequences, 17.64 GB
2026-10-02 01:04:01,030 - INFO - - user: 0 sequences, 0.00 GB
2026-10-02 01:04:01,030 - INFO - - system: 0 sequences, 0.00 GB
2026-10-02 01:04:01,145 - INFO - Prompt processing progress: 0/204854
2026-10-02 01:04:02,571 - INFO - Prompt processing progress: 2048/204854
2026-10-02 01:04:04,117 - INFO - Prompt processing progress: 4096/204854
2026-10-02 01:04:05,659 - INFO - Prompt processing progress: 6144/204854
2026-10-02 01:04:07,239 - INFO - Prompt processing progress: 8192/204854
2026-10-02 01:04:08,853 - INFO - Prompt processing progress: 10240/204854
2026-10-02 01:04:10,506 - INFO - Prompt processing progress: 12288/204854
2026-10-02 01:04:12,189 - INFO - Prompt processing progress: 14336/204854
2026-10-02 01:04:13,905 - INFO - Prompt processing progress: 16384/204854
2026-10-02 01:04:15,657 - INFO - Prompt processing progress: 18432/204854
2026-10-02 01:04:17,443 - INFO - Prompt processing progress: 20480/204854
2026-10-02 01:04:19,255 - INFO - Prompt processing progress: 22528/204854
2026-10-02 01:04:21,109 - INFO - Prompt processing progress: 24576/204854
2026-10-02 01:04:22,993 - INFO - Prompt processing progress: 26624/204854
2026-10-02 01:04:24,909 - INFO - Prompt processing progress: 28672/204854
2026-10-02 01:04:26,860 - INFO - Prompt processing progress: 30720/204854
2026-10-02 01:04:28,839 - INFO - Prompt processing progress: 32768/204854
2026-10-02 01:04:30,867 - INFO - Prompt processing progress: 34816/204854
2026-10-02 01:04:32,925 - INFO - Prompt processing progress: 36864/204854
2026-10-02 01:04:35,019 - INFO - Prompt processing progress: 38912/204854
2026-10-02 01:04:37,152 - INFO - Prompt processing progress: 40960/204854
2026-10-02 01:04:39,316 - INFO - Prompt processing progress: 43008/204854
2026-10-02 01:04:41,523 - INFO - Prompt processing progress: 45056/204854
2026-10-02 01:04:43,763 - INFO - Prompt processing progress: 47104/204854
2026-10-02 01:04:46,028 - INFO - Prompt processing progress: 49152/204854
2026-10-02 01:04:48,346 - INFO - Prompt processing progress: 51200/204854
2026-10-02 01:04:50,692 - INFO - Prompt processing progress: 53248/204854
2026-10-02 01:04:53,068 - INFO - Prompt processing progress: 55296/204854
2026-10-02 01:04:55,488 - INFO - Prompt processing progress: 57344/204854
2026-10-02 01:04:57,932 - INFO - Prompt processing progress: 59392/204854
2026-10-02 01:05:00,413 - INFO - Prompt processing progress: 61440/204854
2026-10-02 01:05:02,943 - INFO - Prompt processing progress: 63488/204854
2026-10-02 01:05:05,509 - INFO - Prompt processing progress: 65536/204854
2026-10-02 01:05:08,104 - INFO - Prompt processing progress: 67584/204854
2026-10-02 01:05:10,730 - INFO - Prompt processing progress: 69632/204854
2026-10-02 01:05:13,403 - INFO - Prompt processing progress: 71680/204854
2026-10-02 01:05:16,108 - INFO - Prompt processing progress: 73728/204854
2026-10-02 01:05:18,844 - INFO - Prompt processing progress: 75776/204854
2026-10-02 01:05:21,621 - INFO - Prompt processing progress: 77824/204854
2026-10-02 01:05:24,437 - INFO - Prompt processing progress: 79872/204854
2026-10-02 01:05:27,285 - INFO - Prompt processing progress: 81920/204854
2026-10-02 01:05:30,167 - INFO - Prompt processing progress: 83968/204854
2026-10-02 01:05:33,078 - INFO - Prompt processing progress: 86016/204854
2026-10-02 01:05:36,022 - INFO - Prompt processing progress: 88064/204854
2026-10-02 01:05:38,995 - INFO - Prompt processing progress: 90112/204854
2026-10-02 01:05:42,031 - INFO - Prompt processing progress: 92160/204854
2026-10-02 01:05:45,081 - INFO - Prompt processing progress: 94208/204854
2026-10-02 01:05:48,154 - INFO - Prompt processing progress: 96256/204854
2026-10-02 01:05:51,275 - INFO - Prompt processing progress: 98304/204854
2026-10-02 01:05:54,436 - INFO - Prompt processing progress: 100352/204854
2026-10-02 01:05:57,638 - INFO - Prompt processing progress: 102400/204854
2026-10-02 01:06:00,883 - INFO - Prompt processing progress: 104448/204854
2026-10-02 01:06:04,152 - INFO - Prompt processing progress: 106496/204854
2026-10-02 01:06:07,472 - INFO - Prompt processing progress: 108544/204854
2026-10-02 01:06:10,822 - INFO - Prompt processing progress: 110592/204854
2026-10-02 01:06:14,201 - INFO - Prompt processing progress: 112640/204854
2026-10-02 01:06:17,603 - INFO - Prompt processing progress: 114688/204854
2026-10-02 01:06:21,028 - INFO - Prompt processing progress: 116736/204854
2026-10-02 01:06:24,507 - INFO - Prompt processing progress: 118784/204854
2026-10-02 01:06:28,015 - INFO - Prompt processing progress: 120832/204854
2026-10-02 01:06:31,572 - INFO - Prompt processing progress: 122880/204854
2026-10-02 01:06:35,154 - INFO - Prompt processing progress: 124928/204854
2026-10-02 01:06:38,766 - INFO - Prompt processing progress: 126976/204854
2026-10-02 01:06:42,421 - INFO - Prompt processing progress: 129024/204854
2026-10-02 01:06:46,136 - INFO - Prompt processing progress: 131072/204854
2026-10-02 01:06:49,846 - INFO - Prompt processing progress: 133120/204854
2026-10-02 01:06:53,609 - INFO - Prompt processing progress: 135168/204854
2026-10-02 01:06:57,406 - INFO - Prompt processing progress: 137216/204854
2026-10-02 01:07:01,259 - INFO - Prompt processing progress: 139264/204854
2026-10-02 01:07:05,136 - INFO - Prompt processing progress: 141312/204854
2026-10-02 01:07:09,044 - INFO - Prompt processing progress: 143360/204854
2026-10-02 01:07:13,015 - INFO - Prompt processing progress: 145408/204854
2026-10-02 01:07:16,991 - INFO - Prompt processing progress: 147456/204854
2026-10-02 01:07:21,008 - INFO - Prompt processing progress: 149504/204854
2026-10-02 01:07:25,069 - INFO - Prompt processing progress: 151552/204854
2026-10-02 01:07:29,166 - INFO - Prompt processing progress: 153600/204854
2026-10-02 01:07:33,288 - INFO - Prompt processing progress: 155648/204854
2026-10-02 01:07:37,428 - INFO - Prompt processing progress: 157696/204854
2026-10-02 01:07:41,635 - INFO - Prompt processing progress: 159744/204854
2026-10-02 01:07:45,878 - INFO - Prompt processing progress: 161792/204854
2026-10-02 01:07:50,137 - INFO - Prompt processing progress: 163840/204854
2026-10-02 01:07:54,436 - INFO - Prompt processing progress: 165888/204854
2026-10-02 01:07:58,764 - INFO - Prompt processing progress: 167936/204854
2026-10-02 01:08:03,146 - INFO - Prompt processing progress: 169984/204854
2026-10-02 01:08:07,555 - INFO - Prompt processing progress: 172032/204854
2026-10-02 01:08:12,013 - INFO - Prompt processing progress: 174080/204854
2026-10-02 01:08:16,523 - INFO - Prompt processing progress: 176128/204854
2026-10-02 01:08:21,026 - INFO - Prompt processing progress: 178176/204854
2026-10-02 01:08:25,591 - INFO - Prompt processing progress: 180224/204854
2026-10-02 01:08:30,196 - INFO - Prompt processing progress: 182272/204854
2026-10-02 01:08:34,805 - INFO - Prompt processing progress: 184320/204854
2026-10-02 01:08:39,452 - INFO - Prompt processing progress: 186368/204854
2026-10-02 01:08:44,163 - INFO - Prompt processing progress: 188416/204854
2026-10-02 01:08:48,894 - INFO - Prompt processing progress: 190464/204854
2026-10-02 01:08:53,639 - INFO - Prompt processing progress: 192512/204854
2026-10-02 01:08:58,476 - INFO - Prompt processing progress: 194560/204854
2026-10-02 01:09:03,304 - INFO - Prompt processing progress: 196608/204854
2026-10-02 01:09:08,207 - INFO - Prompt processing progress: 198656/204854
2026-10-02 01:09:13,140 - INFO - Prompt processing progress: 200704/204854
2026-10-02 01:09:18,083 - INFO - Prompt processing progress: 202752/204854
2026-10-02 01:09:23,080 - INFO - Prompt processing progress: 204800/204854
2026-10-02 01:09:23,917 - INFO - Prompt processing progress: 204853/204854
2026-10-02 01:09:24,064 - INFO - Prompt processing progress: 204854/204854
