<M5_REPO>/vendor/vlm-runtime/.venv/lib/python3.12/site-packages/mlx_lm/server.py:1723: UserWarning: mlx_lm.server is not recommended for production as it only implements basic security checks.
  warnings.warn(
2026-10-03 07:00:31,285 - INFO - Starting httpd at 127.0.0.1 on port 18185...
127.0.0.1 - - [03/Oct/2026 07:00:31] "GET /v1/models HTTP/1.1" 200 -
[transformers] You are using a model of type `mimo_v2` to instantiate a model of type ``. This may be expected if you are loading a checkpoint that shares a subset of the architecture (e.g., loading a `sam2_video` checkpoint into `Sam2Model`), but is otherwise not supported and can yield errors. Please verify that the checkpoint is compatible with the model you are instantiating.
2026-10-03 07:04:19,998 - INFO - Prompt Cache: 0 sequences, 0.00 GB
2026-10-03 07:04:19,998 - INFO - - assistant: 0 sequences, 0.00 GB
2026-10-03 07:04:19,998 - INFO - - user: 0 sequences, 0.00 GB
2026-10-03 07:04:19,998 - INFO - - system: 0 sequences, 0.00 GB
127.0.0.1 - - [03/Oct/2026 07:04:19] "POST /v1/chat/completions HTTP/1.1" 200 -
2026-10-03 07:04:23,088 - INFO - Prompt processing progress: 19/8219
2026-10-03 07:04:24,205 - INFO - Prompt processing progress: 2067/8219
2026-10-03 07:04:25,376 - INFO - Prompt processing progress: 4115/8219
2026-10-03 07:04:26,591 - INFO - Prompt processing progress: 6163/8219
2026-10-03 07:04:27,844 - INFO - Prompt processing progress: 8211/8219
2026-10-03 07:04:27,899 - INFO - Prompt processing progress: 8217/8219
2026-10-03 07:04:27,923 - INFO - Prompt processing progress: 8218/8219
2026-10-03 07:04:27,946 - INFO - Prompt processing progress: 8219/8219
2026-10-03 07:04:32,092 - INFO - Prompt Cache: 0 sequences, 0.00 GB
2026-10-03 07:04:32,092 - INFO - - assistant: 0 sequences, 0.00 GB
2026-10-03 07:04:32,092 - INFO - - user: 0 sequences, 0.00 GB
2026-10-03 07:04:32,092 - INFO - - system: 0 sequences, 0.00 GB
127.0.0.1 - - [03/Oct/2026 07:04:32] "POST /v1/chat/completions HTTP/1.1" 200 -
2026-10-03 07:04:32,218 - INFO - Prompt processing progress: 19/8219
2026-10-03 07:04:33,333 - INFO - Prompt processing progress: 2067/8219
2026-10-03 07:04:34,503 - INFO - Prompt processing progress: 4115/8219
2026-10-03 07:04:35,721 - INFO - Prompt processing progress: 6163/8219
2026-10-03 07:04:36,985 - INFO - Prompt processing progress: 8211/8219
2026-10-03 07:04:37,033 - INFO - Prompt processing progress: 8217/8219
2026-10-03 07:04:37,055 - INFO - Prompt processing progress: 8218/8219
2026-10-03 07:04:37,077 - INFO - Prompt processing progress: 8219/8219
2026-10-03 07:04:41,224 - INFO - Prompt Cache: 0 sequences, 0.00 GB
2026-10-03 07:04:41,224 - INFO - - assistant: 0 sequences, 0.00 GB
2026-10-03 07:04:41,224 - INFO - - user: 0 sequences, 0.00 GB
2026-10-03 07:04:41,224 - INFO - - system: 0 sequences, 0.00 GB
127.0.0.1 - - [03/Oct/2026 07:04:41] "POST /v1/chat/completions HTTP/1.1" 200 -
2026-10-03 07:04:41,270 - INFO - Prompt Cache: 0 sequences, 0.00 GB
2026-10-03 07:04:41,270 - INFO - - assistant: 0 sequences, 0.00 GB
2026-10-03 07:04:41,270 - INFO - - user: 0 sequences, 0.00 GB
2026-10-03 07:04:41,270 - INFO - - system: 0 sequences, 0.00 GB
127.0.0.1 - - [03/Oct/2026 07:04:41] "POST /v1/chat/completions HTTP/1.1" 200 -
2026-10-03 07:04:41,314 - INFO - Prompt Cache: 0 sequences, 0.00 GB
2026-10-03 07:04:41,315 - INFO - - assistant: 0 sequences, 0.00 GB
2026-10-03 07:04:41,315 - INFO - - user: 0 sequences, 0.00 GB
2026-10-03 07:04:41,315 - INFO - - system: 0 sequences, 0.00 GB
127.0.0.1 - - [03/Oct/2026 07:04:41] "POST /v1/chat/completions HTTP/1.1" 200 -
2026-10-03 07:04:41,361 - INFO - Prompt Cache: 0 sequences, 0.00 GB
2026-10-03 07:04:41,361 - INFO - - assistant: 0 sequences, 0.00 GB
2026-10-03 07:04:41,361 - INFO - - user: 0 sequences, 0.00 GB
2026-10-03 07:04:41,361 - INFO - - system: 0 sequences, 0.00 GB
127.0.0.1 - - [03/Oct/2026 07:04:41] "POST /v1/chat/completions HTTP/1.1" 200 -
2026-10-03 07:04:41,619 - INFO - Prompt processing progress: 19/8219
2026-10-03 07:04:41,620 - INFO - Prompt processing progress: 19/8219
2026-10-03 07:04:41,620 - INFO - Prompt processing progress: 19/8219
2026-10-03 07:04:41,620 - INFO - Prompt processing progress: 19/8219
2026-10-03 07:04:45,555 - INFO - Prompt processing progress: 2067/8219
2026-10-03 07:04:45,555 - INFO - Prompt processing progress: 2067/8219
2026-10-03 07:04:45,555 - INFO - Prompt processing progress: 2067/8219
2026-10-03 07:04:45,555 - INFO - Prompt processing progress: 2067/8219
2026-10-03 07:04:49,705 - INFO - Prompt processing progress: 4115/8219
2026-10-03 07:04:49,705 - INFO - Prompt processing progress: 4115/8219
2026-10-03 07:04:49,705 - INFO - Prompt processing progress: 4115/8219
2026-10-03 07:04:49,705 - INFO - Prompt processing progress: 4115/8219
2026-10-03 07:04:54,048 - INFO - Prompt processing progress: 6163/8219
2026-10-03 07:04:54,048 - INFO - Prompt processing progress: 6163/8219
2026-10-03 07:04:54,048 - INFO - Prompt processing progress: 6163/8219
2026-10-03 07:04:54,048 - INFO - Prompt processing progress: 6163/8219
2026-10-03 07:04:58,602 - INFO - Prompt processing progress: 8211/8219
2026-10-03 07:04:58,602 - INFO - Prompt processing progress: 8211/8219
2026-10-03 07:04:58,602 - INFO - Prompt processing progress: 8211/8219
2026-10-03 07:04:58,602 - INFO - Prompt processing progress: 8211/8219
2026-10-03 07:04:58,751 - INFO - Prompt processing progress: 8217/8219
2026-10-03 07:04:58,752 - INFO - Prompt processing progress: 8217/8219
2026-10-03 07:04:58,752 - INFO - Prompt processing progress: 8217/8219
2026-10-03 07:04:58,752 - INFO - Prompt processing progress: 8217/8219
2026-10-03 07:04:58,826 - INFO - Prompt processing progress: 8218/8219
2026-10-03 07:04:58,826 - INFO - Prompt processing progress: 8218/8219
2026-10-03 07:04:58,826 - INFO - Prompt processing progress: 8218/8219
2026-10-03 07:04:58,826 - INFO - Prompt processing progress: 8218/8219
2026-10-03 07:04:58,869 - INFO - Prompt processing progress: 8219/8219
2026-10-03 07:04:58,869 - INFO - Prompt processing progress: 8219/8219
2026-10-03 07:04:58,869 - INFO - Prompt processing progress: 8219/8219
2026-10-03 07:04:58,869 - INFO - Prompt processing progress: 8219/8219
2026-10-03 07:05:06,636 - INFO - Prompt Cache: 0 sequences, 0.00 GB
2026-10-03 07:05:06,636 - INFO - - assistant: 0 sequences, 0.00 GB
2026-10-03 07:05:06,636 - INFO - - user: 0 sequences, 0.00 GB
2026-10-03 07:05:06,636 - INFO - - system: 0 sequences, 0.00 GB
127.0.0.1 - - [03/Oct/2026 07:05:06] "POST /v1/chat/completions HTTP/1.1" 200 -
2026-10-03 07:05:06,682 - INFO - Prompt Cache: 0 sequences, 0.00 GB
2026-10-03 07:05:06,682 - INFO - - assistant: 0 sequences, 0.00 GB
2026-10-03 07:05:06,682 - INFO - - user: 0 sequences, 0.00 GB
2026-10-03 07:05:06,682 - INFO - - system: 0 sequences, 0.00 GB
127.0.0.1 - - [03/Oct/2026 07:05:06] "POST /v1/chat/completions HTTP/1.1" 200 -
2026-10-03 07:05:06,728 - INFO - Prompt Cache: 0 sequences, 0.00 GB
2026-10-03 07:05:06,728 - INFO - - assistant: 0 sequences, 0.00 GB
2026-10-03 07:05:06,728 - INFO - - user: 0 sequences, 0.00 GB
2026-10-03 07:05:06,728 - INFO - - system: 0 sequences, 0.00 GB
127.0.0.1 - - [03/Oct/2026 07:05:06] "POST /v1/chat/completions HTTP/1.1" 200 -
2026-10-03 07:05:06,774 - INFO - Prompt Cache: 0 sequences, 0.00 GB
2026-10-03 07:05:06,774 - INFO - - assistant: 0 sequences, 0.00 GB
2026-10-03 07:05:06,774 - INFO - - user: 0 sequences, 0.00 GB
2026-10-03 07:05:06,774 - INFO - - system: 0 sequences, 0.00 GB
127.0.0.1 - - [03/Oct/2026 07:05:06] "POST /v1/chat/completions HTTP/1.1" 200 -
2026-10-03 07:05:07,028 - INFO - Prompt processing progress: 19/8219
2026-10-03 07:05:07,028 - INFO - Prompt processing progress: 19/8219
2026-10-03 07:05:07,028 - INFO - Prompt processing progress: 19/8219
2026-10-03 07:05:07,028 - INFO - Prompt processing progress: 19/8219
2026-10-03 07:05:10,910 - INFO - Prompt processing progress: 2067/8219
2026-10-03 07:05:10,910 - INFO - Prompt processing progress: 2067/8219
2026-10-03 07:05:10,910 - INFO - Prompt processing progress: 2067/8219
2026-10-03 07:05:10,910 - INFO - Prompt processing progress: 2067/8219
2026-10-03 07:05:15,073 - INFO - Prompt processing progress: 4115/8219
2026-10-03 07:05:15,073 - INFO - Prompt processing progress: 4115/8219
2026-10-03 07:05:15,073 - INFO - Prompt processing progress: 4115/8219
2026-10-03 07:05:15,073 - INFO - Prompt processing progress: 4115/8219
2026-10-03 07:05:19,417 - INFO - Prompt processing progress: 6163/8219
2026-10-03 07:05:19,417 - INFO - Prompt processing progress: 6163/8219
2026-10-03 07:05:19,417 - INFO - Prompt processing progress: 6163/8219
2026-10-03 07:05:19,417 - INFO - Prompt processing progress: 6163/8219
2026-10-03 07:05:23,969 - INFO - Prompt processing progress: 8211/8219
2026-10-03 07:05:23,970 - INFO - Prompt processing progress: 8211/8219
2026-10-03 07:05:23,970 - INFO - Prompt processing progress: 8211/8219
2026-10-03 07:05:23,970 - INFO - Prompt processing progress: 8211/8219
2026-10-03 07:05:24,119 - INFO - Prompt processing progress: 8217/8219
2026-10-03 07:05:24,119 - INFO - Prompt processing progress: 8217/8219
2026-10-03 07:05:24,119 - INFO - Prompt processing progress: 8217/8219
2026-10-03 07:05:24,119 - INFO - Prompt processing progress: 8217/8219
2026-10-03 07:05:24,169 - INFO - Prompt processing progress: 8218/8219
2026-10-03 07:05:24,169 - INFO - Prompt processing progress: 8218/8219
2026-10-03 07:05:24,169 - INFO - Prompt processing progress: 8218/8219
2026-10-03 07:05:24,169 - INFO - Prompt processing progress: 8218/8219
2026-10-03 07:05:24,211 - INFO - Prompt processing progress: 8219/8219
2026-10-03 07:05:24,211 - INFO - Prompt processing progress: 8219/8219
2026-10-03 07:05:24,211 - INFO - Prompt processing progress: 8219/8219
2026-10-03 07:05:24,211 - INFO - Prompt processing progress: 8219/8219
2026-10-03 07:05:32,025 - INFO - Prompt Cache: 0 sequences, 0.00 GB
2026-10-03 07:05:32,025 - INFO - - assistant: 0 sequences, 0.00 GB
2026-10-03 07:05:32,025 - INFO - - user: 0 sequences, 0.00 GB
2026-10-03 07:05:32,025 - INFO - - system: 0 sequences, 0.00 GB
127.0.0.1 - - [03/Oct/2026 07:05:32] "POST /v1/chat/completions HTTP/1.1" 200 -
2026-10-03 07:05:32,073 - INFO - Prompt Cache: 0 sequences, 0.00 GB
2026-10-03 07:05:32,073 - INFO - - assistant: 0 sequences, 0.00 GB
2026-10-03 07:05:32,073 - INFO - - user: 0 sequences, 0.00 GB
2026-10-03 07:05:32,073 - INFO - - system: 0 sequences, 0.00 GB
127.0.0.1 - - [03/Oct/2026 07:05:32] "POST /v1/chat/completions HTTP/1.1" 200 -
2026-10-03 07:05:32,119 - INFO - Prompt Cache: 0 sequences, 0.00 GB
2026-10-03 07:05:32,119 - INFO - - assistant: 0 sequences, 0.00 GB
2026-10-03 07:05:32,119 - INFO - - user: 0 sequences, 0.00 GB
2026-10-03 07:05:32,119 - INFO - - system: 0 sequences, 0.00 GB
127.0.0.1 - - [03/Oct/2026 07:05:32] "POST /v1/chat/completions HTTP/1.1" 200 -
2026-10-03 07:05:32,164 - INFO - Prompt Cache: 0 sequences, 0.00 GB
2026-10-03 07:05:32,164 - INFO - - assistant: 0 sequences, 0.00 GB
2026-10-03 07:05:32,164 - INFO - - user: 0 sequences, 0.00 GB
2026-10-03 07:05:32,164 - INFO - - system: 0 sequences, 0.00 GB
127.0.0.1 - - [03/Oct/2026 07:05:32] "POST /v1/chat/completions HTTP/1.1" 200 -
2026-10-03 07:05:32,415 - INFO - Prompt processing progress: 19/8220
2026-10-03 07:05:32,415 - INFO - Prompt processing progress: 19/8220
2026-10-03 07:05:32,415 - INFO - Prompt processing progress: 19/8220
2026-10-03 07:05:32,415 - INFO - Prompt processing progress: 19/8220
2026-10-03 07:05:36,300 - INFO - Prompt processing progress: 2067/8220
2026-10-03 07:05:36,300 - INFO - Prompt processing progress: 2067/8220
2026-10-03 07:05:36,300 - INFO - Prompt processing progress: 2067/8220
2026-10-03 07:05:36,300 - INFO - Prompt processing progress: 2067/8220
2026-10-03 07:05:40,472 - INFO - Prompt processing progress: 4115/8220
2026-10-03 07:05:40,472 - INFO - Prompt processing progress: 4115/8220
2026-10-03 07:05:40,472 - INFO - Prompt processing progress: 4115/8220
2026-10-03 07:05:40,472 - INFO - Prompt processing progress: 4115/8220
2026-10-03 07:05:44,824 - INFO - Prompt processing progress: 6163/8220
2026-10-03 07:05:44,824 - INFO - Prompt processing progress: 6163/8220
2026-10-03 07:05:44,824 - INFO - Prompt processing progress: 6163/8220
2026-10-03 07:05:44,824 - INFO - Prompt processing progress: 6163/8220
2026-10-03 07:05:49,377 - INFO - Prompt processing progress: 8211/8220
2026-10-03 07:05:49,377 - INFO - Prompt processing progress: 8211/8220
2026-10-03 07:05:49,377 - INFO - Prompt processing progress: 8211/8220
2026-10-03 07:05:49,377 - INFO - Prompt processing progress: 8211/8220
2026-10-03 07:05:49,545 - INFO - Prompt processing progress: 8218/8220
2026-10-03 07:05:49,545 - INFO - Prompt processing progress: 8218/8220
2026-10-03 07:05:49,545 - INFO - Prompt processing progress: 8218/8220
2026-10-03 07:05:49,545 - INFO - Prompt processing progress: 8218/8220
2026-10-03 07:05:49,589 - INFO - Prompt processing progress: 8219/8220
2026-10-03 07:05:49,589 - INFO - Prompt processing progress: 8219/8220
2026-10-03 07:05:49,589 - INFO - Prompt processing progress: 8219/8220
2026-10-03 07:05:49,589 - INFO - Prompt processing progress: 8219/8220
2026-10-03 07:05:49,631 - INFO - Prompt processing progress: 8220/8220
2026-10-03 07:05:49,631 - INFO - Prompt processing progress: 8220/8220
2026-10-03 07:05:49,631 - INFO - Prompt processing progress: 8220/8220
2026-10-03 07:05:49,631 - INFO - Prompt processing progress: 8220/8220
2026-10-03 07:05:57,442 - INFO - Prompt Cache: 0 sequences, 0.00 GB
2026-10-03 07:05:57,442 - INFO - - assistant: 0 sequences, 0.00 GB
2026-10-03 07:05:57,442 - INFO - - user: 0 sequences, 0.00 GB
2026-10-03 07:05:57,442 - INFO - - system: 0 sequences, 0.00 GB
127.0.0.1 - - [03/Oct/2026 07:05:57] "POST /v1/chat/completions HTTP/1.1" 200 -
2026-10-03 07:05:57,491 - INFO - Prompt Cache: 0 sequences, 0.00 GB
2026-10-03 07:05:57,491 - INFO - - assistant: 0 sequences, 0.00 GB
2026-10-03 07:05:57,491 - INFO - - user: 0 sequences, 0.00 GB
2026-10-03 07:05:57,491 - INFO - - system: 0 sequences, 0.00 GB
127.0.0.1 - - [03/Oct/2026 07:05:57] "POST /v1/chat/completions HTTP/1.1" 200 -
2026-10-03 07:05:57,538 - INFO - Prompt Cache: 0 sequences, 0.00 GB
2026-10-03 07:05:57,538 - INFO - - assistant: 0 sequences, 0.00 GB
2026-10-03 07:05:57,538 - INFO - - user: 0 sequences, 0.00 GB
2026-10-03 07:05:57,538 - INFO - - system: 0 sequences, 0.00 GB
127.0.0.1 - - [03/Oct/2026 07:05:57] "POST /v1/chat/completions HTTP/1.1" 200 -
2026-10-03 07:05:57,584 - INFO - Prompt Cache: 0 sequences, 0.00 GB
2026-10-03 07:05:57,584 - INFO - - assistant: 0 sequences, 0.00 GB
2026-10-03 07:05:57,584 - INFO - - user: 0 sequences, 0.00 GB
2026-10-03 07:05:57,584 - INFO - - system: 0 sequences, 0.00 GB
127.0.0.1 - - [03/Oct/2026 07:05:57] "POST /v1/chat/completions HTTP/1.1" 200 -
2026-10-03 07:05:57,840 - INFO - Prompt processing progress: 19/8220
2026-10-03 07:05:57,840 - INFO - Prompt processing progress: 19/8220
2026-10-03 07:05:57,840 - INFO - Prompt processing progress: 19/8220
2026-10-03 07:05:57,840 - INFO - Prompt processing progress: 19/8220
2026-10-03 07:06:01,725 - INFO - Prompt processing progress: 2067/8220
2026-10-03 07:06:01,725 - INFO - Prompt processing progress: 2067/8220
2026-10-03 07:06:01,725 - INFO - Prompt processing progress: 2067/8220
2026-10-03 07:06:01,725 - INFO - Prompt processing progress: 2067/8220
2026-10-03 07:06:05,900 - INFO - Prompt processing progress: 4115/8220
2026-10-03 07:06:05,900 - INFO - Prompt processing progress: 4115/8220
2026-10-03 07:06:05,900 - INFO - Prompt processing progress: 4115/8220
2026-10-03 07:06:05,900 - INFO - Prompt processing progress: 4115/8220
2026-10-03 07:06:10,274 - INFO - Prompt processing progress: 6163/8220
2026-10-03 07:06:10,274 - INFO - Prompt processing progress: 6163/8220
2026-10-03 07:06:10,275 - INFO - Prompt processing progress: 6163/8220
2026-10-03 07:06:10,275 - INFO - Prompt processing progress: 6163/8220
2026-10-03 07:06:14,837 - INFO - Prompt processing progress: 8211/8220
2026-10-03 07:06:14,837 - INFO - Prompt processing progress: 8211/8220
2026-10-03 07:06:14,837 - INFO - Prompt processing progress: 8211/8220
2026-10-03 07:06:14,837 - INFO - Prompt processing progress: 8211/8220
2026-10-03 07:06:15,001 - INFO - Prompt processing progress: 8218/8220
2026-10-03 07:06:15,001 - INFO - Prompt processing progress: 8218/8220
2026-10-03 07:06:15,001 - INFO - Prompt processing progress: 8218/8220
2026-10-03 07:06:15,001 - INFO - Prompt processing progress: 8218/8220
2026-10-03 07:06:15,051 - INFO - Prompt processing progress: 8219/8220
2026-10-03 07:06:15,051 - INFO - Prompt processing progress: 8219/8220
2026-10-03 07:06:15,051 - INFO - Prompt processing progress: 8219/8220
2026-10-03 07:06:15,051 - INFO - Prompt processing progress: 8219/8220
2026-10-03 07:06:15,094 - INFO - Prompt processing progress: 8220/8220
2026-10-03 07:06:15,094 - INFO - Prompt processing progress: 8220/8220
2026-10-03 07:06:15,094 - INFO - Prompt processing progress: 8220/8220
2026-10-03 07:06:15,094 - INFO - Prompt processing progress: 8220/8220
2026-10-03 07:06:22,922 - INFO - Prompt Cache: 0 sequences, 0.00 GB
2026-10-03 07:06:22,922 - INFO - - assistant: 0 sequences, 0.00 GB
2026-10-03 07:06:22,922 - INFO - - user: 0 sequences, 0.00 GB
2026-10-03 07:06:22,922 - INFO - - system: 0 sequences, 0.00 GB
127.0.0.1 - - [03/Oct/2026 07:06:22] "POST /v1/chat/completions HTTP/1.1" 200 -
2026-10-03 07:06:22,971 - INFO - Prompt Cache: 0 sequences, 0.00 GB
2026-10-03 07:06:22,971 - INFO - - assistant: 0 sequences, 0.00 GB
2026-10-03 07:06:22,971 - INFO - - user: 0 sequences, 0.00 GB
2026-10-03 07:06:22,971 - INFO - - system: 0 sequences, 0.00 GB
127.0.0.1 - - [03/Oct/2026 07:06:22] "POST /v1/chat/completions HTTP/1.1" 200 -
2026-10-03 07:06:23,017 - INFO - Prompt Cache: 0 sequences, 0.00 GB
2026-10-03 07:06:23,018 - INFO - - assistant: 0 sequences, 0.00 GB
2026-10-03 07:06:23,018 - INFO - - user: 0 sequences, 0.00 GB
2026-10-03 07:06:23,018 - INFO - - system: 0 sequences, 0.00 GB
127.0.0.1 - - [03/Oct/2026 07:06:23] "POST /v1/chat/completions HTTP/1.1" 200 -
2026-10-03 07:06:23,064 - INFO - Prompt Cache: 0 sequences, 0.00 GB
2026-10-03 07:06:23,064 - INFO - - assistant: 0 sequences, 0.00 GB
2026-10-03 07:06:23,064 - INFO - - user: 0 sequences, 0.00 GB
2026-10-03 07:06:23,064 - INFO - - system: 0 sequences, 0.00 GB
127.0.0.1 - - [03/Oct/2026 07:06:23] "POST /v1/chat/completions HTTP/1.1" 200 -
2026-10-03 07:06:23,317 - INFO - Prompt processing progress: 19/8220
2026-10-03 07:06:23,317 - INFO - Prompt processing progress: 19/8220
2026-10-03 07:06:23,317 - INFO - Prompt processing progress: 19/8220
2026-10-03 07:06:23,317 - INFO - Prompt processing progress: 19/8220
2026-10-03 07:06:27,203 - INFO - Prompt processing progress: 2067/8220
2026-10-03 07:06:27,203 - INFO - Prompt processing progress: 2067/8220
2026-10-03 07:06:27,203 - INFO - Prompt processing progress: 2067/8220
2026-10-03 07:06:27,203 - INFO - Prompt processing progress: 2067/8220
2026-10-03 07:06:31,376 - INFO - Prompt processing progress: 4115/8220
2026-10-03 07:06:31,376 - INFO - Prompt processing progress: 4115/8220
2026-10-03 07:06:31,376 - INFO - Prompt processing progress: 4115/8220
2026-10-03 07:06:31,376 - INFO - Prompt processing progress: 4115/8220
2026-10-03 07:06:35,738 - INFO - Prompt processing progress: 6163/8220
2026-10-03 07:06:35,738 - INFO - Prompt processing progress: 6163/8220
2026-10-03 07:06:35,738 - INFO - Prompt processing progress: 6163/8220
2026-10-03 07:06:35,738 - INFO - Prompt processing progress: 6163/8220
2026-10-03 07:06:40,308 - INFO - Prompt processing progress: 8211/8220
2026-10-03 07:06:40,308 - INFO - Prompt processing progress: 8211/8220
2026-10-03 07:06:40,308 - INFO - Prompt processing progress: 8211/8220
2026-10-03 07:06:40,308 - INFO - Prompt processing progress: 8211/8220
2026-10-03 07:06:40,476 - INFO - Prompt processing progress: 8218/8220
2026-10-03 07:06:40,476 - INFO - Prompt processing progress: 8218/8220
2026-10-03 07:06:40,476 - INFO - Prompt processing progress: 8218/8220
2026-10-03 07:06:40,476 - INFO - Prompt processing progress: 8218/8220
2026-10-03 07:06:40,526 - INFO - Prompt processing progress: 8219/8220
2026-10-03 07:06:40,526 - INFO - Prompt processing progress: 8219/8220
2026-10-03 07:06:40,526 - INFO - Prompt processing progress: 8219/8220
2026-10-03 07:06:40,526 - INFO - Prompt processing progress: 8219/8220
2026-10-03 07:06:40,568 - INFO - Prompt processing progress: 8220/8220
2026-10-03 07:06:40,568 - INFO - Prompt processing progress: 8220/8220
2026-10-03 07:06:40,568 - INFO - Prompt processing progress: 8220/8220
2026-10-03 07:06:40,568 - INFO - Prompt processing progress: 8220/8220
2026-10-03 07:06:48,349 - INFO - Prompt Cache: 0 sequences, 0.00 GB
2026-10-03 07:06:48,349 - INFO - - assistant: 0 sequences, 0.00 GB
2026-10-03 07:06:48,349 - INFO - - user: 0 sequences, 0.00 GB
2026-10-03 07:06:48,349 - INFO - - system: 0 sequences, 0.00 GB
127.0.0.1 - - [03/Oct/2026 07:06:48] "POST /v1/chat/completions HTTP/1.1" 200 -
2026-10-03 07:06:48,398 - INFO - Prompt Cache: 0 sequences, 0.00 GB
2026-10-03 07:06:48,398 - INFO - - assistant: 0 sequences, 0.00 GB
2026-10-03 07:06:48,398 - INFO - - user: 0 sequences, 0.00 GB
2026-10-03 07:06:48,398 - INFO - - system: 0 sequences, 0.00 GB
127.0.0.1 - - [03/Oct/2026 07:06:48] "POST /v1/chat/completions HTTP/1.1" 200 -
2026-10-03 07:06:48,445 - INFO - Prompt Cache: 0 sequences, 0.00 GB
2026-10-03 07:06:48,445 - INFO - - assistant: 0 sequences, 0.00 GB
2026-10-03 07:06:48,445 - INFO - - user: 0 sequences, 0.00 GB
2026-10-03 07:06:48,445 - INFO - - system: 0 sequences, 0.00 GB
127.0.0.1 - - [03/Oct/2026 07:06:48] "POST /v1/chat/completions HTTP/1.1" 200 -
2026-10-03 07:06:48,492 - INFO - Prompt Cache: 0 sequences, 0.00 GB
2026-10-03 07:06:48,492 - INFO - - assistant: 0 sequences, 0.00 GB
2026-10-03 07:06:48,492 - INFO - - user: 0 sequences, 0.00 GB
2026-10-03 07:06:48,492 - INFO - - system: 0 sequences, 0.00 GB
127.0.0.1 - - [03/Oct/2026 07:06:48] "POST /v1/chat/completions HTTP/1.1" 200 -
2026-10-03 07:06:48,745 - INFO - Prompt processing progress: 19/8220
2026-10-03 07:06:48,745 - INFO - Prompt processing progress: 19/8220
2026-10-03 07:06:48,745 - INFO - Prompt processing progress: 19/8220
2026-10-03 07:06:48,745 - INFO - Prompt processing progress: 19/8220
2026-10-03 07:06:52,653 - INFO - Prompt processing progress: 2067/8220
2026-10-03 07:06:52,653 - INFO - Prompt processing progress: 2067/8220
2026-10-03 07:06:52,653 - INFO - Prompt processing progress: 2067/8220
2026-10-03 07:06:52,653 - INFO - Prompt processing progress: 2067/8220
2026-10-03 07:06:56,820 - INFO - Prompt processing progress: 4115/8220
2026-10-03 07:06:56,820 - INFO - Prompt processing progress: 4115/8220
2026-10-03 07:06:56,820 - INFO - Prompt processing progress: 4115/8220
2026-10-03 07:06:56,820 - INFO - Prompt processing progress: 4115/8220
2026-10-03 07:07:01,189 - INFO - Prompt processing progress: 6163/8220
2026-10-03 07:07:01,189 - INFO - Prompt processing progress: 6163/8220
2026-10-03 07:07:01,189 - INFO - Prompt processing progress: 6163/8220
2026-10-03 07:07:01,189 - INFO - Prompt processing progress: 6163/8220
2026-10-03 07:07:05,744 - INFO - Prompt processing progress: 8211/8220
2026-10-03 07:07:05,744 - INFO - Prompt processing progress: 8211/8220
2026-10-03 07:07:05,744 - INFO - Prompt processing progress: 8211/8220
2026-10-03 07:07:05,744 - INFO - Prompt processing progress: 8211/8220
2026-10-03 07:07:05,909 - INFO - Prompt processing progress: 8218/8220
2026-10-03 07:07:05,909 - INFO - Prompt processing progress: 8218/8220
2026-10-03 07:07:05,909 - INFO - Prompt processing progress: 8218/8220
2026-10-03 07:07:05,909 - INFO - Prompt processing progress: 8218/8220
2026-10-03 07:07:05,961 - INFO - Prompt processing progress: 8219/8220
2026-10-03 07:07:05,961 - INFO - Prompt processing progress: 8219/8220
2026-10-03 07:07:05,961 - INFO - Prompt processing progress: 8219/8220
2026-10-03 07:07:05,961 - INFO - Prompt processing progress: 8219/8220
2026-10-03 07:07:06,003 - INFO - Prompt processing progress: 8220/8220
2026-10-03 07:07:06,003 - INFO - Prompt processing progress: 8220/8220
2026-10-03 07:07:06,003 - INFO - Prompt processing progress: 8220/8220
2026-10-03 07:07:06,003 - INFO - Prompt processing progress: 8220/8220
2026-10-03 07:07:13,804 - INFO - Prompt Cache: 0 sequences, 0.00 GB
2026-10-03 07:07:13,805 - INFO - - assistant: 0 sequences, 0.00 GB
2026-10-03 07:07:13,805 - INFO - - user: 0 sequences, 0.00 GB
2026-10-03 07:07:13,805 - INFO - - system: 0 sequences, 0.00 GB
127.0.0.1 - - [03/Oct/2026 07:07:13] "POST /v1/chat/completions HTTP/1.1" 200 -
2026-10-03 07:07:13,854 - INFO - Prompt Cache: 0 sequences, 0.00 GB
2026-10-03 07:07:13,854 - INFO - - assistant: 0 sequences, 0.00 GB
2026-10-03 07:07:13,854 - INFO - - user: 0 sequences, 0.00 GB
2026-10-03 07:07:13,854 - INFO - - system: 0 sequences, 0.00 GB
127.0.0.1 - - [03/Oct/2026 07:07:13] "POST /v1/chat/completions HTTP/1.1" 200 -
2026-10-03 07:07:13,900 - INFO - Prompt Cache: 0 sequences, 0.00 GB
2026-10-03 07:07:13,901 - INFO - - assistant: 0 sequences, 0.00 GB
2026-10-03 07:07:13,901 - INFO - - user: 0 sequences, 0.00 GB
2026-10-03 07:07:13,901 - INFO - - system: 0 sequences, 0.00 GB
127.0.0.1 - - [03/Oct/2026 07:07:13] "POST /v1/chat/completions HTTP/1.1" 200 -
2026-10-03 07:07:13,947 - INFO - Prompt Cache: 0 sequences, 0.00 GB
2026-10-03 07:07:13,947 - INFO - - assistant: 0 sequences, 0.00 GB
2026-10-03 07:07:13,947 - INFO - - user: 0 sequences, 0.00 GB
2026-10-03 07:07:13,947 - INFO - - system: 0 sequences, 0.00 GB
127.0.0.1 - - [03/Oct/2026 07:07:13] "POST /v1/chat/completions HTTP/1.1" 200 -
2026-10-03 07:07:14,198 - INFO - Prompt processing progress: 19/8220
2026-10-03 07:07:14,198 - INFO - Prompt processing progress: 19/8220
2026-10-03 07:07:14,198 - INFO - Prompt processing progress: 19/8220
2026-10-03 07:07:14,198 - INFO - Prompt processing progress: 19/8220
2026-10-03 07:07:18,091 - INFO - Prompt processing progress: 2067/8220
2026-10-03 07:07:18,091 - INFO - Prompt processing progress: 2067/8220
2026-10-03 07:07:18,091 - INFO - Prompt processing progress: 2067/8220
2026-10-03 07:07:18,091 - INFO - Prompt processing progress: 2067/8220
2026-10-03 07:07:22,257 - INFO - Prompt processing progress: 4115/8220
2026-10-03 07:07:22,257 - INFO - Prompt processing progress: 4115/8220
2026-10-03 07:07:22,257 - INFO - Prompt processing progress: 4115/8220
2026-10-03 07:07:22,257 - INFO - Prompt processing progress: 4115/8220
2026-10-03 07:07:26,628 - INFO - Prompt processing progress: 6163/8220
2026-10-03 07:07:26,628 - INFO - Prompt processing progress: 6163/8220
2026-10-03 07:07:26,628 - INFO - Prompt processing progress: 6163/8220
2026-10-03 07:07:26,628 - INFO - Prompt processing progress: 6163/8220
2026-10-03 07:07:31,191 - INFO - Prompt processing progress: 8211/8220
2026-10-03 07:07:31,191 - INFO - Prompt processing progress: 8211/8220
2026-10-03 07:07:31,191 - INFO - Prompt processing progress: 8211/8220
2026-10-03 07:07:31,191 - INFO - Prompt processing progress: 8211/8220
2026-10-03 07:07:31,356 - INFO - Prompt processing progress: 8218/8220
2026-10-03 07:07:31,356 - INFO - Prompt processing progress: 8218/8220
2026-10-03 07:07:31,356 - INFO - Prompt processing progress: 8218/8220
2026-10-03 07:07:31,356 - INFO - Prompt processing progress: 8218/8220
2026-10-03 07:07:31,406 - INFO - Prompt processing progress: 8219/8220
2026-10-03 07:07:31,406 - INFO - Prompt processing progress: 8219/8220
2026-10-03 07:07:31,406 - INFO - Prompt processing progress: 8219/8220
2026-10-03 07:07:31,406 - INFO - Prompt processing progress: 8219/8220
2026-10-03 07:07:31,449 - INFO - Prompt processing progress: 8220/8220
2026-10-03 07:07:31,449 - INFO - Prompt processing progress: 8220/8220
2026-10-03 07:07:31,449 - INFO - Prompt processing progress: 8220/8220
2026-10-03 07:07:31,449 - INFO - Prompt processing progress: 8220/8220
2026-10-03 07:07:39,276 - INFO - Prompt Cache: 0 sequences, 0.00 GB
2026-10-03 07:07:39,276 - INFO - - assistant: 0 sequences, 0.00 GB
2026-10-03 07:07:39,276 - INFO - - user: 0 sequences, 0.00 GB
2026-10-03 07:07:39,276 - INFO - - system: 0 sequences, 0.00 GB
127.0.0.1 - - [03/Oct/2026 07:07:39] "POST /v1/chat/completions HTTP/1.1" 200 -
2026-10-03 07:07:39,325 - INFO - Prompt Cache: 0 sequences, 0.00 GB
2026-10-03 07:07:39,325 - INFO - - assistant: 0 sequences, 0.00 GB
2026-10-03 07:07:39,325 - INFO - - user: 0 sequences, 0.00 GB
2026-10-03 07:07:39,325 - INFO - - system: 0 sequences, 0.00 GB
127.0.0.1 - - [03/Oct/2026 07:07:39] "POST /v1/chat/completions HTTP/1.1" 200 -
2026-10-03 07:07:39,371 - INFO - Prompt Cache: 0 sequences, 0.00 GB
2026-10-03 07:07:39,371 - INFO - - assistant: 0 sequences, 0.00 GB
2026-10-03 07:07:39,371 - INFO - - user: 0 sequences, 0.00 GB
2026-10-03 07:07:39,371 - INFO - - system: 0 sequences, 0.00 GB
127.0.0.1 - - [03/Oct/2026 07:07:39] "POST /v1/chat/completions HTTP/1.1" 200 -
2026-10-03 07:07:39,418 - INFO - Prompt Cache: 0 sequences, 0.00 GB
2026-10-03 07:07:39,418 - INFO - - assistant: 0 sequences, 0.00 GB
2026-10-03 07:07:39,418 - INFO - - user: 0 sequences, 0.00 GB
2026-10-03 07:07:39,418 - INFO - - system: 0 sequences, 0.00 GB
127.0.0.1 - - [03/Oct/2026 07:07:39] "POST /v1/chat/completions HTTP/1.1" 200 -
2026-10-03 07:07:39,671 - INFO - Prompt processing progress: 19/8220
2026-10-03 07:07:39,671 - INFO - Prompt processing progress: 19/8220
2026-10-03 07:07:39,671 - INFO - Prompt processing progress: 19/8220
2026-10-03 07:07:39,671 - INFO - Prompt processing progress: 19/8220
2026-10-03 07:07:43,567 - INFO - Prompt processing progress: 2067/8220
2026-10-03 07:07:43,567 - INFO - Prompt processing progress: 2067/8220
2026-10-03 07:07:43,567 - INFO - Prompt processing progress: 2067/8220
2026-10-03 07:07:43,567 - INFO - Prompt processing progress: 2067/8220
2026-10-03 07:07:47,738 - INFO - Prompt processing progress: 4115/8220
2026-10-03 07:07:47,738 - INFO - Prompt processing progress: 4115/8220
2026-10-03 07:07:47,738 - INFO - Prompt processing progress: 4115/8220
2026-10-03 07:07:47,738 - INFO - Prompt processing progress: 4115/8220
2026-10-03 07:07:52,098 - INFO - Prompt processing progress: 6163/8220
2026-10-03 07:07:52,099 - INFO - Prompt processing progress: 6163/8220
2026-10-03 07:07:52,099 - INFO - Prompt processing progress: 6163/8220
2026-10-03 07:07:52,099 - INFO - Prompt processing progress: 6163/8220
2026-10-03 07:07:56,663 - INFO - Prompt processing progress: 8211/8220
2026-10-03 07:07:56,663 - INFO - Prompt processing progress: 8211/8220
2026-10-03 07:07:56,663 - INFO - Prompt processing progress: 8211/8220
2026-10-03 07:07:56,663 - INFO - Prompt processing progress: 8211/8220
2026-10-03 07:07:56,827 - INFO - Prompt processing progress: 8218/8220
2026-10-03 07:07:56,827 - INFO - Prompt processing progress: 8218/8220
2026-10-03 07:07:56,827 - INFO - Prompt processing progress: 8218/8220
2026-10-03 07:07:56,827 - INFO - Prompt processing progress: 8218/8220
2026-10-03 07:07:56,877 - INFO - Prompt processing progress: 8219/8220
2026-10-03 07:07:56,877 - INFO - Prompt processing progress: 8219/8220
2026-10-03 07:07:56,877 - INFO - Prompt processing progress: 8219/8220
2026-10-03 07:07:56,877 - INFO - Prompt processing progress: 8219/8220
2026-10-03 07:07:56,920 - INFO - Prompt processing progress: 8220/8220
2026-10-03 07:07:56,920 - INFO - Prompt processing progress: 8220/8220
2026-10-03 07:07:56,920 - INFO - Prompt processing progress: 8220/8220
2026-10-03 07:07:56,920 - INFO - Prompt processing progress: 8220/8220
2026-10-03 07:08:04,696 - INFO - Prompt Cache: 0 sequences, 0.00 GB
2026-10-03 07:08:04,696 - INFO - - assistant: 0 sequences, 0.00 GB
2026-10-03 07:08:04,696 - INFO - - user: 0 sequences, 0.00 GB
2026-10-03 07:08:04,696 - INFO - - system: 0 sequences, 0.00 GB
127.0.0.1 - - [03/Oct/2026 07:08:04] "POST /v1/chat/completions HTTP/1.1" 200 -
2026-10-03 07:08:04,744 - INFO - Prompt Cache: 0 sequences, 0.00 GB
2026-10-03 07:08:04,744 - INFO - - assistant: 0 sequences, 0.00 GB
2026-10-03 07:08:04,744 - INFO - - user: 0 sequences, 0.00 GB
2026-10-03 07:08:04,744 - INFO - - system: 0 sequences, 0.00 GB
127.0.0.1 - - [03/Oct/2026 07:08:04] "POST /v1/chat/completions HTTP/1.1" 200 -
2026-10-03 07:08:04,791 - INFO - Prompt Cache: 0 sequences, 0.00 GB
2026-10-03 07:08:04,791 - INFO - - assistant: 0 sequences, 0.00 GB
2026-10-03 07:08:04,791 - INFO - - user: 0 sequences, 0.00 GB
2026-10-03 07:08:04,791 - INFO - - system: 0 sequences, 0.00 GB
127.0.0.1 - - [03/Oct/2026 07:08:04] "POST /v1/chat/completions HTTP/1.1" 200 -
2026-10-03 07:08:04,837 - INFO - Prompt Cache: 0 sequences, 0.00 GB
2026-10-03 07:08:04,838 - INFO - - assistant: 0 sequences, 0.00 GB
2026-10-03 07:08:04,838 - INFO - - user: 0 sequences, 0.00 GB
2026-10-03 07:08:04,838 - INFO - - system: 0 sequences, 0.00 GB
127.0.0.1 - - [03/Oct/2026 07:08:04] "POST /v1/chat/completions HTTP/1.1" 200 -
2026-10-03 07:08:05,091 - INFO - Prompt processing progress: 19/8220
2026-10-03 07:08:05,091 - INFO - Prompt processing progress: 19/8220
2026-10-03 07:08:05,091 - INFO - Prompt processing progress: 19/8220
2026-10-03 07:08:05,091 - INFO - Prompt processing progress: 19/8220
2026-10-03 07:08:08,982 - INFO - Prompt processing progress: 2067/8220
2026-10-03 07:08:08,982 - INFO - Prompt processing progress: 2067/8220
2026-10-03 07:08:08,982 - INFO - Prompt processing progress: 2067/8220
2026-10-03 07:08:08,982 - INFO - Prompt processing progress: 2067/8220
2026-10-03 07:08:13,152 - INFO - Prompt processing progress: 4115/8220
2026-10-03 07:08:13,152 - INFO - Prompt processing progress: 4115/8220
2026-10-03 07:08:13,152 - INFO - Prompt processing progress: 4115/8220
2026-10-03 07:08:13,152 - INFO - Prompt processing progress: 4115/8220
2026-10-03 07:08:17,524 - INFO - Prompt processing progress: 6163/8220
2026-10-03 07:08:17,524 - INFO - Prompt processing progress: 6163/8220
2026-10-03 07:08:17,524 - INFO - Prompt processing progress: 6163/8220
2026-10-03 07:08:17,524 - INFO - Prompt processing progress: 6163/8220
2026-10-03 07:08:22,093 - INFO - Prompt processing progress: 8211/8220
2026-10-03 07:08:22,093 - INFO - Prompt processing progress: 8211/8220
2026-10-03 07:08:22,093 - INFO - Prompt processing progress: 8211/8220
2026-10-03 07:08:22,093 - INFO - Prompt processing progress: 8211/8220
2026-10-03 07:08:22,260 - INFO - Prompt processing progress: 8218/8220
2026-10-03 07:08:22,260 - INFO - Prompt processing progress: 8218/8220
2026-10-03 07:08:22,260 - INFO - Prompt processing progress: 8218/8220
2026-10-03 07:08:22,260 - INFO - Prompt processing progress: 8218/8220
2026-10-03 07:08:22,310 - INFO - Prompt processing progress: 8219/8220
2026-10-03 07:08:22,310 - INFO - Prompt processing progress: 8219/8220
2026-10-03 07:08:22,310 - INFO - Prompt processing progress: 8219/8220
2026-10-03 07:08:22,310 - INFO - Prompt processing progress: 8219/8220
2026-10-03 07:08:22,353 - INFO - Prompt processing progress: 8220/8220
2026-10-03 07:08:22,353 - INFO - Prompt processing progress: 8220/8220
2026-10-03 07:08:22,353 - INFO - Prompt processing progress: 8220/8220
2026-10-03 07:08:22,353 - INFO - Prompt processing progress: 8220/8220
2026-10-03 07:08:30,207 - INFO - Prompt Cache: 0 sequences, 0.00 GB
2026-10-03 07:08:30,207 - INFO - - assistant: 0 sequences, 0.00 GB
2026-10-03 07:08:30,207 - INFO - - user: 0 sequences, 0.00 GB
2026-10-03 07:08:30,207 - INFO - - system: 0 sequences, 0.00 GB
127.0.0.1 - - [03/Oct/2026 07:08:30] "POST /v1/chat/completions HTTP/1.1" 200 -
2026-10-03 07:08:30,256 - INFO - Prompt Cache: 0 sequences, 0.00 GB
2026-10-03 07:08:30,256 - INFO - - assistant: 0 sequences, 0.00 GB
2026-10-03 07:08:30,256 - INFO - - user: 0 sequences, 0.00 GB
2026-10-03 07:08:30,256 - INFO - - system: 0 sequences, 0.00 GB
127.0.0.1 - - [03/Oct/2026 07:08:30] "POST /v1/chat/completions HTTP/1.1" 200 -
2026-10-03 07:08:30,303 - INFO - Prompt Cache: 0 sequences, 0.00 GB
2026-10-03 07:08:30,303 - INFO - - assistant: 0 sequences, 0.00 GB
2026-10-03 07:08:30,303 - INFO - - user: 0 sequences, 0.00 GB
2026-10-03 07:08:30,303 - INFO - - system: 0 sequences, 0.00 GB
127.0.0.1 - - [03/Oct/2026 07:08:30] "POST /v1/chat/completions HTTP/1.1" 200 -
2026-10-03 07:08:30,349 - INFO - Prompt Cache: 0 sequences, 0.00 GB
2026-10-03 07:08:30,349 - INFO - - assistant: 0 sequences, 0.00 GB
2026-10-03 07:08:30,349 - INFO - - user: 0 sequences, 0.00 GB
2026-10-03 07:08:30,349 - INFO - - system: 0 sequences, 0.00 GB
127.0.0.1 - - [03/Oct/2026 07:08:30] "POST /v1/chat/completions HTTP/1.1" 200 -
2026-10-03 07:08:30,604 - INFO - Prompt processing progress: 19/8220
2026-10-03 07:08:30,604 - INFO - Prompt processing progress: 19/8220
2026-10-03 07:08:30,604 - INFO - Prompt processing progress: 19/8220
2026-10-03 07:08:30,604 - INFO - Prompt processing progress: 19/8220
2026-10-03 07:08:34,498 - INFO - Prompt processing progress: 2067/8220
2026-10-03 07:08:34,498 - INFO - Prompt processing progress: 2067/8220
2026-10-03 07:08:34,498 - INFO - Prompt processing progress: 2067/8220
2026-10-03 07:08:34,498 - INFO - Prompt processing progress: 2067/8220
2026-10-03 07:08:38,663 - INFO - Prompt processing progress: 4115/8220
2026-10-03 07:08:38,663 - INFO - Prompt processing progress: 4115/8220
2026-10-03 07:08:38,663 - INFO - Prompt processing progress: 4115/8220
2026-10-03 07:08:38,663 - INFO - Prompt processing progress: 4115/8220
2026-10-03 07:08:43,023 - INFO - Prompt processing progress: 6163/8220
2026-10-03 07:08:43,023 - INFO - Prompt processing progress: 6163/8220
2026-10-03 07:08:43,023 - INFO - Prompt processing progress: 6163/8220
2026-10-03 07:08:43,024 - INFO - Prompt processing progress: 6163/8220
2026-10-03 07:08:47,586 - INFO - Prompt processing progress: 8211/8220
2026-10-03 07:08:47,586 - INFO - Prompt processing progress: 8211/8220
2026-10-03 07:08:47,586 - INFO - Prompt processing progress: 8211/8220
2026-10-03 07:08:47,586 - INFO - Prompt processing progress: 8211/8220
2026-10-03 07:08:47,751 - INFO - Prompt processing progress: 8218/8220
2026-10-03 07:08:47,751 - INFO - Prompt processing progress: 8218/8220
2026-10-03 07:08:47,751 - INFO - Prompt processing progress: 8218/8220
2026-10-03 07:08:47,751 - INFO - Prompt processing progress: 8218/8220
2026-10-03 07:08:47,801 - INFO - Prompt processing progress: 8219/8220
2026-10-03 07:08:47,802 - INFO - Prompt processing progress: 8219/8220
2026-10-03 07:08:47,802 - INFO - Prompt processing progress: 8219/8220
2026-10-03 07:08:47,802 - INFO - Prompt processing progress: 8219/8220
2026-10-03 07:08:47,862 - INFO - Prompt processing progress: 8220/8220
2026-10-03 07:08:47,862 - INFO - Prompt processing progress: 8220/8220
2026-10-03 07:08:47,862 - INFO - Prompt processing progress: 8220/8220
2026-10-03 07:08:47,862 - INFO - Prompt processing progress: 8220/8220
2026-10-03 07:08:55,700 - INFO - Prompt Cache: 0 sequences, 0.00 GB
2026-10-03 07:08:55,700 - INFO - - assistant: 0 sequences, 0.00 GB
2026-10-03 07:08:55,700 - INFO - - user: 0 sequences, 0.00 GB
2026-10-03 07:08:55,700 - INFO - - system: 0 sequences, 0.00 GB
127.0.0.1 - - [03/Oct/2026 07:08:55] "POST /v1/chat/completions HTTP/1.1" 200 -
2026-10-03 07:08:55,748 - INFO - Prompt Cache: 0 sequences, 0.00 GB
2026-10-03 07:08:55,748 - INFO - - assistant: 0 sequences, 0.00 GB
2026-10-03 07:08:55,748 - INFO - - user: 0 sequences, 0.00 GB
2026-10-03 07:08:55,748 - INFO - - system: 0 sequences, 0.00 GB
127.0.0.1 - - [03/Oct/2026 07:08:55] "POST /v1/chat/completions HTTP/1.1" 200 -
2026-10-03 07:08:55,795 - INFO - Prompt Cache: 0 sequences, 0.00 GB
2026-10-03 07:08:55,795 - INFO - - assistant: 0 sequences, 0.00 GB
2026-10-03 07:08:55,795 - INFO - - user: 0 sequences, 0.00 GB
2026-10-03 07:08:55,795 - INFO - - system: 0 sequences, 0.00 GB
127.0.0.1 - - [03/Oct/2026 07:08:55] "POST /v1/chat/completions HTTP/1.1" 200 -
2026-10-03 07:08:55,842 - INFO - Prompt Cache: 0 sequences, 0.00 GB
2026-10-03 07:08:55,842 - INFO - - assistant: 0 sequences, 0.00 GB
2026-10-03 07:08:55,842 - INFO - - user: 0 sequences, 0.00 GB
2026-10-03 07:08:55,842 - INFO - - system: 0 sequences, 0.00 GB
127.0.0.1 - - [03/Oct/2026 07:08:55] "POST /v1/chat/completions HTTP/1.1" 200 -
2026-10-03 07:08:56,092 - INFO - Prompt processing progress: 19/8220
2026-10-03 07:08:56,092 - INFO - Prompt processing progress: 19/8220
2026-10-03 07:08:56,092 - INFO - Prompt processing progress: 19/8220
2026-10-03 07:08:56,092 - INFO - Prompt processing progress: 19/8220
2026-10-03 07:08:59,970 - INFO - Prompt processing progress: 2067/8220
2026-10-03 07:08:59,970 - INFO - Prompt processing progress: 2067/8220
2026-10-03 07:08:59,970 - INFO - Prompt processing progress: 2067/8220
2026-10-03 07:08:59,970 - INFO - Prompt processing progress: 2067/8220
2026-10-03 07:09:04,136 - INFO - Prompt processing progress: 4115/8220
2026-10-03 07:09:04,136 - INFO - Prompt processing progress: 4115/8220
2026-10-03 07:09:04,136 - INFO - Prompt processing progress: 4115/8220
2026-10-03 07:09:04,136 - INFO - Prompt processing progress: 4115/8220
2026-10-03 07:09:08,508 - INFO - Prompt processing progress: 6163/8220
2026-10-03 07:09:08,508 - INFO - Prompt processing progress: 6163/8220
2026-10-03 07:09:08,508 - INFO - Prompt processing progress: 6163/8220
2026-10-03 07:09:08,508 - INFO - Prompt processing progress: 6163/8220
2026-10-03 07:09:13,071 - INFO - Prompt processing progress: 8211/8220
2026-10-03 07:09:13,071 - INFO - Prompt processing progress: 8211/8220
2026-10-03 07:09:13,071 - INFO - Prompt processing progress: 8211/8220
2026-10-03 07:09:13,071 - INFO - Prompt processing progress: 8211/8220
2026-10-03 07:09:13,235 - INFO - Prompt processing progress: 8218/8220
2026-10-03 07:09:13,235 - INFO - Prompt processing progress: 8218/8220
2026-10-03 07:09:13,235 - INFO - Prompt processing progress: 8218/8220
2026-10-03 07:09:13,235 - INFO - Prompt processing progress: 8218/8220
2026-10-03 07:09:13,285 - INFO - Prompt processing progress: 8219/8220
2026-10-03 07:09:13,285 - INFO - Prompt processing progress: 8219/8220
2026-10-03 07:09:13,285 - INFO - Prompt processing progress: 8219/8220
2026-10-03 07:09:13,285 - INFO - Prompt processing progress: 8219/8220
2026-10-03 07:09:13,346 - INFO - Prompt processing progress: 8220/8220
2026-10-03 07:09:13,346 - INFO - Prompt processing progress: 8220/8220
2026-10-03 07:09:13,346 - INFO - Prompt processing progress: 8220/8220
2026-10-03 07:09:13,346 - INFO - Prompt processing progress: 8220/8220
2026-10-03 07:09:21,088 - INFO - Prompt Cache: 0 sequences, 0.00 GB
2026-10-03 07:09:21,088 - INFO - - assistant: 0 sequences, 0.00 GB
2026-10-03 07:09:21,088 - INFO - - user: 0 sequences, 0.00 GB
2026-10-03 07:09:21,088 - INFO - - system: 0 sequences, 0.00 GB
127.0.0.1 - - [03/Oct/2026 07:09:21] "POST /v1/chat/completions HTTP/1.1" 200 -
2026-10-03 07:09:21,136 - INFO - Prompt Cache: 0 sequences, 0.00 GB
2026-10-03 07:09:21,136 - INFO - - assistant: 0 sequences, 0.00 GB
2026-10-03 07:09:21,136 - INFO - - user: 0 sequences, 0.00 GB
2026-10-03 07:09:21,136 - INFO - - system: 0 sequences, 0.00 GB
127.0.0.1 - - [03/Oct/2026 07:09:21] "POST /v1/chat/completions HTTP/1.1" 200 -
2026-10-03 07:09:21,183 - INFO - Prompt Cache: 0 sequences, 0.00 GB
2026-10-03 07:09:21,183 - INFO - - assistant: 0 sequences, 0.00 GB
2026-10-03 07:09:21,183 - INFO - - user: 0 sequences, 0.00 GB
2026-10-03 07:09:21,183 - INFO - - system: 0 sequences, 0.00 GB
127.0.0.1 - - [03/Oct/2026 07:09:21] "POST /v1/chat/completions HTTP/1.1" 200 -
2026-10-03 07:09:21,230 - INFO - Prompt Cache: 0 sequences, 0.00 GB
2026-10-03 07:09:21,230 - INFO - - assistant: 0 sequences, 0.00 GB
2026-10-03 07:09:21,230 - INFO - - user: 0 sequences, 0.00 GB
2026-10-03 07:09:21,230 - INFO - - system: 0 sequences, 0.00 GB
127.0.0.1 - - [03/Oct/2026 07:09:21] "POST /v1/chat/completions HTTP/1.1" 200 -
2026-10-03 07:09:21,483 - INFO - Prompt processing progress: 19/8220
2026-10-03 07:09:21,483 - INFO - Prompt processing progress: 19/8220
2026-10-03 07:09:21,483 - INFO - Prompt processing progress: 19/8220
2026-10-03 07:09:21,483 - INFO - Prompt processing progress: 19/8220
2026-10-03 07:09:25,369 - INFO - Prompt processing progress: 2067/8220
2026-10-03 07:09:25,369 - INFO - Prompt processing progress: 2067/8220
2026-10-03 07:09:25,369 - INFO - Prompt processing progress: 2067/8220
2026-10-03 07:09:25,369 - INFO - Prompt processing progress: 2067/8220
2026-10-03 07:09:29,537 - INFO - Prompt processing progress: 4115/8220
2026-10-03 07:09:29,537 - INFO - Prompt processing progress: 4115/8220
2026-10-03 07:09:29,537 - INFO - Prompt processing progress: 4115/8220
2026-10-03 07:09:29,538 - INFO - Prompt processing progress: 4115/8220
2026-10-03 07:09:33,900 - INFO - Prompt processing progress: 6163/8220
2026-10-03 07:09:33,900 - INFO - Prompt processing progress: 6163/8220
2026-10-03 07:09:33,900 - INFO - Prompt processing progress: 6163/8220
2026-10-03 07:09:33,900 - INFO - Prompt processing progress: 6163/8220
2026-10-03 07:09:38,458 - INFO - Prompt processing progress: 8211/8220
2026-10-03 07:09:38,458 - INFO - Prompt processing progress: 8211/8220
2026-10-03 07:09:38,458 - INFO - Prompt processing progress: 8211/8220
2026-10-03 07:09:38,458 - INFO - Prompt processing progress: 8211/8220
2026-10-03 07:09:38,623 - INFO - Prompt processing progress: 8218/8220
2026-10-03 07:09:38,623 - INFO - Prompt processing progress: 8218/8220
2026-10-03 07:09:38,623 - INFO - Prompt processing progress: 8218/8220
2026-10-03 07:09:38,623 - INFO - Prompt processing progress: 8218/8220
2026-10-03 07:09:38,672 - INFO - Prompt processing progress: 8219/8220
2026-10-03 07:09:38,672 - INFO - Prompt processing progress: 8219/8220
2026-10-03 07:09:38,672 - INFO - Prompt processing progress: 8219/8220
2026-10-03 07:09:38,672 - INFO - Prompt processing progress: 8219/8220
2026-10-03 07:09:38,732 - INFO - Prompt processing progress: 8220/8220
2026-10-03 07:09:38,732 - INFO - Prompt processing progress: 8220/8220
2026-10-03 07:09:38,732 - INFO - Prompt processing progress: 8220/8220
2026-10-03 07:09:38,732 - INFO - Prompt processing progress: 8220/8220
2026-10-03 07:09:46,490 - INFO - Prompt Cache: 0 sequences, 0.00 GB
2026-10-03 07:09:46,490 - INFO - - assistant: 0 sequences, 0.00 GB
2026-10-03 07:09:46,490 - INFO - - user: 0 sequences, 0.00 GB
2026-10-03 07:09:46,490 - INFO - - system: 0 sequences, 0.00 GB
127.0.0.1 - - [03/Oct/2026 07:09:46] "POST /v1/chat/completions HTTP/1.1" 200 -
2026-10-03 07:09:46,539 - INFO - Prompt Cache: 0 sequences, 0.00 GB
2026-10-03 07:09:46,539 - INFO - - assistant: 0 sequences, 0.00 GB
2026-10-03 07:09:46,539 - INFO - - user: 0 sequences, 0.00 GB
2026-10-03 07:09:46,539 - INFO - - system: 0 sequences, 0.00 GB
127.0.0.1 - - [03/Oct/2026 07:09:46] "POST /v1/chat/completions HTTP/1.1" 200 -
2026-10-03 07:09:46,586 - INFO - Prompt Cache: 0 sequences, 0.00 GB
2026-10-03 07:09:46,586 - INFO - - assistant: 0 sequences, 0.00 GB
2026-10-03 07:09:46,586 - INFO - - user: 0 sequences, 0.00 GB
2026-10-03 07:09:46,586 - INFO - - system: 0 sequences, 0.00 GB
127.0.0.1 - - [03/Oct/2026 07:09:46] "POST /v1/chat/completions HTTP/1.1" 200 -
2026-10-03 07:09:46,632 - INFO - Prompt Cache: 0 sequences, 0.00 GB
2026-10-03 07:09:46,633 - INFO - - assistant: 0 sequences, 0.00 GB
2026-10-03 07:09:46,633 - INFO - - user: 0 sequences, 0.00 GB
2026-10-03 07:09:46,633 - INFO - - system: 0 sequences, 0.00 GB
127.0.0.1 - - [03/Oct/2026 07:09:46] "POST /v1/chat/completions HTTP/1.1" 200 -
2026-10-03 07:09:46,888 - INFO - Prompt processing progress: 19/8220
2026-10-03 07:09:46,888 - INFO - Prompt processing progress: 19/8220
2026-10-03 07:09:46,888 - INFO - Prompt processing progress: 19/8220
2026-10-03 07:09:46,888 - INFO - Prompt processing progress: 19/8220
2026-10-03 07:09:50,764 - INFO - Prompt processing progress: 2067/8220
2026-10-03 07:09:50,764 - INFO - Prompt processing progress: 2067/8220
2026-10-03 07:09:50,764 - INFO - Prompt processing progress: 2067/8220
2026-10-03 07:09:50,764 - INFO - Prompt processing progress: 2067/8220
2026-10-03 07:09:54,937 - INFO - Prompt processing progress: 4115/8220
2026-10-03 07:09:54,937 - INFO - Prompt processing progress: 4115/8220
2026-10-03 07:09:54,937 - INFO - Prompt processing progress: 4115/8220
2026-10-03 07:09:54,937 - INFO - Prompt processing progress: 4115/8220
2026-10-03 07:09:59,308 - INFO - Prompt processing progress: 6163/8220
2026-10-03 07:09:59,308 - INFO - Prompt processing progress: 6163/8220
2026-10-03 07:09:59,308 - INFO - Prompt processing progress: 6163/8220
2026-10-03 07:09:59,308 - INFO - Prompt processing progress: 6163/8220
2026-10-03 07:10:03,872 - INFO - Prompt processing progress: 8211/8220
2026-10-03 07:10:03,872 - INFO - Prompt processing progress: 8211/8220
2026-10-03 07:10:03,872 - INFO - Prompt processing progress: 8211/8220
2026-10-03 07:10:03,872 - INFO - Prompt processing progress: 8211/8220
2026-10-03 07:10:04,038 - INFO - Prompt processing progress: 8218/8220
2026-10-03 07:10:04,038 - INFO - Prompt processing progress: 8218/8220
2026-10-03 07:10:04,038 - INFO - Prompt processing progress: 8218/8220
2026-10-03 07:10:04,038 - INFO - Prompt processing progress: 8218/8220
2026-10-03 07:10:04,088 - INFO - Prompt processing progress: 8219/8220
2026-10-03 07:10:04,088 - INFO - Prompt processing progress: 8219/8220
2026-10-03 07:10:04,088 - INFO - Prompt processing progress: 8219/8220
2026-10-03 07:10:04,088 - INFO - Prompt processing progress: 8219/8220
2026-10-03 07:10:04,147 - INFO - Prompt processing progress: 8220/8220
2026-10-03 07:10:04,147 - INFO - Prompt processing progress: 8220/8220
2026-10-03 07:10:04,148 - INFO - Prompt processing progress: 8220/8220
2026-10-03 07:10:04,148 - INFO - Prompt processing progress: 8220/8220
2026-10-03 07:10:11,879 - INFO - Prompt Cache: 0 sequences, 0.00 GB
2026-10-03 07:10:11,879 - INFO - - assistant: 0 sequences, 0.00 GB
2026-10-03 07:10:11,879 - INFO - - user: 0 sequences, 0.00 GB
2026-10-03 07:10:11,879 - INFO - - system: 0 sequences, 0.00 GB
127.0.0.1 - - [03/Oct/2026 07:10:11] "POST /v1/chat/completions HTTP/1.1" 200 -
2026-10-03 07:10:11,928 - INFO - Prompt Cache: 0 sequences, 0.00 GB
2026-10-03 07:10:11,928 - INFO - - assistant: 0 sequences, 0.00 GB
2026-10-03 07:10:11,928 - INFO - - user: 0 sequences, 0.00 GB
2026-10-03 07:10:11,928 - INFO - - system: 0 sequences, 0.00 GB
127.0.0.1 - - [03/Oct/2026 07:10:11] "POST /v1/chat/completions HTTP/1.1" 200 -
2026-10-03 07:10:11,974 - INFO - Prompt Cache: 0 sequences, 0.00 GB
2026-10-03 07:10:11,974 - INFO - - assistant: 0 sequences, 0.00 GB
2026-10-03 07:10:11,974 - INFO - - user: 0 sequences, 0.00 GB
2026-10-03 07:10:11,974 - INFO - - system: 0 sequences, 0.00 GB
127.0.0.1 - - [03/Oct/2026 07:10:11] "POST /v1/chat/completions HTTP/1.1" 200 -
2026-10-03 07:10:12,021 - INFO - Prompt Cache: 0 sequences, 0.00 GB
2026-10-03 07:10:12,021 - INFO - - assistant: 0 sequences, 0.00 GB
2026-10-03 07:10:12,021 - INFO - - user: 0 sequences, 0.00 GB
2026-10-03 07:10:12,021 - INFO - - system: 0 sequences, 0.00 GB
127.0.0.1 - - [03/Oct/2026 07:10:12] "POST /v1/chat/completions HTTP/1.1" 200 -
2026-10-03 07:10:12,276 - INFO - Prompt processing progress: 19/8220
2026-10-03 07:10:12,276 - INFO - Prompt processing progress: 19/8220
2026-10-03 07:10:12,276 - INFO - Prompt processing progress: 19/8220
2026-10-03 07:10:12,276 - INFO - Prompt processing progress: 19/8220
2026-10-03 07:10:16,155 - INFO - Prompt processing progress: 2067/8220
2026-10-03 07:10:16,155 - INFO - Prompt processing progress: 2067/8220
2026-10-03 07:10:16,155 - INFO - Prompt processing progress: 2067/8220
2026-10-03 07:10:16,155 - INFO - Prompt processing progress: 2067/8220
2026-10-03 07:10:20,317 - INFO - Prompt processing progress: 4115/8220
2026-10-03 07:10:20,317 - INFO - Prompt processing progress: 4115/8220
2026-10-03 07:10:20,317 - INFO - Prompt processing progress: 4115/8220
2026-10-03 07:10:20,317 - INFO - Prompt processing progress: 4115/8220
2026-10-03 07:10:24,677 - INFO - Prompt processing progress: 6163/8220
2026-10-03 07:10:24,677 - INFO - Prompt processing progress: 6163/8220
2026-10-03 07:10:24,677 - INFO - Prompt processing progress: 6163/8220
2026-10-03 07:10:24,677 - INFO - Prompt processing progress: 6163/8220
2026-10-03 07:10:29,234 - INFO - Prompt processing progress: 8211/8220
2026-10-03 07:10:29,234 - INFO - Prompt processing progress: 8211/8220
2026-10-03 07:10:29,234 - INFO - Prompt processing progress: 8211/8220
2026-10-03 07:10:29,234 - INFO - Prompt processing progress: 8211/8220
2026-10-03 07:10:29,399 - INFO - Prompt processing progress: 8218/8220
2026-10-03 07:10:29,399 - INFO - Prompt processing progress: 8218/8220
2026-10-03 07:10:29,399 - INFO - Prompt processing progress: 8218/8220
2026-10-03 07:10:29,399 - INFO - Prompt processing progress: 8218/8220
2026-10-03 07:10:29,449 - INFO - Prompt processing progress: 8219/8220
2026-10-03 07:10:29,449 - INFO - Prompt processing progress: 8219/8220
2026-10-03 07:10:29,449 - INFO - Prompt processing progress: 8219/8220
2026-10-03 07:10:29,449 - INFO - Prompt processing progress: 8219/8220
2026-10-03 07:10:29,508 - INFO - Prompt processing progress: 8220/8220
2026-10-03 07:10:29,508 - INFO - Prompt processing progress: 8220/8220
2026-10-03 07:10:29,508 - INFO - Prompt processing progress: 8220/8220
2026-10-03 07:10:29,508 - INFO - Prompt processing progress: 8220/8220
2026-10-03 07:10:37,324 - INFO - Prompt Cache: 0 sequences, 0.00 GB
2026-10-03 07:10:37,325 - INFO - - assistant: 0 sequences, 0.00 GB
2026-10-03 07:10:37,325 - INFO - - user: 0 sequences, 0.00 GB
2026-10-03 07:10:37,325 - INFO - - system: 0 sequences, 0.00 GB
127.0.0.1 - - [03/Oct/2026 07:10:37] "POST /v1/chat/completions HTTP/1.1" 200 -
2026-10-03 07:10:37,372 - INFO - Prompt Cache: 0 sequences, 0.00 GB
2026-10-03 07:10:37,372 - INFO - - assistant: 0 sequences, 0.00 GB
2026-10-03 07:10:37,372 - INFO - - user: 0 sequences, 0.00 GB
2026-10-03 07:10:37,372 - INFO - - system: 0 sequences, 0.00 GB
127.0.0.1 - - [03/Oct/2026 07:10:37] "POST /v1/chat/completions HTTP/1.1" 200 -
2026-10-03 07:10:37,419 - INFO - Prompt Cache: 0 sequences, 0.00 GB
2026-10-03 07:10:37,419 - INFO - - assistant: 0 sequences, 0.00 GB
2026-10-03 07:10:37,419 - INFO - - user: 0 sequences, 0.00 GB
2026-10-03 07:10:37,419 - INFO - - system: 0 sequences, 0.00 GB
127.0.0.1 - - [03/Oct/2026 07:10:37] "POST /v1/chat/completions HTTP/1.1" 200 -
2026-10-03 07:10:37,465 - INFO - Prompt Cache: 0 sequences, 0.00 GB
2026-10-03 07:10:37,465 - INFO - - assistant: 0 sequences, 0.00 GB
2026-10-03 07:10:37,465 - INFO - - user: 0 sequences, 0.00 GB
2026-10-03 07:10:37,465 - INFO - - system: 0 sequences, 0.00 GB
127.0.0.1 - - [03/Oct/2026 07:10:37] "POST /v1/chat/completions HTTP/1.1" 200 -
2026-10-03 07:10:37,716 - INFO - Prompt processing progress: 19/8220
2026-10-03 07:10:37,716 - INFO - Prompt processing progress: 19/8220
2026-10-03 07:10:37,716 - INFO - Prompt processing progress: 19/8220
2026-10-03 07:10:37,716 - INFO - Prompt processing progress: 19/8220
2026-10-03 07:10:41,600 - INFO - Prompt processing progress: 2067/8220
2026-10-03 07:10:41,600 - INFO - Prompt processing progress: 2067/8220
2026-10-03 07:10:41,600 - INFO - Prompt processing progress: 2067/8220
2026-10-03 07:10:41,600 - INFO - Prompt processing progress: 2067/8220
2026-10-03 07:10:45,769 - INFO - Prompt processing progress: 4115/8220
2026-10-03 07:10:45,769 - INFO - Prompt processing progress: 4115/8220
2026-10-03 07:10:45,769 - INFO - Prompt processing progress: 4115/8220
2026-10-03 07:10:45,769 - INFO - Prompt processing progress: 4115/8220
2026-10-03 07:10:50,125 - INFO - Prompt processing progress: 6163/8220
2026-10-03 07:10:50,125 - INFO - Prompt processing progress: 6163/8220
2026-10-03 07:10:50,125 - INFO - Prompt processing progress: 6163/8220
2026-10-03 07:10:50,125 - INFO - Prompt processing progress: 6163/8220
2026-10-03 07:10:54,683 - INFO - Prompt processing progress: 8211/8220
2026-10-03 07:10:54,683 - INFO - Prompt processing progress: 8211/8220
2026-10-03 07:10:54,683 - INFO - Prompt processing progress: 8211/8220
2026-10-03 07:10:54,683 - INFO - Prompt processing progress: 8211/8220
2026-10-03 07:10:54,848 - INFO - Prompt processing progress: 8218/8220
2026-10-03 07:10:54,848 - INFO - Prompt processing progress: 8218/8220
2026-10-03 07:10:54,848 - INFO - Prompt processing progress: 8218/8220
2026-10-03 07:10:54,848 - INFO - Prompt processing progress: 8218/8220
2026-10-03 07:10:54,898 - INFO - Prompt processing progress: 8219/8220
2026-10-03 07:10:54,898 - INFO - Prompt processing progress: 8219/8220
2026-10-03 07:10:54,898 - INFO - Prompt processing progress: 8219/8220
2026-10-03 07:10:54,898 - INFO - Prompt processing progress: 8219/8220
2026-10-03 07:10:54,958 - INFO - Prompt processing progress: 8220/8220
2026-10-03 07:10:54,958 - INFO - Prompt processing progress: 8220/8220
2026-10-03 07:10:54,958 - INFO - Prompt processing progress: 8220/8220
2026-10-03 07:10:54,958 - INFO - Prompt processing progress: 8220/8220
