ds4: Metal device Apple M5 Ultra, 256.00 GiB RAM
ds4: Metal 4 tensor API enabled for Tensor kernels
ds4: drift-patch flags hc_stable=on norm_unify=on kv_raw_f32=off rope_exp2_log2=off math_safe=off tensor_matmul=on
ds4: Metal model views created in 4.890 ms, residency requested in 773.352 ms, warmup 5.267 ms (mapped 157001.67 MiB from offset 5.09 MiB)
ds4: Metal mapped mmaped model as 1 overlapping shared buffers
ds4: metal backend initialized for graph diagnostics
ds4: memory: KV 2.20 GiB (raw 0.19 + compressed 2.01) + buffers 1.00 GiB + resident model 153.32 GiB = 156.52 GiB planned
ds4: memory detail: ctx=262144 prefill_cap=2048 raw_kv_rows=2304 compressed_kv_rows=65538 backend=metal
1002 01:29:17 ds4-server: context buffers 3274.64 MiB (ctx=262144, backend=metal, prefill_chunk=2048, raw_kv_rows=2304, compressed_kv_rows=65538)
1002 01:29:17 ds4-server: listening on http://127.0.0.1:18185
1002 01:29:17 ds4-server: chat ctx=0..200001:200001 prompt start
1002 01:29:17 ds4-server: chat ctx=0..200001:200001 prefill chunk 0/200001 (0.0%) chunk=0.00 t/s avg=0.00 t/s 0.000s
1002 01:29:19 ds4-server: chat ctx=0..200001:200001 prefill chunk 2048/200001 (1.0%) chunk=997.10 t/s avg=997.02 t/s 2.054s
1002 01:29:22 ds4-server: chat ctx=0..200001:200001 prefill chunk 4096/200001 (2.0%) chunk=955.31 t/s avg=975.72 t/s 4.198s
1002 01:29:24 ds4-server: chat ctx=0..200001:200001 prefill chunk 6144/200001 (3.1%) chunk=952.43 t/s avg=967.83 t/s 6.348s
1002 01:29:26 ds4-server: chat ctx=0..200001:200001 prefill chunk 8192/200001 (4.1%) chunk=948.57 t/s avg=962.94 t/s 8.507s
1002 01:29:28 ds4-server: chat ctx=0..200001:200001 prefill chunk 10240/200001 (5.1%) chunk=931.17 t/s avg=956.42 t/s 10.707s
1002 01:29:30 ds4-server: chat ctx=0..200001:200001 prefill chunk 12288/200001 (6.1%) chunk=927.17 t/s avg=951.41 t/s 12.916s
1002 01:29:33 ds4-server: chat ctx=0..200001:200001 prefill chunk 14336/200001 (7.2%) chunk=915.64 t/s avg=946.13 t/s 15.152s
1002 01:29:35 ds4-server: chat ctx=0..200001:200001 prefill chunk 16384/200001 (8.2%) chunk=904.40 t/s avg=940.71 t/s 17.417s
1002 01:29:37 ds4-server: chat ctx=0..200001:200001 prefill chunk 18432/200001 (9.2%) chunk=891.78 t/s avg=935.01 t/s 19.713s
1002 01:29:39 ds4-server: chat ctx=0..200001:200001 prefill chunk 20480/200001 (10.2%) chunk=884.98 t/s avg=929.75 t/s 22.027s
1002 01:29:42 ds4-server: chat ctx=0..200001:200001 prefill chunk 22528/200001 (11.3%) chunk=877.68 t/s avg=924.76 t/s 24.361s
1002 01:29:44 ds4-server: chat ctx=0..200001:200001 prefill chunk 24576/200001 (12.3%) chunk=874.72 t/s avg=920.37 t/s 26.702s
1002 01:29:46 ds4-server: chat ctx=0..200001:200001 prefill chunk 26624/200001 (13.3%) chunk=868.45 t/s avg=916.16 t/s 29.060s
1002 01:29:49 ds4-server: chat ctx=0..200001:200001 prefill chunk 28672/200001 (14.3%) chunk=861.31 t/s avg=912.01 t/s 31.438s
1002 01:29:51 ds4-server: chat ctx=0..200001:200001 prefill chunk 30720/200001 (15.4%) chunk=846.18 t/s avg=907.31 t/s 33.858s
1002 01:29:54 ds4-server: chat ctx=0..200001:200001 prefill chunk 32768/200001 (16.4%) chunk=847.52 t/s avg=903.32 t/s 36.275s
1002 01:29:56 ds4-server: chat ctx=0..200001:200001 prefill chunk 34816/200001 (17.4%) chunk=827.60 t/s avg=898.49 t/s 38.750s
1002 01:29:59 ds4-server: chat ctx=0..200001:200001 prefill chunk 36864/200001 (18.4%) chunk=827.14 t/s avg=894.20 t/s 41.226s
1002 01:30:01 ds4-server: chat ctx=0..200001:200001 prefill chunk 38912/200001 (19.5%) chunk=814.23 t/s avg=889.60 t/s 43.741s
1002 01:30:04 ds4-server: chat ctx=0..200001:200001 prefill chunk 40960/200001 (20.5%) chunk=815.92 t/s avg=885.60 t/s 46.251s
1002 01:30:06 ds4-server: chat ctx=0..200001:200001 prefill chunk 43008/200001 (21.5%) chunk=801.89 t/s avg=881.22 t/s 48.805s
1002 01:30:09 ds4-server: chat ctx=0..200001:200001 prefill chunk 45056/200001 (22.5%) chunk=797.70 t/s avg=877.05 t/s 51.372s
1002 01:30:11 ds4-server: chat ctx=0..200001:200001 prefill chunk 47104/200001 (23.6%) chunk=789.39 t/s avg=872.84 t/s 53.967s
1002 01:30:14 ds4-server: chat ctx=0..200001:200001 prefill chunk 49152/200001 (24.6%) chunk=794.25 t/s avg=869.25 t/s 56.545s
1002 01:30:17 ds4-server: chat ctx=0..200001:200001 prefill chunk 51200/200001 (25.6%) chunk=786.64 t/s avg=865.62 t/s 59.149s
1002 01:30:19 ds4-server: chat ctx=0..200001:200001 prefill chunk 53248/200001 (26.6%) chunk=781.52 t/s avg=862.05 t/s 61.769s
1002 01:30:22 ds4-server: chat ctx=0..200001:200001 prefill chunk 55296/200001 (27.6%) chunk=778.64 t/s avg=858.64 t/s 64.399s
1002 01:30:24 ds4-server: chat ctx=0..200001:200001 prefill chunk 57344/200001 (28.7%) chunk=774.03 t/s avg=855.30 t/s 67.045s
1002 01:30:27 ds4-server: chat ctx=0..200001:200001 prefill chunk 59392/200001 (29.7%) chunk=760.90 t/s avg=851.66 t/s 69.737s
1002 01:30:30 ds4-server: chat ctx=0..200001:200001 prefill chunk 61440/200001 (30.7%) chunk=757.88 t/s avg=848.16 t/s 72.439s
1002 01:30:33 ds4-server: chat ctx=0..200001:200001 prefill chunk 63488/200001 (31.7%) chunk=752.72 t/s avg=844.71 t/s 75.160s
1002 01:30:35 ds4-server: chat ctx=0..200001:200001 prefill chunk 65536/200001 (32.8%) chunk=750.42 t/s avg=841.40 t/s 77.889s
1002 01:30:38 ds4-server: chat ctx=0..200001:200001 prefill chunk 67584/200001 (33.8%) chunk=737.08 t/s avg=837.81 t/s 80.668s
1002 01:30:41 ds4-server: chat ctx=0..200001:200001 prefill chunk 69632/200001 (34.8%) chunk=734.39 t/s avg=834.35 t/s 83.456s
1002 01:30:44 ds4-server: chat ctx=0..200001:200001 prefill chunk 71680/200001 (35.8%) chunk=728.51 t/s avg=830.90 t/s 86.268s
1002 01:30:47 ds4-server: chat ctx=0..200001:200001 prefill chunk 73728/200001 (36.9%) chunk=725.95 t/s avg=827.58 t/s 89.089s
1002 01:30:49 ds4-server: chat ctx=0..200001:200001 prefill chunk 75776/200001 (37.9%) chunk=715.97 t/s avg=824.11 t/s 91.949s
1002 01:30:52 ds4-server: chat ctx=0..200001:200001 prefill chunk 77824/200001 (38.9%) chunk=712.91 t/s avg=820.74 t/s 94.822s
1002 01:30:55 ds4-server: chat ctx=0..200001:200001 prefill chunk 79872/200001 (39.9%) chunk=707.25 t/s avg=817.38 t/s 97.718s
1002 01:30:58 ds4-server: chat ctx=0..200001:200001 prefill chunk 81920/200001 (41.0%) chunk=705.25 t/s avg=814.14 t/s 100.622s
1002 01:31:01 ds4-server: chat ctx=0..200001:200001 prefill chunk 83968/200001 (42.0%) chunk=694.84 t/s avg=810.74 t/s 103.569s
1002 01:31:04 ds4-server: chat ctx=0..200001:200001 prefill chunk 86016/200001 (43.0%) chunk=692.23 t/s avg=807.45 t/s 106.527s
1002 01:31:07 ds4-server: chat ctx=0..200001:200001 prefill chunk 88064/200001 (44.0%) chunk=687.63 t/s avg=804.19 t/s 109.506s
1002 01:31:10 ds4-server: chat ctx=0..200001:200001 prefill chunk 90112/200001 (45.1%) chunk=685.54 t/s avg=801.04 t/s 112.493s
1002 01:31:13 ds4-server: chat ctx=0..200001:200001 prefill chunk 92160/200001 (46.1%) chunk=676.21 t/s avg=797.77 t/s 115.522s
1002 01:31:16 ds4-server: chat ctx=0..200001:200001 prefill chunk 94208/200001 (47.1%) chunk=674.66 t/s avg=794.62 t/s 118.557s
1002 01:31:19 ds4-server: chat ctx=0..200001:200001 prefill chunk 96256/200001 (48.1%) chunk=669.11 t/s avg=791.46 t/s 121.618s
1002 01:31:22 ds4-server: chat ctx=0..200001:200001 prefill chunk 98304/200001 (49.2%) chunk=667.61 t/s avg=788.41 t/s 124.686s
1002 01:31:25 ds4-server: chat ctx=0..200001:200001 prefill chunk 100352/200001 (50.2%) chunk=658.02 t/s avg=785.24 t/s 127.798s
1002 01:31:28 ds4-server: chat ctx=0..200001:200001 prefill chunk 102400/200001 (51.2%) chunk=656.47 t/s avg=782.17 t/s 130.918s
1002 01:31:31 ds4-server: chat ctx=0..200001:200001 prefill chunk 104448/200001 (52.2%) chunk=651.61 t/s avg=779.11 t/s 134.061s
1002 01:31:35 ds4-server: chat ctx=0..200001:200001 prefill chunk 106496/200001 (53.2%) chunk=649.97 t/s avg=776.14 t/s 137.212s
1002 01:31:38 ds4-server: chat ctx=0..200001:200001 prefill chunk 108544/200001 (54.3%) chunk=641.57 t/s avg=773.08 t/s 140.404s
1002 01:31:41 ds4-server: chat ctx=0..200001:200001 prefill chunk 110592/200001 (55.3%) chunk=639.74 t/s avg=770.11 t/s 143.605s
1002 01:31:44 ds4-server: chat ctx=0..200001:200001 prefill chunk 112640/200001 (56.3%) chunk=634.94 t/s avg=767.14 t/s 146.831s
1002 01:31:47 ds4-server: chat ctx=0..200001:200001 prefill chunk 114688/200001 (57.3%) chunk=633.01 t/s avg=764.25 t/s 150.066s
1002 01:31:51 ds4-server: chat ctx=0..200001:200001 prefill chunk 116736/200001 (58.4%) chunk=624.14 t/s avg=761.25 t/s 153.348s
1002 01:31:54 ds4-server: chat ctx=0..200001:200001 prefill chunk 118784/200001 (59.4%) chunk=623.88 t/s avg=758.37 t/s 156.630s
1002 01:31:57 ds4-server: chat ctx=0..200001:200001 prefill chunk 120832/200001 (60.4%) chunk=618.56 t/s avg=755.48 t/s 159.941s
1002 01:32:01 ds4-server: chat ctx=0..200001:200001 prefill chunk 122880/200001 (61.4%) chunk=617.98 t/s avg=752.69 t/s 163.255s
1002 01:32:04 ds4-server: chat ctx=0..200001:200001 prefill chunk 124928/200001 (62.5%) chunk=610.10 t/s avg=749.81 t/s 166.612s
1002 01:32:07 ds4-server: chat ctx=0..200001:200001 prefill chunk 126976/200001 (63.5%) chunk=608.15 t/s avg=747.01 t/s 169.980s
1002 01:32:11 ds4-server: chat ctx=0..200001:200001 prefill chunk 129024/200001 (64.5%) chunk=603.77 t/s avg=744.20 t/s 173.372s
1002 01:32:14 ds4-server: chat ctx=0..200001:200001 prefill chunk 131072/200001 (65.5%) chunk=602.68 t/s avg=741.48 t/s 176.770s
1002 01:32:18 ds4-server: chat ctx=0..200001:200001 prefill chunk 133120/200001 (66.6%) chunk=591.18 t/s avg=738.60 t/s 180.234s
1002 01:32:21 ds4-server: chat ctx=0..200001:200001 prefill chunk 135168/200001 (67.6%) chunk=590.00 t/s avg=735.79 t/s 183.705s
1002 01:32:25 ds4-server: chat ctx=0..200001:200001 prefill chunk 137216/200001 (68.6%) chunk=586.12 t/s avg=732.99 t/s 187.199s
1002 01:32:28 ds4-server: chat ctx=0..200001:200001 prefill chunk 139264/200001 (69.6%) chunk=581.45 t/s avg=730.20 t/s 190.722s
1002 01:32:32 ds4-server: chat ctx=0..200001:200001 prefill chunk 141312/200001 (70.7%) chunk=568.13 t/s avg=727.19 t/s 194.326s
1002 01:32:35 ds4-server: chat ctx=0..200001:200001 prefill chunk 143360/200001 (71.7%) chunk=571.21 t/s avg=724.36 t/s 197.912s
1002 01:32:39 ds4-server: chat ctx=0..200001:200001 prefill chunk 145408/200001 (72.7%) chunk=566.21 t/s avg=721.52 t/s 201.529s
1002 01:32:43 ds4-server: chat ctx=0..200001:200001 prefill chunk 147456/200001 (73.7%) chunk=564.62 t/s avg=718.75 t/s 205.156s
1002 01:32:46 ds4-server: chat ctx=0..200001:200001 prefill chunk 149504/200001 (74.8%) chunk=555.90 t/s avg=715.88 t/s 208.840s
1002 01:32:50 ds4-server: chat ctx=0..200001:200001 prefill chunk 151552/200001 (75.8%) chunk=554.71 t/s avg=713.08 t/s 212.532s
1002 01:32:54 ds4-server: chat ctx=0..200001:200001 prefill chunk 153600/200001 (76.8%) chunk=556.46 t/s avg=710.41 t/s 216.213s
1002 01:32:57 ds4-server: chat ctx=0..200001:200001 prefill chunk 155648/200001 (77.8%) chunk=551.45 t/s avg=707.73 t/s 219.927s
1002 01:33:01 ds4-server: chat ctx=0..200001:200001 prefill chunk 157696/200001 (78.8%) chunk=544.74 t/s avg=704.99 t/s 223.686s
1002 01:33:05 ds4-server: chat ctx=0..200001:200001 prefill chunk 159744/200001 (79.9%) chunk=544.37 t/s avg=702.33 t/s 227.448s
1002 01:33:09 ds4-server: chat ctx=0..200001:200001 prefill chunk 161792/200001 (80.9%) chunk=541.83 t/s avg=699.71 t/s 231.228s
1002 01:33:12 ds4-server: chat ctx=0..200001:200001 prefill chunk 163840/200001 (81.9%) chunk=540.39 t/s avg=697.14 t/s 235.018s
1002 01:33:16 ds4-server: chat ctx=0..200001:200001 prefill chunk 165888/200001 (82.9%) chunk=532.97 t/s avg=694.50 t/s 238.861s
1002 01:33:20 ds4-server: chat ctx=0..200001:200001 prefill chunk 167936/200001 (84.0%) chunk=532.63 t/s avg=691.93 t/s 242.706s
1002 01:33:24 ds4-server: chat ctx=0..200001:200001 prefill chunk 169984/200001 (85.0%) chunk=530.46 t/s avg=689.40 t/s 246.566s
1002 01:33:28 ds4-server: chat ctx=0..200001:200001 prefill chunk 172032/200001 (86.0%) chunk=526.07 t/s avg=686.87 t/s 250.459s
1002 01:33:32 ds4-server: chat ctx=0..200001:200001 prefill chunk 174080/200001 (87.0%) chunk=519.92 t/s avg=684.28 t/s 254.399s
1002 01:33:36 ds4-server: chat ctx=0..200001:200001 prefill chunk 176128/200001 (88.1%) chunk=520.38 t/s avg=681.78 t/s 258.334s
1002 01:33:40 ds4-server: chat ctx=0..200001:200001 prefill chunk 178176/200001 (89.1%) chunk=514.03 t/s avg=679.24 t/s 262.318s
1002 01:33:44 ds4-server: chat ctx=0..200001:200001 prefill chunk 180224/200001 (90.1%) chunk=516.11 t/s avg=676.80 t/s 266.286s
1002 01:33:48 ds4-server: chat ctx=0..200001:200001 prefill chunk 182272/200001 (91.1%) chunk=511.19 t/s avg=674.35 t/s 270.293s
1002 01:33:52 ds4-server: chat ctx=0..200001:200001 prefill chunk 184320/200001 (92.2%) chunk=510.25 t/s avg=671.95 t/s 274.307s
1002 01:33:56 ds4-server: chat ctx=0..200001:200001 prefill chunk 186368/200001 (93.2%) chunk=502.87 t/s avg=669.48 t/s 278.379s
1002 01:34:00 ds4-server: chat ctx=0..200001:200001 prefill chunk 188416/200001 (94.2%) chunk=504.44 t/s avg=667.10 t/s 282.439s
1002 01:34:04 ds4-server: chat ctx=0..200001:200001 prefill chunk 190464/200001 (95.2%) chunk=500.15 t/s avg=664.72 t/s 286.534s
1002 01:34:08 ds4-server: chat ctx=0..200001:200001 prefill chunk 192512/200001 (96.3%) chunk=496.24 t/s avg=662.33 t/s 290.661s
1002 01:34:12 ds4-server: chat ctx=0..200001:200001 prefill chunk 194560/200001 (97.3%) chunk=495.86 t/s avg=659.99 t/s 294.791s
1002 01:34:16 ds4-server: chat ctx=0..200001:200001 prefill chunk 196608/200001 (98.3%) chunk=497.20 t/s avg=657.75 t/s 298.910s
1002 01:34:21 ds4-server: chat ctx=0..200001:200001 prefill chunk 198656/200001 (99.3%) chunk=488.95 t/s avg=655.42 t/s 303.099s
1002 01:34:24 ds4-server: chat ctx=0..200001:200001 prefill chunk 200001/200001 (100.0%) chunk=340.25 t/s avg=651.36 t/s 307.052s
1002 01:34:24 ds4-server: chat ctx=0..200001:200001 prompt done 307.052s
1002 01:34:25 ds4-server: chat ctx=200001..200019:18 gen=18 decoding chunk=36.16 t/s avg=36.16 t/s 0.498s
1002 01:34:25 ds4-server: chat ctx=0..200001:200001 gen=18 finish=stop 307.550s
1002 01:34:25 ds4-server: chat ctx=200019..203949:3930 prompt start
1002 01:34:25 ds4-server: chat ctx=200019..203949:3930 prefill chunk 0/3930 (0.0%) chunk=0.00 t/s avg=0.00 t/s 0.000s
1002 01:34:27 ds4-server: chat ctx=200019..203949:3930 prefill chunk 685/3930 (17.4%) chunk=295.76 t/s avg=295.73 t/s 2.316s
1002 01:34:32 ds4-server: chat ctx=200019..203949:3930 prefill chunk 2733/3930 (69.5%) chunk=486.18 t/s avg=418.61 t/s 6.529s
1002 01:34:35 ds4-server: chat ctx=200019..203949:3930 prefill chunk 3930/3930 (100.0%) chunk=330.02 t/s avg=386.97 t/s 10.156s
1002 01:34:35 ds4-server: chat ctx=200019..203949:3930 prompt done 10.156s
1002 01:34:37 ds4-server: chat ctx=203949..203999:50 gen=50 decoding chunk=36.67 t/s avg=36.67 t/s 1.364s
1002 01:34:38 ds4-server: chat ctx=203999..204049:50 gen=100 decoding chunk=37.00 t/s avg=36.83 t/s 2.715s
1002 01:34:39 ds4-server: chat ctx=204049..204099:50 gen=150 decoding chunk=37.14 t/s avg=36.94 t/s 4.061s
1002 01:34:41 ds4-server: chat ctx=204099..204149:50 gen=200 decoding chunk=37.13 t/s avg=36.98 t/s 5.408s
1002 01:34:42 ds4-server: chat ctx=204149..204199:50 gen=250 decoding chunk=37.15 t/s avg=37.02 t/s 6.754s
1002 01:34:43 ds4-server: chat ctx=204199..204249:50 gen=300 decoding chunk=36.89 t/s avg=36.99 t/s 8.109s
1002 01:34:45 ds4-server: chat ctx=204249..204299:50 gen=350 decoding chunk=36.46 t/s avg=36.92 t/s 9.481s
1002 01:34:46 ds4-server: chat ctx=204299..204349:50 gen=400 decoding chunk=36.68 t/s avg=36.89 t/s 10.844s
1002 01:34:47 ds4-server: chat ctx=204349..204367:18 gen=418 decoding chunk=36.28 t/s avg=36.86 t/s 11.340s
1002 01:34:47 ds4-server: chat ctx=200019..203949:3930 gen=418 finish=stop 21.496s
1002 01:34:47 ds4-server: chat ctx=204367..204386:19 prompt start
1002 01:34:47 ds4-server: chat ctx=204367..204386:19 prefill chunk 0/19 (0.0%) chunk=0.00 t/s avg=0.00 t/s 0.000s
1002 01:34:47 ds4-server: chat ctx=204367..204386:19 prefill chunk 19/19 (100.0%) chunk=77.97 t/s avg=77.90 t/s 0.244s
1002 01:34:47 ds4-server: chat ctx=204367..204386:19 prompt done 0.244s
1002 01:34:47 ds4-server: chat ctx=204386..204391:5 gen=5 decoding chunk=36.50 t/s avg=36.50 t/s 0.137s
1002 01:34:47 ds4-server: chat ctx=204367..204386:19 gen=5 finish=stop 0.381s
1002 01:34:51 ds4-server: shutdown requested, draining requests
