<M5_REPO>/vendor/vlm-runtime/.venv/lib/python3.12/site-packages/mlx_lm/server.py:1723: UserWarning: mlx_lm.server is not recommended for production as it only implements basic security checks.
  warnings.warn(
2026-10-02 18:43:52,334 - INFO - Starting httpd at 127.0.0.1 on port 18185...
127.0.0.1 - - [02/Oct/2026 18:43:52] "GET /v1/models HTTP/1.1" 200 -
[transformers] You are using a model of type `mimo_v2` to instantiate a model of type ``. This may be expected if you are loading a checkpoint that shares a subset of the architecture (e.g., loading a `sam2_video` checkpoint into `Sam2Model`), but is otherwise not supported and can yield errors. Please verify that the checkpoint is compatible with the model you are instantiating.
127.0.0.1 - - [02/Oct/2026 18:44:03] "POST /v1/chat/completions HTTP/1.1" 200 -
2026-10-02 18:44:03,935 - INFO - Prompt Cache: 0 sequences, 0.00 GB
2026-10-02 18:44:03,935 - INFO - - assistant: 0 sequences, 0.00 GB
2026-10-02 18:44:03,935 - INFO - - user: 0 sequences, 0.00 GB
2026-10-02 18:44:03,935 - INFO - - system: 0 sequences, 0.00 GB
2026-10-02 18:44:03,981 - INFO - Prompt processing progress: 0/200008
2026-10-02 18:44:09,491 - INFO - Prompt processing progress: 2048/200008
2026-10-02 18:44:10,656 - INFO - Prompt processing progress: 4096/200008
2026-10-02 18:44:11,868 - INFO - Prompt processing progress: 6144/200008
2026-10-02 18:44:13,119 - INFO - Prompt processing progress: 8192/200008
2026-10-02 18:44:14,416 - INFO - Prompt processing progress: 10240/200008
2026-10-02 18:44:15,760 - INFO - Prompt processing progress: 12288/200008
2026-10-02 18:44:17,155 - INFO - Prompt processing progress: 14336/200008
2026-10-02 18:44:18,588 - INFO - Prompt processing progress: 16384/200008
2026-10-02 18:44:20,072 - INFO - Prompt processing progress: 18432/200008
2026-10-02 18:44:21,597 - INFO - Prompt processing progress: 20480/200008
2026-10-02 18:44:23,174 - INFO - Prompt processing progress: 22528/200008
2026-10-02 18:44:24,803 - INFO - Prompt processing progress: 24576/200008
2026-10-02 18:44:26,475 - INFO - Prompt processing progress: 26624/200008
2026-10-02 18:44:28,195 - INFO - Prompt processing progress: 28672/200008
2026-10-02 18:44:29,955 - INFO - Prompt processing progress: 30720/200008
2026-10-02 18:44:31,761 - INFO - Prompt processing progress: 32768/200008
2026-10-02 18:44:33,620 - INFO - Prompt processing progress: 34816/200008
2026-10-02 18:44:35,532 - INFO - Prompt processing progress: 36864/200008
2026-10-02 18:44:37,483 - INFO - Prompt processing progress: 38912/200008
2026-10-02 18:44:39,490 - INFO - Prompt processing progress: 40960/200008
2026-10-02 18:44:41,545 - INFO - Prompt processing progress: 43008/200008
2026-10-02 18:44:43,658 - INFO - Prompt processing progress: 45056/200008
2026-10-02 18:44:45,815 - INFO - Prompt processing progress: 47104/200008
2026-10-02 18:44:48,029 - INFO - Prompt processing progress: 49152/200008
2026-10-02 18:44:50,302 - INFO - Prompt processing progress: 51200/200008
2026-10-02 18:44:52,644 - INFO - Prompt processing progress: 53248/200008
2026-10-02 18:44:55,029 - INFO - Prompt processing progress: 55296/200008
2026-10-02 18:44:57,481 - INFO - Prompt processing progress: 57344/200008
2026-10-02 18:44:59,994 - INFO - Prompt processing progress: 59392/200008
2026-10-02 18:45:02,581 - INFO - Prompt processing progress: 61440/200008
2026-10-02 18:45:05,212 - INFO - Prompt processing progress: 63488/200008
2026-10-02 18:45:07,886 - INFO - Prompt processing progress: 65536/200008
2026-10-02 18:45:10,630 - INFO - Prompt processing progress: 67584/200008
2026-10-02 18:45:13,436 - INFO - Prompt processing progress: 69632/200008
2026-10-02 18:45:16,293 - INFO - Prompt processing progress: 71680/200008
2026-10-02 18:45:19,208 - INFO - Prompt processing progress: 73728/200008
2026-10-02 18:45:22,161 - INFO - Prompt processing progress: 75776/200008
2026-10-02 18:45:25,181 - INFO - Prompt processing progress: 77824/200008
2026-10-02 18:45:28,226 - INFO - Prompt processing progress: 79872/200008
2026-10-02 18:45:31,334 - INFO - Prompt processing progress: 81920/200008
2026-10-02 18:45:34,483 - INFO - Prompt processing progress: 83968/200008
2026-10-02 18:45:37,703 - INFO - Prompt processing progress: 86016/200008
2026-10-02 18:45:40,968 - INFO - Prompt processing progress: 88064/200008
2026-10-02 18:45:44,295 - INFO - Prompt processing progress: 90112/200008
2026-10-02 18:45:47,689 - INFO - Prompt processing progress: 92160/200008
2026-10-02 18:45:51,114 - INFO - Prompt processing progress: 94208/200008
2026-10-02 18:45:54,585 - INFO - Prompt processing progress: 96256/200008
2026-10-02 18:45:58,118 - INFO - Prompt processing progress: 98304/200008
2026-10-02 18:46:01,703 - INFO - Prompt processing progress: 100352/200008
2026-10-02 18:46:05,334 - INFO - Prompt processing progress: 102400/200008
2026-10-02 18:46:09,016 - INFO - Prompt processing progress: 104448/200008
2026-10-02 18:46:12,761 - INFO - Prompt processing progress: 106496/200008
2026-10-02 18:46:16,545 - INFO - Prompt processing progress: 108544/200008
2026-10-02 18:46:20,389 - INFO - Prompt processing progress: 110592/200008
2026-10-02 18:46:24,283 - INFO - Prompt processing progress: 112640/200008
2026-10-02 18:46:28,291 - INFO - Prompt processing progress: 114688/200008
2026-10-02 18:46:32,311 - INFO - Prompt processing progress: 116736/200008
2026-10-02 18:46:36,350 - INFO - Prompt processing progress: 118784/200008
2026-10-02 18:46:40,439 - INFO - Prompt processing progress: 120832/200008
2026-10-02 18:46:44,611 - INFO - Prompt processing progress: 122880/200008
2026-10-02 18:46:48,829 - INFO - Prompt processing progress: 124928/200008
2026-10-02 18:46:53,099 - INFO - Prompt processing progress: 126976/200008
2026-10-02 18:46:57,425 - INFO - Prompt processing progress: 129024/200008
2026-10-02 18:47:01,779 - INFO - Prompt processing progress: 131072/200008
2026-10-02 18:47:06,210 - INFO - Prompt processing progress: 133120/200008
2026-10-02 18:47:10,680 - INFO - Prompt processing progress: 135168/200008
2026-10-02 18:47:15,214 - INFO - Prompt processing progress: 137216/200008
2026-10-02 18:47:19,817 - INFO - Prompt processing progress: 139264/200008
2026-10-02 18:47:24,453 - INFO - Prompt processing progress: 141312/200008
2026-10-02 18:47:29,158 - INFO - Prompt processing progress: 143360/200008
2026-10-02 18:47:33,914 - INFO - Prompt processing progress: 145408/200008
2026-10-02 18:47:38,737 - INFO - Prompt processing progress: 147456/200008
2026-10-02 18:47:43,579 - INFO - Prompt processing progress: 149504/200008
2026-10-02 18:47:48,467 - INFO - Prompt processing progress: 151552/200008
2026-10-02 18:47:53,419 - INFO - Prompt processing progress: 153600/200008
2026-10-02 18:47:58,474 - INFO - Prompt processing progress: 155648/200008
2026-10-02 18:48:03,548 - INFO - Prompt processing progress: 157696/200008
2026-10-02 18:48:08,651 - INFO - Prompt processing progress: 159744/200008
2026-10-02 18:48:13,844 - INFO - Prompt processing progress: 161792/200008
2026-10-02 18:48:19,046 - INFO - Prompt processing progress: 163840/200008
2026-10-02 18:48:24,318 - INFO - Prompt processing progress: 165888/200008
2026-10-02 18:48:29,674 - INFO - Prompt processing progress: 167936/200008
2026-10-02 18:48:35,060 - INFO - Prompt processing progress: 169984/200008
2026-10-02 18:48:40,492 - INFO - Prompt processing progress: 172032/200008
2026-10-02 18:48:45,974 - INFO - Prompt processing progress: 174080/200008
2026-10-02 18:48:51,509 - INFO - Prompt processing progress: 176128/200008
2026-10-02 18:48:57,149 - INFO - Prompt processing progress: 178176/200008
2026-10-02 18:49:02,814 - INFO - Prompt processing progress: 180224/200008
2026-10-02 18:49:08,518 - INFO - Prompt processing progress: 182272/200008
2026-10-02 18:49:14,331 - INFO - Prompt processing progress: 184320/200008
2026-10-02 18:49:20,158 - INFO - Prompt processing progress: 186368/200008
2026-10-02 18:49:26,021 - INFO - Prompt processing progress: 188416/200008
2026-10-02 18:49:31,942 - INFO - Prompt processing progress: 190464/200008
2026-10-02 18:49:45,435 - INFO - Prompt processing progress: 192512/200008
2026-10-02 18:49:59,103 - INFO - Prompt processing progress: 194560/200008
2026-10-02 18:50:12,753 - INFO - Prompt processing progress: 196608/200008
2026-10-02 18:50:26,486 - INFO - Prompt processing progress: 198656/200008
2026-10-02 18:50:30,946 - INFO - Prompt processing progress: 200007/200008
2026-10-02 18:50:31,079 - INFO - Prompt processing progress: 200008/200008
127.0.0.1 - - [02/Oct/2026 18:50:31] "POST /v1/chat/completions HTTP/1.1" 200 -
2026-10-02 18:50:31,726 - INFO - Prompt Cache: 1 sequences, 4.64 GB
2026-10-02 18:50:31,726 - INFO - - assistant: 1 sequences, 4.64 GB
2026-10-02 18:50:31,726 - INFO - - user: 0 sequences, 0.00 GB
2026-10-02 18:50:31,726 - INFO - - system: 0 sequences, 0.00 GB
2026-10-02 18:50:31,783 - INFO - Prompt processing progress: 0/3646
2026-10-02 18:50:45,985 - INFO - Prompt processing progress: 2048/3646
2026-10-02 18:50:50,917 - INFO - Prompt processing progress: 3645/3646
2026-10-02 18:50:51,075 - INFO - Prompt processing progress: 3646/3646
127.0.0.1 - - [02/Oct/2026 18:50:51] "POST /v1/chat/completions HTTP/1.1" 200 -
2026-10-02 18:50:51,686 - INFO - Prompt Cache: 1 sequences, 4.72 GB
2026-10-02 18:50:51,686 - INFO - - assistant: 1 sequences, 4.72 GB
2026-10-02 18:50:51,686 - INFO - - user: 0 sequences, 0.00 GB
2026-10-02 18:50:51,686 - INFO - - system: 0 sequences, 0.00 GB
2026-10-02 18:50:51,743 - INFO - Prompt processing progress: 0/3513
2026-10-02 18:51:06,184 - INFO - Prompt processing progress: 2048/3513
2026-10-02 18:51:11,098 - INFO - Prompt processing progress: 3512/3513
2026-10-02 18:51:11,245 - INFO - Prompt processing progress: 3513/3513
127.0.0.1 - - [02/Oct/2026 18:51:11] "POST /v1/chat/completions HTTP/1.1" 200 -
2026-10-02 18:51:11,856 - INFO - Prompt Cache: 1 sequences, 4.80 GB
2026-10-02 18:51:11,856 - INFO - - assistant: 1 sequences, 4.80 GB
2026-10-02 18:51:11,856 - INFO - - user: 0 sequences, 0.00 GB
2026-10-02 18:51:11,856 - INFO - - system: 0 sequences, 0.00 GB
2026-10-02 18:51:11,914 - INFO - Prompt processing progress: 0/2972
2026-10-02 18:51:26,549 - INFO - Prompt processing progress: 2048/2972
2026-10-02 18:51:29,803 - INFO - Prompt processing progress: 2971/2972
2026-10-02 18:51:29,916 - INFO - Prompt processing progress: 2972/2972
127.0.0.1 - - [02/Oct/2026 18:51:30] "POST /v1/chat/completions HTTP/1.1" 200 -
2026-10-02 18:51:30,560 - INFO - Prompt Cache: 1 sequences, 4.87 GB
2026-10-02 18:51:30,560 - INFO - - assistant: 1 sequences, 4.87 GB
2026-10-02 18:51:30,560 - INFO - - user: 0 sequences, 0.00 GB
2026-10-02 18:51:30,560 - INFO - - system: 0 sequences, 0.00 GB
2026-10-02 18:51:30,618 - INFO - Prompt processing progress: 0/819
2026-10-02 18:51:33,458 - INFO - Prompt processing progress: 818/819
2026-10-02 18:51:33,569 - INFO - Prompt processing progress: 819/819
127.0.0.1 - - [02/Oct/2026 18:51:34] "POST /v1/chat/completions HTTP/1.1" 200 -
2026-10-02 18:51:34,229 - INFO - Prompt Cache: 1 sequences, 4.89 GB
2026-10-02 18:51:34,229 - INFO - - assistant: 1 sequences, 4.89 GB
2026-10-02 18:51:34,229 - INFO - - user: 0 sequences, 0.00 GB
2026-10-02 18:51:34,229 - INFO - - system: 0 sequences, 0.00 GB
2026-10-02 18:51:34,287 - INFO - Prompt processing progress: 0/2071
2026-10-02 18:51:49,257 - INFO - Prompt processing progress: 2048/2071
2026-10-02 18:51:49,542 - INFO - Prompt processing progress: 2070/2071
2026-10-02 18:51:49,608 - INFO - Prompt processing progress: 2071/2071
127.0.0.1 - - [02/Oct/2026 18:51:50] "POST /v1/chat/completions HTTP/1.1" 200 -
2026-10-02 18:51:50,331 - INFO - Prompt Cache: 1 sequences, 4.94 GB
2026-10-02 18:51:50,331 - INFO - - assistant: 1 sequences, 4.94 GB
2026-10-02 18:51:50,331 - INFO - - user: 0 sequences, 0.00 GB
2026-10-02 18:51:50,331 - INFO - - system: 0 sequences, 0.00 GB
2026-10-02 18:51:50,389 - INFO - Prompt processing progress: 0/1778
2026-10-02 18:52:01,065 - INFO - Prompt processing progress: 1777/1778
2026-10-02 18:52:01,121 - INFO - Prompt processing progress: 1778/1778
127.0.0.1 - - [02/Oct/2026 18:52:01] "POST /v1/chat/completions HTTP/1.1" 200 -
2026-10-02 18:52:01,910 - INFO - Prompt Cache: 1 sequences, 4.98 GB
2026-10-02 18:52:01,910 - INFO - - assistant: 1 sequences, 4.98 GB
2026-10-02 18:52:01,910 - INFO - - user: 0 sequences, 0.00 GB
2026-10-02 18:52:01,910 - INFO - - system: 0 sequences, 0.00 GB
2026-10-02 18:52:01,968 - INFO - Prompt processing progress: 0/6840
2026-10-02 18:52:17,180 - INFO - Prompt processing progress: 2048/6840
2026-10-02 18:52:32,686 - INFO - Prompt processing progress: 4096/6840
2026-10-02 18:52:49,749 - INFO - Prompt processing progress: 6144/6840
2026-10-02 18:52:52,217 - INFO - Prompt processing progress: 6839/6840
2026-10-02 18:52:52,319 - INFO - Prompt processing progress: 6840/6840
