<M5_REPO>/vendor/vlm-runtime/.venv/lib/python3.12/site-packages/mlx_lm/server.py:1723: UserWarning: mlx_lm.server is not recommended for production as it only implements basic security checks.
  warnings.warn(
2026-10-03 05:09:08,714 - INFO - Starting httpd at 127.0.0.1 on port 18185...
127.0.0.1 - - [03/Oct/2026 05:09:09] "GET /v1/models HTTP/1.1" 200 -
[transformers] You are using a model of type `mimo_v2` to instantiate a model of type ``. This may be expected if you are loading a checkpoint that shares a subset of the architecture (e.g., loading a `sam2_video` checkpoint into `Sam2Model`), but is otherwise not supported and can yield errors. Please verify that the checkpoint is compatible with the model you are instantiating.
127.0.0.1 - - [03/Oct/2026 05:09:20] "POST /v1/chat/completions HTTP/1.1" 200 -
2026-10-03 05:09:20,916 - INFO - Prompt Cache: 0 sequences, 0.00 GB
2026-10-03 05:09:20,916 - INFO - - assistant: 0 sequences, 0.00 GB
2026-10-03 05:09:20,916 - INFO - - user: 0 sequences, 0.00 GB
2026-10-03 05:09:20,916 - INFO - - system: 0 sequences, 0.00 GB
2026-10-03 05:09:20,963 - INFO - Prompt processing progress: 0/200009
2026-10-03 05:09:26,231 - INFO - Prompt processing progress: 2048/200009
2026-10-03 05:09:27,394 - INFO - Prompt processing progress: 4096/200009
2026-10-03 05:09:28,602 - INFO - Prompt processing progress: 6144/200009
2026-10-03 05:09:29,853 - INFO - Prompt processing progress: 8192/200009
2026-10-03 05:09:31,149 - INFO - Prompt processing progress: 10240/200009
2026-10-03 05:09:32,489 - INFO - Prompt processing progress: 12288/200009
2026-10-03 05:09:33,882 - INFO - Prompt processing progress: 14336/200009
2026-10-03 05:09:35,316 - INFO - Prompt processing progress: 16384/200009
2026-10-03 05:09:36,809 - INFO - Prompt processing progress: 18432/200009
2026-10-03 05:09:38,336 - INFO - Prompt processing progress: 20480/200009
2026-10-03 05:09:39,910 - INFO - Prompt processing progress: 22528/200009
2026-10-03 05:09:41,531 - INFO - Prompt processing progress: 24576/200009
2026-10-03 05:09:43,201 - INFO - Prompt processing progress: 26624/200009
2026-10-03 05:09:44,919 - INFO - Prompt processing progress: 28672/200009
2026-10-03 05:09:46,674 - INFO - Prompt processing progress: 30720/200009
2026-10-03 05:09:48,475 - INFO - Prompt processing progress: 32768/200009
2026-10-03 05:09:50,323 - INFO - Prompt processing progress: 34816/200009
2026-10-03 05:09:52,229 - INFO - Prompt processing progress: 36864/200009
2026-10-03 05:09:54,181 - INFO - Prompt processing progress: 38912/200009
2026-10-03 05:09:56,186 - INFO - Prompt processing progress: 40960/200009
2026-10-03 05:09:58,242 - INFO - Prompt processing progress: 43008/200009
2026-10-03 05:10:00,360 - INFO - Prompt processing progress: 45056/200009
2026-10-03 05:10:02,523 - INFO - Prompt processing progress: 47104/200009
2026-10-03 05:10:04,740 - INFO - Prompt processing progress: 49152/200009
2026-10-03 05:10:07,008 - INFO - Prompt processing progress: 51200/200009
2026-10-03 05:10:09,345 - INFO - Prompt processing progress: 53248/200009
2026-10-03 05:10:11,737 - INFO - Prompt processing progress: 55296/200009
2026-10-03 05:10:14,196 - INFO - Prompt processing progress: 57344/200009
2026-10-03 05:10:16,709 - INFO - Prompt processing progress: 59392/200009
2026-10-03 05:10:19,292 - INFO - Prompt processing progress: 61440/200009
2026-10-03 05:10:21,909 - INFO - Prompt processing progress: 63488/200009
2026-10-03 05:10:24,594 - INFO - Prompt processing progress: 65536/200009
2026-10-03 05:10:27,327 - INFO - Prompt processing progress: 67584/200009
2026-10-03 05:10:30,145 - INFO - Prompt processing progress: 69632/200009
2026-10-03 05:10:33,012 - INFO - Prompt processing progress: 71680/200009
2026-10-03 05:10:35,923 - INFO - Prompt processing progress: 73728/200009
2026-10-03 05:10:38,864 - INFO - Prompt processing progress: 75776/200009
2026-10-03 05:10:41,884 - INFO - Prompt processing progress: 77824/200009
2026-10-03 05:10:44,937 - INFO - Prompt processing progress: 79872/200009
2026-10-03 05:10:48,028 - INFO - Prompt processing progress: 81920/200009
2026-10-03 05:10:51,193 - INFO - Prompt processing progress: 83968/200009
2026-10-03 05:10:54,409 - INFO - Prompt processing progress: 86016/200009
2026-10-03 05:10:57,670 - INFO - Prompt processing progress: 88064/200009
2026-10-03 05:11:00,986 - INFO - Prompt processing progress: 90112/200009
2026-10-03 05:11:04,370 - INFO - Prompt processing progress: 92160/200009
2026-10-03 05:11:07,793 - INFO - Prompt processing progress: 94208/200009
2026-10-03 05:11:11,259 - INFO - Prompt processing progress: 96256/200009
2026-10-03 05:11:14,777 - INFO - Prompt processing progress: 98304/200009
2026-10-03 05:11:18,363 - INFO - Prompt processing progress: 100352/200009
2026-10-03 05:11:21,998 - INFO - Prompt processing progress: 102400/200009
2026-10-03 05:11:25,684 - INFO - Prompt processing progress: 104448/200009
2026-10-03 05:11:29,437 - INFO - Prompt processing progress: 106496/200009
2026-10-03 05:11:33,224 - INFO - Prompt processing progress: 108544/200009
2026-10-03 05:11:37,074 - INFO - Prompt processing progress: 110592/200009
2026-10-03 05:11:40,995 - INFO - Prompt processing progress: 112640/200009
2026-10-03 05:11:44,947 - INFO - Prompt processing progress: 114688/200009
2026-10-03 05:11:48,959 - INFO - Prompt processing progress: 116736/200009
2026-10-03 05:11:53,008 - INFO - Prompt processing progress: 118784/200009
2026-10-03 05:11:57,113 - INFO - Prompt processing progress: 120832/200009
2026-10-03 05:12:01,315 - INFO - Prompt processing progress: 122880/200009
2026-10-03 05:12:05,529 - INFO - Prompt processing progress: 124928/200009
2026-10-03 05:12:09,792 - INFO - Prompt processing progress: 126976/200009
2026-10-03 05:12:14,098 - INFO - Prompt processing progress: 129024/200009
2026-10-03 05:12:18,441 - INFO - Prompt processing progress: 131072/200009
2026-10-03 05:12:22,836 - INFO - Prompt processing progress: 133120/200009
2026-10-03 05:12:27,328 - INFO - Prompt processing progress: 135168/200009
2026-10-03 05:12:31,887 - INFO - Prompt processing progress: 137216/200009
2026-10-03 05:12:36,511 - INFO - Prompt processing progress: 139264/200009
2026-10-03 05:12:41,143 - INFO - Prompt processing progress: 141312/200009
2026-10-03 05:12:45,845 - INFO - Prompt processing progress: 143360/200009
2026-10-03 05:12:50,594 - INFO - Prompt processing progress: 145408/200009
2026-10-03 05:12:55,366 - INFO - Prompt processing progress: 147456/200009
2026-10-03 05:13:00,202 - INFO - Prompt processing progress: 149504/200009
2026-10-03 05:13:05,117 - INFO - Prompt processing progress: 151552/200009
2026-10-03 05:13:10,078 - INFO - Prompt processing progress: 153600/200009
2026-10-03 05:13:15,138 - INFO - Prompt processing progress: 155648/200009
2026-10-03 05:13:20,211 - INFO - Prompt processing progress: 157696/200009
2026-10-03 05:13:25,327 - INFO - Prompt processing progress: 159744/200009
2026-10-03 05:13:30,508 - INFO - Prompt processing progress: 161792/200009
2026-10-03 05:13:35,724 - INFO - Prompt processing progress: 163840/200009
2026-10-03 05:13:41,011 - INFO - Prompt processing progress: 165888/200009
2026-10-03 05:13:46,361 - INFO - Prompt processing progress: 167936/200009
2026-10-03 05:13:51,755 - INFO - Prompt processing progress: 169984/200009
2026-10-03 05:13:57,228 - INFO - Prompt processing progress: 172032/200009
2026-10-03 05:14:02,715 - INFO - Prompt processing progress: 174080/200009
2026-10-03 05:14:08,253 - INFO - Prompt processing progress: 176128/200009
2026-10-03 05:14:13,909 - INFO - Prompt processing progress: 178176/200009
2026-10-03 05:14:19,584 - INFO - Prompt processing progress: 180224/200009
2026-10-03 05:14:25,303 - INFO - Prompt processing progress: 182272/200009
2026-10-03 05:14:31,137 - INFO - Prompt processing progress: 184320/200009
2026-10-03 05:14:36,952 - INFO - Prompt processing progress: 186368/200009
2026-10-03 05:14:42,813 - INFO - Prompt processing progress: 188416/200009
2026-10-03 05:14:48,734 - INFO - Prompt processing progress: 190464/200009
2026-10-03 05:15:02,244 - INFO - Prompt processing progress: 192512/200009
2026-10-03 05:15:15,949 - INFO - Prompt processing progress: 194560/200009
2026-10-03 05:15:29,608 - INFO - Prompt processing progress: 196608/200009
2026-10-03 05:15:43,318 - INFO - Prompt processing progress: 198656/200009
2026-10-03 05:15:47,506 - INFO - Prompt processing progress: 200008/200009
2026-10-03 05:15:47,648 - INFO - Prompt processing progress: 200009/200009
127.0.0.1 - - [03/Oct/2026 05:15:48] "POST /v1/chat/completions HTTP/1.1" 200 -
2026-10-03 05:15:48,299 - INFO - Prompt Cache: 1 sequences, 4.64 GB
2026-10-03 05:15:48,299 - INFO - - assistant: 1 sequences, 4.64 GB
2026-10-03 05:15:48,299 - INFO - - user: 0 sequences, 0.00 GB
2026-10-03 05:15:48,299 - INFO - - system: 0 sequences, 0.00 GB
2026-10-03 05:15:48,357 - INFO - Prompt processing progress: 0/3646
2026-10-03 05:16:02,127 - INFO - Prompt processing progress: 2048/3646
2026-10-03 05:16:07,410 - INFO - Prompt processing progress: 3645/3646
2026-10-03 05:16:07,570 - INFO - Prompt processing progress: 3646/3646
127.0.0.1 - - [03/Oct/2026 05:16:08] "POST /v1/chat/completions HTTP/1.1" 200 -
2026-10-03 05:16:08,177 - INFO - Prompt Cache: 1 sequences, 4.72 GB
2026-10-03 05:16:08,178 - INFO - - assistant: 1 sequences, 4.72 GB
2026-10-03 05:16:08,178 - INFO - - user: 0 sequences, 0.00 GB
2026-10-03 05:16:08,178 - INFO - - system: 0 sequences, 0.00 GB
2026-10-03 05:16:08,234 - INFO - Prompt processing progress: 0/3513
2026-10-03 05:16:22,340 - INFO - Prompt processing progress: 2048/3513
2026-10-03 05:16:26,978 - INFO - Prompt processing progress: 3512/3513
2026-10-03 05:16:27,123 - INFO - Prompt processing progress: 3513/3513
127.0.0.1 - - [03/Oct/2026 05:16:27] "POST /v1/chat/completions HTTP/1.1" 200 -
2026-10-03 05:16:27,737 - INFO - Prompt Cache: 1 sequences, 4.80 GB
2026-10-03 05:16:27,738 - INFO - - assistant: 1 sequences, 4.80 GB
2026-10-03 05:16:27,738 - INFO - - user: 0 sequences, 0.00 GB
2026-10-03 05:16:27,738 - INFO - - system: 0 sequences, 0.00 GB
2026-10-03 05:16:27,794 - INFO - Prompt processing progress: 0/2972
2026-10-03 05:16:42,525 - INFO - Prompt processing progress: 2048/2972
2026-10-03 05:16:45,699 - INFO - Prompt processing progress: 2971/2972
2026-10-03 05:16:45,814 - INFO - Prompt processing progress: 2972/2972
127.0.0.1 - - [03/Oct/2026 05:16:46] "POST /v1/chat/completions HTTP/1.1" 200 -
2026-10-03 05:16:46,456 - INFO - Prompt Cache: 1 sequences, 4.87 GB
2026-10-03 05:16:46,456 - INFO - - assistant: 1 sequences, 4.87 GB
2026-10-03 05:16:46,456 - INFO - - user: 0 sequences, 0.00 GB
2026-10-03 05:16:46,456 - INFO - - system: 0 sequences, 0.00 GB
2026-10-03 05:16:46,513 - INFO - Prompt processing progress: 0/819
2026-10-03 05:16:49,186 - INFO - Prompt processing progress: 818/819
2026-10-03 05:16:49,302 - INFO - Prompt processing progress: 819/819
127.0.0.1 - - [03/Oct/2026 05:16:49] "POST /v1/chat/completions HTTP/1.1" 200 -
2026-10-03 05:16:49,965 - INFO - Prompt Cache: 1 sequences, 4.89 GB
2026-10-03 05:16:49,965 - INFO - - assistant: 1 sequences, 4.89 GB
2026-10-03 05:16:49,965 - INFO - - user: 0 sequences, 0.00 GB
2026-10-03 05:16:49,965 - INFO - - system: 0 sequences, 0.00 GB
2026-10-03 05:16:50,021 - INFO - Prompt processing progress: 0/2071
2026-10-03 05:17:04,538 - INFO - Prompt processing progress: 2048/2071
2026-10-03 05:17:04,817 - INFO - Prompt processing progress: 2070/2071
2026-10-03 05:17:04,882 - INFO - Prompt processing progress: 2071/2071
127.0.0.1 - - [03/Oct/2026 05:17:05] "POST /v1/chat/completions HTTP/1.1" 200 -
2026-10-03 05:17:05,604 - INFO - Prompt Cache: 1 sequences, 4.94 GB
2026-10-03 05:17:05,604 - INFO - - assistant: 1 sequences, 4.94 GB
2026-10-03 05:17:05,604 - INFO - - user: 0 sequences, 0.00 GB
2026-10-03 05:17:05,604 - INFO - - system: 0 sequences, 0.00 GB
2026-10-03 05:17:05,663 - INFO - Prompt processing progress: 0/1778
2026-10-03 05:17:16,707 - INFO - Prompt processing progress: 1777/1778
2026-10-03 05:17:16,763 - INFO - Prompt processing progress: 1778/1778
127.0.0.1 - - [03/Oct/2026 05:17:17] "POST /v1/chat/completions HTTP/1.1" 200 -
2026-10-03 05:17:17,553 - INFO - Prompt Cache: 1 sequences, 4.98 GB
2026-10-03 05:17:17,553 - INFO - - assistant: 1 sequences, 4.98 GB
2026-10-03 05:17:17,553 - INFO - - user: 0 sequences, 0.00 GB
2026-10-03 05:17:17,553 - INFO - - system: 0 sequences, 0.00 GB
2026-10-03 05:17:17,610 - INFO - Prompt processing progress: 0/6840
2026-10-03 05:17:32,676 - INFO - Prompt processing progress: 2048/6840
2026-10-03 05:17:47,952 - INFO - Prompt processing progress: 4096/6840
2026-10-03 05:18:03,327 - INFO - Prompt processing progress: 6144/6840
2026-10-03 05:18:05,897 - INFO - Prompt processing progress: 6839/6840
2026-10-03 05:18:05,998 - INFO - Prompt processing progress: 6840/6840
127.0.0.1 - - [03/Oct/2026 05:18:06] "POST /v1/chat/completions HTTP/1.1" 200 -
2026-10-03 05:18:06,700 - INFO - Prompt Cache: 1 sequences, 5.14 GB
2026-10-03 05:18:06,700 - INFO - - assistant: 1 sequences, 5.14 GB
2026-10-03 05:18:06,700 - INFO - - user: 0 sequences, 0.00 GB
2026-10-03 05:18:06,700 - INFO - - system: 0 sequences, 0.00 GB
2026-10-03 05:18:06,759 - INFO - Prompt processing progress: 0/1228
2026-10-03 05:18:11,124 - INFO - Prompt processing progress: 1227/1228
2026-10-03 05:18:11,257 - INFO - Prompt processing progress: 1228/1228
127.0.0.1 - - [03/Oct/2026 05:18:11] "POST /v1/chat/completions HTTP/1.1" 200 -
2026-10-03 05:18:11,993 - INFO - Prompt Cache: 1 sequences, 5.17 GB
2026-10-03 05:18:11,993 - INFO - - assistant: 1 sequences, 5.17 GB
2026-10-03 05:18:11,993 - INFO - - user: 0 sequences, 0.00 GB
2026-10-03 05:18:11,993 - INFO - - system: 0 sequences, 0.00 GB
2026-10-03 05:18:12,052 - INFO - Prompt processing progress: 0/3556
2026-10-03 05:18:27,770 - INFO - Prompt processing progress: 2048/3556
2026-10-03 05:18:33,190 - INFO - Prompt processing progress: 3555/3556
2026-10-03 05:18:33,335 - INFO - Prompt processing progress: 3556/3556
127.0.0.1 - - [03/Oct/2026 05:18:34] "POST /v1/chat/completions HTTP/1.1" 200 -
2026-10-03 05:18:34,049 - INFO - Prompt Cache: 1 sequences, 5.25 GB
2026-10-03 05:18:34,049 - INFO - - assistant: 1 sequences, 5.25 GB
2026-10-03 05:18:34,049 - INFO - - user: 0 sequences, 0.00 GB
2026-10-03 05:18:34,049 - INFO - - system: 0 sequences, 0.00 GB
2026-10-03 05:18:34,107 - INFO - Prompt processing progress: 0/647
2026-10-03 05:18:36,543 - INFO - Prompt processing progress: 646/647
2026-10-03 05:18:36,634 - INFO - Prompt processing progress: 647/647
127.0.0.1 - - [03/Oct/2026 05:18:37] "POST /v1/chat/completions HTTP/1.1" 200 -
2026-10-03 05:18:37,295 - INFO - Prompt Cache: 1 sequences, 5.26 GB
2026-10-03 05:18:37,295 - INFO - - assistant: 1 sequences, 5.26 GB
2026-10-03 05:18:37,295 - INFO - - user: 0 sequences, 0.00 GB
2026-10-03 05:18:37,295 - INFO - - system: 0 sequences, 0.00 GB
2026-10-03 05:18:37,356 - INFO - Prompt processing progress: 0/6473
2026-10-03 05:18:53,852 - INFO - Prompt processing progress: 2048/6473
----------------------------------------
Exception occurred during processing of request from ('127.0.0.1', 56235)
Traceback (most recent call last):
  File "<M5_HOME>/.local/share/uv/python/cpython-3.12.13-macos-aarch64-none/lib/python3.12/socketserver.py", line 697, in process_request_thread
    self.finish_request(request, client_address)
  File "<M5_HOME>/.local/share/uv/python/cpython-3.12.13-macos-aarch64-none/lib/python3.12/socketserver.py", line 362, in finish_request
    self.RequestHandlerClass(request, client_address, self)
  File "<M5_REPO>/vendor/vlm-runtime/.venv/lib/python3.12/site-packages/mlx_lm/server.py", line 1716, in <lambda>
    lambda *args, **kwargs: handler_class(
                            ^^^^^^^^^^^^^^
  File "<M5_REPO>/vendor/vlm-runtime/.venv/lib/python3.12/site-packages/mlx_lm/server.py", line 1073, in __init__
    super().__init__(*args, **kwargs)
  File "<M5_HOME>/.local/share/uv/python/cpython-3.12.13-macos-aarch64-none/lib/python3.12/socketserver.py", line 766, in __init__
    self.handle()
  File "<M5_HOME>/.local/share/uv/python/cpython-3.12.13-macos-aarch64-none/lib/python3.12/http/server.py", line 440, in handle
    self.handle_one_request()
  File "<M5_HOME>/.local/share/uv/python/cpython-3.12.13-macos-aarch64-none/lib/python3.12/http/server.py", line 428, in handle_one_request
    method()
  File "<M5_REPO>/vendor/vlm-runtime/.venv/lib/python3.12/site-packages/mlx_lm/server.py", line 1202, in do_POST
    self.handle_completion(request, stop_words)
  File "<M5_REPO>/vendor/vlm-runtime/.venv/lib/python3.12/site-packages/mlx_lm/server.py", line 1455, in handle_completion
    for gen in response:
               ^^^^^^^^
  File "<M5_REPO>/vendor/vlm-runtime/.venv/lib/python3.12/site-packages/mlx_lm/server.py", line 240, in _process_control_tokens
    for tok in token_stream:
               ^^^^^^^^^^^^
  File "<M5_REPO>/vendor/vlm-runtime/.venv/lib/python3.12/site-packages/mlx_lm/server.py", line 1041, in _inner
    raise response
  File "<M5_REPO>/vendor/vlm-runtime/.venv/lib/python3.12/site-packages/mlx_lm/server.py", line 976, in _serve_single
    for gen in stream_generate(
               ^^^^^^^^^^^^^^^^
  File "<M5_REPO>/vendor/vlm-runtime/.venv/lib/python3.12/site-packages/mlx_lm/generate.py", line 716, in stream_generate
    for n, (token, logprobs, from_draft) in enumerate(token_generator):
                                            ^^^^^^^^^^^^^^^^^^^^^^^^^^
  File "<M5_REPO>/vendor/vlm-runtime/.venv/lib/python3.12/site-packages/mlx_lm/generate.py", line 706, in <genexpr>
    (token, logprobs, False) for token, logprobs in token_generator
                                                    ^^^^^^^^^^^^^^^
  File "<M5_REPO>/vendor/vlm-runtime/.venv/lib/python3.12/site-packages/mlx_lm/generate.py", line 442, in generate_step
    mx.eval([c.state for c in prompt_cache])
RuntimeError: [METAL] Command buffer execution failed: Insufficient Memory (00000008:kIOGPUCommandBufferCallbackErrorOutOfMemory).
----------------------------------------
