<M5_REPO>/.venv/lib/python3.12/site-packages/mlx_lm/server.py:1723: UserWarning: mlx_lm.server is not recommended for production as it only implements basic security checks.
  warnings.warn(
2026-10-02 17:02:43,107 - INFO - Starting httpd at 127.0.0.1 on port 18185...
127.0.0.1 - - [02/Oct/2026 17:02:43] "GET /v1/models HTTP/1.1" 200 -
127.0.0.1 - - [02/Oct/2026 17:02:58] "POST /v1/chat/completions HTTP/1.1" 200 -
2026-10-02 17:02:58,951 - INFO - Prompt Cache: 0 sequences, 0.00 GB
2026-10-02 17:02:58,951 - INFO - - assistant: 0 sequences, 0.00 GB
2026-10-02 17:02:58,951 - INFO - - user: 0 sequences, 0.00 GB
2026-10-02 17:02:58,951 - INFO - - system: 0 sequences, 0.00 GB
2026-10-02 17:02:59,041 - INFO - Prompt processing progress: 0/200003
2026-10-02 17:03:00,360 - INFO - Prompt processing progress: 2048/200003
2026-10-02 17:03:01,532 - INFO - Prompt processing progress: 4096/200003
2026-10-02 17:03:02,722 - INFO - Prompt processing progress: 6144/200003
2026-10-02 17:03:03,932 - INFO - Prompt processing progress: 8192/200003
2026-10-02 17:03:05,162 - INFO - Prompt processing progress: 10240/200003
2026-10-02 17:03:06,411 - INFO - Prompt processing progress: 12288/200003
2026-10-02 17:03:07,684 - INFO - Prompt processing progress: 14336/200003
2026-10-02 17:03:08,975 - INFO - Prompt processing progress: 16384/200003
2026-10-02 17:03:10,286 - INFO - Prompt processing progress: 18432/200003
2026-10-02 17:03:11,617 - INFO - Prompt processing progress: 20480/200003
2026-10-02 17:03:12,970 - INFO - Prompt processing progress: 22528/200003
2026-10-02 17:03:14,345 - INFO - Prompt processing progress: 24576/200003
2026-10-02 17:03:15,741 - INFO - Prompt processing progress: 26624/200003
2026-10-02 17:03:17,157 - INFO - Prompt processing progress: 28672/200003
2026-10-02 17:03:18,593 - INFO - Prompt processing progress: 30720/200003
2026-10-02 17:03:20,050 - INFO - Prompt processing progress: 32768/200003
2026-10-02 17:03:21,526 - INFO - Prompt processing progress: 34816/200003
2026-10-02 17:03:23,027 - INFO - Prompt processing progress: 36864/200003
2026-10-02 17:03:24,549 - INFO - Prompt processing progress: 38912/200003
2026-10-02 17:03:26,087 - INFO - Prompt processing progress: 40960/200003
2026-10-02 17:03:27,645 - INFO - Prompt processing progress: 43008/200003
2026-10-02 17:03:29,226 - INFO - Prompt processing progress: 45056/200003
2026-10-02 17:03:30,826 - INFO - Prompt processing progress: 47104/200003
2026-10-02 17:03:32,443 - INFO - Prompt processing progress: 49152/200003
2026-10-02 17:03:34,079 - INFO - Prompt processing progress: 51200/200003
2026-10-02 17:03:35,736 - INFO - Prompt processing progress: 53248/200003
2026-10-02 17:03:37,413 - INFO - Prompt processing progress: 55296/200003
2026-10-02 17:03:39,115 - INFO - Prompt processing progress: 57344/200003
2026-10-02 17:03:40,840 - INFO - Prompt processing progress: 59392/200003
2026-10-02 17:03:42,579 - INFO - Prompt processing progress: 61440/200003
2026-10-02 17:03:44,347 - INFO - Prompt processing progress: 63488/200003
2026-10-02 17:03:46,128 - INFO - Prompt processing progress: 65536/200003
2026-10-02 17:03:47,935 - INFO - Prompt processing progress: 67584/200003
2026-10-02 17:03:49,758 - INFO - Prompt processing progress: 69632/200003
2026-10-02 17:03:51,599 - INFO - Prompt processing progress: 71680/200003
2026-10-02 17:03:53,460 - INFO - Prompt processing progress: 73728/200003
2026-10-02 17:03:55,343 - INFO - Prompt processing progress: 75776/200003
2026-10-02 17:03:57,257 - INFO - Prompt processing progress: 77824/200003
2026-10-02 17:03:59,193 - INFO - Prompt processing progress: 79872/200003
2026-10-02 17:04:01,138 - INFO - Prompt processing progress: 81920/200003
2026-10-02 17:04:03,116 - INFO - Prompt processing progress: 83968/200003
2026-10-02 17:04:05,102 - INFO - Prompt processing progress: 86016/200003
2026-10-02 17:04:07,108 - INFO - Prompt processing progress: 88064/200003
2026-10-02 17:04:09,142 - INFO - Prompt processing progress: 90112/200003
2026-10-02 17:04:11,200 - INFO - Prompt processing progress: 92160/200003
2026-10-02 17:04:13,268 - INFO - Prompt processing progress: 94208/200003
2026-10-02 17:04:15,357 - INFO - Prompt processing progress: 96256/200003
2026-10-02 17:04:17,471 - INFO - Prompt processing progress: 98304/200003
2026-10-02 17:04:19,608 - INFO - Prompt processing progress: 100352/200003
2026-10-02 17:04:21,796 - INFO - Prompt processing progress: 102400/200003
2026-10-02 17:04:23,972 - INFO - Prompt processing progress: 104448/200003
2026-10-02 17:04:26,164 - INFO - Prompt processing progress: 106496/200003
2026-10-02 17:04:28,384 - INFO - Prompt processing progress: 108544/200003
2026-10-02 17:04:30,635 - INFO - Prompt processing progress: 110592/200003
2026-10-02 17:04:32,898 - INFO - Prompt processing progress: 112640/200003
2026-10-02 17:04:35,177 - INFO - Prompt processing progress: 114688/200003
2026-10-02 17:04:37,482 - INFO - Prompt processing progress: 116736/200003
2026-10-02 17:04:39,811 - INFO - Prompt processing progress: 118784/200003
2026-10-02 17:04:42,157 - INFO - Prompt processing progress: 120832/200003
2026-10-02 17:04:44,533 - INFO - Prompt processing progress: 122880/200003
2026-10-02 17:04:46,928 - INFO - Prompt processing progress: 124928/200003
2026-10-02 17:04:49,338 - INFO - Prompt processing progress: 126976/200003
2026-10-02 17:04:51,757 - INFO - Prompt processing progress: 129024/200003
2026-10-02 17:04:54,210 - INFO - Prompt processing progress: 131072/200003
2026-10-02 17:04:56,684 - INFO - Prompt processing progress: 133120/200003
2026-10-02 17:04:59,180 - INFO - Prompt processing progress: 135168/200003
2026-10-02 17:05:01,702 - INFO - Prompt processing progress: 137216/200003
2026-10-02 17:05:04,230 - INFO - Prompt processing progress: 139264/200003
2026-10-02 17:05:06,760 - INFO - Prompt processing progress: 141312/200003
2026-10-02 17:05:09,347 - INFO - Prompt processing progress: 143360/200003
2026-10-02 17:05:11,945 - INFO - Prompt processing progress: 145408/200003
2026-10-02 17:05:14,555 - INFO - Prompt processing progress: 147456/200003
2026-10-02 17:05:17,187 - INFO - Prompt processing progress: 149504/200003
2026-10-02 17:05:19,834 - INFO - Prompt processing progress: 151552/200003
2026-10-02 17:05:22,498 - INFO - Prompt processing progress: 153600/200003
2026-10-02 17:05:25,176 - INFO - Prompt processing progress: 155648/200003
2026-10-02 17:05:27,894 - INFO - Prompt processing progress: 157696/200003
2026-10-02 17:05:30,641 - INFO - Prompt processing progress: 159744/200003
2026-10-02 17:05:33,387 - INFO - Prompt processing progress: 161792/200003
2026-10-02 17:05:36,165 - INFO - Prompt processing progress: 163840/200003
2026-10-02 17:05:38,982 - INFO - Prompt processing progress: 165888/200003
2026-10-02 17:05:41,789 - INFO - Prompt processing progress: 167936/200003
2026-10-02 17:05:44,626 - INFO - Prompt processing progress: 169984/200003
2026-10-02 17:05:47,473 - INFO - Prompt processing progress: 172032/200003
2026-10-02 17:05:50,364 - INFO - Prompt processing progress: 174080/200003
2026-10-02 17:05:53,262 - INFO - Prompt processing progress: 176128/200003
2026-10-02 17:05:56,168 - INFO - Prompt processing progress: 178176/200003
2026-10-02 17:05:59,121 - INFO - Prompt processing progress: 180224/200003
2026-10-02 17:06:02,095 - INFO - Prompt processing progress: 182272/200003
2026-10-02 17:06:05,086 - INFO - Prompt processing progress: 184320/200003
2026-10-02 17:06:08,085 - INFO - Prompt processing progress: 186368/200003
2026-10-02 17:06:11,106 - INFO - Prompt processing progress: 188416/200003
2026-10-02 17:06:14,137 - INFO - Prompt processing progress: 190464/200003
2026-10-02 17:06:17,242 - INFO - Prompt processing progress: 192512/200003
2026-10-02 17:06:20,317 - INFO - Prompt processing progress: 194560/200003
2026-10-02 17:06:23,426 - INFO - Prompt processing progress: 196608/200003
2026-10-02 17:06:26,582 - INFO - Prompt processing progress: 198656/200003
2026-10-02 17:06:28,981 - INFO - Prompt processing progress: 200002/200003
2026-10-02 17:06:29,086 - INFO - Prompt processing progress: 200003/200003
127.0.0.1 - - [02/Oct/2026 17:06:45] "POST /v1/chat/completions HTTP/1.1" 200 -
2026-10-02 17:06:45,554 - INFO - Prompt Cache: 0 sequences, 0.00 GB
2026-10-02 17:06:45,554 - INFO - - assistant: 0 sequences, 0.00 GB
2026-10-02 17:06:45,554 - INFO - - user: 0 sequences, 0.00 GB
2026-10-02 17:06:45,554 - INFO - - system: 0 sequences, 0.00 GB
2026-10-02 17:06:45,638 - INFO - Prompt processing progress: 0/200004
2026-10-02 17:06:47,033 - INFO - Prompt processing progress: 2048/200004
2026-10-02 17:06:48,222 - INFO - Prompt processing progress: 4096/200004
2026-10-02 17:06:49,411 - INFO - Prompt processing progress: 6144/200004
2026-10-02 17:06:50,622 - INFO - Prompt processing progress: 8192/200004
2026-10-02 17:06:51,850 - INFO - Prompt processing progress: 10240/200004
2026-10-02 17:06:53,100 - INFO - Prompt processing progress: 12288/200004
2026-10-02 17:06:54,371 - INFO - Prompt processing progress: 14336/200004
2026-10-02 17:06:55,665 - INFO - Prompt processing progress: 16384/200004
2026-10-02 17:06:56,980 - INFO - Prompt processing progress: 18432/200004
2026-10-02 17:06:58,312 - INFO - Prompt processing progress: 20480/200004
2026-10-02 17:06:59,666 - INFO - Prompt processing progress: 22528/200004
2026-10-02 17:07:01,038 - INFO - Prompt processing progress: 24576/200004
2026-10-02 17:07:02,435 - INFO - Prompt processing progress: 26624/200004
2026-10-02 17:07:03,850 - INFO - Prompt processing progress: 28672/200004
2026-10-02 17:07:05,285 - INFO - Prompt processing progress: 30720/200004
2026-10-02 17:07:06,742 - INFO - Prompt processing progress: 32768/200004
2026-10-02 17:07:08,217 - INFO - Prompt processing progress: 34816/200004
2026-10-02 17:07:09,718 - INFO - Prompt processing progress: 36864/200004
2026-10-02 17:07:11,235 - INFO - Prompt processing progress: 38912/200004
2026-10-02 17:07:12,775 - INFO - Prompt processing progress: 40960/200004
2026-10-02 17:07:14,335 - INFO - Prompt processing progress: 43008/200004
2026-10-02 17:07:15,915 - INFO - Prompt processing progress: 45056/200004
2026-10-02 17:07:17,515 - INFO - Prompt processing progress: 47104/200004
2026-10-02 17:07:19,133 - INFO - Prompt processing progress: 49152/200004
2026-10-02 17:07:20,767 - INFO - Prompt processing progress: 51200/200004
2026-10-02 17:07:22,424 - INFO - Prompt processing progress: 53248/200004
2026-10-02 17:07:24,102 - INFO - Prompt processing progress: 55296/200004
2026-10-02 17:07:25,801 - INFO - Prompt processing progress: 57344/200004
2026-10-02 17:07:27,519 - INFO - Prompt processing progress: 59392/200004
2026-10-02 17:07:29,263 - INFO - Prompt processing progress: 61440/200004
2026-10-02 17:07:31,018 - INFO - Prompt processing progress: 63488/200004
2026-10-02 17:07:32,797 - INFO - Prompt processing progress: 65536/200004
2026-10-02 17:07:34,601 - INFO - Prompt processing progress: 67584/200004
2026-10-02 17:07:36,421 - INFO - Prompt processing progress: 69632/200004
2026-10-02 17:07:38,271 - INFO - Prompt processing progress: 71680/200004
2026-10-02 17:07:40,133 - INFO - Prompt processing progress: 73728/200004
2026-10-02 17:07:42,016 - INFO - Prompt processing progress: 75776/200004
2026-10-02 17:07:43,920 - INFO - Prompt processing progress: 77824/200004
2026-10-02 17:07:45,853 - INFO - Prompt processing progress: 79872/200004
2026-10-02 17:07:47,801 - INFO - Prompt processing progress: 81920/200004
2026-10-02 17:07:49,772 - INFO - Prompt processing progress: 83968/200004
2026-10-02 17:07:51,764 - INFO - Prompt processing progress: 86016/200004
2026-10-02 17:07:53,766 - INFO - Prompt processing progress: 88064/200004
2026-10-02 17:07:55,794 - INFO - Prompt processing progress: 90112/200004
2026-10-02 17:07:57,847 - INFO - Prompt processing progress: 92160/200004
2026-10-02 17:07:59,919 - INFO - Prompt processing progress: 94208/200004
2026-10-02 17:08:02,011 - INFO - Prompt processing progress: 96256/200004
2026-10-02 17:08:04,128 - INFO - Prompt processing progress: 98304/200004
2026-10-02 17:08:06,258 - INFO - Prompt processing progress: 100352/200004
2026-10-02 17:08:08,425 - INFO - Prompt processing progress: 102400/200004
2026-10-02 17:08:10,598 - INFO - Prompt processing progress: 104448/200004
2026-10-02 17:08:12,791 - INFO - Prompt processing progress: 106496/200004
2026-10-02 17:08:15,013 - INFO - Prompt processing progress: 108544/200004
2026-10-02 17:08:17,253 - INFO - Prompt processing progress: 110592/200004
2026-10-02 17:08:19,514 - INFO - Prompt processing progress: 112640/200004
2026-10-02 17:08:21,804 - INFO - Prompt processing progress: 114688/200004
2026-10-02 17:08:24,105 - INFO - Prompt processing progress: 116736/200004
2026-10-02 17:08:26,425 - INFO - Prompt processing progress: 118784/200004
2026-10-02 17:08:28,779 - INFO - Prompt processing progress: 120832/200004
2026-10-02 17:08:31,154 - INFO - Prompt processing progress: 122880/200004
2026-10-02 17:08:33,523 - INFO - Prompt processing progress: 124928/200004
2026-10-02 17:08:35,922 - INFO - Prompt processing progress: 126976/200004
2026-10-02 17:08:38,342 - INFO - Prompt processing progress: 129024/200004
2026-10-02 17:08:40,780 - INFO - Prompt processing progress: 131072/200004
2026-10-02 17:08:43,245 - INFO - Prompt processing progress: 133120/200004
2026-10-02 17:08:45,734 - INFO - Prompt processing progress: 135168/200004
2026-10-02 17:08:48,225 - INFO - Prompt processing progress: 137216/200004
2026-10-02 17:08:50,752 - INFO - Prompt processing progress: 139264/200004
2026-10-02 17:08:53,328 - INFO - Prompt processing progress: 141312/200004
2026-10-02 17:08:55,904 - INFO - Prompt processing progress: 143360/200004
2026-10-02 17:08:58,510 - INFO - Prompt processing progress: 145408/200004
2026-10-02 17:09:01,123 - INFO - Prompt processing progress: 147456/200004
2026-10-02 17:09:03,762 - INFO - Prompt processing progress: 149504/200004
2026-10-02 17:09:06,417 - INFO - Prompt processing progress: 151552/200004
2026-10-02 17:09:09,095 - INFO - Prompt processing progress: 153600/200004
2026-10-02 17:09:11,772 - INFO - Prompt processing progress: 155648/200004
2026-10-02 17:09:14,495 - INFO - Prompt processing progress: 157696/200004
2026-10-02 17:09:17,236 - INFO - Prompt processing progress: 159744/200004
2026-10-02 17:09:19,992 - INFO - Prompt processing progress: 161792/200004
2026-10-02 17:09:22,756 - INFO - Prompt processing progress: 163840/200004
2026-10-02 17:09:25,560 - INFO - Prompt processing progress: 165888/200004
2026-10-02 17:09:28,371 - INFO - Prompt processing progress: 167936/200004
2026-10-02 17:09:31,192 - INFO - Prompt processing progress: 169984/200004
2026-10-02 17:09:34,058 - INFO - Prompt processing progress: 172032/200004
2026-10-02 17:09:36,944 - INFO - Prompt processing progress: 174080/200004
2026-10-02 17:09:39,839 - INFO - Prompt processing progress: 176128/200004
2026-10-02 17:09:42,756 - INFO - Prompt processing progress: 178176/200004
2026-10-02 17:09:45,690 - INFO - Prompt processing progress: 180224/200004
2026-10-02 17:09:48,657 - INFO - Prompt processing progress: 182272/200004
2026-10-02 17:09:51,638 - INFO - Prompt processing progress: 184320/200004
2026-10-02 17:09:54,673 - INFO - Prompt processing progress: 186368/200004
2026-10-02 17:09:57,713 - INFO - Prompt processing progress: 188416/200004
2026-10-02 17:10:00,759 - INFO - Prompt processing progress: 190464/200004
2026-10-02 17:10:03,836 - INFO - Prompt processing progress: 192512/200004
2026-10-02 17:10:06,916 - INFO - Prompt processing progress: 194560/200004
2026-10-02 17:10:10,033 - INFO - Prompt processing progress: 196608/200004
2026-10-02 17:10:13,170 - INFO - Prompt processing progress: 198656/200004
2026-10-02 17:10:15,578 - INFO - Prompt processing progress: 200003/200004
2026-10-02 17:10:15,672 - INFO - Prompt processing progress: 200004/200004
127.0.0.1 - - [02/Oct/2026 17:10:32] "POST /v1/chat/completions HTTP/1.1" 200 -
2026-10-02 17:10:32,014 - INFO - Prompt Cache: 0 sequences, 0.00 GB
2026-10-02 17:10:32,014 - INFO - - assistant: 0 sequences, 0.00 GB
2026-10-02 17:10:32,014 - INFO - - user: 0 sequences, 0.00 GB
2026-10-02 17:10:32,014 - INFO - - system: 0 sequences, 0.00 GB
2026-10-02 17:10:32,099 - INFO - Prompt processing progress: 0/200005
2026-10-02 17:10:33,556 - INFO - Prompt processing progress: 2048/200005
2026-10-02 17:10:34,732 - INFO - Prompt processing progress: 4096/200005
2026-10-02 17:10:35,922 - INFO - Prompt processing progress: 6144/200005
2026-10-02 17:10:37,131 - INFO - Prompt processing progress: 8192/200005
2026-10-02 17:10:38,359 - INFO - Prompt processing progress: 10240/200005
2026-10-02 17:10:39,610 - INFO - Prompt processing progress: 12288/200005
2026-10-02 17:10:40,882 - INFO - Prompt processing progress: 14336/200005
2026-10-02 17:10:42,178 - INFO - Prompt processing progress: 16384/200005
2026-10-02 17:10:43,491 - INFO - Prompt processing progress: 18432/200005
2026-10-02 17:10:44,824 - INFO - Prompt processing progress: 20480/200005
2026-10-02 17:10:46,178 - INFO - Prompt processing progress: 22528/200005
2026-10-02 17:10:47,550 - INFO - Prompt processing progress: 24576/200005
2026-10-02 17:10:48,946 - INFO - Prompt processing progress: 26624/200005
2026-10-02 17:10:50,379 - INFO - Prompt processing progress: 28672/200005
2026-10-02 17:10:51,818 - INFO - Prompt processing progress: 30720/200005
2026-10-02 17:10:53,270 - INFO - Prompt processing progress: 32768/200005
2026-10-02 17:10:54,744 - INFO - Prompt processing progress: 34816/200005
2026-10-02 17:10:56,258 - INFO - Prompt processing progress: 36864/200005
2026-10-02 17:10:57,780 - INFO - Prompt processing progress: 38912/200005
2026-10-02 17:10:59,318 - INFO - Prompt processing progress: 40960/200005
2026-10-02 17:11:00,879 - INFO - Prompt processing progress: 43008/200005
2026-10-02 17:11:02,458 - INFO - Prompt processing progress: 45056/200005
2026-10-02 17:11:04,054 - INFO - Prompt processing progress: 47104/200005
2026-10-02 17:11:05,675 - INFO - Prompt processing progress: 49152/200005
2026-10-02 17:11:07,310 - INFO - Prompt processing progress: 51200/200005
2026-10-02 17:11:08,969 - INFO - Prompt processing progress: 53248/200005
2026-10-02 17:11:10,656 - INFO - Prompt processing progress: 55296/200005
2026-10-02 17:11:12,357 - INFO - Prompt processing progress: 57344/200005
2026-10-02 17:11:14,074 - INFO - Prompt processing progress: 59392/200005
2026-10-02 17:11:15,813 - INFO - Prompt processing progress: 61440/200005
2026-10-02 17:11:17,580 - INFO - Prompt processing progress: 63488/200005
2026-10-02 17:11:19,366 - INFO - Prompt processing progress: 65536/200005
2026-10-02 17:11:21,168 - INFO - Prompt processing progress: 67584/200005
2026-10-02 17:11:22,993 - INFO - Prompt processing progress: 69632/200005
2026-10-02 17:11:24,836 - INFO - Prompt processing progress: 71680/200005
2026-10-02 17:11:26,697 - INFO - Prompt processing progress: 73728/200005
2026-10-02 17:11:28,581 - INFO - Prompt processing progress: 75776/200005
2026-10-02 17:11:30,481 - INFO - Prompt processing progress: 77824/200005
2026-10-02 17:11:32,412 - INFO - Prompt processing progress: 79872/200005
2026-10-02 17:11:34,357 - INFO - Prompt processing progress: 81920/200005
2026-10-02 17:11:36,324 - INFO - Prompt processing progress: 83968/200005
2026-10-02 17:11:38,314 - INFO - Prompt processing progress: 86016/200005
2026-10-02 17:11:40,357 - INFO - Prompt processing progress: 88064/200005
2026-10-02 17:11:42,432 - INFO - Prompt processing progress: 90112/200005
2026-10-02 17:11:44,476 - INFO - Prompt processing progress: 92160/200005
2026-10-02 17:11:46,550 - INFO - Prompt processing progress: 94208/200005
2026-10-02 17:11:48,669 - INFO - Prompt processing progress: 96256/200005
2026-10-02 17:11:50,786 - INFO - Prompt processing progress: 98304/200005
2026-10-02 17:11:52,913 - INFO - Prompt processing progress: 100352/200005
2026-10-02 17:11:55,065 - INFO - Prompt processing progress: 102400/200005
2026-10-02 17:11:57,255 - INFO - Prompt processing progress: 104448/200005
2026-10-02 17:11:59,445 - INFO - Prompt processing progress: 106496/200005
2026-10-02 17:12:01,661 - INFO - Prompt processing progress: 108544/200005
2026-10-02 17:12:03,892 - INFO - Prompt processing progress: 110592/200005
2026-10-02 17:12:06,151 - INFO - Prompt processing progress: 112640/200005
2026-10-02 17:12:08,427 - INFO - Prompt processing progress: 114688/200005
2026-10-02 17:12:10,714 - INFO - Prompt processing progress: 116736/200005
2026-10-02 17:12:13,030 - INFO - Prompt processing progress: 118784/200005
2026-10-02 17:12:15,380 - INFO - Prompt processing progress: 120832/200005
2026-10-02 17:12:17,738 - INFO - Prompt processing progress: 122880/200005
2026-10-02 17:12:20,137 - INFO - Prompt processing progress: 124928/200005
2026-10-02 17:12:22,535 - INFO - Prompt processing progress: 126976/200005
2026-10-02 17:12:24,955 - INFO - Prompt processing progress: 129024/200005
2026-10-02 17:12:27,392 - INFO - Prompt processing progress: 131072/200005
2026-10-02 17:12:29,859 - INFO - Prompt processing progress: 133120/200005
2026-10-02 17:12:32,344 - INFO - Prompt processing progress: 135168/200005
2026-10-02 17:12:34,869 - INFO - Prompt processing progress: 137216/200005
2026-10-02 17:12:37,396 - INFO - Prompt processing progress: 139264/200005
2026-10-02 17:12:39,937 - INFO - Prompt processing progress: 141312/200005
2026-10-02 17:12:42,497 - INFO - Prompt processing progress: 143360/200005
2026-10-02 17:12:45,098 - INFO - Prompt processing progress: 145408/200005
2026-10-02 17:12:47,705 - INFO - Prompt processing progress: 147456/200005
2026-10-02 17:12:50,313 - INFO - Prompt processing progress: 149504/200005
2026-10-02 17:12:52,958 - INFO - Prompt processing progress: 151552/200005
2026-10-02 17:12:55,642 - INFO - Prompt processing progress: 153600/200005
2026-10-02 17:12:58,329 - INFO - Prompt processing progress: 155648/200005
2026-10-02 17:13:01,043 - INFO - Prompt processing progress: 157696/200005
2026-10-02 17:13:03,793 - INFO - Prompt processing progress: 159744/200005
2026-10-02 17:13:06,553 - INFO - Prompt processing progress: 161792/200005
2026-10-02 17:13:09,345 - INFO - Prompt processing progress: 163840/200005
2026-10-02 17:13:12,154 - INFO - Prompt processing progress: 165888/200005
2026-10-02 17:13:14,971 - INFO - Prompt processing progress: 167936/200005
2026-10-02 17:13:17,823 - INFO - Prompt processing progress: 169984/200005
2026-10-02 17:13:20,684 - INFO - Prompt processing progress: 172032/200005
2026-10-02 17:13:23,550 - INFO - Prompt processing progress: 174080/200005
2026-10-02 17:13:26,436 - INFO - Prompt processing progress: 176128/200005
2026-10-02 17:13:29,354 - INFO - Prompt processing progress: 178176/200005
2026-10-02 17:13:32,286 - INFO - Prompt processing progress: 180224/200005
2026-10-02 17:13:35,242 - INFO - Prompt processing progress: 182272/200005
2026-10-02 17:13:38,251 - INFO - Prompt processing progress: 184320/200005
2026-10-02 17:13:41,252 - INFO - Prompt processing progress: 186368/200005
2026-10-02 17:13:44,277 - INFO - Prompt processing progress: 188416/200005
2026-10-02 17:13:47,342 - INFO - Prompt processing progress: 190464/200005
2026-10-02 17:13:50,408 - INFO - Prompt processing progress: 192512/200005
2026-10-02 17:13:53,479 - INFO - Prompt processing progress: 194560/200005
2026-10-02 17:13:56,604 - INFO - Prompt processing progress: 196608/200005
2026-10-02 17:13:59,729 - INFO - Prompt processing progress: 198656/200005
2026-10-02 17:14:02,135 - INFO - Prompt processing progress: 200004/200005
2026-10-02 17:14:02,230 - INFO - Prompt processing progress: 200005/200005
127.0.0.1 - - [02/Oct/2026 17:14:18] "POST /v1/chat/completions HTTP/1.1" 200 -
2026-10-02 17:14:18,743 - INFO - Prompt Cache: 0 sequences, 0.00 GB
2026-10-02 17:14:18,743 - INFO - - assistant: 0 sequences, 0.00 GB
2026-10-02 17:14:18,743 - INFO - - user: 0 sequences, 0.00 GB
2026-10-02 17:14:18,743 - INFO - - system: 0 sequences, 0.00 GB
2026-10-02 17:14:18,825 - INFO - Prompt processing progress: 0/200004
2026-10-02 17:14:20,278 - INFO - Prompt processing progress: 2048/200004
2026-10-02 17:14:21,451 - INFO - Prompt processing progress: 4096/200004
2026-10-02 17:14:22,641 - INFO - Prompt processing progress: 6144/200004
2026-10-02 17:14:23,850 - INFO - Prompt processing progress: 8192/200004
2026-10-02 17:14:25,077 - INFO - Prompt processing progress: 10240/200004
2026-10-02 17:14:26,328 - INFO - Prompt processing progress: 12288/200004
2026-10-02 17:14:27,604 - INFO - Prompt processing progress: 14336/200004
2026-10-02 17:14:28,898 - INFO - Prompt processing progress: 16384/200004
2026-10-02 17:14:30,213 - INFO - Prompt processing progress: 18432/200004
2026-10-02 17:14:31,545 - INFO - Prompt processing progress: 20480/200004
2026-10-02 17:14:32,901 - INFO - Prompt processing progress: 22528/200004
2026-10-02 17:14:34,272 - INFO - Prompt processing progress: 24576/200004
2026-10-02 17:14:35,670 - INFO - Prompt processing progress: 26624/200004
2026-10-02 17:14:37,082 - INFO - Prompt processing progress: 28672/200004
2026-10-02 17:14:38,518 - INFO - Prompt processing progress: 30720/200004
2026-10-02 17:14:39,973 - INFO - Prompt processing progress: 32768/200004
2026-10-02 17:14:41,450 - INFO - Prompt processing progress: 34816/200004
2026-10-02 17:14:42,950 - INFO - Prompt processing progress: 36864/200004
2026-10-02 17:14:44,471 - INFO - Prompt processing progress: 38912/200004
2026-10-02 17:14:46,010 - INFO - Prompt processing progress: 40960/200004
2026-10-02 17:14:47,569 - INFO - Prompt processing progress: 43008/200004
2026-10-02 17:14:49,150 - INFO - Prompt processing progress: 45056/200004
2026-10-02 17:14:50,748 - INFO - Prompt processing progress: 47104/200004
2026-10-02 17:14:52,368 - INFO - Prompt processing progress: 49152/200004
2026-10-02 17:14:54,004 - INFO - Prompt processing progress: 51200/200004
2026-10-02 17:14:55,667 - INFO - Prompt processing progress: 53248/200004
2026-10-02 17:14:57,343 - INFO - Prompt processing progress: 55296/200004
2026-10-02 17:14:59,039 - INFO - Prompt processing progress: 57344/200004
2026-10-02 17:15:00,758 - INFO - Prompt processing progress: 59392/200004
2026-10-02 17:15:02,505 - INFO - Prompt processing progress: 61440/200004
2026-10-02 17:15:04,262 - INFO - Prompt processing progress: 63488/200004
2026-10-02 17:15:06,045 - INFO - Prompt processing progress: 65536/200004
2026-10-02 17:15:07,849 - INFO - Prompt processing progress: 67584/200004
2026-10-02 17:15:09,672 - INFO - Prompt processing progress: 69632/200004
2026-10-02 17:15:11,511 - INFO - Prompt processing progress: 71680/200004
2026-10-02 17:15:13,371 - INFO - Prompt processing progress: 73728/200004
2026-10-02 17:15:15,253 - INFO - Prompt processing progress: 75776/200004
2026-10-02 17:15:17,156 - INFO - Prompt processing progress: 77824/200004
2026-10-02 17:15:19,077 - INFO - Prompt processing progress: 79872/200004
2026-10-02 17:15:21,026 - INFO - Prompt processing progress: 81920/200004
2026-10-02 17:15:22,992 - INFO - Prompt processing progress: 83968/200004
2026-10-02 17:15:24,982 - INFO - Prompt processing progress: 86016/200004
2026-10-02 17:15:26,991 - INFO - Prompt processing progress: 88064/200004
2026-10-02 17:15:29,021 - INFO - Prompt processing progress: 90112/200004
2026-10-02 17:15:31,072 - INFO - Prompt processing progress: 92160/200004
2026-10-02 17:15:33,148 - INFO - Prompt processing progress: 94208/200004
2026-10-02 17:15:35,236 - INFO - Prompt processing progress: 96256/200004
2026-10-02 17:15:37,346 - INFO - Prompt processing progress: 98304/200004
2026-10-02 17:15:39,476 - INFO - Prompt processing progress: 100352/200004
2026-10-02 17:15:41,640 - INFO - Prompt processing progress: 102400/200004
2026-10-02 17:15:43,814 - INFO - Prompt processing progress: 104448/200004
2026-10-02 17:15:45,997 - INFO - Prompt processing progress: 106496/200004
2026-10-02 17:15:48,220 - INFO - Prompt processing progress: 108544/200004
2026-10-02 17:15:50,457 - INFO - Prompt processing progress: 110592/200004
2026-10-02 17:15:52,714 - INFO - Prompt processing progress: 112640/200004
2026-10-02 17:15:54,992 - INFO - Prompt processing progress: 114688/200004
2026-10-02 17:15:57,297 - INFO - Prompt processing progress: 116736/200004
2026-10-02 17:15:59,613 - INFO - Prompt processing progress: 118784/200004
2026-10-02 17:16:01,950 - INFO - Prompt processing progress: 120832/200004
2026-10-02 17:16:04,315 - INFO - Prompt processing progress: 122880/200004
2026-10-02 17:16:06,702 - INFO - Prompt processing progress: 124928/200004
2026-10-02 17:16:09,104 - INFO - Prompt processing progress: 126976/200004
2026-10-02 17:16:11,519 - INFO - Prompt processing progress: 129024/200004
2026-10-02 17:16:13,956 - INFO - Prompt processing progress: 131072/200004
2026-10-02 17:16:16,434 - INFO - Prompt processing progress: 133120/200004
2026-10-02 17:16:18,911 - INFO - Prompt processing progress: 135168/200004
2026-10-02 17:16:21,419 - INFO - Prompt processing progress: 137216/200004
2026-10-02 17:16:23,950 - INFO - Prompt processing progress: 139264/200004
2026-10-02 17:16:26,500 - INFO - Prompt processing progress: 141312/200004
2026-10-02 17:16:29,062 - INFO - Prompt processing progress: 143360/200004
2026-10-02 17:16:31,674 - INFO - Prompt processing progress: 145408/200004
2026-10-02 17:16:34,276 - INFO - Prompt processing progress: 147456/200004
2026-10-02 17:16:36,921 - INFO - Prompt processing progress: 149504/200004
2026-10-02 17:16:39,573 - INFO - Prompt processing progress: 151552/200004
2026-10-02 17:16:42,270 - INFO - Prompt processing progress: 153600/200004
2026-10-02 17:16:44,952 - INFO - Prompt processing progress: 155648/200004
2026-10-02 17:16:47,679 - INFO - Prompt processing progress: 157696/200004
2026-10-02 17:16:50,398 - INFO - Prompt processing progress: 159744/200004
2026-10-02 17:16:53,165 - INFO - Prompt processing progress: 161792/200004
2026-10-02 17:16:55,950 - INFO - Prompt processing progress: 163840/200004
2026-10-02 17:16:58,735 - INFO - Prompt processing progress: 165888/200004
2026-10-02 17:17:01,565 - INFO - Prompt processing progress: 167936/200004
2026-10-02 17:17:04,406 - INFO - Prompt processing progress: 169984/200004
2026-10-02 17:17:07,265 - INFO - Prompt processing progress: 172032/200004
2026-10-02 17:17:10,140 - INFO - Prompt processing progress: 174080/200004
2026-10-02 17:17:13,053 - INFO - Prompt processing progress: 176128/200004
2026-10-02 17:17:15,969 - INFO - Prompt processing progress: 178176/200004
2026-10-02 17:17:18,906 - INFO - Prompt processing progress: 180224/200004
2026-10-02 17:17:21,863 - INFO - Prompt processing progress: 182272/200004
2026-10-02 17:17:24,863 - INFO - Prompt processing progress: 184320/200004
2026-10-02 17:17:27,854 - INFO - Prompt processing progress: 186368/200004
2026-10-02 17:17:30,890 - INFO - Prompt processing progress: 188416/200004
2026-10-02 17:17:33,933 - INFO - Prompt processing progress: 190464/200004
2026-10-02 17:17:37,002 - INFO - Prompt processing progress: 192512/200004
2026-10-02 17:17:40,099 - INFO - Prompt processing progress: 194560/200004
2026-10-02 17:17:43,219 - INFO - Prompt processing progress: 196608/200004
2026-10-02 17:17:46,349 - INFO - Prompt processing progress: 198656/200004
2026-10-02 17:17:48,751 - INFO - Prompt processing progress: 200003/200004
2026-10-02 17:17:48,851 - INFO - Prompt processing progress: 200004/200004
127.0.0.1 - - [02/Oct/2026 17:18:05] "POST /v1/chat/completions HTTP/1.1" 200 -
2026-10-02 17:18:05,660 - INFO - Prompt Cache: 0 sequences, 0.00 GB
2026-10-02 17:18:05,661 - INFO - - assistant: 0 sequences, 0.00 GB
2026-10-02 17:18:05,661 - INFO - - user: 0 sequences, 0.00 GB
2026-10-02 17:18:05,661 - INFO - - system: 0 sequences, 0.00 GB
2026-10-02 17:18:05,744 - INFO - Prompt processing progress: 0/200005
2026-10-02 17:18:07,228 - INFO - Prompt processing progress: 2048/200005
2026-10-02 17:18:08,402 - INFO - Prompt processing progress: 4096/200005
2026-10-02 17:18:09,591 - INFO - Prompt processing progress: 6144/200005
2026-10-02 17:18:10,802 - INFO - Prompt processing progress: 8192/200005
2026-10-02 17:18:12,049 - INFO - Prompt processing progress: 10240/200005
2026-10-02 17:18:13,305 - INFO - Prompt processing progress: 12288/200005
2026-10-02 17:18:14,583 - INFO - Prompt processing progress: 14336/200005
2026-10-02 17:18:15,885 - INFO - Prompt processing progress: 16384/200005
2026-10-02 17:18:17,200 - INFO - Prompt processing progress: 18432/200005
2026-10-02 17:18:18,530 - INFO - Prompt processing progress: 20480/200005
2026-10-02 17:18:19,886 - INFO - Prompt processing progress: 22528/200005
2026-10-02 17:18:21,263 - INFO - Prompt processing progress: 24576/200005
2026-10-02 17:18:22,661 - INFO - Prompt processing progress: 26624/200005
2026-10-02 17:18:24,077 - INFO - Prompt processing progress: 28672/200005
2026-10-02 17:18:25,510 - INFO - Prompt processing progress: 30720/200005
2026-10-02 17:18:26,970 - INFO - Prompt processing progress: 32768/200005
2026-10-02 17:18:28,443 - INFO - Prompt processing progress: 34816/200005
2026-10-02 17:18:29,947 - INFO - Prompt processing progress: 36864/200005
2026-10-02 17:18:31,468 - INFO - Prompt processing progress: 38912/200005
2026-10-02 17:18:33,011 - INFO - Prompt processing progress: 40960/200005
2026-10-02 17:18:34,580 - INFO - Prompt processing progress: 43008/200005
2026-10-02 17:18:36,162 - INFO - Prompt processing progress: 45056/200005
2026-10-02 17:18:37,761 - INFO - Prompt processing progress: 47104/200005
2026-10-02 17:18:39,380 - INFO - Prompt processing progress: 49152/200005
2026-10-02 17:18:41,017 - INFO - Prompt processing progress: 51200/200005
2026-10-02 17:18:42,680 - INFO - Prompt processing progress: 53248/200005
2026-10-02 17:18:44,357 - INFO - Prompt processing progress: 55296/200005
2026-10-02 17:18:46,056 - INFO - Prompt processing progress: 57344/200005
2026-10-02 17:18:47,781 - INFO - Prompt processing progress: 59392/200005
2026-10-02 17:18:49,514 - INFO - Prompt processing progress: 61440/200005
2026-10-02 17:18:51,276 - INFO - Prompt processing progress: 63488/200005
2026-10-02 17:18:53,055 - INFO - Prompt processing progress: 65536/200005
2026-10-02 17:18:54,853 - INFO - Prompt processing progress: 67584/200005
2026-10-02 17:18:56,673 - INFO - Prompt processing progress: 69632/200005
2026-10-02 17:18:58,518 - INFO - Prompt processing progress: 71680/200005
2026-10-02 17:19:00,385 - INFO - Prompt processing progress: 73728/200005
2026-10-02 17:19:02,267 - INFO - Prompt processing progress: 75776/200005
2026-10-02 17:19:04,170 - INFO - Prompt processing progress: 77824/200005
2026-10-02 17:19:06,100 - INFO - Prompt processing progress: 79872/200005
2026-10-02 17:19:08,052 - INFO - Prompt processing progress: 81920/200005
2026-10-02 17:19:10,019 - INFO - Prompt processing progress: 83968/200005
2026-10-02 17:19:12,013 - INFO - Prompt processing progress: 86016/200005
2026-10-02 17:19:14,017 - INFO - Prompt processing progress: 88064/200005
2026-10-02 17:19:16,054 - INFO - Prompt processing progress: 90112/200005
2026-10-02 17:19:18,102 - INFO - Prompt processing progress: 92160/200005
2026-10-02 17:19:20,164 - INFO - Prompt processing progress: 94208/200005
2026-10-02 17:19:22,252 - INFO - Prompt processing progress: 96256/200005
2026-10-02 17:19:24,367 - INFO - Prompt processing progress: 98304/200005
2026-10-02 17:19:26,504 - INFO - Prompt processing progress: 100352/200005
2026-10-02 17:19:28,660 - INFO - Prompt processing progress: 102400/200005
2026-10-02 17:19:30,835 - INFO - Prompt processing progress: 104448/200005
2026-10-02 17:19:33,040 - INFO - Prompt processing progress: 106496/200005
2026-10-02 17:19:35,261 - INFO - Prompt processing progress: 108544/200005
2026-10-02 17:19:37,485 - INFO - Prompt processing progress: 110592/200005
2026-10-02 17:19:39,737 - INFO - Prompt processing progress: 112640/200005
2026-10-02 17:19:42,040 - INFO - Prompt processing progress: 114688/200005
2026-10-02 17:19:44,338 - INFO - Prompt processing progress: 116736/200005
2026-10-02 17:19:46,649 - INFO - Prompt processing progress: 118784/200005
2026-10-02 17:19:48,983 - INFO - Prompt processing progress: 120832/200005
2026-10-02 17:19:51,355 - INFO - Prompt processing progress: 122880/200005
2026-10-02 17:19:53,739 - INFO - Prompt processing progress: 124928/200005
2026-10-02 17:19:56,134 - INFO - Prompt processing progress: 126976/200005
2026-10-02 17:19:58,567 - INFO - Prompt processing progress: 129024/200005
2026-10-02 17:20:01,008 - INFO - Prompt processing progress: 131072/200005
2026-10-02 17:20:03,470 - INFO - Prompt processing progress: 133120/200005
2026-10-02 17:20:05,996 - INFO - Prompt processing progress: 135168/200005
2026-10-02 17:20:08,508 - INFO - Prompt processing progress: 137216/200005
2026-10-02 17:20:11,046 - INFO - Prompt processing progress: 139264/200005
2026-10-02 17:20:13,592 - INFO - Prompt processing progress: 141312/200005
2026-10-02 17:20:16,169 - INFO - Prompt processing progress: 143360/200005
2026-10-02 17:20:18,755 - INFO - Prompt processing progress: 145408/200005
2026-10-02 17:20:21,363 - INFO - Prompt processing progress: 147456/200005
2026-10-02 17:20:23,982 - INFO - Prompt processing progress: 149504/200005
2026-10-02 17:20:26,656 - INFO - Prompt processing progress: 151552/200005
2026-10-02 17:20:29,320 - INFO - Prompt processing progress: 153600/200005
2026-10-02 17:20:32,022 - INFO - Prompt processing progress: 155648/200005
2026-10-02 17:20:34,752 - INFO - Prompt processing progress: 157696/200005
2026-10-02 17:20:37,499 - INFO - Prompt processing progress: 159744/200005
2026-10-02 17:20:40,251 - INFO - Prompt processing progress: 161792/200005
2026-10-02 17:20:43,035 - INFO - Prompt processing progress: 163840/200005
2026-10-02 17:20:45,824 - INFO - Prompt processing progress: 165888/200005
2026-10-02 17:20:48,647 - INFO - Prompt processing progress: 167936/200005
2026-10-02 17:20:51,498 - INFO - Prompt processing progress: 169984/200005
2026-10-02 17:20:54,362 - INFO - Prompt processing progress: 172032/200005
2026-10-02 17:20:57,251 - INFO - Prompt processing progress: 174080/200005
2026-10-02 17:21:00,138 - INFO - Prompt processing progress: 176128/200005
2026-10-02 17:21:03,105 - INFO - Prompt processing progress: 178176/200005
2026-10-02 17:21:06,059 - INFO - Prompt processing progress: 180224/200005
2026-10-02 17:21:09,018 - INFO - Prompt processing progress: 182272/200005
2026-10-02 17:21:11,990 - INFO - Prompt processing progress: 184320/200005
2026-10-02 17:21:14,992 - INFO - Prompt processing progress: 186368/200005
2026-10-02 17:21:18,044 - INFO - Prompt processing progress: 188416/200005
2026-10-02 17:21:21,071 - INFO - Prompt processing progress: 190464/200005
2026-10-02 17:21:24,138 - INFO - Prompt processing progress: 192512/200005
2026-10-02 17:21:27,235 - INFO - Prompt processing progress: 194560/200005
2026-10-02 17:21:30,346 - INFO - Prompt processing progress: 196608/200005
2026-10-02 17:21:33,503 - INFO - Prompt processing progress: 198656/200005
2026-10-02 17:21:35,908 - INFO - Prompt processing progress: 200004/200005
2026-10-02 17:21:36,008 - INFO - Prompt processing progress: 200005/200005
127.0.0.1 - - [02/Oct/2026 17:21:52] "POST /v1/chat/completions HTTP/1.1" 200 -
2026-10-02 17:21:52,372 - INFO - Prompt Cache: 0 sequences, 0.00 GB
2026-10-02 17:21:52,372 - INFO - - assistant: 0 sequences, 0.00 GB
2026-10-02 17:21:52,372 - INFO - - user: 0 sequences, 0.00 GB
2026-10-02 17:21:52,372 - INFO - - system: 0 sequences, 0.00 GB
2026-10-02 17:21:52,454 - INFO - Prompt processing progress: 0/200001
2026-10-02 17:21:53,909 - INFO - Prompt processing progress: 2048/200001
2026-10-02 17:21:55,097 - INFO - Prompt processing progress: 4096/200001
2026-10-02 17:21:56,288 - INFO - Prompt processing progress: 6144/200001
2026-10-02 17:21:57,499 - INFO - Prompt processing progress: 8192/200001
2026-10-02 17:21:58,728 - INFO - Prompt processing progress: 10240/200001
2026-10-02 17:21:59,978 - INFO - Prompt processing progress: 12288/200001
2026-10-02 17:22:01,255 - INFO - Prompt processing progress: 14336/200001
2026-10-02 17:22:02,563 - INFO - Prompt processing progress: 16384/200001
2026-10-02 17:22:03,876 - INFO - Prompt processing progress: 18432/200001
2026-10-02 17:22:05,205 - INFO - Prompt processing progress: 20480/200001
2026-10-02 17:22:06,561 - INFO - Prompt processing progress: 22528/200001
2026-10-02 17:22:07,937 - INFO - Prompt processing progress: 24576/200001
2026-10-02 17:22:09,335 - INFO - Prompt processing progress: 26624/200001
2026-10-02 17:22:10,754 - INFO - Prompt processing progress: 28672/200001
2026-10-02 17:22:12,189 - INFO - Prompt processing progress: 30720/200001
2026-10-02 17:22:13,648 - INFO - Prompt processing progress: 32768/200001
2026-10-02 17:22:15,120 - INFO - Prompt processing progress: 34816/200001
2026-10-02 17:22:16,625 - INFO - Prompt processing progress: 36864/200001
2026-10-02 17:22:18,144 - INFO - Prompt processing progress: 38912/200001
2026-10-02 17:22:19,680 - INFO - Prompt processing progress: 40960/200001
2026-10-02 17:22:21,243 - INFO - Prompt processing progress: 43008/200001
2026-10-02 17:22:22,822 - INFO - Prompt processing progress: 45056/200001
2026-10-02 17:22:24,421 - INFO - Prompt processing progress: 47104/200001
2026-10-02 17:22:26,041 - INFO - Prompt processing progress: 49152/200001
2026-10-02 17:22:27,677 - INFO - Prompt processing progress: 51200/200001
2026-10-02 17:22:29,335 - INFO - Prompt processing progress: 53248/200001
2026-10-02 17:22:31,012 - INFO - Prompt processing progress: 55296/200001
2026-10-02 17:22:32,711 - INFO - Prompt processing progress: 57344/200001
2026-10-02 17:22:34,431 - INFO - Prompt processing progress: 59392/200001
2026-10-02 17:22:36,177 - INFO - Prompt processing progress: 61440/200001
2026-10-02 17:22:37,936 - INFO - Prompt processing progress: 63488/200001
2026-10-02 17:22:39,719 - INFO - Prompt processing progress: 65536/200001
2026-10-02 17:22:41,529 - INFO - Prompt processing progress: 67584/200001
2026-10-02 17:22:43,350 - INFO - Prompt processing progress: 69632/200001
2026-10-02 17:22:45,192 - INFO - Prompt processing progress: 71680/200001
2026-10-02 17:22:47,055 - INFO - Prompt processing progress: 73728/200001
2026-10-02 17:22:48,946 - INFO - Prompt processing progress: 75776/200001
2026-10-02 17:22:50,850 - INFO - Prompt processing progress: 77824/200001
2026-10-02 17:22:52,778 - INFO - Prompt processing progress: 79872/200001
2026-10-02 17:22:54,741 - INFO - Prompt processing progress: 81920/200001
2026-10-02 17:22:56,704 - INFO - Prompt processing progress: 83968/200001
2026-10-02 17:22:58,701 - INFO - Prompt processing progress: 86016/200001
2026-10-02 17:23:00,708 - INFO - Prompt processing progress: 88064/200001
2026-10-02 17:23:02,777 - INFO - Prompt processing progress: 90112/200001
2026-10-02 17:23:04,821 - INFO - Prompt processing progress: 92160/200001
2026-10-02 17:23:06,895 - INFO - Prompt processing progress: 94208/200001
2026-10-02 17:23:09,000 - INFO - Prompt processing progress: 96256/200001
2026-10-02 17:23:11,114 - INFO - Prompt processing progress: 98304/200001
2026-10-02 17:23:13,249 - INFO - Prompt processing progress: 100352/200001
2026-10-02 17:23:15,398 - INFO - Prompt processing progress: 102400/200001
2026-10-02 17:23:17,573 - INFO - Prompt processing progress: 104448/200001
2026-10-02 17:23:19,768 - INFO - Prompt processing progress: 106496/200001
2026-10-02 17:23:21,989 - INFO - Prompt processing progress: 108544/200001
2026-10-02 17:23:24,225 - INFO - Prompt processing progress: 110592/200001
2026-10-02 17:23:26,475 - INFO - Prompt processing progress: 112640/200001
2026-10-02 17:23:28,757 - INFO - Prompt processing progress: 114688/200001
2026-10-02 17:23:31,047 - INFO - Prompt processing progress: 116736/200001
2026-10-02 17:23:33,374 - INFO - Prompt processing progress: 118784/200001
2026-10-02 17:23:35,713 - INFO - Prompt processing progress: 120832/200001
2026-10-02 17:23:38,064 - INFO - Prompt processing progress: 122880/200001
2026-10-02 17:23:40,451 - INFO - Prompt processing progress: 124928/200001
2026-10-02 17:23:42,858 - INFO - Prompt processing progress: 126976/200001
2026-10-02 17:23:45,273 - INFO - Prompt processing progress: 129024/200001
2026-10-02 17:23:47,734 - INFO - Prompt processing progress: 131072/200001
2026-10-02 17:23:50,198 - INFO - Prompt processing progress: 133120/200001
2026-10-02 17:23:52,689 - INFO - Prompt processing progress: 135168/200001
2026-10-02 17:23:55,217 - INFO - Prompt processing progress: 137216/200001
2026-10-02 17:23:57,750 - INFO - Prompt processing progress: 139264/200001
2026-10-02 17:24:00,329 - INFO - Prompt processing progress: 141312/200001
2026-10-02 17:24:02,948 - INFO - Prompt processing progress: 143360/200001
2026-10-02 17:24:05,520 - INFO - Prompt processing progress: 145408/200001
2026-10-02 17:24:08,148 - INFO - Prompt processing progress: 147456/200001
2026-10-02 17:24:10,769 - INFO - Prompt processing progress: 149504/200001
2026-10-02 17:24:13,423 - INFO - Prompt processing progress: 151552/200001
2026-10-02 17:24:16,091 - INFO - Prompt processing progress: 153600/200001
2026-10-02 17:24:18,790 - INFO - Prompt processing progress: 155648/200001
2026-10-02 17:24:21,485 - INFO - Prompt processing progress: 157696/200001
2026-10-02 17:24:24,214 - INFO - Prompt processing progress: 159744/200001
2026-10-02 17:24:26,995 - INFO - Prompt processing progress: 161792/200001
2026-10-02 17:24:29,756 - INFO - Prompt processing progress: 163840/200001
2026-10-02 17:24:32,559 - INFO - Prompt processing progress: 165888/200001
2026-10-02 17:24:35,397 - INFO - Prompt processing progress: 167936/200001
2026-10-02 17:24:38,227 - INFO - Prompt processing progress: 169984/200001
2026-10-02 17:24:41,093 - INFO - Prompt processing progress: 172032/200001
2026-10-02 17:24:43,982 - INFO - Prompt processing progress: 174080/200001
2026-10-02 17:24:46,901 - INFO - Prompt processing progress: 176128/200001
2026-10-02 17:24:49,844 - INFO - Prompt processing progress: 178176/200001
2026-10-02 17:24:52,763 - INFO - Prompt processing progress: 180224/200001
2026-10-02 17:24:55,765 - INFO - Prompt processing progress: 182272/200001
2026-10-02 17:24:58,754 - INFO - Prompt processing progress: 184320/200001
2026-10-02 17:25:01,789 - INFO - Prompt processing progress: 186368/200001
2026-10-02 17:25:04,859 - INFO - Prompt processing progress: 188416/200001
2026-10-02 17:25:07,947 - INFO - Prompt processing progress: 190464/200001
2026-10-02 17:25:11,019 - INFO - Prompt processing progress: 192512/200001
2026-10-02 17:25:14,105 - INFO - Prompt processing progress: 194560/200001
2026-10-02 17:25:17,203 - INFO - Prompt processing progress: 196608/200001
2026-10-02 17:25:20,352 - INFO - Prompt processing progress: 198656/200001
2026-10-02 17:25:22,710 - INFO - Prompt processing progress: 200000/200001
2026-10-02 17:25:22,804 - INFO - Prompt processing progress: 200001/200001
127.0.0.1 - - [02/Oct/2026 17:25:39] "POST /v1/chat/completions HTTP/1.1" 200 -
2026-10-02 17:25:39,359 - INFO - Prompt Cache: 0 sequences, 0.00 GB
2026-10-02 17:25:39,359 - INFO - - assistant: 0 sequences, 0.00 GB
2026-10-02 17:25:39,359 - INFO - - user: 0 sequences, 0.00 GB
2026-10-02 17:25:39,359 - INFO - - system: 0 sequences, 0.00 GB
2026-10-02 17:25:39,446 - INFO - Prompt processing progress: 0/200002
2026-10-02 17:25:40,907 - INFO - Prompt processing progress: 2048/200002
2026-10-02 17:25:42,081 - INFO - Prompt processing progress: 4096/200002
2026-10-02 17:25:43,270 - INFO - Prompt processing progress: 6144/200002
2026-10-02 17:25:44,481 - INFO - Prompt processing progress: 8192/200002
2026-10-02 17:25:45,708 - INFO - Prompt processing progress: 10240/200002
2026-10-02 17:25:46,959 - INFO - Prompt processing progress: 12288/200002
2026-10-02 17:25:48,231 - INFO - Prompt processing progress: 14336/200002
2026-10-02 17:25:49,523 - INFO - Prompt processing progress: 16384/200002
2026-10-02 17:25:50,833 - INFO - Prompt processing progress: 18432/200002
2026-10-02 17:25:52,164 - INFO - Prompt processing progress: 20480/200002
2026-10-02 17:25:53,517 - INFO - Prompt processing progress: 22528/200002
2026-10-02 17:25:54,890 - INFO - Prompt processing progress: 24576/200002
2026-10-02 17:25:56,284 - INFO - Prompt processing progress: 26624/200002
2026-10-02 17:25:57,699 - INFO - Prompt processing progress: 28672/200002
2026-10-02 17:25:59,134 - INFO - Prompt processing progress: 30720/200002
2026-10-02 17:26:00,590 - INFO - Prompt processing progress: 32768/200002
2026-10-02 17:26:02,076 - INFO - Prompt processing progress: 34816/200002
2026-10-02 17:26:03,582 - INFO - Prompt processing progress: 36864/200002
2026-10-02 17:26:05,115 - INFO - Prompt processing progress: 38912/200002
2026-10-02 17:26:06,655 - INFO - Prompt processing progress: 40960/200002
2026-10-02 17:26:08,216 - INFO - Prompt processing progress: 43008/200002
2026-10-02 17:26:09,795 - INFO - Prompt processing progress: 45056/200002
2026-10-02 17:26:11,395 - INFO - Prompt processing progress: 47104/200002
2026-10-02 17:26:13,015 - INFO - Prompt processing progress: 49152/200002
2026-10-02 17:26:14,653 - INFO - Prompt processing progress: 51200/200002
2026-10-02 17:26:16,310 - INFO - Prompt processing progress: 53248/200002
2026-10-02 17:26:17,990 - INFO - Prompt processing progress: 55296/200002
2026-10-02 17:26:19,687 - INFO - Prompt processing progress: 57344/200002
2026-10-02 17:26:21,404 - INFO - Prompt processing progress: 59392/200002
2026-10-02 17:26:23,144 - INFO - Prompt processing progress: 61440/200002
2026-10-02 17:26:24,905 - INFO - Prompt processing progress: 63488/200002
2026-10-02 17:26:26,693 - INFO - Prompt processing progress: 65536/200002
2026-10-02 17:26:28,493 - INFO - Prompt processing progress: 67584/200002
2026-10-02 17:26:30,315 - INFO - Prompt processing progress: 69632/200002
2026-10-02 17:26:32,158 - INFO - Prompt processing progress: 71680/200002
2026-10-02 17:26:34,024 - INFO - Prompt processing progress: 73728/200002
2026-10-02 17:26:35,912 - INFO - Prompt processing progress: 75776/200002
2026-10-02 17:26:37,824 - INFO - Prompt processing progress: 77824/200002
2026-10-02 17:26:39,745 - INFO - Prompt processing progress: 79872/200002
2026-10-02 17:26:41,690 - INFO - Prompt processing progress: 81920/200002
2026-10-02 17:26:43,657 - INFO - Prompt processing progress: 83968/200002
2026-10-02 17:26:45,650 - INFO - Prompt processing progress: 86016/200002
2026-10-02 17:26:47,656 - INFO - Prompt processing progress: 88064/200002
2026-10-02 17:26:49,691 - INFO - Prompt processing progress: 90112/200002
2026-10-02 17:26:51,753 - INFO - Prompt processing progress: 92160/200002
2026-10-02 17:26:53,819 - INFO - Prompt processing progress: 94208/200002
2026-10-02 17:26:55,910 - INFO - Prompt processing progress: 96256/200002
2026-10-02 17:26:58,025 - INFO - Prompt processing progress: 98304/200002
2026-10-02 17:27:00,156 - INFO - Prompt processing progress: 100352/200002
2026-10-02 17:27:02,350 - INFO - Prompt processing progress: 102400/200002
2026-10-02 17:27:04,517 - INFO - Prompt processing progress: 104448/200002
2026-10-02 17:27:06,713 - INFO - Prompt processing progress: 106496/200002
2026-10-02 17:27:08,928 - INFO - Prompt processing progress: 108544/200002
2026-10-02 17:27:11,174 - INFO - Prompt processing progress: 110592/200002
2026-10-02 17:27:13,422 - INFO - Prompt processing progress: 112640/200002
2026-10-02 17:27:15,715 - INFO - Prompt processing progress: 114688/200002
2026-10-02 17:27:18,008 - INFO - Prompt processing progress: 116736/200002
2026-10-02 17:27:20,333 - INFO - Prompt processing progress: 118784/200002
2026-10-02 17:27:22,685 - INFO - Prompt processing progress: 120832/200002
2026-10-02 17:27:25,036 - INFO - Prompt processing progress: 122880/200002
2026-10-02 17:27:27,428 - INFO - Prompt processing progress: 124928/200002
2026-10-02 17:27:29,828 - INFO - Prompt processing progress: 126976/200002
2026-10-02 17:27:32,275 - INFO - Prompt processing progress: 129024/200002
2026-10-02 17:27:34,708 - INFO - Prompt processing progress: 131072/200002
2026-10-02 17:27:37,180 - INFO - Prompt processing progress: 133120/200002
2026-10-02 17:27:39,672 - INFO - Prompt processing progress: 135168/200002
2026-10-02 17:27:42,181 - INFO - Prompt processing progress: 137216/200002
2026-10-02 17:27:44,697 - INFO - Prompt processing progress: 139264/200002
2026-10-02 17:27:47,246 - INFO - Prompt processing progress: 141312/200002
2026-10-02 17:27:49,812 - INFO - Prompt processing progress: 143360/200002
2026-10-02 17:27:52,401 - INFO - Prompt processing progress: 145408/200002
2026-10-02 17:27:55,011 - INFO - Prompt processing progress: 147456/200002
2026-10-02 17:27:57,645 - INFO - Prompt processing progress: 149504/200002
2026-10-02 17:28:00,314 - INFO - Prompt processing progress: 151552/200002
2026-10-02 17:28:03,051 - INFO - Prompt processing progress: 153600/200002
2026-10-02 17:28:05,754 - INFO - Prompt processing progress: 155648/200002
2026-10-02 17:28:08,461 - INFO - Prompt processing progress: 157696/200002
2026-10-02 17:28:11,200 - INFO - Prompt processing progress: 159744/200002
2026-10-02 17:28:13,957 - INFO - Prompt processing progress: 161792/200002
2026-10-02 17:28:16,737 - INFO - Prompt processing progress: 163840/200002
2026-10-02 17:28:19,518 - INFO - Prompt processing progress: 165888/200002
2026-10-02 17:28:22,338 - INFO - Prompt processing progress: 167936/200002
2026-10-02 17:28:25,202 - INFO - Prompt processing progress: 169984/200002
2026-10-02 17:28:28,069 - INFO - Prompt processing progress: 172032/200002
2026-10-02 17:28:30,971 - INFO - Prompt processing progress: 174080/200002
2026-10-02 17:28:33,871 - INFO - Prompt processing progress: 176128/200002
2026-10-02 17:28:36,779 - INFO - Prompt processing progress: 178176/200002
2026-10-02 17:28:39,733 - INFO - Prompt processing progress: 180224/200002
2026-10-02 17:28:42,697 - INFO - Prompt processing progress: 182272/200002
2026-10-02 17:28:45,699 - INFO - Prompt processing progress: 184320/200002
2026-10-02 17:28:48,703 - INFO - Prompt processing progress: 186368/200002
2026-10-02 17:28:51,736 - INFO - Prompt processing progress: 188416/200002
2026-10-02 17:28:54,780 - INFO - Prompt processing progress: 190464/200002
2026-10-02 17:28:57,867 - INFO - Prompt processing progress: 192512/200002
2026-10-02 17:29:00,983 - INFO - Prompt processing progress: 194560/200002
2026-10-02 17:29:04,129 - INFO - Prompt processing progress: 196608/200002
2026-10-02 17:29:07,264 - INFO - Prompt processing progress: 198656/200002
2026-10-02 17:29:09,669 - INFO - Prompt processing progress: 200001/200002
2026-10-02 17:29:09,769 - INFO - Prompt processing progress: 200002/200002
127.0.0.1 - - [02/Oct/2026 17:29:26] "POST /v1/chat/completions HTTP/1.1" 200 -
2026-10-02 17:29:26,277 - INFO - Prompt Cache: 0 sequences, 0.00 GB
2026-10-02 17:29:26,277 - INFO - - assistant: 0 sequences, 0.00 GB
2026-10-02 17:29:26,277 - INFO - - user: 0 sequences, 0.00 GB
2026-10-02 17:29:26,277 - INFO - - system: 0 sequences, 0.00 GB
2026-10-02 17:29:26,360 - INFO - Prompt processing progress: 0/200004
2026-10-02 17:29:27,830 - INFO - Prompt processing progress: 2048/200004
2026-10-02 17:29:29,005 - INFO - Prompt processing progress: 4096/200004
2026-10-02 17:29:30,193 - INFO - Prompt processing progress: 6144/200004
2026-10-02 17:29:31,402 - INFO - Prompt processing progress: 8192/200004
2026-10-02 17:29:32,630 - INFO - Prompt processing progress: 10240/200004
2026-10-02 17:29:33,880 - INFO - Prompt processing progress: 12288/200004
2026-10-02 17:29:35,152 - INFO - Prompt processing progress: 14336/200004
2026-10-02 17:29:36,445 - INFO - Prompt processing progress: 16384/200004
2026-10-02 17:29:37,760 - INFO - Prompt processing progress: 18432/200004
2026-10-02 17:29:39,092 - INFO - Prompt processing progress: 20480/200004
2026-10-02 17:29:40,445 - INFO - Prompt processing progress: 22528/200004
2026-10-02 17:29:41,818 - INFO - Prompt processing progress: 24576/200004
2026-10-02 17:29:43,216 - INFO - Prompt processing progress: 26624/200004
2026-10-02 17:29:44,631 - INFO - Prompt processing progress: 28672/200004
2026-10-02 17:29:46,071 - INFO - Prompt processing progress: 30720/200004
2026-10-02 17:29:47,528 - INFO - Prompt processing progress: 32768/200004
2026-10-02 17:29:49,002 - INFO - Prompt processing progress: 34816/200004
2026-10-02 17:29:50,505 - INFO - Prompt processing progress: 36864/200004
2026-10-02 17:29:52,024 - INFO - Prompt processing progress: 38912/200004
2026-10-02 17:29:53,565 - INFO - Prompt processing progress: 40960/200004
2026-10-02 17:29:55,124 - INFO - Prompt processing progress: 43008/200004
2026-10-02 17:29:56,703 - INFO - Prompt processing progress: 45056/200004
2026-10-02 17:29:58,302 - INFO - Prompt processing progress: 47104/200004
2026-10-02 17:29:59,923 - INFO - Prompt processing progress: 49152/200004
2026-10-02 17:30:01,569 - INFO - Prompt processing progress: 51200/200004
2026-10-02 17:30:03,245 - INFO - Prompt processing progress: 53248/200004
2026-10-02 17:30:04,932 - INFO - Prompt processing progress: 55296/200004
2026-10-02 17:30:06,641 - INFO - Prompt processing progress: 57344/200004
2026-10-02 17:30:08,359 - INFO - Prompt processing progress: 59392/200004
2026-10-02 17:30:10,097 - INFO - Prompt processing progress: 61440/200004
2026-10-02 17:30:11,858 - INFO - Prompt processing progress: 63488/200004
2026-10-02 17:30:13,638 - INFO - Prompt processing progress: 65536/200004
2026-10-02 17:30:15,446 - INFO - Prompt processing progress: 67584/200004
2026-10-02 17:30:17,265 - INFO - Prompt processing progress: 69632/200004
2026-10-02 17:30:19,106 - INFO - Prompt processing progress: 71680/200004
2026-10-02 17:30:20,967 - INFO - Prompt processing progress: 73728/200004
2026-10-02 17:30:22,854 - INFO - Prompt processing progress: 75776/200004
2026-10-02 17:30:24,757 - INFO - Prompt processing progress: 77824/200004
2026-10-02 17:30:26,687 - INFO - Prompt processing progress: 79872/200004
2026-10-02 17:30:28,636 - INFO - Prompt processing progress: 81920/200004
2026-10-02 17:30:30,608 - INFO - Prompt processing progress: 83968/200004
2026-10-02 17:30:32,598 - INFO - Prompt processing progress: 86016/200004
2026-10-02 17:30:34,607 - INFO - Prompt processing progress: 88064/200004
2026-10-02 17:30:36,636 - INFO - Prompt processing progress: 90112/200004
2026-10-02 17:30:38,686 - INFO - Prompt processing progress: 92160/200004
2026-10-02 17:30:40,758 - INFO - Prompt processing progress: 94208/200004
2026-10-02 17:30:42,852 - INFO - Prompt processing progress: 96256/200004
2026-10-02 17:30:44,979 - INFO - Prompt processing progress: 98304/200004
2026-10-02 17:30:47,105 - INFO - Prompt processing progress: 100352/200004
2026-10-02 17:30:49,260 - INFO - Prompt processing progress: 102400/200004
2026-10-02 17:30:51,429 - INFO - Prompt processing progress: 104448/200004
2026-10-02 17:30:53,632 - INFO - Prompt processing progress: 106496/200004
2026-10-02 17:30:55,851 - INFO - Prompt processing progress: 108544/200004
2026-10-02 17:30:58,091 - INFO - Prompt processing progress: 110592/200004
2026-10-02 17:31:00,345 - INFO - Prompt processing progress: 112640/200004
2026-10-02 17:31:02,670 - INFO - Prompt processing progress: 114688/200004
2026-10-02 17:31:04,969 - INFO - Prompt processing progress: 116736/200004
2026-10-02 17:31:07,288 - INFO - Prompt processing progress: 118784/200004
2026-10-02 17:31:09,640 - INFO - Prompt processing progress: 120832/200004
2026-10-02 17:31:12,008 - INFO - Prompt processing progress: 122880/200004
2026-10-02 17:31:14,376 - INFO - Prompt processing progress: 124928/200004
2026-10-02 17:31:16,781 - INFO - Prompt processing progress: 126976/200004
2026-10-02 17:31:19,202 - INFO - Prompt processing progress: 129024/200004
2026-10-02 17:31:21,652 - INFO - Prompt processing progress: 131072/200004
2026-10-02 17:31:24,111 - INFO - Prompt processing progress: 133120/200004
2026-10-02 17:31:26,609 - INFO - Prompt processing progress: 135168/200004
2026-10-02 17:31:29,119 - INFO - Prompt processing progress: 137216/200004
2026-10-02 17:31:31,642 - INFO - Prompt processing progress: 139264/200004
2026-10-02 17:31:34,189 - INFO - Prompt processing progress: 141312/200004
2026-10-02 17:31:36,759 - INFO - Prompt processing progress: 143360/200004
2026-10-02 17:31:39,361 - INFO - Prompt processing progress: 145408/200004
2026-10-02 17:31:41,958 - INFO - Prompt processing progress: 147456/200004
2026-10-02 17:31:44,601 - INFO - Prompt processing progress: 149504/200004
2026-10-02 17:31:47,277 - INFO - Prompt processing progress: 151552/200004
2026-10-02 17:31:49,941 - INFO - Prompt processing progress: 153600/200004
2026-10-02 17:31:52,656 - INFO - Prompt processing progress: 155648/200004
2026-10-02 17:31:55,367 - INFO - Prompt processing progress: 157696/200004
2026-10-02 17:31:58,117 - INFO - Prompt processing progress: 159744/200004
2026-10-02 17:32:00,871 - INFO - Prompt processing progress: 161792/200004
2026-10-02 17:32:03,686 - INFO - Prompt processing progress: 163840/200004
2026-10-02 17:32:06,483 - INFO - Prompt processing progress: 165888/200004
2026-10-02 17:32:09,325 - INFO - Prompt processing progress: 167936/200004
2026-10-02 17:32:12,164 - INFO - Prompt processing progress: 169984/200004
2026-10-02 17:32:15,029 - INFO - Prompt processing progress: 172032/200004
2026-10-02 17:32:17,910 - INFO - Prompt processing progress: 174080/200004
2026-10-02 17:32:20,815 - INFO - Prompt processing progress: 176128/200004
2026-10-02 17:32:23,757 - INFO - Prompt processing progress: 178176/200004
2026-10-02 17:32:26,708 - INFO - Prompt processing progress: 180224/200004
2026-10-02 17:32:29,667 - INFO - Prompt processing progress: 182272/200004
2026-10-02 17:32:32,684 - INFO - Prompt processing progress: 184320/200004
2026-10-02 17:32:35,672 - INFO - Prompt processing progress: 186368/200004
2026-10-02 17:32:38,695 - INFO - Prompt processing progress: 188416/200004
2026-10-02 17:32:41,760 - INFO - Prompt processing progress: 190464/200004
2026-10-02 17:32:44,833 - INFO - Prompt processing progress: 192512/200004
2026-10-02 17:32:47,941 - INFO - Prompt processing progress: 194560/200004
2026-10-02 17:32:51,035 - INFO - Prompt processing progress: 196608/200004
2026-10-02 17:32:54,171 - INFO - Prompt processing progress: 198656/200004
2026-10-02 17:32:56,591 - INFO - Prompt processing progress: 200003/200004
2026-10-02 17:32:56,685 - INFO - Prompt processing progress: 200004/200004
127.0.0.1 - - [02/Oct/2026 17:33:13] "POST /v1/chat/completions HTTP/1.1" 200 -
2026-10-02 17:33:13,149 - INFO - Prompt Cache: 0 sequences, 0.00 GB
2026-10-02 17:33:13,149 - INFO - - assistant: 0 sequences, 0.00 GB
2026-10-02 17:33:13,149 - INFO - - user: 0 sequences, 0.00 GB
2026-10-02 17:33:13,149 - INFO - - system: 0 sequences, 0.00 GB
2026-10-02 17:33:13,231 - INFO - Prompt processing progress: 0/200003
2026-10-02 17:33:14,698 - INFO - Prompt processing progress: 2048/200003
2026-10-02 17:33:15,872 - INFO - Prompt processing progress: 4096/200003
2026-10-02 17:33:17,062 - INFO - Prompt processing progress: 6144/200003
2026-10-02 17:33:18,271 - INFO - Prompt processing progress: 8192/200003
2026-10-02 17:33:19,499 - INFO - Prompt processing progress: 10240/200003
2026-10-02 17:33:20,750 - INFO - Prompt processing progress: 12288/200003
2026-10-02 17:33:22,022 - INFO - Prompt processing progress: 14336/200003
2026-10-02 17:33:23,315 - INFO - Prompt processing progress: 16384/200003
2026-10-02 17:33:24,626 - INFO - Prompt processing progress: 18432/200003
2026-10-02 17:33:25,963 - INFO - Prompt processing progress: 20480/200003
2026-10-02 17:33:27,318 - INFO - Prompt processing progress: 22528/200003
2026-10-02 17:33:28,690 - INFO - Prompt processing progress: 24576/200003
2026-10-02 17:33:30,085 - INFO - Prompt processing progress: 26624/200003
2026-10-02 17:33:31,502 - INFO - Prompt processing progress: 28672/200003
2026-10-02 17:33:32,939 - INFO - Prompt processing progress: 30720/200003
2026-10-02 17:33:34,390 - INFO - Prompt processing progress: 32768/200003
2026-10-02 17:33:35,867 - INFO - Prompt processing progress: 34816/200003
2026-10-02 17:33:37,366 - INFO - Prompt processing progress: 36864/200003
2026-10-02 17:33:38,883 - INFO - Prompt processing progress: 38912/200003
2026-10-02 17:33:40,421 - INFO - Prompt processing progress: 40960/200003
2026-10-02 17:33:41,982 - INFO - Prompt processing progress: 43008/200003
2026-10-02 17:33:43,561 - INFO - Prompt processing progress: 45056/200003
2026-10-02 17:33:45,159 - INFO - Prompt processing progress: 47104/200003
2026-10-02 17:33:46,773 - INFO - Prompt processing progress: 49152/200003
2026-10-02 17:33:48,410 - INFO - Prompt processing progress: 51200/200003
2026-10-02 17:33:50,068 - INFO - Prompt processing progress: 53248/200003
2026-10-02 17:33:51,746 - INFO - Prompt processing progress: 55296/200003
2026-10-02 17:33:53,442 - INFO - Prompt processing progress: 57344/200003
2026-10-02 17:33:55,163 - INFO - Prompt processing progress: 59392/200003
2026-10-02 17:33:56,906 - INFO - Prompt processing progress: 61440/200003
2026-10-02 17:33:58,669 - INFO - Prompt processing progress: 63488/200003
2026-10-02 17:34:00,450 - INFO - Prompt processing progress: 65536/200003
2026-10-02 17:34:02,285 - INFO - Prompt processing progress: 67584/200003
2026-10-02 17:34:04,107 - INFO - Prompt processing progress: 69632/200003
2026-10-02 17:34:05,948 - INFO - Prompt processing progress: 71680/200003
2026-10-02 17:34:07,818 - INFO - Prompt processing progress: 73728/200003
2026-10-02 17:34:09,703 - INFO - Prompt processing progress: 75776/200003
2026-10-02 17:34:11,611 - INFO - Prompt processing progress: 77824/200003
2026-10-02 17:34:13,532 - INFO - Prompt processing progress: 79872/200003
2026-10-02 17:34:15,476 - INFO - Prompt processing progress: 81920/200003
2026-10-02 17:34:17,449 - INFO - Prompt processing progress: 83968/200003
2026-10-02 17:34:19,437 - INFO - Prompt processing progress: 86016/200003
2026-10-02 17:34:21,452 - INFO - Prompt processing progress: 88064/200003
2026-10-02 17:34:23,484 - INFO - Prompt processing progress: 90112/200003
2026-10-02 17:34:25,525 - INFO - Prompt processing progress: 92160/200003
2026-10-02 17:34:27,603 - INFO - Prompt processing progress: 94208/200003
2026-10-02 17:34:29,696 - INFO - Prompt processing progress: 96256/200003
2026-10-02 17:34:31,806 - INFO - Prompt processing progress: 98304/200003
2026-10-02 17:34:33,938 - INFO - Prompt processing progress: 100352/200003
2026-10-02 17:34:36,088 - INFO - Prompt processing progress: 102400/200003
2026-10-02 17:34:38,268 - INFO - Prompt processing progress: 104448/200003
2026-10-02 17:34:40,455 - INFO - Prompt processing progress: 106496/200003
2026-10-02 17:34:42,671 - INFO - Prompt processing progress: 108544/200003
2026-10-02 17:34:44,909 - INFO - Prompt processing progress: 110592/200003
2026-10-02 17:34:47,178 - INFO - Prompt processing progress: 112640/200003
2026-10-02 17:34:49,450 - INFO - Prompt processing progress: 114688/200003
2026-10-02 17:34:51,750 - INFO - Prompt processing progress: 116736/200003
2026-10-02 17:34:54,068 - INFO - Prompt processing progress: 118784/200003
2026-10-02 17:34:56,418 - INFO - Prompt processing progress: 120832/200003
2026-10-02 17:34:58,781 - INFO - Prompt processing progress: 122880/200003
2026-10-02 17:35:01,162 - INFO - Prompt processing progress: 124928/200003
2026-10-02 17:35:03,613 - INFO - Prompt processing progress: 126976/200003
2026-10-02 17:35:06,039 - INFO - Prompt processing progress: 129024/200003
2026-10-02 17:35:08,476 - INFO - Prompt processing progress: 131072/200003
2026-10-02 17:35:10,941 - INFO - Prompt processing progress: 133120/200003
2026-10-02 17:35:13,435 - INFO - Prompt processing progress: 135168/200003
2026-10-02 17:35:15,938 - INFO - Prompt processing progress: 137216/200003
2026-10-02 17:35:18,469 - INFO - Prompt processing progress: 139264/200003
2026-10-02 17:35:21,010 - INFO - Prompt processing progress: 141312/200003
2026-10-02 17:35:23,574 - INFO - Prompt processing progress: 143360/200003
2026-10-02 17:35:26,165 - INFO - Prompt processing progress: 145408/200003
2026-10-02 17:35:28,780 - INFO - Prompt processing progress: 147456/200003
2026-10-02 17:35:31,451 - INFO - Prompt processing progress: 149504/200003
2026-10-02 17:35:34,097 - INFO - Prompt processing progress: 151552/200003
2026-10-02 17:35:36,773 - INFO - Prompt processing progress: 153600/200003
2026-10-02 17:35:39,469 - INFO - Prompt processing progress: 155648/200003
2026-10-02 17:35:42,184 - INFO - Prompt processing progress: 157696/200003
2026-10-02 17:35:44,918 - INFO - Prompt processing progress: 159744/200003
2026-10-02 17:35:47,702 - INFO - Prompt processing progress: 161792/200003
2026-10-02 17:35:50,462 - INFO - Prompt processing progress: 163840/200003
2026-10-02 17:35:53,270 - INFO - Prompt processing progress: 165888/200003
2026-10-02 17:35:56,089 - INFO - Prompt processing progress: 167936/200003
2026-10-02 17:35:58,929 - INFO - Prompt processing progress: 169984/200003
2026-10-02 17:36:01,837 - INFO - Prompt processing progress: 172032/200003
2026-10-02 17:36:04,716 - INFO - Prompt processing progress: 174080/200003
2026-10-02 17:36:07,635 - INFO - Prompt processing progress: 176128/200003
2026-10-02 17:36:10,566 - INFO - Prompt processing progress: 178176/200003
2026-10-02 17:36:13,501 - INFO - Prompt processing progress: 180224/200003
2026-10-02 17:36:16,457 - INFO - Prompt processing progress: 182272/200003
2026-10-02 17:36:19,440 - INFO - Prompt processing progress: 184320/200003
2026-10-02 17:36:22,471 - INFO - Prompt processing progress: 186368/200003
2026-10-02 17:36:25,486 - INFO - Prompt processing progress: 188416/200003
2026-10-02 17:36:28,547 - INFO - Prompt processing progress: 190464/200003
2026-10-02 17:36:31,600 - INFO - Prompt processing progress: 192512/200003
2026-10-02 17:36:34,735 - INFO - Prompt processing progress: 194560/200003
2026-10-02 17:36:37,847 - INFO - Prompt processing progress: 196608/200003
2026-10-02 17:36:40,977 - INFO - Prompt processing progress: 198656/200003
2026-10-02 17:36:43,378 - INFO - Prompt processing progress: 200002/200003
2026-10-02 17:36:43,479 - INFO - Prompt processing progress: 200003/200003
