<M5_REPO>/.venv/lib/python3.12/site-packages/mlx_lm/server.py:1723: UserWarning: mlx_lm.server is not recommended for production as it only implements basic security checks.
  warnings.warn(
2026-10-03 04:26:09,393 - INFO - Starting httpd at 127.0.0.1 on port 18185...
127.0.0.1 - - [03/Oct/2026 04:26:09] "GET /v1/models HTTP/1.1" 200 -
2026-10-03 04:32:05,837 - INFO - Prompt Cache: 0 sequences, 0.00 GB
2026-10-03 04:32:05,837 - INFO - - assistant: 0 sequences, 0.00 GB
2026-10-03 04:32:05,837 - INFO - - user: 0 sequences, 0.00 GB
2026-10-03 04:32:05,837 - INFO - - system: 0 sequences, 0.00 GB
127.0.0.1 - - [03/Oct/2026 04:32:05] "POST /v1/chat/completions HTTP/1.1" 200 -
2026-10-03 04:32:06,131 - INFO - Prompt processing progress: 20/8203
2026-10-03 04:32:07,307 - INFO - Prompt processing progress: 2068/8203
2026-10-03 04:32:08,506 - INFO - Prompt processing progress: 4116/8203
2026-10-03 04:32:09,727 - INFO - Prompt processing progress: 6164/8203
2026-10-03 04:32:10,990 - INFO - Prompt processing progress: 8199/8203
2026-10-03 04:32:11,043 - INFO - Prompt processing progress: 8202/8203
2026-10-03 04:32:11,086 - INFO - Prompt processing progress: 8203/8203
2026-10-03 04:32:19,777 - INFO - Prompt Cache: 0 sequences, 0.00 GB
2026-10-03 04:32:19,777 - INFO - - assistant: 0 sequences, 0.00 GB
2026-10-03 04:32:19,777 - INFO - - user: 0 sequences, 0.00 GB
2026-10-03 04:32:19,777 - INFO - - system: 0 sequences, 0.00 GB
127.0.0.1 - - [03/Oct/2026 04:32:19] "POST /v1/chat/completions HTTP/1.1" 200 -
2026-10-03 04:32:19,956 - INFO - Prompt processing progress: 20/8203
2026-10-03 04:32:21,139 - INFO - Prompt processing progress: 2068/8203
2026-10-03 04:32:22,336 - INFO - Prompt processing progress: 4116/8203
2026-10-03 04:32:23,558 - INFO - Prompt processing progress: 6164/8203
2026-10-03 04:32:24,822 - INFO - Prompt processing progress: 8199/8203
2026-10-03 04:32:24,876 - INFO - Prompt processing progress: 8202/8203
2026-10-03 04:32:24,917 - INFO - Prompt processing progress: 8203/8203
2026-10-03 04:32:33,617 - INFO - Prompt Cache: 0 sequences, 0.00 GB
2026-10-03 04:32:33,618 - INFO - - assistant: 0 sequences, 0.00 GB
2026-10-03 04:32:33,618 - INFO - - user: 0 sequences, 0.00 GB
2026-10-03 04:32:33,618 - INFO - - system: 0 sequences, 0.00 GB
127.0.0.1 - - [03/Oct/2026 04:32:33] "POST /v1/chat/completions HTTP/1.1" 200 -
2026-10-03 04:32:33,702 - INFO - Prompt Cache: 0 sequences, 0.00 GB
2026-10-03 04:32:33,702 - INFO - - assistant: 0 sequences, 0.00 GB
2026-10-03 04:32:33,702 - INFO - - user: 0 sequences, 0.00 GB
2026-10-03 04:32:33,702 - INFO - - system: 0 sequences, 0.00 GB
127.0.0.1 - - [03/Oct/2026 04:32:33] "POST /v1/chat/completions HTTP/1.1" 200 -
2026-10-03 04:32:33,883 - INFO - Prompt processing progress: 20/8203
2026-10-03 04:32:33,883 - INFO - Prompt processing progress: 20/8203
2026-10-03 04:32:36,230 - INFO - Prompt processing progress: 2068/8203
2026-10-03 04:32:36,230 - INFO - Prompt processing progress: 2068/8203
2026-10-03 04:32:38,617 - INFO - Prompt processing progress: 4116/8203
2026-10-03 04:32:38,617 - INFO - Prompt processing progress: 4116/8203
2026-10-03 04:32:41,050 - INFO - Prompt processing progress: 6164/8203
2026-10-03 04:32:41,050 - INFO - Prompt processing progress: 6164/8203
2026-10-03 04:32:43,536 - INFO - Prompt processing progress: 8199/8203
2026-10-03 04:32:43,536 - INFO - Prompt processing progress: 8199/8203
2026-10-03 04:32:43,599 - INFO - Prompt processing progress: 8202/8203
2026-10-03 04:32:43,600 - INFO - Prompt processing progress: 8202/8203
2026-10-03 04:32:43,653 - INFO - Prompt processing progress: 8203/8203
2026-10-03 04:32:43,653 - INFO - Prompt processing progress: 8203/8203
2026-10-03 04:32:52,949 - INFO - Prompt Cache: 0 sequences, 0.00 GB
2026-10-03 04:32:52,949 - INFO - - assistant: 0 sequences, 0.00 GB
2026-10-03 04:32:52,949 - INFO - - user: 0 sequences, 0.00 GB
2026-10-03 04:32:52,949 - INFO - - system: 0 sequences, 0.00 GB
127.0.0.1 - - [03/Oct/2026 04:32:52] "POST /v1/chat/completions HTTP/1.1" 200 -
2026-10-03 04:32:53,034 - INFO - Prompt Cache: 0 sequences, 0.00 GB
2026-10-03 04:32:53,034 - INFO - - assistant: 0 sequences, 0.00 GB
2026-10-03 04:32:53,034 - INFO - - user: 0 sequences, 0.00 GB
2026-10-03 04:32:53,034 - INFO - - system: 0 sequences, 0.00 GB
127.0.0.1 - - [03/Oct/2026 04:32:53] "POST /v1/chat/completions HTTP/1.1" 200 -
2026-10-03 04:32:53,231 - INFO - Prompt processing progress: 20/8203
2026-10-03 04:32:53,231 - INFO - Prompt processing progress: 20/8203
2026-10-03 04:32:55,580 - INFO - Prompt processing progress: 2068/8203
2026-10-03 04:32:55,580 - INFO - Prompt processing progress: 2068/8203
2026-10-03 04:32:57,965 - INFO - Prompt processing progress: 4116/8203
2026-10-03 04:32:57,965 - INFO - Prompt processing progress: 4116/8203
2026-10-03 04:33:00,398 - INFO - Prompt processing progress: 6164/8203
2026-10-03 04:33:00,398 - INFO - Prompt processing progress: 6164/8203
2026-10-03 04:33:02,881 - INFO - Prompt processing progress: 8199/8203
2026-10-03 04:33:02,881 - INFO - Prompt processing progress: 8199/8203
2026-10-03 04:33:02,950 - INFO - Prompt processing progress: 8202/8203
2026-10-03 04:33:02,950 - INFO - Prompt processing progress: 8202/8203
2026-10-03 04:33:02,998 - INFO - Prompt processing progress: 8203/8203
2026-10-03 04:33:02,998 - INFO - Prompt processing progress: 8203/8203
2026-10-03 04:33:12,326 - INFO - Prompt Cache: 0 sequences, 0.00 GB
2026-10-03 04:33:12,326 - INFO - - assistant: 0 sequences, 0.00 GB
2026-10-03 04:33:12,326 - INFO - - user: 0 sequences, 0.00 GB
2026-10-03 04:33:12,326 - INFO - - system: 0 sequences, 0.00 GB
127.0.0.1 - - [03/Oct/2026 04:33:12] "POST /v1/chat/completions HTTP/1.1" 200 -
2026-10-03 04:33:12,412 - INFO - Prompt Cache: 0 sequences, 0.00 GB
2026-10-03 04:33:12,412 - INFO - - assistant: 0 sequences, 0.00 GB
2026-10-03 04:33:12,412 - INFO - - user: 0 sequences, 0.00 GB
2026-10-03 04:33:12,412 - INFO - - system: 0 sequences, 0.00 GB
127.0.0.1 - - [03/Oct/2026 04:33:12] "POST /v1/chat/completions HTTP/1.1" 200 -
2026-10-03 04:33:12,594 - INFO - Prompt processing progress: 20/8203
2026-10-03 04:33:12,594 - INFO - Prompt processing progress: 20/8203
2026-10-03 04:33:14,946 - INFO - Prompt processing progress: 2068/8203
2026-10-03 04:33:14,946 - INFO - Prompt processing progress: 2068/8203
2026-10-03 04:33:17,331 - INFO - Prompt processing progress: 4116/8203
2026-10-03 04:33:17,331 - INFO - Prompt processing progress: 4116/8203
2026-10-03 04:33:19,767 - INFO - Prompt processing progress: 6164/8203
2026-10-03 04:33:19,767 - INFO - Prompt processing progress: 6164/8203
2026-10-03 04:33:22,255 - INFO - Prompt processing progress: 8199/8203
2026-10-03 04:33:22,255 - INFO - Prompt processing progress: 8199/8203
2026-10-03 04:33:22,323 - INFO - Prompt processing progress: 8202/8203
2026-10-03 04:33:22,323 - INFO - Prompt processing progress: 8202/8203
2026-10-03 04:33:22,372 - INFO - Prompt processing progress: 8203/8203
2026-10-03 04:33:22,372 - INFO - Prompt processing progress: 8203/8203
2026-10-03 04:33:31,688 - INFO - Prompt Cache: 0 sequences, 0.00 GB
2026-10-03 04:33:31,688 - INFO - - assistant: 0 sequences, 0.00 GB
2026-10-03 04:33:31,688 - INFO - - user: 0 sequences, 0.00 GB
2026-10-03 04:33:31,688 - INFO - - system: 0 sequences, 0.00 GB
127.0.0.1 - - [03/Oct/2026 04:33:31] "POST /v1/chat/completions HTTP/1.1" 200 -
2026-10-03 04:33:31,775 - INFO - Prompt Cache: 0 sequences, 0.00 GB
2026-10-03 04:33:31,775 - INFO - - assistant: 0 sequences, 0.00 GB
2026-10-03 04:33:31,775 - INFO - - user: 0 sequences, 0.00 GB
2026-10-03 04:33:31,775 - INFO - - system: 0 sequences, 0.00 GB
127.0.0.1 - - [03/Oct/2026 04:33:31] "POST /v1/chat/completions HTTP/1.1" 200 -
2026-10-03 04:33:31,975 - INFO - Prompt processing progress: 20/8203
2026-10-03 04:33:31,975 - INFO - Prompt processing progress: 20/8203
2026-10-03 04:33:34,323 - INFO - Prompt processing progress: 2068/8203
2026-10-03 04:33:34,323 - INFO - Prompt processing progress: 2068/8203
2026-10-03 04:33:36,707 - INFO - Prompt processing progress: 4116/8203
2026-10-03 04:33:36,707 - INFO - Prompt processing progress: 4116/8203
2026-10-03 04:33:39,137 - INFO - Prompt processing progress: 6164/8203
2026-10-03 04:33:39,137 - INFO - Prompt processing progress: 6164/8203
2026-10-03 04:33:41,623 - INFO - Prompt processing progress: 8199/8203
2026-10-03 04:33:41,623 - INFO - Prompt processing progress: 8199/8203
2026-10-03 04:33:41,687 - INFO - Prompt processing progress: 8202/8203
2026-10-03 04:33:41,687 - INFO - Prompt processing progress: 8202/8203
2026-10-03 04:33:41,736 - INFO - Prompt processing progress: 8203/8203
2026-10-03 04:33:41,736 - INFO - Prompt processing progress: 8203/8203
2026-10-03 04:33:51,059 - INFO - Prompt Cache: 0 sequences, 0.00 GB
2026-10-03 04:33:51,059 - INFO - - assistant: 0 sequences, 0.00 GB
2026-10-03 04:33:51,059 - INFO - - user: 0 sequences, 0.00 GB
2026-10-03 04:33:51,059 - INFO - - system: 0 sequences, 0.00 GB
127.0.0.1 - - [03/Oct/2026 04:33:51] "POST /v1/chat/completions HTTP/1.1" 200 -
2026-10-03 04:33:51,147 - INFO - Prompt Cache: 0 sequences, 0.00 GB
2026-10-03 04:33:51,147 - INFO - - assistant: 0 sequences, 0.00 GB
2026-10-03 04:33:51,147 - INFO - - user: 0 sequences, 0.00 GB
2026-10-03 04:33:51,147 - INFO - - system: 0 sequences, 0.00 GB
127.0.0.1 - - [03/Oct/2026 04:33:51] "POST /v1/chat/completions HTTP/1.1" 200 -
2026-10-03 04:33:51,331 - INFO - Prompt processing progress: 20/8204
2026-10-03 04:33:51,331 - INFO - Prompt processing progress: 20/8204
2026-10-03 04:33:53,680 - INFO - Prompt processing progress: 2068/8204
2026-10-03 04:33:53,680 - INFO - Prompt processing progress: 2068/8204
2026-10-03 04:33:56,067 - INFO - Prompt processing progress: 4116/8204
2026-10-03 04:33:56,067 - INFO - Prompt processing progress: 4116/8204
2026-10-03 04:33:58,499 - INFO - Prompt processing progress: 6164/8204
2026-10-03 04:33:58,499 - INFO - Prompt processing progress: 6164/8204
2026-10-03 04:34:00,985 - INFO - Prompt processing progress: 8200/8204
2026-10-03 04:34:00,985 - INFO - Prompt processing progress: 8200/8204
2026-10-03 04:34:01,055 - INFO - Prompt processing progress: 8203/8204
2026-10-03 04:34:01,056 - INFO - Prompt processing progress: 8203/8204
2026-10-03 04:34:01,105 - INFO - Prompt processing progress: 8204/8204
2026-10-03 04:34:01,105 - INFO - Prompt processing progress: 8204/8204
2026-10-03 04:34:10,413 - INFO - Prompt Cache: 0 sequences, 0.00 GB
2026-10-03 04:34:10,413 - INFO - - assistant: 0 sequences, 0.00 GB
2026-10-03 04:34:10,413 - INFO - - user: 0 sequences, 0.00 GB
2026-10-03 04:34:10,413 - INFO - - system: 0 sequences, 0.00 GB
127.0.0.1 - - [03/Oct/2026 04:34:10] "POST /v1/chat/completions HTTP/1.1" 200 -
2026-10-03 04:34:10,501 - INFO - Prompt Cache: 0 sequences, 0.00 GB
2026-10-03 04:34:10,501 - INFO - - assistant: 0 sequences, 0.00 GB
2026-10-03 04:34:10,501 - INFO - - user: 0 sequences, 0.00 GB
2026-10-03 04:34:10,501 - INFO - - system: 0 sequences, 0.00 GB
127.0.0.1 - - [03/Oct/2026 04:34:10] "POST /v1/chat/completions HTTP/1.1" 200 -
2026-10-03 04:34:10,702 - INFO - Prompt processing progress: 20/8204
2026-10-03 04:34:10,702 - INFO - Prompt processing progress: 20/8204
2026-10-03 04:34:13,050 - INFO - Prompt processing progress: 2068/8204
2026-10-03 04:34:13,050 - INFO - Prompt processing progress: 2068/8204
2026-10-03 04:34:15,433 - INFO - Prompt processing progress: 4116/8204
2026-10-03 04:34:15,433 - INFO - Prompt processing progress: 4116/8204
2026-10-03 04:34:17,863 - INFO - Prompt processing progress: 6164/8204
2026-10-03 04:34:17,863 - INFO - Prompt processing progress: 6164/8204
2026-10-03 04:34:20,347 - INFO - Prompt processing progress: 8200/8204
2026-10-03 04:34:20,347 - INFO - Prompt processing progress: 8200/8204
2026-10-03 04:34:20,417 - INFO - Prompt processing progress: 8203/8204
2026-10-03 04:34:20,417 - INFO - Prompt processing progress: 8203/8204
2026-10-03 04:34:20,465 - INFO - Prompt processing progress: 8204/8204
2026-10-03 04:34:20,466 - INFO - Prompt processing progress: 8204/8204
2026-10-03 04:34:29,794 - INFO - Prompt Cache: 0 sequences, 0.00 GB
2026-10-03 04:34:29,794 - INFO - - assistant: 0 sequences, 0.00 GB
2026-10-03 04:34:29,794 - INFO - - user: 0 sequences, 0.00 GB
2026-10-03 04:34:29,794 - INFO - - system: 0 sequences, 0.00 GB
127.0.0.1 - - [03/Oct/2026 04:34:29] "POST /v1/chat/completions HTTP/1.1" 200 -
2026-10-03 04:34:29,883 - INFO - Prompt Cache: 0 sequences, 0.00 GB
2026-10-03 04:34:29,883 - INFO - - assistant: 0 sequences, 0.00 GB
2026-10-03 04:34:29,883 - INFO - - user: 0 sequences, 0.00 GB
2026-10-03 04:34:29,883 - INFO - - system: 0 sequences, 0.00 GB
127.0.0.1 - - [03/Oct/2026 04:34:29] "POST /v1/chat/completions HTTP/1.1" 200 -
2026-10-03 04:34:30,073 - INFO - Prompt processing progress: 20/8204
2026-10-03 04:34:30,073 - INFO - Prompt processing progress: 20/8204
2026-10-03 04:34:32,426 - INFO - Prompt processing progress: 2068/8204
2026-10-03 04:34:32,426 - INFO - Prompt processing progress: 2068/8204
2026-10-03 04:34:34,812 - INFO - Prompt processing progress: 4116/8204
2026-10-03 04:34:34,812 - INFO - Prompt processing progress: 4116/8204
2026-10-03 04:34:37,241 - INFO - Prompt processing progress: 6164/8204
2026-10-03 04:34:37,241 - INFO - Prompt processing progress: 6164/8204
2026-10-03 04:34:39,725 - INFO - Prompt processing progress: 8200/8204
2026-10-03 04:34:39,725 - INFO - Prompt processing progress: 8200/8204
2026-10-03 04:34:39,789 - INFO - Prompt processing progress: 8203/8204
2026-10-03 04:34:39,789 - INFO - Prompt processing progress: 8203/8204
2026-10-03 04:34:39,838 - INFO - Prompt processing progress: 8204/8204
2026-10-03 04:34:39,838 - INFO - Prompt processing progress: 8204/8204
2026-10-03 04:34:49,173 - INFO - Prompt Cache: 0 sequences, 0.00 GB
2026-10-03 04:34:49,174 - INFO - - assistant: 0 sequences, 0.00 GB
2026-10-03 04:34:49,174 - INFO - - user: 0 sequences, 0.00 GB
2026-10-03 04:34:49,174 - INFO - - system: 0 sequences, 0.00 GB
127.0.0.1 - - [03/Oct/2026 04:34:49] "POST /v1/chat/completions HTTP/1.1" 200 -
2026-10-03 04:34:49,263 - INFO - Prompt Cache: 0 sequences, 0.00 GB
2026-10-03 04:34:49,263 - INFO - - assistant: 0 sequences, 0.00 GB
2026-10-03 04:34:49,263 - INFO - - user: 0 sequences, 0.00 GB
2026-10-03 04:34:49,263 - INFO - - system: 0 sequences, 0.00 GB
127.0.0.1 - - [03/Oct/2026 04:34:49] "POST /v1/chat/completions HTTP/1.1" 200 -
2026-10-03 04:34:49,464 - INFO - Prompt processing progress: 20/8204
2026-10-03 04:34:49,464 - INFO - Prompt processing progress: 20/8204
2026-10-03 04:34:51,811 - INFO - Prompt processing progress: 2068/8204
2026-10-03 04:34:51,811 - INFO - Prompt processing progress: 2068/8204
2026-10-03 04:34:54,196 - INFO - Prompt processing progress: 4116/8204
2026-10-03 04:34:54,196 - INFO - Prompt processing progress: 4116/8204
2026-10-03 04:34:56,630 - INFO - Prompt processing progress: 6164/8204
2026-10-03 04:34:56,630 - INFO - Prompt processing progress: 6164/8204
2026-10-03 04:34:59,115 - INFO - Prompt processing progress: 8200/8204
2026-10-03 04:34:59,115 - INFO - Prompt processing progress: 8200/8204
2026-10-03 04:34:59,197 - INFO - Prompt processing progress: 8203/8204
2026-10-03 04:34:59,197 - INFO - Prompt processing progress: 8203/8204
2026-10-03 04:34:59,246 - INFO - Prompt processing progress: 8204/8204
2026-10-03 04:34:59,246 - INFO - Prompt processing progress: 8204/8204
2026-10-03 04:35:08,571 - INFO - Prompt Cache: 0 sequences, 0.00 GB
2026-10-03 04:35:08,571 - INFO - - assistant: 0 sequences, 0.00 GB
2026-10-03 04:35:08,571 - INFO - - user: 0 sequences, 0.00 GB
2026-10-03 04:35:08,571 - INFO - - system: 0 sequences, 0.00 GB
127.0.0.1 - - [03/Oct/2026 04:35:08] "POST /v1/chat/completions HTTP/1.1" 200 -
2026-10-03 04:35:08,664 - INFO - Prompt Cache: 0 sequences, 0.00 GB
2026-10-03 04:35:08,664 - INFO - - assistant: 0 sequences, 0.00 GB
2026-10-03 04:35:08,664 - INFO - - user: 0 sequences, 0.00 GB
2026-10-03 04:35:08,664 - INFO - - system: 0 sequences, 0.00 GB
127.0.0.1 - - [03/Oct/2026 04:35:08] "POST /v1/chat/completions HTTP/1.1" 200 -
2026-10-03 04:35:08,849 - INFO - Prompt processing progress: 20/8204
2026-10-03 04:35:08,849 - INFO - Prompt processing progress: 20/8204
2026-10-03 04:35:11,321 - INFO - Prompt processing progress: 2068/8204
2026-10-03 04:35:11,321 - INFO - Prompt processing progress: 2068/8204
2026-10-03 04:35:13,875 - INFO - Prompt processing progress: 4116/8204
2026-10-03 04:35:13,875 - INFO - Prompt processing progress: 4116/8204
2026-10-03 04:35:16,436 - INFO - Prompt processing progress: 6164/8204
2026-10-03 04:35:16,436 - INFO - Prompt processing progress: 6164/8204
2026-10-03 04:35:19,078 - INFO - Prompt processing progress: 8200/8204
2026-10-03 04:35:19,078 - INFO - Prompt processing progress: 8200/8204
2026-10-03 04:35:19,149 - INFO - Prompt processing progress: 8203/8204
2026-10-03 04:35:19,149 - INFO - Prompt processing progress: 8203/8204
2026-10-03 04:35:19,198 - INFO - Prompt processing progress: 8204/8204
2026-10-03 04:35:19,198 - INFO - Prompt processing progress: 8204/8204
2026-10-03 04:35:28,493 - INFO - Prompt Cache: 0 sequences, 0.00 GB
2026-10-03 04:35:28,493 - INFO - - assistant: 0 sequences, 0.00 GB
2026-10-03 04:35:28,493 - INFO - - user: 0 sequences, 0.00 GB
2026-10-03 04:35:28,493 - INFO - - system: 0 sequences, 0.00 GB
127.0.0.1 - - [03/Oct/2026 04:35:28] "POST /v1/chat/completions HTTP/1.1" 200 -
2026-10-03 04:35:28,581 - INFO - Prompt Cache: 0 sequences, 0.00 GB
2026-10-03 04:35:28,581 - INFO - - assistant: 0 sequences, 0.00 GB
2026-10-03 04:35:28,581 - INFO - - user: 0 sequences, 0.00 GB
2026-10-03 04:35:28,581 - INFO - - system: 0 sequences, 0.00 GB
127.0.0.1 - - [03/Oct/2026 04:35:28] "POST /v1/chat/completions HTTP/1.1" 200 -
2026-10-03 04:35:28,792 - INFO - Prompt processing progress: 20/8204
2026-10-03 04:35:28,792 - INFO - Prompt processing progress: 20/8204
2026-10-03 04:35:31,142 - INFO - Prompt processing progress: 2068/8204
2026-10-03 04:35:31,142 - INFO - Prompt processing progress: 2068/8204
2026-10-03 04:35:33,529 - INFO - Prompt processing progress: 4116/8204
2026-10-03 04:35:33,529 - INFO - Prompt processing progress: 4116/8204
2026-10-03 04:35:35,965 - INFO - Prompt processing progress: 6164/8204
2026-10-03 04:35:35,965 - INFO - Prompt processing progress: 6164/8204
2026-10-03 04:35:38,468 - INFO - Prompt processing progress: 8200/8204
2026-10-03 04:35:38,468 - INFO - Prompt processing progress: 8200/8204
2026-10-03 04:35:38,546 - INFO - Prompt processing progress: 8203/8204
2026-10-03 04:35:38,546 - INFO - Prompt processing progress: 8203/8204
2026-10-03 04:35:38,594 - INFO - Prompt processing progress: 8204/8204
2026-10-03 04:35:38,594 - INFO - Prompt processing progress: 8204/8204
2026-10-03 04:35:47,913 - INFO - Prompt Cache: 0 sequences, 0.00 GB
2026-10-03 04:35:47,913 - INFO - - assistant: 0 sequences, 0.00 GB
2026-10-03 04:35:47,913 - INFO - - user: 0 sequences, 0.00 GB
2026-10-03 04:35:47,913 - INFO - - system: 0 sequences, 0.00 GB
127.0.0.1 - - [03/Oct/2026 04:35:47] "POST /v1/chat/completions HTTP/1.1" 200 -
2026-10-03 04:35:48,000 - INFO - Prompt Cache: 0 sequences, 0.00 GB
2026-10-03 04:35:48,000 - INFO - - assistant: 0 sequences, 0.00 GB
2026-10-03 04:35:48,001 - INFO - - user: 0 sequences, 0.00 GB
2026-10-03 04:35:48,001 - INFO - - system: 0 sequences, 0.00 GB
127.0.0.1 - - [03/Oct/2026 04:35:48] "POST /v1/chat/completions HTTP/1.1" 200 -
2026-10-03 04:35:48,191 - INFO - Prompt processing progress: 20/8204
2026-10-03 04:35:48,191 - INFO - Prompt processing progress: 20/8204
2026-10-03 04:35:50,613 - INFO - Prompt processing progress: 2068/8204
2026-10-03 04:35:50,613 - INFO - Prompt processing progress: 2068/8204
2026-10-03 04:35:53,074 - INFO - Prompt processing progress: 4116/8204
2026-10-03 04:35:53,074 - INFO - Prompt processing progress: 4116/8204
2026-10-03 04:35:55,583 - INFO - Prompt processing progress: 6164/8204
2026-10-03 04:35:55,583 - INFO - Prompt processing progress: 6164/8204
2026-10-03 04:35:58,101 - INFO - Prompt processing progress: 8200/8204
2026-10-03 04:35:58,101 - INFO - Prompt processing progress: 8200/8204
2026-10-03 04:35:58,171 - INFO - Prompt processing progress: 8203/8204
2026-10-03 04:35:58,171 - INFO - Prompt processing progress: 8203/8204
2026-10-03 04:35:58,220 - INFO - Prompt processing progress: 8204/8204
2026-10-03 04:35:58,220 - INFO - Prompt processing progress: 8204/8204
2026-10-03 04:36:07,516 - INFO - Prompt Cache: 0 sequences, 0.00 GB
2026-10-03 04:36:07,517 - INFO - - assistant: 0 sequences, 0.00 GB
2026-10-03 04:36:07,517 - INFO - - user: 0 sequences, 0.00 GB
2026-10-03 04:36:07,517 - INFO - - system: 0 sequences, 0.00 GB
127.0.0.1 - - [03/Oct/2026 04:36:07] "POST /v1/chat/completions HTTP/1.1" 200 -
2026-10-03 04:36:07,604 - INFO - Prompt Cache: 0 sequences, 0.00 GB
2026-10-03 04:36:07,604 - INFO - - assistant: 0 sequences, 0.00 GB
2026-10-03 04:36:07,604 - INFO - - user: 0 sequences, 0.00 GB
2026-10-03 04:36:07,604 - INFO - - system: 0 sequences, 0.00 GB
127.0.0.1 - - [03/Oct/2026 04:36:07] "POST /v1/chat/completions HTTP/1.1" 200 -
2026-10-03 04:36:07,804 - INFO - Prompt processing progress: 20/8204
2026-10-03 04:36:07,804 - INFO - Prompt processing progress: 20/8204
2026-10-03 04:36:10,153 - INFO - Prompt processing progress: 2068/8204
2026-10-03 04:36:10,153 - INFO - Prompt processing progress: 2068/8204
2026-10-03 04:36:12,538 - INFO - Prompt processing progress: 4116/8204
2026-10-03 04:36:12,538 - INFO - Prompt processing progress: 4116/8204
2026-10-03 04:36:14,973 - INFO - Prompt processing progress: 6164/8204
2026-10-03 04:36:14,973 - INFO - Prompt processing progress: 6164/8204
2026-10-03 04:36:17,459 - INFO - Prompt processing progress: 8200/8204
2026-10-03 04:36:17,459 - INFO - Prompt processing progress: 8200/8204
2026-10-03 04:36:17,542 - INFO - Prompt processing progress: 8203/8204
2026-10-03 04:36:17,542 - INFO - Prompt processing progress: 8203/8204
2026-10-03 04:36:17,591 - INFO - Prompt processing progress: 8204/8204
2026-10-03 04:36:17,591 - INFO - Prompt processing progress: 8204/8204
2026-10-03 04:36:26,909 - INFO - Prompt Cache: 0 sequences, 0.00 GB
2026-10-03 04:36:26,909 - INFO - - assistant: 0 sequences, 0.00 GB
2026-10-03 04:36:26,909 - INFO - - user: 0 sequences, 0.00 GB
2026-10-03 04:36:26,909 - INFO - - system: 0 sequences, 0.00 GB
127.0.0.1 - - [03/Oct/2026 04:36:26] "POST /v1/chat/completions HTTP/1.1" 200 -
2026-10-03 04:36:26,997 - INFO - Prompt Cache: 0 sequences, 0.00 GB
2026-10-03 04:36:26,997 - INFO - - assistant: 0 sequences, 0.00 GB
2026-10-03 04:36:26,997 - INFO - - user: 0 sequences, 0.00 GB
2026-10-03 04:36:26,997 - INFO - - system: 0 sequences, 0.00 GB
127.0.0.1 - - [03/Oct/2026 04:36:26] "POST /v1/chat/completions HTTP/1.1" 200 -
2026-10-03 04:36:27,181 - INFO - Prompt processing progress: 20/8204
2026-10-03 04:36:27,182 - INFO - Prompt processing progress: 20/8204
2026-10-03 04:36:29,532 - INFO - Prompt processing progress: 2068/8204
2026-10-03 04:36:29,532 - INFO - Prompt processing progress: 2068/8204
2026-10-03 04:36:31,917 - INFO - Prompt processing progress: 4116/8204
2026-10-03 04:36:31,917 - INFO - Prompt processing progress: 4116/8204
2026-10-03 04:36:34,352 - INFO - Prompt processing progress: 6164/8204
2026-10-03 04:36:34,352 - INFO - Prompt processing progress: 6164/8204
2026-10-03 04:36:36,835 - INFO - Prompt processing progress: 8200/8204
2026-10-03 04:36:36,835 - INFO - Prompt processing progress: 8200/8204
2026-10-03 04:36:36,904 - INFO - Prompt processing progress: 8203/8204
2026-10-03 04:36:36,904 - INFO - Prompt processing progress: 8203/8204
2026-10-03 04:36:36,952 - INFO - Prompt processing progress: 8204/8204
2026-10-03 04:36:36,952 - INFO - Prompt processing progress: 8204/8204
2026-10-03 04:36:46,248 - INFO - Prompt Cache: 0 sequences, 0.00 GB
2026-10-03 04:36:46,248 - INFO - - assistant: 0 sequences, 0.00 GB
2026-10-03 04:36:46,248 - INFO - - user: 0 sequences, 0.00 GB
2026-10-03 04:36:46,248 - INFO - - system: 0 sequences, 0.00 GB
127.0.0.1 - - [03/Oct/2026 04:36:46] "POST /v1/chat/completions HTTP/1.1" 200 -
2026-10-03 04:36:46,335 - INFO - Prompt Cache: 0 sequences, 0.00 GB
2026-10-03 04:36:46,335 - INFO - - assistant: 0 sequences, 0.00 GB
2026-10-03 04:36:46,335 - INFO - - user: 0 sequences, 0.00 GB
2026-10-03 04:36:46,335 - INFO - - system: 0 sequences, 0.00 GB
127.0.0.1 - - [03/Oct/2026 04:36:46] "POST /v1/chat/completions HTTP/1.1" 200 -
2026-10-03 04:36:46,535 - INFO - Prompt processing progress: 20/8204
2026-10-03 04:36:46,535 - INFO - Prompt processing progress: 20/8204
2026-10-03 04:36:48,883 - INFO - Prompt processing progress: 2068/8204
2026-10-03 04:36:48,884 - INFO - Prompt processing progress: 2068/8204
2026-10-03 04:36:51,273 - INFO - Prompt processing progress: 4116/8204
2026-10-03 04:36:51,273 - INFO - Prompt processing progress: 4116/8204
2026-10-03 04:36:53,705 - INFO - Prompt processing progress: 6164/8204
2026-10-03 04:36:53,705 - INFO - Prompt processing progress: 6164/8204
2026-10-03 04:36:56,189 - INFO - Prompt processing progress: 8200/8204
2026-10-03 04:36:56,190 - INFO - Prompt processing progress: 8200/8204
2026-10-03 04:36:56,273 - INFO - Prompt processing progress: 8203/8204
2026-10-03 04:36:56,273 - INFO - Prompt processing progress: 8203/8204
2026-10-03 04:36:56,322 - INFO - Prompt processing progress: 8204/8204
2026-10-03 04:36:56,322 - INFO - Prompt processing progress: 8204/8204
2026-10-03 04:37:05,640 - INFO - Prompt Cache: 0 sequences, 0.00 GB
2026-10-03 04:37:05,640 - INFO - - assistant: 0 sequences, 0.00 GB
2026-10-03 04:37:05,640 - INFO - - user: 0 sequences, 0.00 GB
2026-10-03 04:37:05,640 - INFO - - system: 0 sequences, 0.00 GB
127.0.0.1 - - [03/Oct/2026 04:37:05] "POST /v1/chat/completions HTTP/1.1" 200 -
2026-10-03 04:37:05,729 - INFO - Prompt Cache: 0 sequences, 0.00 GB
2026-10-03 04:37:05,729 - INFO - - assistant: 0 sequences, 0.00 GB
2026-10-03 04:37:05,729 - INFO - - user: 0 sequences, 0.00 GB
2026-10-03 04:37:05,729 - INFO - - system: 0 sequences, 0.00 GB
127.0.0.1 - - [03/Oct/2026 04:37:05] "POST /v1/chat/completions HTTP/1.1" 200 -
2026-10-03 04:37:05,914 - INFO - Prompt processing progress: 20/8204
2026-10-03 04:37:05,914 - INFO - Prompt processing progress: 20/8204
2026-10-03 04:37:08,261 - INFO - Prompt processing progress: 2068/8204
2026-10-03 04:37:08,261 - INFO - Prompt processing progress: 2068/8204
2026-10-03 04:37:10,645 - INFO - Prompt processing progress: 4116/8204
2026-10-03 04:37:10,645 - INFO - Prompt processing progress: 4116/8204
2026-10-03 04:37:13,077 - INFO - Prompt processing progress: 6164/8204
2026-10-03 04:37:13,077 - INFO - Prompt processing progress: 6164/8204
2026-10-03 04:37:15,563 - INFO - Prompt processing progress: 8200/8204
2026-10-03 04:37:15,563 - INFO - Prompt processing progress: 8200/8204
2026-10-03 04:37:15,631 - INFO - Prompt processing progress: 8203/8204
2026-10-03 04:37:15,631 - INFO - Prompt processing progress: 8203/8204
2026-10-03 04:37:15,680 - INFO - Prompt processing progress: 8204/8204
2026-10-03 04:37:15,680 - INFO - Prompt processing progress: 8204/8204
2026-10-03 04:37:24,981 - INFO - Prompt Cache: 0 sequences, 0.00 GB
2026-10-03 04:37:24,981 - INFO - - assistant: 0 sequences, 0.00 GB
2026-10-03 04:37:24,981 - INFO - - user: 0 sequences, 0.00 GB
2026-10-03 04:37:24,981 - INFO - - system: 0 sequences, 0.00 GB
127.0.0.1 - - [03/Oct/2026 04:37:24] "POST /v1/chat/completions HTTP/1.1" 200 -
2026-10-03 04:37:25,069 - INFO - Prompt Cache: 0 sequences, 0.00 GB
2026-10-03 04:37:25,069 - INFO - - assistant: 0 sequences, 0.00 GB
2026-10-03 04:37:25,069 - INFO - - user: 0 sequences, 0.00 GB
2026-10-03 04:37:25,069 - INFO - - system: 0 sequences, 0.00 GB
127.0.0.1 - - [03/Oct/2026 04:37:25] "POST /v1/chat/completions HTTP/1.1" 200 -
2026-10-03 04:37:25,268 - INFO - Prompt processing progress: 20/8204
2026-10-03 04:37:25,268 - INFO - Prompt processing progress: 20/8204
2026-10-03 04:37:27,619 - INFO - Prompt processing progress: 2068/8204
2026-10-03 04:37:27,619 - INFO - Prompt processing progress: 2068/8204
2026-10-03 04:37:30,006 - INFO - Prompt processing progress: 4116/8204
2026-10-03 04:37:30,006 - INFO - Prompt processing progress: 4116/8204
2026-10-03 04:37:32,439 - INFO - Prompt processing progress: 6164/8204
2026-10-03 04:37:32,439 - INFO - Prompt processing progress: 6164/8204
2026-10-03 04:37:34,924 - INFO - Prompt processing progress: 8200/8204
2026-10-03 04:37:34,924 - INFO - Prompt processing progress: 8200/8204
2026-10-03 04:37:35,007 - INFO - Prompt processing progress: 8203/8204
2026-10-03 04:37:35,008 - INFO - Prompt processing progress: 8203/8204
2026-10-03 04:37:35,056 - INFO - Prompt processing progress: 8204/8204
2026-10-03 04:37:35,056 - INFO - Prompt processing progress: 8204/8204
2026-10-03 04:37:44,375 - INFO - Prompt Cache: 0 sequences, 0.00 GB
2026-10-03 04:37:44,375 - INFO - - assistant: 0 sequences, 0.00 GB
2026-10-03 04:37:44,375 - INFO - - user: 0 sequences, 0.00 GB
2026-10-03 04:37:44,375 - INFO - - system: 0 sequences, 0.00 GB
127.0.0.1 - - [03/Oct/2026 04:37:44] "POST /v1/chat/completions HTTP/1.1" 200 -
2026-10-03 04:37:44,463 - INFO - Prompt Cache: 0 sequences, 0.00 GB
2026-10-03 04:37:44,463 - INFO - - assistant: 0 sequences, 0.00 GB
2026-10-03 04:37:44,463 - INFO - - user: 0 sequences, 0.00 GB
2026-10-03 04:37:44,463 - INFO - - system: 0 sequences, 0.00 GB
127.0.0.1 - - [03/Oct/2026 04:37:44] "POST /v1/chat/completions HTTP/1.1" 200 -
2026-10-03 04:37:44,649 - INFO - Prompt processing progress: 20/8204
2026-10-03 04:37:44,649 - INFO - Prompt processing progress: 20/8204
2026-10-03 04:37:46,996 - INFO - Prompt processing progress: 2068/8204
2026-10-03 04:37:46,996 - INFO - Prompt processing progress: 2068/8204
2026-10-03 04:37:49,384 - INFO - Prompt processing progress: 4116/8204
2026-10-03 04:37:49,384 - INFO - Prompt processing progress: 4116/8204
2026-10-03 04:37:51,816 - INFO - Prompt processing progress: 6164/8204
2026-10-03 04:37:51,816 - INFO - Prompt processing progress: 6164/8204
2026-10-03 04:37:54,301 - INFO - Prompt processing progress: 8200/8204
2026-10-03 04:37:54,301 - INFO - Prompt processing progress: 8200/8204
2026-10-03 04:37:54,370 - INFO - Prompt processing progress: 8203/8204
2026-10-03 04:37:54,370 - INFO - Prompt processing progress: 8203/8204
2026-10-03 04:37:54,420 - INFO - Prompt processing progress: 8204/8204
2026-10-03 04:37:54,420 - INFO - Prompt processing progress: 8204/8204
2026-10-03 04:38:03,714 - INFO - Prompt Cache: 0 sequences, 0.00 GB
2026-10-03 04:38:03,714 - INFO - - assistant: 0 sequences, 0.00 GB
2026-10-03 04:38:03,714 - INFO - - user: 0 sequences, 0.00 GB
2026-10-03 04:38:03,714 - INFO - - system: 0 sequences, 0.00 GB
127.0.0.1 - - [03/Oct/2026 04:38:03] "POST /v1/chat/completions HTTP/1.1" 200 -
2026-10-03 04:38:03,806 - INFO - Prompt Cache: 0 sequences, 0.00 GB
2026-10-03 04:38:03,806 - INFO - - assistant: 0 sequences, 0.00 GB
2026-10-03 04:38:03,806 - INFO - - user: 0 sequences, 0.00 GB
2026-10-03 04:38:03,806 - INFO - - system: 0 sequences, 0.00 GB
127.0.0.1 - - [03/Oct/2026 04:38:03] "POST /v1/chat/completions HTTP/1.1" 200 -
2026-10-03 04:38:04,006 - INFO - Prompt processing progress: 20/8204
2026-10-03 04:38:04,006 - INFO - Prompt processing progress: 20/8204
2026-10-03 04:38:06,356 - INFO - Prompt processing progress: 2068/8204
2026-10-03 04:38:06,356 - INFO - Prompt processing progress: 2068/8204
2026-10-03 04:38:08,742 - INFO - Prompt processing progress: 4116/8204
2026-10-03 04:38:08,742 - INFO - Prompt processing progress: 4116/8204
2026-10-03 04:38:11,175 - INFO - Prompt processing progress: 6164/8204
2026-10-03 04:38:11,175 - INFO - Prompt processing progress: 6164/8204
2026-10-03 04:38:13,662 - INFO - Prompt processing progress: 8200/8204
2026-10-03 04:38:13,662 - INFO - Prompt processing progress: 8200/8204
2026-10-03 04:38:13,737 - INFO - Prompt processing progress: 8203/8204
2026-10-03 04:38:13,737 - INFO - Prompt processing progress: 8203/8204
2026-10-03 04:38:13,786 - INFO - Prompt processing progress: 8204/8204
2026-10-03 04:38:13,786 - INFO - Prompt processing progress: 8204/8204
2026-10-03 04:38:23,104 - INFO - Prompt Cache: 0 sequences, 0.00 GB
2026-10-03 04:38:23,104 - INFO - - assistant: 0 sequences, 0.00 GB
2026-10-03 04:38:23,104 - INFO - - user: 0 sequences, 0.00 GB
2026-10-03 04:38:23,104 - INFO - - system: 0 sequences, 0.00 GB
127.0.0.1 - - [03/Oct/2026 04:38:23] "POST /v1/chat/completions HTTP/1.1" 200 -
2026-10-03 04:38:23,193 - INFO - Prompt Cache: 0 sequences, 0.00 GB
2026-10-03 04:38:23,193 - INFO - - assistant: 0 sequences, 0.00 GB
2026-10-03 04:38:23,193 - INFO - - user: 0 sequences, 0.00 GB
2026-10-03 04:38:23,193 - INFO - - system: 0 sequences, 0.00 GB
127.0.0.1 - - [03/Oct/2026 04:38:23] "POST /v1/chat/completions HTTP/1.1" 200 -
2026-10-03 04:38:23,381 - INFO - Prompt processing progress: 20/8204
2026-10-03 04:38:23,381 - INFO - Prompt processing progress: 20/8204
2026-10-03 04:38:25,730 - INFO - Prompt processing progress: 2068/8204
2026-10-03 04:38:25,731 - INFO - Prompt processing progress: 2068/8204
2026-10-03 04:38:28,116 - INFO - Prompt processing progress: 4116/8204
2026-10-03 04:38:28,116 - INFO - Prompt processing progress: 4116/8204
2026-10-03 04:38:30,547 - INFO - Prompt processing progress: 6164/8204
2026-10-03 04:38:30,547 - INFO - Prompt processing progress: 6164/8204
2026-10-03 04:38:33,031 - INFO - Prompt processing progress: 8200/8204
2026-10-03 04:38:33,031 - INFO - Prompt processing progress: 8200/8204
2026-10-03 04:38:33,099 - INFO - Prompt processing progress: 8203/8204
2026-10-03 04:38:33,099 - INFO - Prompt processing progress: 8203/8204
2026-10-03 04:38:33,149 - INFO - Prompt processing progress: 8204/8204
2026-10-03 04:38:33,149 - INFO - Prompt processing progress: 8204/8204
2026-10-03 04:38:42,466 - INFO - Prompt Cache: 0 sequences, 0.00 GB
2026-10-03 04:38:42,466 - INFO - - assistant: 0 sequences, 0.00 GB
2026-10-03 04:38:42,466 - INFO - - user: 0 sequences, 0.00 GB
2026-10-03 04:38:42,466 - INFO - - system: 0 sequences, 0.00 GB
127.0.0.1 - - [03/Oct/2026 04:38:42] "POST /v1/chat/completions HTTP/1.1" 200 -
2026-10-03 04:38:42,554 - INFO - Prompt Cache: 0 sequences, 0.00 GB
2026-10-03 04:38:42,555 - INFO - - assistant: 0 sequences, 0.00 GB
2026-10-03 04:38:42,555 - INFO - - user: 0 sequences, 0.00 GB
2026-10-03 04:38:42,555 - INFO - - system: 0 sequences, 0.00 GB
127.0.0.1 - - [03/Oct/2026 04:38:42] "POST /v1/chat/completions HTTP/1.1" 200 -
2026-10-03 04:38:42,757 - INFO - Prompt processing progress: 20/8204
2026-10-03 04:38:42,757 - INFO - Prompt processing progress: 20/8204
2026-10-03 04:38:45,108 - INFO - Prompt processing progress: 2068/8204
2026-10-03 04:38:45,108 - INFO - Prompt processing progress: 2068/8204
2026-10-03 04:38:47,499 - INFO - Prompt processing progress: 4116/8204
2026-10-03 04:38:47,499 - INFO - Prompt processing progress: 4116/8204
2026-10-03 04:38:49,932 - INFO - Prompt processing progress: 6164/8204
2026-10-03 04:38:49,932 - INFO - Prompt processing progress: 6164/8204
2026-10-03 04:38:52,420 - INFO - Prompt processing progress: 8200/8204
2026-10-03 04:38:52,420 - INFO - Prompt processing progress: 8200/8204
2026-10-03 04:38:52,490 - INFO - Prompt processing progress: 8203/8204
2026-10-03 04:38:52,490 - INFO - Prompt processing progress: 8203/8204
2026-10-03 04:38:52,539 - INFO - Prompt processing progress: 8204/8204
2026-10-03 04:38:52,539 - INFO - Prompt processing progress: 8204/8204
2026-10-03 04:39:01,865 - INFO - Prompt Cache: 0 sequences, 0.00 GB
2026-10-03 04:39:01,865 - INFO - - assistant: 0 sequences, 0.00 GB
2026-10-03 04:39:01,865 - INFO - - user: 0 sequences, 0.00 GB
2026-10-03 04:39:01,865 - INFO - - system: 0 sequences, 0.00 GB
127.0.0.1 - - [03/Oct/2026 04:39:01] "POST /v1/chat/completions HTTP/1.1" 200 -
2026-10-03 04:39:01,954 - INFO - Prompt Cache: 0 sequences, 0.00 GB
2026-10-03 04:39:01,954 - INFO - - assistant: 0 sequences, 0.00 GB
2026-10-03 04:39:01,954 - INFO - - user: 0 sequences, 0.00 GB
2026-10-03 04:39:01,954 - INFO - - system: 0 sequences, 0.00 GB
127.0.0.1 - - [03/Oct/2026 04:39:01] "POST /v1/chat/completions HTTP/1.1" 200 -
2026-10-03 04:39:02,138 - INFO - Prompt processing progress: 20/8204
2026-10-03 04:39:02,138 - INFO - Prompt processing progress: 20/8204
2026-10-03 04:39:04,490 - INFO - Prompt processing progress: 2068/8204
2026-10-03 04:39:04,490 - INFO - Prompt processing progress: 2068/8204
2026-10-03 04:39:06,874 - INFO - Prompt processing progress: 4116/8204
2026-10-03 04:39:06,874 - INFO - Prompt processing progress: 4116/8204
2026-10-03 04:39:09,307 - INFO - Prompt processing progress: 6164/8204
2026-10-03 04:39:09,307 - INFO - Prompt processing progress: 6164/8204
2026-10-03 04:39:11,792 - INFO - Prompt processing progress: 8200/8204
2026-10-03 04:39:11,792 - INFO - Prompt processing progress: 8200/8204
2026-10-03 04:39:11,858 - INFO - Prompt processing progress: 8203/8204
2026-10-03 04:39:11,858 - INFO - Prompt processing progress: 8203/8204
2026-10-03 04:39:11,906 - INFO - Prompt processing progress: 8204/8204
2026-10-03 04:39:11,906 - INFO - Prompt processing progress: 8204/8204
2026-10-03 04:39:21,219 - INFO - Prompt Cache: 0 sequences, 0.00 GB
2026-10-03 04:39:21,219 - INFO - - assistant: 0 sequences, 0.00 GB
2026-10-03 04:39:21,219 - INFO - - user: 0 sequences, 0.00 GB
2026-10-03 04:39:21,219 - INFO - - system: 0 sequences, 0.00 GB
127.0.0.1 - - [03/Oct/2026 04:39:21] "POST /v1/chat/completions HTTP/1.1" 200 -
2026-10-03 04:39:21,307 - INFO - Prompt Cache: 0 sequences, 0.00 GB
2026-10-03 04:39:21,307 - INFO - - assistant: 0 sequences, 0.00 GB
2026-10-03 04:39:21,307 - INFO - - user: 0 sequences, 0.00 GB
2026-10-03 04:39:21,307 - INFO - - system: 0 sequences, 0.00 GB
127.0.0.1 - - [03/Oct/2026 04:39:21] "POST /v1/chat/completions HTTP/1.1" 200 -
2026-10-03 04:39:21,507 - INFO - Prompt processing progress: 20/8204
2026-10-03 04:39:21,507 - INFO - Prompt processing progress: 20/8204
2026-10-03 04:39:23,855 - INFO - Prompt processing progress: 2068/8204
2026-10-03 04:39:23,855 - INFO - Prompt processing progress: 2068/8204
2026-10-03 04:39:26,240 - INFO - Prompt processing progress: 4116/8204
2026-10-03 04:39:26,240 - INFO - Prompt processing progress: 4116/8204
2026-10-03 04:39:28,674 - INFO - Prompt processing progress: 6164/8204
2026-10-03 04:39:28,674 - INFO - Prompt processing progress: 6164/8204
2026-10-03 04:39:31,160 - INFO - Prompt processing progress: 8200/8204
2026-10-03 04:39:31,160 - INFO - Prompt processing progress: 8200/8204
2026-10-03 04:39:31,230 - INFO - Prompt processing progress: 8203/8204
2026-10-03 04:39:31,230 - INFO - Prompt processing progress: 8203/8204
2026-10-03 04:39:31,279 - INFO - Prompt processing progress: 8204/8204
2026-10-03 04:39:31,279 - INFO - Prompt processing progress: 8204/8204
2026-10-03 04:39:40,603 - INFO - Prompt Cache: 0 sequences, 0.00 GB
2026-10-03 04:39:40,604 - INFO - - assistant: 0 sequences, 0.00 GB
2026-10-03 04:39:40,604 - INFO - - user: 0 sequences, 0.00 GB
2026-10-03 04:39:40,604 - INFO - - system: 0 sequences, 0.00 GB
127.0.0.1 - - [03/Oct/2026 04:39:40] "POST /v1/chat/completions HTTP/1.1" 200 -
2026-10-03 04:39:40,692 - INFO - Prompt Cache: 0 sequences, 0.00 GB
2026-10-03 04:39:40,692 - INFO - - assistant: 0 sequences, 0.00 GB
2026-10-03 04:39:40,692 - INFO - - user: 0 sequences, 0.00 GB
2026-10-03 04:39:40,692 - INFO - - system: 0 sequences, 0.00 GB
127.0.0.1 - - [03/Oct/2026 04:39:40] "POST /v1/chat/completions HTTP/1.1" 200 -
2026-10-03 04:39:40,876 - INFO - Prompt processing progress: 20/8204
2026-10-03 04:39:40,876 - INFO - Prompt processing progress: 20/8204
2026-10-03 04:39:43,224 - INFO - Prompt processing progress: 2068/8204
2026-10-03 04:39:43,224 - INFO - Prompt processing progress: 2068/8204
2026-10-03 04:39:45,607 - INFO - Prompt processing progress: 4116/8204
2026-10-03 04:39:45,607 - INFO - Prompt processing progress: 4116/8204
2026-10-03 04:39:48,038 - INFO - Prompt processing progress: 6164/8204
2026-10-03 04:39:48,038 - INFO - Prompt processing progress: 6164/8204
2026-10-03 04:39:50,524 - INFO - Prompt processing progress: 8200/8204
2026-10-03 04:39:50,524 - INFO - Prompt processing progress: 8200/8204
2026-10-03 04:39:50,593 - INFO - Prompt processing progress: 8203/8204
2026-10-03 04:39:50,593 - INFO - Prompt processing progress: 8203/8204
2026-10-03 04:39:50,642 - INFO - Prompt processing progress: 8204/8204
2026-10-03 04:39:50,642 - INFO - Prompt processing progress: 8204/8204
2026-10-03 04:39:59,961 - INFO - Prompt Cache: 0 sequences, 0.00 GB
2026-10-03 04:39:59,961 - INFO - - assistant: 0 sequences, 0.00 GB
2026-10-03 04:39:59,961 - INFO - - user: 0 sequences, 0.00 GB
2026-10-03 04:39:59,961 - INFO - - system: 0 sequences, 0.00 GB
127.0.0.1 - - [03/Oct/2026 04:39:59] "POST /v1/chat/completions HTTP/1.1" 200 -
2026-10-03 04:40:00,049 - INFO - Prompt Cache: 0 sequences, 0.00 GB
2026-10-03 04:40:00,049 - INFO - - assistant: 0 sequences, 0.00 GB
2026-10-03 04:40:00,049 - INFO - - user: 0 sequences, 0.00 GB
2026-10-03 04:40:00,050 - INFO - - system: 0 sequences, 0.00 GB
127.0.0.1 - - [03/Oct/2026 04:40:00] "POST /v1/chat/completions HTTP/1.1" 200 -
2026-10-03 04:40:00,251 - INFO - Prompt processing progress: 20/8204
2026-10-03 04:40:00,251 - INFO - Prompt processing progress: 20/8204
2026-10-03 04:40:02,599 - INFO - Prompt processing progress: 2068/8204
2026-10-03 04:40:02,599 - INFO - Prompt processing progress: 2068/8204
2026-10-03 04:40:04,984 - INFO - Prompt processing progress: 4116/8204
2026-10-03 04:40:04,984 - INFO - Prompt processing progress: 4116/8204
2026-10-03 04:40:07,417 - INFO - Prompt processing progress: 6164/8204
2026-10-03 04:40:07,417 - INFO - Prompt processing progress: 6164/8204
2026-10-03 04:40:09,901 - INFO - Prompt processing progress: 8200/8204
2026-10-03 04:40:09,901 - INFO - Prompt processing progress: 8200/8204
2026-10-03 04:40:09,972 - INFO - Prompt processing progress: 8203/8204
2026-10-03 04:40:09,972 - INFO - Prompt processing progress: 8203/8204
2026-10-03 04:40:10,020 - INFO - Prompt processing progress: 8204/8204
2026-10-03 04:40:10,020 - INFO - Prompt processing progress: 8204/8204
2026-10-03 04:40:19,344 - INFO - Prompt Cache: 0 sequences, 0.00 GB
2026-10-03 04:40:19,344 - INFO - - assistant: 0 sequences, 0.00 GB
2026-10-03 04:40:19,344 - INFO - - user: 0 sequences, 0.00 GB
2026-10-03 04:40:19,344 - INFO - - system: 0 sequences, 0.00 GB
127.0.0.1 - - [03/Oct/2026 04:40:19] "POST /v1/chat/completions HTTP/1.1" 200 -
2026-10-03 04:40:19,432 - INFO - Prompt Cache: 0 sequences, 0.00 GB
2026-10-03 04:40:19,432 - INFO - - assistant: 0 sequences, 0.00 GB
2026-10-03 04:40:19,432 - INFO - - user: 0 sequences, 0.00 GB
2026-10-03 04:40:19,432 - INFO - - system: 0 sequences, 0.00 GB
127.0.0.1 - - [03/Oct/2026 04:40:19] "POST /v1/chat/completions HTTP/1.1" 200 -
2026-10-03 04:40:19,617 - INFO - Prompt processing progress: 20/8204
2026-10-03 04:40:19,617 - INFO - Prompt processing progress: 20/8204
2026-10-03 04:40:21,964 - INFO - Prompt processing progress: 2068/8204
2026-10-03 04:40:21,964 - INFO - Prompt processing progress: 2068/8204
2026-10-03 04:40:24,345 - INFO - Prompt processing progress: 4116/8204
2026-10-03 04:40:24,345 - INFO - Prompt processing progress: 4116/8204
2026-10-03 04:40:26,774 - INFO - Prompt processing progress: 6164/8204
2026-10-03 04:40:26,774 - INFO - Prompt processing progress: 6164/8204
2026-10-03 04:40:29,261 - INFO - Prompt processing progress: 8200/8204
2026-10-03 04:40:29,261 - INFO - Prompt processing progress: 8200/8204
2026-10-03 04:40:29,329 - INFO - Prompt processing progress: 8203/8204
2026-10-03 04:40:29,330 - INFO - Prompt processing progress: 8203/8204
2026-10-03 04:40:29,378 - INFO - Prompt processing progress: 8204/8204
2026-10-03 04:40:29,378 - INFO - Prompt processing progress: 8204/8204
2026-10-03 04:40:38,700 - INFO - Prompt Cache: 0 sequences, 0.00 GB
2026-10-03 04:40:38,700 - INFO - - assistant: 0 sequences, 0.00 GB
2026-10-03 04:40:38,700 - INFO - - user: 0 sequences, 0.00 GB
2026-10-03 04:40:38,700 - INFO - - system: 0 sequences, 0.00 GB
127.0.0.1 - - [03/Oct/2026 04:40:38] "POST /v1/chat/completions HTTP/1.1" 200 -
2026-10-03 04:40:38,788 - INFO - Prompt Cache: 0 sequences, 0.00 GB
2026-10-03 04:40:38,788 - INFO - - assistant: 0 sequences, 0.00 GB
2026-10-03 04:40:38,788 - INFO - - user: 0 sequences, 0.00 GB
2026-10-03 04:40:38,788 - INFO - - system: 0 sequences, 0.00 GB
127.0.0.1 - - [03/Oct/2026 04:40:38] "POST /v1/chat/completions HTTP/1.1" 200 -
2026-10-03 04:40:38,991 - INFO - Prompt processing progress: 20/8204
2026-10-03 04:40:38,991 - INFO - Prompt processing progress: 20/8204
2026-10-03 04:40:41,342 - INFO - Prompt processing progress: 2068/8204
2026-10-03 04:40:41,342 - INFO - Prompt processing progress: 2068/8204
2026-10-03 04:40:43,727 - INFO - Prompt processing progress: 4116/8204
2026-10-03 04:40:43,727 - INFO - Prompt processing progress: 4116/8204
2026-10-03 04:40:46,160 - INFO - Prompt processing progress: 6164/8204
2026-10-03 04:40:46,160 - INFO - Prompt processing progress: 6164/8204
2026-10-03 04:40:48,646 - INFO - Prompt processing progress: 8200/8204
2026-10-03 04:40:48,646 - INFO - Prompt processing progress: 8200/8204
2026-10-03 04:40:48,714 - INFO - Prompt processing progress: 8203/8204
2026-10-03 04:40:48,714 - INFO - Prompt processing progress: 8203/8204
2026-10-03 04:40:48,764 - INFO - Prompt processing progress: 8204/8204
2026-10-03 04:40:48,764 - INFO - Prompt processing progress: 8204/8204
2026-10-03 04:40:58,090 - INFO - Prompt Cache: 0 sequences, 0.00 GB
2026-10-03 04:40:58,090 - INFO - - assistant: 0 sequences, 0.00 GB
2026-10-03 04:40:58,090 - INFO - - user: 0 sequences, 0.00 GB
2026-10-03 04:40:58,090 - INFO - - system: 0 sequences, 0.00 GB
127.0.0.1 - - [03/Oct/2026 04:40:58] "POST /v1/chat/completions HTTP/1.1" 200 -
2026-10-03 04:40:58,177 - INFO - Prompt Cache: 0 sequences, 0.00 GB
2026-10-03 04:40:58,177 - INFO - - assistant: 0 sequences, 0.00 GB
2026-10-03 04:40:58,177 - INFO - - user: 0 sequences, 0.00 GB
2026-10-03 04:40:58,177 - INFO - - system: 0 sequences, 0.00 GB
127.0.0.1 - - [03/Oct/2026 04:40:58] "POST /v1/chat/completions HTTP/1.1" 200 -
2026-10-03 04:40:58,360 - INFO - Prompt processing progress: 20/8204
2026-10-03 04:40:58,360 - INFO - Prompt processing progress: 20/8204
2026-10-03 04:41:00,711 - INFO - Prompt processing progress: 2068/8204
2026-10-03 04:41:00,711 - INFO - Prompt processing progress: 2068/8204
2026-10-03 04:41:03,093 - INFO - Prompt processing progress: 4116/8204
2026-10-03 04:41:03,093 - INFO - Prompt processing progress: 4116/8204
2026-10-03 04:41:05,524 - INFO - Prompt processing progress: 6164/8204
2026-10-03 04:41:05,524 - INFO - Prompt processing progress: 6164/8204
2026-10-03 04:41:08,009 - INFO - Prompt processing progress: 8200/8204
2026-10-03 04:41:08,009 - INFO - Prompt processing progress: 8200/8204
2026-10-03 04:41:08,078 - INFO - Prompt processing progress: 8203/8204
2026-10-03 04:41:08,079 - INFO - Prompt processing progress: 8203/8204
2026-10-03 04:41:08,129 - INFO - Prompt processing progress: 8204/8204
2026-10-03 04:41:08,129 - INFO - Prompt processing progress: 8204/8204
2026-10-03 04:41:17,453 - INFO - Prompt Cache: 0 sequences, 0.00 GB
2026-10-03 04:41:17,453 - INFO - - assistant: 0 sequences, 0.00 GB
2026-10-03 04:41:17,453 - INFO - - user: 0 sequences, 0.00 GB
2026-10-03 04:41:17,453 - INFO - - system: 0 sequences, 0.00 GB
127.0.0.1 - - [03/Oct/2026 04:41:17] "POST /v1/chat/completions HTTP/1.1" 200 -
2026-10-03 04:41:17,543 - INFO - Prompt Cache: 0 sequences, 0.00 GB
2026-10-03 04:41:17,543 - INFO - - assistant: 0 sequences, 0.00 GB
2026-10-03 04:41:17,543 - INFO - - user: 0 sequences, 0.00 GB
2026-10-03 04:41:17,543 - INFO - - system: 0 sequences, 0.00 GB
127.0.0.1 - - [03/Oct/2026 04:41:17] "POST /v1/chat/completions HTTP/1.1" 200 -
2026-10-03 04:41:17,742 - INFO - Prompt processing progress: 20/8204
2026-10-03 04:41:17,742 - INFO - Prompt processing progress: 20/8204
2026-10-03 04:41:20,092 - INFO - Prompt processing progress: 2068/8204
2026-10-03 04:41:20,092 - INFO - Prompt processing progress: 2068/8204
2026-10-03 04:41:22,479 - INFO - Prompt processing progress: 4116/8204
2026-10-03 04:41:22,479 - INFO - Prompt processing progress: 4116/8204
2026-10-03 04:41:24,912 - INFO - Prompt processing progress: 6164/8204
2026-10-03 04:41:24,912 - INFO - Prompt processing progress: 6164/8204
2026-10-03 04:41:27,395 - INFO - Prompt processing progress: 8200/8204
2026-10-03 04:41:27,396 - INFO - Prompt processing progress: 8200/8204
2026-10-03 04:41:27,465 - INFO - Prompt processing progress: 8203/8204
2026-10-03 04:41:27,465 - INFO - Prompt processing progress: 8203/8204
2026-10-03 04:41:27,514 - INFO - Prompt processing progress: 8204/8204
2026-10-03 04:41:27,514 - INFO - Prompt processing progress: 8204/8204
2026-10-03 04:41:36,840 - INFO - Prompt Cache: 0 sequences, 0.00 GB
2026-10-03 04:41:36,840 - INFO - - assistant: 0 sequences, 0.00 GB
2026-10-03 04:41:36,840 - INFO - - user: 0 sequences, 0.00 GB
2026-10-03 04:41:36,840 - INFO - - system: 0 sequences, 0.00 GB
127.0.0.1 - - [03/Oct/2026 04:41:36] "POST /v1/chat/completions HTTP/1.1" 200 -
2026-10-03 04:41:36,933 - INFO - Prompt Cache: 0 sequences, 0.00 GB
2026-10-03 04:41:36,933 - INFO - - assistant: 0 sequences, 0.00 GB
2026-10-03 04:41:36,933 - INFO - - user: 0 sequences, 0.00 GB
2026-10-03 04:41:36,933 - INFO - - system: 0 sequences, 0.00 GB
127.0.0.1 - - [03/Oct/2026 04:41:36] "POST /v1/chat/completions HTTP/1.1" 200 -
2026-10-03 04:41:37,118 - INFO - Prompt processing progress: 20/8204
2026-10-03 04:41:37,118 - INFO - Prompt processing progress: 20/8204
2026-10-03 04:41:39,466 - INFO - Prompt processing progress: 2068/8204
2026-10-03 04:41:39,466 - INFO - Prompt processing progress: 2068/8204
2026-10-03 04:41:41,848 - INFO - Prompt processing progress: 4116/8204
2026-10-03 04:41:41,848 - INFO - Prompt processing progress: 4116/8204
2026-10-03 04:41:44,282 - INFO - Prompt processing progress: 6164/8204
2026-10-03 04:41:44,282 - INFO - Prompt processing progress: 6164/8204
2026-10-03 04:41:46,765 - INFO - Prompt processing progress: 8200/8204
2026-10-03 04:41:46,765 - INFO - Prompt processing progress: 8200/8204
2026-10-03 04:41:46,834 - INFO - Prompt processing progress: 8203/8204
2026-10-03 04:41:46,834 - INFO - Prompt processing progress: 8203/8204
2026-10-03 04:41:46,883 - INFO - Prompt processing progress: 8204/8204
2026-10-03 04:41:46,883 - INFO - Prompt processing progress: 8204/8204
2026-10-03 04:41:56,209 - INFO - Prompt Cache: 0 sequences, 0.00 GB
2026-10-03 04:41:56,209 - INFO - - assistant: 0 sequences, 0.00 GB
2026-10-03 04:41:56,209 - INFO - - user: 0 sequences, 0.00 GB
2026-10-03 04:41:56,209 - INFO - - system: 0 sequences, 0.00 GB
127.0.0.1 - - [03/Oct/2026 04:41:56] "POST /v1/chat/completions HTTP/1.1" 200 -
2026-10-03 04:41:56,297 - INFO - Prompt Cache: 0 sequences, 0.00 GB
2026-10-03 04:41:56,297 - INFO - - assistant: 0 sequences, 0.00 GB
2026-10-03 04:41:56,297 - INFO - - user: 0 sequences, 0.00 GB
2026-10-03 04:41:56,297 - INFO - - system: 0 sequences, 0.00 GB
127.0.0.1 - - [03/Oct/2026 04:41:56] "POST /v1/chat/completions HTTP/1.1" 200 -
2026-10-03 04:41:56,498 - INFO - Prompt processing progress: 20/8204
2026-10-03 04:41:56,498 - INFO - Prompt processing progress: 20/8204
2026-10-03 04:41:58,844 - INFO - Prompt processing progress: 2068/8204
2026-10-03 04:41:58,844 - INFO - Prompt processing progress: 2068/8204
2026-10-03 04:42:01,230 - INFO - Prompt processing progress: 4116/8204
2026-10-03 04:42:01,230 - INFO - Prompt processing progress: 4116/8204
2026-10-03 04:42:03,665 - INFO - Prompt processing progress: 6164/8204
2026-10-03 04:42:03,665 - INFO - Prompt processing progress: 6164/8204
2026-10-03 04:42:06,155 - INFO - Prompt processing progress: 8200/8204
2026-10-03 04:42:06,155 - INFO - Prompt processing progress: 8200/8204
2026-10-03 04:42:06,224 - INFO - Prompt processing progress: 8203/8204
2026-10-03 04:42:06,224 - INFO - Prompt processing progress: 8203/8204
2026-10-03 04:42:06,272 - INFO - Prompt processing progress: 8204/8204
2026-10-03 04:42:06,273 - INFO - Prompt processing progress: 8204/8204
