<M5_REPO>/.venv/lib/python3.12/site-packages/mlx_lm/server.py:1723: UserWarning: mlx_lm.server is not recommended for production as it only implements basic security checks.
  warnings.warn(
2026-10-02 08:32:06,066 - INFO - Starting httpd at 127.0.0.1 on port 18185...
127.0.0.1 - - [02/Oct/2026 08:32:06] "GET /v1/models HTTP/1.1" 200 -
127.0.0.1 - - [02/Oct/2026 08:32:15] "POST /v1/chat/completions HTTP/1.1" 200 -
2026-10-02 08:32:15,823 - INFO - Prompt Cache: 0 sequences, 0.00 GB
2026-10-02 08:32:15,823 - INFO - - assistant: 0 sequences, 0.00 GB
2026-10-02 08:32:15,823 - INFO - - user: 0 sequences, 0.00 GB
2026-10-02 08:32:15,823 - INFO - - system: 0 sequences, 0.00 GB
2026-10-02 08:32:15,920 - INFO - Prompt processing progress: 0/200009
2026-10-02 08:32:17,534 - INFO - Prompt processing progress: 2048/200009
2026-10-02 08:32:19,049 - INFO - Prompt processing progress: 4096/200009
2026-10-02 08:32:20,593 - INFO - Prompt processing progress: 6144/200009
2026-10-02 08:32:22,170 - INFO - Prompt processing progress: 8192/200009
2026-10-02 08:32:23,779 - INFO - Prompt processing progress: 10240/200009
2026-10-02 08:32:25,422 - INFO - Prompt processing progress: 12288/200009
2026-10-02 08:32:27,098 - INFO - Prompt processing progress: 14336/200009
2026-10-02 08:32:28,808 - INFO - Prompt processing progress: 16384/200009
2026-10-02 08:32:30,554 - INFO - Prompt processing progress: 18432/200009
2026-10-02 08:32:32,333 - INFO - Prompt processing progress: 20480/200009
2026-10-02 08:32:34,140 - INFO - Prompt processing progress: 22528/200009
2026-10-02 08:32:35,986 - INFO - Prompt processing progress: 24576/200009
2026-10-02 08:32:37,892 - INFO - Prompt processing progress: 26624/200009
2026-10-02 08:32:39,852 - INFO - Prompt processing progress: 28672/200009
2026-10-02 08:32:41,868 - INFO - Prompt processing progress: 30720/200009
2026-10-02 08:32:43,917 - INFO - Prompt processing progress: 32768/200009
2026-10-02 08:32:45,984 - INFO - Prompt processing progress: 34816/200009
2026-10-02 08:32:48,119 - INFO - Prompt processing progress: 36864/200009
2026-10-02 08:32:50,253 - INFO - Prompt processing progress: 38912/200009
2026-10-02 08:32:52,506 - INFO - Prompt processing progress: 40960/200009
2026-10-02 08:32:54,777 - INFO - Prompt processing progress: 43008/200009
2026-10-02 08:32:57,044 - INFO - Prompt processing progress: 45056/200009
2026-10-02 08:32:59,343 - INFO - Prompt processing progress: 47104/200009
2026-10-02 08:33:01,702 - INFO - Prompt processing progress: 49152/200009
2026-10-02 08:33:04,071 - INFO - Prompt processing progress: 51200/200009
2026-10-02 08:33:06,483 - INFO - Prompt processing progress: 53248/200009
2026-10-02 08:33:08,950 - INFO - Prompt processing progress: 55296/200009
2026-10-02 08:33:11,448 - INFO - Prompt processing progress: 57344/200009
2026-10-02 08:33:13,979 - INFO - Prompt processing progress: 59392/200009
2026-10-02 08:33:16,557 - INFO - Prompt processing progress: 61440/200009
2026-10-02 08:33:19,182 - INFO - Prompt processing progress: 63488/200009
2026-10-02 08:33:21,902 - INFO - Prompt processing progress: 65536/200009
2026-10-02 08:33:24,579 - INFO - Prompt processing progress: 67584/200009
2026-10-02 08:33:27,281 - INFO - Prompt processing progress: 69632/200009
2026-10-02 08:33:30,054 - INFO - Prompt processing progress: 71680/200009
2026-10-02 08:33:32,848 - INFO - Prompt processing progress: 73728/200009
2026-10-02 08:33:35,701 - INFO - Prompt processing progress: 75776/200009
2026-10-02 08:33:38,624 - INFO - Prompt processing progress: 77824/200009
2026-10-02 08:33:41,562 - INFO - Prompt processing progress: 79872/200009
2026-10-02 08:33:44,547 - INFO - Prompt processing progress: 81920/200009
2026-10-02 08:33:47,568 - INFO - Prompt processing progress: 83968/200009
2026-10-02 08:33:50,574 - INFO - Prompt processing progress: 86016/200009
2026-10-02 08:33:53,624 - INFO - Prompt processing progress: 88064/200009
2026-10-02 08:33:56,735 - INFO - Prompt processing progress: 90112/200009
2026-10-02 08:33:59,910 - INFO - Prompt processing progress: 92160/200009
2026-10-02 08:34:03,061 - INFO - Prompt processing progress: 94208/200009
2026-10-02 08:34:06,318 - INFO - Prompt processing progress: 96256/200009
2026-10-02 08:34:09,582 - INFO - Prompt processing progress: 98304/200009
2026-10-02 08:34:12,891 - INFO - Prompt processing progress: 100352/200009
2026-10-02 08:34:16,239 - INFO - Prompt processing progress: 102400/200009
2026-10-02 08:34:19,602 - INFO - Prompt processing progress: 104448/200009
2026-10-02 08:34:22,982 - INFO - Prompt processing progress: 106496/200009
2026-10-02 08:34:26,513 - INFO - Prompt processing progress: 108544/200009
2026-10-02 08:34:30,066 - INFO - Prompt processing progress: 110592/200009
2026-10-02 08:34:33,652 - INFO - Prompt processing progress: 112640/200009
2026-10-02 08:34:37,226 - INFO - Prompt processing progress: 114688/200009
2026-10-02 08:34:40,824 - INFO - Prompt processing progress: 116736/200009
2026-10-02 08:34:44,523 - INFO - Prompt processing progress: 118784/200009
2026-10-02 08:34:48,192 - INFO - Prompt processing progress: 120832/200009
2026-10-02 08:34:52,025 - INFO - Prompt processing progress: 122880/200009
2026-10-02 08:34:55,714 - INFO - Prompt processing progress: 124928/200009
2026-10-02 08:34:59,594 - INFO - Prompt processing progress: 126976/200009
2026-10-02 08:35:03,457 - INFO - Prompt processing progress: 129024/200009
2026-10-02 08:35:07,310 - INFO - Prompt processing progress: 131072/200009
2026-10-02 08:35:11,276 - INFO - Prompt processing progress: 133120/200009
2026-10-02 08:35:15,320 - INFO - Prompt processing progress: 135168/200009
2026-10-02 08:35:19,310 - INFO - Prompt processing progress: 137216/200009
2026-10-02 08:35:23,399 - INFO - Prompt processing progress: 139264/200009
2026-10-02 08:35:27,355 - INFO - Prompt processing progress: 141312/200009
2026-10-02 08:35:31,275 - INFO - Prompt processing progress: 143360/200009
2026-10-02 08:35:35,207 - INFO - Prompt processing progress: 145408/200009
2026-10-02 08:35:39,192 - INFO - Prompt processing progress: 147456/200009
2026-10-02 08:35:43,231 - INFO - Prompt processing progress: 149504/200009
2026-10-02 08:35:47,277 - INFO - Prompt processing progress: 151552/200009
2026-10-02 08:35:51,346 - INFO - Prompt processing progress: 153600/200009
2026-10-02 08:35:55,440 - INFO - Prompt processing progress: 155648/200009
2026-10-02 08:35:59,614 - INFO - Prompt processing progress: 157696/200009
2026-10-02 08:36:03,825 - INFO - Prompt processing progress: 159744/200009
2026-10-02 08:36:08,055 - INFO - Prompt processing progress: 161792/200009
2026-10-02 08:36:12,296 - INFO - Prompt processing progress: 163840/200009
2026-10-02 08:36:16,602 - INFO - Prompt processing progress: 165888/200009
2026-10-02 08:36:20,952 - INFO - Prompt processing progress: 167936/200009
2026-10-02 08:36:25,335 - INFO - Prompt processing progress: 169984/200009
2026-10-02 08:36:29,715 - INFO - Prompt processing progress: 172032/200009
2026-10-02 08:36:34,160 - INFO - Prompt processing progress: 174080/200009
2026-10-02 08:36:38,650 - INFO - Prompt processing progress: 176128/200009
2026-10-02 08:36:43,148 - INFO - Prompt processing progress: 178176/200009
2026-10-02 08:36:47,686 - INFO - Prompt processing progress: 180224/200009
2026-10-02 08:36:52,284 - INFO - Prompt processing progress: 182272/200009
2026-10-02 08:36:56,916 - INFO - Prompt processing progress: 184320/200009
2026-10-02 08:37:01,567 - INFO - Prompt processing progress: 186368/200009
2026-10-02 08:37:06,243 - INFO - Prompt processing progress: 188416/200009
2026-10-02 08:37:10,971 - INFO - Prompt processing progress: 190464/200009
2026-10-02 08:37:15,755 - INFO - Prompt processing progress: 192512/200009
2026-10-02 08:37:20,558 - INFO - Prompt processing progress: 194560/200009
2026-10-02 08:37:25,380 - INFO - Prompt processing progress: 196608/200009
2026-10-02 08:37:30,275 - INFO - Prompt processing progress: 198656/200009
2026-10-02 08:37:33,915 - INFO - Prompt processing progress: 200008/200009
2026-10-02 08:37:34,072 - INFO - Prompt processing progress: 200009/200009
127.0.0.1 - - [02/Oct/2026 08:37:35] "POST /v1/chat/completions HTTP/1.1" 200 -
2026-10-02 08:37:35,657 - INFO - Prompt Cache: 1 sequences, 17.24 GB
2026-10-02 08:37:35,657 - INFO - - assistant: 1 sequences, 17.24 GB
2026-10-02 08:37:35,657 - INFO - - user: 0 sequences, 0.00 GB
2026-10-02 08:37:35,657 - INFO - - system: 0 sequences, 0.00 GB
2026-10-02 08:37:35,771 - INFO - Prompt processing progress: 0/204305
2026-10-02 08:37:37,190 - INFO - Prompt processing progress: 2048/204305
2026-10-02 08:37:38,708 - INFO - Prompt processing progress: 4096/204305
2026-10-02 08:37:40,254 - INFO - Prompt processing progress: 6144/204305
2026-10-02 08:37:41,832 - INFO - Prompt processing progress: 8192/204305
2026-10-02 08:37:43,439 - INFO - Prompt processing progress: 10240/204305
2026-10-02 08:37:45,083 - INFO - Prompt processing progress: 12288/204305
2026-10-02 08:37:46,762 - INFO - Prompt processing progress: 14336/204305
2026-10-02 08:37:48,476 - INFO - Prompt processing progress: 16384/204305
2026-10-02 08:37:50,224 - INFO - Prompt processing progress: 18432/204305
2026-10-02 08:37:52,005 - INFO - Prompt processing progress: 20480/204305
2026-10-02 08:37:53,813 - INFO - Prompt processing progress: 22528/204305
2026-10-02 08:37:55,657 - INFO - Prompt processing progress: 24576/204305
2026-10-02 08:37:57,540 - INFO - Prompt processing progress: 26624/204305
2026-10-02 08:37:59,458 - INFO - Prompt processing progress: 28672/204305
2026-10-02 08:38:01,421 - INFO - Prompt processing progress: 30720/204305
2026-10-02 08:38:03,402 - INFO - Prompt processing progress: 32768/204305
2026-10-02 08:38:05,415 - INFO - Prompt processing progress: 34816/204305
2026-10-02 08:38:07,476 - INFO - Prompt processing progress: 36864/204305
2026-10-02 08:38:09,573 - INFO - Prompt processing progress: 38912/204305
2026-10-02 08:38:11,694 - INFO - Prompt processing progress: 40960/204305
2026-10-02 08:38:13,852 - INFO - Prompt processing progress: 43008/204305
2026-10-02 08:38:16,044 - INFO - Prompt processing progress: 45056/204305
2026-10-02 08:38:18,274 - INFO - Prompt processing progress: 47104/204305
2026-10-02 08:38:20,541 - INFO - Prompt processing progress: 49152/204305
2026-10-02 08:38:22,845 - INFO - Prompt processing progress: 51200/204305
2026-10-02 08:38:25,180 - INFO - Prompt processing progress: 53248/204305
2026-10-02 08:38:27,555 - INFO - Prompt processing progress: 55296/204305
2026-10-02 08:38:29,976 - INFO - Prompt processing progress: 57344/204305
2026-10-02 08:38:32,432 - INFO - Prompt processing progress: 59392/204305
2026-10-02 08:38:34,920 - INFO - Prompt processing progress: 61440/204305
2026-10-02 08:38:37,450 - INFO - Prompt processing progress: 63488/204305
2026-10-02 08:38:40,001 - INFO - Prompt processing progress: 65536/204305
2026-10-02 08:38:42,588 - INFO - Prompt processing progress: 67584/204305
2026-10-02 08:38:45,209 - INFO - Prompt processing progress: 69632/204305
2026-10-02 08:38:47,871 - INFO - Prompt processing progress: 71680/204305
2026-10-02 08:38:50,557 - INFO - Prompt processing progress: 73728/204305
2026-10-02 08:38:53,300 - INFO - Prompt processing progress: 75776/204305
2026-10-02 08:38:56,058 - INFO - Prompt processing progress: 77824/204305
2026-10-02 08:38:58,856 - INFO - Prompt processing progress: 79872/204305
2026-10-02 08:39:01,708 - INFO - Prompt processing progress: 81920/204305
2026-10-02 08:39:04,573 - INFO - Prompt processing progress: 83968/204305
2026-10-02 08:39:07,468 - INFO - Prompt processing progress: 86016/204305
2026-10-02 08:39:10,410 - INFO - Prompt processing progress: 88064/204305
2026-10-02 08:39:13,395 - INFO - Prompt processing progress: 90112/204305
2026-10-02 08:39:16,397 - INFO - Prompt processing progress: 92160/204305
2026-10-02 08:39:19,446 - INFO - Prompt processing progress: 94208/204305
2026-10-02 08:39:22,522 - INFO - Prompt processing progress: 96256/204305
2026-10-02 08:39:25,637 - INFO - Prompt processing progress: 98304/204305
2026-10-02 08:39:28,794 - INFO - Prompt processing progress: 100352/204305
2026-10-02 08:39:31,981 - INFO - Prompt processing progress: 102400/204305
2026-10-02 08:39:35,202 - INFO - Prompt processing progress: 104448/204305
2026-10-02 08:39:38,467 - INFO - Prompt processing progress: 106496/204305
2026-10-02 08:39:41,746 - INFO - Prompt processing progress: 108544/204305
2026-10-02 08:39:45,079 - INFO - Prompt processing progress: 110592/204305
2026-10-02 08:39:48,469 - INFO - Prompt processing progress: 112640/204305
2026-10-02 08:39:51,871 - INFO - Prompt processing progress: 114688/204305
2026-10-02 08:39:55,316 - INFO - Prompt processing progress: 116736/204305
2026-10-02 08:39:58,787 - INFO - Prompt processing progress: 118784/204305
2026-10-02 08:40:02,324 - INFO - Prompt processing progress: 120832/204305
2026-10-02 08:40:05,875 - INFO - Prompt processing progress: 122880/204305
2026-10-02 08:40:09,435 - INFO - Prompt processing progress: 124928/204305
2026-10-02 08:40:13,070 - INFO - Prompt processing progress: 126976/204305
2026-10-02 08:40:16,719 - INFO - Prompt processing progress: 129024/204305
2026-10-02 08:40:20,381 - INFO - Prompt processing progress: 131072/204305
2026-10-02 08:40:24,119 - INFO - Prompt processing progress: 133120/204305
2026-10-02 08:40:27,892 - INFO - Prompt processing progress: 135168/204305
2026-10-02 08:40:31,707 - INFO - Prompt processing progress: 137216/204305
2026-10-02 08:40:35,552 - INFO - Prompt processing progress: 139264/204305
2026-10-02 08:40:39,399 - INFO - Prompt processing progress: 141312/204305
2026-10-02 08:40:43,302 - INFO - Prompt processing progress: 143360/204305
2026-10-02 08:40:47,243 - INFO - Prompt processing progress: 145408/204305
2026-10-02 08:40:51,234 - INFO - Prompt processing progress: 147456/204305
2026-10-02 08:40:55,245 - INFO - Prompt processing progress: 149504/204305
2026-10-02 08:40:59,309 - INFO - Prompt processing progress: 151552/204305
2026-10-02 08:41:03,411 - INFO - Prompt processing progress: 153600/204305
2026-10-02 08:41:07,537 - INFO - Prompt processing progress: 155648/204305
2026-10-02 08:41:11,687 - INFO - Prompt processing progress: 157696/204305
2026-10-02 08:41:15,886 - INFO - Prompt processing progress: 159744/204305
2026-10-02 08:41:20,108 - INFO - Prompt processing progress: 161792/204305
2026-10-02 08:41:24,357 - INFO - Prompt processing progress: 163840/204305
2026-10-02 08:41:28,659 - INFO - Prompt processing progress: 165888/204305
2026-10-02 08:41:33,020 - INFO - Prompt processing progress: 167936/204305
2026-10-02 08:41:37,405 - INFO - Prompt processing progress: 169984/204305
2026-10-02 08:41:41,840 - INFO - Prompt processing progress: 172032/204305
2026-10-02 08:41:46,250 - INFO - Prompt processing progress: 174080/204305
2026-10-02 08:41:50,761 - INFO - Prompt processing progress: 176128/204305
2026-10-02 08:41:55,250 - INFO - Prompt processing progress: 178176/204305
2026-10-02 08:41:59,801 - INFO - Prompt processing progress: 180224/204305
2026-10-02 08:42:04,414 - INFO - Prompt processing progress: 182272/204305
2026-10-02 08:42:09,047 - INFO - Prompt processing progress: 184320/204305
2026-10-02 08:42:13,718 - INFO - Prompt processing progress: 186368/204305
2026-10-02 08:42:18,442 - INFO - Prompt processing progress: 188416/204305
2026-10-02 08:42:23,204 - INFO - Prompt processing progress: 190464/204305
2026-10-02 08:42:27,961 - INFO - Prompt processing progress: 192512/204305
2026-10-02 08:42:32,793 - INFO - Prompt processing progress: 194560/204305
2026-10-02 08:42:37,634 - INFO - Prompt processing progress: 196608/204305
2026-10-02 08:42:42,545 - INFO - Prompt processing progress: 198656/204305
2026-10-02 08:42:47,476 - INFO - Prompt processing progress: 200704/204305
2026-10-02 08:42:52,432 - INFO - Prompt processing progress: 202752/204305
2026-10-02 08:42:56,706 - INFO - Prompt processing progress: 204304/204305
2026-10-02 08:42:56,867 - INFO - Prompt processing progress: 204305/204305
127.0.0.1 - - [02/Oct/2026 08:43:29] "POST /v1/chat/completions HTTP/1.1" 200 -
2026-10-02 08:43:29,773 - INFO - Prompt Cache: 1 sequences, 17.62 GB
2026-10-02 08:43:29,773 - INFO - - assistant: 1 sequences, 17.62 GB
2026-10-02 08:43:29,773 - INFO - - user: 0 sequences, 0.00 GB
2026-10-02 08:43:29,773 - INFO - - system: 0 sequences, 0.00 GB
2026-10-02 08:43:29,888 - INFO - Prompt processing progress: 0/204820
2026-10-02 08:43:31,339 - INFO - Prompt processing progress: 2048/204820
2026-10-02 08:43:32,904 - INFO - Prompt processing progress: 4096/204820
2026-10-02 08:43:34,465 - INFO - Prompt processing progress: 6144/204820
2026-10-02 08:43:36,075 - INFO - Prompt processing progress: 8192/204820
2026-10-02 08:43:37,709 - INFO - Prompt processing progress: 10240/204820
2026-10-02 08:43:39,385 - INFO - Prompt processing progress: 12288/204820
2026-10-02 08:43:41,106 - INFO - Prompt processing progress: 14336/204820
2026-10-02 08:43:42,851 - INFO - Prompt processing progress: 16384/204820
2026-10-02 08:43:44,621 - INFO - Prompt processing progress: 18432/204820
2026-10-02 08:43:46,412 - INFO - Prompt processing progress: 20480/204820
2026-10-02 08:43:48,256 - INFO - Prompt processing progress: 22528/204820
2026-10-02 08:43:50,140 - INFO - Prompt processing progress: 24576/204820
2026-10-02 08:43:52,064 - INFO - Prompt processing progress: 26624/204820
2026-10-02 08:43:54,034 - INFO - Prompt processing progress: 28672/204820
2026-10-02 08:43:56,015 - INFO - Prompt processing progress: 30720/204820
2026-10-02 08:43:58,062 - INFO - Prompt processing progress: 32768/204820
2026-10-02 08:44:00,142 - INFO - Prompt processing progress: 34816/204820
2026-10-02 08:44:02,232 - INFO - Prompt processing progress: 36864/204820
2026-10-02 08:44:04,345 - INFO - Prompt processing progress: 38912/204820
2026-10-02 08:44:06,529 - INFO - Prompt processing progress: 40960/204820
2026-10-02 08:44:08,725 - INFO - Prompt processing progress: 43008/204820
2026-10-02 08:44:10,971 - INFO - Prompt processing progress: 45056/204820
2026-10-02 08:44:13,263 - INFO - Prompt processing progress: 47104/204820
2026-10-02 08:44:15,597 - INFO - Prompt processing progress: 49152/204820
2026-10-02 08:44:17,960 - INFO - Prompt processing progress: 51200/204820
2026-10-02 08:44:20,382 - INFO - Prompt processing progress: 53248/204820
2026-10-02 08:44:22,795 - INFO - Prompt processing progress: 55296/204820
2026-10-02 08:44:25,278 - INFO - Prompt processing progress: 57344/204820
2026-10-02 08:44:27,799 - INFO - Prompt processing progress: 59392/204820
2026-10-02 08:44:30,346 - INFO - Prompt processing progress: 61440/204820
2026-10-02 08:44:32,936 - INFO - Prompt processing progress: 63488/204820
2026-10-02 08:44:35,599 - INFO - Prompt processing progress: 65536/204820
2026-10-02 08:44:38,256 - INFO - Prompt processing progress: 67584/204820
2026-10-02 08:44:40,971 - INFO - Prompt processing progress: 69632/204820
2026-10-02 08:44:43,720 - INFO - Prompt processing progress: 71680/204820
2026-10-02 08:44:46,513 - INFO - Prompt processing progress: 73728/204820
2026-10-02 08:44:49,373 - INFO - Prompt processing progress: 75776/204820
2026-10-02 08:44:52,243 - INFO - Prompt processing progress: 77824/204820
2026-10-02 08:44:55,166 - INFO - Prompt processing progress: 79872/204820
2026-10-02 08:44:58,049 - INFO - Prompt processing progress: 81920/204820
2026-10-02 08:45:01,053 - INFO - Prompt processing progress: 83968/204820
2026-10-02 08:45:04,071 - INFO - Prompt processing progress: 86016/204820
2026-10-02 08:45:07,146 - INFO - Prompt processing progress: 88064/204820
2026-10-02 08:45:10,293 - INFO - Prompt processing progress: 90112/204820
2026-10-02 08:45:13,376 - INFO - Prompt processing progress: 92160/204820
2026-10-02 08:45:16,522 - INFO - Prompt processing progress: 94208/204820
2026-10-02 08:45:19,751 - INFO - Prompt processing progress: 96256/204820
2026-10-02 08:45:23,107 - INFO - Prompt processing progress: 98304/204820
2026-10-02 08:45:26,418 - INFO - Prompt processing progress: 100352/204820
2026-10-02 08:45:29,692 - INFO - Prompt processing progress: 102400/204820
2026-10-02 08:45:33,059 - INFO - Prompt processing progress: 104448/204820
2026-10-02 08:45:36,520 - INFO - Prompt processing progress: 106496/204820
2026-10-02 08:45:40,077 - INFO - Prompt processing progress: 108544/204820
2026-10-02 08:45:43,491 - INFO - Prompt processing progress: 110592/204820
2026-10-02 08:45:47,101 - INFO - Prompt processing progress: 112640/204820
2026-10-02 08:45:50,604 - INFO - Prompt processing progress: 114688/204820
2026-10-02 08:45:54,294 - INFO - Prompt processing progress: 116736/204820
2026-10-02 08:45:57,881 - INFO - Prompt processing progress: 118784/204820
2026-10-02 08:46:01,572 - INFO - Prompt processing progress: 120832/204820
2026-10-02 08:46:05,312 - INFO - Prompt processing progress: 122880/204820
2026-10-02 08:46:09,089 - INFO - Prompt processing progress: 124928/204820
2026-10-02 08:46:13,047 - INFO - Prompt processing progress: 126976/204820
2026-10-02 08:46:16,801 - INFO - Prompt processing progress: 129024/204820
2026-10-02 08:46:20,674 - INFO - Prompt processing progress: 131072/204820
2026-10-02 08:46:24,661 - INFO - Prompt processing progress: 133120/204820
2026-10-02 08:46:28,664 - INFO - Prompt processing progress: 135168/204820
2026-10-02 08:46:32,693 - INFO - Prompt processing progress: 137216/204820
2026-10-02 08:46:36,703 - INFO - Prompt processing progress: 139264/204820
2026-10-02 08:46:40,784 - INFO - Prompt processing progress: 141312/204820
2026-10-02 08:46:44,871 - INFO - Prompt processing progress: 143360/204820
2026-10-02 08:46:49,017 - INFO - Prompt processing progress: 145408/204820
2026-10-02 08:46:53,218 - INFO - Prompt processing progress: 147456/204820
2026-10-02 08:46:57,480 - INFO - Prompt processing progress: 149504/204820
2026-10-02 08:47:01,814 - INFO - Prompt processing progress: 151552/204820
2026-10-02 08:47:06,123 - INFO - Prompt processing progress: 153600/204820
2026-10-02 08:47:10,453 - INFO - Prompt processing progress: 155648/204820
2026-10-02 08:47:14,825 - INFO - Prompt processing progress: 157696/204820
2026-10-02 08:47:19,241 - INFO - Prompt processing progress: 159744/204820
2026-10-02 08:47:23,700 - INFO - Prompt processing progress: 161792/204820
2026-10-02 08:47:28,320 - INFO - Prompt processing progress: 163840/204820
2026-10-02 08:47:32,798 - INFO - Prompt processing progress: 165888/204820
2026-10-02 08:47:37,420 - INFO - Prompt processing progress: 167936/204820
2026-10-02 08:47:41,992 - INFO - Prompt processing progress: 169984/204820
2026-10-02 08:47:46,659 - INFO - Prompt processing progress: 172032/204820
2026-10-02 08:47:51,427 - INFO - Prompt processing progress: 174080/204820
2026-10-02 08:47:56,036 - INFO - Prompt processing progress: 176128/204820
2026-10-02 08:48:00,706 - INFO - Prompt processing progress: 178176/204820
2026-10-02 08:48:05,494 - INFO - Prompt processing progress: 180224/204820
2026-10-02 08:48:10,309 - INFO - Prompt processing progress: 182272/204820
2026-10-02 08:48:15,117 - INFO - Prompt processing progress: 184320/204820
2026-10-02 08:48:20,045 - INFO - Prompt processing progress: 186368/204820
2026-10-02 08:48:24,965 - INFO - Prompt processing progress: 188416/204820
2026-10-02 08:48:30,044 - INFO - Prompt processing progress: 190464/204820
2026-10-02 08:48:35,131 - INFO - Prompt processing progress: 192512/204820
2026-10-02 08:48:40,087 - INFO - Prompt processing progress: 194560/204820
2026-10-02 08:48:45,224 - INFO - Prompt processing progress: 196608/204820
2026-10-02 08:48:50,408 - INFO - Prompt processing progress: 198656/204820
2026-10-02 08:48:55,642 - INFO - Prompt processing progress: 200704/204820
2026-10-02 08:49:00,817 - INFO - Prompt processing progress: 202752/204820
2026-10-02 08:49:06,053 - INFO - Prompt processing progress: 204800/204820
2026-10-02 08:49:06,574 - INFO - Prompt processing progress: 204819/204820
2026-10-02 08:49:06,731 - INFO - Prompt processing progress: 204820/204820
127.0.0.1 - - [02/Oct/2026 08:49:09] "POST /v1/chat/completions HTTP/1.1" 200 -
2026-10-02 08:49:09,855 - INFO - Prompt Cache: 1 sequences, 17.64 GB
2026-10-02 08:49:09,855 - INFO - - assistant: 1 sequences, 17.64 GB
2026-10-02 08:49:09,855 - INFO - - user: 0 sequences, 0.00 GB
2026-10-02 08:49:09,855 - INFO - - system: 0 sequences, 0.00 GB
2026-10-02 08:49:09,975 - INFO - Prompt processing progress: 0/205399
2026-10-02 08:49:11,818 - INFO - Prompt processing progress: 2048/205399
2026-10-02 08:49:13,375 - INFO - Prompt processing progress: 4096/205399
2026-10-02 08:49:14,948 - INFO - Prompt processing progress: 6144/205399
2026-10-02 08:49:16,551 - INFO - Prompt processing progress: 8192/205399
2026-10-02 08:49:18,174 - INFO - Prompt processing progress: 10240/205399
2026-10-02 08:49:19,834 - INFO - Prompt processing progress: 12288/205399
2026-10-02 08:49:21,542 - INFO - Prompt processing progress: 14336/205399
2026-10-02 08:49:23,296 - INFO - Prompt processing progress: 16384/205399
2026-10-02 08:49:25,075 - INFO - Prompt processing progress: 18432/205399
2026-10-02 08:49:26,888 - INFO - Prompt processing progress: 20480/205399
2026-10-02 08:49:28,744 - INFO - Prompt processing progress: 22528/205399
2026-10-02 08:49:30,643 - INFO - Prompt processing progress: 24576/205399
2026-10-02 08:49:32,569 - INFO - Prompt processing progress: 26624/205399
2026-10-02 08:49:34,505 - INFO - Prompt processing progress: 28672/205399
2026-10-02 08:49:36,496 - INFO - Prompt processing progress: 30720/205399
2026-10-02 08:49:38,524 - INFO - Prompt processing progress: 32768/205399
2026-10-02 08:49:40,608 - INFO - Prompt processing progress: 34816/205399
2026-10-02 08:49:42,710 - INFO - Prompt processing progress: 36864/205399
2026-10-02 08:49:44,865 - INFO - Prompt processing progress: 38912/205399
2026-10-02 08:49:47,057 - INFO - Prompt processing progress: 40960/205399
2026-10-02 08:49:49,234 - INFO - Prompt processing progress: 43008/205399
2026-10-02 08:49:51,496 - INFO - Prompt processing progress: 45056/205399
2026-10-02 08:49:53,828 - INFO - Prompt processing progress: 47104/205399
2026-10-02 08:49:56,193 - INFO - Prompt processing progress: 49152/205399
2026-10-02 08:49:58,557 - INFO - Prompt processing progress: 51200/205399
2026-10-02 08:50:00,988 - INFO - Prompt processing progress: 53248/205399
2026-10-02 08:50:03,382 - INFO - Prompt processing progress: 55296/205399
2026-10-02 08:50:05,858 - INFO - Prompt processing progress: 57344/205399
2026-10-02 08:50:08,391 - INFO - Prompt processing progress: 59392/205399
2026-10-02 08:50:11,002 - INFO - Prompt processing progress: 61440/205399
2026-10-02 08:50:13,601 - INFO - Prompt processing progress: 63488/205399
2026-10-02 08:50:16,214 - INFO - Prompt processing progress: 65536/205399
2026-10-02 08:50:18,873 - INFO - Prompt processing progress: 67584/205399
2026-10-02 08:50:21,575 - INFO - Prompt processing progress: 69632/205399
2026-10-02 08:50:24,310 - INFO - Prompt processing progress: 71680/205399
2026-10-02 08:50:27,083 - INFO - Prompt processing progress: 73728/205399
2026-10-02 08:50:29,887 - INFO - Prompt processing progress: 75776/205399
2026-10-02 08:50:32,725 - INFO - Prompt processing progress: 77824/205399
2026-10-02 08:50:35,628 - INFO - Prompt processing progress: 79872/205399
2026-10-02 08:50:38,551 - INFO - Prompt processing progress: 81920/205399
2026-10-02 08:50:41,517 - INFO - Prompt processing progress: 83968/205399
2026-10-02 08:50:44,548 - INFO - Prompt processing progress: 86016/205399
2026-10-02 08:50:47,601 - INFO - Prompt processing progress: 88064/205399
2026-10-02 08:50:50,640 - INFO - Prompt processing progress: 90112/205399
2026-10-02 08:50:53,787 - INFO - Prompt processing progress: 92160/205399
2026-10-02 08:50:56,973 - INFO - Prompt processing progress: 94208/205399
2026-10-02 08:51:00,211 - INFO - Prompt processing progress: 96256/205399
2026-10-02 08:51:03,445 - INFO - Prompt processing progress: 98304/205399
2026-10-02 08:51:06,773 - INFO - Prompt processing progress: 100352/205399
2026-10-02 08:51:10,101 - INFO - Prompt processing progress: 102400/205399
2026-10-02 08:51:13,504 - INFO - Prompt processing progress: 104448/205399
2026-10-02 08:51:17,065 - INFO - Prompt processing progress: 106496/205399
2026-10-02 08:51:20,465 - INFO - Prompt processing progress: 108544/205399
2026-10-02 08:51:23,925 - INFO - Prompt processing progress: 110592/205399
2026-10-02 08:51:27,459 - INFO - Prompt processing progress: 112640/205399
2026-10-02 08:51:31,033 - INFO - Prompt processing progress: 114688/205399
2026-10-02 08:51:34,764 - INFO - Prompt processing progress: 116736/205399
2026-10-02 08:51:38,382 - INFO - Prompt processing progress: 118784/205399
2026-10-02 08:51:42,104 - INFO - Prompt processing progress: 120832/205399
2026-10-02 08:51:45,832 - INFO - Prompt processing progress: 122880/205399
2026-10-02 08:51:49,599 - INFO - Prompt processing progress: 124928/205399
2026-10-02 08:51:53,547 - INFO - Prompt processing progress: 126976/205399
2026-10-02 08:51:57,343 - INFO - Prompt processing progress: 129024/205399
2026-10-02 08:52:01,163 - INFO - Prompt processing progress: 131072/205399
2026-10-02 08:52:05,042 - INFO - Prompt processing progress: 133120/205399
2026-10-02 08:52:09,037 - INFO - Prompt processing progress: 135168/205399
2026-10-02 08:52:13,045 - INFO - Prompt processing progress: 137216/205399
2026-10-02 08:52:17,251 - INFO - Prompt processing progress: 139264/205399
2026-10-02 08:52:21,306 - INFO - Prompt processing progress: 141312/205399
2026-10-02 08:52:25,378 - INFO - Prompt processing progress: 143360/205399
2026-10-02 08:52:29,491 - INFO - Prompt processing progress: 145408/205399
2026-10-02 08:52:33,631 - INFO - Prompt processing progress: 147456/205399
2026-10-02 08:52:37,873 - INFO - Prompt processing progress: 149504/205399
2026-10-02 08:52:42,215 - INFO - Prompt processing progress: 151552/205399
2026-10-02 08:52:46,639 - INFO - Prompt processing progress: 153600/205399
2026-10-02 08:52:50,928 - INFO - Prompt processing progress: 155648/205399
2026-10-02 08:52:55,188 - INFO - Prompt processing progress: 157696/205399
2026-10-02 08:52:59,394 - INFO - Prompt processing progress: 159744/205399
2026-10-02 08:53:03,641 - INFO - Prompt processing progress: 161792/205399
2026-10-02 08:53:07,918 - INFO - Prompt processing progress: 163840/205399
2026-10-02 08:53:12,234 - INFO - Prompt processing progress: 165888/205399
2026-10-02 08:53:16,601 - INFO - Prompt processing progress: 167936/205399
2026-10-02 08:53:20,999 - INFO - Prompt processing progress: 169984/205399
2026-10-02 08:53:25,428 - INFO - Prompt processing progress: 172032/205399
2026-10-02 08:53:29,858 - INFO - Prompt processing progress: 174080/205399
2026-10-02 08:53:34,371 - INFO - Prompt processing progress: 176128/205399
2026-10-02 08:53:38,915 - INFO - Prompt processing progress: 178176/205399
2026-10-02 08:53:43,502 - INFO - Prompt processing progress: 180224/205399
2026-10-02 08:53:48,100 - INFO - Prompt processing progress: 182272/205399
2026-10-02 08:53:52,675 - INFO - Prompt processing progress: 184320/205399
2026-10-02 08:53:57,343 - INFO - Prompt processing progress: 186368/205399
2026-10-02 08:54:02,041 - INFO - Prompt processing progress: 188416/205399
2026-10-02 08:54:06,785 - INFO - Prompt processing progress: 190464/205399
2026-10-02 08:54:11,590 - INFO - Prompt processing progress: 192512/205399
2026-10-02 08:54:16,389 - INFO - Prompt processing progress: 194560/205399
2026-10-02 08:54:21,277 - INFO - Prompt processing progress: 196608/205399
2026-10-02 08:54:26,182 - INFO - Prompt processing progress: 198656/205399
2026-10-02 08:54:31,078 - INFO - Prompt processing progress: 200704/205399
2026-10-02 08:54:36,053 - INFO - Prompt processing progress: 202752/205399
2026-10-02 08:54:41,065 - INFO - Prompt processing progress: 204800/205399
2026-10-02 08:54:43,470 - INFO - Prompt processing progress: 205398/205399
2026-10-02 08:54:43,627 - INFO - Prompt processing progress: 205399/205399
127.0.0.1 - - [02/Oct/2026 08:55:16] "POST /v1/chat/completions HTTP/1.1" 200 -
2026-10-02 08:55:16,299 - INFO - Prompt Cache: 1 sequences, 17.72 GB
2026-10-02 08:55:16,299 - INFO - - assistant: 1 sequences, 17.72 GB
2026-10-02 08:55:16,299 - INFO - - user: 0 sequences, 0.00 GB
2026-10-02 08:55:16,299 - INFO - - system: 0 sequences, 0.00 GB
2026-10-02 08:55:16,416 - INFO - Prompt processing progress: 0/205914
2026-10-02 08:55:17,873 - INFO - Prompt processing progress: 2048/205914
2026-10-02 08:55:19,409 - INFO - Prompt processing progress: 4096/205914
2026-10-02 08:55:20,954 - INFO - Prompt processing progress: 6144/205914
2026-10-02 08:55:22,530 - INFO - Prompt processing progress: 8192/205914
2026-10-02 08:55:24,141 - INFO - Prompt processing progress: 10240/205914
2026-10-02 08:55:25,786 - INFO - Prompt processing progress: 12288/205914
2026-10-02 08:55:27,465 - INFO - Prompt processing progress: 14336/205914
2026-10-02 08:55:29,181 - INFO - Prompt processing progress: 16384/205914
2026-10-02 08:55:30,930 - INFO - Prompt processing progress: 18432/205914
2026-10-02 08:55:32,715 - INFO - Prompt processing progress: 20480/205914
2026-10-02 08:55:34,524 - INFO - Prompt processing progress: 22528/205914
2026-10-02 08:55:36,373 - INFO - Prompt processing progress: 24576/205914
2026-10-02 08:55:38,256 - INFO - Prompt processing progress: 26624/205914
2026-10-02 08:55:40,178 - INFO - Prompt processing progress: 28672/205914
2026-10-02 08:55:42,131 - INFO - Prompt processing progress: 30720/205914
2026-10-02 08:55:44,121 - INFO - Prompt processing progress: 32768/205914
2026-10-02 08:55:46,138 - INFO - Prompt processing progress: 34816/205914
2026-10-02 08:55:48,193 - INFO - Prompt processing progress: 36864/205914
2026-10-02 08:55:50,286 - INFO - Prompt processing progress: 38912/205914
2026-10-02 08:55:52,409 - INFO - Prompt processing progress: 40960/205914
2026-10-02 08:55:54,570 - INFO - Prompt processing progress: 43008/205914
2026-10-02 08:55:56,769 - INFO - Prompt processing progress: 45056/205914
2026-10-02 08:55:58,999 - INFO - Prompt processing progress: 47104/205914
2026-10-02 08:56:01,270 - INFO - Prompt processing progress: 49152/205914
2026-10-02 08:56:03,573 - INFO - Prompt processing progress: 51200/205914
2026-10-02 08:56:05,923 - INFO - Prompt processing progress: 53248/205914
2026-10-02 08:56:08,311 - INFO - Prompt processing progress: 55296/205914
2026-10-02 08:56:10,731 - INFO - Prompt processing progress: 57344/205914
2026-10-02 08:56:13,181 - INFO - Prompt processing progress: 59392/205914
2026-10-02 08:56:15,660 - INFO - Prompt processing progress: 61440/205914
2026-10-02 08:56:18,190 - INFO - Prompt processing progress: 63488/205914
2026-10-02 08:56:20,751 - INFO - Prompt processing progress: 65536/205914
2026-10-02 08:56:23,349 - INFO - Prompt processing progress: 67584/205914
2026-10-02 08:56:25,988 - INFO - Prompt processing progress: 69632/205914
2026-10-02 08:56:28,653 - INFO - Prompt processing progress: 71680/205914
2026-10-02 08:56:31,352 - INFO - Prompt processing progress: 73728/205914
2026-10-02 08:56:34,084 - INFO - Prompt processing progress: 75776/205914
2026-10-02 08:56:36,854 - INFO - Prompt processing progress: 77824/205914
2026-10-02 08:56:39,666 - INFO - Prompt processing progress: 79872/205914
2026-10-02 08:56:42,495 - INFO - Prompt processing progress: 81920/205914
2026-10-02 08:56:45,385 - INFO - Prompt processing progress: 83968/205914
2026-10-02 08:56:48,299 - INFO - Prompt processing progress: 86016/205914
2026-10-02 08:56:51,254 - INFO - Prompt processing progress: 88064/205914
2026-10-02 08:56:54,240 - INFO - Prompt processing progress: 90112/205914
2026-10-02 08:56:57,271 - INFO - Prompt processing progress: 92160/205914
2026-10-02 08:57:00,334 - INFO - Prompt processing progress: 94208/205914
2026-10-02 08:57:03,433 - INFO - Prompt processing progress: 96256/205914
2026-10-02 08:57:06,569 - INFO - Prompt processing progress: 98304/205914
2026-10-02 08:57:09,727 - INFO - Prompt processing progress: 100352/205914
2026-10-02 08:57:12,929 - INFO - Prompt processing progress: 102400/205914
2026-10-02 08:57:16,154 - INFO - Prompt processing progress: 104448/205914
2026-10-02 08:57:19,429 - INFO - Prompt processing progress: 106496/205914
2026-10-02 08:57:22,737 - INFO - Prompt processing progress: 108544/205914
2026-10-02 08:57:26,085 - INFO - Prompt processing progress: 110592/205914
2026-10-02 08:57:29,464 - INFO - Prompt processing progress: 112640/205914
2026-10-02 08:57:32,875 - INFO - Prompt processing progress: 114688/205914
2026-10-02 08:57:36,335 - INFO - Prompt processing progress: 116736/205914
2026-10-02 08:57:39,798 - INFO - Prompt processing progress: 118784/205914
2026-10-02 08:57:43,302 - INFO - Prompt processing progress: 120832/205914
2026-10-02 08:57:46,841 - INFO - Prompt processing progress: 122880/205914
2026-10-02 08:57:50,436 - INFO - Prompt processing progress: 124928/205914
2026-10-02 08:57:54,066 - INFO - Prompt processing progress: 126976/205914
2026-10-02 08:57:57,733 - INFO - Prompt processing progress: 129024/205914
2026-10-02 08:58:01,489 - INFO - Prompt processing progress: 131072/205914
2026-10-02 08:58:05,222 - INFO - Prompt processing progress: 133120/205914
2026-10-02 08:58:08,980 - INFO - Prompt processing progress: 135168/205914
2026-10-02 08:58:12,805 - INFO - Prompt processing progress: 137216/205914
2026-10-02 08:58:16,635 - INFO - Prompt processing progress: 139264/205914
2026-10-02 08:58:20,518 - INFO - Prompt processing progress: 141312/205914
2026-10-02 08:58:24,445 - INFO - Prompt processing progress: 143360/205914
2026-10-02 08:58:28,360 - INFO - Prompt processing progress: 145408/205914
2026-10-02 08:58:32,333 - INFO - Prompt processing progress: 147456/205914
2026-10-02 08:58:36,357 - INFO - Prompt processing progress: 149504/205914
2026-10-02 08:58:40,413 - INFO - Prompt processing progress: 151552/205914
2026-10-02 08:58:44,488 - INFO - Prompt processing progress: 153600/205914
2026-10-02 08:58:48,621 - INFO - Prompt processing progress: 155648/205914
2026-10-02 08:58:52,778 - INFO - Prompt processing progress: 157696/205914
2026-10-02 08:58:56,977 - INFO - Prompt processing progress: 159744/205914
2026-10-02 08:59:01,209 - INFO - Prompt processing progress: 161792/205914
2026-10-02 08:59:05,495 - INFO - Prompt processing progress: 163840/205914
2026-10-02 08:59:09,783 - INFO - Prompt processing progress: 165888/205914
2026-10-02 08:59:14,153 - INFO - Prompt processing progress: 167936/205914
2026-10-02 08:59:18,532 - INFO - Prompt processing progress: 169984/205914
2026-10-02 08:59:22,940 - INFO - Prompt processing progress: 172032/205914
2026-10-02 08:59:27,384 - INFO - Prompt processing progress: 174080/205914
2026-10-02 08:59:31,877 - INFO - Prompt processing progress: 176128/205914
2026-10-02 08:59:36,404 - INFO - Prompt processing progress: 178176/205914
2026-10-02 08:59:40,968 - INFO - Prompt processing progress: 180224/205914
2026-10-02 08:59:45,564 - INFO - Prompt processing progress: 182272/205914
2026-10-02 08:59:50,219 - INFO - Prompt processing progress: 184320/205914
2026-10-02 08:59:54,884 - INFO - Prompt processing progress: 186368/205914
2026-10-02 08:59:59,832 - INFO - Prompt processing progress: 188416/205914
2026-10-02 09:00:04,968 - INFO - Prompt processing progress: 190464/205914
2026-10-02 09:00:10,124 - INFO - Prompt processing progress: 192512/205914
2026-10-02 09:00:15,211 - INFO - Prompt processing progress: 194560/205914
2026-10-02 09:00:20,361 - INFO - Prompt processing progress: 196608/205914
2026-10-02 09:00:25,472 - INFO - Prompt processing progress: 198656/205914
2026-10-02 09:00:30,680 - INFO - Prompt processing progress: 200704/205914
2026-10-02 09:00:35,908 - INFO - Prompt processing progress: 202752/205914
2026-10-02 09:00:40,907 - INFO - Prompt processing progress: 204800/205914
2026-10-02 09:00:44,084 - INFO - Prompt processing progress: 205913/205914
2026-10-02 09:00:44,215 - INFO - Prompt processing progress: 205914/205914
127.0.0.1 - - [02/Oct/2026 09:01:17] "POST /v1/chat/completions HTTP/1.1" 200 -
2026-10-02 09:01:17,365 - INFO - Prompt Cache: 1 sequences, 17.76 GB
2026-10-02 09:01:17,366 - INFO - - assistant: 1 sequences, 17.76 GB
2026-10-02 09:01:17,366 - INFO - - user: 0 sequences, 0.00 GB
2026-10-02 09:01:17,366 - INFO - - system: 0 sequences, 0.00 GB
2026-10-02 09:01:17,480 - INFO - Prompt processing progress: 0/206435
2026-10-02 09:01:18,933 - INFO - Prompt processing progress: 2048/206435
2026-10-02 09:01:20,477 - INFO - Prompt processing progress: 4096/206435
2026-10-02 09:01:22,020 - INFO - Prompt processing progress: 6144/206435
2026-10-02 09:01:23,599 - INFO - Prompt processing progress: 8192/206435
2026-10-02 09:01:25,208 - INFO - Prompt processing progress: 10240/206435
2026-10-02 09:01:26,852 - INFO - Prompt processing progress: 12288/206435
2026-10-02 09:01:28,530 - INFO - Prompt processing progress: 14336/206435
2026-10-02 09:01:30,245 - INFO - Prompt processing progress: 16384/206435
2026-10-02 09:01:31,995 - INFO - Prompt processing progress: 18432/206435
2026-10-02 09:01:33,779 - INFO - Prompt processing progress: 20480/206435
2026-10-02 09:01:35,601 - INFO - Prompt processing progress: 22528/206435
2026-10-02 09:01:37,448 - INFO - Prompt processing progress: 24576/206435
2026-10-02 09:01:39,336 - INFO - Prompt processing progress: 26624/206435
2026-10-02 09:01:41,254 - INFO - Prompt processing progress: 28672/206435
2026-10-02 09:01:43,205 - INFO - Prompt processing progress: 30720/206435
2026-10-02 09:01:45,188 - INFO - Prompt processing progress: 32768/206435
2026-10-02 09:01:47,208 - INFO - Prompt processing progress: 34816/206435
2026-10-02 09:01:49,265 - INFO - Prompt processing progress: 36864/206435
2026-10-02 09:01:51,361 - INFO - Prompt processing progress: 38912/206435
2026-10-02 09:01:53,490 - INFO - Prompt processing progress: 40960/206435
2026-10-02 09:01:55,654 - INFO - Prompt processing progress: 43008/206435
2026-10-02 09:01:57,844 - INFO - Prompt processing progress: 45056/206435
2026-10-02 09:02:00,074 - INFO - Prompt processing progress: 47104/206435
2026-10-02 09:02:02,352 - INFO - Prompt processing progress: 49152/206435
2026-10-02 09:02:04,662 - INFO - Prompt processing progress: 51200/206435
2026-10-02 09:02:07,009 - INFO - Prompt processing progress: 53248/206435
2026-10-02 09:02:09,382 - INFO - Prompt processing progress: 55296/206435
2026-10-02 09:02:11,793 - INFO - Prompt processing progress: 57344/206435
2026-10-02 09:02:14,238 - INFO - Prompt processing progress: 59392/206435
2026-10-02 09:02:16,725 - INFO - Prompt processing progress: 61440/206435
2026-10-02 09:02:19,244 - INFO - Prompt processing progress: 63488/206435
2026-10-02 09:02:21,804 - INFO - Prompt processing progress: 65536/206435
2026-10-02 09:02:24,395 - INFO - Prompt processing progress: 67584/206435
2026-10-02 09:02:27,019 - INFO - Prompt processing progress: 69632/206435
2026-10-02 09:02:29,684 - INFO - Prompt processing progress: 71680/206435
2026-10-02 09:02:32,395 - INFO - Prompt processing progress: 73728/206435
2026-10-02 09:02:35,147 - INFO - Prompt processing progress: 75776/206435
2026-10-02 09:02:37,915 - INFO - Prompt processing progress: 77824/206435
2026-10-02 09:02:40,747 - INFO - Prompt processing progress: 79872/206435
2026-10-02 09:02:43,716 - INFO - Prompt processing progress: 81920/206435
2026-10-02 09:02:46,686 - INFO - Prompt processing progress: 83968/206435
2026-10-02 09:02:49,683 - INFO - Prompt processing progress: 86016/206435
2026-10-02 09:02:52,832 - INFO - Prompt processing progress: 88064/206435
2026-10-02 09:02:55,912 - INFO - Prompt processing progress: 90112/206435
2026-10-02 09:02:59,017 - INFO - Prompt processing progress: 92160/206435
2026-10-02 09:03:02,214 - INFO - Prompt processing progress: 94208/206435
2026-10-02 09:03:05,417 - INFO - Prompt processing progress: 96256/206435
2026-10-02 09:03:08,789 - INFO - Prompt processing progress: 98304/206435
2026-10-02 09:03:12,062 - INFO - Prompt processing progress: 100352/206435
2026-10-02 09:03:15,377 - INFO - Prompt processing progress: 102400/206435
2026-10-02 09:03:18,733 - INFO - Prompt processing progress: 104448/206435
2026-10-02 09:03:22,154 - INFO - Prompt processing progress: 106496/206435
2026-10-02 09:03:25,616 - INFO - Prompt processing progress: 108544/206435
2026-10-02 09:03:29,130 - INFO - Prompt processing progress: 110592/206435
2026-10-02 09:03:32,607 - INFO - Prompt processing progress: 112640/206435
2026-10-02 09:03:36,129 - INFO - Prompt processing progress: 114688/206435
2026-10-02 09:03:39,678 - INFO - Prompt processing progress: 116736/206435
2026-10-02 09:03:43,408 - INFO - Prompt processing progress: 118784/206435
2026-10-02 09:03:47,191 - INFO - Prompt processing progress: 120832/206435
2026-10-02 09:03:50,913 - INFO - Prompt processing progress: 122880/206435
2026-10-02 09:03:54,617 - INFO - Prompt processing progress: 124928/206435
2026-10-02 09:03:58,374 - INFO - Prompt processing progress: 126976/206435
2026-10-02 09:04:02,179 - INFO - Prompt processing progress: 129024/206435
2026-10-02 09:04:06,165 - INFO - Prompt processing progress: 131072/206435
2026-10-02 09:04:10,155 - INFO - Prompt processing progress: 133120/206435
2026-10-02 09:04:14,089 - INFO - Prompt processing progress: 135168/206435
2026-10-02 09:04:18,022 - INFO - Prompt processing progress: 137216/206435
2026-10-02 09:04:22,113 - INFO - Prompt processing progress: 139264/206435
2026-10-02 09:04:26,199 - INFO - Prompt processing progress: 141312/206435
2026-10-02 09:04:30,326 - INFO - Prompt processing progress: 143360/206435
2026-10-02 09:04:34,494 - INFO - Prompt processing progress: 145408/206435
2026-10-02 09:04:38,628 - INFO - Prompt processing progress: 147456/206435
2026-10-02 09:04:42,836 - INFO - Prompt processing progress: 149504/206435
2026-10-02 09:04:47,160 - INFO - Prompt processing progress: 151552/206435
2026-10-02 09:04:51,573 - INFO - Prompt processing progress: 153600/206435
2026-10-02 09:04:55,970 - INFO - Prompt processing progress: 155648/206435
2026-10-02 09:05:00,480 - INFO - Prompt processing progress: 157696/206435
2026-10-02 09:05:04,878 - INFO - Prompt processing progress: 159744/206435
2026-10-02 09:05:09,329 - INFO - Prompt processing progress: 161792/206435
2026-10-02 09:05:13,859 - INFO - Prompt processing progress: 163840/206435
2026-10-02 09:05:18,429 - INFO - Prompt processing progress: 165888/206435
2026-10-02 09:05:23,079 - INFO - Prompt processing progress: 167936/206435
2026-10-02 09:05:27,699 - INFO - Prompt processing progress: 169984/206435
2026-10-02 09:05:32,443 - INFO - Prompt processing progress: 172032/206435
2026-10-02 09:05:37,192 - INFO - Prompt processing progress: 174080/206435
2026-10-02 09:05:41,909 - INFO - Prompt processing progress: 176128/206435
2026-10-02 09:05:46,509 - INFO - Prompt processing progress: 178176/206435
2026-10-02 09:05:51,105 - INFO - Prompt processing progress: 180224/206435
2026-10-02 09:05:55,697 - INFO - Prompt processing progress: 182272/206435
2026-10-02 09:06:00,384 - INFO - Prompt processing progress: 184320/206435
2026-10-02 09:06:05,029 - INFO - Prompt processing progress: 186368/206435
2026-10-02 09:06:09,736 - INFO - Prompt processing progress: 188416/206435
2026-10-02 09:06:14,506 - INFO - Prompt processing progress: 190464/206435
2026-10-02 09:06:19,283 - INFO - Prompt processing progress: 192512/206435
2026-10-02 09:06:24,099 - INFO - Prompt processing progress: 194560/206435
2026-10-02 09:06:28,947 - INFO - Prompt processing progress: 196608/206435
2026-10-02 09:06:33,841 - INFO - Prompt processing progress: 198656/206435
2026-10-02 09:06:38,758 - INFO - Prompt processing progress: 200704/206435
2026-10-02 09:06:43,718 - INFO - Prompt processing progress: 202752/206435
2026-10-02 09:06:48,700 - INFO - Prompt processing progress: 204800/206435
2026-10-02 09:06:52,970 - INFO - Prompt processing progress: 206434/206435
2026-10-02 09:06:53,131 - INFO - Prompt processing progress: 206435/206435
