<M5_REPO>/vendor/vlm-runtime/.venv/lib/python3.12/site-packages/mlx_lm/server.py:1723: UserWarning: mlx_lm.server is not recommended for production as it only implements basic security checks.
  warnings.warn(
2026-10-02 02:18:00,529 - INFO - Starting httpd at 127.0.0.1 on port 18185...
127.0.0.1 - - [02/Oct/2026 02:18:01] "GET /v1/models HTTP/1.1" 200 -
[transformers] You are using a model of type `mimo_v2` to instantiate a model of type ``. This may be expected if you are loading a checkpoint that shares a subset of the architecture (e.g., loading a `sam2_video` checkpoint into `Sam2Model`), but is otherwise not supported and can yield errors. Please verify that the checkpoint is compatible with the model you are instantiating.
127.0.0.1 - - [02/Oct/2026 02:18:11] "POST /v1/chat/completions HTTP/1.1" 200 -
2026-10-02 02:18:11,506 - INFO - Prompt Cache: 0 sequences, 0.00 GB
2026-10-02 02:18:11,506 - INFO - - assistant: 0 sequences, 0.00 GB
2026-10-02 02:18:11,506 - INFO - - user: 0 sequences, 0.00 GB
2026-10-02 02:18:11,506 - INFO - - system: 0 sequences, 0.00 GB
2026-10-02 02:18:11,549 - INFO - Prompt processing progress: 0/29
2026-10-02 02:18:15,522 - INFO - Prompt processing progress: 28/29
2026-10-02 02:18:15,557 - INFO - Prompt processing progress: 29/29
127.0.0.1 - - [02/Oct/2026 02:18:15] "POST /v1/chat/completions HTTP/1.1" 200 -
2026-10-02 02:18:15,735 - INFO - Prompt Cache: 0 sequences, 0.00 GB
2026-10-02 02:18:15,735 - INFO - - assistant: 0 sequences, 0.00 GB
2026-10-02 02:18:15,735 - INFO - - user: 0 sequences, 0.00 GB
2026-10-02 02:18:15,735 - INFO - - system: 0 sequences, 0.00 GB
2026-10-02 02:18:15,780 - INFO - Prompt processing progress: 0/41
2026-10-02 02:18:15,912 - INFO - Prompt processing progress: 40/41
2026-10-02 02:18:15,940 - INFO - Prompt processing progress: 41/41
127.0.0.1 - - [02/Oct/2026 02:18:16] "POST /v1/chat/completions HTTP/1.1" 200 -
2026-10-02 02:18:16,286 - INFO - Prompt Cache: 0 sequences, 0.00 GB
2026-10-02 02:18:16,286 - INFO - - assistant: 0 sequences, 0.00 GB
2026-10-02 02:18:16,286 - INFO - - user: 0 sequences, 0.00 GB
2026-10-02 02:18:16,286 - INFO - - system: 0 sequences, 0.00 GB
2026-10-02 02:18:16,330 - INFO - Prompt processing progress: 0/39
2026-10-02 02:18:16,458 - INFO - Prompt processing progress: 38/39
2026-10-02 02:18:16,486 - INFO - Prompt processing progress: 39/39
127.0.0.1 - - [02/Oct/2026 02:18:16] "POST /v1/chat/completions HTTP/1.1" 200 -
2026-10-02 02:18:16,618 - INFO - Prompt Cache: 0 sequences, 0.00 GB
2026-10-02 02:18:16,618 - INFO - - assistant: 0 sequences, 0.00 GB
2026-10-02 02:18:16,618 - INFO - - user: 0 sequences, 0.00 GB
2026-10-02 02:18:16,618 - INFO - - system: 0 sequences, 0.00 GB
2026-10-02 02:18:16,662 - INFO - Prompt processing progress: 0/41
2026-10-02 02:18:16,794 - INFO - Prompt processing progress: 40/41
2026-10-02 02:18:16,822 - INFO - Prompt processing progress: 41/41
2026-10-02 02:18:16,987 - INFO - Prompt Cache: 0 sequences, 0.00 GB
127.0.0.1 - - [02/Oct/2026 02:18:16] "POST /v1/chat/completions HTTP/1.1" 200 -
2026-10-02 02:18:16,987 - INFO - - assistant: 0 sequences, 0.00 GB
2026-10-02 02:18:16,987 - INFO - - user: 0 sequences, 0.00 GB
2026-10-02 02:18:16,987 - INFO - - system: 0 sequences, 0.00 GB
2026-10-02 02:18:17,030 - INFO - Prompt processing progress: 0/43
2026-10-02 02:18:17,167 - INFO - Prompt processing progress: 42/43
2026-10-02 02:18:17,195 - INFO - Prompt processing progress: 43/43
127.0.0.1 - - [02/Oct/2026 02:18:17] "POST /v1/chat/completions HTTP/1.1" 200 -
2026-10-02 02:18:17,483 - INFO - Prompt Cache: 0 sequences, 0.00 GB
2026-10-02 02:18:17,484 - INFO - - assistant: 0 sequences, 0.00 GB
2026-10-02 02:18:17,484 - INFO - - user: 0 sequences, 0.00 GB
2026-10-02 02:18:17,484 - INFO - - system: 0 sequences, 0.00 GB
2026-10-02 02:18:17,528 - INFO - Prompt processing progress: 0/52
2026-10-02 02:18:17,691 - INFO - Prompt processing progress: 51/52
2026-10-02 02:18:17,719 - INFO - Prompt processing progress: 52/52
127.0.0.1 - - [02/Oct/2026 02:18:17] "POST /v1/chat/completions HTTP/1.1" 200 -
2026-10-02 02:18:17,824 - INFO - Prompt Cache: 0 sequences, 0.00 GB
2026-10-02 02:18:17,824 - INFO - - assistant: 0 sequences, 0.00 GB
2026-10-02 02:18:17,824 - INFO - - user: 0 sequences, 0.00 GB
2026-10-02 02:18:17,824 - INFO - - system: 0 sequences, 0.00 GB
2026-10-02 02:18:17,867 - INFO - Prompt processing progress: 0/33
2026-10-02 02:18:17,974 - INFO - Prompt processing progress: 32/33
2026-10-02 02:18:18,002 - INFO - Prompt processing progress: 33/33
127.0.0.1 - - [02/Oct/2026 02:18:18] "POST /v1/chat/completions HTTP/1.1" 200 -
2026-10-02 02:18:18,235 - INFO - Prompt Cache: 0 sequences, 0.00 GB
2026-10-02 02:18:18,235 - INFO - - assistant: 0 sequences, 0.00 GB
2026-10-02 02:18:18,235 - INFO - - user: 0 sequences, 0.00 GB
2026-10-02 02:18:18,235 - INFO - - system: 0 sequences, 0.00 GB
2026-10-02 02:18:18,278 - INFO - Prompt processing progress: 0/49
2026-10-02 02:18:18,429 - INFO - Prompt processing progress: 48/49
2026-10-02 02:18:18,457 - INFO - Prompt processing progress: 49/49
2026-10-02 02:18:18,633 - INFO - Prompt Cache: 0 sequences, 0.00 GB
127.0.0.1 - - [02/Oct/2026 02:18:18] "POST /v1/chat/completions HTTP/1.1" 200 -
2026-10-02 02:18:18,633 - INFO - - assistant: 0 sequences, 0.00 GB
2026-10-02 02:18:18,633 - INFO - - user: 0 sequences, 0.00 GB
2026-10-02 02:18:18,633 - INFO - - system: 0 sequences, 0.00 GB
2026-10-02 02:18:18,676 - INFO - Prompt processing progress: 0/29
2026-10-02 02:18:18,774 - INFO - Prompt processing progress: 28/29
2026-10-02 02:18:18,801 - INFO - Prompt processing progress: 29/29
2026-10-02 02:18:18,921 - INFO - Prompt Cache: 0 sequences, 0.00 GB
127.0.0.1 - - [02/Oct/2026 02:18:18] "POST /v1/chat/completions HTTP/1.1" 200 -
2026-10-02 02:18:18,921 - INFO - - assistant: 0 sequences, 0.00 GB
2026-10-02 02:18:18,921 - INFO - - user: 0 sequences, 0.00 GB
2026-10-02 02:18:18,921 - INFO - - system: 0 sequences, 0.00 GB
2026-10-02 02:18:18,964 - INFO - Prompt processing progress: 0/41
2026-10-02 02:18:19,096 - INFO - Prompt processing progress: 40/41
2026-10-02 02:18:19,124 - INFO - Prompt processing progress: 41/41
2026-10-02 02:18:19,414 - INFO - Prompt Cache: 0 sequences, 0.00 GB
127.0.0.1 - - [02/Oct/2026 02:18:19] "POST /v1/chat/completions HTTP/1.1" 200 -
2026-10-02 02:18:19,414 - INFO - - assistant: 0 sequences, 0.00 GB
2026-10-02 02:18:19,414 - INFO - - user: 0 sequences, 0.00 GB
2026-10-02 02:18:19,414 - INFO - - system: 0 sequences, 0.00 GB
2026-10-02 02:18:19,457 - INFO - Prompt processing progress: 0/39
2026-10-02 02:18:19,584 - INFO - Prompt processing progress: 38/39
2026-10-02 02:18:19,612 - INFO - Prompt processing progress: 39/39
127.0.0.1 - - [02/Oct/2026 02:18:19] "POST /v1/chat/completions HTTP/1.1" 200 -
2026-10-02 02:18:19,746 - INFO - Prompt Cache: 0 sequences, 0.00 GB
2026-10-02 02:18:19,746 - INFO - - assistant: 0 sequences, 0.00 GB
2026-10-02 02:18:19,746 - INFO - - user: 0 sequences, 0.00 GB
2026-10-02 02:18:19,746 - INFO - - system: 0 sequences, 0.00 GB
2026-10-02 02:18:19,789 - INFO - Prompt processing progress: 0/41
2026-10-02 02:18:19,922 - INFO - Prompt processing progress: 40/41
2026-10-02 02:18:19,950 - INFO - Prompt processing progress: 41/41
2026-10-02 02:18:20,113 - INFO - Prompt Cache: 0 sequences, 0.00 GB
127.0.0.1 - - [02/Oct/2026 02:18:20] "POST /v1/chat/completions HTTP/1.1" 200 -
2026-10-02 02:18:20,113 - INFO - - assistant: 0 sequences, 0.00 GB
2026-10-02 02:18:20,113 - INFO - - user: 0 sequences, 0.00 GB
2026-10-02 02:18:20,113 - INFO - - system: 0 sequences, 0.00 GB
2026-10-02 02:18:20,156 - INFO - Prompt processing progress: 0/43
2026-10-02 02:18:20,293 - INFO - Prompt processing progress: 42/43
2026-10-02 02:18:20,321 - INFO - Prompt processing progress: 43/43
2026-10-02 02:18:20,612 - INFO - Prompt Cache: 0 sequences, 0.00 GB
127.0.0.1 - - [02/Oct/2026 02:18:20] "POST /v1/chat/completions HTTP/1.1" 200 -
2026-10-02 02:18:20,612 - INFO - - assistant: 0 sequences, 0.00 GB
2026-10-02 02:18:20,612 - INFO - - user: 0 sequences, 0.00 GB
2026-10-02 02:18:20,612 - INFO - - system: 0 sequences, 0.00 GB
2026-10-02 02:18:20,656 - INFO - Prompt processing progress: 0/52
2026-10-02 02:18:20,813 - INFO - Prompt processing progress: 51/52
2026-10-02 02:18:20,841 - INFO - Prompt processing progress: 52/52
127.0.0.1 - - [02/Oct/2026 02:18:20] "POST /v1/chat/completions HTTP/1.1" 200 -
2026-10-02 02:18:20,947 - INFO - Prompt Cache: 0 sequences, 0.00 GB
2026-10-02 02:18:20,947 - INFO - - assistant: 0 sequences, 0.00 GB
2026-10-02 02:18:20,947 - INFO - - user: 0 sequences, 0.00 GB
2026-10-02 02:18:20,947 - INFO - - system: 0 sequences, 0.00 GB
2026-10-02 02:18:20,989 - INFO - Prompt processing progress: 0/33
2026-10-02 02:18:21,096 - INFO - Prompt processing progress: 32/33
2026-10-02 02:18:21,124 - INFO - Prompt processing progress: 33/33
2026-10-02 02:18:21,301 - INFO - Prompt Cache: 0 sequences, 0.00 GB
127.0.0.1 - - [02/Oct/2026 02:18:21] "POST /v1/chat/completions HTTP/1.1" 200 -
2026-10-02 02:18:21,301 - INFO - - assistant: 0 sequences, 0.00 GB
2026-10-02 02:18:21,301 - INFO - - user: 0 sequences, 0.00 GB
2026-10-02 02:18:21,301 - INFO - - system: 0 sequences, 0.00 GB
2026-10-02 02:18:21,345 - INFO - Prompt processing progress: 0/49
2026-10-02 02:18:21,496 - INFO - Prompt processing progress: 48/49
2026-10-02 02:18:21,524 - INFO - Prompt processing progress: 49/49
2026-10-02 02:18:21,701 - INFO - Prompt Cache: 0 sequences, 0.00 GB
127.0.0.1 - - [02/Oct/2026 02:18:21] "POST /v1/chat/completions HTTP/1.1" 200 -
2026-10-02 02:18:21,701 - INFO - - assistant: 0 sequences, 0.00 GB
2026-10-02 02:18:21,701 - INFO - - user: 0 sequences, 0.00 GB
2026-10-02 02:18:21,701 - INFO - - system: 0 sequences, 0.00 GB
2026-10-02 02:18:21,743 - INFO - Prompt processing progress: 0/29
2026-10-02 02:18:21,848 - INFO - Prompt processing progress: 28/29
2026-10-02 02:18:21,876 - INFO - Prompt processing progress: 29/29
2026-10-02 02:18:21,996 - INFO - Prompt Cache: 0 sequences, 0.00 GB
127.0.0.1 - - [02/Oct/2026 02:18:21] "POST /v1/chat/completions HTTP/1.1" 200 -
2026-10-02 02:18:21,996 - INFO - - assistant: 0 sequences, 0.00 GB
2026-10-02 02:18:21,996 - INFO - - user: 0 sequences, 0.00 GB
2026-10-02 02:18:21,996 - INFO - - system: 0 sequences, 0.00 GB
2026-10-02 02:18:22,039 - INFO - Prompt processing progress: 0/41
2026-10-02 02:18:22,171 - INFO - Prompt processing progress: 40/41
2026-10-02 02:18:22,198 - INFO - Prompt processing progress: 41/41
127.0.0.1 - - [02/Oct/2026 02:18:22] "POST /v1/chat/completions HTTP/1.1" 200 -
2026-10-02 02:18:22,488 - INFO - Prompt Cache: 0 sequences, 0.00 GB
2026-10-02 02:18:22,489 - INFO - - assistant: 0 sequences, 0.00 GB
2026-10-02 02:18:22,489 - INFO - - user: 0 sequences, 0.00 GB
2026-10-02 02:18:22,489 - INFO - - system: 0 sequences, 0.00 GB
2026-10-02 02:18:22,532 - INFO - Prompt processing progress: 0/39
2026-10-02 02:18:22,660 - INFO - Prompt processing progress: 38/39
2026-10-02 02:18:22,688 - INFO - Prompt processing progress: 39/39
127.0.0.1 - - [02/Oct/2026 02:18:22] "POST /v1/chat/completions HTTP/1.1" 200 -
2026-10-02 02:18:22,822 - INFO - Prompt Cache: 0 sequences, 0.00 GB
2026-10-02 02:18:22,822 - INFO - - assistant: 0 sequences, 0.00 GB
2026-10-02 02:18:22,822 - INFO - - user: 0 sequences, 0.00 GB
2026-10-02 02:18:22,822 - INFO - - system: 0 sequences, 0.00 GB
2026-10-02 02:18:22,864 - INFO - Prompt processing progress: 0/41
2026-10-02 02:18:22,997 - INFO - Prompt processing progress: 40/41
2026-10-02 02:18:23,025 - INFO - Prompt processing progress: 41/41
127.0.0.1 - - [02/Oct/2026 02:18:23] "POST /v1/chat/completions HTTP/1.1" 200 -
2026-10-02 02:18:23,189 - INFO - Prompt Cache: 0 sequences, 0.00 GB
2026-10-02 02:18:23,189 - INFO - - assistant: 0 sequences, 0.00 GB
2026-10-02 02:18:23,189 - INFO - - user: 0 sequences, 0.00 GB
2026-10-02 02:18:23,189 - INFO - - system: 0 sequences, 0.00 GB
2026-10-02 02:18:23,232 - INFO - Prompt processing progress: 0/43
2026-10-02 02:18:23,369 - INFO - Prompt processing progress: 42/43
2026-10-02 02:18:23,397 - INFO - Prompt processing progress: 43/43
2026-10-02 02:18:23,687 - INFO - Prompt Cache: 0 sequences, 0.00 GB
127.0.0.1 - - [02/Oct/2026 02:18:23] "POST /v1/chat/completions HTTP/1.1" 200 -
2026-10-02 02:18:23,687 - INFO - - assistant: 0 sequences, 0.00 GB
2026-10-02 02:18:23,687 - INFO - - user: 0 sequences, 0.00 GB
2026-10-02 02:18:23,687 - INFO - - system: 0 sequences, 0.00 GB
2026-10-02 02:18:23,729 - INFO - Prompt processing progress: 0/52
2026-10-02 02:18:23,886 - INFO - Prompt processing progress: 51/52
2026-10-02 02:18:23,914 - INFO - Prompt processing progress: 52/52
2026-10-02 02:18:24,020 - INFO - Prompt Cache: 0 sequences, 0.00 GB
127.0.0.1 - - [02/Oct/2026 02:18:24] "POST /v1/chat/completions HTTP/1.1" 200 -
2026-10-02 02:18:24,020 - INFO - - assistant: 0 sequences, 0.00 GB
2026-10-02 02:18:24,020 - INFO - - user: 0 sequences, 0.00 GB
2026-10-02 02:18:24,020 - INFO - - system: 0 sequences, 0.00 GB
2026-10-02 02:18:24,062 - INFO - Prompt processing progress: 0/33
2026-10-02 02:18:24,170 - INFO - Prompt processing progress: 32/33
2026-10-02 02:18:24,197 - INFO - Prompt processing progress: 33/33
127.0.0.1 - - [02/Oct/2026 02:18:24] "POST /v1/chat/completions HTTP/1.1" 200 -
2026-10-02 02:18:24,375 - INFO - Prompt Cache: 0 sequences, 0.00 GB
2026-10-02 02:18:24,375 - INFO - - assistant: 0 sequences, 0.00 GB
2026-10-02 02:18:24,375 - INFO - - user: 0 sequences, 0.00 GB
2026-10-02 02:18:24,375 - INFO - - system: 0 sequences, 0.00 GB
2026-10-02 02:18:24,418 - INFO - Prompt processing progress: 0/49
2026-10-02 02:18:24,575 - INFO - Prompt processing progress: 48/49
2026-10-02 02:18:24,603 - INFO - Prompt processing progress: 49/49
