<M5_REPO>/vendor/vlm-runtime/.venv/lib/python3.12/site-packages/mlx_lm/server.py:1723: UserWarning: mlx_lm.server is not recommended for production as it only implements basic security checks.
  warnings.warn(
2026-10-02 02:37:40,322 - INFO - Starting httpd at 127.0.0.1 on port 18184...
127.0.0.1 - - [02/Oct/2026 02:37:40] "GET /v1/models HTTP/1.1" 200 -
127.0.0.1 - - [02/Oct/2026 02:37:41] "GET /v1/models HTTP/1.1" 200 -
[transformers] You are using a model of type `mimo_v2` to instantiate a model of type ``. This may be expected if you are loading a checkpoint that shares a subset of the architecture (e.g., loading a `sam2_video` checkpoint into `Sam2Model`), but is otherwise not supported and can yield errors. Please verify that the checkpoint is compatible with the model you are instantiating.
2026-10-02 02:37:52,374 - INFO - Prompt Cache: 0 sequences, 0.00 GB
2026-10-02 02:37:52,374 - INFO - - assistant: 0 sequences, 0.00 GB
2026-10-02 02:37:52,374 - INFO - - user: 0 sequences, 0.00 GB
2026-10-02 02:37:52,374 - INFO - - system: 0 sequences, 0.00 GB
127.0.0.1 - - [02/Oct/2026 02:37:52] "POST /v1/chat/completions HTTP/1.1" 200 -
2026-10-02 02:37:57,217 - INFO - Prompt processing progress: 575/594
2026-10-02 02:37:57,300 - INFO - Prompt processing progress: 593/594
2026-10-02 02:37:57,337 - INFO - Prompt processing progress: 594/594
2026-10-02 02:37:57,934 - INFO - Prompt Cache: 1 sequences, 0.13 GB
2026-10-02 02:37:57,934 - INFO - - assistant: 0 sequences, 0.00 GB
2026-10-02 02:37:57,934 - INFO - - user: 0 sequences, 0.00 GB
2026-10-02 02:37:57,934 - INFO - - system: 1 sequences, 0.13 GB
127.0.0.1 - - [02/Oct/2026 02:37:57] "POST /v1/chat/completions HTTP/1.1" 200 -
2026-10-02 02:37:58,317 - INFO - Prompt processing progress: 124/125
2026-10-02 02:37:58,339 - INFO - Prompt processing progress: 125/125
2026-10-02 02:37:58,918 - INFO - Prompt Cache: 1 sequences, 0.13 GB
2026-10-02 02:37:58,918 - INFO - - assistant: 0 sequences, 0.00 GB
2026-10-02 02:37:58,918 - INFO - - user: 0 sequences, 0.00 GB
2026-10-02 02:37:58,918 - INFO - - system: 1 sequences, 0.13 GB
127.0.0.1 - - [02/Oct/2026 02:37:58] "POST /v1/chat/completions HTTP/1.1" 200 -
2026-10-02 02:37:59,230 - INFO - Prompt processing progress: 215/216
2026-10-02 02:37:59,253 - INFO - Prompt processing progress: 216/216
2026-10-02 02:37:59,847 - INFO - Prompt Cache: 1 sequences, 0.13 GB
2026-10-02 02:37:59,847 - INFO - - assistant: 0 sequences, 0.00 GB
2026-10-02 02:37:59,847 - INFO - - user: 0 sequences, 0.00 GB
2026-10-02 02:37:59,847 - INFO - - system: 1 sequences, 0.13 GB
127.0.0.1 - - [02/Oct/2026 02:37:59] "POST /v1/chat/completions HTTP/1.1" 200 -
2026-10-02 02:38:00,191 - INFO - Prompt processing progress: 309/310
2026-10-02 02:38:00,214 - INFO - Prompt processing progress: 310/310
2026-10-02 02:38:01,336 - INFO - Prompt Cache: 1 sequences, 0.13 GB
2026-10-02 02:38:01,336 - INFO - - assistant: 0 sequences, 0.00 GB
2026-10-02 02:38:01,336 - INFO - - user: 0 sequences, 0.00 GB
2026-10-02 02:38:01,336 - INFO - - system: 1 sequences, 0.13 GB
127.0.0.1 - - [02/Oct/2026 02:38:01] "POST /v1/chat/completions HTTP/1.1" 200 -
2026-10-02 02:38:01,742 - INFO - Prompt processing progress: 462/463
2026-10-02 02:38:01,769 - INFO - Prompt processing progress: 463/463
2026-10-02 02:38:02,554 - INFO - Prompt Cache: 1 sequences, 0.13 GB
2026-10-02 02:38:02,554 - INFO - - assistant: 0 sequences, 0.00 GB
2026-10-02 02:38:02,554 - INFO - - user: 0 sequences, 0.00 GB
2026-10-02 02:38:02,554 - INFO - - system: 1 sequences, 0.13 GB
127.0.0.1 - - [02/Oct/2026 02:38:02] "POST /v1/chat/completions HTTP/1.1" 200 -
2026-10-02 02:38:02,811 - INFO - Prompt processing progress: 129/734
2026-10-02 02:38:03,228 - INFO - Prompt processing progress: 733/734
2026-10-02 02:38:03,250 - INFO - Prompt processing progress: 734/734
