<M5_REPO>/vendor/vlm-runtime/.venv/lib/python3.12/site-packages/mlx_lm/server.py:1723: UserWarning: mlx_lm.server is not recommended for production as it only implements basic security checks.
  warnings.warn(
2026-10-02 21:19:03,445 - INFO - Starting httpd at 127.0.0.1 on port 18185...
127.0.0.1 - - [02/Oct/2026 21:19:03] "GET /v1/models HTTP/1.1" 200 -
[transformers] You are using a model of type `mimo_v2` to instantiate a model of type ``. This may be expected if you are loading a checkpoint that shares a subset of the architecture (e.g., loading a `sam2_video` checkpoint into `Sam2Model`), but is otherwise not supported and can yield errors. Please verify that the checkpoint is compatible with the model you are instantiating.
127.0.0.1 - - [02/Oct/2026 21:19:18] "POST /v1/chat/completions HTTP/1.1" 200 -
2026-10-02 21:19:18,419 - INFO - Prompt Cache: 0 sequences, 0.00 GB
2026-10-02 21:19:18,419 - INFO - - assistant: 0 sequences, 0.00 GB
2026-10-02 21:19:18,419 - INFO - - user: 0 sequences, 0.00 GB
2026-10-02 21:19:18,419 - INFO - - system: 0 sequences, 0.00 GB
2026-10-02 21:19:18,465 - INFO - Prompt processing progress: 0/200027
2026-10-02 21:19:22,756 - INFO - Prompt processing progress: 2048/200027
2026-10-02 21:19:23,918 - INFO - Prompt processing progress: 4096/200027
2026-10-02 21:19:25,122 - INFO - Prompt processing progress: 6144/200027
2026-10-02 21:19:26,368 - INFO - Prompt processing progress: 8192/200027
2026-10-02 21:19:27,659 - INFO - Prompt processing progress: 10240/200027
2026-10-02 21:19:29,002 - INFO - Prompt processing progress: 12288/200027
2026-10-02 21:19:30,390 - INFO - Prompt processing progress: 14336/200027
2026-10-02 21:19:31,827 - INFO - Prompt processing progress: 16384/200027
2026-10-02 21:19:33,321 - INFO - Prompt processing progress: 18432/200027
2026-10-02 21:19:34,852 - INFO - Prompt processing progress: 20480/200027
2026-10-02 21:19:36,420 - INFO - Prompt processing progress: 22528/200027
2026-10-02 21:19:38,039 - INFO - Prompt processing progress: 24576/200027
2026-10-02 21:19:39,696 - INFO - Prompt processing progress: 26624/200027
2026-10-02 21:19:41,408 - INFO - Prompt processing progress: 28672/200027
2026-10-02 21:19:43,163 - INFO - Prompt processing progress: 30720/200027
2026-10-02 21:19:44,969 - INFO - Prompt processing progress: 32768/200027
2026-10-02 21:19:46,817 - INFO - Prompt processing progress: 34816/200027
2026-10-02 21:19:48,715 - INFO - Prompt processing progress: 36864/200027
2026-10-02 21:19:50,662 - INFO - Prompt processing progress: 38912/200027
2026-10-02 21:19:52,659 - INFO - Prompt processing progress: 40960/200027
2026-10-02 21:19:54,711 - INFO - Prompt processing progress: 43008/200027
2026-10-02 21:19:56,815 - INFO - Prompt processing progress: 45056/200027
2026-10-02 21:19:58,974 - INFO - Prompt processing progress: 47104/200027
2026-10-02 21:20:01,169 - INFO - Prompt processing progress: 49152/200027
2026-10-02 21:20:03,431 - INFO - Prompt processing progress: 51200/200027
2026-10-02 21:20:05,764 - INFO - Prompt processing progress: 53248/200027
2026-10-02 21:20:08,139 - INFO - Prompt processing progress: 55296/200027
2026-10-02 21:20:10,586 - INFO - Prompt processing progress: 57344/200027
2026-10-02 21:20:13,095 - INFO - Prompt processing progress: 59392/200027
2026-10-02 21:20:15,669 - INFO - Prompt processing progress: 61440/200027
2026-10-02 21:20:18,288 - INFO - Prompt processing progress: 63488/200027
2026-10-02 21:20:20,928 - INFO - Prompt processing progress: 65536/200027
2026-10-02 21:20:23,651 - INFO - Prompt processing progress: 67584/200027
2026-10-02 21:20:26,436 - INFO - Prompt processing progress: 69632/200027
2026-10-02 21:20:29,283 - INFO - Prompt processing progress: 71680/200027
2026-10-02 21:20:32,170 - INFO - Prompt processing progress: 73728/200027
2026-10-02 21:20:35,096 - INFO - Prompt processing progress: 75776/200027
2026-10-02 21:20:38,099 - INFO - Prompt processing progress: 77824/200027
2026-10-02 21:20:41,129 - INFO - Prompt processing progress: 79872/200027
2026-10-02 21:20:44,216 - INFO - Prompt processing progress: 81920/200027
2026-10-02 21:20:47,370 - INFO - Prompt processing progress: 83968/200027
2026-10-02 21:20:50,566 - INFO - Prompt processing progress: 86016/200027
2026-10-02 21:20:53,795 - INFO - Prompt processing progress: 88064/200027
2026-10-02 21:20:57,087 - INFO - Prompt processing progress: 90112/200027
2026-10-02 21:21:00,454 - INFO - Prompt processing progress: 92160/200027
2026-10-02 21:21:03,859 - INFO - Prompt processing progress: 94208/200027
2026-10-02 21:21:07,315 - INFO - Prompt processing progress: 96256/200027
2026-10-02 21:21:10,815 - INFO - Prompt processing progress: 98304/200027
2026-10-02 21:21:14,393 - INFO - Prompt processing progress: 100352/200027
2026-10-02 21:21:18,025 - INFO - Prompt processing progress: 102400/200027
2026-10-02 21:21:21,703 - INFO - Prompt processing progress: 104448/200027
2026-10-02 21:21:25,442 - INFO - Prompt processing progress: 106496/200027
2026-10-02 21:21:29,219 - INFO - Prompt processing progress: 108544/200027
2026-10-02 21:21:33,055 - INFO - Prompt processing progress: 110592/200027
2026-10-02 21:21:36,957 - INFO - Prompt processing progress: 112640/200027
2026-10-02 21:21:40,895 - INFO - Prompt processing progress: 114688/200027
2026-10-02 21:21:44,880 - INFO - Prompt processing progress: 116736/200027
2026-10-02 21:21:48,906 - INFO - Prompt processing progress: 118784/200027
2026-10-02 21:21:52,980 - INFO - Prompt processing progress: 120832/200027
2026-10-02 21:21:57,156 - INFO - Prompt processing progress: 122880/200027
2026-10-02 21:22:01,368 - INFO - Prompt processing progress: 124928/200027
2026-10-02 21:22:05,626 - INFO - Prompt processing progress: 126976/200027
2026-10-02 21:22:09,951 - INFO - Prompt processing progress: 129024/200027
2026-10-02 21:22:14,318 - INFO - Prompt processing progress: 131072/200027
2026-10-02 21:22:18,748 - INFO - Prompt processing progress: 133120/200027
2026-10-02 21:22:23,218 - INFO - Prompt processing progress: 135168/200027
2026-10-02 21:22:27,755 - INFO - Prompt processing progress: 137216/200027
2026-10-02 21:22:32,358 - INFO - Prompt processing progress: 139264/200027
2026-10-02 21:22:36,998 - INFO - Prompt processing progress: 141312/200027
2026-10-02 21:22:41,692 - INFO - Prompt processing progress: 143360/200027
2026-10-02 21:22:46,455 - INFO - Prompt processing progress: 145408/200027
2026-10-02 21:22:51,266 - INFO - Prompt processing progress: 147456/200027
2026-10-02 21:22:56,118 - INFO - Prompt processing progress: 149504/200027
2026-10-02 21:23:01,022 - INFO - Prompt processing progress: 151552/200027
2026-10-02 21:23:05,979 - INFO - Prompt processing progress: 153600/200027
2026-10-02 21:23:11,027 - INFO - Prompt processing progress: 155648/200027
2026-10-02 21:23:16,129 - INFO - Prompt processing progress: 157696/200027
2026-10-02 21:23:21,344 - INFO - Prompt processing progress: 159744/200027
2026-10-02 21:23:26,559 - INFO - Prompt processing progress: 161792/200027
2026-10-02 21:23:31,827 - INFO - Prompt processing progress: 163840/200027
2026-10-02 21:23:37,109 - INFO - Prompt processing progress: 165888/200027
2026-10-02 21:23:42,463 - INFO - Prompt processing progress: 167936/200027
2026-10-02 21:23:47,843 - INFO - Prompt processing progress: 169984/200027
2026-10-02 21:23:53,318 - INFO - Prompt processing progress: 172032/200027
2026-10-02 21:23:58,831 - INFO - Prompt processing progress: 174080/200027
2026-10-02 21:24:04,378 - INFO - Prompt processing progress: 176128/200027
2026-10-02 21:24:10,032 - INFO - Prompt processing progress: 178176/200027
2026-10-02 21:24:15,767 - INFO - Prompt processing progress: 180224/200027
2026-10-02 21:24:21,484 - INFO - Prompt processing progress: 182272/200027
2026-10-02 21:24:27,310 - INFO - Prompt processing progress: 184320/200027
2026-10-02 21:24:33,163 - INFO - Prompt processing progress: 186368/200027
2026-10-02 21:24:39,023 - INFO - Prompt processing progress: 188416/200027
2026-10-02 21:24:44,965 - INFO - Prompt processing progress: 190464/200027
2026-10-02 21:24:58,612 - INFO - Prompt processing progress: 192512/200027
2026-10-02 21:25:12,401 - INFO - Prompt processing progress: 194560/200027
2026-10-02 21:25:26,128 - INFO - Prompt processing progress: 196608/200027
2026-10-02 21:25:41,242 - INFO - Prompt processing progress: 198656/200027
2026-10-02 21:25:45,800 - INFO - Prompt processing progress: 200026/200027
2026-10-02 21:25:45,917 - INFO - Prompt processing progress: 200027/200027
127.0.0.1 - - [02/Oct/2026 21:25:57] "POST /v1/chat/completions HTTP/1.1" 200 -
2026-10-02 21:25:57,082 - INFO - Prompt Cache: 0 sequences, 0.00 GB
2026-10-02 21:25:57,083 - INFO - - assistant: 0 sequences, 0.00 GB
2026-10-02 21:25:57,083 - INFO - - user: 0 sequences, 0.00 GB
2026-10-02 21:25:57,083 - INFO - - system: 0 sequences, 0.00 GB
2026-10-02 21:25:57,127 - INFO - Prompt processing progress: 0/200031
2026-10-02 21:25:59,711 - INFO - Prompt processing progress: 2048/200031
2026-10-02 21:26:00,897 - INFO - Prompt processing progress: 4096/200031
2026-10-02 21:26:02,118 - INFO - Prompt processing progress: 6144/200031
2026-10-02 21:26:03,381 - INFO - Prompt processing progress: 8192/200031
2026-10-02 21:26:04,691 - INFO - Prompt processing progress: 10240/200031
2026-10-02 21:26:06,046 - INFO - Prompt processing progress: 12288/200031
2026-10-02 21:26:07,455 - INFO - Prompt processing progress: 14336/200031
2026-10-02 21:26:08,919 - INFO - Prompt processing progress: 16384/200031
2026-10-02 21:26:10,435 - INFO - Prompt processing progress: 18432/200031
2026-10-02 21:26:11,999 - INFO - Prompt processing progress: 20480/200031
2026-10-02 21:26:13,608 - INFO - Prompt processing progress: 22528/200031
2026-10-02 21:26:15,252 - INFO - Prompt processing progress: 24576/200031
2026-10-02 21:26:16,953 - INFO - Prompt processing progress: 26624/200031
2026-10-02 21:26:18,700 - INFO - Prompt processing progress: 28672/200031
2026-10-02 21:26:20,491 - INFO - Prompt processing progress: 30720/200031
2026-10-02 21:26:22,325 - INFO - Prompt processing progress: 32768/200031
2026-10-02 21:26:24,211 - INFO - Prompt processing progress: 34816/200031
2026-10-02 21:26:26,153 - INFO - Prompt processing progress: 36864/200031
2026-10-02 21:26:28,153 - INFO - Prompt processing progress: 38912/200031
2026-10-02 21:26:30,211 - INFO - Prompt processing progress: 40960/200031
2026-10-02 21:26:32,318 - INFO - Prompt processing progress: 43008/200031
2026-10-02 21:26:34,465 - INFO - Prompt processing progress: 45056/200031
2026-10-02 21:26:36,670 - INFO - Prompt processing progress: 47104/200031
2026-10-02 21:26:38,938 - INFO - Prompt processing progress: 49152/200031
2026-10-02 21:26:41,271 - INFO - Prompt processing progress: 51200/200031
2026-10-02 21:26:43,655 - INFO - Prompt processing progress: 53248/200031
2026-10-02 21:26:46,090 - INFO - Prompt processing progress: 55296/200031
2026-10-02 21:26:48,599 - INFO - Prompt processing progress: 57344/200031
2026-10-02 21:26:51,147 - INFO - Prompt processing progress: 59392/200031
2026-10-02 21:26:53,767 - INFO - Prompt processing progress: 61440/200031
2026-10-02 21:26:56,447 - INFO - Prompt processing progress: 63488/200031
2026-10-02 21:26:59,178 - INFO - Prompt processing progress: 65536/200031
2026-10-02 21:27:01,965 - INFO - Prompt processing progress: 67584/200031
2026-10-02 21:27:04,822 - INFO - Prompt processing progress: 69632/200031
2026-10-02 21:27:07,751 - INFO - Prompt processing progress: 71680/200031
2026-10-02 21:27:10,776 - INFO - Prompt processing progress: 73728/200031
2026-10-02 21:27:13,802 - INFO - Prompt processing progress: 75776/200031
2026-10-02 21:27:16,912 - INFO - Prompt processing progress: 77824/200031
2026-10-02 21:27:20,063 - INFO - Prompt processing progress: 79872/200031
2026-10-02 21:27:23,233 - INFO - Prompt processing progress: 81920/200031
2026-10-02 21:27:26,456 - INFO - Prompt processing progress: 83968/200031
2026-10-02 21:27:29,732 - INFO - Prompt processing progress: 86016/200031
2026-10-02 21:27:33,056 - INFO - Prompt processing progress: 88064/200031
2026-10-02 21:27:36,424 - INFO - Prompt processing progress: 90112/200031
2026-10-02 21:27:39,876 - INFO - Prompt processing progress: 92160/200031
2026-10-02 21:27:43,341 - INFO - Prompt processing progress: 94208/200031
2026-10-02 21:27:46,874 - INFO - Prompt processing progress: 96256/200031
2026-10-02 21:27:50,445 - INFO - Prompt processing progress: 98304/200031
2026-10-02 21:27:54,083 - INFO - Prompt processing progress: 100352/200031
2026-10-02 21:27:57,745 - INFO - Prompt processing progress: 102400/200031
2026-10-02 21:28:01,472 - INFO - Prompt processing progress: 104448/200031
2026-10-02 21:28:05,249 - INFO - Prompt processing progress: 106496/200031
2026-10-02 21:28:09,084 - INFO - Prompt processing progress: 108544/200031
2026-10-02 21:28:12,987 - INFO - Prompt processing progress: 110592/200031
2026-10-02 21:28:16,924 - INFO - Prompt processing progress: 112640/200031
2026-10-02 21:28:20,897 - INFO - Prompt processing progress: 114688/200031
2026-10-02 21:28:24,927 - INFO - Prompt processing progress: 116736/200031
2026-10-02 21:28:28,997 - INFO - Prompt processing progress: 118784/200031
2026-10-02 21:28:33,128 - INFO - Prompt processing progress: 120832/200031
2026-10-02 21:28:37,338 - INFO - Prompt processing progress: 122880/200031
2026-10-02 21:28:41,590 - INFO - Prompt processing progress: 124928/200031
2026-10-02 21:28:45,862 - INFO - Prompt processing progress: 126976/200031
2026-10-02 21:28:50,203 - INFO - Prompt processing progress: 129024/200031
2026-10-02 21:28:54,570 - INFO - Prompt processing progress: 131072/200031
2026-10-02 21:28:59,023 - INFO - Prompt processing progress: 133120/200031
2026-10-02 21:29:03,533 - INFO - Prompt processing progress: 135168/200031
2026-10-02 21:29:08,085 - INFO - Prompt processing progress: 137216/200031
2026-10-02 21:29:12,742 - INFO - Prompt processing progress: 139264/200031
2026-10-02 21:29:17,391 - INFO - Prompt processing progress: 141312/200031
2026-10-02 21:29:22,117 - INFO - Prompt processing progress: 143360/200031
2026-10-02 21:29:26,886 - INFO - Prompt processing progress: 145408/200031
2026-10-02 21:29:31,710 - INFO - Prompt processing progress: 147456/200031
2026-10-02 21:29:36,594 - INFO - Prompt processing progress: 149504/200031
2026-10-02 21:29:41,521 - INFO - Prompt processing progress: 151552/200031
2026-10-02 21:29:46,485 - INFO - Prompt processing progress: 153600/200031
2026-10-02 21:29:51,557 - INFO - Prompt processing progress: 155648/200031
2026-10-02 21:29:56,693 - INFO - Prompt processing progress: 157696/200031
2026-10-02 21:30:01,820 - INFO - Prompt processing progress: 159744/200031
2026-10-02 21:30:07,048 - INFO - Prompt processing progress: 161792/200031
2026-10-02 21:30:12,301 - INFO - Prompt processing progress: 163840/200031
2026-10-02 21:30:17,595 - INFO - Prompt processing progress: 165888/200031
2026-10-02 21:30:22,938 - INFO - Prompt processing progress: 167936/200031
2026-10-02 21:30:28,349 - INFO - Prompt processing progress: 169984/200031
2026-10-02 21:30:33,808 - INFO - Prompt processing progress: 172032/200031
2026-10-02 21:30:39,308 - INFO - Prompt processing progress: 174080/200031
2026-10-02 21:30:44,826 - INFO - Prompt processing progress: 176128/200031
2026-10-02 21:30:50,478 - INFO - Prompt processing progress: 178176/200031
2026-10-02 21:30:56,161 - INFO - Prompt processing progress: 180224/200031
2026-10-02 21:31:01,922 - INFO - Prompt processing progress: 182272/200031
2026-10-02 21:31:07,739 - INFO - Prompt processing progress: 184320/200031
2026-10-02 21:31:13,585 - INFO - Prompt processing progress: 186368/200031
2026-10-02 21:31:19,454 - INFO - Prompt processing progress: 188416/200031
2026-10-02 21:31:25,381 - INFO - Prompt processing progress: 190464/200031
2026-10-02 21:31:39,123 - INFO - Prompt processing progress: 192512/200031
2026-10-02 21:31:52,864 - INFO - Prompt processing progress: 194560/200031
2026-10-02 21:32:06,664 - INFO - Prompt processing progress: 196608/200031
2026-10-02 21:32:20,515 - INFO - Prompt processing progress: 198656/200031
2026-10-02 21:32:24,988 - INFO - Prompt processing progress: 200030/200031
2026-10-02 21:32:25,115 - INFO - Prompt processing progress: 200031/200031
127.0.0.1 - - [02/Oct/2026 21:32:35] "POST /v1/chat/completions HTTP/1.1" 200 -
2026-10-02 21:32:35,595 - INFO - Prompt Cache: 0 sequences, 0.00 GB
2026-10-02 21:32:35,595 - INFO - - assistant: 0 sequences, 0.00 GB
2026-10-02 21:32:35,595 - INFO - - user: 0 sequences, 0.00 GB
2026-10-02 21:32:35,595 - INFO - - system: 0 sequences, 0.00 GB
2026-10-02 21:32:35,638 - INFO - Prompt processing progress: 0/200030
2026-10-02 21:32:37,801 - INFO - Prompt processing progress: 2048/200030
2026-10-02 21:32:38,985 - INFO - Prompt processing progress: 4096/200030
2026-10-02 21:32:40,204 - INFO - Prompt processing progress: 6144/200030
2026-10-02 21:32:41,469 - INFO - Prompt processing progress: 8192/200030
2026-10-02 21:32:42,781 - INFO - Prompt processing progress: 10240/200030
2026-10-02 21:32:44,149 - INFO - Prompt processing progress: 12288/200030
2026-10-02 21:32:45,568 - INFO - Prompt processing progress: 14336/200030
2026-10-02 21:32:47,024 - INFO - Prompt processing progress: 16384/200030
2026-10-02 21:32:48,527 - INFO - Prompt processing progress: 18432/200030
2026-10-02 21:32:50,083 - INFO - Prompt processing progress: 20480/200030
2026-10-02 21:32:51,682 - INFO - Prompt processing progress: 22528/200030
2026-10-02 21:32:53,355 - INFO - Prompt processing progress: 24576/200030
2026-10-02 21:32:55,045 - INFO - Prompt processing progress: 26624/200030
2026-10-02 21:32:56,794 - INFO - Prompt processing progress: 28672/200030
2026-10-02 21:32:58,582 - INFO - Prompt processing progress: 30720/200030
2026-10-02 21:33:00,419 - INFO - Prompt processing progress: 32768/200030
2026-10-02 21:33:02,305 - INFO - Prompt processing progress: 34816/200030
2026-10-02 21:33:04,258 - INFO - Prompt processing progress: 36864/200030
2026-10-02 21:33:06,257 - INFO - Prompt processing progress: 38912/200030
2026-10-02 21:33:08,313 - INFO - Prompt processing progress: 40960/200030
2026-10-02 21:33:10,407 - INFO - Prompt processing progress: 43008/200030
2026-10-02 21:33:12,559 - INFO - Prompt processing progress: 45056/200030
2026-10-02 21:33:14,763 - INFO - Prompt processing progress: 47104/200030
2026-10-02 21:33:17,015 - INFO - Prompt processing progress: 49152/200030
2026-10-02 21:33:19,337 - INFO - Prompt processing progress: 51200/200030
2026-10-02 21:33:21,730 - INFO - Prompt processing progress: 53248/200030
2026-10-02 21:33:24,160 - INFO - Prompt processing progress: 55296/200030
2026-10-02 21:33:26,653 - INFO - Prompt processing progress: 57344/200030
2026-10-02 21:33:29,200 - INFO - Prompt processing progress: 59392/200030
2026-10-02 21:33:31,823 - INFO - Prompt processing progress: 61440/200030
2026-10-02 21:33:34,494 - INFO - Prompt processing progress: 63488/200030
2026-10-02 21:33:37,208 - INFO - Prompt processing progress: 65536/200030
2026-10-02 21:33:40,001 - INFO - Prompt processing progress: 67584/200030
2026-10-02 21:33:42,844 - INFO - Prompt processing progress: 69632/200030
2026-10-02 21:33:45,746 - INFO - Prompt processing progress: 71680/200030
2026-10-02 21:33:48,695 - INFO - Prompt processing progress: 73728/200030
2026-10-02 21:33:51,695 - INFO - Prompt processing progress: 75776/200030
2026-10-02 21:33:54,762 - INFO - Prompt processing progress: 77824/200030
2026-10-02 21:33:57,864 - INFO - Prompt processing progress: 79872/200030
2026-10-02 21:34:01,032 - INFO - Prompt processing progress: 81920/200030
2026-10-02 21:34:04,245 - INFO - Prompt processing progress: 83968/200030
2026-10-02 21:34:07,529 - INFO - Prompt processing progress: 86016/200030
2026-10-02 21:34:10,835 - INFO - Prompt processing progress: 88064/200030
2026-10-02 21:34:14,186 - INFO - Prompt processing progress: 90112/200030
2026-10-02 21:34:17,617 - INFO - Prompt processing progress: 92160/200030
2026-10-02 21:34:21,080 - INFO - Prompt processing progress: 94208/200030
2026-10-02 21:34:24,601 - INFO - Prompt processing progress: 96256/200030
2026-10-02 21:34:28,196 - INFO - Prompt processing progress: 98304/200030
2026-10-02 21:34:31,814 - INFO - Prompt processing progress: 100352/200030
2026-10-02 21:34:35,482 - INFO - Prompt processing progress: 102400/200030
2026-10-02 21:34:39,214 - INFO - Prompt processing progress: 104448/200030
2026-10-02 21:34:43,003 - INFO - Prompt processing progress: 106496/200030
2026-10-02 21:34:46,835 - INFO - Prompt processing progress: 108544/200030
2026-10-02 21:34:50,726 - INFO - Prompt processing progress: 110592/200030
2026-10-02 21:34:54,689 - INFO - Prompt processing progress: 112640/200030
2026-10-02 21:34:58,684 - INFO - Prompt processing progress: 114688/200030
2026-10-02 21:35:02,736 - INFO - Prompt processing progress: 116736/200030
2026-10-02 21:35:06,844 - INFO - Prompt processing progress: 118784/200030
2026-10-02 21:35:10,982 - INFO - Prompt processing progress: 120832/200030
2026-10-02 21:35:15,218 - INFO - Prompt processing progress: 122880/200030
2026-10-02 21:35:19,468 - INFO - Prompt processing progress: 124928/200030
2026-10-02 21:35:23,776 - INFO - Prompt processing progress: 126976/200030
2026-10-02 21:35:28,123 - INFO - Prompt processing progress: 129024/200030
2026-10-02 21:35:32,508 - INFO - Prompt processing progress: 131072/200030
2026-10-02 21:35:37,012 - INFO - Prompt processing progress: 133120/200030
2026-10-02 21:35:41,549 - INFO - Prompt processing progress: 135168/200030
2026-10-02 21:35:46,129 - INFO - Prompt processing progress: 137216/200030
2026-10-02 21:35:50,785 - INFO - Prompt processing progress: 139264/200030
2026-10-02 21:35:55,457 - INFO - Prompt processing progress: 141312/200030
2026-10-02 21:36:00,231 - INFO - Prompt processing progress: 143360/200030
2026-10-02 21:36:05,052 - INFO - Prompt processing progress: 145408/200030
2026-10-02 21:36:09,901 - INFO - Prompt processing progress: 147456/200030
2026-10-02 21:36:14,809 - INFO - Prompt processing progress: 149504/200030
2026-10-02 21:36:19,732 - INFO - Prompt processing progress: 151552/200030
2026-10-02 21:36:24,749 - INFO - Prompt processing progress: 153600/200030
2026-10-02 21:36:29,829 - INFO - Prompt processing progress: 155648/200030
2026-10-02 21:36:34,980 - INFO - Prompt processing progress: 157696/200030
2026-10-02 21:36:40,136 - INFO - Prompt processing progress: 159744/200030
2026-10-02 21:36:45,330 - INFO - Prompt processing progress: 161792/200030
2026-10-02 21:36:50,588 - INFO - Prompt processing progress: 163840/200030
2026-10-02 21:36:55,908 - INFO - Prompt processing progress: 165888/200030
2026-10-02 21:37:01,357 - INFO - Prompt processing progress: 167936/200030
2026-10-02 21:37:06,801 - INFO - Prompt processing progress: 169984/200030
2026-10-02 21:37:12,303 - INFO - Prompt processing progress: 172032/200030
2026-10-02 21:37:17,843 - INFO - Prompt processing progress: 174080/200030
2026-10-02 21:37:23,426 - INFO - Prompt processing progress: 176128/200030
2026-10-02 21:37:29,100 - INFO - Prompt processing progress: 178176/200030
2026-10-02 21:37:34,837 - INFO - Prompt processing progress: 180224/200030
2026-10-02 21:37:40,626 - INFO - Prompt processing progress: 182272/200030
2026-10-02 21:37:46,502 - INFO - Prompt processing progress: 184320/200030
2026-10-02 21:37:52,372 - INFO - Prompt processing progress: 186368/200030
2026-10-02 21:37:58,358 - INFO - Prompt processing progress: 188416/200030
2026-10-02 21:38:04,359 - INFO - Prompt processing progress: 190464/200030
2026-10-02 21:38:18,896 - INFO - Prompt processing progress: 192512/200030
2026-10-02 21:38:33,241 - INFO - Prompt processing progress: 194560/200030
2026-10-02 21:38:48,683 - INFO - Prompt processing progress: 196608/200030
2026-10-02 21:39:04,309 - INFO - Prompt processing progress: 198656/200030
2026-10-02 21:39:08,909 - INFO - Prompt processing progress: 200029/200030
2026-10-02 21:39:09,038 - INFO - Prompt processing progress: 200030/200030
127.0.0.1 - - [02/Oct/2026 21:39:19] "POST /v1/chat/completions HTTP/1.1" 200 -
2026-10-02 21:39:19,705 - INFO - Prompt Cache: 0 sequences, 0.00 GB
2026-10-02 21:39:19,705 - INFO - - assistant: 0 sequences, 0.00 GB
2026-10-02 21:39:19,705 - INFO - - user: 0 sequences, 0.00 GB
2026-10-02 21:39:19,705 - INFO - - system: 0 sequences, 0.00 GB
2026-10-02 21:39:19,749 - INFO - Prompt processing progress: 0/200028
2026-10-02 21:39:22,185 - INFO - Prompt processing progress: 2048/200028
2026-10-02 21:39:23,369 - INFO - Prompt processing progress: 4096/200028
2026-10-02 21:39:24,590 - INFO - Prompt processing progress: 6144/200028
2026-10-02 21:39:25,858 - INFO - Prompt processing progress: 8192/200028
2026-10-02 21:39:27,179 - INFO - Prompt processing progress: 10240/200028
2026-10-02 21:39:28,548 - INFO - Prompt processing progress: 12288/200028
2026-10-02 21:39:29,958 - INFO - Prompt processing progress: 14336/200028
2026-10-02 21:39:31,422 - INFO - Prompt processing progress: 16384/200028
2026-10-02 21:39:32,935 - INFO - Prompt processing progress: 18432/200028
2026-10-02 21:39:34,495 - INFO - Prompt processing progress: 20480/200028
2026-10-02 21:39:36,109 - INFO - Prompt processing progress: 22528/200028
2026-10-02 21:39:37,783 - INFO - Prompt processing progress: 24576/200028
2026-10-02 21:39:39,498 - INFO - Prompt processing progress: 26624/200028
2026-10-02 21:39:41,267 - INFO - Prompt processing progress: 28672/200028
2026-10-02 21:39:43,070 - INFO - Prompt processing progress: 30720/200028
2026-10-02 21:39:44,929 - INFO - Prompt processing progress: 32768/200028
2026-10-02 21:39:46,834 - INFO - Prompt processing progress: 34816/200028
2026-10-02 21:39:48,793 - INFO - Prompt processing progress: 36864/200028
2026-10-02 21:39:50,810 - INFO - Prompt processing progress: 38912/200028
2026-10-02 21:39:52,873 - INFO - Prompt processing progress: 40960/200028
2026-10-02 21:39:54,992 - INFO - Prompt processing progress: 43008/200028
2026-10-02 21:39:57,160 - INFO - Prompt processing progress: 45056/200028
2026-10-02 21:39:59,379 - INFO - Prompt processing progress: 47104/200028
2026-10-02 21:40:01,651 - INFO - Prompt processing progress: 49152/200028
2026-10-02 21:40:03,984 - INFO - Prompt processing progress: 51200/200028
2026-10-02 21:40:06,386 - INFO - Prompt processing progress: 53248/200028
2026-10-02 21:40:08,843 - INFO - Prompt processing progress: 55296/200028
2026-10-02 21:40:11,362 - INFO - Prompt processing progress: 57344/200028
2026-10-02 21:40:13,990 - INFO - Prompt processing progress: 59392/200028
2026-10-02 21:40:16,696 - INFO - Prompt processing progress: 61440/200028
2026-10-02 21:40:19,422 - INFO - Prompt processing progress: 63488/200028
2026-10-02 21:40:22,227 - INFO - Prompt processing progress: 65536/200028
2026-10-02 21:40:25,069 - INFO - Prompt processing progress: 67584/200028
2026-10-02 21:40:27,944 - INFO - Prompt processing progress: 69632/200028
2026-10-02 21:40:30,868 - INFO - Prompt processing progress: 71680/200028
2026-10-02 21:40:33,842 - INFO - Prompt processing progress: 73728/200028
2026-10-02 21:40:36,878 - INFO - Prompt processing progress: 75776/200028
2026-10-02 21:40:39,970 - INFO - Prompt processing progress: 77824/200028
2026-10-02 21:40:43,101 - INFO - Prompt processing progress: 79872/200028
2026-10-02 21:40:46,271 - INFO - Prompt processing progress: 81920/200028
2026-10-02 21:40:49,505 - INFO - Prompt processing progress: 83968/200028
2026-10-02 21:40:52,789 - INFO - Prompt processing progress: 86016/200028
2026-10-02 21:40:56,104 - INFO - Prompt processing progress: 88064/200028
2026-10-02 21:40:59,484 - INFO - Prompt processing progress: 90112/200028
2026-10-02 21:41:02,967 - INFO - Prompt processing progress: 92160/200028
2026-10-02 21:41:06,449 - INFO - Prompt processing progress: 94208/200028
2026-10-02 21:41:10,018 - INFO - Prompt processing progress: 96256/200028
2026-10-02 21:41:13,652 - INFO - Prompt processing progress: 98304/200028
2026-10-02 21:41:17,352 - INFO - Prompt processing progress: 100352/200028
2026-10-02 21:41:21,059 - INFO - Prompt processing progress: 102400/200028
2026-10-02 21:41:24,831 - INFO - Prompt processing progress: 104448/200028
2026-10-02 21:41:28,657 - INFO - Prompt processing progress: 106496/200028
2026-10-02 21:41:32,523 - INFO - Prompt processing progress: 108544/200028
2026-10-02 21:41:36,442 - INFO - Prompt processing progress: 110592/200028
2026-10-02 21:41:40,415 - INFO - Prompt processing progress: 112640/200028
2026-10-02 21:41:44,449 - INFO - Prompt processing progress: 114688/200028
2026-10-02 21:41:48,527 - INFO - Prompt processing progress: 116736/200028
2026-10-02 21:41:52,655 - INFO - Prompt processing progress: 118784/200028
2026-10-02 21:41:56,832 - INFO - Prompt processing progress: 120832/200028
2026-10-02 21:42:01,114 - INFO - Prompt processing progress: 122880/200028
2026-10-02 21:42:05,417 - INFO - Prompt processing progress: 124928/200028
2026-10-02 21:42:09,768 - INFO - Prompt processing progress: 126976/200028
2026-10-02 21:42:14,198 - INFO - Prompt processing progress: 129024/200028
2026-10-02 21:42:18,643 - INFO - Prompt processing progress: 131072/200028
2026-10-02 21:42:23,152 - INFO - Prompt processing progress: 133120/200028
2026-10-02 21:42:27,750 - INFO - Prompt processing progress: 135168/200028
2026-10-02 21:42:32,420 - INFO - Prompt processing progress: 137216/200028
2026-10-02 21:42:37,152 - INFO - Prompt processing progress: 139264/200028
2026-10-02 21:42:41,939 - INFO - Prompt processing progress: 141312/200028
2026-10-02 21:42:46,796 - INFO - Prompt processing progress: 143360/200028
2026-10-02 21:42:51,673 - INFO - Prompt processing progress: 145408/200028
2026-10-02 21:42:56,586 - INFO - Prompt processing progress: 147456/200028
2026-10-02 21:43:01,570 - INFO - Prompt processing progress: 149504/200028
2026-10-02 21:43:06,621 - INFO - Prompt processing progress: 151552/200028
2026-10-02 21:43:11,713 - INFO - Prompt processing progress: 153600/200028
2026-10-02 21:43:16,873 - INFO - Prompt processing progress: 155648/200028
2026-10-02 21:43:22,112 - INFO - Prompt processing progress: 157696/200028
2026-10-02 21:43:27,341 - INFO - Prompt processing progress: 159744/200028
2026-10-02 21:43:32,646 - INFO - Prompt processing progress: 161792/200028
2026-10-02 21:43:38,003 - INFO - Prompt processing progress: 163840/200028
2026-10-02 21:43:43,440 - INFO - Prompt processing progress: 165888/200028
2026-10-02 21:43:48,951 - INFO - Prompt processing progress: 167936/200028
2026-10-02 21:43:54,483 - INFO - Prompt processing progress: 169984/200028
2026-10-02 21:44:00,091 - INFO - Prompt processing progress: 172032/200028
2026-10-02 21:44:05,729 - INFO - Prompt processing progress: 174080/200028
2026-10-02 21:44:11,425 - INFO - Prompt processing progress: 176128/200028
2026-10-02 21:44:17,240 - INFO - Prompt processing progress: 178176/200028
2026-10-02 21:44:23,075 - INFO - Prompt processing progress: 180224/200028
2026-10-02 21:44:28,935 - INFO - Prompt processing progress: 182272/200028
2026-10-02 21:44:34,879 - INFO - Prompt processing progress: 184320/200028
2026-10-02 21:44:40,840 - INFO - Prompt processing progress: 186368/200028
2026-10-02 21:44:46,828 - INFO - Prompt processing progress: 188416/200028
2026-10-02 21:44:52,894 - INFO - Prompt processing progress: 190464/200028
2026-10-02 21:45:07,240 - INFO - Prompt processing progress: 192512/200028
2026-10-02 21:45:21,513 - INFO - Prompt processing progress: 194560/200028
2026-10-02 21:45:35,694 - INFO - Prompt processing progress: 196608/200028
2026-10-02 21:45:50,962 - INFO - Prompt processing progress: 198656/200028
2026-10-02 21:45:55,535 - INFO - Prompt processing progress: 200027/200028
2026-10-02 21:45:55,654 - INFO - Prompt processing progress: 200028/200028
127.0.0.1 - - [02/Oct/2026 21:46:06] "POST /v1/chat/completions HTTP/1.1" 200 -
2026-10-02 21:46:06,193 - INFO - Prompt Cache: 0 sequences, 0.00 GB
2026-10-02 21:46:06,193 - INFO - - assistant: 0 sequences, 0.00 GB
2026-10-02 21:46:06,193 - INFO - - user: 0 sequences, 0.00 GB
2026-10-02 21:46:06,193 - INFO - - system: 0 sequences, 0.00 GB
2026-10-02 21:46:06,237 - INFO - Prompt processing progress: 0/200032
2026-10-02 21:46:08,942 - INFO - Prompt processing progress: 2048/200032
2026-10-02 21:46:10,123 - INFO - Prompt processing progress: 4096/200032
2026-10-02 21:46:11,344 - INFO - Prompt processing progress: 6144/200032
2026-10-02 21:46:12,605 - INFO - Prompt processing progress: 8192/200032
2026-10-02 21:46:13,928 - INFO - Prompt processing progress: 10240/200032
2026-10-02 21:46:15,289 - INFO - Prompt processing progress: 12288/200032
2026-10-02 21:46:16,728 - INFO - Prompt processing progress: 14336/200032
2026-10-02 21:46:18,187 - INFO - Prompt processing progress: 16384/200032
2026-10-02 21:46:19,698 - INFO - Prompt processing progress: 18432/200032
2026-10-02 21:46:21,257 - INFO - Prompt processing progress: 20480/200032
2026-10-02 21:46:22,877 - INFO - Prompt processing progress: 22528/200032
2026-10-02 21:46:24,545 - INFO - Prompt processing progress: 24576/200032
2026-10-02 21:46:26,263 - INFO - Prompt processing progress: 26624/200032
2026-10-02 21:46:28,039 - INFO - Prompt processing progress: 28672/200032
2026-10-02 21:46:29,843 - INFO - Prompt processing progress: 30720/200032
2026-10-02 21:46:31,702 - INFO - Prompt processing progress: 32768/200032
2026-10-02 21:46:33,597 - INFO - Prompt processing progress: 34816/200032
2026-10-02 21:46:35,560 - INFO - Prompt processing progress: 36864/200032
2026-10-02 21:46:37,561 - INFO - Prompt processing progress: 38912/200032
2026-10-02 21:46:39,621 - INFO - Prompt processing progress: 40960/200032
2026-10-02 21:46:41,730 - INFO - Prompt processing progress: 43008/200032
2026-10-02 21:46:43,897 - INFO - Prompt processing progress: 45056/200032
2026-10-02 21:46:46,122 - INFO - Prompt processing progress: 47104/200032
2026-10-02 21:46:48,398 - INFO - Prompt processing progress: 49152/200032
2026-10-02 21:46:50,732 - INFO - Prompt processing progress: 51200/200032
2026-10-02 21:46:53,132 - INFO - Prompt processing progress: 53248/200032
2026-10-02 21:46:55,584 - INFO - Prompt processing progress: 55296/200032
2026-10-02 21:46:58,093 - INFO - Prompt processing progress: 57344/200032
2026-10-02 21:47:00,670 - INFO - Prompt processing progress: 59392/200032
2026-10-02 21:47:03,312 - INFO - Prompt processing progress: 61440/200032
2026-10-02 21:47:06,003 - INFO - Prompt processing progress: 63488/200032
2026-10-02 21:47:08,725 - INFO - Prompt processing progress: 65536/200032
2026-10-02 21:47:11,526 - INFO - Prompt processing progress: 67584/200032
2026-10-02 21:47:14,386 - INFO - Prompt processing progress: 69632/200032
2026-10-02 21:47:17,306 - INFO - Prompt processing progress: 71680/200032
2026-10-02 21:47:20,282 - INFO - Prompt processing progress: 73728/200032
2026-10-02 21:47:23,306 - INFO - Prompt processing progress: 75776/200032
2026-10-02 21:47:26,384 - INFO - Prompt processing progress: 77824/200032
2026-10-02 21:47:29,509 - INFO - Prompt processing progress: 79872/200032
2026-10-02 21:47:32,673 - INFO - Prompt processing progress: 81920/200032
2026-10-02 21:47:35,899 - INFO - Prompt processing progress: 83968/200032
2026-10-02 21:47:39,172 - INFO - Prompt processing progress: 86016/200032
2026-10-02 21:47:42,486 - INFO - Prompt processing progress: 88064/200032
2026-10-02 21:47:45,871 - INFO - Prompt processing progress: 90112/200032
2026-10-02 21:47:49,342 - INFO - Prompt processing progress: 92160/200032
2026-10-02 21:47:52,818 - INFO - Prompt processing progress: 94208/200032
2026-10-02 21:47:56,352 - INFO - Prompt processing progress: 96256/200032
2026-10-02 21:47:59,932 - INFO - Prompt processing progress: 98304/200032
2026-10-02 21:48:03,586 - INFO - Prompt processing progress: 100352/200032
2026-10-02 21:48:07,286 - INFO - Prompt processing progress: 102400/200032
2026-10-02 21:48:11,064 - INFO - Prompt processing progress: 104448/200032
2026-10-02 21:48:14,882 - INFO - Prompt processing progress: 106496/200032
2026-10-02 21:48:18,727 - INFO - Prompt processing progress: 108544/200032
2026-10-02 21:48:22,647 - INFO - Prompt processing progress: 110592/200032
2026-10-02 21:48:26,633 - INFO - Prompt processing progress: 112640/200032
2026-10-02 21:48:30,668 - INFO - Prompt processing progress: 114688/200032
2026-10-02 21:48:34,745 - INFO - Prompt processing progress: 116736/200032
2026-10-02 21:48:38,865 - INFO - Prompt processing progress: 118784/200032
2026-10-02 21:48:43,048 - INFO - Prompt processing progress: 120832/200032
2026-10-02 21:48:47,283 - INFO - Prompt processing progress: 122880/200032
2026-10-02 21:48:51,581 - INFO - Prompt processing progress: 124928/200032
2026-10-02 21:48:55,911 - INFO - Prompt processing progress: 126976/200032
2026-10-02 21:49:00,310 - INFO - Prompt processing progress: 129024/200032
2026-10-02 21:49:04,717 - INFO - Prompt processing progress: 131072/200032
2026-10-02 21:49:09,205 - INFO - Prompt processing progress: 133120/200032
2026-10-02 21:49:13,737 - INFO - Prompt processing progress: 135168/200032
2026-10-02 21:49:18,336 - INFO - Prompt processing progress: 137216/200032
2026-10-02 21:49:23,022 - INFO - Prompt processing progress: 139264/200032
2026-10-02 21:49:27,727 - INFO - Prompt processing progress: 141312/200032
2026-10-02 21:49:32,528 - INFO - Prompt processing progress: 143360/200032
2026-10-02 21:49:37,386 - INFO - Prompt processing progress: 145408/200032
2026-10-02 21:49:42,283 - INFO - Prompt processing progress: 147456/200032
2026-10-02 21:49:47,256 - INFO - Prompt processing progress: 149504/200032
2026-10-02 21:49:52,267 - INFO - Prompt processing progress: 151552/200032
2026-10-02 21:49:57,384 - INFO - Prompt processing progress: 153600/200032
2026-10-02 21:50:02,561 - INFO - Prompt processing progress: 155648/200032
2026-10-02 21:50:07,773 - INFO - Prompt processing progress: 157696/200032
2026-10-02 21:50:13,000 - INFO - Prompt processing progress: 159744/200032
2026-10-02 21:50:18,319 - INFO - Prompt processing progress: 161792/200032
2026-10-02 21:50:23,658 - INFO - Prompt processing progress: 163840/200032
2026-10-02 21:50:29,073 - INFO - Prompt processing progress: 165888/200032
2026-10-02 21:50:34,577 - INFO - Prompt processing progress: 167936/200032
2026-10-02 21:50:40,103 - INFO - Prompt processing progress: 169984/200032
2026-10-02 21:50:45,683 - INFO - Prompt processing progress: 172032/200032
2026-10-02 21:50:51,310 - INFO - Prompt processing progress: 174080/200032
2026-10-02 21:50:56,970 - INFO - Prompt processing progress: 176128/200032
2026-10-02 21:51:02,750 - INFO - Prompt processing progress: 178176/200032
2026-10-02 21:51:08,539 - INFO - Prompt processing progress: 180224/200032
2026-10-02 21:51:14,367 - INFO - Prompt processing progress: 182272/200032
2026-10-02 21:51:20,248 - INFO - Prompt processing progress: 184320/200032
2026-10-02 21:51:26,139 - INFO - Prompt processing progress: 186368/200032
2026-10-02 21:51:32,103 - INFO - Prompt processing progress: 188416/200032
2026-10-02 21:51:38,154 - INFO - Prompt processing progress: 190464/200032
2026-10-02 21:51:52,340 - INFO - Prompt processing progress: 192512/200032
2026-10-02 21:52:06,771 - INFO - Prompt processing progress: 194560/200032
2026-10-02 21:52:20,990 - INFO - Prompt processing progress: 196608/200032
2026-10-02 21:52:35,935 - INFO - Prompt processing progress: 198656/200032
2026-10-02 21:52:40,550 - INFO - Prompt processing progress: 200031/200032
2026-10-02 21:52:40,668 - INFO - Prompt processing progress: 200032/200032
127.0.0.1 - - [02/Oct/2026 21:52:51] "POST /v1/chat/completions HTTP/1.1" 200 -
2026-10-02 21:52:51,301 - INFO - Prompt Cache: 0 sequences, 0.00 GB
2026-10-02 21:52:51,301 - INFO - - assistant: 0 sequences, 0.00 GB
2026-10-02 21:52:51,301 - INFO - - user: 0 sequences, 0.00 GB
2026-10-02 21:52:51,301 - INFO - - system: 0 sequences, 0.00 GB
2026-10-02 21:52:51,344 - INFO - Prompt processing progress: 0/200026
2026-10-02 21:52:54,038 - INFO - Prompt processing progress: 2048/200026
2026-10-02 21:52:55,221 - INFO - Prompt processing progress: 4096/200026
2026-10-02 21:52:56,443 - INFO - Prompt processing progress: 6144/200026
2026-10-02 21:52:57,700 - INFO - Prompt processing progress: 8192/200026
2026-10-02 21:52:59,018 - INFO - Prompt processing progress: 10240/200026
2026-10-02 21:53:00,386 - INFO - Prompt processing progress: 12288/200026
2026-10-02 21:53:01,800 - INFO - Prompt processing progress: 14336/200026
2026-10-02 21:53:03,265 - INFO - Prompt processing progress: 16384/200026
2026-10-02 21:53:04,783 - INFO - Prompt processing progress: 18432/200026
2026-10-02 21:53:06,344 - INFO - Prompt processing progress: 20480/200026
2026-10-02 21:53:07,960 - INFO - Prompt processing progress: 22528/200026
2026-10-02 21:53:09,617 - INFO - Prompt processing progress: 24576/200026
2026-10-02 21:53:11,321 - INFO - Prompt processing progress: 26624/200026
2026-10-02 21:53:13,082 - INFO - Prompt processing progress: 28672/200026
2026-10-02 21:53:14,882 - INFO - Prompt processing progress: 30720/200026
2026-10-02 21:53:16,739 - INFO - Prompt processing progress: 32768/200026
2026-10-02 21:53:18,640 - INFO - Prompt processing progress: 34816/200026
2026-10-02 21:53:20,606 - INFO - Prompt processing progress: 36864/200026
2026-10-02 21:53:22,605 - INFO - Prompt processing progress: 38912/200026
2026-10-02 21:53:24,670 - INFO - Prompt processing progress: 40960/200026
2026-10-02 21:53:26,776 - INFO - Prompt processing progress: 43008/200026
2026-10-02 21:53:28,954 - INFO - Prompt processing progress: 45056/200026
2026-10-02 21:53:31,179 - INFO - Prompt processing progress: 47104/200026
2026-10-02 21:53:33,444 - INFO - Prompt processing progress: 49152/200026
2026-10-02 21:53:35,772 - INFO - Prompt processing progress: 51200/200026
2026-10-02 21:53:38,180 - INFO - Prompt processing progress: 53248/200026
2026-10-02 21:53:40,617 - INFO - Prompt processing progress: 55296/200026
2026-10-02 21:53:43,121 - INFO - Prompt processing progress: 57344/200026
2026-10-02 21:53:45,697 - INFO - Prompt processing progress: 59392/200026
2026-10-02 21:53:48,336 - INFO - Prompt processing progress: 61440/200026
2026-10-02 21:53:51,031 - INFO - Prompt processing progress: 63488/200026
2026-10-02 21:53:53,772 - INFO - Prompt processing progress: 65536/200026
2026-10-02 21:53:56,582 - INFO - Prompt processing progress: 67584/200026
2026-10-02 21:53:59,460 - INFO - Prompt processing progress: 69632/200026
2026-10-02 21:54:02,383 - INFO - Prompt processing progress: 71680/200026
2026-10-02 21:54:05,367 - INFO - Prompt processing progress: 73728/200026
2026-10-02 21:54:08,381 - INFO - Prompt processing progress: 75776/200026
2026-10-02 21:54:11,488 - INFO - Prompt processing progress: 77824/200026
2026-10-02 21:54:14,626 - INFO - Prompt processing progress: 79872/200026
2026-10-02 21:54:17,817 - INFO - Prompt processing progress: 81920/200026
2026-10-02 21:54:21,053 - INFO - Prompt processing progress: 83968/200026
2026-10-02 21:54:24,341 - INFO - Prompt processing progress: 86016/200026
2026-10-02 21:54:27,671 - INFO - Prompt processing progress: 88064/200026
2026-10-02 21:54:31,070 - INFO - Prompt processing progress: 90112/200026
2026-10-02 21:54:34,529 - INFO - Prompt processing progress: 92160/200026
2026-10-02 21:54:38,031 - INFO - Prompt processing progress: 94208/200026
2026-10-02 21:54:41,583 - INFO - Prompt processing progress: 96256/200026
2026-10-02 21:54:45,179 - INFO - Prompt processing progress: 98304/200026
2026-10-02 21:54:48,832 - INFO - Prompt processing progress: 100352/200026
2026-10-02 21:54:52,568 - INFO - Prompt processing progress: 102400/200026
2026-10-02 21:54:56,347 - INFO - Prompt processing progress: 104448/200026
2026-10-02 21:55:00,171 - INFO - Prompt processing progress: 106496/200026
2026-10-02 21:55:04,053 - INFO - Prompt processing progress: 108544/200026
2026-10-02 21:55:07,996 - INFO - Prompt processing progress: 110592/200026
2026-10-02 21:55:11,981 - INFO - Prompt processing progress: 112640/200026
2026-10-02 21:55:16,025 - INFO - Prompt processing progress: 114688/200026
2026-10-02 21:55:20,097 - INFO - Prompt processing progress: 116736/200026
2026-10-02 21:55:24,208 - INFO - Prompt processing progress: 118784/200026
2026-10-02 21:55:28,405 - INFO - Prompt processing progress: 120832/200026
2026-10-02 21:55:32,661 - INFO - Prompt processing progress: 122880/200026
2026-10-02 21:55:36,969 - INFO - Prompt processing progress: 124928/200026
2026-10-02 21:55:41,287 - INFO - Prompt processing progress: 126976/200026
2026-10-02 21:55:45,689 - INFO - Prompt processing progress: 129024/200026
2026-10-02 21:55:50,112 - INFO - Prompt processing progress: 131072/200026
2026-10-02 21:55:54,615 - INFO - Prompt processing progress: 133120/200026
2026-10-02 21:55:59,177 - INFO - Prompt processing progress: 135168/200026
2026-10-02 21:56:03,786 - INFO - Prompt processing progress: 137216/200026
2026-10-02 21:56:08,458 - INFO - Prompt processing progress: 139264/200026
2026-10-02 21:56:13,149 - INFO - Prompt processing progress: 141312/200026
2026-10-02 21:56:17,917 - INFO - Prompt processing progress: 143360/200026
2026-10-02 21:56:22,770 - INFO - Prompt processing progress: 145408/200026
2026-10-02 21:56:27,650 - INFO - Prompt processing progress: 147456/200026
2026-10-02 21:56:32,654 - INFO - Prompt processing progress: 149504/200026
2026-10-02 21:56:37,656 - INFO - Prompt processing progress: 151552/200026
2026-10-02 21:56:42,705 - INFO - Prompt processing progress: 153600/200026
2026-10-02 21:56:47,851 - INFO - Prompt processing progress: 155648/200026
2026-10-02 21:56:53,037 - INFO - Prompt processing progress: 157696/200026
2026-10-02 21:56:58,235 - INFO - Prompt processing progress: 159744/200026
2026-10-02 21:57:03,499 - INFO - Prompt processing progress: 161792/200026
2026-10-02 21:57:08,854 - INFO - Prompt processing progress: 163840/200026
2026-10-02 21:57:14,242 - INFO - Prompt processing progress: 165888/200026
2026-10-02 21:57:19,756 - INFO - Prompt processing progress: 167936/200026
2026-10-02 21:57:25,262 - INFO - Prompt processing progress: 169984/200026
2026-10-02 21:57:30,806 - INFO - Prompt processing progress: 172032/200026
2026-10-02 21:57:36,432 - INFO - Prompt processing progress: 174080/200026
2026-10-02 21:57:42,164 - INFO - Prompt processing progress: 176128/200026
2026-10-02 21:57:48,102 - INFO - Prompt processing progress: 178176/200026
2026-10-02 21:58:10,625 - INFO - Prompt processing progress: 180224/200026
2026-10-02 21:58:16,737 - INFO - Prompt processing progress: 182272/200026
2026-10-02 21:58:25,844 - INFO - Prompt processing progress: 184320/200026
2026-10-02 21:58:31,917 - INFO - Prompt processing progress: 186368/200026
2026-10-02 21:58:37,962 - INFO - Prompt processing progress: 188416/200026
2026-10-02 21:58:44,094 - INFO - Prompt processing progress: 190464/200026
2026-10-02 21:59:01,853 - INFO - Prompt processing progress: 192512/200026
2026-10-02 21:59:16,901 - INFO - Prompt processing progress: 194560/200026
2026-10-02 21:59:33,207 - INFO - Prompt processing progress: 196608/200026
2026-10-02 21:59:49,894 - INFO - Prompt processing progress: 198656/200026
2026-10-02 21:59:54,575 - INFO - Prompt processing progress: 200025/200026
2026-10-02 21:59:54,712 - INFO - Prompt processing progress: 200026/200026
127.0.0.1 - - [02/Oct/2026 22:00:05] "POST /v1/chat/completions HTTP/1.1" 200 -
2026-10-02 22:00:05,365 - INFO - Prompt Cache: 0 sequences, 0.00 GB
2026-10-02 22:00:05,365 - INFO - - assistant: 0 sequences, 0.00 GB
2026-10-02 22:00:05,365 - INFO - - user: 0 sequences, 0.00 GB
2026-10-02 22:00:05,365 - INFO - - system: 0 sequences, 0.00 GB
2026-10-02 22:00:05,408 - INFO - Prompt processing progress: 0/200026
2026-10-02 22:00:08,190 - INFO - Prompt processing progress: 2048/200026
2026-10-02 22:00:09,376 - INFO - Prompt processing progress: 4096/200026
2026-10-02 22:00:10,597 - INFO - Prompt processing progress: 6144/200026
2026-10-02 22:00:11,865 - INFO - Prompt processing progress: 8192/200026
2026-10-02 22:00:13,187 - INFO - Prompt processing progress: 10240/200026
2026-10-02 22:00:14,554 - INFO - Prompt processing progress: 12288/200026
2026-10-02 22:00:15,983 - INFO - Prompt processing progress: 14336/200026
2026-10-02 22:00:17,463 - INFO - Prompt processing progress: 16384/200026
2026-10-02 22:00:18,994 - INFO - Prompt processing progress: 18432/200026
2026-10-02 22:00:20,570 - INFO - Prompt processing progress: 20480/200026
2026-10-02 22:00:22,198 - INFO - Prompt processing progress: 22528/200026
2026-10-02 22:00:23,876 - INFO - Prompt processing progress: 24576/200026
2026-10-02 22:00:25,623 - INFO - Prompt processing progress: 26624/200026
2026-10-02 22:00:27,403 - INFO - Prompt processing progress: 28672/200026
2026-10-02 22:00:29,237 - INFO - Prompt processing progress: 30720/200026
2026-10-02 22:00:31,116 - INFO - Prompt processing progress: 32768/200026
2026-10-02 22:00:33,053 - INFO - Prompt processing progress: 34816/200026
2026-10-02 22:00:35,042 - INFO - Prompt processing progress: 36864/200026
2026-10-02 22:00:37,076 - INFO - Prompt processing progress: 38912/200026
2026-10-02 22:00:39,168 - INFO - Prompt processing progress: 40960/200026
2026-10-02 22:00:41,317 - INFO - Prompt processing progress: 43008/200026
2026-10-02 22:00:43,516 - INFO - Prompt processing progress: 45056/200026
2026-10-02 22:00:45,770 - INFO - Prompt processing progress: 47104/200026
2026-10-02 22:00:48,086 - INFO - Prompt processing progress: 49152/200026
2026-10-02 22:00:50,484 - INFO - Prompt processing progress: 51200/200026
2026-10-02 22:00:52,939 - INFO - Prompt processing progress: 53248/200026
2026-10-02 22:00:55,446 - INFO - Prompt processing progress: 55296/200026
2026-10-02 22:00:58,006 - INFO - Prompt processing progress: 57344/200026
2026-10-02 22:01:00,636 - INFO - Prompt processing progress: 59392/200026
2026-10-02 22:01:03,331 - INFO - Prompt processing progress: 61440/200026
2026-10-02 22:01:06,075 - INFO - Prompt processing progress: 63488/200026
2026-10-02 22:01:08,884 - INFO - Prompt processing progress: 65536/200026
2026-10-02 22:01:11,744 - INFO - Prompt processing progress: 67584/200026
2026-10-02 22:01:14,666 - INFO - Prompt processing progress: 69632/200026
2026-10-02 22:01:17,639 - INFO - Prompt processing progress: 71680/200026
2026-10-02 22:01:20,661 - INFO - Prompt processing progress: 73728/200026
2026-10-02 22:01:23,731 - INFO - Prompt processing progress: 75776/200026
2026-10-02 22:01:26,873 - INFO - Prompt processing progress: 77824/200026
2026-10-02 22:01:30,054 - INFO - Prompt processing progress: 79872/200026
2026-10-02 22:01:33,284 - INFO - Prompt processing progress: 81920/200026
2026-10-02 22:01:36,586 - INFO - Prompt processing progress: 83968/200026
2026-10-02 22:01:39,944 - INFO - Prompt processing progress: 86016/200026
2026-10-02 22:01:43,350 - INFO - Prompt processing progress: 88064/200026
2026-10-02 22:01:46,797 - INFO - Prompt processing progress: 90112/200026
2026-10-02 22:01:50,327 - INFO - Prompt processing progress: 92160/200026
2026-10-02 22:01:53,890 - INFO - Prompt processing progress: 94208/200026
2026-10-02 22:01:57,499 - INFO - Prompt processing progress: 96256/200026
2026-10-02 22:02:01,171 - INFO - Prompt processing progress: 98304/200026
2026-10-02 22:02:04,893 - INFO - Prompt processing progress: 100352/200026
2026-10-02 22:02:08,677 - INFO - Prompt processing progress: 102400/200026
2026-10-02 22:02:12,493 - INFO - Prompt processing progress: 104448/200026
2026-10-02 22:02:16,378 - INFO - Prompt processing progress: 106496/200026
2026-10-02 22:02:20,341 - INFO - Prompt processing progress: 108544/200026
2026-10-02 22:02:24,335 - INFO - Prompt processing progress: 110592/200026
2026-10-02 22:02:28,407 - INFO - Prompt processing progress: 112640/200026
2026-10-02 22:02:32,506 - INFO - Prompt processing progress: 114688/200026
2026-10-02 22:02:36,654 - INFO - Prompt processing progress: 116736/200026
2026-10-02 22:02:40,857 - INFO - Prompt processing progress: 118784/200026
2026-10-02 22:02:45,110 - INFO - Prompt processing progress: 120832/200026
2026-10-02 22:02:49,451 - INFO - Prompt processing progress: 122880/200026
2026-10-02 22:02:53,840 - INFO - Prompt processing progress: 124928/200026
2026-10-02 22:02:58,272 - INFO - Prompt processing progress: 126976/200026
2026-10-02 22:03:02,754 - INFO - Prompt processing progress: 129024/200026
2026-10-02 22:03:07,265 - INFO - Prompt processing progress: 131072/200026
2026-10-02 22:03:11,843 - INFO - Prompt processing progress: 133120/200026
2026-10-02 22:03:16,479 - INFO - Prompt processing progress: 135168/200026
2026-10-02 22:03:21,174 - INFO - Prompt processing progress: 137216/200026
2026-10-02 22:03:25,949 - INFO - Prompt processing progress: 139264/200026
2026-10-02 22:03:30,730 - INFO - Prompt processing progress: 141312/200026
2026-10-02 22:03:35,559 - INFO - Prompt processing progress: 143360/200026
2026-10-02 22:03:40,462 - INFO - Prompt processing progress: 145408/200026
2026-10-02 22:03:45,443 - INFO - Prompt processing progress: 147456/200026
2026-10-02 22:03:50,468 - INFO - Prompt processing progress: 149504/200026
2026-10-02 22:03:55,551 - INFO - Prompt processing progress: 151552/200026
2026-10-02 22:04:00,667 - INFO - Prompt processing progress: 153600/200026
2026-10-02 22:04:05,874 - INFO - Prompt processing progress: 155648/200026
2026-10-02 22:04:11,121 - INFO - Prompt processing progress: 157696/200026
2026-10-02 22:04:16,419 - INFO - Prompt processing progress: 159744/200026
2026-10-02 22:04:21,780 - INFO - Prompt processing progress: 161792/200026
2026-10-02 22:04:27,156 - INFO - Prompt processing progress: 163840/200026
2026-10-02 22:04:32,617 - INFO - Prompt processing progress: 165888/200026
2026-10-02 22:04:38,140 - INFO - Prompt processing progress: 167936/200026
2026-10-02 22:04:43,735 - INFO - Prompt processing progress: 169984/200026
2026-10-02 22:04:49,354 - INFO - Prompt processing progress: 172032/200026
2026-10-02 22:04:55,030 - INFO - Prompt processing progress: 174080/200026
2026-10-02 22:05:00,738 - INFO - Prompt processing progress: 176128/200026
2026-10-02 22:05:06,567 - INFO - Prompt processing progress: 178176/200026
2026-10-02 22:05:12,430 - INFO - Prompt processing progress: 180224/200026
2026-10-02 22:05:18,320 - INFO - Prompt processing progress: 182272/200026
2026-10-02 22:05:24,308 - INFO - Prompt processing progress: 184320/200026
2026-10-02 22:05:30,329 - INFO - Prompt processing progress: 186368/200026
2026-10-02 22:05:36,414 - INFO - Prompt processing progress: 188416/200026
2026-10-02 22:05:42,540 - INFO - Prompt processing progress: 190464/200026
2026-10-02 22:06:00,211 - INFO - Prompt processing progress: 192512/200026
2026-10-02 22:06:15,353 - INFO - Prompt processing progress: 194560/200026
2026-10-02 22:06:33,105 - INFO - Prompt processing progress: 196608/200026
2026-10-02 22:06:49,464 - INFO - Prompt processing progress: 198656/200026
2026-10-02 22:06:54,149 - INFO - Prompt processing progress: 200025/200026
2026-10-02 22:06:54,286 - INFO - Prompt processing progress: 200026/200026
127.0.0.1 - - [02/Oct/2026 22:07:04] "POST /v1/chat/completions HTTP/1.1" 200 -
2026-10-02 22:07:04,971 - INFO - Prompt Cache: 0 sequences, 0.00 GB
2026-10-02 22:07:04,971 - INFO - - assistant: 0 sequences, 0.00 GB
2026-10-02 22:07:04,971 - INFO - - user: 0 sequences, 0.00 GB
2026-10-02 22:07:04,971 - INFO - - system: 0 sequences, 0.00 GB
2026-10-02 22:07:05,014 - INFO - Prompt processing progress: 0/200031
2026-10-02 22:07:07,513 - INFO - Prompt processing progress: 2048/200031
2026-10-02 22:07:08,698 - INFO - Prompt processing progress: 4096/200031
2026-10-02 22:07:09,919 - INFO - Prompt processing progress: 6144/200031
2026-10-02 22:07:11,186 - INFO - Prompt processing progress: 8192/200031
2026-10-02 22:07:12,512 - INFO - Prompt processing progress: 10240/200031
2026-10-02 22:07:13,874 - INFO - Prompt processing progress: 12288/200031
2026-10-02 22:07:15,304 - INFO - Prompt processing progress: 14336/200031
2026-10-02 22:07:16,777 - INFO - Prompt processing progress: 16384/200031
2026-10-02 22:07:18,315 - INFO - Prompt processing progress: 18432/200031
2026-10-02 22:07:19,896 - INFO - Prompt processing progress: 20480/200031
2026-10-02 22:07:21,527 - INFO - Prompt processing progress: 22528/200031
2026-10-02 22:07:23,205 - INFO - Prompt processing progress: 24576/200031
2026-10-02 22:07:24,940 - INFO - Prompt processing progress: 26624/200031
2026-10-02 22:07:26,721 - INFO - Prompt processing progress: 28672/200031
2026-10-02 22:07:28,546 - INFO - Prompt processing progress: 30720/200031
2026-10-02 22:07:30,429 - INFO - Prompt processing progress: 32768/200031
2026-10-02 22:07:32,350 - INFO - Prompt processing progress: 34816/200031
2026-10-02 22:07:34,347 - INFO - Prompt processing progress: 36864/200031
2026-10-02 22:07:36,402 - INFO - Prompt processing progress: 38912/200031
2026-10-02 22:07:38,492 - INFO - Prompt processing progress: 40960/200031
2026-10-02 22:07:40,623 - INFO - Prompt processing progress: 43008/200031
2026-10-02 22:07:42,822 - INFO - Prompt processing progress: 45056/200031
2026-10-02 22:07:45,072 - INFO - Prompt processing progress: 47104/200031
2026-10-02 22:07:47,386 - INFO - Prompt processing progress: 49152/200031
2026-10-02 22:07:49,745 - INFO - Prompt processing progress: 51200/200031
2026-10-02 22:07:52,183 - INFO - Prompt processing progress: 53248/200031
2026-10-02 22:07:54,692 - INFO - Prompt processing progress: 55296/200031
2026-10-02 22:07:57,257 - INFO - Prompt processing progress: 57344/200031
2026-10-02 22:07:59,875 - INFO - Prompt processing progress: 59392/200031
2026-10-02 22:08:02,583 - INFO - Prompt processing progress: 61440/200031
2026-10-02 22:08:05,332 - INFO - Prompt processing progress: 63488/200031
2026-10-02 22:08:08,110 - INFO - Prompt processing progress: 65536/200031
2026-10-02 22:08:10,968 - INFO - Prompt processing progress: 67584/200031
2026-10-02 22:08:13,887 - INFO - Prompt processing progress: 69632/200031
2026-10-02 22:08:16,874 - INFO - Prompt processing progress: 71680/200031
2026-10-02 22:08:19,911 - INFO - Prompt processing progress: 73728/200031
2026-10-02 22:08:22,976 - INFO - Prompt processing progress: 75776/200031
2026-10-02 22:08:26,114 - INFO - Prompt processing progress: 77824/200031
2026-10-02 22:08:29,299 - INFO - Prompt processing progress: 79872/200031
2026-10-02 22:08:32,533 - INFO - Prompt processing progress: 81920/200031
2026-10-02 22:08:35,837 - INFO - Prompt processing progress: 83968/200031
2026-10-02 22:08:39,172 - INFO - Prompt processing progress: 86016/200031
2026-10-02 22:08:42,572 - INFO - Prompt processing progress: 88064/200031
2026-10-02 22:08:46,019 - INFO - Prompt processing progress: 90112/200031
2026-10-02 22:08:49,530 - INFO - Prompt processing progress: 92160/200031
2026-10-02 22:08:53,061 - INFO - Prompt processing progress: 94208/200031
2026-10-02 22:08:56,672 - INFO - Prompt processing progress: 96256/200031
2026-10-02 22:09:00,372 - INFO - Prompt processing progress: 98304/200031
2026-10-02 22:09:04,094 - INFO - Prompt processing progress: 100352/200031
2026-10-02 22:09:07,875 - INFO - Prompt processing progress: 102400/200031
2026-10-02 22:09:11,700 - INFO - Prompt processing progress: 104448/200031
2026-10-02 22:09:15,603 - INFO - Prompt processing progress: 106496/200031
2026-10-02 22:09:19,585 - INFO - Prompt processing progress: 108544/200031
2026-10-02 22:09:23,571 - INFO - Prompt processing progress: 110592/200031
2026-10-02 22:09:27,613 - INFO - Prompt processing progress: 112640/200031
2026-10-02 22:09:31,721 - INFO - Prompt processing progress: 114688/200031
2026-10-02 22:09:35,890 - INFO - Prompt processing progress: 116736/200031
2026-10-02 22:09:40,094 - INFO - Prompt processing progress: 118784/200031
2026-10-02 22:09:44,370 - INFO - Prompt processing progress: 120832/200031
2026-10-02 22:09:48,705 - INFO - Prompt processing progress: 122880/200031
2026-10-02 22:09:53,076 - INFO - Prompt processing progress: 124928/200031
2026-10-02 22:09:57,540 - INFO - Prompt processing progress: 126976/200031
2026-10-02 22:10:02,035 - INFO - Prompt processing progress: 129024/200031
2026-10-02 22:10:06,519 - INFO - Prompt processing progress: 131072/200031
2026-10-02 22:10:11,117 - INFO - Prompt processing progress: 133120/200031
2026-10-02 22:10:15,757 - INFO - Prompt processing progress: 135168/200031
2026-10-02 22:10:20,508 - INFO - Prompt processing progress: 137216/200031
2026-10-02 22:10:25,263 - INFO - Prompt processing progress: 139264/200031
2026-10-02 22:10:30,045 - INFO - Prompt processing progress: 141312/200031
2026-10-02 22:10:34,912 - INFO - Prompt processing progress: 143360/200031
2026-10-02 22:10:39,825 - INFO - Prompt processing progress: 145408/200031
2026-10-02 22:10:44,776 - INFO - Prompt processing progress: 147456/200031
2026-10-02 22:10:49,837 - INFO - Prompt processing progress: 149504/200031
2026-10-02 22:10:54,934 - INFO - Prompt processing progress: 151552/200031
2026-10-02 22:11:00,051 - INFO - Prompt processing progress: 153600/200031
2026-10-02 22:11:05,285 - INFO - Prompt processing progress: 155648/200031
2026-10-02 22:11:10,545 - INFO - Prompt processing progress: 157696/200031
2026-10-02 22:11:15,833 - INFO - Prompt processing progress: 159744/200031
2026-10-02 22:11:21,197 - INFO - Prompt processing progress: 161792/200031
2026-10-02 22:11:26,565 - INFO - Prompt processing progress: 163840/200031
2026-10-02 22:11:32,002 - INFO - Prompt processing progress: 165888/200031
2026-10-02 22:11:37,524 - INFO - Prompt processing progress: 167936/200031
2026-10-02 22:11:43,103 - INFO - Prompt processing progress: 169984/200031
2026-10-02 22:11:48,737 - INFO - Prompt processing progress: 172032/200031
2026-10-02 22:11:54,416 - INFO - Prompt processing progress: 174080/200031
2026-10-02 22:12:00,129 - INFO - Prompt processing progress: 176128/200031
2026-10-02 22:12:05,941 - INFO - Prompt processing progress: 178176/200031
2026-10-02 22:12:11,789 - INFO - Prompt processing progress: 180224/200031
2026-10-02 22:12:17,716 - INFO - Prompt processing progress: 182272/200031
2026-10-02 22:12:23,708 - INFO - Prompt processing progress: 184320/200031
2026-10-02 22:12:29,716 - INFO - Prompt processing progress: 186368/200031
2026-10-02 22:12:35,771 - INFO - Prompt processing progress: 188416/200031
2026-10-02 22:12:41,872 - INFO - Prompt processing progress: 190464/200031
2026-10-02 22:12:56,718 - INFO - Prompt processing progress: 192512/200031
2026-10-02 22:13:11,766 - INFO - Prompt processing progress: 194560/200031
2026-10-02 22:13:26,855 - INFO - Prompt processing progress: 196608/200031
2026-10-02 22:13:45,789 - INFO - Prompt processing progress: 198656/200031
2026-10-02 22:13:50,371 - INFO - Prompt processing progress: 200030/200031
2026-10-02 22:13:50,534 - INFO - Prompt processing progress: 200031/200031
127.0.0.1 - - [02/Oct/2026 22:14:01] "POST /v1/chat/completions HTTP/1.1" 200 -
2026-10-02 22:14:01,113 - INFO - Prompt Cache: 0 sequences, 0.00 GB
2026-10-02 22:14:01,113 - INFO - - assistant: 0 sequences, 0.00 GB
2026-10-02 22:14:01,113 - INFO - - user: 0 sequences, 0.00 GB
2026-10-02 22:14:01,113 - INFO - - system: 0 sequences, 0.00 GB
2026-10-02 22:14:01,160 - INFO - Prompt processing progress: 0/200028
2026-10-02 22:14:03,883 - INFO - Prompt processing progress: 2048/200028
2026-10-02 22:14:05,068 - INFO - Prompt processing progress: 4096/200028
2026-10-02 22:14:06,290 - INFO - Prompt processing progress: 6144/200028
2026-10-02 22:14:07,552 - INFO - Prompt processing progress: 8192/200028
2026-10-02 22:14:08,877 - INFO - Prompt processing progress: 10240/200028
2026-10-02 22:14:10,243 - INFO - Prompt processing progress: 12288/200028
2026-10-02 22:14:11,674 - INFO - Prompt processing progress: 14336/200028
2026-10-02 22:14:13,158 - INFO - Prompt processing progress: 16384/200028
2026-10-02 22:14:14,690 - INFO - Prompt processing progress: 18432/200028
2026-10-02 22:14:16,266 - INFO - Prompt processing progress: 20480/200028
2026-10-02 22:14:17,892 - INFO - Prompt processing progress: 22528/200028
2026-10-02 22:14:19,568 - INFO - Prompt processing progress: 24576/200028
2026-10-02 22:14:21,304 - INFO - Prompt processing progress: 26624/200028
2026-10-02 22:14:23,079 - INFO - Prompt processing progress: 28672/200028
2026-10-02 22:14:24,907 - INFO - Prompt processing progress: 30720/200028
2026-10-02 22:14:26,784 - INFO - Prompt processing progress: 32768/200028
2026-10-02 22:14:28,734 - INFO - Prompt processing progress: 34816/200028
2026-10-02 22:14:30,737 - INFO - Prompt processing progress: 36864/200028
2026-10-02 22:14:32,768 - INFO - Prompt processing progress: 38912/200028
2026-10-02 22:14:34,858 - INFO - Prompt processing progress: 40960/200028
2026-10-02 22:14:37,004 - INFO - Prompt processing progress: 43008/200028
2026-10-02 22:14:39,218 - INFO - Prompt processing progress: 45056/200028
2026-10-02 22:14:41,480 - INFO - Prompt processing progress: 47104/200028
2026-10-02 22:14:43,780 - INFO - Prompt processing progress: 49152/200028
2026-10-02 22:14:46,149 - INFO - Prompt processing progress: 51200/200028
2026-10-02 22:14:48,582 - INFO - Prompt processing progress: 53248/200028
2026-10-02 22:14:51,078 - INFO - Prompt processing progress: 55296/200028
2026-10-02 22:14:53,644 - INFO - Prompt processing progress: 57344/200028
2026-10-02 22:14:56,281 - INFO - Prompt processing progress: 59392/200028
2026-10-02 22:14:58,964 - INFO - Prompt processing progress: 61440/200028
2026-10-02 22:15:01,719 - INFO - Prompt processing progress: 63488/200028
2026-10-02 22:15:04,507 - INFO - Prompt processing progress: 65536/200028
2026-10-02 22:15:07,378 - INFO - Prompt processing progress: 67584/200028
2026-10-02 22:15:10,303 - INFO - Prompt processing progress: 69632/200028
2026-10-02 22:15:13,294 - INFO - Prompt processing progress: 71680/200028
2026-10-02 22:15:16,323 - INFO - Prompt processing progress: 73728/200028
2026-10-02 22:15:19,396 - INFO - Prompt processing progress: 75776/200028
2026-10-02 22:15:22,546 - INFO - Prompt processing progress: 77824/200028
2026-10-02 22:15:25,730 - INFO - Prompt processing progress: 79872/200028
2026-10-02 22:15:28,978 - INFO - Prompt processing progress: 81920/200028
2026-10-02 22:15:32,288 - INFO - Prompt processing progress: 83968/200028
2026-10-02 22:15:35,653 - INFO - Prompt processing progress: 86016/200028
2026-10-02 22:15:39,045 - INFO - Prompt processing progress: 88064/200028
2026-10-02 22:15:42,489 - INFO - Prompt processing progress: 90112/200028
2026-10-02 22:15:46,003 - INFO - Prompt processing progress: 92160/200028
2026-10-02 22:15:49,546 - INFO - Prompt processing progress: 94208/200028
2026-10-02 22:15:53,166 - INFO - Prompt processing progress: 96256/200028
2026-10-02 22:15:56,823 - INFO - Prompt processing progress: 98304/200028
2026-10-02 22:16:00,558 - INFO - Prompt processing progress: 100352/200028
2026-10-02 22:16:04,321 - INFO - Prompt processing progress: 102400/200028
2026-10-02 22:16:08,175 - INFO - Prompt processing progress: 104448/200028
2026-10-02 22:16:12,065 - INFO - Prompt processing progress: 106496/200028
2026-10-02 22:16:15,986 - INFO - Prompt processing progress: 108544/200028
2026-10-02 22:16:19,976 - INFO - Prompt processing progress: 110592/200028
2026-10-02 22:16:24,042 - INFO - Prompt processing progress: 112640/200028
2026-10-02 22:16:28,150 - INFO - Prompt processing progress: 114688/200028
2026-10-02 22:16:32,281 - INFO - Prompt processing progress: 116736/200028
2026-10-02 22:16:36,495 - INFO - Prompt processing progress: 118784/200028
2026-10-02 22:16:40,747 - INFO - Prompt processing progress: 120832/200028
2026-10-02 22:16:45,069 - INFO - Prompt processing progress: 122880/200028
2026-10-02 22:16:49,447 - INFO - Prompt processing progress: 124928/200028
2026-10-02 22:16:53,852 - INFO - Prompt processing progress: 126976/200028
2026-10-02 22:16:58,313 - INFO - Prompt processing progress: 129024/200028
2026-10-02 22:17:02,803 - INFO - Prompt processing progress: 131072/200028
2026-10-02 22:17:07,370 - INFO - Prompt processing progress: 133120/200028
2026-10-02 22:17:12,030 - INFO - Prompt processing progress: 135168/200028
2026-10-02 22:17:16,748 - INFO - Prompt processing progress: 137216/200028
2026-10-02 22:17:21,541 - INFO - Prompt processing progress: 139264/200028
2026-10-02 22:17:26,386 - INFO - Prompt processing progress: 141312/200028
2026-10-02 22:17:31,253 - INFO - Prompt processing progress: 143360/200028
2026-10-02 22:17:36,190 - INFO - Prompt processing progress: 145408/200028
2026-10-02 22:17:41,168 - INFO - Prompt processing progress: 147456/200028
2026-10-02 22:17:46,167 - INFO - Prompt processing progress: 149504/200028
2026-10-02 22:17:51,211 - INFO - Prompt processing progress: 151552/200028
2026-10-02 22:17:56,316 - INFO - Prompt processing progress: 153600/200028
2026-10-02 22:18:01,532 - INFO - Prompt processing progress: 155648/200028
2026-10-02 22:18:06,782 - INFO - Prompt processing progress: 157696/200028
2026-10-02 22:18:12,070 - INFO - Prompt processing progress: 159744/200028
2026-10-02 22:18:17,436 - INFO - Prompt processing progress: 161792/200028
2026-10-02 22:18:22,806 - INFO - Prompt processing progress: 163840/200028
2026-10-02 22:18:28,236 - INFO - Prompt processing progress: 165888/200028
2026-10-02 22:18:33,746 - INFO - Prompt processing progress: 167936/200028
2026-10-02 22:18:39,327 - INFO - Prompt processing progress: 169984/200028
2026-10-02 22:18:44,960 - INFO - Prompt processing progress: 172032/200028
2026-10-02 22:18:50,671 - INFO - Prompt processing progress: 174080/200028
2026-10-02 22:18:56,351 - INFO - Prompt processing progress: 176128/200028
2026-10-02 22:19:02,151 - INFO - Prompt processing progress: 178176/200028
2026-10-02 22:19:08,011 - INFO - Prompt processing progress: 180224/200028
2026-10-02 22:19:13,878 - INFO - Prompt processing progress: 182272/200028
2026-10-02 22:19:19,857 - INFO - Prompt processing progress: 184320/200028
2026-10-02 22:19:25,849 - INFO - Prompt processing progress: 186368/200028
2026-10-02 22:19:31,880 - INFO - Prompt processing progress: 188416/200028
2026-10-02 22:19:37,976 - INFO - Prompt processing progress: 190464/200028
2026-10-02 22:19:52,912 - INFO - Prompt processing progress: 192512/200028
2026-10-02 22:20:10,395 - INFO - Prompt processing progress: 194560/200028
2026-10-02 22:20:25,475 - INFO - Prompt processing progress: 196608/200028
2026-10-02 22:20:43,186 - INFO - Prompt processing progress: 198656/200028
2026-10-02 22:20:47,852 - INFO - Prompt processing progress: 200027/200028
2026-10-02 22:20:47,988 - INFO - Prompt processing progress: 200028/200028
