<M5_REPO>/vendor/vlm-runtime/.venv/lib/python3.12/site-packages/mlx_lm/server.py:1723: UserWarning: mlx_lm.server is not recommended for production as it only implements basic security checks.
  warnings.warn(
2026-10-02 18:53:57,708 - INFO - Starting httpd at 127.0.0.1 on port 18185...
127.0.0.1 - - [02/Oct/2026 18:53:58] "GET /v1/models HTTP/1.1" 200 -
[transformers] You are using a model of type `mimo_v2` to instantiate a model of type ``. This may be expected if you are loading a checkpoint that shares a subset of the architecture (e.g., loading a `sam2_video` checkpoint into `Sam2Model`), but is otherwise not supported and can yield errors. Please verify that the checkpoint is compatible with the model you are instantiating.
127.0.0.1 - - [02/Oct/2026 18:54:08] "POST /v1/chat/completions HTTP/1.1" 200 -
2026-10-02 18:54:08,957 - INFO - Prompt Cache: 0 sequences, 0.00 GB
2026-10-02 18:54:08,957 - INFO - - assistant: 0 sequences, 0.00 GB
2026-10-02 18:54:08,957 - INFO - - user: 0 sequences, 0.00 GB
2026-10-02 18:54:08,957 - INFO - - system: 0 sequences, 0.00 GB
2026-10-02 18:54:09,004 - INFO - Prompt processing progress: 0/200008
2026-10-02 18:54:14,053 - INFO - Prompt processing progress: 2048/200008
2026-10-02 18:54:15,218 - INFO - Prompt processing progress: 4096/200008
2026-10-02 18:54:16,427 - INFO - Prompt processing progress: 6144/200008
2026-10-02 18:54:17,679 - INFO - Prompt processing progress: 8192/200008
2026-10-02 18:54:18,979 - INFO - Prompt processing progress: 10240/200008
2026-10-02 18:54:20,328 - INFO - Prompt processing progress: 12288/200008
2026-10-02 18:54:21,724 - INFO - Prompt processing progress: 14336/200008
2026-10-02 18:54:23,161 - INFO - Prompt processing progress: 16384/200008
2026-10-02 18:54:24,652 - INFO - Prompt processing progress: 18432/200008
2026-10-02 18:54:26,180 - INFO - Prompt processing progress: 20480/200008
2026-10-02 18:54:27,756 - INFO - Prompt processing progress: 22528/200008
2026-10-02 18:54:29,372 - INFO - Prompt processing progress: 24576/200008
2026-10-02 18:54:31,045 - INFO - Prompt processing progress: 26624/200008
2026-10-02 18:54:32,763 - INFO - Prompt processing progress: 28672/200008
2026-10-02 18:54:34,524 - INFO - Prompt processing progress: 30720/200008
2026-10-02 18:54:36,327 - INFO - Prompt processing progress: 32768/200008
2026-10-02 18:54:38,175 - INFO - Prompt processing progress: 34816/200008
2026-10-02 18:54:40,073 - INFO - Prompt processing progress: 36864/200008
2026-10-02 18:54:42,025 - INFO - Prompt processing progress: 38912/200008
2026-10-02 18:54:44,027 - INFO - Prompt processing progress: 40960/200008
2026-10-02 18:54:46,080 - INFO - Prompt processing progress: 43008/200008
2026-10-02 18:54:48,191 - INFO - Prompt processing progress: 45056/200008
2026-10-02 18:54:50,352 - INFO - Prompt processing progress: 47104/200008
2026-10-02 18:54:52,554 - INFO - Prompt processing progress: 49152/200008
2026-10-02 18:54:54,821 - INFO - Prompt processing progress: 51200/200008
2026-10-02 18:54:57,156 - INFO - Prompt processing progress: 53248/200008
2026-10-02 18:54:59,546 - INFO - Prompt processing progress: 55296/200008
2026-10-02 18:55:01,988 - INFO - Prompt processing progress: 57344/200008
2026-10-02 18:55:04,500 - INFO - Prompt processing progress: 59392/200008
2026-10-02 18:55:07,079 - INFO - Prompt processing progress: 61440/200008
2026-10-02 18:55:09,708 - INFO - Prompt processing progress: 63488/200008
2026-10-02 18:55:12,386 - INFO - Prompt processing progress: 65536/200008
2026-10-02 18:55:15,128 - INFO - Prompt processing progress: 67584/200008
2026-10-02 18:55:17,945 - INFO - Prompt processing progress: 69632/200008
2026-10-02 18:55:20,812 - INFO - Prompt processing progress: 71680/200008
2026-10-02 18:55:23,714 - INFO - Prompt processing progress: 73728/200008
2026-10-02 18:55:26,662 - INFO - Prompt processing progress: 75776/200008
2026-10-02 18:55:29,667 - INFO - Prompt processing progress: 77824/200008
2026-10-02 18:55:32,719 - INFO - Prompt processing progress: 79872/200008
2026-10-02 18:55:35,813 - INFO - Prompt processing progress: 81920/200008
2026-10-02 18:55:38,973 - INFO - Prompt processing progress: 83968/200008
2026-10-02 18:55:42,194 - INFO - Prompt processing progress: 86016/200008
2026-10-02 18:55:45,456 - INFO - Prompt processing progress: 88064/200008
2026-10-02 18:55:48,780 - INFO - Prompt processing progress: 90112/200008
2026-10-02 18:55:52,172 - INFO - Prompt processing progress: 92160/200008
2026-10-02 18:55:55,596 - INFO - Prompt processing progress: 94208/200008
2026-10-02 18:55:59,081 - INFO - Prompt processing progress: 96256/200008
2026-10-02 18:56:02,631 - INFO - Prompt processing progress: 98304/200008
2026-10-02 18:56:06,216 - INFO - Prompt processing progress: 100352/200008
2026-10-02 18:56:09,843 - INFO - Prompt processing progress: 102400/200008
2026-10-02 18:56:13,535 - INFO - Prompt processing progress: 104448/200008
2026-10-02 18:56:17,307 - INFO - Prompt processing progress: 106496/200008
2026-10-02 18:56:21,092 - INFO - Prompt processing progress: 108544/200008
2026-10-02 18:56:24,948 - INFO - Prompt processing progress: 110592/200008
2026-10-02 18:56:28,847 - INFO - Prompt processing progress: 112640/200008
2026-10-02 18:56:32,811 - INFO - Prompt processing progress: 114688/200008
2026-10-02 18:56:36,814 - INFO - Prompt processing progress: 116736/200008
2026-10-02 18:56:40,877 - INFO - Prompt processing progress: 118784/200008
2026-10-02 18:56:44,965 - INFO - Prompt processing progress: 120832/200008
2026-10-02 18:56:49,152 - INFO - Prompt processing progress: 122880/200008
2026-10-02 18:56:53,398 - INFO - Prompt processing progress: 124928/200008
2026-10-02 18:56:57,649 - INFO - Prompt processing progress: 126976/200008
2026-10-02 18:57:01,962 - INFO - Prompt processing progress: 129024/200008
2026-10-02 18:57:06,317 - INFO - Prompt processing progress: 131072/200008
2026-10-02 18:57:10,737 - INFO - Prompt processing progress: 133120/200008
2026-10-02 18:57:15,216 - INFO - Prompt processing progress: 135168/200008
2026-10-02 18:57:19,790 - INFO - Prompt processing progress: 137216/200008
2026-10-02 18:57:24,402 - INFO - Prompt processing progress: 139264/200008
2026-10-02 18:57:29,028 - INFO - Prompt processing progress: 141312/200008
2026-10-02 18:57:33,719 - INFO - Prompt processing progress: 143360/200008
2026-10-02 18:57:38,464 - INFO - Prompt processing progress: 145408/200008
2026-10-02 18:57:43,268 - INFO - Prompt processing progress: 147456/200008
2026-10-02 18:57:48,117 - INFO - Prompt processing progress: 149504/200008
2026-10-02 18:57:53,030 - INFO - Prompt processing progress: 151552/200008
2026-10-02 18:57:57,988 - INFO - Prompt processing progress: 153600/200008
2026-10-02 18:58:03,027 - INFO - Prompt processing progress: 155648/200008
2026-10-02 18:58:08,106 - INFO - Prompt processing progress: 157696/200008
2026-10-02 18:58:13,209 - INFO - Prompt processing progress: 159744/200008
2026-10-02 18:58:18,380 - INFO - Prompt processing progress: 161792/200008
2026-10-02 18:58:23,614 - INFO - Prompt processing progress: 163840/200008
2026-10-02 18:58:28,908 - INFO - Prompt processing progress: 165888/200008
2026-10-02 18:58:34,248 - INFO - Prompt processing progress: 167936/200008
2026-10-02 18:58:39,650 - INFO - Prompt processing progress: 169984/200008
2026-10-02 18:58:45,092 - INFO - Prompt processing progress: 172032/200008
2026-10-02 18:58:50,633 - INFO - Prompt processing progress: 174080/200008
2026-10-02 18:58:56,177 - INFO - Prompt processing progress: 176128/200008
2026-10-02 18:59:01,818 - INFO - Prompt processing progress: 178176/200008
2026-10-02 18:59:07,495 - INFO - Prompt processing progress: 180224/200008
2026-10-02 18:59:13,228 - INFO - Prompt processing progress: 182272/200008
2026-10-02 18:59:19,045 - INFO - Prompt processing progress: 184320/200008
2026-10-02 18:59:24,880 - INFO - Prompt processing progress: 186368/200008
2026-10-02 18:59:30,770 - INFO - Prompt processing progress: 188416/200008
2026-10-02 18:59:36,684 - INFO - Prompt processing progress: 190464/200008
2026-10-02 18:59:50,206 - INFO - Prompt processing progress: 192512/200008
2026-10-02 19:00:03,834 - INFO - Prompt processing progress: 194560/200008
2026-10-02 19:00:17,364 - INFO - Prompt processing progress: 196608/200008
2026-10-02 19:00:30,936 - INFO - Prompt processing progress: 198656/200008
2026-10-02 19:00:35,398 - INFO - Prompt processing progress: 200007/200008
2026-10-02 19:00:35,528 - INFO - Prompt processing progress: 200008/200008
127.0.0.1 - - [02/Oct/2026 19:00:36] "POST /v1/chat/completions HTTP/1.1" 200 -
2026-10-02 19:00:36,185 - INFO - Prompt Cache: 1 sequences, 4.64 GB
2026-10-02 19:00:36,186 - INFO - - assistant: 1 sequences, 4.64 GB
2026-10-02 19:00:36,186 - INFO - - user: 0 sequences, 0.00 GB
2026-10-02 19:00:36,186 - INFO - - system: 0 sequences, 0.00 GB
2026-10-02 19:00:36,243 - INFO - Prompt processing progress: 0/3646
2026-10-02 19:00:50,446 - INFO - Prompt processing progress: 2048/3646
2026-10-02 19:00:55,366 - INFO - Prompt processing progress: 3645/3646
2026-10-02 19:00:55,519 - INFO - Prompt processing progress: 3646/3646
127.0.0.1 - - [02/Oct/2026 19:00:56] "POST /v1/chat/completions HTTP/1.1" 200 -
2026-10-02 19:00:56,123 - INFO - Prompt Cache: 1 sequences, 4.72 GB
2026-10-02 19:00:56,123 - INFO - - assistant: 1 sequences, 4.72 GB
2026-10-02 19:00:56,123 - INFO - - user: 0 sequences, 0.00 GB
2026-10-02 19:00:56,123 - INFO - - system: 0 sequences, 0.00 GB
2026-10-02 19:00:56,182 - INFO - Prompt processing progress: 0/3513
2026-10-02 19:01:10,578 - INFO - Prompt processing progress: 2048/3513
2026-10-02 19:01:15,497 - INFO - Prompt processing progress: 3512/3513
2026-10-02 19:01:15,630 - INFO - Prompt processing progress: 3513/3513
127.0.0.1 - - [02/Oct/2026 19:01:43] "POST /v1/chat/completions HTTP/1.1" 200 -
2026-10-02 19:01:43,849 - INFO - Prompt Cache: 1 sequences, 4.82 GB
2026-10-02 19:01:43,849 - INFO - - assistant: 1 sequences, 4.82 GB
2026-10-02 19:01:43,849 - INFO - - user: 0 sequences, 0.00 GB
2026-10-02 19:01:43,849 - INFO - - system: 0 sequences, 0.00 GB
2026-10-02 19:01:43,907 - INFO - Prompt processing progress: 0/21
2026-10-02 19:01:44,153 - INFO - Prompt processing progress: 20/21
2026-10-02 19:01:44,214 - INFO - Prompt processing progress: 21/21
127.0.0.1 - - [02/Oct/2026 19:01:50] "POST /v1/chat/completions HTTP/1.1" 200 -
2026-10-02 19:01:50,291 - INFO - Prompt Cache: 1 sequences, 4.83 GB
2026-10-02 19:01:50,291 - INFO - - assistant: 1 sequences, 4.83 GB
2026-10-02 19:01:50,291 - INFO - - user: 0 sequences, 0.00 GB
2026-10-02 19:01:50,291 - INFO - - system: 0 sequences, 0.00 GB
2026-10-02 19:01:50,348 - INFO - Prompt processing progress: 0/21
2026-10-02 19:01:50,600 - INFO - Prompt processing progress: 20/21
2026-10-02 19:01:50,654 - INFO - Prompt processing progress: 21/21
127.0.0.1 - - [02/Oct/2026 19:01:59] "POST /v1/chat/completions HTTP/1.1" 200 -
2026-10-02 19:01:59,941 - INFO - Prompt Cache: 1 sequences, 4.84 GB
2026-10-02 19:01:59,942 - INFO - - assistant: 1 sequences, 4.84 GB
2026-10-02 19:01:59,942 - INFO - - user: 0 sequences, 0.00 GB
2026-10-02 19:01:59,942 - INFO - - system: 0 sequences, 0.00 GB
2026-10-02 19:01:59,999 - INFO - Prompt processing progress: 0/21
2026-10-02 19:02:00,252 - INFO - Prompt processing progress: 20/21
2026-10-02 19:02:00,307 - INFO - Prompt processing progress: 21/21
127.0.0.1 - - [02/Oct/2026 19:02:09] "POST /v1/chat/completions HTTP/1.1" 200 -
2026-10-02 19:02:09,558 - INFO - Prompt Cache: 1 sequences, 4.85 GB
2026-10-02 19:02:09,558 - INFO - - assistant: 1 sequences, 4.85 GB
2026-10-02 19:02:09,558 - INFO - - user: 0 sequences, 0.00 GB
2026-10-02 19:02:09,558 - INFO - - system: 0 sequences, 0.00 GB
2026-10-02 19:02:09,616 - INFO - Prompt processing progress: 0/21
2026-10-02 19:02:09,854 - INFO - Prompt processing progress: 20/21
2026-10-02 19:02:09,914 - INFO - Prompt processing progress: 21/21
127.0.0.1 - - [02/Oct/2026 19:02:17] "POST /v1/chat/completions HTTP/1.1" 200 -
2026-10-02 19:02:17,948 - INFO - Prompt Cache: 1 sequences, 4.85 GB
2026-10-02 19:02:17,948 - INFO - - assistant: 1 sequences, 4.85 GB
2026-10-02 19:02:17,948 - INFO - - user: 0 sequences, 0.00 GB
2026-10-02 19:02:17,948 - INFO - - system: 0 sequences, 0.00 GB
2026-10-02 19:02:18,010 - INFO - Prompt processing progress: 0/21
2026-10-02 19:02:18,247 - INFO - Prompt processing progress: 20/21
2026-10-02 19:02:18,309 - INFO - Prompt processing progress: 21/21
