ds4: Metal device Apple M5 Ultra, 256.00 GiB RAM
ds4: Metal 4 tensor API enabled for Tensor kernels
ds4: drift-patch flags hc_stable=on norm_unify=on kv_raw_f32=off rope_exp2_log2=off math_safe=off tensor_matmul=on
ds4: Metal model views created in 5.400 ms, residency requested in 793.661 ms, warmup 5.865 ms (mapped 157001.67 MiB from offset 5.09 MiB)
ds4: Metal mapped mmaped model as 1 overlapping shared buffers
ds4: metal backend initialized for graph diagnostics
ds4: memory: KV 2.20 GiB (raw 0.19 + compressed 2.01) + buffers 1.00 GiB + resident model 153.32 GiB = 156.52 GiB planned
ds4: memory detail: ctx=262144 prefill_cap=2048 raw_kv_rows=2304 compressed_kv_rows=65538 backend=metal
1003 01:58:33 ds4-server: context buffers 3274.64 MiB (ctx=262144, backend=metal, prefill_chunk=2048, raw_kv_rows=2304, compressed_kv_rows=65538)
1003 01:58:33 ds4-server: listening on http://127.0.0.1:18185
1003 01:58:33 ds4-server: chat ctx=0..200001:200001 prompt start
1003 01:58:33 ds4-server: chat ctx=0..200001:200001 prefill chunk 0/200001 (0.0%) chunk=0.00 t/s avg=0.00 t/s 0.000s
1003 01:58:35 ds4-server: chat ctx=0..200001:200001 prefill chunk 2048/200001 (1.0%) chunk=1001.90 t/s avg=1001.82 t/s 2.044s
1003 01:58:37 ds4-server: chat ctx=0..200001:200001 prefill chunk 4096/200001 (2.0%) chunk=956.15 t/s avg=978.45 t/s 4.186s
1003 01:58:39 ds4-server: chat ctx=0..200001:200001 prefill chunk 6144/200001 (3.1%) chunk=953.76 t/s avg=970.08 t/s 6.333s
1003 01:58:41 ds4-server: chat ctx=0..200001:200001 prefill chunk 8192/200001 (4.1%) chunk=949.64 t/s avg=964.89 t/s 8.490s
1003 01:58:44 ds4-server: chat ctx=0..200001:200001 prefill chunk 10240/200001 (5.1%) chunk=932.92 t/s avg=958.32 t/s 10.685s
1003 01:58:46 ds4-server: chat ctx=0..200001:200001 prefill chunk 12288/200001 (6.1%) chunk=927.63 t/s avg=953.06 t/s 12.893s
1003 01:58:48 ds4-server: chat ctx=0..200001:200001 prefill chunk 14336/200001 (7.2%) chunk=919.26 t/s avg=948.08 t/s 15.121s
1003 01:58:50 ds4-server: chat ctx=0..200001:200001 prefill chunk 16384/200001 (8.2%) chunk=915.85 t/s avg=943.93 t/s 17.357s
1003 01:58:53 ds4-server: chat ctx=0..200001:200001 prefill chunk 18432/200001 (9.2%) chunk=905.59 t/s avg=939.51 t/s 19.619s
1003 01:58:55 ds4-server: chat ctx=0..200001:200001 prefill chunk 20480/200001 (10.2%) chunk=897.55 t/s avg=935.14 t/s 21.900s
1003 01:58:57 ds4-server: chat ctx=0..200001:200001 prefill chunk 22528/200001 (11.3%) chunk=890.11 t/s avg=930.86 t/s 24.201s
1003 01:58:59 ds4-server: chat ctx=0..200001:200001 prefill chunk 24576/200001 (12.3%) chunk=884.60 t/s avg=926.82 t/s 26.516s
1003 01:59:02 ds4-server: chat ctx=0..200001:200001 prefill chunk 26624/200001 (13.3%) chunk=870.44 t/s avg=922.23 t/s 28.869s
1003 01:59:04 ds4-server: chat ctx=0..200001:200001 prefill chunk 28672/200001 (14.3%) chunk=867.11 t/s avg=918.06 t/s 31.231s
1003 01:59:07 ds4-server: chat ctx=0..200001:200001 prefill chunk 30720/200001 (15.4%) chunk=859.42 t/s avg=913.90 t/s 33.614s
1003 01:59:09 ds4-server: chat ctx=0..200001:200001 prefill chunk 32768/200001 (16.4%) chunk=855.26 t/s avg=910.00 t/s 36.009s
1003 01:59:11 ds4-server: chat ctx=0..200001:200001 prefill chunk 34816/200001 (17.4%) chunk=840.11 t/s avg=905.57 t/s 38.447s
1003 01:59:14 ds4-server: chat ctx=0..200001:200001 prefill chunk 36864/200001 (18.4%) chunk=835.96 t/s avg=901.40 t/s 40.896s
1003 01:59:16 ds4-server: chat ctx=0..200001:200001 prefill chunk 38912/200001 (19.5%) chunk=828.15 t/s avg=897.22 t/s 43.369s
1003 01:59:19 ds4-server: chat ctx=0..200001:200001 prefill chunk 40960/200001 (20.5%) chunk=823.83 t/s avg=893.24 t/s 45.855s
1003 01:59:21 ds4-server: chat ctx=0..200001:200001 prefill chunk 43008/200001 (21.5%) chunk=811.64 t/s avg=888.99 t/s 48.379s
1003 01:59:24 ds4-server: chat ctx=0..200001:200001 prefill chunk 45056/200001 (22.5%) chunk=807.84 t/s avg=884.95 t/s 50.914s
1003 01:59:26 ds4-server: chat ctx=0..200001:200001 prefill chunk 47104/200001 (23.6%) chunk=801.75 t/s avg=880.97 t/s 53.468s
1003 01:59:29 ds4-server: chat ctx=0..200001:200001 prefill chunk 49152/200001 (24.6%) chunk=799.55 t/s avg=877.25 t/s 56.030s
1003 01:59:32 ds4-server: chat ctx=0..200001:200001 prefill chunk 51200/200001 (25.6%) chunk=787.65 t/s avg=873.28 t/s 58.630s
1003 01:59:34 ds4-server: chat ctx=0..200001:200001 prefill chunk 53248/200001 (26.6%) chunk=782.65 t/s avg=869.40 t/s 61.247s
1003 01:59:37 ds4-server: chat ctx=0..200001:200001 prefill chunk 55296/200001 (27.6%) chunk=778.66 t/s avg=865.67 t/s 63.877s
1003 01:59:39 ds4-server: chat ctx=0..200001:200001 prefill chunk 57344/200001 (28.7%) chunk=774.43 t/s avg=862.04 t/s 66.521s
1003 01:59:42 ds4-server: chat ctx=0..200001:200001 prefill chunk 59392/200001 (29.7%) chunk=762.32 t/s avg=858.17 t/s 69.208s
1003 01:59:45 ds4-server: chat ctx=0..200001:200001 prefill chunk 61440/200001 (30.7%) chunk=758.50 t/s avg=854.43 t/s 71.908s
1003 01:59:48 ds4-server: chat ctx=0..200001:200001 prefill chunk 63488/200001 (31.7%) chunk=753.89 t/s avg=850.77 t/s 74.624s
1003 01:59:50 ds4-server: chat ctx=0..200001:200001 prefill chunk 65536/200001 (32.8%) chunk=751.00 t/s avg=847.25 t/s 77.351s
1003 01:59:53 ds4-server: chat ctx=0..200001:200001 prefill chunk 67584/200001 (33.8%) chunk=738.00 t/s avg=843.47 t/s 80.127s
1003 01:59:56 ds4-server: chat ctx=0..200001:200001 prefill chunk 69632/200001 (34.8%) chunk=734.18 t/s avg=839.79 t/s 82.916s
1003 01:59:59 ds4-server: chat ctx=0..200001:200001 prefill chunk 71680/200001 (35.8%) chunk=729.38 t/s avg=836.17 t/s 85.724s
1003 02:00:01 ds4-server: chat ctx=0..200001:200001 prefill chunk 73728/200001 (36.9%) chunk=725.79 t/s avg=832.66 t/s 88.546s
1003 02:00:04 ds4-server: chat ctx=0..200001:200001 prefill chunk 75776/200001 (37.9%) chunk=714.60 t/s avg=828.95 t/s 91.412s
1003 02:00:07 ds4-server: chat ctx=0..200001:200001 prefill chunk 77824/200001 (38.9%) chunk=713.38 t/s avg=825.44 t/s 94.282s
1003 02:00:10 ds4-server: chat ctx=0..200001:200001 prefill chunk 79872/200001 (39.9%) chunk=707.83 t/s avg=821.93 t/s 97.176s
1003 02:00:13 ds4-server: chat ctx=0..200001:200001 prefill chunk 81920/200001 (41.0%) chunk=705.38 t/s avg=818.55 t/s 100.079s
1003 02:00:16 ds4-server: chat ctx=0..200001:200001 prefill chunk 83968/200001 (42.0%) chunk=695.79 t/s avg=815.04 t/s 103.023s
1003 02:00:19 ds4-server: chat ctx=0..200001:200001 prefill chunk 86016/200001 (43.0%) chunk=693.45 t/s avg=811.66 t/s 105.976s
1003 02:00:22 ds4-server: chat ctx=0..200001:200001 prefill chunk 88064/200001 (44.0%) chunk=687.74 t/s avg=808.27 t/s 108.954s
1003 02:00:25 ds4-server: chat ctx=0..200001:200001 prefill chunk 90112/200001 (45.1%) chunk=686.52 t/s avg=805.02 t/s 111.937s
1003 02:00:28 ds4-server: chat ctx=0..200001:200001 prefill chunk 92160/200001 (46.1%) chunk=676.16 t/s avg=801.63 t/s 114.966s
1003 02:00:31 ds4-server: chat ctx=0..200001:200001 prefill chunk 94208/200001 (47.1%) chunk=675.28 t/s avg=798.38 t/s 117.999s
1003 02:00:34 ds4-server: chat ctx=0..200001:200001 prefill chunk 96256/200001 (48.1%) chunk=670.23 t/s avg=795.15 t/s 121.054s
1003 02:00:37 ds4-server: chat ctx=0..200001:200001 prefill chunk 98304/200001 (49.2%) chunk=668.34 t/s avg=792.02 t/s 124.119s
1003 02:00:40 ds4-server: chat ctx=0..200001:200001 prefill chunk 100352/200001 (50.2%) chunk=658.65 t/s avg=788.76 t/s 127.228s
1003 02:00:43 ds4-server: chat ctx=0..200001:200001 prefill chunk 102400/200001 (51.2%) chunk=657.22 t/s avg=785.61 t/s 130.344s
1003 02:00:46 ds4-server: chat ctx=0..200001:200001 prefill chunk 104448/200001 (52.2%) chunk=652.28 t/s avg=782.48 t/s 133.484s
1003 02:00:50 ds4-server: chat ctx=0..200001:200001 prefill chunk 106496/200001 (53.2%) chunk=650.47 t/s avg=779.43 t/s 136.632s
1003 02:00:53 ds4-server: chat ctx=0..200001:200001 prefill chunk 108544/200001 (54.3%) chunk=642.01 t/s avg=776.30 t/s 139.822s
1003 02:00:56 ds4-server: chat ctx=0..200001:200001 prefill chunk 110592/200001 (55.3%) chunk=639.96 t/s avg=773.25 t/s 143.023s
1003 02:00:59 ds4-server: chat ctx=0..200001:200001 prefill chunk 112640/200001 (56.3%) chunk=634.91 t/s avg=770.20 t/s 146.248s
1003 02:01:02 ds4-server: chat ctx=0..200001:200001 prefill chunk 114688/200001 (57.3%) chunk=633.60 t/s avg=767.24 t/s 149.481s
1003 02:01:06 ds4-server: chat ctx=0..200001:200001 prefill chunk 116736/200001 (58.4%) chunk=625.66 t/s avg=764.21 t/s 152.754s
1003 02:01:09 ds4-server: chat ctx=0..200001:200001 prefill chunk 118784/200001 (59.4%) chunk=624.65 t/s avg=761.28 t/s 156.033s
1003 02:01:12 ds4-server: chat ctx=0..200001:200001 prefill chunk 120832/200001 (60.4%) chunk=619.18 t/s avg=758.33 t/s 159.340s
1003 02:01:16 ds4-server: chat ctx=0..200001:200001 prefill chunk 122880/200001 (61.4%) chunk=618.85 t/s avg=755.49 t/s 162.650s
1003 02:01:19 ds4-server: chat ctx=0..200001:200001 prefill chunk 124928/200001 (62.5%) chunk=610.78 t/s avg=752.57 t/s 166.003s
1003 02:01:22 ds4-server: chat ctx=0..200001:200001 prefill chunk 126976/200001 (63.5%) chunk=608.61 t/s avg=749.71 t/s 169.368s
1003 02:01:26 ds4-server: chat ctx=0..200001:200001 prefill chunk 129024/200001 (64.5%) chunk=604.67 t/s avg=746.86 t/s 172.755s
1003 02:01:29 ds4-server: chat ctx=0..200001:200001 prefill chunk 131072/200001 (65.5%) chunk=603.54 t/s avg=744.10 t/s 176.148s
1003 02:01:33 ds4-server: chat ctx=0..200001:200001 prefill chunk 133120/200001 (66.6%) chunk=591.91 t/s avg=741.17 t/s 179.608s
1003 02:01:36 ds4-server: chat ctx=0..200001:200001 prefill chunk 135168/200001 (67.6%) chunk=590.79 t/s avg=738.32 t/s 183.075s
1003 02:01:39 ds4-server: chat ctx=0..200001:200001 prefill chunk 137216/200001 (68.6%) chunk=587.07 t/s avg=735.49 t/s 186.563s
1003 02:01:43 ds4-server: chat ctx=0..200001:200001 prefill chunk 139264/200001 (69.6%) chunk=585.46 t/s avg=732.73 t/s 190.061s
1003 02:01:47 ds4-server: chat ctx=0..200001:200001 prefill chunk 141312/200001 (70.7%) chunk=578.91 t/s avg=729.92 t/s 193.599s
1003 02:01:50 ds4-server: chat ctx=0..200001:200001 prefill chunk 143360/200001 (71.7%) chunk=577.58 t/s avg=727.18 t/s 197.145s
1003 02:01:54 ds4-server: chat ctx=0..200001:200001 prefill chunk 145408/200001 (72.7%) chunk=573.76 t/s avg=724.45 t/s 200.714s
1003 02:01:57 ds4-server: chat ctx=0..200001:200001 prefill chunk 147456/200001 (73.7%) chunk=571.38 t/s avg=721.77 t/s 204.298s
1003 02:02:01 ds4-server: chat ctx=0..200001:200001 prefill chunk 149504/200001 (74.8%) chunk=565.37 t/s avg=719.04 t/s 207.921s
1003 02:02:04 ds4-server: chat ctx=0..200001:200001 prefill chunk 151552/200001 (75.8%) chunk=564.19 t/s avg=716.39 t/s 211.551s
1003 02:02:08 ds4-server: chat ctx=0..200001:200001 prefill chunk 153600/200001 (76.8%) chunk=560.16 t/s avg=713.73 t/s 215.207s
1003 02:02:12 ds4-server: chat ctx=0..200001:200001 prefill chunk 155648/200001 (77.8%) chunk=559.48 t/s avg=711.15 t/s 218.867s
1003 02:02:15 ds4-server: chat ctx=0..200001:200001 prefill chunk 157696/200001 (78.8%) chunk=553.51 t/s avg=708.53 t/s 222.567s
1003 02:02:19 ds4-server: chat ctx=0..200001:200001 prefill chunk 159744/200001 (79.9%) chunk=552.03 t/s avg=705.97 t/s 226.277s
1003 02:02:23 ds4-server: chat ctx=0..200001:200001 prefill chunk 161792/200001 (80.9%) chunk=547.71 t/s avg=703.39 t/s 230.017s
1003 02:02:27 ds4-server: chat ctx=0..200001:200001 prefill chunk 163840/200001 (81.9%) chunk=546.70 t/s avg=700.88 t/s 233.763s
1003 02:02:30 ds4-server: chat ctx=0..200001:200001 prefill chunk 165888/200001 (82.9%) chunk=540.52 t/s avg=698.32 t/s 237.552s
1003 02:02:34 ds4-server: chat ctx=0..200001:200001 prefill chunk 167936/200001 (84.0%) chunk=539.49 t/s avg=695.83 t/s 241.348s
1003 02:02:38 ds4-server: chat ctx=0..200001:200001 prefill chunk 169984/200001 (85.0%) chunk=536.47 t/s avg=693.34 t/s 245.165s
1003 02:02:42 ds4-server: chat ctx=0..200001:200001 prefill chunk 172032/200001 (86.0%) chunk=535.37 t/s avg=690.92 t/s 248.991s
1003 02:02:46 ds4-server: chat ctx=0..200001:200001 prefill chunk 174080/200001 (87.0%) chunk=530.01 t/s avg=688.46 t/s 252.855s
1003 02:02:50 ds4-server: chat ctx=0..200001:200001 prefill chunk 176128/200001 (88.1%) chunk=528.59 t/s avg=686.05 t/s 256.729s
1003 02:02:54 ds4-server: chat ctx=0..200001:200001 prefill chunk 178176/200001 (89.1%) chunk=525.22 t/s avg=683.64 t/s 260.629s
1003 02:02:57 ds4-server: chat ctx=0..200001:200001 prefill chunk 180224/200001 (90.1%) chunk=523.78 t/s avg=681.28 t/s 264.539s
1003 02:03:01 ds4-server: chat ctx=0..200001:200001 prefill chunk 182272/200001 (91.1%) chunk=517.87 t/s avg=678.87 t/s 268.493s
1003 02:03:05 ds4-server: chat ctx=0..200001:200001 prefill chunk 184320/200001 (92.2%) chunk=517.69 t/s avg=676.53 t/s 272.449s
1003 02:03:09 ds4-server: chat ctx=0..200001:200001 prefill chunk 186368/200001 (93.2%) chunk=514.09 t/s avg=674.19 t/s 276.433s
1003 02:03:13 ds4-server: chat ctx=0..200001:200001 prefill chunk 188416/200001 (94.2%) chunk=512.80 t/s avg=671.89 t/s 280.427s
1003 02:03:17 ds4-server: chat ctx=0..200001:200001 prefill chunk 190464/200001 (95.2%) chunk=507.26 t/s avg=669.55 t/s 284.464s
1003 02:03:21 ds4-server: chat ctx=0..200001:200001 prefill chunk 192512/200001 (96.3%) chunk=506.84 t/s avg=667.27 t/s 288.505s
1003 02:03:25 ds4-server: chat ctx=0..200001:200001 prefill chunk 194560/200001 (97.3%) chunk=503.46 t/s avg=665.00 t/s 292.573s
1003 02:03:30 ds4-server: chat ctx=0..200001:200001 prefill chunk 196608/200001 (98.3%) chunk=502.64 t/s avg=662.77 t/s 296.647s
1003 02:03:34 ds4-server: chat ctx=0..200001:200001 prefill chunk 198656/200001 (99.3%) chunk=496.21 t/s avg=660.48 t/s 300.775s
1003 02:03:38 ds4-server: chat ctx=0..200001:200001 prefill chunk 200001/200001 (100.0%) chunk=342.78 t/s avg=656.39 t/s 304.698s
1003 02:03:38 ds4-server: chat ctx=0..200001:200001 prompt done 304.699s
1003 02:03:38 ds4-server: chat ctx=200001..200019:18 gen=18 decoding chunk=36.60 t/s avg=36.60 t/s 0.492s
1003 02:03:38 ds4-server: chat ctx=0..200001:200001 gen=18 finish=stop 305.191s
1003 02:03:38 ds4-server: chat ctx=200019..203949:3930 prompt start
1003 02:03:38 ds4-server: chat ctx=200019..203949:3930 prefill chunk 0/3930 (0.0%) chunk=0.00 t/s avg=0.00 t/s 0.000s
1003 02:03:40 ds4-server: chat ctx=200019..203949:3930 prefill chunk 685/3930 (17.4%) chunk=304.47 t/s avg=304.44 t/s 2.250s
1003 02:03:45 ds4-server: chat ctx=200019..203949:3930 prefill chunk 2733/3930 (69.5%) chunk=493.32 t/s avg=426.93 t/s 6.401s
1003 02:03:48 ds4-server: chat ctx=200019..203949:3930 prefill chunk 3930/3930 (100.0%) chunk=334.45 t/s avg=393.77 t/s 9.980s
1003 02:03:48 ds4-server: chat ctx=200019..203949:3930 prompt done 9.981s
1003 02:03:50 ds4-server: chat ctx=203949..203999:50 gen=50 decoding chunk=37.04 t/s avg=37.04 t/s 1.350s
1003 02:03:51 ds4-server: chat ctx=203999..204049:50 gen=100 decoding chunk=37.27 t/s avg=37.15 t/s 2.691s
1003 02:03:52 ds4-server: chat ctx=204049..204099:50 gen=150 decoding chunk=37.30 t/s avg=37.20 t/s 4.032s
1003 02:03:54 ds4-server: chat ctx=204099..204149:50 gen=200 decoding chunk=37.33 t/s avg=37.23 t/s 5.371s
1003 02:03:54 ds4-server: chat ctx=204149..204151:2 gen=202 decoding chunk=37.13 t/s avg=37.23 t/s 5.425s
1003 02:03:54 ds4-server: chat ctx=200019..203949:3930 gen=202 finish=stop 15.406s
1003 02:03:54 ds4-server: chat ctx=204151..204170:19 prompt start
1003 02:03:54 ds4-server: chat ctx=204151..204170:19 prefill chunk 0/19 (0.0%) chunk=0.00 t/s avg=0.00 t/s 0.000s
1003 02:03:54 ds4-server: chat ctx=204151..204170:19 prefill chunk 19/19 (100.0%) chunk=77.06 t/s avg=77.00 t/s 0.247s
1003 02:03:54 ds4-server: chat ctx=204151..204170:19 prompt done 0.247s
1003 02:03:54 ds4-server: chat ctx=204170..204175:5 gen=5 decoding chunk=36.82 t/s avg=36.82 t/s 0.136s
1003 02:03:54 ds4-server: chat ctx=204151..204170:19 gen=5 finish=stop 0.383s
1003 02:03:58 ds4-server: shutdown requested, draining requests
