{
  "success": true,
  "run_id": "64a52adc-aa1f-4def-98c4-8cdc86eaa2b5",
  "context": {
    "requested_tokens": 65536,
    "observed_tokens": 262144,
    "observed_reason": "reported",
    "full_benchmark_tokens": 65536,
    "reduced": false
  },
  "attached_server": null,
  "qualification": null,
  "qualification_passed": null,
  "power": null,
  "artifacts": {
    "turns": "<M5_REPO>/results/u20261003-mistral35-aa-mini/raw/turns.jsonl",
    "tasks": "<M5_REPO>/results/u20261003-mistral35-aa-mini/raw/tasks.json",
    "tools": "<M5_REPO>/results/u20261003-mistral35-aa-mini/raw/tools.json",
    "failures": "<M5_REPO>/results/u20261003-mistral35-aa-mini/raw/failures.json",
    "summary": "<M5_REPO>/results/u20261003-mistral35-aa-mini/raw/summary.json"
  }
}
