<repo>/.venv/lib/python3.12/site-packages/mlx_lm/server.py:1723: UserWarning: mlx_lm.server is not recommended for production as it only implements basic security checks.
  warnings.warn(
2026-10-01 15:32:14,768 - INFO - Starting httpd at 127.0.0.1 on port 18185...
127.0.0.1 - - [01/Oct/2026 15:32:15] "GET /v1/models HTTP/1.1" 200 -
----------------------------------------
Exception occurred during processing of request from ('127.0.0.1', 54613)
Traceback (most recent call last):
  File "<home>/.local/share/uv/python/cpython-3.12.13-macos-aarch64-none/lib/python3.12/socketserver.py", line 697, in process_request_thread
    self.finish_request(request, client_address)
  File "<home>/.local/share/uv/python/cpython-3.12.13-macos-aarch64-none/lib/python3.12/socketserver.py", line 362, in finish_request
    self.RequestHandlerClass(request, client_address, self)
  File "<repo>/.venv/lib/python3.12/site-packages/mlx_lm/server.py", line 1716, in <lambda>
    lambda *args, **kwargs: handler_class(
                            ^^^^^^^^^^^^^^
  File "<repo>/.venv/lib/python3.12/site-packages/mlx_lm/server.py", line 1073, in __init__
    super().__init__(*args, **kwargs)
  File "<home>/.local/share/uv/python/cpython-3.12.13-macos-aarch64-none/lib/python3.12/socketserver.py", line 766, in __init__
    self.handle()
  File "<home>/.local/share/uv/python/cpython-3.12.13-macos-aarch64-none/lib/python3.12/http/server.py", line 440, in handle
    self.handle_one_request()
  File "<home>/.local/share/uv/python/cpython-3.12.13-macos-aarch64-none/lib/python3.12/http/server.py", line 428, in handle_one_request
    method()
  File "<repo>/.venv/lib/python3.12/site-packages/mlx_lm/server.py", line 1625, in do_GET
    self.handle_models_request()
  File "<repo>/.venv/lib/python3.12/site-packages/mlx_lm/server.py", line 1668, in handle_models_request
    hf_cache_info = scan_cache_dir()
                    ^^^^^^^^^^^^^^^^
  File "<repo>/.venv/lib/python3.12/site-packages/huggingface_hub/utils/_cache_manager.py", line 777, in scan_cache_dir
    raise CacheNotFound(
huggingface_hub.errors.CacheNotFound: Cache directory not found: <repo>/.cache/huggingface/hub. Please use `cache_dir` argument or set `HF_HUB_CACHE` environment variable.
----------------------------------------
127.0.0.1 - - [01/Oct/2026 15:32:16] "POST /v1/chat/completions HTTP/1.1" 200 -
2026-10-01 15:32:16,112 - INFO - Prompt Cache: 0 sequences, 0.00 GB
2026-10-01 15:32:16,112 - INFO - - assistant: 0 sequences, 0.00 GB
2026-10-01 15:32:16,112 - INFO - - user: 0 sequences, 0.00 GB
2026-10-01 15:32:16,112 - INFO - - system: 0 sequences, 0.00 GB
2026-10-01 15:32:16,198 - INFO - Prompt processing progress: 0/200001
2026-10-01 15:32:17,357 - INFO - Prompt processing progress: 2048/200001
2026-10-01 15:32:18,528 - INFO - Prompt processing progress: 4096/200001
2026-10-01 15:32:19,721 - INFO - Prompt processing progress: 6144/200001
2026-10-01 15:32:20,934 - INFO - Prompt processing progress: 8192/200001
2026-10-01 15:32:22,166 - INFO - Prompt processing progress: 10240/200001
2026-10-01 15:32:23,420 - INFO - Prompt processing progress: 12288/200001
2026-10-01 15:32:24,695 - INFO - Prompt processing progress: 14336/200001
2026-10-01 15:32:25,988 - INFO - Prompt processing progress: 16384/200001
2026-10-01 15:32:27,305 - INFO - Prompt processing progress: 18432/200001
2026-10-01 15:32:28,636 - INFO - Prompt processing progress: 20480/200001
2026-10-01 15:32:29,994 - INFO - Prompt processing progress: 22528/200001
2026-10-01 15:32:31,370 - INFO - Prompt processing progress: 24576/200001
2026-10-01 15:32:32,770 - INFO - Prompt processing progress: 26624/200001
2026-10-01 15:32:34,187 - INFO - Prompt processing progress: 28672/200001
2026-10-01 15:32:35,629 - INFO - Prompt processing progress: 30720/200001
2026-10-01 15:32:37,082 - INFO - Prompt processing progress: 32768/200001
2026-10-01 15:32:38,558 - INFO - Prompt processing progress: 34816/200001
2026-10-01 15:32:40,059 - INFO - Prompt processing progress: 36864/200001
2026-10-01 15:32:41,578 - INFO - Prompt processing progress: 38912/200001
2026-10-01 15:32:43,119 - INFO - Prompt processing progress: 40960/200001
2026-10-01 15:32:44,675 - INFO - Prompt processing progress: 43008/200001
2026-10-01 15:32:46,253 - INFO - Prompt processing progress: 45056/200001
2026-10-01 15:32:47,863 - INFO - Prompt processing progress: 47104/200001
2026-10-01 15:32:49,491 - INFO - Prompt processing progress: 49152/200001
2026-10-01 15:32:51,125 - INFO - Prompt processing progress: 51200/200001
2026-10-01 15:32:52,784 - INFO - Prompt processing progress: 53248/200001
2026-10-01 15:32:54,464 - INFO - Prompt processing progress: 55296/200001
2026-10-01 15:32:56,168 - INFO - Prompt processing progress: 57344/200001
2026-10-01 15:32:57,888 - INFO - Prompt processing progress: 59392/200001
2026-10-01 15:32:59,625 - INFO - Prompt processing progress: 61440/200001
2026-10-01 15:33:01,406 - INFO - Prompt processing progress: 63488/200001
2026-10-01 15:33:03,212 - INFO - Prompt processing progress: 65536/200001
2026-10-01 15:33:05,021 - INFO - Prompt processing progress: 67584/200001
2026-10-01 15:33:06,881 - INFO - Prompt processing progress: 69632/200001
2026-10-01 15:33:08,728 - INFO - Prompt processing progress: 71680/200001
2026-10-01 15:33:10,594 - INFO - Prompt processing progress: 73728/200001
2026-10-01 15:33:12,503 - INFO - Prompt processing progress: 75776/200001
2026-10-01 15:33:14,428 - INFO - Prompt processing progress: 77824/200001
2026-10-01 15:33:16,346 - INFO - Prompt processing progress: 79872/200001
2026-10-01 15:33:18,294 - INFO - Prompt processing progress: 81920/200001
2026-10-01 15:33:20,260 - INFO - Prompt processing progress: 83968/200001
2026-10-01 15:33:22,263 - INFO - Prompt processing progress: 86016/200001
2026-10-01 15:33:24,272 - INFO - Prompt processing progress: 88064/200001
2026-10-01 15:33:26,309 - INFO - Prompt processing progress: 90112/200001
2026-10-01 15:33:28,360 - INFO - Prompt processing progress: 92160/200001
2026-10-01 15:33:30,425 - INFO - Prompt processing progress: 94208/200001
2026-10-01 15:33:32,518 - INFO - Prompt processing progress: 96256/200001
2026-10-01 15:33:34,651 - INFO - Prompt processing progress: 98304/200001
2026-10-01 15:33:36,799 - INFO - Prompt processing progress: 100352/200001
2026-10-01 15:33:38,957 - INFO - Prompt processing progress: 102400/200001
2026-10-01 15:33:41,154 - INFO - Prompt processing progress: 104448/200001
2026-10-01 15:33:43,348 - INFO - Prompt processing progress: 106496/200001
2026-10-01 15:33:45,578 - INFO - Prompt processing progress: 108544/200001
2026-10-01 15:33:47,813 - INFO - Prompt processing progress: 110592/200001
2026-10-01 15:33:50,084 - INFO - Prompt processing progress: 112640/200001
2026-10-01 15:33:52,365 - INFO - Prompt processing progress: 114688/200001
2026-10-01 15:33:54,666 - INFO - Prompt processing progress: 116736/200001
2026-10-01 15:33:57,034 - INFO - Prompt processing progress: 118784/200001
2026-10-01 15:33:59,364 - INFO - Prompt processing progress: 120832/200001
2026-10-01 15:34:01,747 - INFO - Prompt processing progress: 122880/200001
2026-10-01 15:34:04,141 - INFO - Prompt processing progress: 124928/200001
2026-10-01 15:34:06,544 - INFO - Prompt processing progress: 126976/200001
2026-10-01 15:34:08,973 - INFO - Prompt processing progress: 129024/200001
2026-10-01 15:34:11,433 - INFO - Prompt processing progress: 131072/200001
2026-10-01 15:34:13,901 - INFO - Prompt processing progress: 133120/200001
2026-10-01 15:34:16,383 - INFO - Prompt processing progress: 135168/200001
2026-10-01 15:34:18,906 - INFO - Prompt processing progress: 137216/200001
2026-10-01 15:34:21,436 - INFO - Prompt processing progress: 139264/200001
2026-10-01 15:34:23,990 - INFO - Prompt processing progress: 141312/200001
2026-10-01 15:34:26,590 - INFO - Prompt processing progress: 143360/200001
2026-10-01 15:34:29,193 - INFO - Prompt processing progress: 145408/200001
2026-10-01 15:34:31,835 - INFO - Prompt processing progress: 147456/200001
2026-10-01 15:34:34,462 - INFO - Prompt processing progress: 149504/200001
2026-10-01 15:34:37,110 - INFO - Prompt processing progress: 151552/200001
2026-10-01 15:34:39,801 - INFO - Prompt processing progress: 153600/200001
2026-10-01 15:34:42,512 - INFO - Prompt processing progress: 155648/200001
2026-10-01 15:34:45,248 - INFO - Prompt processing progress: 157696/200001
2026-10-01 15:34:47,997 - INFO - Prompt processing progress: 159744/200001
2026-10-01 15:34:50,738 - INFO - Prompt processing progress: 161792/200001
2026-10-01 15:34:53,525 - INFO - Prompt processing progress: 163840/200001
2026-10-01 15:34:56,369 - INFO - Prompt processing progress: 165888/200001
2026-10-01 15:34:59,205 - INFO - Prompt processing progress: 167936/200001
2026-10-01 15:35:02,066 - INFO - Prompt processing progress: 169984/200001
2026-10-01 15:35:04,907 - INFO - Prompt processing progress: 172032/200001
2026-10-01 15:35:07,809 - INFO - Prompt processing progress: 174080/200001
2026-10-01 15:35:10,760 - INFO - Prompt processing progress: 176128/200001
2026-10-01 15:35:13,688 - INFO - Prompt processing progress: 178176/200001
2026-10-01 15:35:16,654 - INFO - Prompt processing progress: 180224/200001
2026-10-01 15:35:19,610 - INFO - Prompt processing progress: 182272/200001
2026-10-01 15:35:22,615 - INFO - Prompt processing progress: 184320/200001
2026-10-01 15:35:25,621 - INFO - Prompt processing progress: 186368/200001
2026-10-01 15:35:28,648 - INFO - Prompt processing progress: 188416/200001
2026-10-01 15:35:31,718 - INFO - Prompt processing progress: 190464/200001
2026-10-01 15:35:34,833 - INFO - Prompt processing progress: 192512/200001
2026-10-01 15:35:37,947 - INFO - Prompt processing progress: 194560/200001
2026-10-01 15:35:41,040 - INFO - Prompt processing progress: 196608/200001
2026-10-01 15:35:44,185 - INFO - Prompt processing progress: 198656/200001
2026-10-01 15:35:46,531 - INFO - Prompt processing progress: 200000/200001
2026-10-01 15:35:46,636 - INFO - Prompt processing progress: 200001/200001
127.0.0.1 - - [01/Oct/2026 15:35:47] "POST /v1/chat/completions HTTP/1.1" 200 -
2026-10-01 15:35:47,488 - INFO - Prompt Cache: 1 sequences, 13.27 GB
2026-10-01 15:35:47,488 - INFO - - assistant: 1 sequences, 13.27 GB
2026-10-01 15:35:47,488 - INFO - - user: 0 sequences, 0.00 GB
2026-10-01 15:35:47,488 - INFO - - system: 0 sequences, 0.00 GB
2026-10-01 15:35:47,585 - INFO - Prompt processing progress: 0/3645
2026-10-01 15:35:50,920 - INFO - Prompt processing progress: 2048/3645
2026-10-01 15:35:53,654 - INFO - Prompt processing progress: 3644/3645
2026-10-01 15:35:53,765 - INFO - Prompt processing progress: 3645/3645
127.0.0.1 - - [01/Oct/2026 15:35:54] "POST /v1/chat/completions HTTP/1.1" 200 -
2026-10-01 15:35:54,566 - INFO - Prompt Cache: 1 sequences, 13.51 GB
2026-10-01 15:35:54,566 - INFO - - assistant: 1 sequences, 13.51 GB
2026-10-01 15:35:54,566 - INFO - - user: 0 sequences, 0.00 GB
2026-10-01 15:35:54,566 - INFO - - system: 0 sequences, 0.00 GB
2026-10-01 15:35:54,662 - INFO - Prompt processing progress: 0/3515
2026-10-01 15:35:58,056 - INFO - Prompt processing progress: 2048/3515
2026-10-01 15:36:00,574 - INFO - Prompt processing progress: 3514/3515
2026-10-01 15:36:00,666 - INFO - Prompt processing progress: 3515/3515
127.0.0.1 - - [01/Oct/2026 15:36:01] "POST /v1/chat/completions HTTP/1.1" 200 -
2026-10-01 15:36:01,522 - INFO - Prompt Cache: 1 sequences, 13.74 GB
2026-10-01 15:36:01,522 - INFO - - assistant: 1 sequences, 13.74 GB
2026-10-01 15:36:01,522 - INFO - - user: 0 sequences, 0.00 GB
2026-10-01 15:36:01,522 - INFO - - system: 0 sequences, 0.00 GB
2026-10-01 15:36:01,622 - INFO - Prompt processing progress: 0/823
2026-10-01 15:36:03,961 - INFO - Prompt processing progress: 822/823
2026-10-01 15:36:04,082 - INFO - Prompt processing progress: 823/823
127.0.0.1 - - [01/Oct/2026 15:36:04] "POST /v1/chat/completions HTTP/1.1" 200 -
2026-10-01 15:36:04,905 - INFO - Prompt Cache: 1 sequences, 13.80 GB
2026-10-01 15:36:04,905 - INFO - - assistant: 1 sequences, 13.80 GB
2026-10-01 15:36:04,905 - INFO - - user: 0 sequences, 0.00 GB
2026-10-01 15:36:04,905 - INFO - - system: 0 sequences, 0.00 GB
2026-10-01 15:36:05,003 - INFO - Prompt processing progress: 0/2975
2026-10-01 15:36:08,395 - INFO - Prompt processing progress: 2048/2975
2026-10-01 15:36:11,017 - INFO - Prompt processing progress: 2974/2975
2026-10-01 15:36:11,145 - INFO - Prompt processing progress: 2975/2975
127.0.0.1 - - [01/Oct/2026 15:36:12] "POST /v1/chat/completions HTTP/1.1" 200 -
2026-10-01 15:36:12,011 - INFO - Prompt Cache: 1 sequences, 13.99 GB
2026-10-01 15:36:12,011 - INFO - - assistant: 1 sequences, 13.99 GB
2026-10-01 15:36:12,011 - INFO - - user: 0 sequences, 0.00 GB
2026-10-01 15:36:12,011 - INFO - - system: 0 sequences, 0.00 GB
2026-10-01 15:36:12,111 - INFO - Prompt processing progress: 0/2073
2026-10-01 15:36:15,563 - INFO - Prompt processing progress: 2048/2073
2026-10-01 15:36:15,851 - INFO - Prompt processing progress: 2072/2073
2026-10-01 15:36:15,962 - INFO - Prompt processing progress: 2073/2073
127.0.0.1 - - [01/Oct/2026 15:36:16] "POST /v1/chat/completions HTTP/1.1" 200 -
2026-10-01 15:36:16,874 - INFO - Prompt Cache: 1 sequences, 14.14 GB
2026-10-01 15:36:16,874 - INFO - - assistant: 1 sequences, 14.14 GB
2026-10-01 15:36:16,874 - INFO - - user: 0 sequences, 0.00 GB
2026-10-01 15:36:16,874 - INFO - - system: 0 sequences, 0.00 GB
2026-10-01 15:36:16,974 - INFO - Prompt processing progress: 0/1232
2026-10-01 15:36:19,419 - INFO - Prompt processing progress: 1231/1232
2026-10-01 15:36:19,515 - INFO - Prompt processing progress: 1232/1232
127.0.0.1 - - [01/Oct/2026 15:36:20] "POST /v1/chat/completions HTTP/1.1" 200 -
2026-10-01 15:36:20,444 - INFO - Prompt Cache: 1 sequences, 14.21 GB
2026-10-01 15:36:20,444 - INFO - - assistant: 1 sequences, 14.21 GB
2026-10-01 15:36:20,444 - INFO - - user: 0 sequences, 0.00 GB
2026-10-01 15:36:20,444 - INFO - - system: 0 sequences, 0.00 GB
2026-10-01 15:36:20,543 - INFO - Prompt processing progress: 0/6844
2026-10-01 15:36:24,038 - INFO - Prompt processing progress: 2048/6844
2026-10-01 15:36:27,566 - INFO - Prompt processing progress: 4096/6844
2026-10-01 15:36:31,118 - INFO - Prompt processing progress: 6144/6844
2026-10-01 15:36:33,269 - INFO - Prompt processing progress: 6843/6844
2026-10-01 15:36:33,389 - INFO - Prompt processing progress: 6844/6844
