<M5_REPO>/vendor/vlm-runtime/.venv/lib/python3.12/site-packages/mlx_lm/server.py:1723: UserWarning: mlx_lm.server is not recommended for production as it only implements basic security checks.
  warnings.warn(
2026-10-03 06:31:46,487 - INFO - Starting httpd at 127.0.0.1 on port 18185...
127.0.0.1 - - [03/Oct/2026 06:31:46] "GET /v1/models HTTP/1.1" 200 -
[transformers] You are using a model of type `mimo_v2` to instantiate a model of type ``. This may be expected if you are loading a checkpoint that shares a subset of the architecture (e.g., loading a `sam2_video` checkpoint into `Sam2Model`), but is otherwise not supported and can yield errors. Please verify that the checkpoint is compatible with the model you are instantiating.
2026-10-03 06:35:33,447 - INFO - Prompt Cache: 0 sequences, 0.00 GB
2026-10-03 06:35:33,447 - INFO - - assistant: 0 sequences, 0.00 GB
2026-10-03 06:35:33,447 - INFO - - user: 0 sequences, 0.00 GB
2026-10-03 06:35:33,447 - INFO - - system: 0 sequences, 0.00 GB
127.0.0.1 - - [03/Oct/2026 06:35:33] "POST /v1/chat/completions HTTP/1.1" 200 -
2026-10-03 06:35:36,352 - INFO - Prompt processing progress: 19/8219
2026-10-03 06:35:37,467 - INFO - Prompt processing progress: 2067/8219
2026-10-03 06:35:38,634 - INFO - Prompt processing progress: 4115/8219
2026-10-03 06:35:39,846 - INFO - Prompt processing progress: 6163/8219
2026-10-03 06:35:41,096 - INFO - Prompt processing progress: 8211/8219
2026-10-03 06:35:41,243 - INFO - Prompt processing progress: 8217/8219
2026-10-03 06:35:41,266 - INFO - Prompt processing progress: 8218/8219
2026-10-03 06:35:41,289 - INFO - Prompt processing progress: 8219/8219
2026-10-03 06:35:45,426 - INFO - Prompt Cache: 0 sequences, 0.00 GB
2026-10-03 06:35:45,427 - INFO - - assistant: 0 sequences, 0.00 GB
2026-10-03 06:35:45,427 - INFO - - user: 0 sequences, 0.00 GB
2026-10-03 06:35:45,427 - INFO - - system: 0 sequences, 0.00 GB
127.0.0.1 - - [03/Oct/2026 06:35:45] "POST /v1/chat/completions HTTP/1.1" 200 -
2026-10-03 06:35:45,553 - INFO - Prompt processing progress: 19/8219
2026-10-03 06:35:46,663 - INFO - Prompt processing progress: 2067/8219
2026-10-03 06:35:47,831 - INFO - Prompt processing progress: 4115/8219
2026-10-03 06:35:49,046 - INFO - Prompt processing progress: 6163/8219
2026-10-03 06:35:50,299 - INFO - Prompt processing progress: 8211/8219
2026-10-03 06:35:50,347 - INFO - Prompt processing progress: 8217/8219
2026-10-03 06:35:50,369 - INFO - Prompt processing progress: 8218/8219
2026-10-03 06:35:50,390 - INFO - Prompt processing progress: 8219/8219
2026-10-03 06:35:54,533 - INFO - Prompt Cache: 0 sequences, 0.00 GB
2026-10-03 06:35:54,533 - INFO - - assistant: 0 sequences, 0.00 GB
2026-10-03 06:35:54,533 - INFO - - user: 0 sequences, 0.00 GB
2026-10-03 06:35:54,533 - INFO - - system: 0 sequences, 0.00 GB
127.0.0.1 - - [03/Oct/2026 06:35:54] "POST /v1/chat/completions HTTP/1.1" 200 -
2026-10-03 06:35:54,654 - INFO - Prompt processing progress: 19/8219
2026-10-03 06:35:55,760 - INFO - Prompt processing progress: 2067/8219
2026-10-03 06:35:56,928 - INFO - Prompt processing progress: 4115/8219
2026-10-03 06:35:58,142 - INFO - Prompt processing progress: 6163/8219
2026-10-03 06:35:59,396 - INFO - Prompt processing progress: 8211/8219
2026-10-03 06:35:59,444 - INFO - Prompt processing progress: 8217/8219
2026-10-03 06:35:59,465 - INFO - Prompt processing progress: 8218/8219
2026-10-03 06:35:59,488 - INFO - Prompt processing progress: 8219/8219
2026-10-03 06:36:03,625 - INFO - Prompt Cache: 0 sequences, 0.00 GB
2026-10-03 06:36:03,625 - INFO - - assistant: 0 sequences, 0.00 GB
2026-10-03 06:36:03,625 - INFO - - user: 0 sequences, 0.00 GB
2026-10-03 06:36:03,625 - INFO - - system: 0 sequences, 0.00 GB
127.0.0.1 - - [03/Oct/2026 06:36:03] "POST /v1/chat/completions HTTP/1.1" 200 -
2026-10-03 06:36:03,746 - INFO - Prompt processing progress: 19/8219
2026-10-03 06:36:04,860 - INFO - Prompt processing progress: 2067/8219
2026-10-03 06:36:06,030 - INFO - Prompt processing progress: 4115/8219
2026-10-03 06:36:07,245 - INFO - Prompt processing progress: 6163/8219
2026-10-03 06:36:08,504 - INFO - Prompt processing progress: 8211/8219
2026-10-03 06:36:08,552 - INFO - Prompt processing progress: 8217/8219
2026-10-03 06:36:08,574 - INFO - Prompt processing progress: 8218/8219
2026-10-03 06:36:08,595 - INFO - Prompt processing progress: 8219/8219
2026-10-03 06:36:12,736 - INFO - Prompt Cache: 0 sequences, 0.00 GB
2026-10-03 06:36:12,736 - INFO - - assistant: 0 sequences, 0.00 GB
2026-10-03 06:36:12,736 - INFO - - user: 0 sequences, 0.00 GB
2026-10-03 06:36:12,736 - INFO - - system: 0 sequences, 0.00 GB
127.0.0.1 - - [03/Oct/2026 06:36:12] "POST /v1/chat/completions HTTP/1.1" 200 -
2026-10-03 06:36:12,864 - INFO - Prompt processing progress: 19/8219
2026-10-03 06:36:13,975 - INFO - Prompt processing progress: 2067/8219
2026-10-03 06:36:15,148 - INFO - Prompt processing progress: 4115/8219
2026-10-03 06:36:16,361 - INFO - Prompt processing progress: 6163/8219
2026-10-03 06:36:17,614 - INFO - Prompt processing progress: 8211/8219
2026-10-03 06:36:17,663 - INFO - Prompt processing progress: 8217/8219
2026-10-03 06:36:17,685 - INFO - Prompt processing progress: 8218/8219
2026-10-03 06:36:17,706 - INFO - Prompt processing progress: 8219/8219
2026-10-03 06:36:21,851 - INFO - Prompt Cache: 0 sequences, 0.00 GB
2026-10-03 06:36:21,852 - INFO - - assistant: 0 sequences, 0.00 GB
2026-10-03 06:36:21,852 - INFO - - user: 0 sequences, 0.00 GB
2026-10-03 06:36:21,852 - INFO - - system: 0 sequences, 0.00 GB
127.0.0.1 - - [03/Oct/2026 06:36:21] "POST /v1/chat/completions HTTP/1.1" 200 -
2026-10-03 06:36:21,979 - INFO - Prompt processing progress: 19/8219
2026-10-03 06:36:23,091 - INFO - Prompt processing progress: 2067/8219
2026-10-03 06:36:24,262 - INFO - Prompt processing progress: 4115/8219
2026-10-03 06:36:25,480 - INFO - Prompt processing progress: 6163/8219
2026-10-03 06:36:26,739 - INFO - Prompt processing progress: 8211/8219
2026-10-03 06:36:26,788 - INFO - Prompt processing progress: 8217/8219
2026-10-03 06:36:26,811 - INFO - Prompt processing progress: 8218/8219
2026-10-03 06:36:26,832 - INFO - Prompt processing progress: 8219/8219
2026-10-03 06:36:30,976 - INFO - Prompt Cache: 0 sequences, 0.00 GB
2026-10-03 06:36:30,976 - INFO - - assistant: 0 sequences, 0.00 GB
2026-10-03 06:36:30,976 - INFO - - user: 0 sequences, 0.00 GB
2026-10-03 06:36:30,976 - INFO - - system: 0 sequences, 0.00 GB
127.0.0.1 - - [03/Oct/2026 06:36:30] "POST /v1/chat/completions HTTP/1.1" 200 -
2026-10-03 06:36:31,104 - INFO - Prompt processing progress: 19/8219
2026-10-03 06:36:32,215 - INFO - Prompt processing progress: 2067/8219
2026-10-03 06:36:33,383 - INFO - Prompt processing progress: 4115/8219
2026-10-03 06:36:34,599 - INFO - Prompt processing progress: 6163/8219
2026-10-03 06:36:35,863 - INFO - Prompt processing progress: 8211/8219
2026-10-03 06:36:35,913 - INFO - Prompt processing progress: 8217/8219
2026-10-03 06:36:35,934 - INFO - Prompt processing progress: 8218/8219
2026-10-03 06:36:35,957 - INFO - Prompt processing progress: 8219/8219
2026-10-03 06:36:40,102 - INFO - Prompt Cache: 0 sequences, 0.00 GB
2026-10-03 06:36:40,102 - INFO - - assistant: 0 sequences, 0.00 GB
2026-10-03 06:36:40,102 - INFO - - user: 0 sequences, 0.00 GB
2026-10-03 06:36:40,102 - INFO - - system: 0 sequences, 0.00 GB
127.0.0.1 - - [03/Oct/2026 06:36:40] "POST /v1/chat/completions HTTP/1.1" 200 -
2026-10-03 06:36:40,230 - INFO - Prompt processing progress: 19/8219
2026-10-03 06:36:41,339 - INFO - Prompt processing progress: 2067/8219
2026-10-03 06:36:42,511 - INFO - Prompt processing progress: 4115/8219
2026-10-03 06:36:43,723 - INFO - Prompt processing progress: 6163/8219
2026-10-03 06:36:44,980 - INFO - Prompt processing progress: 8211/8219
2026-10-03 06:36:45,029 - INFO - Prompt processing progress: 8217/8219
2026-10-03 06:36:45,051 - INFO - Prompt processing progress: 8218/8219
2026-10-03 06:36:45,072 - INFO - Prompt processing progress: 8219/8219
2026-10-03 06:36:49,219 - INFO - Prompt Cache: 0 sequences, 0.00 GB
2026-10-03 06:36:49,219 - INFO - - assistant: 0 sequences, 0.00 GB
2026-10-03 06:36:49,219 - INFO - - user: 0 sequences, 0.00 GB
2026-10-03 06:36:49,219 - INFO - - system: 0 sequences, 0.00 GB
127.0.0.1 - - [03/Oct/2026 06:36:49] "POST /v1/chat/completions HTTP/1.1" 200 -
2026-10-03 06:36:49,342 - INFO - Prompt processing progress: 19/8219
2026-10-03 06:36:50,451 - INFO - Prompt processing progress: 2067/8219
2026-10-03 06:36:51,623 - INFO - Prompt processing progress: 4115/8219
2026-10-03 06:36:52,835 - INFO - Prompt processing progress: 6163/8219
2026-10-03 06:36:54,093 - INFO - Prompt processing progress: 8211/8219
2026-10-03 06:36:54,142 - INFO - Prompt processing progress: 8217/8219
2026-10-03 06:36:54,165 - INFO - Prompt processing progress: 8218/8219
2026-10-03 06:36:54,187 - INFO - Prompt processing progress: 8219/8219
2026-10-03 06:36:58,342 - INFO - Prompt Cache: 0 sequences, 0.00 GB
2026-10-03 06:36:58,342 - INFO - - assistant: 0 sequences, 0.00 GB
2026-10-03 06:36:58,342 - INFO - - user: 0 sequences, 0.00 GB
2026-10-03 06:36:58,342 - INFO - - system: 0 sequences, 0.00 GB
127.0.0.1 - - [03/Oct/2026 06:36:58] "POST /v1/chat/completions HTTP/1.1" 200 -
2026-10-03 06:36:58,471 - INFO - Prompt processing progress: 19/8219
2026-10-03 06:36:59,590 - INFO - Prompt processing progress: 2067/8219
2026-10-03 06:37:00,764 - INFO - Prompt processing progress: 4115/8219
2026-10-03 06:37:01,979 - INFO - Prompt processing progress: 6163/8219
2026-10-03 06:37:03,238 - INFO - Prompt processing progress: 8211/8219
2026-10-03 06:37:03,286 - INFO - Prompt processing progress: 8217/8219
2026-10-03 06:37:03,309 - INFO - Prompt processing progress: 8218/8219
2026-10-03 06:37:03,331 - INFO - Prompt processing progress: 8219/8219
2026-10-03 06:37:07,490 - INFO - Prompt Cache: 0 sequences, 0.00 GB
2026-10-03 06:37:07,490 - INFO - - assistant: 0 sequences, 0.00 GB
2026-10-03 06:37:07,490 - INFO - - user: 0 sequences, 0.00 GB
2026-10-03 06:37:07,490 - INFO - - system: 0 sequences, 0.00 GB
127.0.0.1 - - [03/Oct/2026 06:37:07] "POST /v1/chat/completions HTTP/1.1" 200 -
2026-10-03 06:37:07,620 - INFO - Prompt processing progress: 19/8220
2026-10-03 06:37:08,734 - INFO - Prompt processing progress: 2067/8220
2026-10-03 06:37:09,909 - INFO - Prompt processing progress: 4115/8220
2026-10-03 06:37:11,127 - INFO - Prompt processing progress: 6163/8220
2026-10-03 06:37:12,384 - INFO - Prompt processing progress: 8211/8220
2026-10-03 06:37:12,466 - INFO - Prompt processing progress: 8218/8220
2026-10-03 06:37:12,487 - INFO - Prompt processing progress: 8219/8220
2026-10-03 06:37:12,523 - INFO - Prompt processing progress: 8220/8220
2026-10-03 06:37:16,670 - INFO - Prompt Cache: 0 sequences, 0.00 GB
2026-10-03 06:37:16,670 - INFO - - assistant: 0 sequences, 0.00 GB
2026-10-03 06:37:16,670 - INFO - - user: 0 sequences, 0.00 GB
2026-10-03 06:37:16,670 - INFO - - system: 0 sequences, 0.00 GB
127.0.0.1 - - [03/Oct/2026 06:37:16] "POST /v1/chat/completions HTTP/1.1" 200 -
2026-10-03 06:37:16,801 - INFO - Prompt processing progress: 19/8220
2026-10-03 06:37:17,917 - INFO - Prompt processing progress: 2067/8220
2026-10-03 06:37:19,086 - INFO - Prompt processing progress: 4115/8220
2026-10-03 06:37:20,304 - INFO - Prompt processing progress: 6163/8220
2026-10-03 06:37:21,563 - INFO - Prompt processing progress: 8211/8220
2026-10-03 06:37:21,615 - INFO - Prompt processing progress: 8218/8220
2026-10-03 06:37:21,637 - INFO - Prompt processing progress: 8219/8220
2026-10-03 06:37:21,659 - INFO - Prompt processing progress: 8220/8220
2026-10-03 06:37:25,813 - INFO - Prompt Cache: 0 sequences, 0.00 GB
2026-10-03 06:37:25,813 - INFO - - assistant: 0 sequences, 0.00 GB
2026-10-03 06:37:25,813 - INFO - - user: 0 sequences, 0.00 GB
2026-10-03 06:37:25,813 - INFO - - system: 0 sequences, 0.00 GB
127.0.0.1 - - [03/Oct/2026 06:37:25] "POST /v1/chat/completions HTTP/1.1" 200 -
2026-10-03 06:37:25,943 - INFO - Prompt processing progress: 19/8220
2026-10-03 06:37:27,055 - INFO - Prompt processing progress: 2067/8220
2026-10-03 06:37:28,228 - INFO - Prompt processing progress: 4115/8220
2026-10-03 06:37:29,446 - INFO - Prompt processing progress: 6163/8220
2026-10-03 06:37:30,705 - INFO - Prompt processing progress: 8211/8220
2026-10-03 06:37:30,758 - INFO - Prompt processing progress: 8218/8220
2026-10-03 06:37:30,780 - INFO - Prompt processing progress: 8219/8220
2026-10-03 06:37:30,801 - INFO - Prompt processing progress: 8220/8220
2026-10-03 06:37:34,950 - INFO - Prompt Cache: 0 sequences, 0.00 GB
2026-10-03 06:37:34,950 - INFO - - assistant: 0 sequences, 0.00 GB
2026-10-03 06:37:34,950 - INFO - - user: 0 sequences, 0.00 GB
2026-10-03 06:37:34,950 - INFO - - system: 0 sequences, 0.00 GB
127.0.0.1 - - [03/Oct/2026 06:37:34] "POST /v1/chat/completions HTTP/1.1" 200 -
2026-10-03 06:37:35,080 - INFO - Prompt processing progress: 19/8220
2026-10-03 06:37:36,193 - INFO - Prompt processing progress: 2067/8220
2026-10-03 06:37:37,366 - INFO - Prompt processing progress: 4115/8220
2026-10-03 06:37:38,582 - INFO - Prompt processing progress: 6163/8220
2026-10-03 06:37:39,841 - INFO - Prompt processing progress: 8211/8220
2026-10-03 06:37:39,895 - INFO - Prompt processing progress: 8218/8220
2026-10-03 06:37:39,917 - INFO - Prompt processing progress: 8219/8220
2026-10-03 06:37:39,939 - INFO - Prompt processing progress: 8220/8220
2026-10-03 06:37:44,090 - INFO - Prompt Cache: 0 sequences, 0.00 GB
2026-10-03 06:37:44,090 - INFO - - assistant: 0 sequences, 0.00 GB
2026-10-03 06:37:44,090 - INFO - - user: 0 sequences, 0.00 GB
2026-10-03 06:37:44,090 - INFO - - system: 0 sequences, 0.00 GB
127.0.0.1 - - [03/Oct/2026 06:37:44] "POST /v1/chat/completions HTTP/1.1" 200 -
2026-10-03 06:37:44,220 - INFO - Prompt processing progress: 19/8220
2026-10-03 06:37:45,335 - INFO - Prompt processing progress: 2067/8220
2026-10-03 06:37:46,509 - INFO - Prompt processing progress: 4115/8220
2026-10-03 06:37:47,728 - INFO - Prompt processing progress: 6163/8220
2026-10-03 06:37:48,987 - INFO - Prompt processing progress: 8211/8220
2026-10-03 06:37:49,040 - INFO - Prompt processing progress: 8218/8220
2026-10-03 06:37:49,061 - INFO - Prompt processing progress: 8219/8220
2026-10-03 06:37:49,098 - INFO - Prompt processing progress: 8220/8220
2026-10-03 06:37:53,248 - INFO - Prompt Cache: 0 sequences, 0.00 GB
2026-10-03 06:37:53,249 - INFO - - assistant: 0 sequences, 0.00 GB
2026-10-03 06:37:53,249 - INFO - - user: 0 sequences, 0.00 GB
2026-10-03 06:37:53,249 - INFO - - system: 0 sequences, 0.00 GB
127.0.0.1 - - [03/Oct/2026 06:37:53] "POST /v1/chat/completions HTTP/1.1" 200 -
2026-10-03 06:37:53,373 - INFO - Prompt processing progress: 19/8220
2026-10-03 06:37:54,490 - INFO - Prompt processing progress: 2067/8220
2026-10-03 06:37:55,668 - INFO - Prompt processing progress: 4115/8220
2026-10-03 06:37:56,886 - INFO - Prompt processing progress: 6163/8220
2026-10-03 06:37:58,144 - INFO - Prompt processing progress: 8211/8220
2026-10-03 06:37:58,197 - INFO - Prompt processing progress: 8218/8220
2026-10-03 06:37:58,219 - INFO - Prompt processing progress: 8219/8220
2026-10-03 06:37:58,241 - INFO - Prompt processing progress: 8220/8220
2026-10-03 06:38:02,389 - INFO - Prompt Cache: 0 sequences, 0.00 GB
2026-10-03 06:38:02,389 - INFO - - assistant: 0 sequences, 0.00 GB
2026-10-03 06:38:02,389 - INFO - - user: 0 sequences, 0.00 GB
2026-10-03 06:38:02,389 - INFO - - system: 0 sequences, 0.00 GB
127.0.0.1 - - [03/Oct/2026 06:38:02] "POST /v1/chat/completions HTTP/1.1" 200 -
2026-10-03 06:38:02,519 - INFO - Prompt processing progress: 19/8220
2026-10-03 06:38:03,633 - INFO - Prompt processing progress: 2067/8220
2026-10-03 06:38:04,811 - INFO - Prompt processing progress: 4115/8220
2026-10-03 06:38:06,028 - INFO - Prompt processing progress: 6163/8220
2026-10-03 06:38:07,285 - INFO - Prompt processing progress: 8211/8220
2026-10-03 06:38:07,339 - INFO - Prompt processing progress: 8218/8220
2026-10-03 06:38:07,361 - INFO - Prompt processing progress: 8219/8220
2026-10-03 06:38:07,382 - INFO - Prompt processing progress: 8220/8220
2026-10-03 06:38:11,536 - INFO - Prompt Cache: 0 sequences, 0.00 GB
2026-10-03 06:38:11,536 - INFO - - assistant: 0 sequences, 0.00 GB
2026-10-03 06:38:11,536 - INFO - - user: 0 sequences, 0.00 GB
2026-10-03 06:38:11,536 - INFO - - system: 0 sequences, 0.00 GB
127.0.0.1 - - [03/Oct/2026 06:38:11] "POST /v1/chat/completions HTTP/1.1" 200 -
2026-10-03 06:38:11,666 - INFO - Prompt processing progress: 19/8220
2026-10-03 06:38:12,778 - INFO - Prompt processing progress: 2067/8220
2026-10-03 06:38:13,950 - INFO - Prompt processing progress: 4115/8220
2026-10-03 06:38:15,169 - INFO - Prompt processing progress: 6163/8220
2026-10-03 06:38:16,425 - INFO - Prompt processing progress: 8211/8220
2026-10-03 06:38:16,479 - INFO - Prompt processing progress: 8218/8220
2026-10-03 06:38:16,502 - INFO - Prompt processing progress: 8219/8220
2026-10-03 06:38:16,524 - INFO - Prompt processing progress: 8220/8220
2026-10-03 06:38:20,674 - INFO - Prompt Cache: 0 sequences, 0.00 GB
2026-10-03 06:38:20,674 - INFO - - assistant: 0 sequences, 0.00 GB
2026-10-03 06:38:20,674 - INFO - - user: 0 sequences, 0.00 GB
2026-10-03 06:38:20,674 - INFO - - system: 0 sequences, 0.00 GB
127.0.0.1 - - [03/Oct/2026 06:38:20] "POST /v1/chat/completions HTTP/1.1" 200 -
2026-10-03 06:38:20,805 - INFO - Prompt processing progress: 19/8220
2026-10-03 06:38:21,920 - INFO - Prompt processing progress: 2067/8220
2026-10-03 06:38:23,093 - INFO - Prompt processing progress: 4115/8220
2026-10-03 06:38:24,307 - INFO - Prompt processing progress: 6163/8220
2026-10-03 06:38:25,567 - INFO - Prompt processing progress: 8211/8220
2026-10-03 06:38:25,620 - INFO - Prompt processing progress: 8218/8220
2026-10-03 06:38:25,641 - INFO - Prompt processing progress: 8219/8220
2026-10-03 06:38:25,678 - INFO - Prompt processing progress: 8220/8220
2026-10-03 06:38:29,823 - INFO - Prompt Cache: 0 sequences, 0.00 GB
2026-10-03 06:38:29,823 - INFO - - assistant: 0 sequences, 0.00 GB
2026-10-03 06:38:29,824 - INFO - - user: 0 sequences, 0.00 GB
2026-10-03 06:38:29,824 - INFO - - system: 0 sequences, 0.00 GB
127.0.0.1 - - [03/Oct/2026 06:38:29] "POST /v1/chat/completions HTTP/1.1" 200 -
2026-10-03 06:38:29,955 - INFO - Prompt processing progress: 19/8220
2026-10-03 06:38:31,067 - INFO - Prompt processing progress: 2067/8220
2026-10-03 06:38:32,240 - INFO - Prompt processing progress: 4115/8220
2026-10-03 06:38:33,455 - INFO - Prompt processing progress: 6163/8220
2026-10-03 06:38:34,729 - INFO - Prompt processing progress: 8211/8220
2026-10-03 06:38:34,782 - INFO - Prompt processing progress: 8218/8220
2026-10-03 06:38:34,804 - INFO - Prompt processing progress: 8219/8220
2026-10-03 06:38:34,825 - INFO - Prompt processing progress: 8220/8220
2026-10-03 06:38:38,974 - INFO - Prompt Cache: 0 sequences, 0.00 GB
2026-10-03 06:38:38,974 - INFO - - assistant: 0 sequences, 0.00 GB
2026-10-03 06:38:38,974 - INFO - - user: 0 sequences, 0.00 GB
2026-10-03 06:38:38,974 - INFO - - system: 0 sequences, 0.00 GB
127.0.0.1 - - [03/Oct/2026 06:38:38] "POST /v1/chat/completions HTTP/1.1" 200 -
2026-10-03 06:38:39,097 - INFO - Prompt processing progress: 19/8220
2026-10-03 06:38:40,209 - INFO - Prompt processing progress: 2067/8220
2026-10-03 06:38:41,383 - INFO - Prompt processing progress: 4115/8220
2026-10-03 06:38:42,602 - INFO - Prompt processing progress: 6163/8220
2026-10-03 06:38:43,866 - INFO - Prompt processing progress: 8211/8220
2026-10-03 06:38:43,919 - INFO - Prompt processing progress: 8218/8220
2026-10-03 06:38:43,941 - INFO - Prompt processing progress: 8219/8220
2026-10-03 06:38:43,963 - INFO - Prompt processing progress: 8220/8220
2026-10-03 06:38:48,105 - INFO - Prompt Cache: 0 sequences, 0.00 GB
2026-10-03 06:38:48,106 - INFO - - assistant: 0 sequences, 0.00 GB
2026-10-03 06:38:48,106 - INFO - - user: 0 sequences, 0.00 GB
2026-10-03 06:38:48,106 - INFO - - system: 0 sequences, 0.00 GB
127.0.0.1 - - [03/Oct/2026 06:38:48] "POST /v1/chat/completions HTTP/1.1" 200 -
2026-10-03 06:38:48,236 - INFO - Prompt processing progress: 19/8220
2026-10-03 06:38:49,350 - INFO - Prompt processing progress: 2067/8220
2026-10-03 06:38:50,522 - INFO - Prompt processing progress: 4115/8220
2026-10-03 06:38:51,739 - INFO - Prompt processing progress: 6163/8220
2026-10-03 06:38:52,997 - INFO - Prompt processing progress: 8211/8220
2026-10-03 06:38:53,049 - INFO - Prompt processing progress: 8218/8220
2026-10-03 06:38:53,071 - INFO - Prompt processing progress: 8219/8220
2026-10-03 06:38:53,093 - INFO - Prompt processing progress: 8220/8220
2026-10-03 06:38:57,242 - INFO - Prompt Cache: 0 sequences, 0.00 GB
2026-10-03 06:38:57,242 - INFO - - assistant: 0 sequences, 0.00 GB
2026-10-03 06:38:57,242 - INFO - - user: 0 sequences, 0.00 GB
2026-10-03 06:38:57,242 - INFO - - system: 0 sequences, 0.00 GB
127.0.0.1 - - [03/Oct/2026 06:38:57] "POST /v1/chat/completions HTTP/1.1" 200 -
2026-10-03 06:38:57,372 - INFO - Prompt processing progress: 19/8220
2026-10-03 06:38:58,480 - INFO - Prompt processing progress: 2067/8220
2026-10-03 06:38:59,653 - INFO - Prompt processing progress: 4115/8220
2026-10-03 06:39:00,870 - INFO - Prompt processing progress: 6163/8220
2026-10-03 06:39:02,129 - INFO - Prompt processing progress: 8211/8220
2026-10-03 06:39:02,182 - INFO - Prompt processing progress: 8218/8220
2026-10-03 06:39:02,203 - INFO - Prompt processing progress: 8219/8220
2026-10-03 06:39:02,240 - INFO - Prompt processing progress: 8220/8220
2026-10-03 06:39:06,389 - INFO - Prompt Cache: 0 sequences, 0.00 GB
2026-10-03 06:39:06,389 - INFO - - assistant: 0 sequences, 0.00 GB
2026-10-03 06:39:06,389 - INFO - - user: 0 sequences, 0.00 GB
2026-10-03 06:39:06,389 - INFO - - system: 0 sequences, 0.00 GB
127.0.0.1 - - [03/Oct/2026 06:39:06] "POST /v1/chat/completions HTTP/1.1" 200 -
2026-10-03 06:39:06,512 - INFO - Prompt processing progress: 19/8220
2026-10-03 06:39:07,626 - INFO - Prompt processing progress: 2067/8220
2026-10-03 06:39:08,799 - INFO - Prompt processing progress: 4115/8220
2026-10-03 06:39:10,016 - INFO - Prompt processing progress: 6163/8220
2026-10-03 06:39:11,276 - INFO - Prompt processing progress: 8211/8220
2026-10-03 06:39:11,328 - INFO - Prompt processing progress: 8218/8220
2026-10-03 06:39:11,350 - INFO - Prompt processing progress: 8219/8220
2026-10-03 06:39:11,371 - INFO - Prompt processing progress: 8220/8220
2026-10-03 06:39:15,512 - INFO - Prompt Cache: 0 sequences, 0.00 GB
2026-10-03 06:39:15,512 - INFO - - assistant: 0 sequences, 0.00 GB
2026-10-03 06:39:15,512 - INFO - - user: 0 sequences, 0.00 GB
2026-10-03 06:39:15,512 - INFO - - system: 0 sequences, 0.00 GB
127.0.0.1 - - [03/Oct/2026 06:39:15] "POST /v1/chat/completions HTTP/1.1" 200 -
2026-10-03 06:39:15,641 - INFO - Prompt processing progress: 19/8220
2026-10-03 06:39:16,753 - INFO - Prompt processing progress: 2067/8220
2026-10-03 06:39:17,927 - INFO - Prompt processing progress: 4115/8220
2026-10-03 06:39:19,144 - INFO - Prompt processing progress: 6163/8220
2026-10-03 06:39:20,402 - INFO - Prompt processing progress: 8211/8220
2026-10-03 06:39:20,454 - INFO - Prompt processing progress: 8218/8220
2026-10-03 06:39:20,477 - INFO - Prompt processing progress: 8219/8220
2026-10-03 06:39:20,498 - INFO - Prompt processing progress: 8220/8220
2026-10-03 06:39:24,650 - INFO - Prompt Cache: 0 sequences, 0.00 GB
2026-10-03 06:39:24,650 - INFO - - assistant: 0 sequences, 0.00 GB
2026-10-03 06:39:24,650 - INFO - - user: 0 sequences, 0.00 GB
2026-10-03 06:39:24,650 - INFO - - system: 0 sequences, 0.00 GB
127.0.0.1 - - [03/Oct/2026 06:39:24] "POST /v1/chat/completions HTTP/1.1" 200 -
2026-10-03 06:39:24,784 - INFO - Prompt processing progress: 19/8220
2026-10-03 06:39:25,894 - INFO - Prompt processing progress: 2067/8220
2026-10-03 06:39:27,067 - INFO - Prompt processing progress: 4115/8220
2026-10-03 06:39:28,284 - INFO - Prompt processing progress: 6163/8220
2026-10-03 06:39:29,538 - INFO - Prompt processing progress: 8211/8220
2026-10-03 06:39:29,592 - INFO - Prompt processing progress: 8218/8220
2026-10-03 06:39:29,615 - INFO - Prompt processing progress: 8219/8220
2026-10-03 06:39:29,637 - INFO - Prompt processing progress: 8220/8220
2026-10-03 06:39:33,783 - INFO - Prompt Cache: 0 sequences, 0.00 GB
2026-10-03 06:39:33,783 - INFO - - assistant: 0 sequences, 0.00 GB
2026-10-03 06:39:33,783 - INFO - - user: 0 sequences, 0.00 GB
2026-10-03 06:39:33,783 - INFO - - system: 0 sequences, 0.00 GB
127.0.0.1 - - [03/Oct/2026 06:39:33] "POST /v1/chat/completions HTTP/1.1" 200 -
2026-10-03 06:39:33,906 - INFO - Prompt processing progress: 19/8220
2026-10-03 06:39:35,018 - INFO - Prompt processing progress: 2067/8220
2026-10-03 06:39:36,191 - INFO - Prompt processing progress: 4115/8220
2026-10-03 06:39:37,408 - INFO - Prompt processing progress: 6163/8220
2026-10-03 06:39:38,673 - INFO - Prompt processing progress: 8211/8220
2026-10-03 06:39:38,729 - INFO - Prompt processing progress: 8218/8220
2026-10-03 06:39:38,751 - INFO - Prompt processing progress: 8219/8220
2026-10-03 06:39:38,787 - INFO - Prompt processing progress: 8220/8220
2026-10-03 06:39:42,943 - INFO - Prompt Cache: 0 sequences, 0.00 GB
2026-10-03 06:39:42,943 - INFO - - assistant: 0 sequences, 0.00 GB
2026-10-03 06:39:42,943 - INFO - - user: 0 sequences, 0.00 GB
2026-10-03 06:39:42,943 - INFO - - system: 0 sequences, 0.00 GB
127.0.0.1 - - [03/Oct/2026 06:39:42] "POST /v1/chat/completions HTTP/1.1" 200 -
2026-10-03 06:39:43,073 - INFO - Prompt processing progress: 19/8220
2026-10-03 06:39:44,187 - INFO - Prompt processing progress: 2067/8220
2026-10-03 06:39:45,360 - INFO - Prompt processing progress: 4115/8220
2026-10-03 06:39:46,576 - INFO - Prompt processing progress: 6163/8220
2026-10-03 06:39:47,837 - INFO - Prompt processing progress: 8211/8220
2026-10-03 06:39:47,889 - INFO - Prompt processing progress: 8218/8220
2026-10-03 06:39:47,911 - INFO - Prompt processing progress: 8219/8220
2026-10-03 06:39:47,933 - INFO - Prompt processing progress: 8220/8220
2026-10-03 06:39:52,079 - INFO - Prompt Cache: 0 sequences, 0.00 GB
2026-10-03 06:39:52,079 - INFO - - assistant: 0 sequences, 0.00 GB
2026-10-03 06:39:52,079 - INFO - - user: 0 sequences, 0.00 GB
2026-10-03 06:39:52,079 - INFO - - system: 0 sequences, 0.00 GB
127.0.0.1 - - [03/Oct/2026 06:39:52] "POST /v1/chat/completions HTTP/1.1" 200 -
2026-10-03 06:39:52,204 - INFO - Prompt processing progress: 19/8220
2026-10-03 06:39:53,314 - INFO - Prompt processing progress: 2067/8220
2026-10-03 06:39:54,488 - INFO - Prompt processing progress: 4115/8220
2026-10-03 06:39:55,704 - INFO - Prompt processing progress: 6163/8220
2026-10-03 06:39:56,967 - INFO - Prompt processing progress: 8211/8220
2026-10-03 06:39:57,019 - INFO - Prompt processing progress: 8218/8220
2026-10-03 06:39:57,041 - INFO - Prompt processing progress: 8219/8220
2026-10-03 06:39:57,063 - INFO - Prompt processing progress: 8220/8220
2026-10-03 06:40:01,211 - INFO - Prompt Cache: 0 sequences, 0.00 GB
2026-10-03 06:40:01,211 - INFO - - assistant: 0 sequences, 0.00 GB
2026-10-03 06:40:01,211 - INFO - - user: 0 sequences, 0.00 GB
2026-10-03 06:40:01,211 - INFO - - system: 0 sequences, 0.00 GB
127.0.0.1 - - [03/Oct/2026 06:40:01] "POST /v1/chat/completions HTTP/1.1" 200 -
2026-10-03 06:40:01,341 - INFO - Prompt processing progress: 19/8220
2026-10-03 06:40:02,454 - INFO - Prompt processing progress: 2067/8220
2026-10-03 06:40:03,627 - INFO - Prompt processing progress: 4115/8220
2026-10-03 06:40:04,849 - INFO - Prompt processing progress: 6163/8220
2026-10-03 06:40:06,105 - INFO - Prompt processing progress: 8211/8220
2026-10-03 06:40:06,157 - INFO - Prompt processing progress: 8218/8220
2026-10-03 06:40:06,180 - INFO - Prompt processing progress: 8219/8220
2026-10-03 06:40:06,201 - INFO - Prompt processing progress: 8220/8220
2026-10-03 06:40:10,356 - INFO - Prompt Cache: 0 sequences, 0.00 GB
2026-10-03 06:40:10,356 - INFO - - assistant: 0 sequences, 0.00 GB
2026-10-03 06:40:10,356 - INFO - - user: 0 sequences, 0.00 GB
2026-10-03 06:40:10,356 - INFO - - system: 0 sequences, 0.00 GB
127.0.0.1 - - [03/Oct/2026 06:40:10] "POST /v1/chat/completions HTTP/1.1" 200 -
2026-10-03 06:40:10,486 - INFO - Prompt processing progress: 19/8220
2026-10-03 06:40:11,596 - INFO - Prompt processing progress: 2067/8220
2026-10-03 06:40:12,768 - INFO - Prompt processing progress: 4115/8220
2026-10-03 06:40:13,990 - INFO - Prompt processing progress: 6163/8220
2026-10-03 06:40:15,261 - INFO - Prompt processing progress: 8211/8220
2026-10-03 06:40:15,314 - INFO - Prompt processing progress: 8218/8220
2026-10-03 06:40:15,336 - INFO - Prompt processing progress: 8219/8220
2026-10-03 06:40:15,372 - INFO - Prompt processing progress: 8220/8220
2026-10-03 06:40:19,523 - INFO - Prompt Cache: 0 sequences, 0.00 GB
2026-10-03 06:40:19,523 - INFO - - assistant: 0 sequences, 0.00 GB
2026-10-03 06:40:19,523 - INFO - - user: 0 sequences, 0.00 GB
2026-10-03 06:40:19,523 - INFO - - system: 0 sequences, 0.00 GB
127.0.0.1 - - [03/Oct/2026 06:40:19] "POST /v1/chat/completions HTTP/1.1" 200 -
2026-10-03 06:40:19,646 - INFO - Prompt processing progress: 19/8220
2026-10-03 06:40:20,760 - INFO - Prompt processing progress: 2067/8220
2026-10-03 06:40:21,934 - INFO - Prompt processing progress: 4115/8220
2026-10-03 06:40:23,153 - INFO - Prompt processing progress: 6163/8220
2026-10-03 06:40:24,409 - INFO - Prompt processing progress: 8211/8220
2026-10-03 06:40:24,462 - INFO - Prompt processing progress: 8218/8220
2026-10-03 06:40:24,484 - INFO - Prompt processing progress: 8219/8220
2026-10-03 06:40:24,506 - INFO - Prompt processing progress: 8220/8220
2026-10-03 06:40:28,655 - INFO - Prompt Cache: 0 sequences, 0.00 GB
2026-10-03 06:40:28,655 - INFO - - assistant: 0 sequences, 0.00 GB
2026-10-03 06:40:28,655 - INFO - - user: 0 sequences, 0.00 GB
2026-10-03 06:40:28,655 - INFO - - system: 0 sequences, 0.00 GB
127.0.0.1 - - [03/Oct/2026 06:40:28] "POST /v1/chat/completions HTTP/1.1" 200 -
2026-10-03 06:40:28,784 - INFO - Prompt processing progress: 19/8220
2026-10-03 06:40:29,898 - INFO - Prompt processing progress: 2067/8220
2026-10-03 06:40:31,069 - INFO - Prompt processing progress: 4115/8220
2026-10-03 06:40:32,288 - INFO - Prompt processing progress: 6163/8220
2026-10-03 06:40:33,544 - INFO - Prompt processing progress: 8211/8220
2026-10-03 06:40:33,597 - INFO - Prompt processing progress: 8218/8220
2026-10-03 06:40:33,620 - INFO - Prompt processing progress: 8219/8220
2026-10-03 06:40:33,641 - INFO - Prompt processing progress: 8220/8220
2026-10-03 06:40:37,799 - INFO - Prompt Cache: 0 sequences, 0.00 GB
2026-10-03 06:40:37,799 - INFO - - assistant: 0 sequences, 0.00 GB
2026-10-03 06:40:37,799 - INFO - - user: 0 sequences, 0.00 GB
2026-10-03 06:40:37,799 - INFO - - system: 0 sequences, 0.00 GB
127.0.0.1 - - [03/Oct/2026 06:40:37] "POST /v1/chat/completions HTTP/1.1" 200 -
2026-10-03 06:40:37,930 - INFO - Prompt processing progress: 19/8220
2026-10-03 06:40:39,042 - INFO - Prompt processing progress: 2067/8220
2026-10-03 06:40:40,216 - INFO - Prompt processing progress: 4115/8220
2026-10-03 06:40:41,433 - INFO - Prompt processing progress: 6163/8220
2026-10-03 06:40:42,701 - INFO - Prompt processing progress: 8211/8220
2026-10-03 06:40:42,754 - INFO - Prompt processing progress: 8218/8220
2026-10-03 06:40:42,776 - INFO - Prompt processing progress: 8219/8220
2026-10-03 06:40:42,798 - INFO - Prompt processing progress: 8220/8220
2026-10-03 06:40:46,943 - INFO - Prompt Cache: 0 sequences, 0.00 GB
2026-10-03 06:40:46,943 - INFO - - assistant: 0 sequences, 0.00 GB
2026-10-03 06:40:46,943 - INFO - - user: 0 sequences, 0.00 GB
2026-10-03 06:40:46,943 - INFO - - system: 0 sequences, 0.00 GB
127.0.0.1 - - [03/Oct/2026 06:40:46] "POST /v1/chat/completions HTTP/1.1" 200 -
2026-10-03 06:40:47,066 - INFO - Prompt processing progress: 19/8220
2026-10-03 06:40:48,179 - INFO - Prompt processing progress: 2067/8220
2026-10-03 06:40:49,349 - INFO - Prompt processing progress: 4115/8220
2026-10-03 06:40:50,569 - INFO - Prompt processing progress: 6163/8220
2026-10-03 06:40:51,828 - INFO - Prompt processing progress: 8211/8220
2026-10-03 06:40:51,882 - INFO - Prompt processing progress: 8218/8220
2026-10-03 06:40:51,904 - INFO - Prompt processing progress: 8219/8220
2026-10-03 06:40:51,940 - INFO - Prompt processing progress: 8220/8220
2026-10-03 06:40:56,093 - INFO - Prompt Cache: 0 sequences, 0.00 GB
2026-10-03 06:40:56,093 - INFO - - assistant: 0 sequences, 0.00 GB
2026-10-03 06:40:56,093 - INFO - - user: 0 sequences, 0.00 GB
2026-10-03 06:40:56,093 - INFO - - system: 0 sequences, 0.00 GB
127.0.0.1 - - [03/Oct/2026 06:40:56] "POST /v1/chat/completions HTTP/1.1" 200 -
2026-10-03 06:40:56,217 - INFO - Prompt processing progress: 19/8220
2026-10-03 06:40:57,329 - INFO - Prompt processing progress: 2067/8220
2026-10-03 06:40:58,502 - INFO - Prompt processing progress: 4115/8220
2026-10-03 06:40:59,721 - INFO - Prompt processing progress: 6163/8220
2026-10-03 06:41:00,977 - INFO - Prompt processing progress: 8211/8220
2026-10-03 06:41:01,030 - INFO - Prompt processing progress: 8218/8220
2026-10-03 06:41:01,053 - INFO - Prompt processing progress: 8219/8220
2026-10-03 06:41:01,074 - INFO - Prompt processing progress: 8220/8220
2026-10-03 06:41:05,227 - INFO - Prompt Cache: 0 sequences, 0.00 GB
2026-10-03 06:41:05,227 - INFO - - assistant: 0 sequences, 0.00 GB
2026-10-03 06:41:05,227 - INFO - - user: 0 sequences, 0.00 GB
2026-10-03 06:41:05,227 - INFO - - system: 0 sequences, 0.00 GB
127.0.0.1 - - [03/Oct/2026 06:41:05] "POST /v1/chat/completions HTTP/1.1" 200 -
2026-10-03 06:41:05,356 - INFO - Prompt processing progress: 19/8220
2026-10-03 06:41:06,466 - INFO - Prompt processing progress: 2067/8220
2026-10-03 06:41:07,638 - INFO - Prompt processing progress: 4115/8220
2026-10-03 06:41:08,855 - INFO - Prompt processing progress: 6163/8220
2026-10-03 06:41:10,117 - INFO - Prompt processing progress: 8211/8220
2026-10-03 06:41:10,171 - INFO - Prompt processing progress: 8218/8220
2026-10-03 06:41:10,193 - INFO - Prompt processing progress: 8219/8220
2026-10-03 06:41:10,214 - INFO - Prompt processing progress: 8220/8220
2026-10-03 06:41:14,359 - INFO - Prompt Cache: 0 sequences, 0.00 GB
2026-10-03 06:41:14,359 - INFO - - assistant: 0 sequences, 0.00 GB
2026-10-03 06:41:14,359 - INFO - - user: 0 sequences, 0.00 GB
2026-10-03 06:41:14,359 - INFO - - system: 0 sequences, 0.00 GB
127.0.0.1 - - [03/Oct/2026 06:41:14] "POST /v1/chat/completions HTTP/1.1" 200 -
2026-10-03 06:41:14,483 - INFO - Prompt processing progress: 19/8220
2026-10-03 06:41:15,594 - INFO - Prompt processing progress: 2067/8220
2026-10-03 06:41:16,766 - INFO - Prompt processing progress: 4115/8220
2026-10-03 06:41:17,985 - INFO - Prompt processing progress: 6163/8220
2026-10-03 06:41:19,240 - INFO - Prompt processing progress: 8211/8220
2026-10-03 06:41:19,294 - INFO - Prompt processing progress: 8218/8220
2026-10-03 06:41:19,316 - INFO - Prompt processing progress: 8219/8220
2026-10-03 06:41:19,337 - INFO - Prompt processing progress: 8220/8220
2026-10-03 06:41:23,491 - INFO - Prompt Cache: 0 sequences, 0.00 GB
2026-10-03 06:41:23,491 - INFO - - assistant: 0 sequences, 0.00 GB
2026-10-03 06:41:23,491 - INFO - - user: 0 sequences, 0.00 GB
2026-10-03 06:41:23,491 - INFO - - system: 0 sequences, 0.00 GB
127.0.0.1 - - [03/Oct/2026 06:41:23] "POST /v1/chat/completions HTTP/1.1" 200 -
2026-10-03 06:41:23,620 - INFO - Prompt processing progress: 19/8220
2026-10-03 06:41:24,731 - INFO - Prompt processing progress: 2067/8220
2026-10-03 06:41:25,903 - INFO - Prompt processing progress: 4115/8220
2026-10-03 06:41:27,119 - INFO - Prompt processing progress: 6163/8220
2026-10-03 06:41:28,378 - INFO - Prompt processing progress: 8211/8220
2026-10-03 06:41:28,431 - INFO - Prompt processing progress: 8218/8220
2026-10-03 06:41:28,452 - INFO - Prompt processing progress: 8219/8220
2026-10-03 06:41:28,488 - INFO - Prompt processing progress: 8220/8220
2026-10-03 06:41:32,640 - INFO - Prompt Cache: 0 sequences, 0.00 GB
2026-10-03 06:41:32,640 - INFO - - assistant: 0 sequences, 0.00 GB
2026-10-03 06:41:32,640 - INFO - - user: 0 sequences, 0.00 GB
2026-10-03 06:41:32,640 - INFO - - system: 0 sequences, 0.00 GB
127.0.0.1 - - [03/Oct/2026 06:41:32] "POST /v1/chat/completions HTTP/1.1" 200 -
2026-10-03 06:41:32,764 - INFO - Prompt processing progress: 19/8220
2026-10-03 06:41:33,878 - INFO - Prompt processing progress: 2067/8220
2026-10-03 06:41:35,055 - INFO - Prompt processing progress: 4115/8220
2026-10-03 06:41:36,271 - INFO - Prompt processing progress: 6163/8220
2026-10-03 06:41:37,528 - INFO - Prompt processing progress: 8211/8220
2026-10-03 06:41:37,581 - INFO - Prompt processing progress: 8218/8220
2026-10-03 06:41:37,603 - INFO - Prompt processing progress: 8219/8220
2026-10-03 06:41:37,624 - INFO - Prompt processing progress: 8220/8220
2026-10-03 06:41:41,777 - INFO - Prompt Cache: 0 sequences, 0.00 GB
2026-10-03 06:41:41,777 - INFO - - assistant: 0 sequences, 0.00 GB
2026-10-03 06:41:41,777 - INFO - - user: 0 sequences, 0.00 GB
2026-10-03 06:41:41,777 - INFO - - system: 0 sequences, 0.00 GB
127.0.0.1 - - [03/Oct/2026 06:41:41] "POST /v1/chat/completions HTTP/1.1" 200 -
2026-10-03 06:41:41,900 - INFO - Prompt processing progress: 19/8220
2026-10-03 06:41:43,014 - INFO - Prompt processing progress: 2067/8220
2026-10-03 06:41:44,187 - INFO - Prompt processing progress: 4115/8220
2026-10-03 06:41:45,409 - INFO - Prompt processing progress: 6163/8220
2026-10-03 06:41:46,665 - INFO - Prompt processing progress: 8211/8220
2026-10-03 06:41:46,718 - INFO - Prompt processing progress: 8218/8220
2026-10-03 06:41:46,741 - INFO - Prompt processing progress: 8219/8220
2026-10-03 06:41:46,762 - INFO - Prompt processing progress: 8220/8220
2026-10-03 06:41:50,919 - INFO - Prompt Cache: 0 sequences, 0.00 GB
2026-10-03 06:41:50,919 - INFO - - assistant: 0 sequences, 0.00 GB
2026-10-03 06:41:50,919 - INFO - - user: 0 sequences, 0.00 GB
2026-10-03 06:41:50,919 - INFO - - system: 0 sequences, 0.00 GB
127.0.0.1 - - [03/Oct/2026 06:41:50] "POST /v1/chat/completions HTTP/1.1" 200 -
2026-10-03 06:41:51,050 - INFO - Prompt processing progress: 19/8220
2026-10-03 06:41:52,161 - INFO - Prompt processing progress: 2067/8220
2026-10-03 06:41:53,333 - INFO - Prompt processing progress: 4115/8220
2026-10-03 06:41:54,550 - INFO - Prompt processing progress: 6163/8220
2026-10-03 06:41:55,807 - INFO - Prompt processing progress: 8211/8220
2026-10-03 06:41:55,860 - INFO - Prompt processing progress: 8218/8220
2026-10-03 06:41:55,883 - INFO - Prompt processing progress: 8219/8220
2026-10-03 06:41:55,904 - INFO - Prompt processing progress: 8220/8220
2026-10-03 06:42:00,052 - INFO - Prompt Cache: 0 sequences, 0.00 GB
2026-10-03 06:42:00,052 - INFO - - assistant: 0 sequences, 0.00 GB
2026-10-03 06:42:00,052 - INFO - - user: 0 sequences, 0.00 GB
2026-10-03 06:42:00,052 - INFO - - system: 0 sequences, 0.00 GB
127.0.0.1 - - [03/Oct/2026 06:42:00] "POST /v1/chat/completions HTTP/1.1" 200 -
2026-10-03 06:42:00,181 - INFO - Prompt processing progress: 19/8220
2026-10-03 06:42:01,291 - INFO - Prompt processing progress: 2067/8220
2026-10-03 06:42:02,462 - INFO - Prompt processing progress: 4115/8220
2026-10-03 06:42:03,679 - INFO - Prompt processing progress: 6163/8220
2026-10-03 06:42:04,942 - INFO - Prompt processing progress: 8211/8220
2026-10-03 06:42:04,995 - INFO - Prompt processing progress: 8218/8220
2026-10-03 06:42:05,017 - INFO - Prompt processing progress: 8219/8220
2026-10-03 06:42:05,053 - INFO - Prompt processing progress: 8220/8220
2026-10-03 06:42:09,206 - INFO - Prompt Cache: 0 sequences, 0.00 GB
2026-10-03 06:42:09,206 - INFO - - assistant: 0 sequences, 0.00 GB
2026-10-03 06:42:09,207 - INFO - - user: 0 sequences, 0.00 GB
2026-10-03 06:42:09,207 - INFO - - system: 0 sequences, 0.00 GB
127.0.0.1 - - [03/Oct/2026 06:42:09] "POST /v1/chat/completions HTTP/1.1" 200 -
2026-10-03 06:42:09,330 - INFO - Prompt processing progress: 19/8220
2026-10-03 06:42:10,443 - INFO - Prompt processing progress: 2067/8220
2026-10-03 06:42:11,615 - INFO - Prompt processing progress: 4115/8220
2026-10-03 06:42:12,831 - INFO - Prompt processing progress: 6163/8220
2026-10-03 06:42:14,093 - INFO - Prompt processing progress: 8211/8220
2026-10-03 06:42:14,146 - INFO - Prompt processing progress: 8218/8220
2026-10-03 06:42:14,169 - INFO - Prompt processing progress: 8219/8220
2026-10-03 06:42:14,190 - INFO - Prompt processing progress: 8220/8220
2026-10-03 06:42:18,344 - INFO - Prompt Cache: 0 sequences, 0.00 GB
2026-10-03 06:42:18,344 - INFO - - assistant: 0 sequences, 0.00 GB
2026-10-03 06:42:18,344 - INFO - - user: 0 sequences, 0.00 GB
2026-10-03 06:42:18,344 - INFO - - system: 0 sequences, 0.00 GB
127.0.0.1 - - [03/Oct/2026 06:42:18] "POST /v1/chat/completions HTTP/1.1" 200 -
2026-10-03 06:42:18,467 - INFO - Prompt processing progress: 19/8220
2026-10-03 06:42:19,579 - INFO - Prompt processing progress: 2067/8220
2026-10-03 06:42:20,754 - INFO - Prompt processing progress: 4115/8220
2026-10-03 06:42:21,970 - INFO - Prompt processing progress: 6163/8220
2026-10-03 06:42:23,231 - INFO - Prompt processing progress: 8211/8220
2026-10-03 06:42:23,283 - INFO - Prompt processing progress: 8218/8220
2026-10-03 06:42:23,305 - INFO - Prompt processing progress: 8219/8220
2026-10-03 06:42:23,327 - INFO - Prompt processing progress: 8220/8220
2026-10-03 06:42:27,473 - INFO - Prompt Cache: 0 sequences, 0.00 GB
2026-10-03 06:42:27,473 - INFO - - assistant: 0 sequences, 0.00 GB
2026-10-03 06:42:27,473 - INFO - - user: 0 sequences, 0.00 GB
2026-10-03 06:42:27,473 - INFO - - system: 0 sequences, 0.00 GB
127.0.0.1 - - [03/Oct/2026 06:42:27] "POST /v1/chat/completions HTTP/1.1" 200 -
2026-10-03 06:42:27,604 - INFO - Prompt processing progress: 19/8220
2026-10-03 06:42:28,717 - INFO - Prompt processing progress: 2067/8220
2026-10-03 06:42:29,889 - INFO - Prompt processing progress: 4115/8220
2026-10-03 06:42:31,108 - INFO - Prompt processing progress: 6163/8220
2026-10-03 06:42:32,363 - INFO - Prompt processing progress: 8211/8220
2026-10-03 06:42:32,415 - INFO - Prompt processing progress: 8218/8220
2026-10-03 06:42:32,438 - INFO - Prompt processing progress: 8219/8220
2026-10-03 06:42:32,459 - INFO - Prompt processing progress: 8220/8220
2026-10-03 06:42:36,617 - INFO - Prompt Cache: 0 sequences, 0.00 GB
2026-10-03 06:42:36,617 - INFO - - assistant: 0 sequences, 0.00 GB
2026-10-03 06:42:36,617 - INFO - - user: 0 sequences, 0.00 GB
2026-10-03 06:42:36,617 - INFO - - system: 0 sequences, 0.00 GB
127.0.0.1 - - [03/Oct/2026 06:42:36] "POST /v1/chat/completions HTTP/1.1" 200 -
2026-10-03 06:42:36,747 - INFO - Prompt processing progress: 19/8220
2026-10-03 06:42:37,858 - INFO - Prompt processing progress: 2067/8220
2026-10-03 06:42:39,031 - INFO - Prompt processing progress: 4115/8220
2026-10-03 06:42:40,247 - INFO - Prompt processing progress: 6163/8220
2026-10-03 06:42:41,502 - INFO - Prompt processing progress: 8211/8220
2026-10-03 06:42:41,555 - INFO - Prompt processing progress: 8218/8220
2026-10-03 06:42:41,577 - INFO - Prompt processing progress: 8219/8220
2026-10-03 06:42:41,613 - INFO - Prompt processing progress: 8220/8220
2026-10-03 06:42:45,769 - INFO - Prompt Cache: 0 sequences, 0.00 GB
2026-10-03 06:42:45,769 - INFO - - assistant: 0 sequences, 0.00 GB
2026-10-03 06:42:45,769 - INFO - - user: 0 sequences, 0.00 GB
2026-10-03 06:42:45,769 - INFO - - system: 0 sequences, 0.00 GB
127.0.0.1 - - [03/Oct/2026 06:42:45] "POST /v1/chat/completions HTTP/1.1" 200 -
2026-10-03 06:42:45,900 - INFO - Prompt processing progress: 19/8220
2026-10-03 06:42:47,020 - INFO - Prompt processing progress: 2067/8220
2026-10-03 06:42:48,195 - INFO - Prompt processing progress: 4115/8220
2026-10-03 06:42:49,412 - INFO - Prompt processing progress: 6163/8220
2026-10-03 06:42:50,669 - INFO - Prompt processing progress: 8211/8220
2026-10-03 06:42:50,722 - INFO - Prompt processing progress: 8218/8220
2026-10-03 06:42:50,744 - INFO - Prompt processing progress: 8219/8220
2026-10-03 06:42:50,766 - INFO - Prompt processing progress: 8220/8220
2026-10-03 06:42:54,918 - INFO - Prompt Cache: 0 sequences, 0.00 GB
2026-10-03 06:42:54,918 - INFO - - assistant: 0 sequences, 0.00 GB
2026-10-03 06:42:54,918 - INFO - - user: 0 sequences, 0.00 GB
2026-10-03 06:42:54,918 - INFO - - system: 0 sequences, 0.00 GB
127.0.0.1 - - [03/Oct/2026 06:42:54] "POST /v1/chat/completions HTTP/1.1" 200 -
2026-10-03 06:42:55,052 - INFO - Prompt processing progress: 19/8220
2026-10-03 06:42:56,167 - INFO - Prompt processing progress: 2067/8220
2026-10-03 06:42:57,340 - INFO - Prompt processing progress: 4115/8220
2026-10-03 06:42:58,561 - INFO - Prompt processing progress: 6163/8220
2026-10-03 06:42:59,820 - INFO - Prompt processing progress: 8211/8220
2026-10-03 06:42:59,872 - INFO - Prompt processing progress: 8218/8220
2026-10-03 06:42:59,894 - INFO - Prompt processing progress: 8219/8220
2026-10-03 06:42:59,916 - INFO - Prompt processing progress: 8220/8220
2026-10-03 06:43:04,070 - INFO - Prompt Cache: 0 sequences, 0.00 GB
2026-10-03 06:43:04,070 - INFO - - assistant: 0 sequences, 0.00 GB
2026-10-03 06:43:04,070 - INFO - - user: 0 sequences, 0.00 GB
2026-10-03 06:43:04,070 - INFO - - system: 0 sequences, 0.00 GB
127.0.0.1 - - [03/Oct/2026 06:43:04] "POST /v1/chat/completions HTTP/1.1" 200 -
2026-10-03 06:43:04,195 - INFO - Prompt processing progress: 19/8220
2026-10-03 06:43:05,310 - INFO - Prompt processing progress: 2067/8220
2026-10-03 06:43:06,485 - INFO - Prompt processing progress: 4115/8220
2026-10-03 06:43:07,704 - INFO - Prompt processing progress: 6163/8220
2026-10-03 06:43:08,959 - INFO - Prompt processing progress: 8211/8220
2026-10-03 06:43:09,012 - INFO - Prompt processing progress: 8218/8220
2026-10-03 06:43:09,034 - INFO - Prompt processing progress: 8219/8220
2026-10-03 06:43:09,056 - INFO - Prompt processing progress: 8220/8220
2026-10-03 06:43:13,207 - INFO - Prompt Cache: 0 sequences, 0.00 GB
2026-10-03 06:43:13,207 - INFO - - assistant: 0 sequences, 0.00 GB
2026-10-03 06:43:13,207 - INFO - - user: 0 sequences, 0.00 GB
2026-10-03 06:43:13,207 - INFO - - system: 0 sequences, 0.00 GB
127.0.0.1 - - [03/Oct/2026 06:43:13] "POST /v1/chat/completions HTTP/1.1" 200 -
2026-10-03 06:43:13,329 - INFO - Prompt processing progress: 19/8220
2026-10-03 06:43:14,442 - INFO - Prompt processing progress: 2067/8220
2026-10-03 06:43:15,616 - INFO - Prompt processing progress: 4115/8220
2026-10-03 06:43:16,833 - INFO - Prompt processing progress: 6163/8220
2026-10-03 06:43:18,089 - INFO - Prompt processing progress: 8211/8220
2026-10-03 06:43:18,142 - INFO - Prompt processing progress: 8218/8220
2026-10-03 06:43:18,163 - INFO - Prompt processing progress: 8219/8220
2026-10-03 06:43:18,199 - INFO - Prompt processing progress: 8220/8220
2026-10-03 06:43:22,351 - INFO - Prompt Cache: 0 sequences, 0.00 GB
2026-10-03 06:43:22,351 - INFO - - assistant: 0 sequences, 0.00 GB
2026-10-03 06:43:22,351 - INFO - - user: 0 sequences, 0.00 GB
2026-10-03 06:43:22,351 - INFO - - system: 0 sequences, 0.00 GB
127.0.0.1 - - [03/Oct/2026 06:43:22] "POST /v1/chat/completions HTTP/1.1" 200 -
2026-10-03 06:43:22,481 - INFO - Prompt processing progress: 19/8220
2026-10-03 06:43:23,593 - INFO - Prompt processing progress: 2067/8220
2026-10-03 06:43:24,765 - INFO - Prompt processing progress: 4115/8220
2026-10-03 06:43:25,981 - INFO - Prompt processing progress: 6163/8220
2026-10-03 06:43:27,238 - INFO - Prompt processing progress: 8211/8220
2026-10-03 06:43:27,291 - INFO - Prompt processing progress: 8218/8220
2026-10-03 06:43:27,313 - INFO - Prompt processing progress: 8219/8220
2026-10-03 06:43:27,334 - INFO - Prompt processing progress: 8220/8220
2026-10-03 06:43:31,484 - INFO - Prompt Cache: 0 sequences, 0.00 GB
2026-10-03 06:43:31,484 - INFO - - assistant: 0 sequences, 0.00 GB
2026-10-03 06:43:31,484 - INFO - - user: 0 sequences, 0.00 GB
2026-10-03 06:43:31,484 - INFO - - system: 0 sequences, 0.00 GB
127.0.0.1 - - [03/Oct/2026 06:43:31] "POST /v1/chat/completions HTTP/1.1" 200 -
2026-10-03 06:43:31,613 - INFO - Prompt processing progress: 19/8220
2026-10-03 06:43:32,724 - INFO - Prompt processing progress: 2067/8220
2026-10-03 06:43:33,895 - INFO - Prompt processing progress: 4115/8220
2026-10-03 06:43:35,111 - INFO - Prompt processing progress: 6163/8220
2026-10-03 06:43:36,368 - INFO - Prompt processing progress: 8211/8220
2026-10-03 06:43:36,420 - INFO - Prompt processing progress: 8218/8220
2026-10-03 06:43:36,442 - INFO - Prompt processing progress: 8219/8220
2026-10-03 06:43:36,463 - INFO - Prompt processing progress: 8220/8220
2026-10-03 06:43:40,614 - INFO - Prompt Cache: 0 sequences, 0.00 GB
2026-10-03 06:43:40,614 - INFO - - assistant: 0 sequences, 0.00 GB
2026-10-03 06:43:40,614 - INFO - - user: 0 sequences, 0.00 GB
2026-10-03 06:43:40,614 - INFO - - system: 0 sequences, 0.00 GB
127.0.0.1 - - [03/Oct/2026 06:43:40] "POST /v1/chat/completions HTTP/1.1" 200 -
2026-10-03 06:43:40,737 - INFO - Prompt processing progress: 19/8220
2026-10-03 06:43:41,847 - INFO - Prompt processing progress: 2067/8220
2026-10-03 06:43:43,021 - INFO - Prompt processing progress: 4115/8220
2026-10-03 06:43:44,247 - INFO - Prompt processing progress: 6163/8220
2026-10-03 06:43:45,504 - INFO - Prompt processing progress: 8211/8220
2026-10-03 06:43:45,556 - INFO - Prompt processing progress: 8218/8220
2026-10-03 06:43:45,579 - INFO - Prompt processing progress: 8219/8220
2026-10-03 06:43:45,600 - INFO - Prompt processing progress: 8220/8220
2026-10-03 06:43:49,760 - INFO - Prompt Cache: 0 sequences, 0.00 GB
2026-10-03 06:43:49,760 - INFO - - assistant: 0 sequences, 0.00 GB
2026-10-03 06:43:49,760 - INFO - - user: 0 sequences, 0.00 GB
2026-10-03 06:43:49,760 - INFO - - system: 0 sequences, 0.00 GB
127.0.0.1 - - [03/Oct/2026 06:43:49] "POST /v1/chat/completions HTTP/1.1" 200 -
2026-10-03 06:43:49,886 - INFO - Prompt processing progress: 19/8220
2026-10-03 06:43:50,998 - INFO - Prompt processing progress: 2067/8220
2026-10-03 06:43:52,170 - INFO - Prompt processing progress: 4115/8220
2026-10-03 06:43:53,386 - INFO - Prompt processing progress: 6163/8220
2026-10-03 06:43:54,650 - INFO - Prompt processing progress: 8211/8220
2026-10-03 06:43:54,703 - INFO - Prompt processing progress: 8218/8220
2026-10-03 06:43:54,725 - INFO - Prompt processing progress: 8219/8220
2026-10-03 06:43:54,762 - INFO - Prompt processing progress: 8220/8220
2026-10-03 06:43:58,914 - INFO - Prompt Cache: 0 sequences, 0.00 GB
2026-10-03 06:43:58,914 - INFO - - assistant: 0 sequences, 0.00 GB
2026-10-03 06:43:58,914 - INFO - - user: 0 sequences, 0.00 GB
2026-10-03 06:43:58,914 - INFO - - system: 0 sequences, 0.00 GB
127.0.0.1 - - [03/Oct/2026 06:43:58] "POST /v1/chat/completions HTTP/1.1" 200 -
2026-10-03 06:43:59,043 - INFO - Prompt processing progress: 19/8220
2026-10-03 06:44:00,156 - INFO - Prompt processing progress: 2067/8220
2026-10-03 06:44:01,329 - INFO - Prompt processing progress: 4115/8220
2026-10-03 06:44:02,547 - INFO - Prompt processing progress: 6163/8220
2026-10-03 06:44:03,810 - INFO - Prompt processing progress: 8211/8220
2026-10-03 06:44:03,863 - INFO - Prompt processing progress: 8218/8220
2026-10-03 06:44:03,885 - INFO - Prompt processing progress: 8219/8220
2026-10-03 06:44:03,906 - INFO - Prompt processing progress: 8220/8220
2026-10-03 06:44:08,062 - INFO - Prompt Cache: 0 sequences, 0.00 GB
2026-10-03 06:44:08,062 - INFO - - assistant: 0 sequences, 0.00 GB
2026-10-03 06:44:08,062 - INFO - - user: 0 sequences, 0.00 GB
2026-10-03 06:44:08,062 - INFO - - system: 0 sequences, 0.00 GB
127.0.0.1 - - [03/Oct/2026 06:44:08] "POST /v1/chat/completions HTTP/1.1" 200 -
2026-10-03 06:44:08,191 - INFO - Prompt processing progress: 19/8220
2026-10-03 06:44:09,304 - INFO - Prompt processing progress: 2067/8220
2026-10-03 06:44:10,476 - INFO - Prompt processing progress: 4115/8220
2026-10-03 06:44:11,693 - INFO - Prompt processing progress: 6163/8220
2026-10-03 06:44:12,950 - INFO - Prompt processing progress: 8211/8220
2026-10-03 06:44:13,002 - INFO - Prompt processing progress: 8218/8220
2026-10-03 06:44:13,024 - INFO - Prompt processing progress: 8219/8220
2026-10-03 06:44:13,046 - INFO - Prompt processing progress: 8220/8220
2026-10-03 06:44:17,194 - INFO - Prompt Cache: 0 sequences, 0.00 GB
2026-10-03 06:44:17,194 - INFO - - assistant: 0 sequences, 0.00 GB
2026-10-03 06:44:17,194 - INFO - - user: 0 sequences, 0.00 GB
2026-10-03 06:44:17,194 - INFO - - system: 0 sequences, 0.00 GB
127.0.0.1 - - [03/Oct/2026 06:44:17] "POST /v1/chat/completions HTTP/1.1" 200 -
2026-10-03 06:44:17,323 - INFO - Prompt processing progress: 19/8220
2026-10-03 06:44:18,433 - INFO - Prompt processing progress: 2067/8220
2026-10-03 06:44:19,604 - INFO - Prompt processing progress: 4115/8220
2026-10-03 06:44:20,820 - INFO - Prompt processing progress: 6163/8220
2026-10-03 06:44:22,078 - INFO - Prompt processing progress: 8211/8220
2026-10-03 06:44:22,131 - INFO - Prompt processing progress: 8218/8220
2026-10-03 06:44:22,153 - INFO - Prompt processing progress: 8219/8220
2026-10-03 06:44:22,174 - INFO - Prompt processing progress: 8220/8220
2026-10-03 06:44:26,329 - INFO - Prompt Cache: 0 sequences, 0.00 GB
2026-10-03 06:44:26,329 - INFO - - assistant: 0 sequences, 0.00 GB
2026-10-03 06:44:26,329 - INFO - - user: 0 sequences, 0.00 GB
2026-10-03 06:44:26,329 - INFO - - system: 0 sequences, 0.00 GB
127.0.0.1 - - [03/Oct/2026 06:44:26] "POST /v1/chat/completions HTTP/1.1" 200 -
2026-10-03 06:44:26,458 - INFO - Prompt processing progress: 19/8220
2026-10-03 06:44:27,570 - INFO - Prompt processing progress: 2067/8220
2026-10-03 06:44:28,745 - INFO - Prompt processing progress: 4115/8220
2026-10-03 06:44:29,961 - INFO - Prompt processing progress: 6163/8220
2026-10-03 06:44:31,224 - INFO - Prompt processing progress: 8211/8220
2026-10-03 06:44:31,277 - INFO - Prompt processing progress: 8218/8220
2026-10-03 06:44:31,299 - INFO - Prompt processing progress: 8219/8220
2026-10-03 06:44:31,335 - INFO - Prompt processing progress: 8220/8220
2026-10-03 06:44:35,489 - INFO - Prompt Cache: 0 sequences, 0.00 GB
2026-10-03 06:44:35,489 - INFO - - assistant: 0 sequences, 0.00 GB
2026-10-03 06:44:35,489 - INFO - - user: 0 sequences, 0.00 GB
2026-10-03 06:44:35,489 - INFO - - system: 0 sequences, 0.00 GB
127.0.0.1 - - [03/Oct/2026 06:44:35] "POST /v1/chat/completions HTTP/1.1" 200 -
2026-10-03 06:44:35,612 - INFO - Prompt processing progress: 19/8220
2026-10-03 06:44:36,728 - INFO - Prompt processing progress: 2067/8220
2026-10-03 06:44:37,898 - INFO - Prompt processing progress: 4115/8220
2026-10-03 06:44:39,113 - INFO - Prompt processing progress: 6163/8220
2026-10-03 06:44:40,370 - INFO - Prompt processing progress: 8211/8220
2026-10-03 06:44:40,422 - INFO - Prompt processing progress: 8218/8220
2026-10-03 06:44:40,444 - INFO - Prompt processing progress: 8219/8220
2026-10-03 06:44:40,466 - INFO - Prompt processing progress: 8220/8220
2026-10-03 06:44:44,614 - INFO - Prompt Cache: 0 sequences, 0.00 GB
2026-10-03 06:44:44,614 - INFO - - assistant: 0 sequences, 0.00 GB
2026-10-03 06:44:44,614 - INFO - - user: 0 sequences, 0.00 GB
2026-10-03 06:44:44,614 - INFO - - system: 0 sequences, 0.00 GB
127.0.0.1 - - [03/Oct/2026 06:44:44] "POST /v1/chat/completions HTTP/1.1" 200 -
2026-10-03 06:44:44,737 - INFO - Prompt processing progress: 19/8220
2026-10-03 06:44:45,849 - INFO - Prompt processing progress: 2067/8220
2026-10-03 06:44:47,020 - INFO - Prompt processing progress: 4115/8220
2026-10-03 06:44:48,239 - INFO - Prompt processing progress: 6163/8220
2026-10-03 06:44:49,501 - INFO - Prompt processing progress: 8211/8220
2026-10-03 06:44:49,553 - INFO - Prompt processing progress: 8218/8220
2026-10-03 06:44:49,575 - INFO - Prompt processing progress: 8219/8220
2026-10-03 06:44:49,597 - INFO - Prompt processing progress: 8220/8220
2026-10-03 06:44:53,752 - INFO - Prompt Cache: 0 sequences, 0.00 GB
2026-10-03 06:44:53,752 - INFO - - assistant: 0 sequences, 0.00 GB
2026-10-03 06:44:53,752 - INFO - - user: 0 sequences, 0.00 GB
2026-10-03 06:44:53,752 - INFO - - system: 0 sequences, 0.00 GB
127.0.0.1 - - [03/Oct/2026 06:44:53] "POST /v1/chat/completions HTTP/1.1" 200 -
2026-10-03 06:44:53,882 - INFO - Prompt processing progress: 19/8220
2026-10-03 06:44:54,996 - INFO - Prompt processing progress: 2067/8220
2026-10-03 06:44:56,168 - INFO - Prompt processing progress: 4115/8220
2026-10-03 06:44:57,384 - INFO - Prompt processing progress: 6163/8220
2026-10-03 06:44:58,642 - INFO - Prompt processing progress: 8211/8220
2026-10-03 06:44:58,695 - INFO - Prompt processing progress: 8218/8220
2026-10-03 06:44:58,718 - INFO - Prompt processing progress: 8219/8220
2026-10-03 06:44:58,739 - INFO - Prompt processing progress: 8220/8220
