<repo>/vendor/vlm-runtime/.venv/lib/python3.12/site-packages/mlx_lm/server.py:1723: UserWarning: mlx_lm.server is not recommended for production as it only implements basic security checks.
  warnings.warn(
2026-10-01 20:31:50,106 - INFO - Starting httpd at 127.0.0.1 on port 18185...
127.0.0.1 - - [01/Oct/2026 20:31:50] "GET /v1/models HTTP/1.1" 200 -
----------------------------------------
Exception occurred during processing of request from ('127.0.0.1', 62469)
Traceback (most recent call last):
  File "<m5-home>/.local/share/uv/python/cpython-3.12.13-macos-aarch64-none/lib/python3.12/socketserver.py", line 697, in process_request_thread
    self.finish_request(request, client_address)
  File "<m5-home>/.local/share/uv/python/cpython-3.12.13-macos-aarch64-none/lib/python3.12/socketserver.py", line 362, in finish_request
    self.RequestHandlerClass(request, client_address, self)
  File "<repo>/vendor/vlm-runtime/.venv/lib/python3.12/site-packages/mlx_lm/server.py", line 1716, in <lambda>
    lambda *args, **kwargs: handler_class(
                            ^^^^^^^^^^^^^^
  File "<repo>/vendor/vlm-runtime/.venv/lib/python3.12/site-packages/mlx_lm/server.py", line 1073, in __init__
    super().__init__(*args, **kwargs)
  File "<m5-home>/.local/share/uv/python/cpython-3.12.13-macos-aarch64-none/lib/python3.12/socketserver.py", line 766, in __init__
    self.handle()
  File "<m5-home>/.local/share/uv/python/cpython-3.12.13-macos-aarch64-none/lib/python3.12/http/server.py", line 440, in handle
    self.handle_one_request()
  File "<m5-home>/.local/share/uv/python/cpython-3.12.13-macos-aarch64-none/lib/python3.12/http/server.py", line 428, in handle_one_request
    method()
  File "<repo>/vendor/vlm-runtime/.venv/lib/python3.12/site-packages/mlx_lm/server.py", line 1625, in do_GET
    self.handle_models_request()
  File "<repo>/vendor/vlm-runtime/.venv/lib/python3.12/site-packages/mlx_lm/server.py", line 1668, in handle_models_request
    hf_cache_info = scan_cache_dir()
                    ^^^^^^^^^^^^^^^^
  File "<repo>/vendor/vlm-runtime/.venv/lib/python3.12/site-packages/huggingface_hub/utils/_cache_manager.py", line 777, in scan_cache_dir
    raise CacheNotFound(
huggingface_hub.errors.CacheNotFound: Cache directory not found: <repo>/.cache/huggingface/hub. Please use `cache_dir` argument or set `HF_HUB_CACHE` environment variable.
----------------------------------------
[transformers] You are using a model of type `mimo_v2` to instantiate a model of type ``. This may be expected if you are loading a checkpoint that shares a subset of the architecture (e.g., loading a `sam2_video` checkpoint into `Sam2Model`), but is otherwise not supported and can yield errors. Please verify that the checkpoint is compatible with the model you are instantiating.
127.0.0.1 - - [01/Oct/2026 20:32:01] "POST /v1/chat/completions HTTP/1.1" 200 -
2026-10-01 20:32:01,712 - INFO - Prompt Cache: 0 sequences, 0.00 GB
2026-10-01 20:32:01,712 - INFO - - assistant: 0 sequences, 0.00 GB
2026-10-01 20:32:01,713 - INFO - - user: 0 sequences, 0.00 GB
2026-10-01 20:32:01,713 - INFO - - system: 0 sequences, 0.00 GB
2026-10-01 20:32:01,759 - INFO - Prompt processing progress: 0/200001
2026-10-01 20:32:06,750 - INFO - Prompt processing progress: 2048/200001
2026-10-01 20:32:07,917 - INFO - Prompt processing progress: 4096/200001
2026-10-01 20:32:09,129 - INFO - Prompt processing progress: 6144/200001
2026-10-01 20:32:10,388 - INFO - Prompt processing progress: 8192/200001
2026-10-01 20:32:11,698 - INFO - Prompt processing progress: 10240/200001
2026-10-01 20:32:13,056 - INFO - Prompt processing progress: 12288/200001
2026-10-01 20:32:14,460 - INFO - Prompt processing progress: 14336/200001
2026-10-01 20:32:15,900 - INFO - Prompt processing progress: 16384/200001
2026-10-01 20:32:17,400 - INFO - Prompt processing progress: 18432/200001
2026-10-01 20:32:18,950 - INFO - Prompt processing progress: 20480/200001
2026-10-01 20:32:20,557 - INFO - Prompt processing progress: 22528/200001
2026-10-01 20:32:22,211 - INFO - Prompt processing progress: 24576/200001
2026-10-01 20:32:23,904 - INFO - Prompt processing progress: 26624/200001
2026-10-01 20:32:25,644 - INFO - Prompt processing progress: 28672/200001
2026-10-01 20:32:27,432 - INFO - Prompt processing progress: 30720/200001
2026-10-01 20:32:29,269 - INFO - Prompt processing progress: 32768/200001
2026-10-01 20:32:31,147 - INFO - Prompt processing progress: 34816/200001
2026-10-01 20:32:33,127 - INFO - Prompt processing progress: 36864/200001
2026-10-01 20:32:35,153 - INFO - Prompt processing progress: 38912/200001
2026-10-01 20:32:37,242 - INFO - Prompt processing progress: 40960/200001
2026-10-01 20:32:39,382 - INFO - Prompt processing progress: 43008/200001
2026-10-01 20:32:41,565 - INFO - Prompt processing progress: 45056/200001
2026-10-01 20:32:43,798 - INFO - Prompt processing progress: 47104/200001
2026-10-01 20:32:46,104 - INFO - Prompt processing progress: 49152/200001
2026-10-01 20:32:48,471 - INFO - Prompt processing progress: 51200/200001
2026-10-01 20:32:50,903 - INFO - Prompt processing progress: 53248/200001
2026-10-01 20:32:53,365 - INFO - Prompt processing progress: 55296/200001
2026-10-01 20:32:55,910 - INFO - Prompt processing progress: 57344/200001
2026-10-01 20:32:58,536 - INFO - Prompt processing progress: 59392/200001
2026-10-01 20:33:01,236 - INFO - Prompt processing progress: 61440/200001
2026-10-01 20:33:03,969 - INFO - Prompt processing progress: 63488/200001
2026-10-01 20:33:06,755 - INFO - Prompt processing progress: 65536/200001
2026-10-01 20:33:09,600 - INFO - Prompt processing progress: 67584/200001
2026-10-01 20:33:12,507 - INFO - Prompt processing progress: 69632/200001
2026-10-01 20:33:15,491 - INFO - Prompt processing progress: 71680/200001
2026-10-01 20:33:18,519 - INFO - Prompt processing progress: 73728/200001
2026-10-01 20:33:21,598 - INFO - Prompt processing progress: 75776/200001
2026-10-01 20:33:24,740 - INFO - Prompt processing progress: 77824/200001
2026-10-01 20:33:27,915 - INFO - Prompt processing progress: 79872/200001
2026-10-01 20:33:31,160 - INFO - Prompt processing progress: 81920/200001
2026-10-01 20:33:34,455 - INFO - Prompt processing progress: 83968/200001
2026-10-01 20:33:37,806 - INFO - Prompt processing progress: 86016/200001
2026-10-01 20:33:41,216 - INFO - Prompt processing progress: 88064/200001
2026-10-01 20:33:44,688 - INFO - Prompt processing progress: 90112/200001
2026-10-01 20:33:48,213 - INFO - Prompt processing progress: 92160/200001
2026-10-01 20:33:51,766 - INFO - Prompt processing progress: 94208/200001
2026-10-01 20:33:55,374 - INFO - Prompt processing progress: 96256/200001
2026-10-01 20:33:59,054 - INFO - Prompt processing progress: 98304/200001
2026-10-01 20:34:02,792 - INFO - Prompt processing progress: 100352/200001
2026-10-01 20:34:06,588 - INFO - Prompt processing progress: 102400/200001
2026-10-01 20:34:10,433 - INFO - Prompt processing progress: 104448/200001
2026-10-01 20:34:14,322 - INFO - Prompt processing progress: 106496/200001
2026-10-01 20:34:18,306 - INFO - Prompt processing progress: 108544/200001
2026-10-01 20:34:22,346 - INFO - Prompt processing progress: 110592/200001
2026-10-01 20:34:26,416 - INFO - Prompt processing progress: 112640/200001
2026-10-01 20:34:30,543 - INFO - Prompt processing progress: 114688/200001
2026-10-01 20:34:34,730 - INFO - Prompt processing progress: 116736/200001
2026-10-01 20:34:38,975 - INFO - Prompt processing progress: 118784/200001
2026-10-01 20:34:43,250 - INFO - Prompt processing progress: 120832/200001
2026-10-01 20:34:47,600 - INFO - Prompt processing progress: 122880/200001
2026-10-01 20:34:52,000 - INFO - Prompt processing progress: 124928/200001
2026-10-01 20:34:56,441 - INFO - Prompt processing progress: 126976/200001
2026-10-01 20:35:00,904 - INFO - Prompt processing progress: 129024/200001
2026-10-01 20:35:05,397 - INFO - Prompt processing progress: 131072/200001
2026-10-01 20:35:10,018 - INFO - Prompt processing progress: 133120/200001
2026-10-01 20:35:14,691 - INFO - Prompt processing progress: 135168/200001
2026-10-01 20:35:19,400 - INFO - Prompt processing progress: 137216/200001
2026-10-01 20:35:24,197 - INFO - Prompt processing progress: 139264/200001
2026-10-01 20:35:29,034 - INFO - Prompt processing progress: 141312/200001
2026-10-01 20:35:33,872 - INFO - Prompt processing progress: 143360/200001
2026-10-01 20:35:38,861 - INFO - Prompt processing progress: 145408/200001
2026-10-01 20:35:43,873 - INFO - Prompt processing progress: 147456/200001
2026-10-01 20:35:48,919 - INFO - Prompt processing progress: 149504/200001
2026-10-01 20:35:54,028 - INFO - Prompt processing progress: 151552/200001
2026-10-01 20:35:59,317 - INFO - Prompt processing progress: 153600/200001
2026-10-01 20:36:04,445 - INFO - Prompt processing progress: 155648/200001
2026-10-01 20:36:09,634 - INFO - Prompt processing progress: 157696/200001
2026-10-01 20:36:14,814 - INFO - Prompt processing progress: 159744/200001
2026-10-01 20:36:20,057 - INFO - Prompt processing progress: 161792/200001
2026-10-01 20:36:25,349 - INFO - Prompt processing progress: 163840/200001
2026-10-01 20:36:30,718 - INFO - Prompt processing progress: 165888/200001
2026-10-01 20:36:36,128 - INFO - Prompt processing progress: 167936/200001
2026-10-01 20:36:41,579 - INFO - Prompt processing progress: 169984/200001
2026-10-01 20:36:47,104 - INFO - Prompt processing progress: 172032/200001
2026-10-01 20:36:52,679 - INFO - Prompt processing progress: 174080/200001
2026-10-01 20:36:58,310 - INFO - Prompt processing progress: 176128/200001
2026-10-01 20:37:04,035 - INFO - Prompt processing progress: 178176/200001
2026-10-01 20:37:09,783 - INFO - Prompt processing progress: 180224/200001
2026-10-01 20:37:15,580 - INFO - Prompt processing progress: 182272/200001
2026-10-01 20:37:21,473 - INFO - Prompt processing progress: 184320/200001
2026-10-01 20:37:27,412 - INFO - Prompt processing progress: 186368/200001
2026-10-01 20:37:33,393 - INFO - Prompt processing progress: 188416/200001
2026-10-01 20:37:39,467 - INFO - Prompt processing progress: 190464/200001
2026-10-01 20:37:53,506 - INFO - Prompt processing progress: 192512/200001
2026-10-01 20:38:10,607 - INFO - Prompt processing progress: 194560/200001
2026-10-01 20:38:26,370 - INFO - Prompt processing progress: 196608/200001
2026-10-01 20:38:42,651 - INFO - Prompt processing progress: 198656/200001
2026-10-01 20:38:46,841 - INFO - Prompt processing progress: 200000/200001
2026-10-01 20:38:46,983 - INFO - Prompt processing progress: 200001/200001
127.0.0.1 - - [01/Oct/2026 20:38:47] "POST /v1/chat/completions HTTP/1.1" 200 -
2026-10-01 20:38:47,636 - INFO - Prompt Cache: 1 sequences, 4.64 GB
2026-10-01 20:38:47,636 - INFO - - assistant: 1 sequences, 4.64 GB
2026-10-01 20:38:47,636 - INFO - - user: 0 sequences, 0.00 GB
2026-10-01 20:38:47,636 - INFO - - system: 0 sequences, 0.00 GB
2026-10-01 20:38:47,694 - INFO - Prompt processing progress: 0/3646
2026-10-01 20:39:03,598 - INFO - Prompt processing progress: 2048/3646
2026-10-01 20:39:08,983 - INFO - Prompt processing progress: 3645/3646
2026-10-01 20:39:09,134 - INFO - Prompt processing progress: 3646/3646
127.0.0.1 - - [01/Oct/2026 20:39:09] "POST /v1/chat/completions HTTP/1.1" 200 -
2026-10-01 20:39:09,746 - INFO - Prompt Cache: 1 sequences, 4.72 GB
2026-10-01 20:39:09,747 - INFO - - assistant: 1 sequences, 4.72 GB
2026-10-01 20:39:09,747 - INFO - - user: 0 sequences, 0.00 GB
2026-10-01 20:39:09,747 - INFO - - system: 0 sequences, 0.00 GB
2026-10-01 20:39:09,804 - INFO - Prompt processing progress: 0/3513
2026-10-01 20:39:26,297 - INFO - Prompt processing progress: 2048/3513
2026-10-01 20:39:31,056 - INFO - Prompt processing progress: 3512/3513
2026-10-01 20:39:31,205 - INFO - Prompt processing progress: 3513/3513
127.0.0.1 - - [01/Oct/2026 20:39:31] "POST /v1/chat/completions HTTP/1.1" 200 -
2026-10-01 20:39:31,832 - INFO - Prompt Cache: 1 sequences, 4.80 GB
2026-10-01 20:39:31,832 - INFO - - assistant: 1 sequences, 4.80 GB
2026-10-01 20:39:31,832 - INFO - - user: 0 sequences, 0.00 GB
2026-10-01 20:39:31,832 - INFO - - system: 0 sequences, 0.00 GB
2026-10-01 20:39:31,893 - INFO - Prompt processing progress: 0/2972
2026-10-01 20:39:50,750 - INFO - Prompt processing progress: 2048/2972
2026-10-01 20:39:54,012 - INFO - Prompt processing progress: 2971/2972
2026-10-01 20:39:54,130 - INFO - Prompt processing progress: 2972/2972
127.0.0.1 - - [01/Oct/2026 20:39:54] "POST /v1/chat/completions HTTP/1.1" 200 -
2026-10-01 20:39:54,788 - INFO - Prompt Cache: 1 sequences, 4.87 GB
2026-10-01 20:39:54,788 - INFO - - assistant: 1 sequences, 4.87 GB
2026-10-01 20:39:54,788 - INFO - - user: 0 sequences, 0.00 GB
2026-10-01 20:39:54,788 - INFO - - system: 0 sequences, 0.00 GB
2026-10-01 20:39:54,849 - INFO - Prompt processing progress: 0/819
2026-10-01 20:39:57,577 - INFO - Prompt processing progress: 818/819
2026-10-01 20:39:57,692 - INFO - Prompt processing progress: 819/819
127.0.0.1 - - [01/Oct/2026 20:39:58] "POST /v1/chat/completions HTTP/1.1" 200 -
2026-10-01 20:39:58,369 - INFO - Prompt Cache: 1 sequences, 4.89 GB
2026-10-01 20:39:58,369 - INFO - - assistant: 1 sequences, 4.89 GB
2026-10-01 20:39:58,369 - INFO - - user: 0 sequences, 0.00 GB
2026-10-01 20:39:58,369 - INFO - - system: 0 sequences, 0.00 GB
2026-10-01 20:39:58,429 - INFO - Prompt processing progress: 0/2071
2026-10-01 20:40:14,471 - INFO - Prompt processing progress: 2048/2071
2026-10-01 20:40:14,765 - INFO - Prompt processing progress: 2070/2071
2026-10-01 20:40:14,832 - INFO - Prompt processing progress: 2071/2071
127.0.0.1 - - [01/Oct/2026 20:40:15] "POST /v1/chat/completions HTTP/1.1" 200 -
2026-10-01 20:40:15,570 - INFO - Prompt Cache: 1 sequences, 4.94 GB
2026-10-01 20:40:15,570 - INFO - - assistant: 1 sequences, 4.94 GB
2026-10-01 20:40:15,570 - INFO - - user: 0 sequences, 0.00 GB
2026-10-01 20:40:15,570 - INFO - - system: 0 sequences, 0.00 GB
2026-10-01 20:40:15,631 - INFO - Prompt processing progress: 0/1778
2026-10-01 20:40:27,286 - INFO - Prompt processing progress: 1777/1778
2026-10-01 20:40:27,342 - INFO - Prompt processing progress: 1778/1778
127.0.0.1 - - [01/Oct/2026 20:40:28] "POST /v1/chat/completions HTTP/1.1" 200 -
2026-10-01 20:40:28,139 - INFO - Prompt Cache: 1 sequences, 4.98 GB
2026-10-01 20:40:28,139 - INFO - - assistant: 1 sequences, 4.98 GB
2026-10-01 20:40:28,139 - INFO - - user: 0 sequences, 0.00 GB
2026-10-01 20:40:28,139 - INFO - - system: 0 sequences, 0.00 GB
2026-10-01 20:40:28,198 - INFO - Prompt processing progress: 0/6840
2026-10-01 20:40:44,190 - INFO - Prompt processing progress: 2048/6840
2026-10-01 20:41:00,095 - INFO - Prompt processing progress: 4096/6840
2026-10-01 20:41:21,674 - INFO - Prompt processing progress: 6144/6840
2026-10-01 20:41:24,312 - INFO - Prompt processing progress: 6839/6840
2026-10-01 20:41:24,410 - INFO - Prompt processing progress: 6840/6840
