<M5_REPO>/vendor/vlm-runtime/.venv/lib/python3.12/site-packages/mlx_lm/server.py:1723: UserWarning: mlx_lm.server is not recommended for production as it only implements basic security checks.
  warnings.warn(
2026-10-02 18:34:17,302 - INFO - Starting httpd at 127.0.0.1 on port 18185...
127.0.0.1 - - [02/Oct/2026 18:34:17] "GET /v1/models HTTP/1.1" 200 -
[transformers] You are using a model of type `mimo_v2` to instantiate a model of type ``. This may be expected if you are loading a checkpoint that shares a subset of the architecture (e.g., loading a `sam2_video` checkpoint into `Sam2Model`), but is otherwise not supported and can yield errors. Please verify that the checkpoint is compatible with the model you are instantiating.
127.0.0.1 - - [02/Oct/2026 18:34:29] "POST /v1/chat/completions HTTP/1.1" 200 -
2026-10-02 18:34:29,332 - INFO - Prompt Cache: 0 sequences, 0.00 GB
2026-10-02 18:34:29,332 - INFO - - assistant: 0 sequences, 0.00 GB
2026-10-02 18:34:29,332 - INFO - - user: 0 sequences, 0.00 GB
2026-10-02 18:34:29,332 - INFO - - system: 0 sequences, 0.00 GB
2026-10-02 18:34:29,379 - INFO - Prompt processing progress: 0/200008
2026-10-02 18:34:34,802 - INFO - Prompt processing progress: 2048/200008
2026-10-02 18:34:35,971 - INFO - Prompt processing progress: 4096/200008
2026-10-02 18:34:37,180 - INFO - Prompt processing progress: 6144/200008
2026-10-02 18:34:38,429 - INFO - Prompt processing progress: 8192/200008
2026-10-02 18:34:39,727 - INFO - Prompt processing progress: 10240/200008
2026-10-02 18:34:41,071 - INFO - Prompt processing progress: 12288/200008
2026-10-02 18:34:42,473 - INFO - Prompt processing progress: 14336/200008
2026-10-02 18:34:43,905 - INFO - Prompt processing progress: 16384/200008
2026-10-02 18:34:45,392 - INFO - Prompt processing progress: 18432/200008
2026-10-02 18:34:46,919 - INFO - Prompt processing progress: 20480/200008
2026-10-02 18:34:48,492 - INFO - Prompt processing progress: 22528/200008
2026-10-02 18:34:50,113 - INFO - Prompt processing progress: 24576/200008
2026-10-02 18:34:51,780 - INFO - Prompt processing progress: 26624/200008
2026-10-02 18:34:53,493 - INFO - Prompt processing progress: 28672/200008
2026-10-02 18:34:55,260 - INFO - Prompt processing progress: 30720/200008
2026-10-02 18:34:57,062 - INFO - Prompt processing progress: 32768/200008
2026-10-02 18:34:58,913 - INFO - Prompt processing progress: 34816/200008
2026-10-02 18:35:00,819 - INFO - Prompt processing progress: 36864/200008
2026-10-02 18:35:02,770 - INFO - Prompt processing progress: 38912/200008
2026-10-02 18:35:04,783 - INFO - Prompt processing progress: 40960/200008
2026-10-02 18:35:06,843 - INFO - Prompt processing progress: 43008/200008
2026-10-02 18:35:08,962 - INFO - Prompt processing progress: 45056/200008
2026-10-02 18:35:11,123 - INFO - Prompt processing progress: 47104/200008
2026-10-02 18:35:13,340 - INFO - Prompt processing progress: 49152/200008
2026-10-02 18:35:15,610 - INFO - Prompt processing progress: 51200/200008
2026-10-02 18:35:17,954 - INFO - Prompt processing progress: 53248/200008
2026-10-02 18:35:20,347 - INFO - Prompt processing progress: 55296/200008
2026-10-02 18:35:22,812 - INFO - Prompt processing progress: 57344/200008
2026-10-02 18:35:25,334 - INFO - Prompt processing progress: 59392/200008
2026-10-02 18:35:27,924 - INFO - Prompt processing progress: 61440/200008
2026-10-02 18:35:30,561 - INFO - Prompt processing progress: 63488/200008
2026-10-02 18:35:33,259 - INFO - Prompt processing progress: 65536/200008
2026-10-02 18:35:36,018 - INFO - Prompt processing progress: 67584/200008
2026-10-02 18:35:38,838 - INFO - Prompt processing progress: 69632/200008
2026-10-02 18:35:41,714 - INFO - Prompt processing progress: 71680/200008
2026-10-02 18:35:44,628 - INFO - Prompt processing progress: 73728/200008
2026-10-02 18:35:47,605 - INFO - Prompt processing progress: 75776/200008
2026-10-02 18:35:50,647 - INFO - Prompt processing progress: 77824/200008
2026-10-02 18:35:53,716 - INFO - Prompt processing progress: 79872/200008
2026-10-02 18:35:56,844 - INFO - Prompt processing progress: 81920/200008
2026-10-02 18:36:00,039 - INFO - Prompt processing progress: 83968/200008
2026-10-02 18:36:03,274 - INFO - Prompt processing progress: 86016/200008
2026-10-02 18:36:06,555 - INFO - Prompt processing progress: 88064/200008
2026-10-02 18:36:09,887 - INFO - Prompt processing progress: 90112/200008
2026-10-02 18:36:13,294 - INFO - Prompt processing progress: 92160/200008
2026-10-02 18:36:16,741 - INFO - Prompt processing progress: 94208/200008
2026-10-02 18:36:20,241 - INFO - Prompt processing progress: 96256/200008
2026-10-02 18:36:23,797 - INFO - Prompt processing progress: 98304/200008
2026-10-02 18:36:27,394 - INFO - Prompt processing progress: 100352/200008
2026-10-02 18:36:31,045 - INFO - Prompt processing progress: 102400/200008
2026-10-02 18:36:34,739 - INFO - Prompt processing progress: 104448/200008
2026-10-02 18:36:38,508 - INFO - Prompt processing progress: 106496/200008
2026-10-02 18:36:42,314 - INFO - Prompt processing progress: 108544/200008
2026-10-02 18:36:46,178 - INFO - Prompt processing progress: 110592/200008
2026-10-02 18:36:50,099 - INFO - Prompt processing progress: 112640/200008
2026-10-02 18:36:54,077 - INFO - Prompt processing progress: 114688/200008
2026-10-02 18:36:58,106 - INFO - Prompt processing progress: 116736/200008
2026-10-02 18:37:02,169 - INFO - Prompt processing progress: 118784/200008
2026-10-02 18:37:06,295 - INFO - Prompt processing progress: 120832/200008
2026-10-02 18:37:10,492 - INFO - Prompt processing progress: 122880/200008
2026-10-02 18:37:14,727 - INFO - Prompt processing progress: 124928/200008
2026-10-02 18:37:18,994 - INFO - Prompt processing progress: 126976/200008
2026-10-02 18:37:23,323 - INFO - Prompt processing progress: 129024/200008
2026-10-02 18:37:27,707 - INFO - Prompt processing progress: 131072/200008
2026-10-02 18:37:32,166 - INFO - Prompt processing progress: 133120/200008
2026-10-02 18:37:36,662 - INFO - Prompt processing progress: 135168/200008
2026-10-02 18:37:41,236 - INFO - Prompt processing progress: 137216/200008
2026-10-02 18:37:45,875 - INFO - Prompt processing progress: 139264/200008
2026-10-02 18:37:50,503 - INFO - Prompt processing progress: 141312/200008
2026-10-02 18:37:55,216 - INFO - Prompt processing progress: 143360/200008
2026-10-02 18:37:59,983 - INFO - Prompt processing progress: 145408/200008
2026-10-02 18:38:04,795 - INFO - Prompt processing progress: 147456/200008
2026-10-02 18:38:09,656 - INFO - Prompt processing progress: 149504/200008
2026-10-02 18:38:14,602 - INFO - Prompt processing progress: 151552/200008
2026-10-02 18:38:19,572 - INFO - Prompt processing progress: 153600/200008
2026-10-02 18:38:24,622 - INFO - Prompt processing progress: 155648/200008
2026-10-02 18:38:29,730 - INFO - Prompt processing progress: 157696/200008
2026-10-02 18:38:34,847 - INFO - Prompt processing progress: 159744/200008
2026-10-02 18:38:40,048 - INFO - Prompt processing progress: 161792/200008
2026-10-02 18:38:45,312 - INFO - Prompt processing progress: 163840/200008
2026-10-02 18:38:50,618 - INFO - Prompt processing progress: 165888/200008
2026-10-02 18:38:56,007 - INFO - Prompt processing progress: 167936/200008
2026-10-02 18:39:01,434 - INFO - Prompt processing progress: 169984/200008
2026-10-02 18:39:06,903 - INFO - Prompt processing progress: 172032/200008
2026-10-02 18:39:12,434 - INFO - Prompt processing progress: 174080/200008
2026-10-02 18:39:18,050 - INFO - Prompt processing progress: 176128/200008
2026-10-02 18:39:23,770 - INFO - Prompt processing progress: 178176/200008
2026-10-02 18:39:29,468 - INFO - Prompt processing progress: 180224/200008
2026-10-02 18:39:35,204 - INFO - Prompt processing progress: 182272/200008
2026-10-02 18:39:41,024 - INFO - Prompt processing progress: 184320/200008
2026-10-02 18:39:46,865 - INFO - Prompt processing progress: 186368/200008
2026-10-02 18:39:52,777 - INFO - Prompt processing progress: 188416/200008
2026-10-02 18:39:58,761 - INFO - Prompt processing progress: 190464/200008
2026-10-02 18:40:12,433 - INFO - Prompt processing progress: 192512/200008
2026-10-02 18:40:26,437 - INFO - Prompt processing progress: 194560/200008
2026-10-02 18:40:40,221 - INFO - Prompt processing progress: 196608/200008
2026-10-02 18:40:54,088 - INFO - Prompt processing progress: 198656/200008
2026-10-02 18:40:58,561 - INFO - Prompt processing progress: 200007/200008
2026-10-02 18:40:58,691 - INFO - Prompt processing progress: 200008/200008
127.0.0.1 - - [02/Oct/2026 18:40:59] "POST /v1/chat/completions HTTP/1.1" 200 -
2026-10-02 18:40:59,339 - INFO - Prompt Cache: 1 sequences, 4.64 GB
2026-10-02 18:40:59,339 - INFO - - assistant: 1 sequences, 4.64 GB
2026-10-02 18:40:59,339 - INFO - - user: 0 sequences, 0.00 GB
2026-10-02 18:40:59,339 - INFO - - system: 0 sequences, 0.00 GB
2026-10-02 18:40:59,399 - INFO - Prompt processing progress: 0/3646
2026-10-02 18:41:13,817 - INFO - Prompt processing progress: 2048/3646
2026-10-02 18:41:18,779 - INFO - Prompt processing progress: 3645/3646
2026-10-02 18:41:18,939 - INFO - Prompt processing progress: 3646/3646
127.0.0.1 - - [02/Oct/2026 18:41:19] "POST /v1/chat/completions HTTP/1.1" 200 -
2026-10-02 18:41:19,550 - INFO - Prompt Cache: 1 sequences, 4.72 GB
2026-10-02 18:41:19,550 - INFO - - assistant: 1 sequences, 4.72 GB
2026-10-02 18:41:19,550 - INFO - - user: 0 sequences, 0.00 GB
2026-10-02 18:41:19,550 - INFO - - system: 0 sequences, 0.00 GB
2026-10-02 18:41:19,607 - INFO - Prompt processing progress: 0/3513
2026-10-02 18:41:34,276 - INFO - Prompt processing progress: 2048/3513
2026-10-02 18:41:39,216 - INFO - Prompt processing progress: 3512/3513
2026-10-02 18:41:39,372 - INFO - Prompt processing progress: 3513/3513
127.0.0.1 - - [02/Oct/2026 18:42:07] "POST /v1/chat/completions HTTP/1.1" 200 -
2026-10-02 18:42:07,602 - INFO - Prompt Cache: 1 sequences, 4.82 GB
2026-10-02 18:42:07,602 - INFO - - assistant: 1 sequences, 4.82 GB
2026-10-02 18:42:07,602 - INFO - - user: 0 sequences, 0.00 GB
2026-10-02 18:42:07,602 - INFO - - system: 0 sequences, 0.00 GB
2026-10-02 18:42:07,659 - INFO - Prompt processing progress: 0/21
2026-10-02 18:42:07,913 - INFO - Prompt processing progress: 20/21
2026-10-02 18:42:07,974 - INFO - Prompt processing progress: 21/21
127.0.0.1 - - [02/Oct/2026 18:42:14] "POST /v1/chat/completions HTTP/1.1" 200 -
2026-10-02 18:42:14,048 - INFO - Prompt Cache: 1 sequences, 4.83 GB
2026-10-02 18:42:14,048 - INFO - - assistant: 1 sequences, 4.83 GB
2026-10-02 18:42:14,048 - INFO - - user: 0 sequences, 0.00 GB
2026-10-02 18:42:14,048 - INFO - - system: 0 sequences, 0.00 GB
2026-10-02 18:42:14,106 - INFO - Prompt processing progress: 0/21
2026-10-02 18:42:14,364 - INFO - Prompt processing progress: 20/21
2026-10-02 18:42:14,418 - INFO - Prompt processing progress: 21/21
127.0.0.1 - - [02/Oct/2026 18:42:27] "POST /v1/chat/completions HTTP/1.1" 200 -
2026-10-02 18:42:27,150 - INFO - Prompt Cache: 1 sequences, 4.84 GB
2026-10-02 18:42:27,150 - INFO - - assistant: 1 sequences, 4.84 GB
2026-10-02 18:42:27,150 - INFO - - user: 0 sequences, 0.00 GB
2026-10-02 18:42:27,150 - INFO - - system: 0 sequences, 0.00 GB
2026-10-02 18:42:27,208 - INFO - Prompt processing progress: 0/21
2026-10-02 18:42:27,463 - INFO - Prompt processing progress: 20/21
2026-10-02 18:42:27,517 - INFO - Prompt processing progress: 21/21
127.0.0.1 - - [02/Oct/2026 18:42:30] "POST /v1/chat/completions HTTP/1.1" 200 -
2026-10-02 18:42:30,607 - INFO - Prompt Cache: 1 sequences, 4.84 GB
2026-10-02 18:42:30,607 - INFO - - assistant: 1 sequences, 4.84 GB
2026-10-02 18:42:30,607 - INFO - - user: 0 sequences, 0.00 GB
2026-10-02 18:42:30,607 - INFO - - system: 0 sequences, 0.00 GB
2026-10-02 18:42:30,666 - INFO - Prompt processing progress: 0/504
2026-10-02 18:42:33,502 - INFO - Prompt processing progress: 503/504
2026-10-02 18:42:33,585 - INFO - Prompt processing progress: 504/504
127.0.0.1 - - [02/Oct/2026 18:42:45] "POST /v1/chat/completions HTTP/1.1" 200 -
2026-10-02 18:42:45,095 - INFO - Prompt Cache: 1 sequences, 4.86 GB
2026-10-02 18:42:45,095 - INFO - - assistant: 1 sequences, 4.86 GB
2026-10-02 18:42:45,095 - INFO - - user: 0 sequences, 0.00 GB
2026-10-02 18:42:45,095 - INFO - - system: 0 sequences, 0.00 GB
2026-10-02 18:42:45,152 - INFO - Prompt processing progress: 0/21
2026-10-02 18:42:45,409 - INFO - Prompt processing progress: 20/21
2026-10-02 18:42:45,464 - INFO - Prompt processing progress: 21/21
