ds4: Metal device Apple M5 Ultra, 256.00 GiB RAM
ds4: Metal 4 tensor API enabled for Tensor kernels
ds4: drift-patch flags hc_stable=on norm_unify=on kv_raw_f32=off rope_exp2_log2=off math_safe=off tensor_matmul=on
ds4: Metal model views created in 4.932 ms, residency requested in 901.627 ms, warmup 5.735 ms (mapped 157001.67 MiB from offset 5.09 MiB)
ds4: Metal mapped mmaped model as 1 overlapping shared buffers
ds4: metal backend initialized for graph diagnostics
ds4: memory: KV 2.20 GiB (raw 0.19 + compressed 2.01) + buffers 1.00 GiB + resident model 153.32 GiB = 156.52 GiB planned
ds4: memory detail: ctx=262144 prefill_cap=2048 raw_kv_rows=2304 compressed_kv_rows=65538 backend=metal
1002 11:23:44 ds4-server: context buffers 3274.64 MiB (ctx=262144, backend=metal, prefill_chunk=2048, raw_kv_rows=2304, compressed_kv_rows=65538)
1002 11:23:44 ds4-server: listening on http://127.0.0.1:18185
1002 11:23:44 ds4-server: chat ctx=0..200001:200001 prompt start
1002 11:23:44 ds4-server: chat ctx=0..200001:200001 prefill chunk 0/200001 (0.0%) chunk=0.00 t/s avg=0.00 t/s 0.000s
1002 11:23:46 ds4-server: chat ctx=0..200001:200001 prefill chunk 2048/200001 (1.0%) chunk=996.39 t/s avg=996.30 t/s 2.056s
1002 11:23:48 ds4-server: chat ctx=0..200001:200001 prefill chunk 4096/200001 (2.0%) chunk=955.71 t/s avg=975.59 t/s 4.198s
1002 11:23:50 ds4-server: chat ctx=0..200001:200001 prefill chunk 6144/200001 (3.1%) chunk=953.26 t/s avg=968.03 t/s 6.347s
1002 11:23:52 ds4-server: chat ctx=0..200001:200001 prefill chunk 8192/200001 (4.1%) chunk=948.43 t/s avg=963.05 t/s 8.506s
1002 11:23:55 ds4-server: chat ctx=0..200001:200001 prefill chunk 10240/200001 (5.1%) chunk=930.68 t/s avg=956.40 t/s 10.707s
1002 11:23:57 ds4-server: chat ctx=0..200001:200001 prefill chunk 12288/200001 (6.1%) chunk=927.00 t/s avg=951.37 t/s 12.916s
1002 11:23:59 ds4-server: chat ctx=0..200001:200001 prefill chunk 14336/200001 (7.2%) chunk=919.82 t/s avg=946.73 t/s 15.143s
1002 11:24:01 ds4-server: chat ctx=0..200001:200001 prefill chunk 16384/200001 (8.2%) chunk=913.82 t/s avg=942.49 t/s 17.384s
1002 11:24:03 ds4-server: chat ctx=0..200001:200001 prefill chunk 18432/200001 (9.2%) chunk=905.01 t/s avg=938.17 t/s 19.647s
1002 11:24:06 ds4-server: chat ctx=0..200001:200001 prefill chunk 20480/200001 (10.2%) chunk=895.71 t/s avg=933.75 t/s 21.933s
1002 11:24:08 ds4-server: chat ctx=0..200001:200001 prefill chunk 22528/200001 (11.3%) chunk=889.43 t/s avg=929.54 t/s 24.236s
1002 11:24:10 ds4-server: chat ctx=0..200001:200001 prefill chunk 24576/200001 (12.3%) chunk=883.68 t/s avg=925.53 t/s 26.553s
1002 11:24:13 ds4-server: chat ctx=0..200001:200001 prefill chunk 26624/200001 (13.3%) chunk=869.04 t/s avg=920.93 t/s 28.910s
1002 11:24:15 ds4-server: chat ctx=0..200001:200001 prefill chunk 28672/200001 (14.3%) chunk=867.27 t/s avg=916.88 t/s 31.271s
1002 11:24:17 ds4-server: chat ctx=0..200001:200001 prefill chunk 30720/200001 (15.4%) chunk=857.99 t/s avg=912.70 t/s 33.658s
1002 11:24:20 ds4-server: chat ctx=0..200001:200001 prefill chunk 32768/200001 (16.4%) chunk=853.81 t/s avg=908.78 t/s 36.057s
1002 11:24:22 ds4-server: chat ctx=0..200001:200001 prefill chunk 34816/200001 (17.4%) chunk=837.36 t/s avg=904.25 t/s 38.503s
1002 11:24:25 ds4-server: chat ctx=0..200001:200001 prefill chunk 36864/200001 (18.4%) chunk=834.45 t/s avg=900.06 t/s 40.957s
1002 11:24:27 ds4-server: chat ctx=0..200001:200001 prefill chunk 38912/200001 (19.5%) chunk=828.16 t/s avg=895.97 t/s 43.430s
1002 11:24:30 ds4-server: chat ctx=0..200001:200001 prefill chunk 40960/200001 (20.5%) chunk=823.76 t/s avg=892.06 t/s 45.916s
1002 11:24:32 ds4-server: chat ctx=0..200001:200001 prefill chunk 43008/200001 (21.5%) chunk=811.69 t/s avg=887.87 t/s 48.439s
1002 11:24:35 ds4-server: chat ctx=0..200001:200001 prefill chunk 45056/200001 (22.5%) chunk=807.05 t/s avg=883.85 t/s 50.977s
1002 11:24:37 ds4-server: chat ctx=0..200001:200001 prefill chunk 47104/200001 (23.6%) chunk=800.85 t/s avg=879.88 t/s 53.534s
1002 11:24:40 ds4-server: chat ctx=0..200001:200001 prefill chunk 49152/200001 (24.6%) chunk=798.22 t/s avg=876.15 t/s 56.100s
1002 11:24:43 ds4-server: chat ctx=0..200001:200001 prefill chunk 51200/200001 (25.6%) chunk=785.99 t/s avg=872.15 t/s 58.706s
1002 11:24:45 ds4-server: chat ctx=0..200001:200001 prefill chunk 53248/200001 (26.6%) chunk=782.57 t/s avg=868.32 t/s 61.323s
1002 11:24:48 ds4-server: chat ctx=0..200001:200001 prefill chunk 55296/200001 (27.6%) chunk=778.86 t/s avg=864.65 t/s 63.952s
1002 11:24:50 ds4-server: chat ctx=0..200001:200001 prefill chunk 57344/200001 (28.7%) chunk=774.29 t/s avg=861.06 t/s 66.597s
1002 11:24:53 ds4-server: chat ctx=0..200001:200001 prefill chunk 59392/200001 (29.7%) chunk=760.76 t/s avg=857.16 t/s 69.289s
1002 11:24:56 ds4-server: chat ctx=0..200001:200001 prefill chunk 61440/200001 (30.7%) chunk=758.01 t/s avg=853.44 t/s 71.991s
1002 11:24:59 ds4-server: chat ctx=0..200001:200001 prefill chunk 63488/200001 (31.7%) chunk=753.18 t/s avg=849.79 t/s 74.710s
1002 11:25:01 ds4-server: chat ctx=0..200001:200001 prefill chunk 65536/200001 (32.8%) chunk=750.23 t/s avg=846.28 t/s 77.440s
1002 11:25:04 ds4-server: chat ctx=0..200001:200001 prefill chunk 67584/200001 (33.8%) chunk=736.83 t/s avg=842.49 t/s 80.219s
1002 11:25:07 ds4-server: chat ctx=0..200001:200001 prefill chunk 69632/200001 (34.8%) chunk=734.38 t/s avg=838.86 t/s 83.008s
1002 11:25:10 ds4-server: chat ctx=0..200001:200001 prefill chunk 71680/200001 (35.8%) chunk=728.12 t/s avg=835.23 t/s 85.821s
1002 11:25:12 ds4-server: chat ctx=0..200001:200001 prefill chunk 73728/200001 (36.9%) chunk=726.15 t/s avg=831.76 t/s 88.641s
1002 11:25:15 ds4-server: chat ctx=0..200001:200001 prefill chunk 75776/200001 (37.9%) chunk=715.46 t/s avg=828.12 t/s 91.504s
1002 11:25:18 ds4-server: chat ctx=0..200001:200001 prefill chunk 77824/200001 (38.9%) chunk=713.04 t/s avg=824.62 t/s 94.376s
1002 11:25:21 ds4-server: chat ctx=0..200001:200001 prefill chunk 79872/200001 (39.9%) chunk=707.13 t/s avg=821.12 t/s 97.272s
1002 11:25:24 ds4-server: chat ctx=0..200001:200001 prefill chunk 81920/200001 (41.0%) chunk=704.24 t/s avg=817.73 t/s 100.180s
1002 11:25:27 ds4-server: chat ctx=0..200001:200001 prefill chunk 83968/200001 (42.0%) chunk=694.67 t/s avg=814.21 t/s 103.128s
1002 11:25:30 ds4-server: chat ctx=0..200001:200001 prefill chunk 86016/200001 (43.0%) chunk=692.33 t/s avg=810.81 t/s 106.087s
1002 11:25:33 ds4-server: chat ctx=0..200001:200001 prefill chunk 88064/200001 (44.0%) chunk=687.22 t/s avg=807.43 t/s 109.067s
1002 11:25:36 ds4-server: chat ctx=0..200001:200001 prefill chunk 90112/200001 (45.1%) chunk=685.61 t/s avg=804.19 t/s 112.054s
1002 11:25:39 ds4-server: chat ctx=0..200001:200001 prefill chunk 92160/200001 (46.1%) chunk=675.90 t/s avg=800.81 t/s 115.084s
1002 11:25:42 ds4-server: chat ctx=0..200001:200001 prefill chunk 94208/200001 (47.1%) chunk=674.81 t/s avg=797.57 t/s 118.119s
1002 11:25:45 ds4-server: chat ctx=0..200001:200001 prefill chunk 96256/200001 (48.1%) chunk=669.24 t/s avg=794.33 t/s 121.179s
1002 11:25:48 ds4-server: chat ctx=0..200001:200001 prefill chunk 98304/200001 (49.2%) chunk=668.04 t/s avg=791.21 t/s 124.245s
1002 11:25:51 ds4-server: chat ctx=0..200001:200001 prefill chunk 100352/200001 (50.2%) chunk=658.52 t/s avg=787.97 t/s 127.355s
1002 11:25:54 ds4-server: chat ctx=0..200001:200001 prefill chunk 102400/200001 (51.2%) chunk=656.08 t/s avg=784.82 t/s 130.476s
1002 11:25:57 ds4-server: chat ctx=0..200001:200001 prefill chunk 104448/200001 (52.2%) chunk=651.38 t/s avg=781.68 t/s 133.620s
1002 11:26:01 ds4-server: chat ctx=0..200001:200001 prefill chunk 106496/200001 (53.2%) chunk=649.26 t/s avg=778.62 t/s 136.775s
1002 11:26:04 ds4-server: chat ctx=0..200001:200001 prefill chunk 108544/200001 (54.3%) chunk=641.61 t/s avg=775.50 t/s 139.967s
1002 11:26:07 ds4-server: chat ctx=0..200001:200001 prefill chunk 110592/200001 (55.3%) chunk=639.36 t/s avg=772.45 t/s 143.170s
1002 11:26:10 ds4-server: chat ctx=0..200001:200001 prefill chunk 112640/200001 (56.3%) chunk=634.41 t/s avg=769.41 t/s 146.398s
1002 11:26:13 ds4-server: chat ctx=0..200001:200001 prefill chunk 114688/200001 (57.3%) chunk=632.66 t/s avg=766.45 t/s 149.635s
1002 11:26:17 ds4-server: chat ctx=0..200001:200001 prefill chunk 116736/200001 (58.4%) chunk=624.60 t/s avg=763.41 t/s 152.914s
1002 11:26:20 ds4-server: chat ctx=0..200001:200001 prefill chunk 118784/200001 (59.4%) chunk=623.78 t/s avg=760.47 t/s 156.197s
1002 11:26:23 ds4-server: chat ctx=0..200001:200001 prefill chunk 120832/200001 (60.4%) chunk=618.41 t/s avg=757.52 t/s 159.509s
1002 11:26:27 ds4-server: chat ctx=0..200001:200001 prefill chunk 122880/200001 (61.4%) chunk=617.93 t/s avg=754.68 t/s 162.823s
1002 11:26:30 ds4-server: chat ctx=0..200001:200001 prefill chunk 124928/200001 (62.5%) chunk=609.97 t/s avg=751.76 t/s 166.181s
1002 11:26:33 ds4-server: chat ctx=0..200001:200001 prefill chunk 126976/200001 (63.5%) chunk=607.91 t/s avg=748.90 t/s 169.550s
1002 11:26:37 ds4-server: chat ctx=0..200001:200001 prefill chunk 129024/200001 (64.5%) chunk=603.50 t/s avg=746.05 t/s 172.943s
1002 11:26:40 ds4-server: chat ctx=0..200001:200001 prefill chunk 131072/200001 (65.5%) chunk=602.17 t/s avg=743.27 t/s 176.344s
1002 11:26:44 ds4-server: chat ctx=0..200001:200001 prefill chunk 133120/200001 (66.6%) chunk=590.96 t/s avg=740.34 t/s 179.810s
1002 11:26:47 ds4-server: chat ctx=0..200001:200001 prefill chunk 135168/200001 (67.6%) chunk=590.22 t/s avg=737.50 t/s 183.280s
1002 11:26:51 ds4-server: chat ctx=0..200001:200001 prefill chunk 137216/200001 (68.6%) chunk=586.01 t/s avg=734.66 t/s 186.774s
1002 11:26:54 ds4-server: chat ctx=0..200001:200001 prefill chunk 139264/200001 (69.6%) chunk=584.89 t/s avg=731.91 t/s 190.276s
1002 11:26:58 ds4-server: chat ctx=0..200001:200001 prefill chunk 141312/200001 (70.7%) chunk=577.68 t/s avg=729.08 t/s 193.821s
1002 11:27:01 ds4-server: chat ctx=0..200001:200001 prefill chunk 143360/200001 (71.7%) chunk=577.06 t/s avg=726.35 t/s 197.370s
1002 11:27:05 ds4-server: chat ctx=0..200001:200001 prefill chunk 145408/200001 (72.7%) chunk=572.95 t/s avg=723.62 t/s 200.945s
1002 11:27:08 ds4-server: chat ctx=0..200001:200001 prefill chunk 147456/200001 (73.7%) chunk=570.80 t/s avg=720.94 t/s 204.533s
1002 11:27:12 ds4-server: chat ctx=0..200001:200001 prefill chunk 149504/200001 (74.8%) chunk=563.20 t/s avg=718.19 t/s 208.169s
1002 11:27:16 ds4-server: chat ctx=0..200001:200001 prefill chunk 151552/200001 (75.8%) chunk=563.94 t/s avg=715.54 t/s 211.801s
1002 11:27:19 ds4-server: chat ctx=0..200001:200001 prefill chunk 153600/200001 (76.8%) chunk=559.93 t/s avg=712.90 t/s 215.458s
1002 11:27:23 ds4-server: chat ctx=0..200001:200001 prefill chunk 155648/200001 (77.8%) chunk=559.20 t/s avg=710.33 t/s 219.121s
1002 11:27:27 ds4-server: chat ctx=0..200001:200001 prefill chunk 157696/200001 (78.8%) chunk=552.44 t/s avg=707.70 t/s 222.828s
1002 11:27:30 ds4-server: chat ctx=0..200001:200001 prefill chunk 159744/200001 (79.9%) chunk=547.08 t/s avg=705.05 t/s 226.571s
1002 11:27:34 ds4-server: chat ctx=0..200001:200001 prefill chunk 161792/200001 (80.9%) chunk=539.44 t/s avg=702.32 t/s 230.368s
1002 11:27:38 ds4-server: chat ctx=0..200001:200001 prefill chunk 163840/200001 (81.9%) chunk=529.93 t/s avg=699.48 t/s 234.233s
1002 11:27:42 ds4-server: chat ctx=0..200001:200001 prefill chunk 165888/200001 (82.9%) chunk=530.85 t/s avg=696.74 t/s 238.091s
1002 11:27:46 ds4-server: chat ctx=0..200001:200001 prefill chunk 167936/200001 (84.0%) chunk=530.36 t/s avg=694.09 t/s 241.952s
1002 11:27:50 ds4-server: chat ctx=0..200001:200001 prefill chunk 169984/200001 (85.0%) chunk=528.67 t/s avg=691.48 t/s 245.826s
1002 11:27:54 ds4-server: chat ctx=0..200001:200001 prefill chunk 172032/200001 (86.0%) chunk=527.37 t/s avg=688.93 t/s 249.709s
1002 11:27:58 ds4-server: chat ctx=0..200001:200001 prefill chunk 174080/200001 (87.0%) chunk=512.44 t/s avg=686.15 t/s 253.706s
1002 11:28:01 ds4-server: chat ctx=0..200001:200001 prefill chunk 176128/200001 (88.1%) chunk=518.24 t/s avg=683.57 t/s 257.658s
1002 11:28:05 ds4-server: chat ctx=0..200001:200001 prefill chunk 178176/200001 (89.1%) chunk=517.35 t/s avg=681.06 t/s 261.616s
1002 11:28:09 ds4-server: chat ctx=0..200001:200001 prefill chunk 180224/200001 (90.1%) chunk=517.52 t/s avg=678.62 t/s 265.574s
1002 11:28:13 ds4-server: chat ctx=0..200001:200001 prefill chunk 182272/200001 (91.1%) chunk=508.45 t/s avg=676.08 t/s 269.602s
1002 11:28:17 ds4-server: chat ctx=0..200001:200001 prefill chunk 184320/200001 (92.2%) chunk=508.28 t/s avg=673.61 t/s 273.631s
1002 11:28:22 ds4-server: chat ctx=0..200001:200001 prefill chunk 186368/200001 (93.2%) chunk=503.86 t/s avg=671.12 t/s 277.696s
1002 11:28:26 ds4-server: chat ctx=0..200001:200001 prefill chunk 188416/200001 (94.2%) chunk=505.49 t/s avg=668.74 t/s 281.747s
1002 11:28:30 ds4-server: chat ctx=0..200001:200001 prefill chunk 190464/200001 (95.2%) chunk=499.35 t/s avg=666.31 t/s 285.849s
1002 11:28:34 ds4-server: chat ctx=0..200001:200001 prefill chunk 192512/200001 (96.3%) chunk=495.24 t/s avg=663.87 t/s 289.984s
1002 11:28:38 ds4-server: chat ctx=0..200001:200001 prefill chunk 194560/200001 (97.3%) chunk=495.20 t/s avg=661.50 t/s 294.120s
1002 11:28:42 ds4-server: chat ctx=0..200001:200001 prefill chunk 196608/200001 (98.3%) chunk=491.86 t/s avg=659.13 t/s 298.283s
1002 11:28:46 ds4-server: chat ctx=0..200001:200001 prefill chunk 198656/200001 (99.3%) chunk=488.52 t/s avg=656.77 t/s 302.476s
1002 11:28:50 ds4-server: chat ctx=0..200001:200001 prefill chunk 200001/200001 (100.0%) chunk=335.94 t/s avg=652.58 t/s 306.479s
1002 11:28:50 ds4-server: chat ctx=0..200001:200001 prompt done 306.480s
1002 11:28:51 ds4-server: chat ctx=200001..200019:18 gen=18 decoding chunk=35.86 t/s avg=35.86 t/s 0.502s
1002 11:28:51 ds4-server: chat ctx=0..200001:200001 gen=18 finish=stop 306.982s
1002 11:28:51 ds4-server: chat ctx=200019..203949:3930 prompt start
1002 11:28:51 ds4-server: chat ctx=200019..203949:3930 prefill chunk 0/3930 (0.0%) chunk=0.00 t/s avg=0.00 t/s 0.000s
1002 11:28:53 ds4-server: chat ctx=200019..203949:3930 prefill chunk 685/3930 (17.4%) chunk=301.63 t/s avg=301.60 t/s 2.271s
1002 11:28:57 ds4-server: chat ctx=200019..203949:3930 prefill chunk 2733/3930 (69.5%) chunk=483.81 t/s avg=420.18 t/s 6.504s
1002 11:29:01 ds4-server: chat ctx=200019..203949:3930 prefill chunk 3930/3930 (100.0%) chunk=331.41 t/s avg=388.49 t/s 10.116s
1002 11:29:01 ds4-server: chat ctx=200019..203949:3930 prompt done 10.117s
1002 11:29:02 ds4-server: chat ctx=203949..203999:50 gen=50 decoding chunk=36.54 t/s avg=36.54 t/s 1.368s
1002 11:29:04 ds4-server: chat ctx=203999..204049:50 gen=100 decoding chunk=36.81 t/s avg=36.68 t/s 2.726s
1002 11:29:05 ds4-server: chat ctx=204049..204099:50 gen=150 decoding chunk=36.88 t/s avg=36.75 t/s 4.082s
1002 11:29:06 ds4-server: chat ctx=204099..204128:29 gen=179 decoding chunk=37.25 t/s avg=36.83 t/s 4.861s
1002 11:29:06 ds4-server: chat ctx=200019..203949:3930 gen=179 finish=stop 14.977s
1002 11:29:06 ds4-server: chat ctx=204128..204147:19 prompt start
1002 11:29:06 ds4-server: chat ctx=204128..204147:19 prefill chunk 0/19 (0.0%) chunk=0.00 t/s avg=0.00 t/s 0.000s
1002 11:29:06 ds4-server: chat ctx=204128..204147:19 prefill chunk 19/19 (100.0%) chunk=76.28 t/s avg=76.23 t/s 0.249s
1002 11:29:06 ds4-server: chat ctx=204128..204147:19 prompt done 0.250s
1002 11:29:06 ds4-server: chat ctx=204147..204152:5 gen=5 decoding chunk=36.71 t/s avg=36.71 t/s 0.136s
1002 11:29:06 ds4-server: chat ctx=204128..204147:19 gen=5 finish=stop 0.386s
1002 11:29:11 ds4-server: shutdown requested, draining requests
